2026-09-14 10:37:56,461 INFO Starting baseline training: model=vgg16 device=cuda amp=True image_size=96 epochs=50 lr=0.001 optimizer=sgd
2026-09-14 10:37:56,713 INFO Dataset ready: 3 classes, 2102 train / 488 val samples (split reused from outputs/baseline_vgg16_96_adaptive/split_indices.json)
2026-09-14 10:37:56,714 INFO Augmentation policy: sample-adaptive, from outputs/main1/augmentation_run/selected_policy.json
2026-09-14 10:38:01,231 INFO Classes: {'glioma_tumor': 0, 'meningioma_tumor': 1, 'pituitary_tumor': 2}
2026-09-14 10:38:01,232 INFO Regularization: weight_decay=7.0e-04 label_smoothing=0.10 grad_clip_norm=5.0
2026-09-14 10:38:03,207 INFO train epoch 1/50 batch 13/66 (20%) running_loss=1.0874
2026-09-14 10:38:04,109 INFO train epoch 1/50 batch 26/66 (39%) running_loss=0.9808
2026-09-14 10:38:05,006 INFO train epoch 1/50 batch 39/66 (59%) running_loss=0.9031
2026-09-14 10:38:05,914 INFO train epoch 1/50 batch 52/66 (79%) running_loss=0.8553
2026-09-14 10:38:06,814 INFO train epoch 1/50 batch 65/66 (98%) running_loss=0.8053
2026-09-14 10:38:06,978 INFO train epoch 1/50 batch 66/66 (100%) running_loss=0.8033
2026-09-14 10:38:09,175 INFO epoch 1/50 done: train_loss=0.8033 val_loss=0.3655 val_accuracy=0.8791 val_macro_f1=0.8460 val_macro_auc=0.9734 (checkpoint_metric=macro_auc) [new best]
2026-09-14 10:38:10,445 INFO train epoch 2/50 batch 13/66 (20%) running_loss=0.5655
2026-09-14 10:38:11,348 INFO train epoch 2/50 batch 26/66 (39%) running_loss=0.5520
2026-09-14 10:38:12,299 INFO train epoch 2/50 batch 39/66 (59%) running_loss=0.5443
2026-09-14 10:38:13,206 INFO train epoch 2/50 batch 52/66 (79%) running_loss=0.5479
2026-09-14 10:38:14,168 INFO train epoch 2/50 batch 65/66 (98%) running_loss=0.5396
2026-09-14 10:38:14,228 INFO train epoch 2/50 batch 66/66 (100%) running_loss=0.5383
2026-09-14 10:38:18,799 INFO epoch 2/50 done: train_loss=0.5383 val_loss=0.2359 val_accuracy=0.9283 val_macro_f1=0.9013 val_macro_auc=0.9887 (checkpoint_metric=macro_auc) [new best]
2026-09-14 10:38:20,157 INFO train epoch 3/50 batch 13/66 (20%) running_loss=0.4690
2026-09-14 10:38:21,057 INFO train epoch 3/50 batch 26/66 (39%) running_loss=0.4713
2026-09-14 10:38:22,087 INFO train epoch 3/50 batch 39/66 (59%) running_loss=0.4611
2026-09-14 10:38:22,988 INFO train epoch 3/50 batch 52/66 (79%) running_loss=0.4628
2026-09-14 10:38:23,909 INFO train epoch 3/50 batch 65/66 (98%) running_loss=0.4538
2026-09-14 10:38:23,972 INFO train epoch 3/50 batch 66/66 (100%) running_loss=0.4527
2026-09-14 10:38:28,572 INFO epoch 3/50 done: train_loss=0.4527 val_loss=0.3130 val_accuracy=0.8914 val_macro_f1=0.8521 val_macro_auc=0.9846 (checkpoint_metric=macro_auc) [new best]
2026-09-14 10:38:29,880 INFO train epoch 4/50 batch 13/66 (20%) running_loss=0.4171
2026-09-14 10:38:30,823 INFO train epoch 4/50 batch 26/66 (39%) running_loss=0.4178
2026-09-14 10:38:31,806 INFO train epoch 4/50 batch 39/66 (59%) running_loss=0.4240
2026-09-14 10:38:32,862 INFO train epoch 4/50 batch 52/66 (79%) running_loss=0.4228
2026-09-14 10:38:33,752 INFO train epoch 4/50 batch 65/66 (98%) running_loss=0.4211
2026-09-14 10:38:33,812 INFO train epoch 4/50 batch 66/66 (100%) running_loss=0.4225
2026-09-14 10:38:34,877 INFO epoch 4/50 done: train_loss=0.4225 val_loss=0.3529 val_accuracy=0.8770 val_macro_f1=0.8318 val_macro_auc=0.9716 (checkpoint_metric=macro_auc)
2026-09-14 10:38:36,211 INFO train epoch 5/50 batch 13/66 (20%) running_loss=0.4134
2026-09-14 10:38:37,118 INFO train epoch 5/50 batch 26/66 (39%) running_loss=0.3998
2026-09-14 10:38:38,027 INFO train epoch 5/50 batch 39/66 (59%) running_loss=0.3981
2026-09-14 10:38:38,922 INFO train epoch 5/50 batch 52/66 (79%) running_loss=0.3931
2026-09-14 10:38:39,812 INFO train epoch 5/50 batch 65/66 (98%) running_loss=0.3888
2026-09-14 10:38:39,874 INFO train epoch 5/50 batch 66/66 (100%) running_loss=0.3888
2026-09-14 10:38:40,953 INFO epoch 5/50 done: train_loss=0.3888 val_loss=0.2905 val_accuracy=0.9037 val_macro_f1=0.8779 val_macro_auc=0.9865 (checkpoint_metric=macro_auc)
2026-09-14 10:38:42,270 INFO train epoch 6/50 batch 13/66 (20%) running_loss=0.3833
2026-09-14 10:38:43,174 INFO train epoch 6/50 batch 26/66 (39%) running_loss=0.3750
2026-09-14 10:38:44,072 INFO train epoch 6/50 batch 39/66 (59%) running_loss=0.3704
2026-09-14 10:38:45,047 INFO train epoch 6/50 batch 52/66 (79%) running_loss=0.3702
2026-09-14 10:38:45,953 INFO train epoch 6/50 batch 65/66 (98%) running_loss=0.3661
2026-09-14 10:38:46,014 INFO train epoch 6/50 batch 66/66 (100%) running_loss=0.3657
2026-09-14 10:38:47,080 INFO epoch 6/50 done: train_loss=0.3657 val_loss=0.2474 val_accuracy=0.9324 val_macro_f1=0.9083 val_macro_auc=0.9868 (checkpoint_metric=macro_auc)
2026-09-14 10:38:48,377 INFO train epoch 7/50 batch 13/66 (20%) running_loss=0.3334
2026-09-14 10:38:49,290 INFO train epoch 7/50 batch 26/66 (39%) running_loss=0.3376
2026-09-14 10:38:50,191 INFO train epoch 7/50 batch 39/66 (59%) running_loss=0.3459
2026-09-14 10:38:51,086 INFO train epoch 7/50 batch 52/66 (79%) running_loss=0.3428
2026-09-14 10:38:52,001 INFO train epoch 7/50 batch 65/66 (98%) running_loss=0.3439
2026-09-14 10:38:52,063 INFO train epoch 7/50 batch 66/66 (100%) running_loss=0.3443
2026-09-14 10:38:56,623 INFO epoch 7/50 done: train_loss=0.3443 val_loss=0.2448 val_accuracy=0.9324 val_macro_f1=0.9069 val_macro_auc=0.9886 (checkpoint_metric=macro_auc) [new best]
2026-09-14 10:38:57,970 INFO train epoch 8/50 batch 13/66 (20%) running_loss=0.3236
2026-09-14 10:38:58,873 INFO train epoch 8/50 batch 26/66 (39%) running_loss=0.3295
2026-09-14 10:38:59,827 INFO train epoch 8/50 batch 39/66 (59%) running_loss=0.3290
2026-09-14 10:39:00,737 INFO train epoch 8/50 batch 52/66 (79%) running_loss=0.3330
2026-09-14 10:39:01,641 INFO train epoch 8/50 batch 65/66 (98%) running_loss=0.3319
2026-09-14 10:39:01,704 INFO train epoch 8/50 batch 66/66 (100%) running_loss=0.3318
2026-09-14 10:39:02,747 INFO epoch 8/50 done: train_loss=0.3318 val_loss=0.2391 val_accuracy=0.9365 val_macro_f1=0.9120 val_macro_auc=0.9828 (checkpoint_metric=macro_auc)
2026-09-14 10:39:04,104 INFO train epoch 9/50 batch 13/66 (20%) running_loss=0.3263
2026-09-14 10:39:04,998 INFO train epoch 9/50 batch 26/66 (39%) running_loss=0.3241
2026-09-14 10:39:05,911 INFO train epoch 9/50 batch 39/66 (59%) running_loss=0.3244
2026-09-14 10:39:06,821 INFO train epoch 9/50 batch 52/66 (79%) running_loss=0.3244
2026-09-14 10:39:07,723 INFO train epoch 9/50 batch 65/66 (98%) running_loss=0.3250
2026-09-14 10:39:07,784 INFO train epoch 9/50 batch 66/66 (100%) running_loss=0.3251
2026-09-14 10:39:08,790 INFO epoch 9/50 done: train_loss=0.3251 val_loss=0.2556 val_accuracy=0.9303 val_macro_f1=0.9084 val_macro_auc=0.9866 (checkpoint_metric=macro_auc)
2026-09-14 10:39:10,125 INFO train epoch 10/50 batch 13/66 (20%) running_loss=0.3314
2026-09-14 10:39:11,028 INFO train epoch 10/50 batch 26/66 (39%) running_loss=0.3288
2026-09-14 10:39:11,968 INFO train epoch 10/50 batch 39/66 (59%) running_loss=0.3296
2026-09-14 10:39:12,890 INFO train epoch 10/50 batch 52/66 (79%) running_loss=0.3291
2026-09-14 10:39:13,837 INFO train epoch 10/50 batch 65/66 (98%) running_loss=0.3266
2026-09-14 10:39:13,898 INFO train epoch 10/50 batch 66/66 (100%) running_loss=0.3264
2026-09-14 10:39:14,911 INFO epoch 10/50 done: train_loss=0.3264 val_loss=0.2030 val_accuracy=0.9549 val_macro_f1=0.9377 val_macro_auc=0.9879 (checkpoint_metric=macro_auc)
2026-09-14 10:39:16,211 INFO train epoch 11/50 batch 13/66 (20%) running_loss=0.3241
2026-09-14 10:39:17,186 INFO train epoch 11/50 batch 26/66 (39%) running_loss=0.3190
2026-09-14 10:39:18,099 INFO train epoch 11/50 batch 39/66 (59%) running_loss=0.3195
2026-09-14 10:39:19,012 INFO train epoch 11/50 batch 52/66 (79%) running_loss=0.3213
2026-09-14 10:39:19,914 INFO train epoch 11/50 batch 65/66 (98%) running_loss=0.3236
2026-09-14 10:39:19,975 INFO train epoch 11/50 batch 66/66 (100%) running_loss=0.3234
2026-09-14 10:39:25,058 INFO epoch 11/50 done: train_loss=0.3234 val_loss=0.2254 val_accuracy=0.9365 val_macro_f1=0.9127 val_macro_auc=0.9894 (checkpoint_metric=macro_auc) [new best]
2026-09-14 10:39:26,322 INFO train epoch 12/50 batch 13/66 (20%) running_loss=0.3195
2026-09-14 10:39:27,260 INFO train epoch 12/50 batch 26/66 (39%) running_loss=0.3157
2026-09-14 10:39:28,157 INFO train epoch 12/50 batch 39/66 (59%) running_loss=0.3147
2026-09-14 10:39:29,077 INFO train epoch 12/50 batch 52/66 (79%) running_loss=0.3147
2026-09-14 10:39:29,976 INFO train epoch 12/50 batch 65/66 (98%) running_loss=0.3163
2026-09-14 10:39:30,038 INFO train epoch 12/50 batch 66/66 (100%) running_loss=0.3161
2026-09-14 10:39:34,553 INFO epoch 12/50 done: train_loss=0.3161 val_loss=0.2124 val_accuracy=0.9467 val_macro_f1=0.9255 val_macro_auc=0.9901 (checkpoint_metric=macro_auc) [new best]
2026-09-14 10:39:35,882 INFO train epoch 13/50 batch 13/66 (20%) running_loss=0.3177
2026-09-14 10:39:36,783 INFO train epoch 13/50 batch 26/66 (39%) running_loss=0.3149
2026-09-14 10:39:37,789 INFO train epoch 13/50 batch 39/66 (59%) running_loss=0.3154
2026-09-14 10:39:38,686 INFO train epoch 13/50 batch 52/66 (79%) running_loss=0.3149
2026-09-14 10:39:39,687 INFO train epoch 13/50 batch 65/66 (98%) running_loss=0.3139
2026-09-14 10:39:39,749 INFO train epoch 13/50 batch 66/66 (100%) running_loss=0.3137
2026-09-14 10:39:44,673 INFO epoch 13/50 done: train_loss=0.3137 val_loss=0.2155 val_accuracy=0.9488 val_macro_f1=0.9280 val_macro_auc=0.9890 (checkpoint_metric=macro_auc) [new best]
2026-09-14 10:39:45,954 INFO train epoch 14/50 batch 13/66 (20%) running_loss=0.3142
2026-09-14 10:39:46,896 INFO train epoch 14/50 batch 26/66 (39%) running_loss=0.3112
2026-09-14 10:39:47,848 INFO train epoch 14/50 batch 39/66 (59%) running_loss=0.3111
2026-09-14 10:39:48,749 INFO train epoch 14/50 batch 52/66 (79%) running_loss=0.3116
2026-09-14 10:39:49,743 INFO train epoch 14/50 batch 65/66 (98%) running_loss=0.3133
2026-09-14 10:39:49,804 INFO train epoch 14/50 batch 66/66 (100%) running_loss=0.3132
2026-09-14 10:39:54,383 INFO epoch 14/50 done: train_loss=0.3132 val_loss=0.1863 val_accuracy=0.9631 val_macro_f1=0.9462 val_macro_auc=0.9904 (checkpoint_metric=macro_auc) [new best]
2026-09-14 10:39:55,738 INFO train epoch 15/50 batch 13/66 (20%) running_loss=0.3188
2026-09-14 10:39:56,703 INFO train epoch 15/50 batch 26/66 (39%) running_loss=0.3167
2026-09-14 10:39:57,705 INFO train epoch 15/50 batch 39/66 (59%) running_loss=0.3176
2026-09-14 10:39:58,609 INFO train epoch 15/50 batch 52/66 (79%) running_loss=0.3170
2026-09-14 10:39:59,515 INFO train epoch 15/50 batch 65/66 (98%) running_loss=0.3161
2026-09-14 10:39:59,577 INFO train epoch 15/50 batch 66/66 (100%) running_loss=0.3160
2026-09-14 10:40:00,602 INFO epoch 15/50 done: train_loss=0.3160 val_loss=0.2004 val_accuracy=0.9570 val_macro_f1=0.9370 val_macro_auc=0.9821 (checkpoint_metric=macro_auc)
2026-09-14 10:40:01,897 INFO train epoch 16/50 batch 13/66 (20%) running_loss=0.3053
2026-09-14 10:40:02,803 INFO train epoch 16/50 batch 26/66 (39%) running_loss=0.3065
2026-09-14 10:40:03,713 INFO train epoch 16/50 batch 39/66 (59%) running_loss=0.3065
2026-09-14 10:40:04,627 INFO train epoch 16/50 batch 52/66 (79%) running_loss=0.3082
2026-09-14 10:40:05,526 INFO train epoch 16/50 batch 65/66 (98%) running_loss=0.3090
2026-09-14 10:40:05,586 INFO train epoch 16/50 batch 66/66 (100%) running_loss=0.3090
2026-09-14 10:40:06,631 INFO epoch 16/50 done: train_loss=0.3090 val_loss=0.1895 val_accuracy=0.9488 val_macro_f1=0.9304 val_macro_auc=0.9934 (checkpoint_metric=macro_auc)
2026-09-14 10:40:07,909 INFO train epoch 17/50 batch 13/66 (20%) running_loss=0.3149
2026-09-14 10:40:08,877 INFO train epoch 17/50 batch 26/66 (39%) running_loss=0.3176
2026-09-14 10:40:09,780 INFO train epoch 17/50 batch 39/66 (59%) running_loss=0.3162
2026-09-14 10:40:10,689 INFO train epoch 17/50 batch 52/66 (79%) running_loss=0.3153
2026-09-14 10:40:11,593 INFO train epoch 17/50 batch 65/66 (98%) running_loss=0.3155
2026-09-14 10:40:11,653 INFO train epoch 17/50 batch 66/66 (100%) running_loss=0.3154
2026-09-14 10:40:12,721 INFO epoch 17/50 done: train_loss=0.3154 val_loss=0.2104 val_accuracy=0.9426 val_macro_f1=0.9253 val_macro_auc=0.9936 (checkpoint_metric=macro_auc)
2026-09-14 10:40:14,067 INFO train epoch 18/50 batch 13/66 (20%) running_loss=0.3233
2026-09-14 10:40:15,034 INFO train epoch 18/50 batch 26/66 (39%) running_loss=0.3143
2026-09-14 10:40:15,978 INFO train epoch 18/50 batch 39/66 (59%) running_loss=0.3133
2026-09-14 10:40:16,888 INFO train epoch 18/50 batch 52/66 (79%) running_loss=0.3118
2026-09-14 10:40:17,804 INFO train epoch 18/50 batch 65/66 (98%) running_loss=0.3102
2026-09-14 10:40:17,865 INFO train epoch 18/50 batch 66/66 (100%) running_loss=0.3101
2026-09-14 10:40:23,021 INFO epoch 18/50 done: train_loss=0.3101 val_loss=0.2575 val_accuracy=0.9283 val_macro_f1=0.9057 val_macro_auc=0.9859 (checkpoint_metric=macro_auc) [new best]
2026-09-14 10:40:24,314 INFO train epoch 19/50 batch 13/66 (20%) running_loss=0.3170
2026-09-14 10:40:25,226 INFO train epoch 19/50 batch 26/66 (39%) running_loss=0.3102
2026-09-14 10:40:26,128 INFO train epoch 19/50 batch 39/66 (59%) running_loss=0.3083
2026-09-14 10:40:27,067 INFO train epoch 19/50 batch 52/66 (79%) running_loss=0.3073
2026-09-14 10:40:27,964 INFO train epoch 19/50 batch 65/66 (98%) running_loss=0.3070
2026-09-14 10:40:28,024 INFO train epoch 19/50 batch 66/66 (100%) running_loss=0.3070
2026-09-14 10:40:29,031 INFO epoch 19/50 done: train_loss=0.3070 val_loss=0.2154 val_accuracy=0.9426 val_macro_f1=0.9226 val_macro_auc=0.9901 (checkpoint_metric=macro_auc)
2026-09-14 10:40:30,294 INFO train epoch 20/50 batch 13/66 (20%) running_loss=0.3142
2026-09-14 10:40:31,231 INFO train epoch 20/50 batch 26/66 (39%) running_loss=0.3135
2026-09-14 10:40:32,130 INFO train epoch 20/50 batch 39/66 (59%) running_loss=0.3118
2026-09-14 10:40:33,076 INFO train epoch 20/50 batch 52/66 (79%) running_loss=0.3112
2026-09-14 10:40:33,979 INFO train epoch 20/50 batch 65/66 (98%) running_loss=0.3104
2026-09-14 10:40:34,041 INFO train epoch 20/50 batch 66/66 (100%) running_loss=0.3106
2026-09-14 10:40:35,047 INFO epoch 20/50 done: train_loss=0.3106 val_loss=0.2369 val_accuracy=0.9426 val_macro_f1=0.9202 val_macro_auc=0.9847 (checkpoint_metric=macro_auc)
2026-09-14 10:40:36,327 INFO train epoch 21/50 batch 13/66 (20%) running_loss=0.3104
2026-09-14 10:40:37,245 INFO train epoch 21/50 batch 26/66 (39%) running_loss=0.3133
2026-09-14 10:40:38,154 INFO train epoch 21/50 batch 39/66 (59%) running_loss=0.3178
2026-09-14 10:40:39,054 INFO train epoch 21/50 batch 52/66 (79%) running_loss=0.3156
2026-09-14 10:40:39,949 INFO train epoch 21/50 batch 65/66 (98%) running_loss=0.3132
2026-09-14 10:40:40,011 INFO train epoch 21/50 batch 66/66 (100%) running_loss=0.3131
2026-09-14 10:40:41,050 INFO epoch 21/50 done: train_loss=0.3131 val_loss=0.2282 val_accuracy=0.9467 val_macro_f1=0.9255 val_macro_auc=0.9869 (checkpoint_metric=macro_auc)
2026-09-14 10:40:42,376 INFO train epoch 22/50 batch 13/66 (20%) running_loss=0.3037
2026-09-14 10:40:43,295 INFO train epoch 22/50 batch 26/66 (39%) running_loss=0.3026
2026-09-14 10:40:44,251 INFO train epoch 22/50 batch 39/66 (59%) running_loss=0.3054
2026-09-14 10:40:45,150 INFO train epoch 22/50 batch 52/66 (79%) running_loss=0.3063
2026-09-14 10:40:46,148 INFO train epoch 22/50 batch 65/66 (98%) running_loss=0.3058
2026-09-14 10:40:46,210 INFO train epoch 22/50 batch 66/66 (100%) running_loss=0.3058
2026-09-14 10:40:47,227 INFO epoch 22/50 done: train_loss=0.3058 val_loss=0.2131 val_accuracy=0.9488 val_macro_f1=0.9276 val_macro_auc=0.9819 (checkpoint_metric=macro_auc)
2026-09-14 10:40:48,561 INFO train epoch 23/50 batch 13/66 (20%) running_loss=0.3067
2026-09-14 10:40:49,466 INFO train epoch 23/50 batch 26/66 (39%) running_loss=0.3061
2026-09-14 10:40:50,367 INFO train epoch 23/50 batch 39/66 (59%) running_loss=0.3051
2026-09-14 10:40:51,344 INFO train epoch 23/50 batch 52/66 (79%) running_loss=0.3060
2026-09-14 10:40:52,242 INFO train epoch 23/50 batch 65/66 (98%) running_loss=0.3065
2026-09-14 10:40:52,303 INFO train epoch 23/50 batch 66/66 (100%) running_loss=0.3064
2026-09-14 10:40:53,349 INFO epoch 23/50 done: train_loss=0.3064 val_loss=0.2192 val_accuracy=0.9488 val_macro_f1=0.9290 val_macro_auc=0.9819 (checkpoint_metric=macro_auc)
2026-09-14 10:40:54,658 INFO train epoch 24/50 batch 13/66 (20%) running_loss=0.3044
2026-09-14 10:40:55,569 INFO train epoch 24/50 batch 26/66 (39%) running_loss=0.3028
2026-09-14 10:40:56,571 INFO train epoch 24/50 batch 39/66 (59%) running_loss=0.3030
2026-09-14 10:40:57,491 INFO train epoch 24/50 batch 52/66 (79%) running_loss=0.3039
2026-09-14 10:40:58,392 INFO train epoch 24/50 batch 65/66 (98%) running_loss=0.3052
2026-09-14 10:40:58,453 INFO train epoch 24/50 batch 66/66 (100%) running_loss=0.3055
2026-09-14 10:40:59,486 INFO epoch 24/50 done: train_loss=0.3055 val_loss=0.2077 val_accuracy=0.9508 val_macro_f1=0.9316 val_macro_auc=0.9821 (checkpoint_metric=macro_auc)
2026-09-14 10:41:00,815 INFO train epoch 25/50 batch 13/66 (20%) running_loss=0.3047
2026-09-14 10:41:01,719 INFO train epoch 25/50 batch 26/66 (39%) running_loss=0.3047
2026-09-14 10:41:02,632 INFO train epoch 25/50 batch 39/66 (59%) running_loss=0.3057
2026-09-14 10:41:03,545 INFO train epoch 25/50 batch 52/66 (79%) running_loss=0.3055
2026-09-14 10:41:04,447 INFO train epoch 25/50 batch 65/66 (98%) running_loss=0.3045
2026-09-14 10:41:04,507 INFO train epoch 25/50 batch 66/66 (100%) running_loss=0.3044
2026-09-14 10:41:05,524 INFO epoch 25/50 done: train_loss=0.3044 val_loss=0.2126 val_accuracy=0.9488 val_macro_f1=0.9284 val_macro_auc=0.9864 (checkpoint_metric=macro_auc)
2026-09-14 10:41:06,822 INFO train epoch 26/50 batch 13/66 (20%) running_loss=0.3022
2026-09-14 10:41:07,735 INFO train epoch 26/50 batch 26/66 (39%) running_loss=0.3073
2026-09-14 10:41:08,633 INFO train epoch 26/50 batch 39/66 (59%) running_loss=0.3078
2026-09-14 10:41:09,553 INFO train epoch 26/50 batch 52/66 (79%) running_loss=0.3069
2026-09-14 10:41:10,459 INFO train epoch 26/50 batch 65/66 (98%) running_loss=0.3061
2026-09-14 10:41:10,520 INFO train epoch 26/50 batch 66/66 (100%) running_loss=0.3062
2026-09-14 10:41:11,556 INFO epoch 26/50 done: train_loss=0.3062 val_loss=0.2131 val_accuracy=0.9467 val_macro_f1=0.9263 val_macro_auc=0.9862 (checkpoint_metric=macro_auc)
2026-09-14 10:41:12,899 INFO train epoch 27/50 batch 13/66 (20%) running_loss=0.3099
2026-09-14 10:41:13,797 INFO train epoch 27/50 batch 26/66 (39%) running_loss=0.3087
2026-09-14 10:41:14,804 INFO train epoch 27/50 batch 39/66 (59%) running_loss=0.3066
2026-09-14 10:41:15,782 INFO train epoch 27/50 batch 52/66 (79%) running_loss=0.3075
2026-09-14 10:41:16,681 INFO train epoch 27/50 batch 65/66 (98%) running_loss=0.3071
2026-09-14 10:41:16,742 INFO train epoch 27/50 batch 66/66 (100%) running_loss=0.3071
2026-09-14 10:41:17,822 INFO epoch 27/50 done: train_loss=0.3071 val_loss=0.2101 val_accuracy=0.9529 val_macro_f1=0.9319 val_macro_auc=0.9819 (checkpoint_metric=macro_auc)
2026-09-14 10:41:19,106 INFO train epoch 28/50 batch 13/66 (20%) running_loss=0.3005
2026-09-14 10:41:20,099 INFO train epoch 28/50 batch 26/66 (39%) running_loss=0.3006
2026-09-14 10:41:21,002 INFO train epoch 28/50 batch 39/66 (59%) running_loss=0.3019
2026-09-14 10:41:21,953 INFO train epoch 28/50 batch 52/66 (79%) running_loss=0.3024
2026-09-14 10:41:22,918 INFO train epoch 28/50 batch 65/66 (98%) running_loss=0.3022
2026-09-14 10:41:22,979 INFO train epoch 28/50 batch 66/66 (100%) running_loss=0.3022
2026-09-14 10:41:24,030 INFO epoch 28/50 done: train_loss=0.3022 val_loss=0.2082 val_accuracy=0.9426 val_macro_f1=0.9201 val_macro_auc=0.9878 (checkpoint_metric=macro_auc)
2026-09-14 10:41:25,305 INFO train epoch 29/50 batch 13/66 (20%) running_loss=0.3053
2026-09-14 10:41:26,377 INFO train epoch 29/50 batch 26/66 (39%) running_loss=0.3048
2026-09-14 10:41:27,281 INFO train epoch 29/50 batch 39/66 (59%) running_loss=0.3035
2026-09-14 10:41:28,220 INFO train epoch 29/50 batch 52/66 (79%) running_loss=0.3031
2026-09-14 10:41:29,123 INFO train epoch 29/50 batch 65/66 (98%) running_loss=0.3024
2026-09-14 10:41:29,185 INFO train epoch 29/50 batch 66/66 (100%) running_loss=0.3024
2026-09-14 10:41:30,192 INFO epoch 29/50 done: train_loss=0.3024 val_loss=0.2172 val_accuracy=0.9426 val_macro_f1=0.9210 val_macro_auc=0.9875 (checkpoint_metric=macro_auc)
2026-09-14 10:41:31,476 INFO train epoch 30/50 batch 13/66 (20%) running_loss=0.3040
2026-09-14 10:41:32,390 INFO train epoch 30/50 batch 26/66 (39%) running_loss=0.3025
2026-09-14 10:41:33,301 INFO train epoch 30/50 batch 39/66 (59%) running_loss=0.3032
2026-09-14 10:41:34,214 INFO train epoch 30/50 batch 52/66 (79%) running_loss=0.3039
2026-09-14 10:41:35,121 INFO train epoch 30/50 batch 65/66 (98%) running_loss=0.3035
2026-09-14 10:41:35,182 INFO train epoch 30/50 batch 66/66 (100%) running_loss=0.3034
2026-09-14 10:41:36,258 INFO epoch 30/50 done: train_loss=0.3034 val_loss=0.2298 val_accuracy=0.9426 val_macro_f1=0.9200 val_macro_auc=0.9855 (checkpoint_metric=macro_auc)
2026-09-14 10:41:37,523 INFO train epoch 31/50 batch 13/66 (20%) running_loss=0.3005
2026-09-14 10:41:38,468 INFO train epoch 31/50 batch 26/66 (39%) running_loss=0.3026
2026-09-14 10:41:39,383 INFO train epoch 31/50 batch 39/66 (59%) running_loss=0.3023
2026-09-14 10:41:40,288 INFO train epoch 31/50 batch 52/66 (79%) running_loss=0.3031
2026-09-14 10:41:41,194 INFO train epoch 31/50 batch 65/66 (98%) running_loss=0.3026
2026-09-14 10:41:41,255 INFO train epoch 31/50 batch 66/66 (100%) running_loss=0.3026
2026-09-14 10:41:42,336 INFO epoch 31/50 done: train_loss=0.3026 val_loss=0.2228 val_accuracy=0.9426 val_macro_f1=0.9210 val_macro_auc=0.9865 (checkpoint_metric=macro_auc)
2026-09-14 10:41:43,619 INFO train epoch 32/50 batch 13/66 (20%) running_loss=0.3060
2026-09-14 10:41:44,553 INFO train epoch 32/50 batch 26/66 (39%) running_loss=0.3035
2026-09-14 10:41:45,471 INFO train epoch 32/50 batch 39/66 (59%) running_loss=0.3024
2026-09-14 10:41:46,376 INFO train epoch 32/50 batch 52/66 (79%) running_loss=0.3032
2026-09-14 10:41:47,348 INFO train epoch 32/50 batch 65/66 (98%) running_loss=0.3030
2026-09-14 10:41:47,409 INFO train epoch 32/50 batch 66/66 (100%) running_loss=0.3033
2026-09-14 10:41:48,421 INFO epoch 32/50 done: train_loss=0.3033 val_loss=0.2281 val_accuracy=0.9447 val_macro_f1=0.9227 val_macro_auc=0.9862 (checkpoint_metric=macro_auc)
2026-09-14 10:41:49,756 INFO train epoch 33/50 batch 13/66 (20%) running_loss=0.3063
2026-09-14 10:41:50,734 INFO train epoch 33/50 batch 26/66 (39%) running_loss=0.3040
2026-09-14 10:41:51,689 INFO train epoch 33/50 batch 39/66 (59%) running_loss=0.3049
2026-09-14 10:41:52,597 INFO train epoch 33/50 batch 52/66 (79%) running_loss=0.3045
2026-09-14 10:41:53,552 INFO train epoch 33/50 batch 65/66 (98%) running_loss=0.3037
2026-09-14 10:41:53,613 INFO train epoch 33/50 batch 66/66 (100%) running_loss=0.3037
2026-09-14 10:41:54,697 INFO epoch 33/50 done: train_loss=0.3037 val_loss=0.2056 val_accuracy=0.9488 val_macro_f1=0.9274 val_macro_auc=0.9860 (checkpoint_metric=macro_auc)
2026-09-14 10:41:56,023 INFO train epoch 34/50 batch 13/66 (20%) running_loss=0.3034
2026-09-14 10:41:56,934 INFO train epoch 34/50 batch 26/66 (39%) running_loss=0.3032
2026-09-14 10:41:57,850 INFO train epoch 34/50 batch 39/66 (59%) running_loss=0.3024
2026-09-14 10:41:58,804 INFO train epoch 34/50 batch 52/66 (79%) running_loss=0.3037
2026-09-14 10:41:59,709 INFO train epoch 34/50 batch 65/66 (98%) running_loss=0.3028
2026-09-14 10:41:59,772 INFO train epoch 34/50 batch 66/66 (100%) running_loss=0.3027
2026-09-14 10:42:00,819 INFO epoch 34/50 done: train_loss=0.3027 val_loss=0.2181 val_accuracy=0.9467 val_macro_f1=0.9252 val_macro_auc=0.9864 (checkpoint_metric=macro_auc)
2026-09-14 10:42:02,121 INFO train epoch 35/50 batch 13/66 (20%) running_loss=0.3031
2026-09-14 10:42:03,038 INFO train epoch 35/50 batch 26/66 (39%) running_loss=0.3023
2026-09-14 10:42:03,952 INFO train epoch 35/50 batch 39/66 (59%) running_loss=0.3027
2026-09-14 10:42:04,858 INFO train epoch 35/50 batch 52/66 (79%) running_loss=0.3025
2026-09-14 10:42:05,850 INFO train epoch 35/50 batch 65/66 (98%) running_loss=0.3020
2026-09-14 10:42:05,911 INFO train epoch 35/50 batch 66/66 (100%) running_loss=0.3020
2026-09-14 10:42:06,980 INFO epoch 35/50 done: train_loss=0.3020 val_loss=0.2246 val_accuracy=0.9426 val_macro_f1=0.9216 val_macro_auc=0.9872 (checkpoint_metric=macro_auc)
2026-09-14 10:42:08,328 INFO train epoch 36/50 batch 13/66 (20%) running_loss=0.3038
2026-09-14 10:42:09,366 INFO train epoch 36/50 batch 26/66 (39%) running_loss=0.3033
2026-09-14 10:42:10,275 INFO train epoch 36/50 batch 39/66 (59%) running_loss=0.3023
2026-09-14 10:42:11,209 INFO train epoch 36/50 batch 52/66 (79%) running_loss=0.3016
2026-09-14 10:42:12,118 INFO train epoch 36/50 batch 65/66 (98%) running_loss=0.3013
2026-09-14 10:42:12,180 INFO train epoch 36/50 batch 66/66 (100%) running_loss=0.3013
2026-09-14 10:42:13,181 INFO epoch 36/50 done: train_loss=0.3013 val_loss=0.2167 val_accuracy=0.9426 val_macro_f1=0.9199 val_macro_auc=0.9841 (checkpoint_metric=macro_auc)
2026-09-14 10:42:14,485 INFO train epoch 37/50 batch 13/66 (20%) running_loss=0.3049
2026-09-14 10:42:15,405 INFO train epoch 37/50 batch 26/66 (39%) running_loss=0.3052
2026-09-14 10:42:16,314 INFO train epoch 37/50 batch 39/66 (59%) running_loss=0.3032
2026-09-14 10:42:17,287 INFO train epoch 37/50 batch 52/66 (79%) running_loss=0.3039
2026-09-14 10:42:18,195 INFO train epoch 37/50 batch 65/66 (98%) running_loss=0.3032
2026-09-14 10:42:18,257 INFO train epoch 37/50 batch 66/66 (100%) running_loss=0.3033
2026-09-14 10:42:19,267 INFO epoch 37/50 done: train_loss=0.3033 val_loss=0.2160 val_accuracy=0.9447 val_macro_f1=0.9227 val_macro_auc=0.9842 (checkpoint_metric=macro_auc)
2026-09-14 10:42:20,584 INFO train epoch 38/50 batch 13/66 (20%) running_loss=0.2988
2026-09-14 10:42:21,531 INFO train epoch 38/50 batch 26/66 (39%) running_loss=0.3004
2026-09-14 10:42:22,470 INFO train epoch 38/50 batch 39/66 (59%) running_loss=0.3002
2026-09-14 10:42:23,394 INFO train epoch 38/50 batch 52/66 (79%) running_loss=0.2998
2026-09-14 10:42:24,306 INFO train epoch 38/50 batch 65/66 (98%) running_loss=0.3003
2026-09-14 10:42:24,369 INFO train epoch 38/50 batch 66/66 (100%) running_loss=0.3003
2026-09-14 10:42:25,469 INFO epoch 38/50 done: train_loss=0.3003 val_loss=0.2254 val_accuracy=0.9447 val_macro_f1=0.9233 val_macro_auc=0.9863 (checkpoint_metric=macro_auc)
2026-09-14 10:42:26,813 INFO train epoch 39/50 batch 13/66 (20%) running_loss=0.3026
2026-09-14 10:42:27,874 INFO train epoch 39/50 batch 26/66 (39%) running_loss=0.3008
2026-09-14 10:42:28,781 INFO train epoch 39/50 batch 39/66 (59%) running_loss=0.3004
2026-09-14 10:42:29,696 INFO train epoch 39/50 batch 52/66 (79%) running_loss=0.3005
2026-09-14 10:42:30,610 INFO train epoch 39/50 batch 65/66 (98%) running_loss=0.3005
2026-09-14 10:42:30,671 INFO train epoch 39/50 batch 66/66 (100%) running_loss=0.3005
2026-09-14 10:42:31,716 INFO epoch 39/50 done: train_loss=0.3005 val_loss=0.2199 val_accuracy=0.9488 val_macro_f1=0.9286 val_macro_auc=0.9870 (checkpoint_metric=macro_auc)
2026-09-14 10:42:33,026 INFO train epoch 40/50 batch 13/66 (20%) running_loss=0.3018
2026-09-14 10:42:33,985 INFO train epoch 40/50 batch 26/66 (39%) running_loss=0.3016
2026-09-14 10:42:34,925 INFO train epoch 40/50 batch 39/66 (59%) running_loss=0.3011
2026-09-14 10:42:35,832 INFO train epoch 40/50 batch 52/66 (79%) running_loss=0.3014
2026-09-14 10:42:36,734 INFO train epoch 40/50 batch 65/66 (98%) running_loss=0.3009
2026-09-14 10:42:36,796 INFO train epoch 40/50 batch 66/66 (100%) running_loss=0.3009
2026-09-14 10:42:37,818 INFO epoch 40/50 done: train_loss=0.3009 val_loss=0.2156 val_accuracy=0.9447 val_macro_f1=0.9227 val_macro_auc=0.9860 (checkpoint_metric=macro_auc)
2026-09-14 10:42:39,131 INFO train epoch 41/50 batch 13/66 (20%) running_loss=0.3012
2026-09-14 10:42:40,035 INFO train epoch 41/50 batch 26/66 (39%) running_loss=0.3004
2026-09-14 10:42:41,056 INFO train epoch 41/50 batch 39/66 (59%) running_loss=0.3003
2026-09-14 10:42:42,021 INFO train epoch 41/50 batch 52/66 (79%) running_loss=0.3005
2026-09-14 10:42:42,921 INFO train epoch 41/50 batch 65/66 (98%) running_loss=0.3001
2026-09-14 10:42:42,983 INFO train epoch 41/50 batch 66/66 (100%) running_loss=0.3001
2026-09-14 10:42:44,014 INFO epoch 41/50 done: train_loss=0.3001 val_loss=0.2165 val_accuracy=0.9447 val_macro_f1=0.9227 val_macro_auc=0.9856 (checkpoint_metric=macro_auc)
2026-09-14 10:42:45,293 INFO train epoch 42/50 batch 13/66 (20%) running_loss=0.2988
2026-09-14 10:42:46,206 INFO train epoch 42/50 batch 26/66 (39%) running_loss=0.3010
2026-09-14 10:42:47,124 INFO train epoch 42/50 batch 39/66 (59%) running_loss=0.3006
2026-09-14 10:42:48,033 INFO train epoch 42/50 batch 52/66 (79%) running_loss=0.3010
2026-09-14 10:42:48,944 INFO train epoch 42/50 batch 65/66 (98%) running_loss=0.3009
2026-09-14 10:42:49,006 INFO train epoch 42/50 batch 66/66 (100%) running_loss=0.3009
2026-09-14 10:42:50,079 INFO epoch 42/50 done: train_loss=0.3009 val_loss=0.2246 val_accuracy=0.9426 val_macro_f1=0.9199 val_macro_auc=0.9848 (checkpoint_metric=macro_auc)
2026-09-14 10:42:51,352 INFO train epoch 43/50 batch 13/66 (20%) running_loss=0.3038
2026-09-14 10:42:52,262 INFO train epoch 43/50 batch 26/66 (39%) running_loss=0.3022
2026-09-14 10:42:53,198 INFO train epoch 43/50 batch 39/66 (59%) running_loss=0.3023
2026-09-14 10:42:54,131 INFO train epoch 43/50 batch 52/66 (79%) running_loss=0.3021
2026-09-14 10:42:55,129 INFO train epoch 43/50 batch 65/66 (98%) running_loss=0.3018
2026-09-14 10:42:55,190 INFO train epoch 43/50 batch 66/66 (100%) running_loss=0.3017
2026-09-14 10:42:56,260 INFO epoch 43/50 done: train_loss=0.3017 val_loss=0.2189 val_accuracy=0.9467 val_macro_f1=0.9258 val_macro_auc=0.9866 (checkpoint_metric=macro_auc)
2026-09-14 10:42:57,585 INFO train epoch 44/50 batch 13/66 (20%) running_loss=0.3010
2026-09-14 10:42:58,500 INFO train epoch 44/50 batch 26/66 (39%) running_loss=0.3005
2026-09-14 10:42:59,410 INFO train epoch 44/50 batch 39/66 (59%) running_loss=0.3008
2026-09-14 10:43:00,325 INFO train epoch 44/50 batch 52/66 (79%) running_loss=0.3011
2026-09-14 10:43:01,233 INFO train epoch 44/50 batch 65/66 (98%) running_loss=0.3006
2026-09-14 10:43:01,296 INFO train epoch 44/50 batch 66/66 (100%) running_loss=0.3005
2026-09-14 10:43:02,353 INFO epoch 44/50 done: train_loss=0.3005 val_loss=0.2176 val_accuracy=0.9447 val_macro_f1=0.9227 val_macro_auc=0.9865 (checkpoint_metric=macro_auc)
2026-09-14 10:43:03,684 INFO train epoch 45/50 batch 13/66 (20%) running_loss=0.3011
2026-09-14 10:43:04,596 INFO train epoch 45/50 batch 26/66 (39%) running_loss=0.3015
2026-09-14 10:43:05,533 INFO train epoch 45/50 batch 39/66 (59%) running_loss=0.3006
2026-09-14 10:43:06,453 INFO train epoch 45/50 batch 52/66 (79%) running_loss=0.3002
2026-09-14 10:43:07,363 INFO train epoch 45/50 batch 65/66 (98%) running_loss=0.3001
2026-09-14 10:43:07,424 INFO train epoch 45/50 batch 66/66 (100%) running_loss=0.3001
2026-09-14 10:43:08,487 INFO epoch 45/50 done: train_loss=0.3001 val_loss=0.2194 val_accuracy=0.9447 val_macro_f1=0.9227 val_macro_auc=0.9863 (checkpoint_metric=macro_auc)
2026-09-14 10:43:09,773 INFO train epoch 46/50 batch 13/66 (20%) running_loss=0.2992
2026-09-14 10:43:10,690 INFO train epoch 46/50 batch 26/66 (39%) running_loss=0.3008
2026-09-14 10:43:11,607 INFO train epoch 46/50 batch 39/66 (59%) running_loss=0.3018
2026-09-14 10:43:12,518 INFO train epoch 46/50 batch 52/66 (79%) running_loss=0.3023
2026-09-14 10:43:13,429 INFO train epoch 46/50 batch 65/66 (98%) running_loss=0.3017
2026-09-14 10:43:13,490 INFO train epoch 46/50 batch 66/66 (100%) running_loss=0.3017
2026-09-14 10:43:14,484 INFO epoch 46/50 done: train_loss=0.3017 val_loss=0.2219 val_accuracy=0.9447 val_macro_f1=0.9241 val_macro_auc=0.9866 (checkpoint_metric=macro_auc)
2026-09-14 10:43:15,840 INFO train epoch 47/50 batch 13/66 (20%) running_loss=0.2993
2026-09-14 10:43:16,815 INFO train epoch 47/50 batch 26/66 (39%) running_loss=0.2992
2026-09-14 10:43:17,731 INFO train epoch 47/50 batch 39/66 (59%) running_loss=0.2992
2026-09-14 10:43:18,651 INFO train epoch 47/50 batch 52/66 (79%) running_loss=0.2991
2026-09-14 10:43:19,553 INFO train epoch 47/50 batch 65/66 (98%) running_loss=0.3003
2026-09-14 10:43:19,614 INFO train epoch 47/50 batch 66/66 (100%) running_loss=0.3003
2026-09-14 10:43:20,655 INFO epoch 47/50 done: train_loss=0.3003 val_loss=0.2231 val_accuracy=0.9447 val_macro_f1=0.9241 val_macro_auc=0.9866 (checkpoint_metric=macro_auc)
2026-09-14 10:43:21,967 INFO train epoch 48/50 batch 13/66 (20%) running_loss=0.2993
2026-09-14 10:43:22,894 INFO train epoch 48/50 batch 26/66 (39%) running_loss=0.2999
2026-09-14 10:43:23,804 INFO train epoch 48/50 batch 39/66 (59%) running_loss=0.3004
2026-09-14 10:43:24,729 INFO train epoch 48/50 batch 52/66 (79%) running_loss=0.3004
2026-09-14 10:43:25,634 INFO train epoch 48/50 batch 65/66 (98%) running_loss=0.3002
2026-09-14 10:43:25,695 INFO train epoch 48/50 batch 66/66 (100%) running_loss=0.3002
2026-09-14 10:43:26,714 INFO epoch 48/50 done: train_loss=0.3002 val_loss=0.2210 val_accuracy=0.9447 val_macro_f1=0.9227 val_macro_auc=0.9863 (checkpoint_metric=macro_auc)
2026-09-14 10:43:28,058 INFO train epoch 49/50 batch 13/66 (20%) running_loss=0.3032
2026-09-14 10:43:28,963 INFO train epoch 49/50 batch 26/66 (39%) running_loss=0.3009
2026-09-14 10:43:29,972 INFO train epoch 49/50 batch 39/66 (59%) running_loss=0.3003
2026-09-14 10:43:30,939 INFO train epoch 49/50 batch 52/66 (79%) running_loss=0.3000
2026-09-14 10:43:31,843 INFO train epoch 49/50 batch 65/66 (98%) running_loss=0.3001
2026-09-14 10:43:31,906 INFO train epoch 49/50 batch 66/66 (100%) running_loss=0.3001
2026-09-14 10:43:32,950 INFO epoch 49/50 done: train_loss=0.3001 val_loss=0.2212 val_accuracy=0.9467 val_macro_f1=0.9258 val_macro_auc=0.9864 (checkpoint_metric=macro_auc)
2026-09-14 10:43:34,238 INFO train epoch 50/50 batch 13/66 (20%) running_loss=0.3004
2026-09-14 10:43:35,183 INFO train epoch 50/50 batch 26/66 (39%) running_loss=0.3003
2026-09-14 10:43:36,096 INFO train epoch 50/50 batch 39/66 (59%) running_loss=0.3007
2026-09-14 10:43:37,000 INFO train epoch 50/50 batch 52/66 (79%) running_loss=0.3001
2026-09-14 10:43:37,967 INFO train epoch 50/50 batch 65/66 (98%) running_loss=0.2998
2026-09-14 10:43:38,030 INFO train epoch 50/50 batch 66/66 (100%) running_loss=0.2998
2026-09-14 10:43:39,073 INFO epoch 50/50 done: train_loss=0.2998 val_loss=0.2212 val_accuracy=0.9467 val_macro_f1=0.9258 val_macro_auc=0.9864 (checkpoint_metric=macro_auc)
2026-09-14 10:43:39,242 INFO Training finished. Best epoch=18, smoothed macro_auc=0.9910 (window=3)
2026-09-14 10:43:42,369 INFO Test set evaluated once: accuracy=0.9072 macro_f1=0.9021 macro_auc=0.9726
2026-09-14 10:43:42,975 INFO Model size: 134.27M params, 2.938 GFLOPs at 96x96
