2026-09-17 17:39:44,478 INFO Starting baseline training: model=resnet18 device=cuda amp=True image_size=96 epochs=50 lr=0.001 optimizer=sgd
2026-09-17 17:39:44,734 INFO Dataset ready: 3 classes, 2102 train / 488 val samples (split reused from outputs/baseline_resnet18_96_none_s2/split_indices.json)
2026-09-17 17:39:44,734 INFO Augmentation policy: none (identity)
2026-09-17 17:39:45,085 INFO Classes: {'glioma_tumor': 0, 'meningioma_tumor': 1, 'pituitary_tumor': 2}
2026-09-17 17:39:45,085 INFO Regularization: weight_decay=7.0e-04 label_smoothing=0.10 grad_clip_norm=5.0
2026-09-17 17:39:46,580 INFO train epoch 1/50 batch 13/66 (20%) running_loss=1.0855
2026-09-17 17:39:47,301 INFO train epoch 1/50 batch 26/66 (39%) running_loss=0.9641
2026-09-17 17:39:47,934 INFO train epoch 1/50 batch 39/66 (59%) running_loss=0.8673
2026-09-17 17:39:48,582 INFO train epoch 1/50 batch 52/66 (79%) running_loss=0.8064
2026-09-17 17:39:49,234 INFO train epoch 1/50 batch 65/66 (98%) running_loss=0.7584
2026-09-17 17:39:49,372 INFO train epoch 1/50 batch 66/66 (100%) running_loss=0.7559
2026-09-17 17:39:50,570 INFO epoch 1/50 done: train_loss=0.7559 val_loss=0.3501 val_accuracy=0.8873 val_macro_f1=0.8371 val_macro_auc=0.9671 (checkpoint_metric=macro_auc) [new best]
2026-09-17 17:39:51,536 INFO train epoch 2/50 batch 13/66 (20%) running_loss=0.4680
2026-09-17 17:39:52,188 INFO train epoch 2/50 batch 26/66 (39%) running_loss=0.4965
2026-09-17 17:39:52,811 INFO train epoch 2/50 batch 39/66 (59%) running_loss=0.4754
2026-09-17 17:39:53,438 INFO train epoch 2/50 batch 52/66 (79%) running_loss=0.4687
2026-09-17 17:39:54,179 INFO train epoch 2/50 batch 65/66 (98%) running_loss=0.4651
2026-09-17 17:39:54,198 INFO train epoch 2/50 batch 66/66 (100%) running_loss=0.4649
2026-09-17 17:39:55,438 INFO epoch 2/50 done: train_loss=0.4649 val_loss=0.3397 val_accuracy=0.8873 val_macro_f1=0.8559 val_macro_auc=0.9771 (checkpoint_metric=macro_auc) [new best]
2026-09-17 17:39:56,389 INFO train epoch 3/50 batch 13/66 (20%) running_loss=0.3763
2026-09-17 17:39:57,001 INFO train epoch 3/50 batch 26/66 (39%) running_loss=0.3710
2026-09-17 17:39:57,664 INFO train epoch 3/50 batch 39/66 (59%) running_loss=0.3692
2026-09-17 17:39:58,325 INFO train epoch 3/50 batch 52/66 (79%) running_loss=0.3715
2026-09-17 17:39:59,006 INFO train epoch 3/50 batch 65/66 (98%) running_loss=0.3699
2026-09-17 17:39:59,025 INFO train epoch 3/50 batch 66/66 (100%) running_loss=0.3699
2026-09-17 17:40:00,286 INFO epoch 3/50 done: train_loss=0.3699 val_loss=0.2901 val_accuracy=0.9139 val_macro_f1=0.8912 val_macro_auc=0.9833 (checkpoint_metric=macro_auc) [new best]
2026-09-17 17:40:01,303 INFO train epoch 4/50 batch 13/66 (20%) running_loss=0.3448
2026-09-17 17:40:01,946 INFO train epoch 4/50 batch 26/66 (39%) running_loss=0.3407
2026-09-17 17:40:02,588 INFO train epoch 4/50 batch 39/66 (59%) running_loss=0.3400
2026-09-17 17:40:03,210 INFO train epoch 4/50 batch 52/66 (79%) running_loss=0.3385
2026-09-17 17:40:03,956 INFO train epoch 4/50 batch 65/66 (98%) running_loss=0.3393
2026-09-17 17:40:03,974 INFO train epoch 4/50 batch 66/66 (100%) running_loss=0.3392
2026-09-17 17:40:05,274 INFO epoch 4/50 done: train_loss=0.3392 val_loss=0.2935 val_accuracy=0.9119 val_macro_f1=0.8854 val_macro_auc=0.9783 (checkpoint_metric=macro_auc) [new best]
2026-09-17 17:40:06,254 INFO train epoch 5/50 batch 13/66 (20%) running_loss=0.3268
2026-09-17 17:40:06,940 INFO train epoch 5/50 batch 26/66 (39%) running_loss=0.3305
2026-09-17 17:40:07,608 INFO train epoch 5/50 batch 39/66 (59%) running_loss=0.3285
2026-09-17 17:40:08,249 INFO train epoch 5/50 batch 52/66 (79%) running_loss=0.3273
2026-09-17 17:40:08,869 INFO train epoch 5/50 batch 65/66 (98%) running_loss=0.3267
2026-09-17 17:40:08,946 INFO train epoch 5/50 batch 66/66 (100%) running_loss=0.3271
2026-09-17 17:40:10,182 INFO epoch 5/50 done: train_loss=0.3271 val_loss=0.2752 val_accuracy=0.9160 val_macro_f1=0.8866 val_macro_auc=0.9776 (checkpoint_metric=macro_auc) [new best]
2026-09-17 17:40:11,171 INFO train epoch 6/50 batch 13/66 (20%) running_loss=0.3151
2026-09-17 17:40:11,820 INFO train epoch 6/50 batch 26/66 (39%) running_loss=0.3214
2026-09-17 17:40:12,486 INFO train epoch 6/50 batch 39/66 (59%) running_loss=0.3194
2026-09-17 17:40:13,144 INFO train epoch 6/50 batch 52/66 (79%) running_loss=0.3198
2026-09-17 17:40:13,831 INFO train epoch 6/50 batch 65/66 (98%) running_loss=0.3187
2026-09-17 17:40:13,850 INFO train epoch 6/50 batch 66/66 (100%) running_loss=0.3193
2026-09-17 17:40:14,898 INFO epoch 6/50 done: train_loss=0.3193 val_loss=0.2657 val_accuracy=0.9283 val_macro_f1=0.9025 val_macro_auc=0.9804 (checkpoint_metric=macro_auc)
2026-09-17 17:40:15,829 INFO train epoch 7/50 batch 13/66 (20%) running_loss=0.3148
2026-09-17 17:40:16,458 INFO train epoch 7/50 batch 26/66 (39%) running_loss=0.3140
2026-09-17 17:40:17,112 INFO train epoch 7/50 batch 39/66 (59%) running_loss=0.3144
2026-09-17 17:40:17,759 INFO train epoch 7/50 batch 52/66 (79%) running_loss=0.3134
2026-09-17 17:40:18,451 INFO train epoch 7/50 batch 65/66 (98%) running_loss=0.3129
2026-09-17 17:40:18,469 INFO train epoch 7/50 batch 66/66 (100%) running_loss=0.3129
2026-09-17 17:40:19,503 INFO epoch 7/50 done: train_loss=0.3129 val_loss=0.2849 val_accuracy=0.9221 val_macro_f1=0.8958 val_macro_auc=0.9811 (checkpoint_metric=macro_auc)
2026-09-17 17:40:20,441 INFO train epoch 8/50 batch 13/66 (20%) running_loss=0.3089
2026-09-17 17:40:21,114 INFO train epoch 8/50 batch 26/66 (39%) running_loss=0.3123
2026-09-17 17:40:21,770 INFO train epoch 8/50 batch 39/66 (59%) running_loss=0.3140
2026-09-17 17:40:22,436 INFO train epoch 8/50 batch 52/66 (79%) running_loss=0.3138
2026-09-17 17:40:23,070 INFO train epoch 8/50 batch 65/66 (98%) running_loss=0.3134
2026-09-17 17:40:23,097 INFO train epoch 8/50 batch 66/66 (100%) running_loss=0.3133
2026-09-17 17:40:24,403 INFO epoch 8/50 done: train_loss=0.3133 val_loss=0.2843 val_accuracy=0.9262 val_macro_f1=0.9013 val_macro_auc=0.9803 (checkpoint_metric=macro_auc) [new best]
2026-09-17 17:40:25,366 INFO train epoch 9/50 batch 13/66 (20%) running_loss=0.3126
2026-09-17 17:40:26,062 INFO train epoch 9/50 batch 26/66 (39%) running_loss=0.3113
2026-09-17 17:40:26,728 INFO train epoch 9/50 batch 39/66 (59%) running_loss=0.3127
2026-09-17 17:40:27,384 INFO train epoch 9/50 batch 52/66 (79%) running_loss=0.3154
2026-09-17 17:40:28,018 INFO train epoch 9/50 batch 65/66 (98%) running_loss=0.3163
2026-09-17 17:40:28,100 INFO train epoch 9/50 batch 66/66 (100%) running_loss=0.3168
2026-09-17 17:40:29,391 INFO epoch 9/50 done: train_loss=0.3168 val_loss=0.2672 val_accuracy=0.9303 val_macro_f1=0.9058 val_macro_auc=0.9807 (checkpoint_metric=macro_auc) [new best]
2026-09-17 17:40:30,392 INFO train epoch 10/50 batch 13/66 (20%) running_loss=0.3172
2026-09-17 17:40:31,069 INFO train epoch 10/50 batch 26/66 (39%) running_loss=0.3168
2026-09-17 17:40:31,743 INFO train epoch 10/50 batch 39/66 (59%) running_loss=0.3145
2026-09-17 17:40:32,417 INFO train epoch 10/50 batch 52/66 (79%) running_loss=0.3132
2026-09-17 17:40:33,043 INFO train epoch 10/50 batch 65/66 (98%) running_loss=0.3127
2026-09-17 17:40:33,126 INFO train epoch 10/50 batch 66/66 (100%) running_loss=0.3136
2026-09-17 17:40:34,378 INFO epoch 10/50 done: train_loss=0.3136 val_loss=0.2798 val_accuracy=0.9283 val_macro_f1=0.9052 val_macro_auc=0.9823 (checkpoint_metric=macro_auc) [new best]
2026-09-17 17:40:35,383 INFO train epoch 11/50 batch 13/66 (20%) running_loss=0.3119
2026-09-17 17:40:36,048 INFO train epoch 11/50 batch 26/66 (39%) running_loss=0.3119
2026-09-17 17:40:36,721 INFO train epoch 11/50 batch 39/66 (59%) running_loss=0.3109
2026-09-17 17:40:37,385 INFO train epoch 11/50 batch 52/66 (79%) running_loss=0.3101
2026-09-17 17:40:38,151 INFO train epoch 11/50 batch 65/66 (98%) running_loss=0.3097
2026-09-17 17:40:38,169 INFO train epoch 11/50 batch 66/66 (100%) running_loss=0.3098
2026-09-17 17:40:39,390 INFO epoch 11/50 done: train_loss=0.3098 val_loss=0.2803 val_accuracy=0.9283 val_macro_f1=0.9034 val_macro_auc=0.9805 (checkpoint_metric=macro_auc) [new best]
2026-09-17 17:40:40,356 INFO train epoch 12/50 batch 13/66 (20%) running_loss=0.3093
2026-09-17 17:40:41,004 INFO train epoch 12/50 batch 26/66 (39%) running_loss=0.3101
2026-09-17 17:40:41,676 INFO train epoch 12/50 batch 39/66 (59%) running_loss=0.3129
2026-09-17 17:40:42,340 INFO train epoch 12/50 batch 52/66 (79%) running_loss=0.3120
2026-09-17 17:40:43,068 INFO train epoch 12/50 batch 65/66 (98%) running_loss=0.3116
2026-09-17 17:40:43,086 INFO train epoch 12/50 batch 66/66 (100%) running_loss=0.3116
2026-09-17 17:40:44,285 INFO epoch 12/50 done: train_loss=0.3116 val_loss=0.2688 val_accuracy=0.9303 val_macro_f1=0.9058 val_macro_auc=0.9817 (checkpoint_metric=macro_auc) [new best]
2026-09-17 17:40:45,288 INFO train epoch 13/50 batch 13/66 (20%) running_loss=0.3104
2026-09-17 17:40:45,953 INFO train epoch 13/50 batch 26/66 (39%) running_loss=0.3120
2026-09-17 17:40:46,618 INFO train epoch 13/50 batch 39/66 (59%) running_loss=0.3112
2026-09-17 17:40:47,284 INFO train epoch 13/50 batch 52/66 (79%) running_loss=0.3103
2026-09-17 17:40:48,030 INFO train epoch 13/50 batch 65/66 (98%) running_loss=0.3099
2026-09-17 17:40:48,048 INFO train epoch 13/50 batch 66/66 (100%) running_loss=0.3104
2026-09-17 17:40:49,084 INFO epoch 13/50 done: train_loss=0.3104 val_loss=0.2838 val_accuracy=0.9201 val_macro_f1=0.8959 val_macro_auc=0.9814 (checkpoint_metric=macro_auc)
2026-09-17 17:40:50,078 INFO train epoch 14/50 batch 13/66 (20%) running_loss=0.3047
2026-09-17 17:40:50,746 INFO train epoch 14/50 batch 26/66 (39%) running_loss=0.3049
2026-09-17 17:40:51,386 INFO train epoch 14/50 batch 39/66 (59%) running_loss=0.3056
2026-09-17 17:40:52,031 INFO train epoch 14/50 batch 52/66 (79%) running_loss=0.3049
2026-09-17 17:40:52,800 INFO train epoch 14/50 batch 65/66 (98%) running_loss=0.3052
2026-09-17 17:40:52,818 INFO train epoch 14/50 batch 66/66 (100%) running_loss=0.3052
2026-09-17 17:40:53,853 INFO epoch 14/50 done: train_loss=0.3052 val_loss=0.2689 val_accuracy=0.9324 val_macro_f1=0.9089 val_macro_auc=0.9813 (checkpoint_metric=macro_auc)
2026-09-17 17:40:54,820 INFO train epoch 15/50 batch 13/66 (20%) running_loss=0.3065
2026-09-17 17:40:55,467 INFO train epoch 15/50 batch 26/66 (39%) running_loss=0.3038
2026-09-17 17:40:56,099 INFO train epoch 15/50 batch 39/66 (59%) running_loss=0.3042
2026-09-17 17:40:56,805 INFO train epoch 15/50 batch 52/66 (79%) running_loss=0.3044
2026-09-17 17:40:57,479 INFO train epoch 15/50 batch 65/66 (98%) running_loss=0.3052
2026-09-17 17:40:57,498 INFO train epoch 15/50 batch 66/66 (100%) running_loss=0.3053
2026-09-17 17:40:58,820 INFO epoch 15/50 done: train_loss=0.3053 val_loss=0.2642 val_accuracy=0.9344 val_macro_f1=0.9106 val_macro_auc=0.9827 (checkpoint_metric=macro_auc) [new best]
2026-09-17 17:40:59,791 INFO train epoch 16/50 batch 13/66 (20%) running_loss=0.3128
2026-09-17 17:41:00,432 INFO train epoch 16/50 batch 26/66 (39%) running_loss=0.3115
2026-09-17 17:41:01,066 INFO train epoch 16/50 batch 39/66 (59%) running_loss=0.3090
2026-09-17 17:41:01,750 INFO train epoch 16/50 batch 52/66 (79%) running_loss=0.3091
2026-09-17 17:41:02,451 INFO train epoch 16/50 batch 65/66 (98%) running_loss=0.3084
2026-09-17 17:41:02,469 INFO train epoch 16/50 batch 66/66 (100%) running_loss=0.3084
2026-09-17 17:41:03,763 INFO epoch 16/50 done: train_loss=0.3084 val_loss=0.2872 val_accuracy=0.9242 val_macro_f1=0.8986 val_macro_auc=0.9823 (checkpoint_metric=macro_auc) [new best]
2026-09-17 17:41:04,723 INFO train epoch 17/50 batch 13/66 (20%) running_loss=0.3096
2026-09-17 17:41:05,351 INFO train epoch 17/50 batch 26/66 (39%) running_loss=0.3079
2026-09-17 17:41:05,982 INFO train epoch 17/50 batch 39/66 (59%) running_loss=0.3069
2026-09-17 17:41:06,754 INFO train epoch 17/50 batch 52/66 (79%) running_loss=0.3072
2026-09-17 17:41:07,407 INFO train epoch 17/50 batch 65/66 (98%) running_loss=0.3068
2026-09-17 17:41:07,426 INFO train epoch 17/50 batch 66/66 (100%) running_loss=0.3070
2026-09-17 17:41:08,727 INFO epoch 17/50 done: train_loss=0.3070 val_loss=0.2709 val_accuracy=0.9344 val_macro_f1=0.9114 val_macro_auc=0.9813 (checkpoint_metric=macro_auc) [new best]
2026-09-17 17:41:09,691 INFO train epoch 18/50 batch 13/66 (20%) running_loss=0.3074
2026-09-17 17:41:10,337 INFO train epoch 18/50 batch 26/66 (39%) running_loss=0.3051
2026-09-17 17:41:10,993 INFO train epoch 18/50 batch 39/66 (59%) running_loss=0.3041
2026-09-17 17:41:11,633 INFO train epoch 18/50 batch 52/66 (79%) running_loss=0.3055
2026-09-17 17:41:12,254 INFO train epoch 18/50 batch 65/66 (98%) running_loss=0.3041
2026-09-17 17:41:12,339 INFO train epoch 18/50 batch 66/66 (100%) running_loss=0.3041
2026-09-17 17:41:13,356 INFO epoch 18/50 done: train_loss=0.3041 val_loss=0.2917 val_accuracy=0.9262 val_macro_f1=0.9003 val_macro_auc=0.9825 (checkpoint_metric=macro_auc)
2026-09-17 17:41:14,284 INFO train epoch 19/50 batch 13/66 (20%) running_loss=0.3080
2026-09-17 17:41:15,004 INFO train epoch 19/50 batch 26/66 (39%) running_loss=0.3090
2026-09-17 17:41:15,669 INFO train epoch 19/50 batch 39/66 (59%) running_loss=0.3085
2026-09-17 17:41:16,327 INFO train epoch 19/50 batch 52/66 (79%) running_loss=0.3111
2026-09-17 17:41:16,963 INFO train epoch 19/50 batch 65/66 (98%) running_loss=0.3111
2026-09-17 17:41:17,048 INFO train epoch 19/50 batch 66/66 (100%) running_loss=0.3110
2026-09-17 17:41:18,313 INFO epoch 19/50 done: train_loss=0.3110 val_loss=0.2586 val_accuracy=0.9303 val_macro_f1=0.9058 val_macro_auc=0.9826 (checkpoint_metric=macro_auc) [new best]
2026-09-17 17:41:19,265 INFO train epoch 20/50 batch 13/66 (20%) running_loss=0.3086
2026-09-17 17:41:19,919 INFO train epoch 20/50 batch 26/66 (39%) running_loss=0.3064
2026-09-17 17:41:20,585 INFO train epoch 20/50 batch 39/66 (59%) running_loss=0.3064
2026-09-17 17:41:21,221 INFO train epoch 20/50 batch 52/66 (79%) running_loss=0.3062
2026-09-17 17:41:21,898 INFO train epoch 20/50 batch 65/66 (98%) running_loss=0.3058
2026-09-17 17:41:21,918 INFO train epoch 20/50 batch 66/66 (100%) running_loss=0.3063
2026-09-17 17:41:23,192 INFO epoch 20/50 done: train_loss=0.3063 val_loss=0.2963 val_accuracy=0.9262 val_macro_f1=0.9016 val_macro_auc=0.9824 (checkpoint_metric=macro_auc) [new best]
2026-09-17 17:41:24,137 INFO train epoch 21/50 batch 13/66 (20%) running_loss=0.3030
2026-09-17 17:41:24,764 INFO train epoch 21/50 batch 26/66 (39%) running_loss=0.3036
2026-09-17 17:41:25,380 INFO train epoch 21/50 batch 39/66 (59%) running_loss=0.3058
2026-09-17 17:41:26,116 INFO train epoch 21/50 batch 52/66 (79%) running_loss=0.3062
2026-09-17 17:41:26,758 INFO train epoch 21/50 batch 65/66 (98%) running_loss=0.3062
2026-09-17 17:41:26,776 INFO train epoch 21/50 batch 66/66 (100%) running_loss=0.3070
2026-09-17 17:41:28,024 INFO epoch 21/50 done: train_loss=0.3070 val_loss=0.2699 val_accuracy=0.9324 val_macro_f1=0.9082 val_macro_auc=0.9840 (checkpoint_metric=macro_auc) [new best]
2026-09-17 17:41:28,985 INFO train epoch 22/50 batch 13/66 (20%) running_loss=0.3049
2026-09-17 17:41:29,628 INFO train epoch 22/50 batch 26/66 (39%) running_loss=0.3044
2026-09-17 17:41:30,273 INFO train epoch 22/50 batch 39/66 (59%) running_loss=0.3039
2026-09-17 17:41:30,925 INFO train epoch 22/50 batch 52/66 (79%) running_loss=0.3041
2026-09-17 17:41:31,661 INFO train epoch 22/50 batch 65/66 (98%) running_loss=0.3047
2026-09-17 17:41:31,680 INFO train epoch 22/50 batch 66/66 (100%) running_loss=0.3047
2026-09-17 17:41:32,910 INFO epoch 22/50 done: train_loss=0.3047 val_loss=0.2721 val_accuracy=0.9324 val_macro_f1=0.9096 val_macro_auc=0.9835 (checkpoint_metric=macro_auc) [new best]
2026-09-17 17:41:33,857 INFO train epoch 23/50 batch 13/66 (20%) running_loss=0.3048
2026-09-17 17:41:34,497 INFO train epoch 23/50 batch 26/66 (39%) running_loss=0.3068
2026-09-17 17:41:35,181 INFO train epoch 23/50 batch 39/66 (59%) running_loss=0.3056
2026-09-17 17:41:35,824 INFO train epoch 23/50 batch 52/66 (79%) running_loss=0.3057
2026-09-17 17:41:36,455 INFO train epoch 23/50 batch 65/66 (98%) running_loss=0.3055
2026-09-17 17:41:36,476 INFO train epoch 23/50 batch 66/66 (100%) running_loss=0.3057
2026-09-17 17:41:37,736 INFO epoch 23/50 done: train_loss=0.3057 val_loss=0.2745 val_accuracy=0.9344 val_macro_f1=0.9121 val_macro_auc=0.9827 (checkpoint_metric=macro_auc) [new best]
2026-09-17 17:41:38,681 INFO train epoch 24/50 batch 13/66 (20%) running_loss=0.3043
2026-09-17 17:41:39,378 INFO train epoch 24/50 batch 26/66 (39%) running_loss=0.3042
2026-09-17 17:41:40,022 INFO train epoch 24/50 batch 39/66 (59%) running_loss=0.3028
2026-09-17 17:41:40,652 INFO train epoch 24/50 batch 52/66 (79%) running_loss=0.3039
2026-09-17 17:41:41,281 INFO train epoch 24/50 batch 65/66 (98%) running_loss=0.3050
2026-09-17 17:41:41,366 INFO train epoch 24/50 batch 66/66 (100%) running_loss=0.3052
2026-09-17 17:41:42,395 INFO epoch 24/50 done: train_loss=0.3052 val_loss=0.2839 val_accuracy=0.9262 val_macro_f1=0.9013 val_macro_auc=0.9824 (checkpoint_metric=macro_auc)
2026-09-17 17:41:43,398 INFO train epoch 25/50 batch 13/66 (20%) running_loss=0.3023
2026-09-17 17:41:44,041 INFO train epoch 25/50 batch 26/66 (39%) running_loss=0.3024
2026-09-17 17:41:44,664 INFO train epoch 25/50 batch 39/66 (59%) running_loss=0.3040
2026-09-17 17:41:45,329 INFO train epoch 25/50 batch 52/66 (79%) running_loss=0.3048
2026-09-17 17:41:46,086 INFO train epoch 25/50 batch 65/66 (98%) running_loss=0.3040
2026-09-17 17:41:46,104 INFO train epoch 25/50 batch 66/66 (100%) running_loss=0.3044
2026-09-17 17:41:47,128 INFO epoch 25/50 done: train_loss=0.3044 val_loss=0.2695 val_accuracy=0.9324 val_macro_f1=0.9074 val_macro_auc=0.9833 (checkpoint_metric=macro_auc)
2026-09-17 17:41:48,186 INFO train epoch 26/50 batch 13/66 (20%) running_loss=0.3040
2026-09-17 17:41:49,275 INFO train epoch 26/50 batch 26/66 (39%) running_loss=0.3034
2026-09-17 17:41:50,143 INFO train epoch 26/50 batch 39/66 (59%) running_loss=0.3029
2026-09-17 17:41:50,786 INFO train epoch 26/50 batch 52/66 (79%) running_loss=0.3029
2026-09-17 17:41:51,553 INFO train epoch 26/50 batch 65/66 (98%) running_loss=0.3050
2026-09-17 17:41:51,572 INFO train epoch 26/50 batch 66/66 (100%) running_loss=0.3050
2026-09-17 17:41:52,632 INFO epoch 26/50 done: train_loss=0.3050 val_loss=0.2665 val_accuracy=0.9262 val_macro_f1=0.9002 val_macro_auc=0.9843 (checkpoint_metric=macro_auc)
2026-09-17 17:41:53,583 INFO train epoch 27/50 batch 13/66 (20%) running_loss=0.3041
2026-09-17 17:41:54,201 INFO train epoch 27/50 batch 26/66 (39%) running_loss=0.3060
2026-09-17 17:41:54,847 INFO train epoch 27/50 batch 39/66 (59%) running_loss=0.3053
2026-09-17 17:41:55,527 INFO train epoch 27/50 batch 52/66 (79%) running_loss=0.3043
2026-09-17 17:41:56,144 INFO train epoch 27/50 batch 65/66 (98%) running_loss=0.3038
2026-09-17 17:41:56,231 INFO train epoch 27/50 batch 66/66 (100%) running_loss=0.3037
2026-09-17 17:41:57,400 INFO epoch 27/50 done: train_loss=0.3037 val_loss=0.2753 val_accuracy=0.9324 val_macro_f1=0.9079 val_macro_auc=0.9842 (checkpoint_metric=macro_auc) [new best]
2026-09-17 17:41:58,398 INFO train epoch 28/50 batch 13/66 (20%) running_loss=0.3060
2026-09-17 17:41:59,028 INFO train epoch 28/50 batch 26/66 (39%) running_loss=0.3032
2026-09-17 17:41:59,689 INFO train epoch 28/50 batch 39/66 (59%) running_loss=0.3048
2026-09-17 17:42:00,361 INFO train epoch 28/50 batch 52/66 (79%) running_loss=0.3057
2026-09-17 17:42:01,120 INFO train epoch 28/50 batch 65/66 (98%) running_loss=0.3047
2026-09-17 17:42:01,139 INFO train epoch 28/50 batch 66/66 (100%) running_loss=0.3050
2026-09-17 17:42:02,389 INFO epoch 28/50 done: train_loss=0.3050 val_loss=0.2711 val_accuracy=0.9283 val_macro_f1=0.9027 val_macro_auc=0.9839 (checkpoint_metric=macro_auc) [new best]
2026-09-17 17:42:03,331 INFO train epoch 29/50 batch 13/66 (20%) running_loss=0.3100
2026-09-17 17:42:03,969 INFO train epoch 29/50 batch 26/66 (39%) running_loss=0.3059
2026-09-17 17:42:04,603 INFO train epoch 29/50 batch 39/66 (59%) running_loss=0.3057
2026-09-17 17:42:05,332 INFO train epoch 29/50 batch 52/66 (79%) running_loss=0.3053
2026-09-17 17:42:05,966 INFO train epoch 29/50 batch 65/66 (98%) running_loss=0.3048
2026-09-17 17:42:05,984 INFO train epoch 29/50 batch 66/66 (100%) running_loss=0.3048
2026-09-17 17:42:07,260 INFO epoch 29/50 done: train_loss=0.3048 val_loss=0.2739 val_accuracy=0.9262 val_macro_f1=0.9014 val_macro_auc=0.9846 (checkpoint_metric=macro_auc) [new best]
2026-09-17 17:42:08,204 INFO train epoch 30/50 batch 13/66 (20%) running_loss=0.3036
2026-09-17 17:42:08,890 INFO train epoch 30/50 batch 26/66 (39%) running_loss=0.3031
2026-09-17 17:42:09,586 INFO train epoch 30/50 batch 39/66 (59%) running_loss=0.3084
2026-09-17 17:42:10,267 INFO train epoch 30/50 batch 52/66 (79%) running_loss=0.3070
2026-09-17 17:42:10,903 INFO train epoch 30/50 batch 65/66 (98%) running_loss=0.3068
2026-09-17 17:42:10,921 INFO train epoch 30/50 batch 66/66 (100%) running_loss=0.3067
2026-09-17 17:42:12,197 INFO epoch 30/50 done: train_loss=0.3067 val_loss=0.2696 val_accuracy=0.9283 val_macro_f1=0.9034 val_macro_auc=0.9845 (checkpoint_metric=macro_auc) [new best]
2026-09-17 17:42:13,185 INFO train epoch 31/50 batch 13/66 (20%) running_loss=0.3038
2026-09-17 17:42:13,847 INFO train epoch 31/50 batch 26/66 (39%) running_loss=0.3041
2026-09-17 17:42:14,501 INFO train epoch 31/50 batch 39/66 (59%) running_loss=0.3052
2026-09-17 17:42:15,163 INFO train epoch 31/50 batch 52/66 (79%) running_loss=0.3042
2026-09-17 17:42:15,923 INFO train epoch 31/50 batch 65/66 (98%) running_loss=0.3056
2026-09-17 17:42:15,941 INFO train epoch 31/50 batch 66/66 (100%) running_loss=0.3056
2026-09-17 17:42:17,187 INFO epoch 31/50 done: train_loss=0.3056 val_loss=0.2690 val_accuracy=0.9324 val_macro_f1=0.9096 val_macro_auc=0.9847 (checkpoint_metric=macro_auc) [new best]
2026-09-17 17:42:18,160 INFO train epoch 32/50 batch 13/66 (20%) running_loss=0.2998
2026-09-17 17:42:18,778 INFO train epoch 32/50 batch 26/66 (39%) running_loss=0.3018
2026-09-17 17:42:19,399 INFO train epoch 32/50 batch 39/66 (59%) running_loss=0.3032
2026-09-17 17:42:20,076 INFO train epoch 32/50 batch 52/66 (79%) running_loss=0.3030
2026-09-17 17:42:20,826 INFO train epoch 32/50 batch 65/66 (98%) running_loss=0.3035
2026-09-17 17:42:20,844 INFO train epoch 32/50 batch 66/66 (100%) running_loss=0.3035
2026-09-17 17:42:21,870 INFO epoch 32/50 done: train_loss=0.3035 val_loss=0.2748 val_accuracy=0.9283 val_macro_f1=0.9055 val_macro_auc=0.9843 (checkpoint_metric=macro_auc)
2026-09-17 17:42:22,866 INFO train epoch 33/50 batch 13/66 (20%) running_loss=0.3023
2026-09-17 17:42:23,498 INFO train epoch 33/50 batch 26/66 (39%) running_loss=0.3068
2026-09-17 17:42:24,158 INFO train epoch 33/50 batch 39/66 (59%) running_loss=0.3052
2026-09-17 17:42:24,766 INFO train epoch 33/50 batch 52/66 (79%) running_loss=0.3043
2026-09-17 17:42:25,476 INFO train epoch 33/50 batch 65/66 (98%) running_loss=0.3040
2026-09-17 17:42:25,506 INFO train epoch 33/50 batch 66/66 (100%) running_loss=0.3039
2026-09-17 17:42:26,530 INFO epoch 33/50 done: train_loss=0.3039 val_loss=0.2709 val_accuracy=0.9303 val_macro_f1=0.9058 val_macro_auc=0.9836 (checkpoint_metric=macro_auc)
2026-09-17 17:42:27,554 INFO train epoch 34/50 batch 13/66 (20%) running_loss=0.3028
2026-09-17 17:42:28,224 INFO train epoch 34/50 batch 26/66 (39%) running_loss=0.3031
2026-09-17 17:42:28,893 INFO train epoch 34/50 batch 39/66 (59%) running_loss=0.3034
2026-09-17 17:42:29,566 INFO train epoch 34/50 batch 52/66 (79%) running_loss=0.3049
2026-09-17 17:42:30,318 INFO train epoch 34/50 batch 65/66 (98%) running_loss=0.3041
2026-09-17 17:42:30,336 INFO train epoch 34/50 batch 66/66 (100%) running_loss=0.3041
2026-09-17 17:42:31,372 INFO epoch 34/50 done: train_loss=0.3041 val_loss=0.2727 val_accuracy=0.9324 val_macro_f1=0.9089 val_macro_auc=0.9847 (checkpoint_metric=macro_auc)
2026-09-17 17:42:32,328 INFO train epoch 35/50 batch 13/66 (20%) running_loss=0.3073
2026-09-17 17:42:32,940 INFO train epoch 35/50 batch 26/66 (39%) running_loss=0.3047
2026-09-17 17:42:33,570 INFO train epoch 35/50 batch 39/66 (59%) running_loss=0.3078
2026-09-17 17:42:34,233 INFO train epoch 35/50 batch 52/66 (79%) running_loss=0.3069
2026-09-17 17:42:34,902 INFO train epoch 35/50 batch 65/66 (98%) running_loss=0.3060
2026-09-17 17:42:34,921 INFO train epoch 35/50 batch 66/66 (100%) running_loss=0.3059
2026-09-17 17:42:35,939 INFO epoch 35/50 done: train_loss=0.3059 val_loss=0.2664 val_accuracy=0.9324 val_macro_f1=0.9089 val_macro_auc=0.9832 (checkpoint_metric=macro_auc)
2026-09-17 17:42:36,934 INFO train epoch 36/50 batch 13/66 (20%) running_loss=0.3013
2026-09-17 17:42:37,549 INFO train epoch 36/50 batch 26/66 (39%) running_loss=0.3022
2026-09-17 17:42:38,161 INFO train epoch 36/50 batch 39/66 (59%) running_loss=0.3027
2026-09-17 17:42:38,852 INFO train epoch 36/50 batch 52/66 (79%) running_loss=0.3038
2026-09-17 17:42:39,478 INFO train epoch 36/50 batch 65/66 (98%) running_loss=0.3035
2026-09-17 17:42:39,496 INFO train epoch 36/50 batch 66/66 (100%) running_loss=0.3035
2026-09-17 17:42:40,528 INFO epoch 36/50 done: train_loss=0.3035 val_loss=0.2689 val_accuracy=0.9344 val_macro_f1=0.9106 val_macro_auc=0.9845 (checkpoint_metric=macro_auc)
2026-09-17 17:42:41,494 INFO train epoch 37/50 batch 13/66 (20%) running_loss=0.3011
2026-09-17 17:42:42,132 INFO train epoch 37/50 batch 26/66 (39%) running_loss=0.3024
2026-09-17 17:42:42,752 INFO train epoch 37/50 batch 39/66 (59%) running_loss=0.3026
2026-09-17 17:42:43,513 INFO train epoch 37/50 batch 52/66 (79%) running_loss=0.3038
2026-09-17 17:42:44,141 INFO train epoch 37/50 batch 65/66 (98%) running_loss=0.3041
2026-09-17 17:42:44,159 INFO train epoch 37/50 batch 66/66 (100%) running_loss=0.3041
2026-09-17 17:42:45,194 INFO epoch 37/50 done: train_loss=0.3041 val_loss=0.2601 val_accuracy=0.9344 val_macro_f1=0.9106 val_macro_auc=0.9854 (checkpoint_metric=macro_auc)
2026-09-17 17:42:46,174 INFO train epoch 38/50 batch 13/66 (20%) running_loss=0.3047
2026-09-17 17:42:46,813 INFO train epoch 38/50 batch 26/66 (39%) running_loss=0.3041
2026-09-17 17:42:47,458 INFO train epoch 38/50 batch 39/66 (59%) running_loss=0.3031
2026-09-17 17:42:48,101 INFO train epoch 38/50 batch 52/66 (79%) running_loss=0.3038
2026-09-17 17:42:48,840 INFO train epoch 38/50 batch 65/66 (98%) running_loss=0.3037
2026-09-17 17:42:48,859 INFO train epoch 38/50 batch 66/66 (100%) running_loss=0.3037
2026-09-17 17:42:50,120 INFO epoch 38/50 done: train_loss=0.3037 val_loss=0.2580 val_accuracy=0.9344 val_macro_f1=0.9107 val_macro_auc=0.9851 (checkpoint_metric=macro_auc) [new best]
2026-09-17 17:42:51,128 INFO train epoch 39/50 batch 13/66 (20%) running_loss=0.3039
2026-09-17 17:42:51,795 INFO train epoch 39/50 batch 26/66 (39%) running_loss=0.3029
2026-09-17 17:42:52,470 INFO train epoch 39/50 batch 39/66 (59%) running_loss=0.3053
2026-09-17 17:42:53,103 INFO train epoch 39/50 batch 52/66 (79%) running_loss=0.3049
2026-09-17 17:42:53,803 INFO train epoch 39/50 batch 65/66 (98%) running_loss=0.3043
2026-09-17 17:42:53,822 INFO train epoch 39/50 batch 66/66 (100%) running_loss=0.3042
2026-09-17 17:42:54,855 INFO epoch 39/50 done: train_loss=0.3042 val_loss=0.2650 val_accuracy=0.9344 val_macro_f1=0.9121 val_macro_auc=0.9844 (checkpoint_metric=macro_auc)
2026-09-17 17:42:55,808 INFO train epoch 40/50 batch 13/66 (20%) running_loss=0.3006
2026-09-17 17:42:56,417 INFO train epoch 40/50 batch 26/66 (39%) running_loss=0.3010
2026-09-17 17:42:57,117 INFO train epoch 40/50 batch 39/66 (59%) running_loss=0.3011
2026-09-17 17:42:57,791 INFO train epoch 40/50 batch 52/66 (79%) running_loss=0.3010
2026-09-17 17:42:58,463 INFO train epoch 40/50 batch 65/66 (98%) running_loss=0.3010
2026-09-17 17:42:58,481 INFO train epoch 40/50 batch 66/66 (100%) running_loss=0.3011
2026-09-17 17:42:59,538 INFO epoch 40/50 done: train_loss=0.3011 val_loss=0.2804 val_accuracy=0.9303 val_macro_f1=0.9086 val_macro_auc=0.9844 (checkpoint_metric=macro_auc)
2026-09-17 17:43:00,498 INFO train epoch 41/50 batch 13/66 (20%) running_loss=0.3026
2026-09-17 17:43:01,135 INFO train epoch 41/50 batch 26/66 (39%) running_loss=0.3032
2026-09-17 17:43:01,787 INFO train epoch 41/50 batch 39/66 (59%) running_loss=0.3036
2026-09-17 17:43:02,424 INFO train epoch 41/50 batch 52/66 (79%) running_loss=0.3037
2026-09-17 17:43:03,161 INFO train epoch 41/50 batch 65/66 (98%) running_loss=0.3045
2026-09-17 17:43:03,179 INFO train epoch 41/50 batch 66/66 (100%) running_loss=0.3045
2026-09-17 17:43:04,193 INFO epoch 41/50 done: train_loss=0.3045 val_loss=0.2752 val_accuracy=0.9283 val_macro_f1=0.9033 val_macro_auc=0.9832 (checkpoint_metric=macro_auc)
2026-09-17 17:43:05,191 INFO train epoch 42/50 batch 13/66 (20%) running_loss=0.3035
2026-09-17 17:43:05,859 INFO train epoch 42/50 batch 26/66 (39%) running_loss=0.3029
2026-09-17 17:43:06,520 INFO train epoch 42/50 batch 39/66 (59%) running_loss=0.3021
2026-09-17 17:43:07,194 INFO train epoch 42/50 batch 52/66 (79%) running_loss=0.3023
2026-09-17 17:43:07,908 INFO train epoch 42/50 batch 65/66 (98%) running_loss=0.3031
2026-09-17 17:43:07,927 INFO train epoch 42/50 batch 66/66 (100%) running_loss=0.3031
2026-09-17 17:43:08,955 INFO epoch 42/50 done: train_loss=0.3031 val_loss=0.2818 val_accuracy=0.9221 val_macro_f1=0.8977 val_macro_auc=0.9845 (checkpoint_metric=macro_auc)
2026-09-17 17:43:09,895 INFO train epoch 43/50 batch 13/66 (20%) running_loss=0.3000
2026-09-17 17:43:10,517 INFO train epoch 43/50 batch 26/66 (39%) running_loss=0.3009
2026-09-17 17:43:11,139 INFO train epoch 43/50 batch 39/66 (59%) running_loss=0.3018
2026-09-17 17:43:11,842 INFO train epoch 43/50 batch 52/66 (79%) running_loss=0.3026
2026-09-17 17:43:12,473 INFO train epoch 43/50 batch 65/66 (98%) running_loss=0.3027
2026-09-17 17:43:12,491 INFO train epoch 43/50 batch 66/66 (100%) running_loss=0.3026
2026-09-17 17:43:13,499 INFO epoch 43/50 done: train_loss=0.3026 val_loss=0.2721 val_accuracy=0.9324 val_macro_f1=0.9096 val_macro_auc=0.9839 (checkpoint_metric=macro_auc)
2026-09-17 17:43:14,461 INFO train epoch 44/50 batch 13/66 (20%) running_loss=0.3063
2026-09-17 17:43:15,108 INFO train epoch 44/50 batch 26/66 (39%) running_loss=0.3034
2026-09-17 17:43:15,757 INFO train epoch 44/50 batch 39/66 (59%) running_loss=0.3041
2026-09-17 17:43:16,388 INFO train epoch 44/50 batch 52/66 (79%) running_loss=0.3029
2026-09-17 17:43:17,130 INFO train epoch 44/50 batch 65/66 (98%) running_loss=0.3033
2026-09-17 17:43:17,149 INFO train epoch 44/50 batch 66/66 (100%) running_loss=0.3035
2026-09-17 17:43:18,195 INFO epoch 44/50 done: train_loss=0.3035 val_loss=0.2660 val_accuracy=0.9303 val_macro_f1=0.9062 val_macro_auc=0.9842 (checkpoint_metric=macro_auc)
2026-09-17 17:43:19,181 INFO train epoch 45/50 batch 13/66 (20%) running_loss=0.2999
2026-09-17 17:43:19,806 INFO train epoch 45/50 batch 26/66 (39%) running_loss=0.3012
2026-09-17 17:43:20,465 INFO train epoch 45/50 batch 39/66 (59%) running_loss=0.3037
2026-09-17 17:43:21,125 INFO train epoch 45/50 batch 52/66 (79%) running_loss=0.3040
2026-09-17 17:43:21,779 INFO train epoch 45/50 batch 65/66 (98%) running_loss=0.3037
2026-09-17 17:43:21,859 INFO train epoch 45/50 batch 66/66 (100%) running_loss=0.3038
2026-09-17 17:43:22,866 INFO epoch 45/50 done: train_loss=0.3038 val_loss=0.2712 val_accuracy=0.9324 val_macro_f1=0.9089 val_macro_auc=0.9845 (checkpoint_metric=macro_auc)
2026-09-17 17:43:23,824 INFO train epoch 46/50 batch 13/66 (20%) running_loss=0.3053
2026-09-17 17:43:24,459 INFO train epoch 46/50 batch 26/66 (39%) running_loss=0.3064
2026-09-17 17:43:25,146 INFO train epoch 46/50 batch 39/66 (59%) running_loss=0.3047
2026-09-17 17:43:25,808 INFO train epoch 46/50 batch 52/66 (79%) running_loss=0.3039
2026-09-17 17:43:26,461 INFO train epoch 46/50 batch 65/66 (98%) running_loss=0.3033
2026-09-17 17:43:26,479 INFO train epoch 46/50 batch 66/66 (100%) running_loss=0.3034
2026-09-17 17:43:27,549 INFO epoch 46/50 done: train_loss=0.3034 val_loss=0.2647 val_accuracy=0.9324 val_macro_f1=0.9082 val_macro_auc=0.9846 (checkpoint_metric=macro_auc)
2026-09-17 17:43:28,492 INFO train epoch 47/50 batch 13/66 (20%) running_loss=0.3043
2026-09-17 17:43:29,137 INFO train epoch 47/50 batch 26/66 (39%) running_loss=0.3054
2026-09-17 17:43:29,795 INFO train epoch 47/50 batch 39/66 (59%) running_loss=0.3049
2026-09-17 17:43:30,446 INFO train epoch 47/50 batch 52/66 (79%) running_loss=0.3050
2026-09-17 17:43:31,098 INFO train epoch 47/50 batch 65/66 (98%) running_loss=0.3048
2026-09-17 17:43:31,116 INFO train epoch 47/50 batch 66/66 (100%) running_loss=0.3048
2026-09-17 17:43:32,149 INFO epoch 47/50 done: train_loss=0.3048 val_loss=0.2580 val_accuracy=0.9344 val_macro_f1=0.9106 val_macro_auc=0.9851 (checkpoint_metric=macro_auc)
2026-09-17 17:43:33,159 INFO train epoch 48/50 batch 13/66 (20%) running_loss=0.3079
2026-09-17 17:43:33,785 INFO train epoch 48/50 batch 26/66 (39%) running_loss=0.3054
2026-09-17 17:43:34,425 INFO train epoch 48/50 batch 39/66 (59%) running_loss=0.3034
2026-09-17 17:43:35,092 INFO train epoch 48/50 batch 52/66 (79%) running_loss=0.3030
2026-09-17 17:43:35,782 INFO train epoch 48/50 batch 65/66 (98%) running_loss=0.3035
2026-09-17 17:43:35,800 INFO train epoch 48/50 batch 66/66 (100%) running_loss=0.3035
2026-09-17 17:43:36,814 INFO epoch 48/50 done: train_loss=0.3035 val_loss=0.2661 val_accuracy=0.9303 val_macro_f1=0.9058 val_macro_auc=0.9839 (checkpoint_metric=macro_auc)
2026-09-17 17:43:37,763 INFO train epoch 49/50 batch 13/66 (20%) running_loss=0.2990
2026-09-17 17:43:38,391 INFO train epoch 49/50 batch 26/66 (39%) running_loss=0.3000
2026-09-17 17:43:39,080 INFO train epoch 49/50 batch 39/66 (59%) running_loss=0.3014
2026-09-17 17:43:39,754 INFO train epoch 49/50 batch 52/66 (79%) running_loss=0.3011
2026-09-17 17:43:40,392 INFO train epoch 49/50 batch 65/66 (98%) running_loss=0.3027
2026-09-17 17:43:40,412 INFO train epoch 49/50 batch 66/66 (100%) running_loss=0.3027
2026-09-17 17:43:41,442 INFO epoch 49/50 done: train_loss=0.3027 val_loss=0.2631 val_accuracy=0.9365 val_macro_f1=0.9123 val_macro_auc=0.9842 (checkpoint_metric=macro_auc)
2026-09-17 17:43:42,432 INFO train epoch 50/50 batch 13/66 (20%) running_loss=0.3004
2026-09-17 17:43:43,091 INFO train epoch 50/50 batch 26/66 (39%) running_loss=0.2998
2026-09-17 17:43:43,731 INFO train epoch 50/50 batch 39/66 (59%) running_loss=0.2999
2026-09-17 17:43:44,388 INFO train epoch 50/50 batch 52/66 (79%) running_loss=0.3006
2026-09-17 17:43:45,150 INFO train epoch 50/50 batch 65/66 (98%) running_loss=0.3010
2026-09-17 17:43:45,168 INFO train epoch 50/50 batch 66/66 (100%) running_loss=0.3014
2026-09-17 17:43:46,188 INFO epoch 50/50 done: train_loss=0.3014 val_loss=0.2685 val_accuracy=0.9283 val_macro_f1=0.9037 val_macro_auc=0.9834 (checkpoint_metric=macro_auc)
2026-09-17 17:43:46,331 INFO Training finished. Best epoch=38, smoothed macro_auc=0.9850 (window=3)
2026-09-17 17:43:47,719 INFO Test set evaluated once: accuracy=0.8608 macro_f1=0.8497 macro_auc=0.9589
2026-09-17 17:43:48,337 INFO Model size: 11.18M params, 0.335 GFLOPs at 96x96
