2026-09-17 23:02:45,409 INFO Starting baseline training: model=efficientnet_v2_m device=cuda amp=True image_size=96 epochs=100 lr=0.001 optimizer=sgd
2026-09-17 23:02:45,659 INFO Dataset ready: 3 classes, 2102 train / 488 val samples (split reused from outputs/baseline_efficientnet_v2_m_96_adaptive_ep100_s3/split_indices.json)
2026-09-17 23:02:45,659 INFO Augmentation policy: sample-adaptive, from outputs/main1/augmentation_run/selected_policy.json
2026-09-17 23:02:47,059 INFO Classes: {'glioma_tumor': 0, 'meningioma_tumor': 1, 'pituitary_tumor': 2}
2026-09-17 23:02:47,059 INFO Regularization: weight_decay=7.0e-04 label_smoothing=0.10 grad_clip_norm=5.0
2026-09-17 23:02:50,646 INFO train epoch 1/100 batch 13/66 (20%) running_loss=1.1527
2026-09-17 23:02:52,465 INFO train epoch 1/100 batch 26/66 (39%) running_loss=1.1427
2026-09-17 23:02:54,311 INFO train epoch 1/100 batch 39/66 (59%) running_loss=1.1432
2026-09-17 23:02:56,177 INFO train epoch 1/100 batch 52/66 (79%) running_loss=1.1385
2026-09-17 23:02:57,997 INFO train epoch 1/100 batch 65/66 (98%) running_loss=1.1343
2026-09-17 23:02:58,569 INFO train epoch 1/100 batch 66/66 (100%) running_loss=1.1341
2026-09-17 23:03:00,467 INFO epoch 1/100 done: train_loss=1.1341 val_loss=1.0918 val_accuracy=0.3730 val_macro_f1=0.3300 val_macro_auc=0.4952 (checkpoint_metric=macro_auc) [new best]
2026-09-17 23:03:02,792 INFO train epoch 2/100 batch 13/66 (20%) running_loss=1.1124
2026-09-17 23:03:04,631 INFO train epoch 2/100 batch 26/66 (39%) running_loss=1.1010
2026-09-17 23:03:06,439 INFO train epoch 2/100 batch 39/66 (59%) running_loss=1.1009
2026-09-17 23:03:08,281 INFO train epoch 2/100 batch 52/66 (79%) running_loss=1.0951
2026-09-17 23:03:10,104 INFO train epoch 2/100 batch 65/66 (98%) running_loss=1.0905
2026-09-17 23:03:10,249 INFO train epoch 2/100 batch 66/66 (100%) running_loss=1.0904
2026-09-17 23:03:12,613 INFO epoch 2/100 done: train_loss=1.0904 val_loss=1.0706 val_accuracy=0.4201 val_macro_f1=0.3768 val_macro_auc=0.5688 (checkpoint_metric=macro_auc) [new best]
2026-09-17 23:03:15,109 INFO train epoch 3/100 batch 13/66 (20%) running_loss=1.0965
2026-09-17 23:03:16,941 INFO train epoch 3/100 batch 26/66 (39%) running_loss=1.0863
2026-09-17 23:03:18,764 INFO train epoch 3/100 batch 39/66 (59%) running_loss=1.0794
2026-09-17 23:03:20,589 INFO train epoch 3/100 batch 52/66 (79%) running_loss=1.0735
2026-09-17 23:03:22,401 INFO train epoch 3/100 batch 65/66 (98%) running_loss=1.0715
2026-09-17 23:03:22,543 INFO train epoch 3/100 batch 66/66 (100%) running_loss=1.0710
2026-09-17 23:03:24,947 INFO epoch 3/100 done: train_loss=1.0710 val_loss=1.0310 val_accuracy=0.5082 val_macro_f1=0.4297 val_macro_auc=0.6168 (checkpoint_metric=macro_auc) [new best]
2026-09-17 23:03:27,379 INFO train epoch 4/100 batch 13/66 (20%) running_loss=1.0712
2026-09-17 23:03:29,249 INFO train epoch 4/100 batch 26/66 (39%) running_loss=1.0607
2026-09-17 23:03:31,198 INFO train epoch 4/100 batch 39/66 (59%) running_loss=1.0544
2026-09-17 23:03:33,099 INFO train epoch 4/100 batch 52/66 (79%) running_loss=1.0501
2026-09-17 23:03:34,973 INFO train epoch 4/100 batch 65/66 (98%) running_loss=1.0453
2026-09-17 23:03:35,117 INFO train epoch 4/100 batch 66/66 (100%) running_loss=1.0453
2026-09-17 23:03:37,491 INFO epoch 4/100 done: train_loss=1.0453 val_loss=0.9865 val_accuracy=0.5840 val_macro_f1=0.4788 val_macro_auc=0.6798 (checkpoint_metric=macro_auc) [new best]
2026-09-17 23:03:39,817 INFO train epoch 5/100 batch 13/66 (20%) running_loss=1.0159
2026-09-17 23:03:41,670 INFO train epoch 5/100 batch 26/66 (39%) running_loss=1.0209
2026-09-17 23:03:43,561 INFO train epoch 5/100 batch 39/66 (59%) running_loss=1.0212
2026-09-17 23:03:45,386 INFO train epoch 5/100 batch 52/66 (79%) running_loss=1.0130
2026-09-17 23:03:47,189 INFO train epoch 5/100 batch 65/66 (98%) running_loss=1.0099
2026-09-17 23:03:47,331 INFO train epoch 5/100 batch 66/66 (100%) running_loss=1.0096
2026-09-17 23:03:49,669 INFO epoch 5/100 done: train_loss=1.0096 val_loss=0.9324 val_accuracy=0.6393 val_macro_f1=0.5300 val_macro_auc=0.7466 (checkpoint_metric=macro_auc) [new best]
2026-09-17 23:03:52,082 INFO train epoch 6/100 batch 13/66 (20%) running_loss=0.9500
2026-09-17 23:03:54,131 INFO train epoch 6/100 batch 26/66 (39%) running_loss=0.9551
2026-09-17 23:03:55,981 INFO train epoch 6/100 batch 39/66 (59%) running_loss=0.9623
2026-09-17 23:03:57,829 INFO train epoch 6/100 batch 52/66 (79%) running_loss=0.9582
2026-09-17 23:03:59,676 INFO train epoch 6/100 batch 65/66 (98%) running_loss=0.9598
2026-09-17 23:03:59,823 INFO train epoch 6/100 batch 66/66 (100%) running_loss=0.9601
2026-09-17 23:04:02,262 INFO epoch 6/100 done: train_loss=0.9601 val_loss=0.8531 val_accuracy=0.6680 val_macro_f1=0.5201 val_macro_auc=0.7887 (checkpoint_metric=macro_auc) [new best]
2026-09-17 23:04:04,655 INFO train epoch 7/100 batch 13/66 (20%) running_loss=0.9402
2026-09-17 23:04:06,473 INFO train epoch 7/100 batch 26/66 (39%) running_loss=0.9267
2026-09-17 23:04:08,306 INFO train epoch 7/100 batch 39/66 (59%) running_loss=0.9193
2026-09-17 23:04:10,164 INFO train epoch 7/100 batch 52/66 (79%) running_loss=0.9215
2026-09-17 23:04:11,969 INFO train epoch 7/100 batch 65/66 (98%) running_loss=0.9167
2026-09-17 23:04:12,112 INFO train epoch 7/100 batch 66/66 (100%) running_loss=0.9162
2026-09-17 23:04:14,861 INFO epoch 7/100 done: train_loss=0.9162 val_loss=0.7800 val_accuracy=0.7193 val_macro_f1=0.5666 val_macro_auc=0.8307 (checkpoint_metric=macro_auc) [new best]
2026-09-17 23:04:17,263 INFO train epoch 8/100 batch 13/66 (20%) running_loss=0.8656
2026-09-17 23:04:19,128 INFO train epoch 8/100 batch 26/66 (39%) running_loss=0.8816
2026-09-17 23:04:21,025 INFO train epoch 8/100 batch 39/66 (59%) running_loss=0.8789
2026-09-17 23:04:22,934 INFO train epoch 8/100 batch 52/66 (79%) running_loss=0.8678
2026-09-17 23:04:24,817 INFO train epoch 8/100 batch 65/66 (98%) running_loss=0.8585
2026-09-17 23:04:24,963 INFO train epoch 8/100 batch 66/66 (100%) running_loss=0.8574
2026-09-17 23:04:27,338 INFO epoch 8/100 done: train_loss=0.8574 val_loss=0.6737 val_accuracy=0.7623 val_macro_f1=0.6095 val_macro_auc=0.8751 (checkpoint_metric=macro_auc) [new best]
2026-09-17 23:04:29,692 INFO train epoch 9/100 batch 13/66 (20%) running_loss=0.8083
2026-09-17 23:04:31,549 INFO train epoch 9/100 batch 26/66 (39%) running_loss=0.8037
2026-09-17 23:04:33,365 INFO train epoch 9/100 batch 39/66 (59%) running_loss=0.7908
2026-09-17 23:04:35,183 INFO train epoch 9/100 batch 52/66 (79%) running_loss=0.7922
2026-09-17 23:04:37,025 INFO train epoch 9/100 batch 65/66 (98%) running_loss=0.7896
2026-09-17 23:04:37,168 INFO train epoch 9/100 batch 66/66 (100%) running_loss=0.7888
2026-09-17 23:04:39,596 INFO epoch 9/100 done: train_loss=0.7888 val_loss=0.6184 val_accuracy=0.7664 val_macro_f1=0.6155 val_macro_auc=0.8796 (checkpoint_metric=macro_auc) [new best]
2026-09-17 23:04:41,923 INFO train epoch 10/100 batch 13/66 (20%) running_loss=0.7663
2026-09-17 23:04:43,775 INFO train epoch 10/100 batch 26/66 (39%) running_loss=0.7506
2026-09-17 23:04:45,627 INFO train epoch 10/100 batch 39/66 (59%) running_loss=0.7454
2026-09-17 23:04:47,452 INFO train epoch 10/100 batch 52/66 (79%) running_loss=0.7349
2026-09-17 23:04:49,259 INFO train epoch 10/100 batch 65/66 (98%) running_loss=0.7272
2026-09-17 23:04:49,401 INFO train epoch 10/100 batch 66/66 (100%) running_loss=0.7289
2026-09-17 23:04:51,787 INFO epoch 10/100 done: train_loss=0.7289 val_loss=0.5366 val_accuracy=0.7930 val_macro_f1=0.6662 val_macro_auc=0.9095 (checkpoint_metric=macro_auc) [new best]
2026-09-17 23:04:54,199 INFO train epoch 11/100 batch 13/66 (20%) running_loss=0.7299
2026-09-17 23:04:56,020 INFO train epoch 11/100 batch 26/66 (39%) running_loss=0.7079
2026-09-17 23:04:57,841 INFO train epoch 11/100 batch 39/66 (59%) running_loss=0.6993
2026-09-17 23:04:59,673 INFO train epoch 11/100 batch 52/66 (79%) running_loss=0.6874
2026-09-17 23:05:01,480 INFO train epoch 11/100 batch 65/66 (98%) running_loss=0.6874
2026-09-17 23:05:01,625 INFO train epoch 11/100 batch 66/66 (100%) running_loss=0.6876
2026-09-17 23:05:04,011 INFO epoch 11/100 done: train_loss=0.6876 val_loss=0.4807 val_accuracy=0.8504 val_macro_f1=0.7919 val_macro_auc=0.9331 (checkpoint_metric=macro_auc) [new best]
2026-09-17 23:05:06,316 INFO train epoch 12/100 batch 13/66 (20%) running_loss=0.7021
2026-09-17 23:05:08,173 INFO train epoch 12/100 batch 26/66 (39%) running_loss=0.6741
2026-09-17 23:05:10,070 INFO train epoch 12/100 batch 39/66 (59%) running_loss=0.6620
2026-09-17 23:05:12,015 INFO train epoch 12/100 batch 52/66 (79%) running_loss=0.6589
2026-09-17 23:05:13,841 INFO train epoch 12/100 batch 65/66 (98%) running_loss=0.6529
2026-09-17 23:05:13,986 INFO train epoch 12/100 batch 66/66 (100%) running_loss=0.6529
2026-09-17 23:05:16,324 INFO epoch 12/100 done: train_loss=0.6529 val_loss=0.4550 val_accuracy=0.8586 val_macro_f1=0.8050 val_macro_auc=0.9402 (checkpoint_metric=macro_auc) [new best]
2026-09-17 23:05:18,631 INFO train epoch 13/100 batch 13/66 (20%) running_loss=0.6450
2026-09-17 23:05:20,457 INFO train epoch 13/100 batch 26/66 (39%) running_loss=0.6205
2026-09-17 23:05:22,285 INFO train epoch 13/100 batch 39/66 (59%) running_loss=0.6067
2026-09-17 23:05:24,131 INFO train epoch 13/100 batch 52/66 (79%) running_loss=0.5987
2026-09-17 23:05:25,961 INFO train epoch 13/100 batch 65/66 (98%) running_loss=0.6076
2026-09-17 23:05:26,104 INFO train epoch 13/100 batch 66/66 (100%) running_loss=0.6074
2026-09-17 23:05:28,891 INFO epoch 13/100 done: train_loss=0.6074 val_loss=0.4006 val_accuracy=0.8668 val_macro_f1=0.8223 val_macro_auc=0.9551 (checkpoint_metric=macro_auc) [new best]
2026-09-17 23:05:31,402 INFO train epoch 14/100 batch 13/66 (20%) running_loss=0.6250
2026-09-17 23:05:33,247 INFO train epoch 14/100 batch 26/66 (39%) running_loss=0.6000
2026-09-17 23:05:35,091 INFO train epoch 14/100 batch 39/66 (59%) running_loss=0.5885
2026-09-17 23:05:36,915 INFO train epoch 14/100 batch 52/66 (79%) running_loss=0.5825
2026-09-17 23:05:38,734 INFO train epoch 14/100 batch 65/66 (98%) running_loss=0.5777
2026-09-17 23:05:38,879 INFO train epoch 14/100 batch 66/66 (100%) running_loss=0.5774
2026-09-17 23:05:41,220 INFO epoch 14/100 done: train_loss=0.5774 val_loss=0.3669 val_accuracy=0.8770 val_macro_f1=0.8392 val_macro_auc=0.9669 (checkpoint_metric=macro_auc) [new best]
2026-09-17 23:05:43,619 INFO train epoch 15/100 batch 13/66 (20%) running_loss=0.5359
2026-09-17 23:05:45,534 INFO train epoch 15/100 batch 26/66 (39%) running_loss=0.5301
2026-09-17 23:05:47,510 INFO train epoch 15/100 batch 39/66 (59%) running_loss=0.5378
2026-09-17 23:05:49,328 INFO train epoch 15/100 batch 52/66 (79%) running_loss=0.5487
2026-09-17 23:05:51,156 INFO train epoch 15/100 batch 65/66 (98%) running_loss=0.5475
2026-09-17 23:05:51,299 INFO train epoch 15/100 batch 66/66 (100%) running_loss=0.5481
2026-09-17 23:05:53,707 INFO epoch 15/100 done: train_loss=0.5481 val_loss=0.3883 val_accuracy=0.8607 val_macro_f1=0.8244 val_macro_auc=0.9680 (checkpoint_metric=macro_auc) [new best]
2026-09-17 23:05:56,082 INFO train epoch 16/100 batch 13/66 (20%) running_loss=0.5197
2026-09-17 23:05:57,913 INFO train epoch 16/100 batch 26/66 (39%) running_loss=0.5270
2026-09-17 23:05:59,763 INFO train epoch 16/100 batch 39/66 (59%) running_loss=0.5190
2026-09-17 23:06:01,609 INFO train epoch 16/100 batch 52/66 (79%) running_loss=0.5233
2026-09-17 23:06:03,423 INFO train epoch 16/100 batch 65/66 (98%) running_loss=0.5189
2026-09-17 23:06:03,567 INFO train epoch 16/100 batch 66/66 (100%) running_loss=0.5187
2026-09-17 23:06:06,156 INFO epoch 16/100 done: train_loss=0.5187 val_loss=0.3576 val_accuracy=0.8811 val_macro_f1=0.8430 val_macro_auc=0.9647 (checkpoint_metric=macro_auc) [new best]
2026-09-17 23:06:08,516 INFO train epoch 17/100 batch 13/66 (20%) running_loss=0.5233
2026-09-17 23:06:10,366 INFO train epoch 17/100 batch 26/66 (39%) running_loss=0.4947
2026-09-17 23:06:12,210 INFO train epoch 17/100 batch 39/66 (59%) running_loss=0.4996
2026-09-17 23:06:14,058 INFO train epoch 17/100 batch 52/66 (79%) running_loss=0.4989
2026-09-17 23:06:15,889 INFO train epoch 17/100 batch 65/66 (98%) running_loss=0.4933
2026-09-17 23:06:16,034 INFO train epoch 17/100 batch 66/66 (100%) running_loss=0.4931
2026-09-17 23:06:18,618 INFO epoch 17/100 done: train_loss=0.4931 val_loss=0.3407 val_accuracy=0.8750 val_macro_f1=0.8394 val_macro_auc=0.9698 (checkpoint_metric=macro_auc) [new best]
2026-09-17 23:06:21,043 INFO train epoch 18/100 batch 13/66 (20%) running_loss=0.4961
2026-09-17 23:06:22,845 INFO train epoch 18/100 batch 26/66 (39%) running_loss=0.4708
2026-09-17 23:06:24,668 INFO train epoch 18/100 batch 39/66 (59%) running_loss=0.4742
2026-09-17 23:06:26,520 INFO train epoch 18/100 batch 52/66 (79%) running_loss=0.4691
2026-09-17 23:06:28,317 INFO train epoch 18/100 batch 65/66 (98%) running_loss=0.4743
2026-09-17 23:06:28,458 INFO train epoch 18/100 batch 66/66 (100%) running_loss=0.4742
2026-09-17 23:06:30,908 INFO epoch 18/100 done: train_loss=0.4742 val_loss=0.2948 val_accuracy=0.8893 val_macro_f1=0.8508 val_macro_auc=0.9708 (checkpoint_metric=macro_auc) [new best]
2026-09-17 23:06:33,301 INFO train epoch 19/100 batch 13/66 (20%) running_loss=0.4581
2026-09-17 23:06:35,180 INFO train epoch 19/100 batch 26/66 (39%) running_loss=0.4606
2026-09-17 23:06:37,031 INFO train epoch 19/100 batch 39/66 (59%) running_loss=0.4720
2026-09-17 23:06:38,868 INFO train epoch 19/100 batch 52/66 (79%) running_loss=0.4727
2026-09-17 23:06:40,709 INFO train epoch 19/100 batch 65/66 (98%) running_loss=0.4728
2026-09-17 23:06:40,853 INFO train epoch 19/100 batch 66/66 (100%) running_loss=0.4726
2026-09-17 23:06:43,219 INFO epoch 19/100 done: train_loss=0.4726 val_loss=0.2944 val_accuracy=0.9016 val_macro_f1=0.8678 val_macro_auc=0.9716 (checkpoint_metric=macro_auc) [new best]
2026-09-17 23:06:45,677 INFO train epoch 20/100 batch 13/66 (20%) running_loss=0.4377
2026-09-17 23:06:47,568 INFO train epoch 20/100 batch 26/66 (39%) running_loss=0.4284
2026-09-17 23:06:49,446 INFO train epoch 20/100 batch 39/66 (59%) running_loss=0.4417
2026-09-17 23:06:51,309 INFO train epoch 20/100 batch 52/66 (79%) running_loss=0.4355
2026-09-17 23:06:53,145 INFO train epoch 20/100 batch 65/66 (98%) running_loss=0.4388
2026-09-17 23:06:53,289 INFO train epoch 20/100 batch 66/66 (100%) running_loss=0.4399
2026-09-17 23:06:55,579 INFO epoch 20/100 done: train_loss=0.4399 val_loss=0.2885 val_accuracy=0.9016 val_macro_f1=0.8634 val_macro_auc=0.9720 (checkpoint_metric=macro_auc) [new best]
2026-09-17 23:06:57,968 INFO train epoch 21/100 batch 13/66 (20%) running_loss=0.4585
2026-09-17 23:06:59,802 INFO train epoch 21/100 batch 26/66 (39%) running_loss=0.4457
2026-09-17 23:07:01,611 INFO train epoch 21/100 batch 39/66 (59%) running_loss=0.4507
2026-09-17 23:07:03,455 INFO train epoch 21/100 batch 52/66 (79%) running_loss=0.4482
2026-09-17 23:07:05,260 INFO train epoch 21/100 batch 65/66 (98%) running_loss=0.4410
2026-09-17 23:07:05,402 INFO train epoch 21/100 batch 66/66 (100%) running_loss=0.4402
2026-09-17 23:07:07,771 INFO epoch 21/100 done: train_loss=0.4402 val_loss=0.2787 val_accuracy=0.8996 val_macro_f1=0.8611 val_macro_auc=0.9732 (checkpoint_metric=macro_auc) [new best]
2026-09-17 23:07:10,252 INFO train epoch 22/100 batch 13/66 (20%) running_loss=0.4108
2026-09-17 23:07:12,100 INFO train epoch 22/100 batch 26/66 (39%) running_loss=0.4141
2026-09-17 23:07:13,968 INFO train epoch 22/100 batch 39/66 (59%) running_loss=0.4105
2026-09-17 23:07:15,819 INFO train epoch 22/100 batch 52/66 (79%) running_loss=0.4075
2026-09-17 23:07:17,660 INFO train epoch 22/100 batch 65/66 (98%) running_loss=0.4182
2026-09-17 23:07:17,805 INFO train epoch 22/100 batch 66/66 (100%) running_loss=0.4190
2026-09-17 23:07:20,218 INFO epoch 22/100 done: train_loss=0.4190 val_loss=0.3045 val_accuracy=0.9016 val_macro_f1=0.8682 val_macro_auc=0.9744 (checkpoint_metric=macro_auc) [new best]
2026-09-17 23:07:22,577 INFO train epoch 23/100 batch 13/66 (20%) running_loss=0.4504
2026-09-17 23:07:24,437 INFO train epoch 23/100 batch 26/66 (39%) running_loss=0.4243
2026-09-17 23:07:26,287 INFO train epoch 23/100 batch 39/66 (59%) running_loss=0.4154
2026-09-17 23:07:28,123 INFO train epoch 23/100 batch 52/66 (79%) running_loss=0.4090
2026-09-17 23:07:29,947 INFO train epoch 23/100 batch 65/66 (98%) running_loss=0.4139
2026-09-17 23:07:30,090 INFO train epoch 23/100 batch 66/66 (100%) running_loss=0.4136
2026-09-17 23:07:32,827 INFO epoch 23/100 done: train_loss=0.4136 val_loss=0.2965 val_accuracy=0.8975 val_macro_f1=0.8617 val_macro_auc=0.9750 (checkpoint_metric=macro_auc) [new best]
2026-09-17 23:07:35,260 INFO train epoch 24/100 batch 13/66 (20%) running_loss=0.3947
2026-09-17 23:07:37,118 INFO train epoch 24/100 batch 26/66 (39%) running_loss=0.4097
2026-09-17 23:07:38,952 INFO train epoch 24/100 batch 39/66 (59%) running_loss=0.4048
2026-09-17 23:07:40,795 INFO train epoch 24/100 batch 52/66 (79%) running_loss=0.4040
2026-09-17 23:07:42,625 INFO train epoch 24/100 batch 65/66 (98%) running_loss=0.4036
2026-09-17 23:07:42,770 INFO train epoch 24/100 batch 66/66 (100%) running_loss=0.4039
2026-09-17 23:07:45,105 INFO epoch 24/100 done: train_loss=0.4039 val_loss=0.2806 val_accuracy=0.9037 val_macro_f1=0.8682 val_macro_auc=0.9771 (checkpoint_metric=macro_auc) [new best]
2026-09-17 23:07:47,528 INFO train epoch 25/100 batch 13/66 (20%) running_loss=0.3801
2026-09-17 23:07:49,396 INFO train epoch 25/100 batch 26/66 (39%) running_loss=0.3863
2026-09-17 23:07:51,265 INFO train epoch 25/100 batch 39/66 (59%) running_loss=0.3835
2026-09-17 23:07:53,155 INFO train epoch 25/100 batch 52/66 (79%) running_loss=0.3853
2026-09-17 23:07:54,980 INFO train epoch 25/100 batch 65/66 (98%) running_loss=0.3849
2026-09-17 23:07:55,123 INFO train epoch 25/100 batch 66/66 (100%) running_loss=0.3844
2026-09-17 23:07:57,462 INFO epoch 25/100 done: train_loss=0.3844 val_loss=0.2542 val_accuracy=0.9201 val_macro_f1=0.8902 val_macro_auc=0.9797 (checkpoint_metric=macro_auc) [new best]
2026-09-17 23:07:59,901 INFO train epoch 26/100 batch 13/66 (20%) running_loss=0.3550
2026-09-17 23:08:01,744 INFO train epoch 26/100 batch 26/66 (39%) running_loss=0.3776
2026-09-17 23:08:03,783 INFO train epoch 26/100 batch 39/66 (59%) running_loss=0.3818
2026-09-17 23:08:05,595 INFO train epoch 26/100 batch 52/66 (79%) running_loss=0.3859
2026-09-17 23:08:07,411 INFO train epoch 26/100 batch 65/66 (98%) running_loss=0.3870
2026-09-17 23:08:07,556 INFO train epoch 26/100 batch 66/66 (100%) running_loss=0.3864
2026-09-17 23:08:09,963 INFO epoch 26/100 done: train_loss=0.3864 val_loss=0.2572 val_accuracy=0.9303 val_macro_f1=0.9055 val_macro_auc=0.9801 (checkpoint_metric=macro_auc) [new best]
2026-09-17 23:08:12,428 INFO train epoch 27/100 batch 13/66 (20%) running_loss=0.3928
2026-09-17 23:08:14,297 INFO train epoch 27/100 batch 26/66 (39%) running_loss=0.3841
2026-09-17 23:08:16,132 INFO train epoch 27/100 batch 39/66 (59%) running_loss=0.3829
2026-09-17 23:08:17,982 INFO train epoch 27/100 batch 52/66 (79%) running_loss=0.3841
2026-09-17 23:08:19,831 INFO train epoch 27/100 batch 65/66 (98%) running_loss=0.3804
2026-09-17 23:08:19,975 INFO train epoch 27/100 batch 66/66 (100%) running_loss=0.3799
2026-09-17 23:08:22,891 INFO epoch 27/100 done: train_loss=0.3799 val_loss=0.2634 val_accuracy=0.9160 val_macro_f1=0.8862 val_macro_auc=0.9788 (checkpoint_metric=macro_auc) [new best]
2026-09-17 23:08:25,331 INFO train epoch 28/100 batch 13/66 (20%) running_loss=0.3466
2026-09-17 23:08:27,198 INFO train epoch 28/100 batch 26/66 (39%) running_loss=0.3598
2026-09-17 23:08:29,050 INFO train epoch 28/100 batch 39/66 (59%) running_loss=0.3545
2026-09-17 23:08:30,952 INFO train epoch 28/100 batch 52/66 (79%) running_loss=0.3548
2026-09-17 23:08:32,775 INFO train epoch 28/100 batch 65/66 (98%) running_loss=0.3594
2026-09-17 23:08:32,919 INFO train epoch 28/100 batch 66/66 (100%) running_loss=0.3591
2026-09-17 23:08:35,323 INFO epoch 28/100 done: train_loss=0.3591 val_loss=0.2471 val_accuracy=0.9180 val_macro_f1=0.8888 val_macro_auc=0.9800 (checkpoint_metric=macro_auc) [new best]
2026-09-17 23:08:37,774 INFO train epoch 29/100 batch 13/66 (20%) running_loss=0.3654
2026-09-17 23:08:39,633 INFO train epoch 29/100 batch 26/66 (39%) running_loss=0.3653
2026-09-17 23:08:41,471 INFO train epoch 29/100 batch 39/66 (59%) running_loss=0.3635
2026-09-17 23:08:43,318 INFO train epoch 29/100 batch 52/66 (79%) running_loss=0.3628
2026-09-17 23:08:45,134 INFO train epoch 29/100 batch 65/66 (98%) running_loss=0.3611
2026-09-17 23:08:45,276 INFO train epoch 29/100 batch 66/66 (100%) running_loss=0.3607
2026-09-17 23:08:46,559 INFO epoch 29/100 done: train_loss=0.3607 val_loss=0.2666 val_accuracy=0.9160 val_macro_f1=0.8874 val_macro_auc=0.9774 (checkpoint_metric=macro_auc)
2026-09-17 23:08:48,974 INFO train epoch 30/100 batch 13/66 (20%) running_loss=0.3673
2026-09-17 23:08:50,817 INFO train epoch 30/100 batch 26/66 (39%) running_loss=0.3654
2026-09-17 23:08:52,650 INFO train epoch 30/100 batch 39/66 (59%) running_loss=0.3649
2026-09-17 23:08:54,473 INFO train epoch 30/100 batch 52/66 (79%) running_loss=0.3593
2026-09-17 23:08:56,298 INFO train epoch 30/100 batch 65/66 (98%) running_loss=0.3604
2026-09-17 23:08:56,440 INFO train epoch 30/100 batch 66/66 (100%) running_loss=0.3617
2026-09-17 23:08:57,711 INFO epoch 30/100 done: train_loss=0.3617 val_loss=0.2564 val_accuracy=0.9242 val_macro_f1=0.8943 val_macro_auc=0.9770 (checkpoint_metric=macro_auc)
2026-09-17 23:09:00,096 INFO train epoch 31/100 batch 13/66 (20%) running_loss=0.3483
2026-09-17 23:09:01,910 INFO train epoch 31/100 batch 26/66 (39%) running_loss=0.3528
2026-09-17 23:09:03,754 INFO train epoch 31/100 batch 39/66 (59%) running_loss=0.3561
2026-09-17 23:09:05,590 INFO train epoch 31/100 batch 52/66 (79%) running_loss=0.3556
2026-09-17 23:09:07,414 INFO train epoch 31/100 batch 65/66 (98%) running_loss=0.3554
2026-09-17 23:09:07,558 INFO train epoch 31/100 batch 66/66 (100%) running_loss=0.3548
2026-09-17 23:09:08,863 INFO epoch 31/100 done: train_loss=0.3548 val_loss=0.2668 val_accuracy=0.9242 val_macro_f1=0.8991 val_macro_auc=0.9761 (checkpoint_metric=macro_auc)
2026-09-17 23:09:11,271 INFO train epoch 32/100 batch 13/66 (20%) running_loss=0.3494
2026-09-17 23:09:13,098 INFO train epoch 32/100 batch 26/66 (39%) running_loss=0.3631
2026-09-17 23:09:14,922 INFO train epoch 32/100 batch 39/66 (59%) running_loss=0.3569
2026-09-17 23:09:16,752 INFO train epoch 32/100 batch 52/66 (79%) running_loss=0.3535
2026-09-17 23:09:18,578 INFO train epoch 32/100 batch 65/66 (98%) running_loss=0.3520
2026-09-17 23:09:18,723 INFO train epoch 32/100 batch 66/66 (100%) running_loss=0.3521
2026-09-17 23:09:20,022 INFO epoch 32/100 done: train_loss=0.3521 val_loss=0.2596 val_accuracy=0.9201 val_macro_f1=0.8910 val_macro_auc=0.9775 (checkpoint_metric=macro_auc)
2026-09-17 23:09:22,449 INFO train epoch 33/100 batch 13/66 (20%) running_loss=0.3415
2026-09-17 23:09:24,310 INFO train epoch 33/100 batch 26/66 (39%) running_loss=0.3465
2026-09-17 23:09:26,173 INFO train epoch 33/100 batch 39/66 (59%) running_loss=0.3459
2026-09-17 23:09:28,011 INFO train epoch 33/100 batch 52/66 (79%) running_loss=0.3455
2026-09-17 23:09:29,850 INFO train epoch 33/100 batch 65/66 (98%) running_loss=0.3493
2026-09-17 23:09:29,992 INFO train epoch 33/100 batch 66/66 (100%) running_loss=0.3506
2026-09-17 23:09:31,264 INFO epoch 33/100 done: train_loss=0.3506 val_loss=0.2356 val_accuracy=0.9324 val_macro_f1=0.9047 val_macro_auc=0.9791 (checkpoint_metric=macro_auc)
2026-09-17 23:09:33,658 INFO train epoch 34/100 batch 13/66 (20%) running_loss=0.3409
2026-09-17 23:09:35,508 INFO train epoch 34/100 batch 26/66 (39%) running_loss=0.3356
2026-09-17 23:09:37,398 INFO train epoch 34/100 batch 39/66 (59%) running_loss=0.3358
2026-09-17 23:09:39,243 INFO train epoch 34/100 batch 52/66 (79%) running_loss=0.3339
2026-09-17 23:09:41,063 INFO train epoch 34/100 batch 65/66 (98%) running_loss=0.3332
2026-09-17 23:09:41,209 INFO train epoch 34/100 batch 66/66 (100%) running_loss=0.3331
2026-09-17 23:09:42,431 INFO epoch 34/100 done: train_loss=0.3331 val_loss=0.2560 val_accuracy=0.9324 val_macro_f1=0.9082 val_macro_auc=0.9761 (checkpoint_metric=macro_auc)
2026-09-17 23:09:44,839 INFO train epoch 35/100 batch 13/66 (20%) running_loss=0.3395
2026-09-17 23:09:46,709 INFO train epoch 35/100 batch 26/66 (39%) running_loss=0.3352
2026-09-17 23:09:48,571 INFO train epoch 35/100 batch 39/66 (59%) running_loss=0.3362
2026-09-17 23:09:50,424 INFO train epoch 35/100 batch 52/66 (79%) running_loss=0.3403
2026-09-17 23:09:52,246 INFO train epoch 35/100 batch 65/66 (98%) running_loss=0.3429
2026-09-17 23:09:52,388 INFO train epoch 35/100 batch 66/66 (100%) running_loss=0.3425
2026-09-17 23:09:53,671 INFO epoch 35/100 done: train_loss=0.3425 val_loss=0.2550 val_accuracy=0.9344 val_macro_f1=0.9095 val_macro_auc=0.9745 (checkpoint_metric=macro_auc)
2026-09-17 23:09:56,044 INFO train epoch 36/100 batch 13/66 (20%) running_loss=0.3451
2026-09-17 23:09:57,889 INFO train epoch 36/100 batch 26/66 (39%) running_loss=0.3362
2026-09-17 23:09:59,742 INFO train epoch 36/100 batch 39/66 (59%) running_loss=0.3373
2026-09-17 23:10:01,568 INFO train epoch 36/100 batch 52/66 (79%) running_loss=0.3371
2026-09-17 23:10:03,408 INFO train epoch 36/100 batch 65/66 (98%) running_loss=0.3342
2026-09-17 23:10:03,553 INFO train epoch 36/100 batch 66/66 (100%) running_loss=0.3343
2026-09-17 23:10:04,774 INFO epoch 36/100 done: train_loss=0.3343 val_loss=0.2402 val_accuracy=0.9303 val_macro_f1=0.9031 val_macro_auc=0.9775 (checkpoint_metric=macro_auc)
2026-09-17 23:10:07,185 INFO train epoch 37/100 batch 13/66 (20%) running_loss=0.3277
2026-09-17 23:10:09,057 INFO train epoch 37/100 batch 26/66 (39%) running_loss=0.3439
2026-09-17 23:10:10,926 INFO train epoch 37/100 batch 39/66 (59%) running_loss=0.3392
2026-09-17 23:10:12,759 INFO train epoch 37/100 batch 52/66 (79%) running_loss=0.3394
2026-09-17 23:10:14,580 INFO train epoch 37/100 batch 65/66 (98%) running_loss=0.3373
2026-09-17 23:10:14,725 INFO train epoch 37/100 batch 66/66 (100%) running_loss=0.3370
2026-09-17 23:10:15,950 INFO epoch 37/100 done: train_loss=0.3370 val_loss=0.2480 val_accuracy=0.9324 val_macro_f1=0.9073 val_macro_auc=0.9766 (checkpoint_metric=macro_auc)
2026-09-17 23:10:18,373 INFO train epoch 38/100 batch 13/66 (20%) running_loss=0.3430
2026-09-17 23:10:20,226 INFO train epoch 38/100 batch 26/66 (39%) running_loss=0.3389
2026-09-17 23:10:22,072 INFO train epoch 38/100 batch 39/66 (59%) running_loss=0.3322
2026-09-17 23:10:23,926 INFO train epoch 38/100 batch 52/66 (79%) running_loss=0.3319
2026-09-17 23:10:25,753 INFO train epoch 38/100 batch 65/66 (98%) running_loss=0.3327
2026-09-17 23:10:25,898 INFO train epoch 38/100 batch 66/66 (100%) running_loss=0.3327
2026-09-17 23:10:27,182 INFO epoch 38/100 done: train_loss=0.3327 val_loss=0.2456 val_accuracy=0.9262 val_macro_f1=0.8982 val_macro_auc=0.9778 (checkpoint_metric=macro_auc)
2026-09-17 23:10:29,546 INFO train epoch 39/100 batch 13/66 (20%) running_loss=0.3291
2026-09-17 23:10:31,389 INFO train epoch 39/100 batch 26/66 (39%) running_loss=0.3283
2026-09-17 23:10:33,235 INFO train epoch 39/100 batch 39/66 (59%) running_loss=0.3346
2026-09-17 23:10:35,083 INFO train epoch 39/100 batch 52/66 (79%) running_loss=0.3344
2026-09-17 23:10:36,925 INFO train epoch 39/100 batch 65/66 (98%) running_loss=0.3359
2026-09-17 23:10:37,069 INFO train epoch 39/100 batch 66/66 (100%) running_loss=0.3362
2026-09-17 23:10:38,327 INFO epoch 39/100 done: train_loss=0.3362 val_loss=0.2536 val_accuracy=0.9324 val_macro_f1=0.9081 val_macro_auc=0.9760 (checkpoint_metric=macro_auc)
2026-09-17 23:10:40,727 INFO train epoch 40/100 batch 13/66 (20%) running_loss=0.3562
2026-09-17 23:10:42,639 INFO train epoch 40/100 batch 26/66 (39%) running_loss=0.3558
2026-09-17 23:10:44,499 INFO train epoch 40/100 batch 39/66 (59%) running_loss=0.3478
2026-09-17 23:10:46,353 INFO train epoch 40/100 batch 52/66 (79%) running_loss=0.3433
2026-09-17 23:10:48,206 INFO train epoch 40/100 batch 65/66 (98%) running_loss=0.3468
2026-09-17 23:10:48,350 INFO train epoch 40/100 batch 66/66 (100%) running_loss=0.3463
2026-09-17 23:10:49,672 INFO epoch 40/100 done: train_loss=0.3463 val_loss=0.2597 val_accuracy=0.9283 val_macro_f1=0.9028 val_macro_auc=0.9755 (checkpoint_metric=macro_auc)
2026-09-17 23:10:51,982 INFO train epoch 41/100 batch 13/66 (20%) running_loss=0.3455
2026-09-17 23:10:54,033 INFO train epoch 41/100 batch 26/66 (39%) running_loss=0.3384
2026-09-17 23:10:55,880 INFO train epoch 41/100 batch 39/66 (59%) running_loss=0.3354
2026-09-17 23:10:57,710 INFO train epoch 41/100 batch 52/66 (79%) running_loss=0.3340
2026-09-17 23:10:59,529 INFO train epoch 41/100 batch 65/66 (98%) running_loss=0.3357
2026-09-17 23:10:59,673 INFO train epoch 41/100 batch 66/66 (100%) running_loss=0.3354
2026-09-17 23:11:00,925 INFO epoch 41/100 done: train_loss=0.3354 val_loss=0.2336 val_accuracy=0.9283 val_macro_f1=0.9019 val_macro_auc=0.9793 (checkpoint_metric=macro_auc)
2026-09-17 23:11:03,341 INFO train epoch 42/100 batch 13/66 (20%) running_loss=0.3191
2026-09-17 23:11:05,211 INFO train epoch 42/100 batch 26/66 (39%) running_loss=0.3298
2026-09-17 23:11:07,069 INFO train epoch 42/100 batch 39/66 (59%) running_loss=0.3287
2026-09-17 23:11:08,909 INFO train epoch 42/100 batch 52/66 (79%) running_loss=0.3278
2026-09-17 23:11:10,736 INFO train epoch 42/100 batch 65/66 (98%) running_loss=0.3278
2026-09-17 23:11:10,881 INFO train epoch 42/100 batch 66/66 (100%) running_loss=0.3295
2026-09-17 23:11:12,118 INFO epoch 42/100 done: train_loss=0.3295 val_loss=0.2457 val_accuracy=0.9344 val_macro_f1=0.9102 val_macro_auc=0.9779 (checkpoint_metric=macro_auc)
2026-09-17 23:11:14,520 INFO train epoch 43/100 batch 13/66 (20%) running_loss=0.3256
2026-09-17 23:11:16,349 INFO train epoch 43/100 batch 26/66 (39%) running_loss=0.3262
2026-09-17 23:11:18,178 INFO train epoch 43/100 batch 39/66 (59%) running_loss=0.3258
2026-09-17 23:11:20,006 INFO train epoch 43/100 batch 52/66 (79%) running_loss=0.3283
2026-09-17 23:11:21,821 INFO train epoch 43/100 batch 65/66 (98%) running_loss=0.3318
2026-09-17 23:11:21,964 INFO train epoch 43/100 batch 66/66 (100%) running_loss=0.3321
2026-09-17 23:11:23,245 INFO epoch 43/100 done: train_loss=0.3321 val_loss=0.2456 val_accuracy=0.9344 val_macro_f1=0.9095 val_macro_auc=0.9756 (checkpoint_metric=macro_auc)
2026-09-17 23:11:25,629 INFO train epoch 44/100 batch 13/66 (20%) running_loss=0.3144
2026-09-17 23:11:27,481 INFO train epoch 44/100 batch 26/66 (39%) running_loss=0.3173
2026-09-17 23:11:29,332 INFO train epoch 44/100 batch 39/66 (59%) running_loss=0.3266
2026-09-17 23:11:31,176 INFO train epoch 44/100 batch 52/66 (79%) running_loss=0.3271
2026-09-17 23:11:33,008 INFO train epoch 44/100 batch 65/66 (98%) running_loss=0.3272
2026-09-17 23:11:33,154 INFO train epoch 44/100 batch 66/66 (100%) running_loss=0.3276
2026-09-17 23:11:34,441 INFO epoch 44/100 done: train_loss=0.3276 val_loss=0.2466 val_accuracy=0.9365 val_macro_f1=0.9137 val_macro_auc=0.9764 (checkpoint_metric=macro_auc)
2026-09-17 23:11:36,846 INFO train epoch 45/100 batch 13/66 (20%) running_loss=0.3220
2026-09-17 23:11:38,685 INFO train epoch 45/100 batch 26/66 (39%) running_loss=0.3176
2026-09-17 23:11:40,536 INFO train epoch 45/100 batch 39/66 (59%) running_loss=0.3208
2026-09-17 23:11:42,391 INFO train epoch 45/100 batch 52/66 (79%) running_loss=0.3236
2026-09-17 23:11:44,211 INFO train epoch 45/100 batch 65/66 (98%) running_loss=0.3269
2026-09-17 23:11:44,355 INFO train epoch 45/100 batch 66/66 (100%) running_loss=0.3267
2026-09-17 23:11:45,587 INFO epoch 45/100 done: train_loss=0.3267 val_loss=0.2399 val_accuracy=0.9324 val_macro_f1=0.9081 val_macro_auc=0.9763 (checkpoint_metric=macro_auc)
2026-09-17 23:11:48,056 INFO train epoch 46/100 batch 13/66 (20%) running_loss=0.3217
2026-09-17 23:11:49,934 INFO train epoch 46/100 batch 26/66 (39%) running_loss=0.3202
2026-09-17 23:11:51,795 INFO train epoch 46/100 batch 39/66 (59%) running_loss=0.3215
2026-09-17 23:11:53,646 INFO train epoch 46/100 batch 52/66 (79%) running_loss=0.3268
2026-09-17 23:11:55,456 INFO train epoch 46/100 batch 65/66 (98%) running_loss=0.3255
2026-09-17 23:11:55,599 INFO train epoch 46/100 batch 66/66 (100%) running_loss=0.3262
2026-09-17 23:11:56,841 INFO epoch 46/100 done: train_loss=0.3262 val_loss=0.2385 val_accuracy=0.9324 val_macro_f1=0.9081 val_macro_auc=0.9745 (checkpoint_metric=macro_auc)
2026-09-17 23:11:59,170 INFO train epoch 47/100 batch 13/66 (20%) running_loss=0.3324
2026-09-17 23:12:01,044 INFO train epoch 47/100 batch 26/66 (39%) running_loss=0.3316
2026-09-17 23:12:02,952 INFO train epoch 47/100 batch 39/66 (59%) running_loss=0.3301
2026-09-17 23:12:04,867 INFO train epoch 47/100 batch 52/66 (79%) running_loss=0.3265
2026-09-17 23:12:06,724 INFO train epoch 47/100 batch 65/66 (98%) running_loss=0.3277
2026-09-17 23:12:06,869 INFO train epoch 47/100 batch 66/66 (100%) running_loss=0.3278
2026-09-17 23:12:08,140 INFO epoch 47/100 done: train_loss=0.3278 val_loss=0.2326 val_accuracy=0.9385 val_macro_f1=0.9147 val_macro_auc=0.9748 (checkpoint_metric=macro_auc)
2026-09-17 23:12:10,524 INFO train epoch 48/100 batch 13/66 (20%) running_loss=0.3156
2026-09-17 23:12:12,379 INFO train epoch 48/100 batch 26/66 (39%) running_loss=0.3292
2026-09-17 23:12:14,298 INFO train epoch 48/100 batch 39/66 (59%) running_loss=0.3228
2026-09-17 23:12:16,179 INFO train epoch 48/100 batch 52/66 (79%) running_loss=0.3229
2026-09-17 23:12:18,033 INFO train epoch 48/100 batch 65/66 (98%) running_loss=0.3229
2026-09-17 23:12:18,177 INFO train epoch 48/100 batch 66/66 (100%) running_loss=0.3227
2026-09-17 23:12:19,454 INFO epoch 48/100 done: train_loss=0.3227 val_loss=0.2386 val_accuracy=0.9344 val_macro_f1=0.9119 val_macro_auc=0.9749 (checkpoint_metric=macro_auc)
2026-09-17 23:12:21,802 INFO train epoch 49/100 batch 13/66 (20%) running_loss=0.3170
2026-09-17 23:12:23,649 INFO train epoch 49/100 batch 26/66 (39%) running_loss=0.3215
2026-09-17 23:12:25,537 INFO train epoch 49/100 batch 39/66 (59%) running_loss=0.3221
2026-09-17 23:12:27,386 INFO train epoch 49/100 batch 52/66 (79%) running_loss=0.3233
2026-09-17 23:12:29,221 INFO train epoch 49/100 batch 65/66 (98%) running_loss=0.3257
2026-09-17 23:12:29,366 INFO train epoch 49/100 batch 66/66 (100%) running_loss=0.3259
2026-09-17 23:12:30,637 INFO epoch 49/100 done: train_loss=0.3259 val_loss=0.2356 val_accuracy=0.9344 val_macro_f1=0.9105 val_macro_auc=0.9758 (checkpoint_metric=macro_auc)
2026-09-17 23:12:33,032 INFO train epoch 50/100 batch 13/66 (20%) running_loss=0.3331
2026-09-17 23:12:34,889 INFO train epoch 50/100 batch 26/66 (39%) running_loss=0.3235
2026-09-17 23:12:36,734 INFO train epoch 50/100 batch 39/66 (59%) running_loss=0.3263
2026-09-17 23:12:38,580 INFO train epoch 50/100 batch 52/66 (79%) running_loss=0.3287
2026-09-17 23:12:40,401 INFO train epoch 50/100 batch 65/66 (98%) running_loss=0.3273
2026-09-17 23:12:40,543 INFO train epoch 50/100 batch 66/66 (100%) running_loss=0.3277
2026-09-17 23:12:41,805 INFO epoch 50/100 done: train_loss=0.3277 val_loss=0.2178 val_accuracy=0.9365 val_macro_f1=0.9107 val_macro_auc=0.9786 (checkpoint_metric=macro_auc)
2026-09-17 23:12:44,202 INFO train epoch 51/100 batch 13/66 (20%) running_loss=0.3452
2026-09-17 23:12:46,044 INFO train epoch 51/100 batch 26/66 (39%) running_loss=0.3302
2026-09-17 23:12:47,941 INFO train epoch 51/100 batch 39/66 (59%) running_loss=0.3285
2026-09-17 23:12:49,780 INFO train epoch 51/100 batch 52/66 (79%) running_loss=0.3235
2026-09-17 23:12:51,593 INFO train epoch 51/100 batch 65/66 (98%) running_loss=0.3225
2026-09-17 23:12:51,736 INFO train epoch 51/100 batch 66/66 (100%) running_loss=0.3228
2026-09-17 23:12:53,007 INFO epoch 51/100 done: train_loss=0.3228 val_loss=0.2254 val_accuracy=0.9324 val_macro_f1=0.9058 val_macro_auc=0.9778 (checkpoint_metric=macro_auc)
2026-09-17 23:12:55,468 INFO train epoch 52/100 batch 13/66 (20%) running_loss=0.3229
2026-09-17 23:12:57,348 INFO train epoch 52/100 batch 26/66 (39%) running_loss=0.3238
2026-09-17 23:12:59,213 INFO train epoch 52/100 batch 39/66 (59%) running_loss=0.3231
2026-09-17 23:13:01,034 INFO train epoch 52/100 batch 52/66 (79%) running_loss=0.3281
2026-09-17 23:13:02,863 INFO train epoch 52/100 batch 65/66 (98%) running_loss=0.3295
2026-09-17 23:13:03,006 INFO train epoch 52/100 batch 66/66 (100%) running_loss=0.3294
2026-09-17 23:13:04,287 INFO epoch 52/100 done: train_loss=0.3294 val_loss=0.2251 val_accuracy=0.9344 val_macro_f1=0.9090 val_macro_auc=0.9770 (checkpoint_metric=macro_auc)
2026-09-17 23:13:06,661 INFO train epoch 53/100 batch 13/66 (20%) running_loss=0.3189
2026-09-17 23:13:08,497 INFO train epoch 53/100 batch 26/66 (39%) running_loss=0.3243
2026-09-17 23:13:10,350 INFO train epoch 53/100 batch 39/66 (59%) running_loss=0.3196
2026-09-17 23:13:12,179 INFO train epoch 53/100 batch 52/66 (79%) running_loss=0.3213
2026-09-17 23:13:14,013 INFO train epoch 53/100 batch 65/66 (98%) running_loss=0.3194
2026-09-17 23:13:14,156 INFO train epoch 53/100 batch 66/66 (100%) running_loss=0.3193
2026-09-17 23:13:15,438 INFO epoch 53/100 done: train_loss=0.3193 val_loss=0.2377 val_accuracy=0.9344 val_macro_f1=0.9090 val_macro_auc=0.9741 (checkpoint_metric=macro_auc)
2026-09-17 23:13:17,873 INFO train epoch 54/100 batch 13/66 (20%) running_loss=0.3248
2026-09-17 23:13:19,778 INFO train epoch 54/100 batch 26/66 (39%) running_loss=0.3183
2026-09-17 23:13:21,635 INFO train epoch 54/100 batch 39/66 (59%) running_loss=0.3187
2026-09-17 23:13:23,474 INFO train epoch 54/100 batch 52/66 (79%) running_loss=0.3193
2026-09-17 23:13:25,299 INFO train epoch 54/100 batch 65/66 (98%) running_loss=0.3222
2026-09-17 23:13:25,442 INFO train epoch 54/100 batch 66/66 (100%) running_loss=0.3221
2026-09-17 23:13:26,671 INFO epoch 54/100 done: train_loss=0.3221 val_loss=0.2254 val_accuracy=0.9385 val_macro_f1=0.9124 val_macro_auc=0.9776 (checkpoint_metric=macro_auc)
2026-09-17 23:13:29,046 INFO train epoch 55/100 batch 13/66 (20%) running_loss=0.3197
2026-09-17 23:13:30,925 INFO train epoch 55/100 batch 26/66 (39%) running_loss=0.3179
2026-09-17 23:13:32,774 INFO train epoch 55/100 batch 39/66 (59%) running_loss=0.3183
2026-09-17 23:13:34,611 INFO train epoch 55/100 batch 52/66 (79%) running_loss=0.3205
2026-09-17 23:13:36,442 INFO train epoch 55/100 batch 65/66 (98%) running_loss=0.3242
2026-09-17 23:13:36,586 INFO train epoch 55/100 batch 66/66 (100%) running_loss=0.3245
2026-09-17 23:13:37,805 INFO epoch 55/100 done: train_loss=0.3245 val_loss=0.2306 val_accuracy=0.9344 val_macro_f1=0.9112 val_macro_auc=0.9762 (checkpoint_metric=macro_auc)
2026-09-17 23:13:40,178 INFO train epoch 56/100 batch 13/66 (20%) running_loss=0.3205
2026-09-17 23:13:42,022 INFO train epoch 56/100 batch 26/66 (39%) running_loss=0.3191
2026-09-17 23:13:43,890 INFO train epoch 56/100 batch 39/66 (59%) running_loss=0.3189
2026-09-17 23:13:45,746 INFO train epoch 56/100 batch 52/66 (79%) running_loss=0.3214
2026-09-17 23:13:47,581 INFO train epoch 56/100 batch 65/66 (98%) running_loss=0.3226
2026-09-17 23:13:47,726 INFO train epoch 56/100 batch 66/66 (100%) running_loss=0.3225
2026-09-17 23:13:48,949 INFO epoch 56/100 done: train_loss=0.3225 val_loss=0.2310 val_accuracy=0.9426 val_macro_f1=0.9203 val_macro_auc=0.9766 (checkpoint_metric=macro_auc)
2026-09-17 23:13:51,376 INFO train epoch 57/100 batch 13/66 (20%) running_loss=0.3239
2026-09-17 23:13:53,225 INFO train epoch 57/100 batch 26/66 (39%) running_loss=0.3202
2026-09-17 23:13:55,084 INFO train epoch 57/100 batch 39/66 (59%) running_loss=0.3240
2026-09-17 23:13:56,918 INFO train epoch 57/100 batch 52/66 (79%) running_loss=0.3218
2026-09-17 23:13:58,747 INFO train epoch 57/100 batch 65/66 (98%) running_loss=0.3222
2026-09-17 23:13:58,889 INFO train epoch 57/100 batch 66/66 (100%) running_loss=0.3220
2026-09-17 23:14:00,127 INFO epoch 57/100 done: train_loss=0.3220 val_loss=0.2284 val_accuracy=0.9365 val_macro_f1=0.9119 val_macro_auc=0.9764 (checkpoint_metric=macro_auc)
2026-09-17 23:14:02,508 INFO train epoch 58/100 batch 13/66 (20%) running_loss=0.3217
2026-09-17 23:14:04,344 INFO train epoch 58/100 batch 26/66 (39%) running_loss=0.3207
2026-09-17 23:14:06,183 INFO train epoch 58/100 batch 39/66 (59%) running_loss=0.3187
2026-09-17 23:14:08,020 INFO train epoch 58/100 batch 52/66 (79%) running_loss=0.3176
2026-09-17 23:14:10,047 INFO train epoch 58/100 batch 65/66 (98%) running_loss=0.3177
2026-09-17 23:14:10,193 INFO train epoch 58/100 batch 66/66 (100%) running_loss=0.3176
2026-09-17 23:14:11,506 INFO epoch 58/100 done: train_loss=0.3176 val_loss=0.2232 val_accuracy=0.9344 val_macro_f1=0.9098 val_macro_auc=0.9765 (checkpoint_metric=macro_auc)
2026-09-17 23:14:13,965 INFO train epoch 59/100 batch 13/66 (20%) running_loss=0.3149
2026-09-17 23:14:15,814 INFO train epoch 59/100 batch 26/66 (39%) running_loss=0.3156
2026-09-17 23:14:17,646 INFO train epoch 59/100 batch 39/66 (59%) running_loss=0.3141
2026-09-17 23:14:19,484 INFO train epoch 59/100 batch 52/66 (79%) running_loss=0.3154
2026-09-17 23:14:21,304 INFO train epoch 59/100 batch 65/66 (98%) running_loss=0.3159
2026-09-17 23:14:21,450 INFO train epoch 59/100 batch 66/66 (100%) running_loss=0.3161
2026-09-17 23:14:22,787 INFO epoch 59/100 done: train_loss=0.3161 val_loss=0.2444 val_accuracy=0.9406 val_macro_f1=0.9195 val_macro_auc=0.9735 (checkpoint_metric=macro_auc)
2026-09-17 23:14:25,216 INFO train epoch 60/100 batch 13/66 (20%) running_loss=0.3230
2026-09-17 23:14:27,069 INFO train epoch 60/100 batch 26/66 (39%) running_loss=0.3181
2026-09-17 23:14:28,917 INFO train epoch 60/100 batch 39/66 (59%) running_loss=0.3166
2026-09-17 23:14:30,778 INFO train epoch 60/100 batch 52/66 (79%) running_loss=0.3155
2026-09-17 23:14:32,588 INFO train epoch 60/100 batch 65/66 (98%) running_loss=0.3170
2026-09-17 23:14:32,735 INFO train epoch 60/100 batch 66/66 (100%) running_loss=0.3185
2026-09-17 23:14:33,954 INFO epoch 60/100 done: train_loss=0.3185 val_loss=0.2237 val_accuracy=0.9385 val_macro_f1=0.9139 val_macro_auc=0.9764 (checkpoint_metric=macro_auc)
2026-09-17 23:14:36,348 INFO train epoch 61/100 batch 13/66 (20%) running_loss=0.3189
2026-09-17 23:14:38,187 INFO train epoch 61/100 batch 26/66 (39%) running_loss=0.3184
2026-09-17 23:14:40,041 INFO train epoch 61/100 batch 39/66 (59%) running_loss=0.3203
2026-09-17 23:14:41,897 INFO train epoch 61/100 batch 52/66 (79%) running_loss=0.3200
2026-09-17 23:14:43,731 INFO train epoch 61/100 batch 65/66 (98%) running_loss=0.3201
2026-09-17 23:14:43,872 INFO train epoch 61/100 batch 66/66 (100%) running_loss=0.3199
2026-09-17 23:14:45,105 INFO epoch 61/100 done: train_loss=0.3199 val_loss=0.2275 val_accuracy=0.9344 val_macro_f1=0.9098 val_macro_auc=0.9754 (checkpoint_metric=macro_auc)
2026-09-17 23:14:47,561 INFO train epoch 62/100 batch 13/66 (20%) running_loss=0.3170
2026-09-17 23:14:49,402 INFO train epoch 62/100 batch 26/66 (39%) running_loss=0.3198
2026-09-17 23:14:51,230 INFO train epoch 62/100 batch 39/66 (59%) running_loss=0.3172
2026-09-17 23:14:53,067 INFO train epoch 62/100 batch 52/66 (79%) running_loss=0.3145
2026-09-17 23:14:54,891 INFO train epoch 62/100 batch 65/66 (98%) running_loss=0.3145
2026-09-17 23:14:55,036 INFO train epoch 62/100 batch 66/66 (100%) running_loss=0.3146
2026-09-17 23:14:56,338 INFO epoch 62/100 done: train_loss=0.3146 val_loss=0.2367 val_accuracy=0.9385 val_macro_f1=0.9157 val_macro_auc=0.9742 (checkpoint_metric=macro_auc)
2026-09-17 23:14:58,745 INFO train epoch 63/100 batch 13/66 (20%) running_loss=0.3233
2026-09-17 23:15:00,596 INFO train epoch 63/100 batch 26/66 (39%) running_loss=0.3213
2026-09-17 23:15:02,440 INFO train epoch 63/100 batch 39/66 (59%) running_loss=0.3199
2026-09-17 23:15:04,286 INFO train epoch 63/100 batch 52/66 (79%) running_loss=0.3213
2026-09-17 23:15:06,099 INFO train epoch 63/100 batch 65/66 (98%) running_loss=0.3205
2026-09-17 23:15:06,242 INFO train epoch 63/100 batch 66/66 (100%) running_loss=0.3204
2026-09-17 23:15:07,453 INFO epoch 63/100 done: train_loss=0.3204 val_loss=0.2328 val_accuracy=0.9467 val_macro_f1=0.9263 val_macro_auc=0.9750 (checkpoint_metric=macro_auc)
2026-09-17 23:15:09,769 INFO train epoch 64/100 batch 13/66 (20%) running_loss=0.3096
2026-09-17 23:15:11,611 INFO train epoch 64/100 batch 26/66 (39%) running_loss=0.3154
2026-09-17 23:15:13,452 INFO train epoch 64/100 batch 39/66 (59%) running_loss=0.3151
2026-09-17 23:15:15,297 INFO train epoch 64/100 batch 52/66 (79%) running_loss=0.3156
2026-09-17 23:15:17,113 INFO train epoch 64/100 batch 65/66 (98%) running_loss=0.3162
2026-09-17 23:15:17,256 INFO train epoch 64/100 batch 66/66 (100%) running_loss=0.3161
2026-09-17 23:15:18,512 INFO epoch 64/100 done: train_loss=0.3161 val_loss=0.2221 val_accuracy=0.9406 val_macro_f1=0.9161 val_macro_auc=0.9772 (checkpoint_metric=macro_auc)
2026-09-17 23:15:20,901 INFO train epoch 65/100 batch 13/66 (20%) running_loss=0.3124
2026-09-17 23:15:22,732 INFO train epoch 65/100 batch 26/66 (39%) running_loss=0.3118
2026-09-17 23:15:24,576 INFO train epoch 65/100 batch 39/66 (59%) running_loss=0.3126
2026-09-17 23:15:26,400 INFO train epoch 65/100 batch 52/66 (79%) running_loss=0.3124
2026-09-17 23:15:28,222 INFO train epoch 65/100 batch 65/66 (98%) running_loss=0.3115
2026-09-17 23:15:28,366 INFO train epoch 65/100 batch 66/66 (100%) running_loss=0.3114
2026-09-17 23:15:29,658 INFO epoch 65/100 done: train_loss=0.3114 val_loss=0.2212 val_accuracy=0.9426 val_macro_f1=0.9205 val_macro_auc=0.9763 (checkpoint_metric=macro_auc)
2026-09-17 23:15:32,049 INFO train epoch 66/100 batch 13/66 (20%) running_loss=0.3311
2026-09-17 23:15:33,884 INFO train epoch 66/100 batch 26/66 (39%) running_loss=0.3334
2026-09-17 23:15:35,834 INFO train epoch 66/100 batch 39/66 (59%) running_loss=0.3274
2026-09-17 23:15:37,698 INFO train epoch 66/100 batch 52/66 (79%) running_loss=0.3232
2026-09-17 23:15:39,528 INFO train epoch 66/100 batch 65/66 (98%) running_loss=0.3230
2026-09-17 23:15:39,673 INFO train epoch 66/100 batch 66/66 (100%) running_loss=0.3233
2026-09-17 23:15:40,951 INFO epoch 66/100 done: train_loss=0.3233 val_loss=0.2278 val_accuracy=0.9385 val_macro_f1=0.9157 val_macro_auc=0.9761 (checkpoint_metric=macro_auc)
2026-09-17 23:15:43,334 INFO train epoch 67/100 batch 13/66 (20%) running_loss=0.3051
2026-09-17 23:15:45,193 INFO train epoch 67/100 batch 26/66 (39%) running_loss=0.3082
2026-09-17 23:15:47,050 INFO train epoch 67/100 batch 39/66 (59%) running_loss=0.3109
2026-09-17 23:15:48,901 INFO train epoch 67/100 batch 52/66 (79%) running_loss=0.3128
2026-09-17 23:15:50,740 INFO train epoch 67/100 batch 65/66 (98%) running_loss=0.3128
2026-09-17 23:15:50,884 INFO train epoch 67/100 batch 66/66 (100%) running_loss=0.3126
2026-09-17 23:15:52,163 INFO epoch 67/100 done: train_loss=0.3126 val_loss=0.2259 val_accuracy=0.9406 val_macro_f1=0.9185 val_macro_auc=0.9763 (checkpoint_metric=macro_auc)
2026-09-17 23:15:54,601 INFO train epoch 68/100 batch 13/66 (20%) running_loss=0.3161
2026-09-17 23:15:56,514 INFO train epoch 68/100 batch 26/66 (39%) running_loss=0.3156
2026-09-17 23:15:58,490 INFO train epoch 68/100 batch 39/66 (59%) running_loss=0.3141
2026-09-17 23:16:00,321 INFO train epoch 68/100 batch 52/66 (79%) running_loss=0.3156
2026-09-17 23:16:02,157 INFO train epoch 68/100 batch 65/66 (98%) running_loss=0.3151
2026-09-17 23:16:02,301 INFO train epoch 68/100 batch 66/66 (100%) running_loss=0.3151
2026-09-17 23:16:03,528 INFO epoch 68/100 done: train_loss=0.3151 val_loss=0.2356 val_accuracy=0.9447 val_macro_f1=0.9246 val_macro_auc=0.9751 (checkpoint_metric=macro_auc)
2026-09-17 23:16:05,915 INFO train epoch 69/100 batch 13/66 (20%) running_loss=0.3120
2026-09-17 23:16:07,766 INFO train epoch 69/100 batch 26/66 (39%) running_loss=0.3109
2026-09-17 23:16:09,612 INFO train epoch 69/100 batch 39/66 (59%) running_loss=0.3113
2026-09-17 23:16:11,481 INFO train epoch 69/100 batch 52/66 (79%) running_loss=0.3154
2026-09-17 23:16:13,319 INFO train epoch 69/100 batch 65/66 (98%) running_loss=0.3171
2026-09-17 23:16:13,464 INFO train epoch 69/100 batch 66/66 (100%) running_loss=0.3171
2026-09-17 23:16:14,756 INFO epoch 69/100 done: train_loss=0.3171 val_loss=0.2239 val_accuracy=0.9426 val_macro_f1=0.9216 val_macro_auc=0.9764 (checkpoint_metric=macro_auc)
2026-09-17 23:16:17,116 INFO train epoch 70/100 batch 13/66 (20%) running_loss=0.3146
2026-09-17 23:16:18,958 INFO train epoch 70/100 batch 26/66 (39%) running_loss=0.3140
2026-09-17 23:16:20,816 INFO train epoch 70/100 batch 39/66 (59%) running_loss=0.3122
2026-09-17 23:16:22,688 INFO train epoch 70/100 batch 52/66 (79%) running_loss=0.3141
2026-09-17 23:16:24,540 INFO train epoch 70/100 batch 65/66 (98%) running_loss=0.3126
2026-09-17 23:16:24,685 INFO train epoch 70/100 batch 66/66 (100%) running_loss=0.3125
2026-09-17 23:16:25,976 INFO epoch 70/100 done: train_loss=0.3125 val_loss=0.2332 val_accuracy=0.9447 val_macro_f1=0.9239 val_macro_auc=0.9756 (checkpoint_metric=macro_auc)
2026-09-17 23:16:28,307 INFO train epoch 71/100 batch 13/66 (20%) running_loss=0.3203
2026-09-17 23:16:30,148 INFO train epoch 71/100 batch 26/66 (39%) running_loss=0.3194
2026-09-17 23:16:31,985 INFO train epoch 71/100 batch 39/66 (59%) running_loss=0.3169
2026-09-17 23:16:33,823 INFO train epoch 71/100 batch 52/66 (79%) running_loss=0.3196
2026-09-17 23:16:35,652 INFO train epoch 71/100 batch 65/66 (98%) running_loss=0.3180
2026-09-17 23:16:35,798 INFO train epoch 71/100 batch 66/66 (100%) running_loss=0.3179
2026-09-17 23:16:37,080 INFO epoch 71/100 done: train_loss=0.3179 val_loss=0.2297 val_accuracy=0.9447 val_macro_f1=0.9233 val_macro_auc=0.9756 (checkpoint_metric=macro_auc)
2026-09-17 23:16:39,485 INFO train epoch 72/100 batch 13/66 (20%) running_loss=0.3115
2026-09-17 23:16:41,397 INFO train epoch 72/100 batch 26/66 (39%) running_loss=0.3141
2026-09-17 23:16:43,316 INFO train epoch 72/100 batch 39/66 (59%) running_loss=0.3180
2026-09-17 23:16:45,205 INFO train epoch 72/100 batch 52/66 (79%) running_loss=0.3158
2026-09-17 23:16:47,024 INFO train epoch 72/100 batch 65/66 (98%) running_loss=0.3160
2026-09-17 23:16:47,168 INFO train epoch 72/100 batch 66/66 (100%) running_loss=0.3163
2026-09-17 23:16:48,414 INFO epoch 72/100 done: train_loss=0.3163 val_loss=0.2283 val_accuracy=0.9385 val_macro_f1=0.9157 val_macro_auc=0.9752 (checkpoint_metric=macro_auc)
2026-09-17 23:16:50,741 INFO train epoch 73/100 batch 13/66 (20%) running_loss=0.3197
2026-09-17 23:16:52,579 INFO train epoch 73/100 batch 26/66 (39%) running_loss=0.3179
2026-09-17 23:16:54,439 INFO train epoch 73/100 batch 39/66 (59%) running_loss=0.3142
2026-09-17 23:16:56,298 INFO train epoch 73/100 batch 52/66 (79%) running_loss=0.3124
2026-09-17 23:16:58,127 INFO train epoch 73/100 batch 65/66 (98%) running_loss=0.3119
2026-09-17 23:16:58,279 INFO train epoch 73/100 batch 66/66 (100%) running_loss=0.3117
2026-09-17 23:16:59,535 INFO epoch 73/100 done: train_loss=0.3117 val_loss=0.2256 val_accuracy=0.9447 val_macro_f1=0.9233 val_macro_auc=0.9763 (checkpoint_metric=macro_auc)
2026-09-17 23:17:01,932 INFO train epoch 74/100 batch 13/66 (20%) running_loss=0.3139
2026-09-17 23:17:03,827 INFO train epoch 74/100 batch 26/66 (39%) running_loss=0.3174
2026-09-17 23:17:05,678 INFO train epoch 74/100 batch 39/66 (59%) running_loss=0.3149
2026-09-17 23:17:07,522 INFO train epoch 74/100 batch 52/66 (79%) running_loss=0.3116
2026-09-17 23:17:09,357 INFO train epoch 74/100 batch 65/66 (98%) running_loss=0.3135
2026-09-17 23:17:09,500 INFO train epoch 74/100 batch 66/66 (100%) running_loss=0.3133
2026-09-17 23:17:10,770 INFO epoch 74/100 done: train_loss=0.3133 val_loss=0.2298 val_accuracy=0.9426 val_macro_f1=0.9208 val_macro_auc=0.9753 (checkpoint_metric=macro_auc)
2026-09-17 23:17:13,142 INFO train epoch 75/100 batch 13/66 (20%) running_loss=0.3220
2026-09-17 23:17:15,114 INFO train epoch 75/100 batch 26/66 (39%) running_loss=0.3204
2026-09-17 23:17:17,043 INFO train epoch 75/100 batch 39/66 (59%) running_loss=0.3186
2026-09-17 23:17:18,905 INFO train epoch 75/100 batch 52/66 (79%) running_loss=0.3187
2026-09-17 23:17:20,726 INFO train epoch 75/100 batch 65/66 (98%) running_loss=0.3195
2026-09-17 23:17:20,869 INFO train epoch 75/100 batch 66/66 (100%) running_loss=0.3195
2026-09-17 23:17:22,122 INFO epoch 75/100 done: train_loss=0.3195 val_loss=0.2346 val_accuracy=0.9426 val_macro_f1=0.9222 val_macro_auc=0.9749 (checkpoint_metric=macro_auc)
2026-09-17 23:17:24,472 INFO train epoch 76/100 batch 13/66 (20%) running_loss=0.3199
2026-09-17 23:17:26,302 INFO train epoch 76/100 batch 26/66 (39%) running_loss=0.3215
2026-09-17 23:17:28,159 INFO train epoch 76/100 batch 39/66 (59%) running_loss=0.3186
2026-09-17 23:17:30,253 INFO train epoch 76/100 batch 52/66 (79%) running_loss=0.3217
2026-09-17 23:17:32,075 INFO train epoch 76/100 batch 65/66 (98%) running_loss=0.3191
2026-09-17 23:17:32,222 INFO train epoch 76/100 batch 66/66 (100%) running_loss=0.3191
2026-09-17 23:17:33,513 INFO epoch 76/100 done: train_loss=0.3191 val_loss=0.2326 val_accuracy=0.9406 val_macro_f1=0.9198 val_macro_auc=0.9760 (checkpoint_metric=macro_auc)
2026-09-17 23:17:35,973 INFO train epoch 77/100 batch 13/66 (20%) running_loss=0.3085
2026-09-17 23:17:37,829 INFO train epoch 77/100 batch 26/66 (39%) running_loss=0.3085
2026-09-17 23:17:39,712 INFO train epoch 77/100 batch 39/66 (59%) running_loss=0.3075
2026-09-17 23:17:41,652 INFO train epoch 77/100 batch 52/66 (79%) running_loss=0.3085
2026-09-17 23:17:43,536 INFO train epoch 77/100 batch 65/66 (98%) running_loss=0.3088
2026-09-17 23:17:43,685 INFO train epoch 77/100 batch 66/66 (100%) running_loss=0.3087
2026-09-17 23:17:44,942 INFO epoch 77/100 done: train_loss=0.3087 val_loss=0.2321 val_accuracy=0.9447 val_macro_f1=0.9239 val_macro_auc=0.9746 (checkpoint_metric=macro_auc)
2026-09-17 23:17:47,360 INFO train epoch 78/100 batch 13/66 (20%) running_loss=0.3119
2026-09-17 23:17:49,196 INFO train epoch 78/100 batch 26/66 (39%) running_loss=0.3085
2026-09-17 23:17:51,054 INFO train epoch 78/100 batch 39/66 (59%) running_loss=0.3091
2026-09-17 23:17:52,878 INFO train epoch 78/100 batch 52/66 (79%) running_loss=0.3085
2026-09-17 23:17:54,692 INFO train epoch 78/100 batch 65/66 (98%) running_loss=0.3094
2026-09-17 23:17:54,836 INFO train epoch 78/100 batch 66/66 (100%) running_loss=0.3093
2026-09-17 23:17:56,053 INFO epoch 78/100 done: train_loss=0.3093 val_loss=0.2327 val_accuracy=0.9426 val_macro_f1=0.9216 val_macro_auc=0.9755 (checkpoint_metric=macro_auc)
2026-09-17 23:17:58,470 INFO train epoch 79/100 batch 13/66 (20%) running_loss=0.3254
2026-09-17 23:18:00,306 INFO train epoch 79/100 batch 26/66 (39%) running_loss=0.3148
2026-09-17 23:18:02,139 INFO train epoch 79/100 batch 39/66 (59%) running_loss=0.3178
2026-09-17 23:18:03,977 INFO train epoch 79/100 batch 52/66 (79%) running_loss=0.3159
2026-09-17 23:18:05,802 INFO train epoch 79/100 batch 65/66 (98%) running_loss=0.3143
2026-09-17 23:18:05,946 INFO train epoch 79/100 batch 66/66 (100%) running_loss=0.3142
2026-09-17 23:18:07,240 INFO epoch 79/100 done: train_loss=0.3142 val_loss=0.2277 val_accuracy=0.9426 val_macro_f1=0.9216 val_macro_auc=0.9755 (checkpoint_metric=macro_auc)
2026-09-17 23:18:09,577 INFO train epoch 80/100 batch 13/66 (20%) running_loss=0.3190
2026-09-17 23:18:11,428 INFO train epoch 80/100 batch 26/66 (39%) running_loss=0.3135
2026-09-17 23:18:13,262 INFO train epoch 80/100 batch 39/66 (59%) running_loss=0.3162
2026-09-17 23:18:15,104 INFO train epoch 80/100 batch 52/66 (79%) running_loss=0.3134
2026-09-17 23:18:16,933 INFO train epoch 80/100 batch 65/66 (98%) running_loss=0.3133
2026-09-17 23:18:17,077 INFO train epoch 80/100 batch 66/66 (100%) running_loss=0.3135
2026-09-17 23:18:18,355 INFO epoch 80/100 done: train_loss=0.3135 val_loss=0.2243 val_accuracy=0.9447 val_macro_f1=0.9240 val_macro_auc=0.9757 (checkpoint_metric=macro_auc)
2026-09-17 23:18:20,780 INFO train epoch 81/100 batch 13/66 (20%) running_loss=0.3122
2026-09-17 23:18:22,623 INFO train epoch 81/100 batch 26/66 (39%) running_loss=0.3153
2026-09-17 23:18:24,461 INFO train epoch 81/100 batch 39/66 (59%) running_loss=0.3143
2026-09-17 23:18:26,302 INFO train epoch 81/100 batch 52/66 (79%) running_loss=0.3155
2026-09-17 23:18:28,113 INFO train epoch 81/100 batch 65/66 (98%) running_loss=0.3162
2026-09-17 23:18:28,256 INFO train epoch 81/100 batch 66/66 (100%) running_loss=0.3161
2026-09-17 23:18:29,504 INFO epoch 81/100 done: train_loss=0.3161 val_loss=0.2237 val_accuracy=0.9365 val_macro_f1=0.9112 val_macro_auc=0.9762 (checkpoint_metric=macro_auc)
2026-09-17 23:18:31,810 INFO train epoch 82/100 batch 13/66 (20%) running_loss=0.3213
2026-09-17 23:18:33,666 INFO train epoch 82/100 batch 26/66 (39%) running_loss=0.3225
2026-09-17 23:18:35,526 INFO train epoch 82/100 batch 39/66 (59%) running_loss=0.3199
2026-09-17 23:18:37,344 INFO train epoch 82/100 batch 52/66 (79%) running_loss=0.3175
2026-09-17 23:18:39,169 INFO train epoch 82/100 batch 65/66 (98%) running_loss=0.3145
2026-09-17 23:18:39,316 INFO train epoch 82/100 batch 66/66 (100%) running_loss=0.3143
2026-09-17 23:18:40,602 INFO epoch 82/100 done: train_loss=0.3143 val_loss=0.2269 val_accuracy=0.9406 val_macro_f1=0.9191 val_macro_auc=0.9757 (checkpoint_metric=macro_auc)
2026-09-17 23:18:43,036 INFO train epoch 83/100 batch 13/66 (20%) running_loss=0.3255
2026-09-17 23:18:44,914 INFO train epoch 83/100 batch 26/66 (39%) running_loss=0.3187
2026-09-17 23:18:46,754 INFO train epoch 83/100 batch 39/66 (59%) running_loss=0.3144
2026-09-17 23:18:48,635 INFO train epoch 83/100 batch 52/66 (79%) running_loss=0.3147
2026-09-17 23:18:50,467 INFO train epoch 83/100 batch 65/66 (98%) running_loss=0.3139
2026-09-17 23:18:50,609 INFO train epoch 83/100 batch 66/66 (100%) running_loss=0.3142
2026-09-17 23:18:51,863 INFO epoch 83/100 done: train_loss=0.3142 val_loss=0.2336 val_accuracy=0.9365 val_macro_f1=0.9130 val_macro_auc=0.9753 (checkpoint_metric=macro_auc)
2026-09-17 23:18:54,261 INFO train epoch 84/100 batch 13/66 (20%) running_loss=0.3240
2026-09-17 23:18:56,096 INFO train epoch 84/100 batch 26/66 (39%) running_loss=0.3159
2026-09-17 23:18:57,950 INFO train epoch 84/100 batch 39/66 (59%) running_loss=0.3143
2026-09-17 23:18:59,842 INFO train epoch 84/100 batch 52/66 (79%) running_loss=0.3129
2026-09-17 23:19:01,674 INFO train epoch 84/100 batch 65/66 (98%) running_loss=0.3119
2026-09-17 23:19:01,818 INFO train epoch 84/100 batch 66/66 (100%) running_loss=0.3118
2026-09-17 23:19:03,094 INFO epoch 84/100 done: train_loss=0.3118 val_loss=0.2258 val_accuracy=0.9447 val_macro_f1=0.9233 val_macro_auc=0.9758 (checkpoint_metric=macro_auc)
2026-09-17 23:19:05,480 INFO train epoch 85/100 batch 13/66 (20%) running_loss=0.3212
2026-09-17 23:19:07,326 INFO train epoch 85/100 batch 26/66 (39%) running_loss=0.3178
2026-09-17 23:19:09,170 INFO train epoch 85/100 batch 39/66 (59%) running_loss=0.3157
2026-09-17 23:19:11,013 INFO train epoch 85/100 batch 52/66 (79%) running_loss=0.3149
2026-09-17 23:19:12,836 INFO train epoch 85/100 batch 65/66 (98%) running_loss=0.3161
2026-09-17 23:19:12,980 INFO train epoch 85/100 batch 66/66 (100%) running_loss=0.3163
2026-09-17 23:19:14,282 INFO epoch 85/100 done: train_loss=0.3163 val_loss=0.2241 val_accuracy=0.9426 val_macro_f1=0.9199 val_macro_auc=0.9760 (checkpoint_metric=macro_auc)
2026-09-17 23:19:16,653 INFO train epoch 86/100 batch 13/66 (20%) running_loss=0.3246
2026-09-17 23:19:18,491 INFO train epoch 86/100 batch 26/66 (39%) running_loss=0.3195
2026-09-17 23:19:20,368 INFO train epoch 86/100 batch 39/66 (59%) running_loss=0.3188
2026-09-17 23:19:22,194 INFO train epoch 86/100 batch 52/66 (79%) running_loss=0.3168
2026-09-17 23:19:24,031 INFO train epoch 86/100 batch 65/66 (98%) running_loss=0.3151
2026-09-17 23:19:24,176 INFO train epoch 86/100 batch 66/66 (100%) running_loss=0.3149
2026-09-17 23:19:25,495 INFO epoch 86/100 done: train_loss=0.3149 val_loss=0.2428 val_accuracy=0.9365 val_macro_f1=0.9140 val_macro_auc=0.9739 (checkpoint_metric=macro_auc)
2026-09-17 23:19:27,888 INFO train epoch 87/100 batch 13/66 (20%) running_loss=0.3289
2026-09-17 23:19:29,724 INFO train epoch 87/100 batch 26/66 (39%) running_loss=0.3191
2026-09-17 23:19:31,589 INFO train epoch 87/100 batch 39/66 (59%) running_loss=0.3162
2026-09-17 23:19:33,446 INFO train epoch 87/100 batch 52/66 (79%) running_loss=0.3165
2026-09-17 23:19:35,268 INFO train epoch 87/100 batch 65/66 (98%) running_loss=0.3146
2026-09-17 23:19:35,413 INFO train epoch 87/100 batch 66/66 (100%) running_loss=0.3147
2026-09-17 23:19:36,641 INFO epoch 87/100 done: train_loss=0.3147 val_loss=0.2325 val_accuracy=0.9426 val_macro_f1=0.9205 val_macro_auc=0.9755 (checkpoint_metric=macro_auc)
2026-09-17 23:19:39,028 INFO train epoch 88/100 batch 13/66 (20%) running_loss=0.3044
2026-09-17 23:19:40,881 INFO train epoch 88/100 batch 26/66 (39%) running_loss=0.3159
2026-09-17 23:19:42,732 INFO train epoch 88/100 batch 39/66 (59%) running_loss=0.3132
2026-09-17 23:19:44,579 INFO train epoch 88/100 batch 52/66 (79%) running_loss=0.3124
2026-09-17 23:19:46,406 INFO train epoch 88/100 batch 65/66 (98%) running_loss=0.3154
2026-09-17 23:19:46,549 INFO train epoch 88/100 batch 66/66 (100%) running_loss=0.3152
2026-09-17 23:19:47,748 INFO epoch 88/100 done: train_loss=0.3152 val_loss=0.2408 val_accuracy=0.9406 val_macro_f1=0.9195 val_macro_auc=0.9747 (checkpoint_metric=macro_auc)
2026-09-17 23:19:50,119 INFO train epoch 89/100 batch 13/66 (20%) running_loss=0.3066
2026-09-17 23:19:51,996 INFO train epoch 89/100 batch 26/66 (39%) running_loss=0.3048
2026-09-17 23:19:53,865 INFO train epoch 89/100 batch 39/66 (59%) running_loss=0.3061
2026-09-17 23:19:55,715 INFO train epoch 89/100 batch 52/66 (79%) running_loss=0.3079
2026-09-17 23:19:57,539 INFO train epoch 89/100 batch 65/66 (98%) running_loss=0.3096
2026-09-17 23:19:57,684 INFO train epoch 89/100 batch 66/66 (100%) running_loss=0.3102
2026-09-17 23:19:58,916 INFO epoch 89/100 done: train_loss=0.3102 val_loss=0.2341 val_accuracy=0.9406 val_macro_f1=0.9188 val_macro_auc=0.9748 (checkpoint_metric=macro_auc)
2026-09-17 23:20:01,251 INFO train epoch 90/100 batch 13/66 (20%) running_loss=0.3106
2026-09-17 23:20:03,099 INFO train epoch 90/100 batch 26/66 (39%) running_loss=0.3104
2026-09-17 23:20:04,931 INFO train epoch 90/100 batch 39/66 (59%) running_loss=0.3105
2026-09-17 23:20:06,754 INFO train epoch 90/100 batch 52/66 (79%) running_loss=0.3111
2026-09-17 23:20:08,564 INFO train epoch 90/100 batch 65/66 (98%) running_loss=0.3098
2026-09-17 23:20:08,708 INFO train epoch 90/100 batch 66/66 (100%) running_loss=0.3097
2026-09-17 23:20:09,970 INFO epoch 90/100 done: train_loss=0.3097 val_loss=0.2268 val_accuracy=0.9447 val_macro_f1=0.9233 val_macro_auc=0.9765 (checkpoint_metric=macro_auc)
2026-09-17 23:20:12,394 INFO train epoch 91/100 batch 13/66 (20%) running_loss=0.3062
2026-09-17 23:20:14,220 INFO train epoch 91/100 batch 26/66 (39%) running_loss=0.3127
2026-09-17 23:20:16,068 INFO train epoch 91/100 batch 39/66 (59%) running_loss=0.3136
2026-09-17 23:20:17,901 INFO train epoch 91/100 batch 52/66 (79%) running_loss=0.3132
2026-09-17 23:20:19,707 INFO train epoch 91/100 batch 65/66 (98%) running_loss=0.3133
2026-09-17 23:20:19,850 INFO train epoch 91/100 batch 66/66 (100%) running_loss=0.3134
2026-09-17 23:20:21,058 INFO epoch 91/100 done: train_loss=0.3134 val_loss=0.2357 val_accuracy=0.9406 val_macro_f1=0.9188 val_macro_auc=0.9746 (checkpoint_metric=macro_auc)
2026-09-17 23:20:23,368 INFO train epoch 92/100 batch 13/66 (20%) running_loss=0.3177
2026-09-17 23:20:25,203 INFO train epoch 92/100 batch 26/66 (39%) running_loss=0.3180
2026-09-17 23:20:27,042 INFO train epoch 92/100 batch 39/66 (59%) running_loss=0.3148
2026-09-17 23:20:28,862 INFO train epoch 92/100 batch 52/66 (79%) running_loss=0.3123
2026-09-17 23:20:30,701 INFO train epoch 92/100 batch 65/66 (98%) running_loss=0.3137
2026-09-17 23:20:30,847 INFO train epoch 92/100 batch 66/66 (100%) running_loss=0.3141
2026-09-17 23:20:32,146 INFO epoch 92/100 done: train_loss=0.3141 val_loss=0.2294 val_accuracy=0.9406 val_macro_f1=0.9188 val_macro_auc=0.9754 (checkpoint_metric=macro_auc)
2026-09-17 23:20:34,540 INFO train epoch 93/100 batch 13/66 (20%) running_loss=0.3109
2026-09-17 23:20:36,409 INFO train epoch 93/100 batch 26/66 (39%) running_loss=0.3129
2026-09-17 23:20:38,237 INFO train epoch 93/100 batch 39/66 (59%) running_loss=0.3106
2026-09-17 23:20:40,070 INFO train epoch 93/100 batch 52/66 (79%) running_loss=0.3108
2026-09-17 23:20:41,881 INFO train epoch 93/100 batch 65/66 (98%) running_loss=0.3100
2026-09-17 23:20:42,024 INFO train epoch 93/100 batch 66/66 (100%) running_loss=0.3102
2026-09-17 23:20:43,256 INFO epoch 93/100 done: train_loss=0.3102 val_loss=0.2289 val_accuracy=0.9406 val_macro_f1=0.9188 val_macro_auc=0.9754 (checkpoint_metric=macro_auc)
2026-09-17 23:20:45,626 INFO train epoch 94/100 batch 13/66 (20%) running_loss=0.3146
2026-09-17 23:20:47,467 INFO train epoch 94/100 batch 26/66 (39%) running_loss=0.3089
2026-09-17 23:20:49,522 INFO train epoch 94/100 batch 39/66 (59%) running_loss=0.3106
2026-09-17 23:20:51,372 INFO train epoch 94/100 batch 52/66 (79%) running_loss=0.3108
2026-09-17 23:20:53,185 INFO train epoch 94/100 batch 65/66 (98%) running_loss=0.3121
2026-09-17 23:20:53,331 INFO train epoch 94/100 batch 66/66 (100%) running_loss=0.3121
2026-09-17 23:20:54,623 INFO epoch 94/100 done: train_loss=0.3121 val_loss=0.2297 val_accuracy=0.9447 val_macro_f1=0.9233 val_macro_auc=0.9754 (checkpoint_metric=macro_auc)
2026-09-17 23:20:57,004 INFO train epoch 95/100 batch 13/66 (20%) running_loss=0.3145
2026-09-17 23:20:58,896 INFO train epoch 95/100 batch 26/66 (39%) running_loss=0.3138
2026-09-17 23:21:00,740 INFO train epoch 95/100 batch 39/66 (59%) running_loss=0.3141
2026-09-17 23:21:02,593 INFO train epoch 95/100 batch 52/66 (79%) running_loss=0.3117
2026-09-17 23:21:04,428 INFO train epoch 95/100 batch 65/66 (98%) running_loss=0.3115
2026-09-17 23:21:04,570 INFO train epoch 95/100 batch 66/66 (100%) running_loss=0.3116
2026-09-17 23:21:05,841 INFO epoch 95/100 done: train_loss=0.3116 val_loss=0.2317 val_accuracy=0.9426 val_macro_f1=0.9208 val_macro_auc=0.9753 (checkpoint_metric=macro_auc)
2026-09-17 23:21:08,271 INFO train epoch 96/100 batch 13/66 (20%) running_loss=0.3105
2026-09-17 23:21:10,126 INFO train epoch 96/100 batch 26/66 (39%) running_loss=0.3064
2026-09-17 23:21:11,968 INFO train epoch 96/100 batch 39/66 (59%) running_loss=0.3076
2026-09-17 23:21:13,814 INFO train epoch 96/100 batch 52/66 (79%) running_loss=0.3079
2026-09-17 23:21:15,640 INFO train epoch 96/100 batch 65/66 (98%) running_loss=0.3108
2026-09-17 23:21:15,784 INFO train epoch 96/100 batch 66/66 (100%) running_loss=0.3109
2026-09-17 23:21:17,076 INFO epoch 96/100 done: train_loss=0.3109 val_loss=0.2264 val_accuracy=0.9426 val_macro_f1=0.9202 val_macro_auc=0.9762 (checkpoint_metric=macro_auc)
2026-09-17 23:21:19,505 INFO train epoch 97/100 batch 13/66 (20%) running_loss=0.3194
2026-09-17 23:21:21,380 INFO train epoch 97/100 batch 26/66 (39%) running_loss=0.3131
2026-09-17 23:21:23,241 INFO train epoch 97/100 batch 39/66 (59%) running_loss=0.3164
2026-09-17 23:21:25,082 INFO train epoch 97/100 batch 52/66 (79%) running_loss=0.3127
2026-09-17 23:21:26,905 INFO train epoch 97/100 batch 65/66 (98%) running_loss=0.3107
2026-09-17 23:21:27,049 INFO train epoch 97/100 batch 66/66 (100%) running_loss=0.3107
2026-09-17 23:21:28,271 INFO epoch 97/100 done: train_loss=0.3107 val_loss=0.2295 val_accuracy=0.9447 val_macro_f1=0.9240 val_macro_auc=0.9755 (checkpoint_metric=macro_auc)
2026-09-17 23:21:30,736 INFO train epoch 98/100 batch 13/66 (20%) running_loss=0.3151
2026-09-17 23:21:32,658 INFO train epoch 98/100 batch 26/66 (39%) running_loss=0.3121
2026-09-17 23:21:34,576 INFO train epoch 98/100 batch 39/66 (59%) running_loss=0.3114
2026-09-17 23:21:36,442 INFO train epoch 98/100 batch 52/66 (79%) running_loss=0.3138
2026-09-17 23:21:38,277 INFO train epoch 98/100 batch 65/66 (98%) running_loss=0.3130
2026-09-17 23:21:38,423 INFO train epoch 98/100 batch 66/66 (100%) running_loss=0.3128
2026-09-17 23:21:39,713 INFO epoch 98/100 done: train_loss=0.3128 val_loss=0.2256 val_accuracy=0.9426 val_macro_f1=0.9216 val_macro_auc=0.9756 (checkpoint_metric=macro_auc)
2026-09-17 23:21:42,096 INFO train epoch 99/100 batch 13/66 (20%) running_loss=0.3146
2026-09-17 23:21:43,921 INFO train epoch 99/100 batch 26/66 (39%) running_loss=0.3163
2026-09-17 23:21:45,747 INFO train epoch 99/100 batch 39/66 (59%) running_loss=0.3161
2026-09-17 23:21:47,590 INFO train epoch 99/100 batch 52/66 (79%) running_loss=0.3197
2026-09-17 23:21:49,584 INFO train epoch 99/100 batch 65/66 (98%) running_loss=0.3193
2026-09-17 23:21:49,733 INFO train epoch 99/100 batch 66/66 (100%) running_loss=0.3193
2026-09-17 23:21:51,202 INFO epoch 99/100 done: train_loss=0.3193 val_loss=0.2300 val_accuracy=0.9406 val_macro_f1=0.9185 val_macro_auc=0.9751 (checkpoint_metric=macro_auc)
2026-09-17 23:21:53,564 INFO train epoch 100/100 batch 13/66 (20%) running_loss=0.3068
2026-09-17 23:21:55,418 INFO train epoch 100/100 batch 26/66 (39%) running_loss=0.3086
2026-09-17 23:21:57,244 INFO train epoch 100/100 batch 39/66 (59%) running_loss=0.3117
2026-09-17 23:21:59,103 INFO train epoch 100/100 batch 52/66 (79%) running_loss=0.3137
2026-09-17 23:22:00,916 INFO train epoch 100/100 batch 65/66 (98%) running_loss=0.3123
2026-09-17 23:22:01,059 INFO train epoch 100/100 batch 66/66 (100%) running_loss=0.3121
2026-09-17 23:22:02,379 INFO epoch 100/100 done: train_loss=0.3121 val_loss=0.2354 val_accuracy=0.9426 val_macro_f1=0.9208 val_macro_auc=0.9741 (checkpoint_metric=macro_auc)
2026-09-17 23:22:02,556 INFO Training finished. Best epoch=28, smoothed macro_auc=0.9796 (window=3)
2026-09-17 23:22:05,446 INFO Test set evaluated once: accuracy=0.8671 macro_f1=0.8601 macro_auc=0.9645
2026-09-17 23:22:06,308 INFO Model size: 52.86M params, 1.008 GFLOPs at 96x96
