2026-09-17 18:17:46,373 INFO Starting baseline training: model=vgg16 device=cuda amp=True image_size=96 epochs=50 lr=0.001 optimizer=sgd
2026-09-17 18:17:46,626 INFO Dataset ready: 3 classes, 2102 train / 488 val samples (split reused from outputs/baseline_vgg16_96_adaptive_s2/split_indices.json)
2026-09-17 18:17:46,627 INFO Augmentation policy: sample-adaptive, from outputs/main1/augmentation_run/selected_policy.json
2026-09-17 18:17:48,375 INFO Classes: {'glioma_tumor': 0, 'meningioma_tumor': 1, 'pituitary_tumor': 2}
2026-09-17 18:17:48,376 INFO Regularization: weight_decay=7.0e-04 label_smoothing=0.10 grad_clip_norm=5.0
2026-09-17 18:17:50,330 INFO train epoch 1/50 batch 13/66 (20%) running_loss=1.2723
2026-09-17 18:17:51,243 INFO train epoch 1/50 batch 26/66 (39%) running_loss=1.0701
2026-09-17 18:17:52,148 INFO train epoch 1/50 batch 39/66 (59%) running_loss=0.9591
2026-09-17 18:17:53,056 INFO train epoch 1/50 batch 52/66 (79%) running_loss=0.8873
2026-09-17 18:17:53,957 INFO train epoch 1/50 batch 65/66 (98%) running_loss=0.8368
2026-09-17 18:17:54,116 INFO train epoch 1/50 batch 66/66 (100%) running_loss=0.8338
2026-09-17 18:17:56,284 INFO epoch 1/50 done: train_loss=0.8338 val_loss=0.4011 val_accuracy=0.8627 val_macro_f1=0.8279 val_macro_auc=0.9712 (checkpoint_metric=macro_auc) [new best]
2026-09-17 18:17:57,553 INFO train epoch 2/50 batch 13/66 (20%) running_loss=0.5778
2026-09-17 18:17:58,460 INFO train epoch 2/50 batch 26/66 (39%) running_loss=0.5664
2026-09-17 18:17:59,403 INFO train epoch 2/50 batch 39/66 (59%) running_loss=0.5716
2026-09-17 18:18:00,331 INFO train epoch 2/50 batch 52/66 (79%) running_loss=0.5738
2026-09-17 18:18:01,236 INFO train epoch 2/50 batch 65/66 (98%) running_loss=0.5620
2026-09-17 18:18:01,297 INFO train epoch 2/50 batch 66/66 (100%) running_loss=0.5621
2026-09-17 18:18:06,145 INFO epoch 2/50 done: train_loss=0.5621 val_loss=0.2879 val_accuracy=0.8975 val_macro_f1=0.8603 val_macro_auc=0.9786 (checkpoint_metric=macro_auc) [new best]
2026-09-17 18:18:07,468 INFO train epoch 3/50 batch 13/66 (20%) running_loss=0.4947
2026-09-17 18:18:08,385 INFO train epoch 3/50 batch 26/66 (39%) running_loss=0.4863
2026-09-17 18:18:09,302 INFO train epoch 3/50 batch 39/66 (59%) running_loss=0.4804
2026-09-17 18:18:10,219 INFO train epoch 3/50 batch 52/66 (79%) running_loss=0.4844
2026-09-17 18:18:11,122 INFO train epoch 3/50 batch 65/66 (98%) running_loss=0.4872
2026-09-17 18:18:11,184 INFO train epoch 3/50 batch 66/66 (100%) running_loss=0.4862
2026-09-17 18:18:16,089 INFO epoch 3/50 done: train_loss=0.4862 val_loss=0.2834 val_accuracy=0.8975 val_macro_f1=0.8574 val_macro_auc=0.9837 (checkpoint_metric=macro_auc) [new best]
2026-09-17 18:18:17,456 INFO train epoch 4/50 batch 13/66 (20%) running_loss=0.4671
2026-09-17 18:18:18,366 INFO train epoch 4/50 batch 26/66 (39%) running_loss=0.4467
2026-09-17 18:18:19,279 INFO train epoch 4/50 batch 39/66 (59%) running_loss=0.4390
2026-09-17 18:18:20,193 INFO train epoch 4/50 batch 52/66 (79%) running_loss=0.4405
2026-09-17 18:18:21,102 INFO train epoch 4/50 batch 65/66 (98%) running_loss=0.4358
2026-09-17 18:18:21,163 INFO train epoch 4/50 batch 66/66 (100%) running_loss=0.4357
2026-09-17 18:18:25,678 INFO epoch 4/50 done: train_loss=0.4357 val_loss=0.2735 val_accuracy=0.9201 val_macro_f1=0.8929 val_macro_auc=0.9881 (checkpoint_metric=macro_auc) [new best]
2026-09-17 18:18:27,110 INFO train epoch 5/50 batch 13/66 (20%) running_loss=0.3883
2026-09-17 18:18:28,021 INFO train epoch 5/50 batch 26/66 (39%) running_loss=0.3866
2026-09-17 18:18:28,995 INFO train epoch 5/50 batch 39/66 (59%) running_loss=0.3858
2026-09-17 18:18:29,907 INFO train epoch 5/50 batch 52/66 (79%) running_loss=0.3793
2026-09-17 18:18:30,833 INFO train epoch 5/50 batch 65/66 (98%) running_loss=0.3805
2026-09-17 18:18:30,896 INFO train epoch 5/50 batch 66/66 (100%) running_loss=0.3810
2026-09-17 18:18:35,816 INFO epoch 5/50 done: train_loss=0.3810 val_loss=0.2333 val_accuracy=0.9324 val_macro_f1=0.9046 val_macro_auc=0.9898 (checkpoint_metric=macro_auc) [new best]
2026-09-17 18:18:37,125 INFO train epoch 6/50 batch 13/66 (20%) running_loss=0.3533
2026-09-17 18:18:38,039 INFO train epoch 6/50 batch 26/66 (39%) running_loss=0.3678
2026-09-17 18:18:38,955 INFO train epoch 6/50 batch 39/66 (59%) running_loss=0.3618
2026-09-17 18:18:39,868 INFO train epoch 6/50 batch 52/66 (79%) running_loss=0.3653
2026-09-17 18:18:40,778 INFO train epoch 6/50 batch 65/66 (98%) running_loss=0.3638
2026-09-17 18:18:40,839 INFO train epoch 6/50 batch 66/66 (100%) running_loss=0.3637
2026-09-17 18:18:45,353 INFO epoch 6/50 done: train_loss=0.3637 val_loss=0.2191 val_accuracy=0.9406 val_macro_f1=0.9191 val_macro_auc=0.9914 (checkpoint_metric=macro_auc) [new best]
2026-09-17 18:18:46,635 INFO train epoch 7/50 batch 13/66 (20%) running_loss=0.3603
2026-09-17 18:18:47,550 INFO train epoch 7/50 batch 26/66 (39%) running_loss=0.3493
2026-09-17 18:18:48,457 INFO train epoch 7/50 batch 39/66 (59%) running_loss=0.3543
2026-09-17 18:18:49,430 INFO train epoch 7/50 batch 52/66 (79%) running_loss=0.3553
2026-09-17 18:18:50,336 INFO train epoch 7/50 batch 65/66 (98%) running_loss=0.3555
2026-09-17 18:18:50,397 INFO train epoch 7/50 batch 66/66 (100%) running_loss=0.3554
2026-09-17 18:18:55,502 INFO epoch 7/50 done: train_loss=0.3554 val_loss=0.1914 val_accuracy=0.9426 val_macro_f1=0.9231 val_macro_auc=0.9943 (checkpoint_metric=macro_auc) [new best]
2026-09-17 18:18:56,832 INFO train epoch 8/50 batch 13/66 (20%) running_loss=0.3376
2026-09-17 18:18:57,747 INFO train epoch 8/50 batch 26/66 (39%) running_loss=0.3447
2026-09-17 18:18:58,656 INFO train epoch 8/50 batch 39/66 (59%) running_loss=0.3461
2026-09-17 18:18:59,573 INFO train epoch 8/50 batch 52/66 (79%) running_loss=0.3451
2026-09-17 18:19:00,478 INFO train epoch 8/50 batch 65/66 (98%) running_loss=0.3420
2026-09-17 18:19:00,540 INFO train epoch 8/50 batch 66/66 (100%) running_loss=0.3418
2026-09-17 18:19:01,585 INFO epoch 8/50 done: train_loss=0.3418 val_loss=0.2304 val_accuracy=0.9385 val_macro_f1=0.9171 val_macro_auc=0.9896 (checkpoint_metric=macro_auc)
2026-09-17 18:19:02,919 INFO train epoch 9/50 batch 13/66 (20%) running_loss=0.3320
2026-09-17 18:19:03,873 INFO train epoch 9/50 batch 26/66 (39%) running_loss=0.3297
2026-09-17 18:19:04,784 INFO train epoch 9/50 batch 39/66 (59%) running_loss=0.3320
2026-09-17 18:19:05,692 INFO train epoch 9/50 batch 52/66 (79%) running_loss=0.3321
2026-09-17 18:19:06,599 INFO train epoch 9/50 batch 65/66 (98%) running_loss=0.3332
2026-09-17 18:19:06,661 INFO train epoch 9/50 batch 66/66 (100%) running_loss=0.3330
2026-09-17 18:19:07,688 INFO epoch 9/50 done: train_loss=0.3330 val_loss=0.2982 val_accuracy=0.9139 val_macro_f1=0.8900 val_macro_auc=0.9857 (checkpoint_metric=macro_auc)
2026-09-17 18:19:08,968 INFO train epoch 10/50 batch 13/66 (20%) running_loss=0.3244
2026-09-17 18:19:09,890 INFO train epoch 10/50 batch 26/66 (39%) running_loss=0.3201
2026-09-17 18:19:10,801 INFO train epoch 10/50 batch 39/66 (59%) running_loss=0.3246
2026-09-17 18:19:11,760 INFO train epoch 10/50 batch 52/66 (79%) running_loss=0.3249
2026-09-17 18:19:12,664 INFO train epoch 10/50 batch 65/66 (98%) running_loss=0.3239
2026-09-17 18:19:12,727 INFO train epoch 10/50 batch 66/66 (100%) running_loss=0.3239
2026-09-17 18:19:13,796 INFO epoch 10/50 done: train_loss=0.3239 val_loss=0.2081 val_accuracy=0.9447 val_macro_f1=0.9224 val_macro_auc=0.9896 (checkpoint_metric=macro_auc)
2026-09-17 18:19:15,072 INFO train epoch 11/50 batch 13/66 (20%) running_loss=0.3215
2026-09-17 18:19:16,011 INFO train epoch 11/50 batch 26/66 (39%) running_loss=0.3220
2026-09-17 18:19:16,967 INFO train epoch 11/50 batch 39/66 (59%) running_loss=0.3214
2026-09-17 18:19:17,880 INFO train epoch 11/50 batch 52/66 (79%) running_loss=0.3216
2026-09-17 18:19:18,791 INFO train epoch 11/50 batch 65/66 (98%) running_loss=0.3210
2026-09-17 18:19:18,852 INFO train epoch 11/50 batch 66/66 (100%) running_loss=0.3216
2026-09-17 18:19:19,896 INFO epoch 11/50 done: train_loss=0.3216 val_loss=0.2530 val_accuracy=0.9221 val_macro_f1=0.8991 val_macro_auc=0.9896 (checkpoint_metric=macro_auc)
2026-09-17 18:19:21,165 INFO train epoch 12/50 batch 13/66 (20%) running_loss=0.3242
2026-09-17 18:19:22,170 INFO train epoch 12/50 batch 26/66 (39%) running_loss=0.3298
2026-09-17 18:19:23,081 INFO train epoch 12/50 batch 39/66 (59%) running_loss=0.3292
2026-09-17 18:19:23,987 INFO train epoch 12/50 batch 52/66 (79%) running_loss=0.3253
2026-09-17 18:19:24,914 INFO train epoch 12/50 batch 65/66 (98%) running_loss=0.3223
2026-09-17 18:19:24,975 INFO train epoch 12/50 batch 66/66 (100%) running_loss=0.3224
2026-09-17 18:19:26,005 INFO epoch 12/50 done: train_loss=0.3224 val_loss=0.2295 val_accuracy=0.9385 val_macro_f1=0.9167 val_macro_auc=0.9886 (checkpoint_metric=macro_auc)
2026-09-17 18:19:27,267 INFO train epoch 13/50 batch 13/66 (20%) running_loss=0.3301
2026-09-17 18:19:28,182 INFO train epoch 13/50 batch 26/66 (39%) running_loss=0.3220
2026-09-17 18:19:29,094 INFO train epoch 13/50 batch 39/66 (59%) running_loss=0.3181
2026-09-17 18:19:30,000 INFO train epoch 13/50 batch 52/66 (79%) running_loss=0.3194
2026-09-17 18:19:30,998 INFO train epoch 13/50 batch 65/66 (98%) running_loss=0.3216
2026-09-17 18:19:31,060 INFO train epoch 13/50 batch 66/66 (100%) running_loss=0.3214
2026-09-17 18:19:32,059 INFO epoch 13/50 done: train_loss=0.3214 val_loss=0.2098 val_accuracy=0.9508 val_macro_f1=0.9316 val_macro_auc=0.9902 (checkpoint_metric=macro_auc)
2026-09-17 18:19:33,324 INFO train epoch 14/50 batch 13/66 (20%) running_loss=0.3072
2026-09-17 18:19:34,284 INFO train epoch 14/50 batch 26/66 (39%) running_loss=0.3119
2026-09-17 18:19:35,191 INFO train epoch 14/50 batch 39/66 (59%) running_loss=0.3126
2026-09-17 18:19:36,142 INFO train epoch 14/50 batch 52/66 (79%) running_loss=0.3121
2026-09-17 18:19:37,050 INFO train epoch 14/50 batch 65/66 (98%) running_loss=0.3136
2026-09-17 18:19:37,111 INFO train epoch 14/50 batch 66/66 (100%) running_loss=0.3136
2026-09-17 18:19:38,121 INFO epoch 14/50 done: train_loss=0.3136 val_loss=0.1888 val_accuracy=0.9529 val_macro_f1=0.9345 val_macro_auc=0.9942 (checkpoint_metric=macro_auc)
2026-09-17 18:19:39,403 INFO train epoch 15/50 batch 13/66 (20%) running_loss=0.3156
2026-09-17 18:19:40,303 INFO train epoch 15/50 batch 26/66 (39%) running_loss=0.3144
2026-09-17 18:19:41,229 INFO train epoch 15/50 batch 39/66 (59%) running_loss=0.3140
2026-09-17 18:19:42,195 INFO train epoch 15/50 batch 52/66 (79%) running_loss=0.3151
2026-09-17 18:19:43,095 INFO train epoch 15/50 batch 65/66 (98%) running_loss=0.3135
2026-09-17 18:19:43,156 INFO train epoch 15/50 batch 66/66 (100%) running_loss=0.3133
2026-09-17 18:19:44,221 INFO epoch 15/50 done: train_loss=0.3133 val_loss=0.2187 val_accuracy=0.9549 val_macro_f1=0.9383 val_macro_auc=0.9882 (checkpoint_metric=macro_auc)
2026-09-17 18:19:45,483 INFO train epoch 16/50 batch 13/66 (20%) running_loss=0.3136
2026-09-17 18:19:46,448 INFO train epoch 16/50 batch 26/66 (39%) running_loss=0.3091
2026-09-17 18:19:47,410 INFO train epoch 16/50 batch 39/66 (59%) running_loss=0.3117
2026-09-17 18:19:48,318 INFO train epoch 16/50 batch 52/66 (79%) running_loss=0.3113
2026-09-17 18:19:49,221 INFO train epoch 16/50 batch 65/66 (98%) running_loss=0.3111
2026-09-17 18:19:49,284 INFO train epoch 16/50 batch 66/66 (100%) running_loss=0.3112
2026-09-17 18:19:50,360 INFO epoch 16/50 done: train_loss=0.3112 val_loss=0.1910 val_accuracy=0.9508 val_macro_f1=0.9312 val_macro_auc=0.9927 (checkpoint_metric=macro_auc)
2026-09-17 18:19:51,680 INFO train epoch 17/50 batch 13/66 (20%) running_loss=0.3148
2026-09-17 18:19:52,591 INFO train epoch 17/50 batch 26/66 (39%) running_loss=0.3123
2026-09-17 18:19:53,496 INFO train epoch 17/50 batch 39/66 (59%) running_loss=0.3136
2026-09-17 18:19:54,445 INFO train epoch 17/50 batch 52/66 (79%) running_loss=0.3116
2026-09-17 18:19:55,351 INFO train epoch 17/50 batch 65/66 (98%) running_loss=0.3109
2026-09-17 18:19:55,413 INFO train epoch 17/50 batch 66/66 (100%) running_loss=0.3110
2026-09-17 18:19:56,421 INFO epoch 17/50 done: train_loss=0.3110 val_loss=0.2054 val_accuracy=0.9447 val_macro_f1=0.9234 val_macro_auc=0.9898 (checkpoint_metric=macro_auc)
2026-09-17 18:19:57,686 INFO train epoch 18/50 batch 13/66 (20%) running_loss=0.3077
2026-09-17 18:19:58,602 INFO train epoch 18/50 batch 26/66 (39%) running_loss=0.3089
2026-09-17 18:19:59,516 INFO train epoch 18/50 batch 39/66 (59%) running_loss=0.3078
2026-09-17 18:20:00,435 INFO train epoch 18/50 batch 52/66 (79%) running_loss=0.3070
2026-09-17 18:20:01,341 INFO train epoch 18/50 batch 65/66 (98%) running_loss=0.3068
2026-09-17 18:20:01,404 INFO train epoch 18/50 batch 66/66 (100%) running_loss=0.3069
2026-09-17 18:20:02,470 INFO epoch 18/50 done: train_loss=0.3069 val_loss=0.2086 val_accuracy=0.9426 val_macro_f1=0.9225 val_macro_auc=0.9916 (checkpoint_metric=macro_auc)
2026-09-17 18:20:03,754 INFO train epoch 19/50 batch 13/66 (20%) running_loss=0.3144
2026-09-17 18:20:04,685 INFO train epoch 19/50 batch 26/66 (39%) running_loss=0.3094
2026-09-17 18:20:05,629 INFO train epoch 19/50 batch 39/66 (59%) running_loss=0.3119
2026-09-17 18:20:06,535 INFO train epoch 19/50 batch 52/66 (79%) running_loss=0.3105
2026-09-17 18:20:07,488 INFO train epoch 19/50 batch 65/66 (98%) running_loss=0.3105
2026-09-17 18:20:07,549 INFO train epoch 19/50 batch 66/66 (100%) running_loss=0.3104
2026-09-17 18:20:08,563 INFO epoch 19/50 done: train_loss=0.3104 val_loss=0.2352 val_accuracy=0.9365 val_macro_f1=0.9150 val_macro_auc=0.9888 (checkpoint_metric=macro_auc)
2026-09-17 18:20:09,899 INFO train epoch 20/50 batch 13/66 (20%) running_loss=0.3064
2026-09-17 18:20:10,811 INFO train epoch 20/50 batch 26/66 (39%) running_loss=0.3102
2026-09-17 18:20:11,741 INFO train epoch 20/50 batch 39/66 (59%) running_loss=0.3087
2026-09-17 18:20:12,715 INFO train epoch 20/50 batch 52/66 (79%) running_loss=0.3084
2026-09-17 18:20:13,623 INFO train epoch 20/50 batch 65/66 (98%) running_loss=0.3086
2026-09-17 18:20:13,684 INFO train epoch 20/50 batch 66/66 (100%) running_loss=0.3085
2026-09-17 18:20:14,685 INFO epoch 20/50 done: train_loss=0.3085 val_loss=0.2638 val_accuracy=0.9262 val_macro_f1=0.9032 val_macro_auc=0.9835 (checkpoint_metric=macro_auc)
2026-09-17 18:20:15,942 INFO train epoch 21/50 batch 13/66 (20%) running_loss=0.3100
2026-09-17 18:20:16,912 INFO train epoch 21/50 batch 26/66 (39%) running_loss=0.3077
2026-09-17 18:20:17,819 INFO train epoch 21/50 batch 39/66 (59%) running_loss=0.3069
2026-09-17 18:20:18,737 INFO train epoch 21/50 batch 52/66 (79%) running_loss=0.3085
2026-09-17 18:20:19,646 INFO train epoch 21/50 batch 65/66 (98%) running_loss=0.3082
2026-09-17 18:20:19,707 INFO train epoch 21/50 batch 66/66 (100%) running_loss=0.3082
2026-09-17 18:20:20,733 INFO epoch 21/50 done: train_loss=0.3082 val_loss=0.2219 val_accuracy=0.9406 val_macro_f1=0.9188 val_macro_auc=0.9884 (checkpoint_metric=macro_auc)
2026-09-17 18:20:22,069 INFO train epoch 22/50 batch 13/66 (20%) running_loss=0.3045
2026-09-17 18:20:22,997 INFO train epoch 22/50 batch 26/66 (39%) running_loss=0.3051
2026-09-17 18:20:23,988 INFO train epoch 22/50 batch 39/66 (59%) running_loss=0.3066
2026-09-17 18:20:24,899 INFO train epoch 22/50 batch 52/66 (79%) running_loss=0.3067
2026-09-17 18:20:25,806 INFO train epoch 22/50 batch 65/66 (98%) running_loss=0.3064
2026-09-17 18:20:25,869 INFO train epoch 22/50 batch 66/66 (100%) running_loss=0.3075
2026-09-17 18:20:26,911 INFO epoch 22/50 done: train_loss=0.3075 val_loss=0.2367 val_accuracy=0.9365 val_macro_f1=0.9144 val_macro_auc=0.9834 (checkpoint_metric=macro_auc)
2026-09-17 18:20:28,176 INFO train epoch 23/50 batch 13/66 (20%) running_loss=0.3101
2026-09-17 18:20:29,094 INFO train epoch 23/50 batch 26/66 (39%) running_loss=0.3081
2026-09-17 18:20:30,002 INFO train epoch 23/50 batch 39/66 (59%) running_loss=0.3071
2026-09-17 18:20:30,936 INFO train epoch 23/50 batch 52/66 (79%) running_loss=0.3093
2026-09-17 18:20:31,845 INFO train epoch 23/50 batch 65/66 (98%) running_loss=0.3079
2026-09-17 18:20:31,906 INFO train epoch 23/50 batch 66/66 (100%) running_loss=0.3079
2026-09-17 18:20:32,921 INFO epoch 23/50 done: train_loss=0.3079 val_loss=0.2028 val_accuracy=0.9488 val_macro_f1=0.9297 val_macro_auc=0.9898 (checkpoint_metric=macro_auc)
2026-09-17 18:20:34,225 INFO train epoch 24/50 batch 13/66 (20%) running_loss=0.3041
2026-09-17 18:20:35,231 INFO train epoch 24/50 batch 26/66 (39%) running_loss=0.3038
2026-09-17 18:20:36,133 INFO train epoch 24/50 batch 39/66 (59%) running_loss=0.3056
2026-09-17 18:20:37,118 INFO train epoch 24/50 batch 52/66 (79%) running_loss=0.3056
2026-09-17 18:20:38,081 INFO train epoch 24/50 batch 65/66 (98%) running_loss=0.3053
2026-09-17 18:20:38,143 INFO train epoch 24/50 batch 66/66 (100%) running_loss=0.3053
2026-09-17 18:20:39,199 INFO epoch 24/50 done: train_loss=0.3053 val_loss=0.2240 val_accuracy=0.9426 val_macro_f1=0.9228 val_macro_auc=0.9873 (checkpoint_metric=macro_auc)
2026-09-17 18:20:40,515 INFO train epoch 25/50 batch 13/66 (20%) running_loss=0.3018
2026-09-17 18:20:41,432 INFO train epoch 25/50 batch 26/66 (39%) running_loss=0.3017
2026-09-17 18:20:42,362 INFO train epoch 25/50 batch 39/66 (59%) running_loss=0.3018
2026-09-17 18:20:43,264 INFO train epoch 25/50 batch 52/66 (79%) running_loss=0.3019
2026-09-17 18:20:44,216 INFO train epoch 25/50 batch 65/66 (98%) running_loss=0.3020
2026-09-17 18:20:44,277 INFO train epoch 25/50 batch 66/66 (100%) running_loss=0.3019
2026-09-17 18:20:45,280 INFO epoch 25/50 done: train_loss=0.3019 val_loss=0.2154 val_accuracy=0.9447 val_macro_f1=0.9257 val_macro_auc=0.9871 (checkpoint_metric=macro_auc)
2026-09-17 18:20:46,625 INFO train epoch 26/50 batch 13/66 (20%) running_loss=0.3110
2026-09-17 18:20:47,592 INFO train epoch 26/50 batch 26/66 (39%) running_loss=0.3067
2026-09-17 18:20:48,501 INFO train epoch 26/50 batch 39/66 (59%) running_loss=0.3051
2026-09-17 18:20:49,486 INFO train epoch 26/50 batch 52/66 (79%) running_loss=0.3046
2026-09-17 18:20:50,390 INFO train epoch 26/50 batch 65/66 (98%) running_loss=0.3044
2026-09-17 18:20:50,450 INFO train epoch 26/50 batch 66/66 (100%) running_loss=0.3043
2026-09-17 18:20:51,469 INFO epoch 26/50 done: train_loss=0.3043 val_loss=0.1940 val_accuracy=0.9549 val_macro_f1=0.9365 val_macro_auc=0.9901 (checkpoint_metric=macro_auc)
2026-09-17 18:20:52,758 INFO train epoch 27/50 batch 13/66 (20%) running_loss=0.3032
2026-09-17 18:20:53,718 INFO train epoch 27/50 batch 26/66 (39%) running_loss=0.3025
2026-09-17 18:20:54,624 INFO train epoch 27/50 batch 39/66 (59%) running_loss=0.3031
2026-09-17 18:20:55,569 INFO train epoch 27/50 batch 52/66 (79%) running_loss=0.3049
2026-09-17 18:20:56,471 INFO train epoch 27/50 batch 65/66 (98%) running_loss=0.3060
2026-09-17 18:20:56,533 INFO train epoch 27/50 batch 66/66 (100%) running_loss=0.3059
2026-09-17 18:20:57,551 INFO epoch 27/50 done: train_loss=0.3059 val_loss=0.2033 val_accuracy=0.9488 val_macro_f1=0.9279 val_macro_auc=0.9876 (checkpoint_metric=macro_auc)
2026-09-17 18:20:58,893 INFO train epoch 28/50 batch 13/66 (20%) running_loss=0.3110
2026-09-17 18:20:59,878 INFO train epoch 28/50 batch 26/66 (39%) running_loss=0.3062
2026-09-17 18:21:00,784 INFO train epoch 28/50 batch 39/66 (59%) running_loss=0.3056
2026-09-17 18:21:01,775 INFO train epoch 28/50 batch 52/66 (79%) running_loss=0.3045
2026-09-17 18:21:02,757 INFO train epoch 28/50 batch 65/66 (98%) running_loss=0.3038
2026-09-17 18:21:02,818 INFO train epoch 28/50 batch 66/66 (100%) running_loss=0.3038
2026-09-17 18:21:03,876 INFO epoch 28/50 done: train_loss=0.3038 val_loss=0.2118 val_accuracy=0.9426 val_macro_f1=0.9208 val_macro_auc=0.9872 (checkpoint_metric=macro_auc)
2026-09-17 18:21:05,196 INFO train epoch 29/50 batch 13/66 (20%) running_loss=0.3098
2026-09-17 18:21:06,099 INFO train epoch 29/50 batch 26/66 (39%) running_loss=0.3070
2026-09-17 18:21:07,052 INFO train epoch 29/50 batch 39/66 (59%) running_loss=0.3056
2026-09-17 18:21:07,967 INFO train epoch 29/50 batch 52/66 (79%) running_loss=0.3049
2026-09-17 18:21:08,920 INFO train epoch 29/50 batch 65/66 (98%) running_loss=0.3049
2026-09-17 18:21:08,982 INFO train epoch 29/50 batch 66/66 (100%) running_loss=0.3048
2026-09-17 18:21:09,981 INFO epoch 29/50 done: train_loss=0.3048 val_loss=0.2099 val_accuracy=0.9447 val_macro_f1=0.9231 val_macro_auc=0.9888 (checkpoint_metric=macro_auc)
2026-09-17 18:21:11,244 INFO train epoch 30/50 batch 13/66 (20%) running_loss=0.3062
2026-09-17 18:21:12,163 INFO train epoch 30/50 batch 26/66 (39%) running_loss=0.3064
2026-09-17 18:21:13,071 INFO train epoch 30/50 batch 39/66 (59%) running_loss=0.3043
2026-09-17 18:21:13,981 INFO train epoch 30/50 batch 52/66 (79%) running_loss=0.3041
2026-09-17 18:21:14,888 INFO train epoch 30/50 batch 65/66 (98%) running_loss=0.3051
2026-09-17 18:21:14,950 INFO train epoch 30/50 batch 66/66 (100%) running_loss=0.3051
2026-09-17 18:21:15,995 INFO epoch 30/50 done: train_loss=0.3051 val_loss=0.2112 val_accuracy=0.9447 val_macro_f1=0.9223 val_macro_auc=0.9874 (checkpoint_metric=macro_auc)
2026-09-17 18:21:17,291 INFO train epoch 31/50 batch 13/66 (20%) running_loss=0.3037
2026-09-17 18:21:18,216 INFO train epoch 31/50 batch 26/66 (39%) running_loss=0.3026
2026-09-17 18:21:19,172 INFO train epoch 31/50 batch 39/66 (59%) running_loss=0.3025
2026-09-17 18:21:20,076 INFO train epoch 31/50 batch 52/66 (79%) running_loss=0.3022
2026-09-17 18:21:21,024 INFO train epoch 31/50 batch 65/66 (98%) running_loss=0.3021
2026-09-17 18:21:21,085 INFO train epoch 31/50 batch 66/66 (100%) running_loss=0.3021
2026-09-17 18:21:22,151 INFO epoch 31/50 done: train_loss=0.3021 val_loss=0.2096 val_accuracy=0.9467 val_macro_f1=0.9274 val_macro_auc=0.9879 (checkpoint_metric=macro_auc)
2026-09-17 18:21:23,477 INFO train epoch 32/50 batch 13/66 (20%) running_loss=0.3026
2026-09-17 18:21:24,391 INFO train epoch 32/50 batch 26/66 (39%) running_loss=0.3043
2026-09-17 18:21:25,311 INFO train epoch 32/50 batch 39/66 (59%) running_loss=0.3050
2026-09-17 18:21:26,215 INFO train epoch 32/50 batch 52/66 (79%) running_loss=0.3041
2026-09-17 18:21:27,121 INFO train epoch 32/50 batch 65/66 (98%) running_loss=0.3031
2026-09-17 18:21:27,182 INFO train epoch 32/50 batch 66/66 (100%) running_loss=0.3031
2026-09-17 18:21:28,257 INFO epoch 32/50 done: train_loss=0.3031 val_loss=0.2128 val_accuracy=0.9508 val_macro_f1=0.9320 val_macro_auc=0.9886 (checkpoint_metric=macro_auc)
2026-09-17 18:21:29,587 INFO train epoch 33/50 batch 13/66 (20%) running_loss=0.3025
2026-09-17 18:21:30,542 INFO train epoch 33/50 batch 26/66 (39%) running_loss=0.3015
2026-09-17 18:21:31,490 INFO train epoch 33/50 batch 39/66 (59%) running_loss=0.3020
2026-09-17 18:21:32,395 INFO train epoch 33/50 batch 52/66 (79%) running_loss=0.3018
2026-09-17 18:21:33,305 INFO train epoch 33/50 batch 65/66 (98%) running_loss=0.3017
2026-09-17 18:21:33,367 INFO train epoch 33/50 batch 66/66 (100%) running_loss=0.3017
2026-09-17 18:21:34,426 INFO epoch 33/50 done: train_loss=0.3017 val_loss=0.2008 val_accuracy=0.9508 val_macro_f1=0.9320 val_macro_auc=0.9902 (checkpoint_metric=macro_auc)
2026-09-17 18:21:35,699 INFO train epoch 34/50 batch 13/66 (20%) running_loss=0.2999
2026-09-17 18:21:36,648 INFO train epoch 34/50 batch 26/66 (39%) running_loss=0.3017
2026-09-17 18:21:37,552 INFO train epoch 34/50 batch 39/66 (59%) running_loss=0.3017
2026-09-17 18:21:38,480 INFO train epoch 34/50 batch 52/66 (79%) running_loss=0.3012
2026-09-17 18:21:39,484 INFO train epoch 34/50 batch 65/66 (98%) running_loss=0.3011
2026-09-17 18:21:39,545 INFO train epoch 34/50 batch 66/66 (100%) running_loss=0.3011
2026-09-17 18:21:40,585 INFO epoch 34/50 done: train_loss=0.3011 val_loss=0.2098 val_accuracy=0.9467 val_macro_f1=0.9261 val_macro_auc=0.9884 (checkpoint_metric=macro_auc)
2026-09-17 18:21:41,874 INFO train epoch 35/50 batch 13/66 (20%) running_loss=0.3035
2026-09-17 18:21:42,880 INFO train epoch 35/50 batch 26/66 (39%) running_loss=0.3045
2026-09-17 18:21:43,777 INFO train epoch 35/50 batch 39/66 (59%) running_loss=0.3043
2026-09-17 18:21:44,687 INFO train epoch 35/50 batch 52/66 (79%) running_loss=0.3039
2026-09-17 18:21:45,649 INFO train epoch 35/50 batch 65/66 (98%) running_loss=0.3040
2026-09-17 18:21:45,711 INFO train epoch 35/50 batch 66/66 (100%) running_loss=0.3040
2026-09-17 18:21:46,774 INFO epoch 35/50 done: train_loss=0.3040 val_loss=0.2143 val_accuracy=0.9467 val_macro_f1=0.9267 val_macro_auc=0.9865 (checkpoint_metric=macro_auc)
2026-09-17 18:21:48,076 INFO train epoch 36/50 batch 13/66 (20%) running_loss=0.3000
2026-09-17 18:21:49,025 INFO train epoch 36/50 batch 26/66 (39%) running_loss=0.3008
2026-09-17 18:21:50,004 INFO train epoch 36/50 batch 39/66 (59%) running_loss=0.3003
2026-09-17 18:21:50,910 INFO train epoch 36/50 batch 52/66 (79%) running_loss=0.3004
2026-09-17 18:21:51,813 INFO train epoch 36/50 batch 65/66 (98%) running_loss=0.3002
2026-09-17 18:21:51,874 INFO train epoch 36/50 batch 66/66 (100%) running_loss=0.3002
2026-09-17 18:21:53,166 INFO epoch 36/50 done: train_loss=0.3002 val_loss=0.2163 val_accuracy=0.9467 val_macro_f1=0.9267 val_macro_auc=0.9846 (checkpoint_metric=macro_auc)
2026-09-17 18:21:54,578 INFO train epoch 37/50 batch 13/66 (20%) running_loss=0.3059
2026-09-17 18:21:55,681 INFO train epoch 37/50 batch 26/66 (39%) running_loss=0.3051
2026-09-17 18:21:56,609 INFO train epoch 37/50 batch 39/66 (59%) running_loss=0.3041
2026-09-17 18:21:57,521 INFO train epoch 37/50 batch 52/66 (79%) running_loss=0.3034
2026-09-17 18:21:58,426 INFO train epoch 37/50 batch 65/66 (98%) running_loss=0.3034
2026-09-17 18:21:58,489 INFO train epoch 37/50 batch 66/66 (100%) running_loss=0.3033
2026-09-17 18:21:59,553 INFO epoch 37/50 done: train_loss=0.3033 val_loss=0.2070 val_accuracy=0.9467 val_macro_f1=0.9258 val_macro_auc=0.9859 (checkpoint_metric=macro_auc)
2026-09-17 18:22:00,897 INFO train epoch 38/50 batch 13/66 (20%) running_loss=0.3041
2026-09-17 18:22:01,810 INFO train epoch 38/50 batch 26/66 (39%) running_loss=0.3036
2026-09-17 18:22:02,742 INFO train epoch 38/50 batch 39/66 (59%) running_loss=0.3030
2026-09-17 18:22:03,752 INFO train epoch 38/50 batch 52/66 (79%) running_loss=0.3037
2026-09-17 18:22:04,651 INFO train epoch 38/50 batch 65/66 (98%) running_loss=0.3028
2026-09-17 18:22:04,714 INFO train epoch 38/50 batch 66/66 (100%) running_loss=0.3028
2026-09-17 18:22:05,779 INFO epoch 38/50 done: train_loss=0.3028 val_loss=0.2105 val_accuracy=0.9488 val_macro_f1=0.9295 val_macro_auc=0.9875 (checkpoint_metric=macro_auc)
2026-09-17 18:22:07,061 INFO train epoch 39/50 batch 13/66 (20%) running_loss=0.2996
2026-09-17 18:22:08,039 INFO train epoch 39/50 batch 26/66 (39%) running_loss=0.3009
2026-09-17 18:22:08,950 INFO train epoch 39/50 batch 39/66 (59%) running_loss=0.3013
2026-09-17 18:22:09,870 INFO train epoch 39/50 batch 52/66 (79%) running_loss=0.3011
2026-09-17 18:22:10,804 INFO train epoch 39/50 batch 65/66 (98%) running_loss=0.3010
2026-09-17 18:22:10,865 INFO train epoch 39/50 batch 66/66 (100%) running_loss=0.3009
2026-09-17 18:22:11,894 INFO epoch 39/50 done: train_loss=0.3009 val_loss=0.2134 val_accuracy=0.9447 val_macro_f1=0.9233 val_macro_auc=0.9856 (checkpoint_metric=macro_auc)
2026-09-17 18:22:13,177 INFO train epoch 40/50 batch 13/66 (20%) running_loss=0.2992
2026-09-17 18:22:14,103 INFO train epoch 40/50 batch 26/66 (39%) running_loss=0.2997
2026-09-17 18:22:15,024 INFO train epoch 40/50 batch 39/66 (59%) running_loss=0.3001
2026-09-17 18:22:15,964 INFO train epoch 40/50 batch 52/66 (79%) running_loss=0.3003
2026-09-17 18:22:16,872 INFO train epoch 40/50 batch 65/66 (98%) running_loss=0.3011
2026-09-17 18:22:16,933 INFO train epoch 40/50 batch 66/66 (100%) running_loss=0.3011
2026-09-17 18:22:17,992 INFO epoch 40/50 done: train_loss=0.3011 val_loss=0.2070 val_accuracy=0.9467 val_macro_f1=0.9261 val_macro_auc=0.9885 (checkpoint_metric=macro_auc)
2026-09-17 18:22:19,254 INFO train epoch 41/50 batch 13/66 (20%) running_loss=0.3005
2026-09-17 18:22:20,273 INFO train epoch 41/50 batch 26/66 (39%) running_loss=0.3010
2026-09-17 18:22:21,177 INFO train epoch 41/50 batch 39/66 (59%) running_loss=0.3007
2026-09-17 18:22:22,116 INFO train epoch 41/50 batch 52/66 (79%) running_loss=0.3009
2026-09-17 18:22:23,019 INFO train epoch 41/50 batch 65/66 (98%) running_loss=0.3010
2026-09-17 18:22:23,081 INFO train epoch 41/50 batch 66/66 (100%) running_loss=0.3010
2026-09-17 18:22:24,146 INFO epoch 41/50 done: train_loss=0.3010 val_loss=0.2139 val_accuracy=0.9426 val_macro_f1=0.9206 val_macro_auc=0.9861 (checkpoint_metric=macro_auc)
2026-09-17 18:22:25,479 INFO train epoch 42/50 batch 13/66 (20%) running_loss=0.3027
2026-09-17 18:22:26,455 INFO train epoch 42/50 batch 26/66 (39%) running_loss=0.3019
2026-09-17 18:22:27,450 INFO train epoch 42/50 batch 39/66 (59%) running_loss=0.3015
2026-09-17 18:22:28,366 INFO train epoch 42/50 batch 52/66 (79%) running_loss=0.3009
2026-09-17 18:22:29,273 INFO train epoch 42/50 batch 65/66 (98%) running_loss=0.3022
2026-09-17 18:22:29,334 INFO train epoch 42/50 batch 66/66 (100%) running_loss=0.3022
2026-09-17 18:22:30,334 INFO epoch 42/50 done: train_loss=0.3022 val_loss=0.2336 val_accuracy=0.9406 val_macro_f1=0.9191 val_macro_auc=0.9842 (checkpoint_metric=macro_auc)
2026-09-17 18:22:31,632 INFO train epoch 43/50 batch 13/66 (20%) running_loss=0.3026
2026-09-17 18:22:32,541 INFO train epoch 43/50 batch 26/66 (39%) running_loss=0.3019
2026-09-17 18:22:33,496 INFO train epoch 43/50 batch 39/66 (59%) running_loss=0.3007
2026-09-17 18:22:34,404 INFO train epoch 43/50 batch 52/66 (79%) running_loss=0.3005
2026-09-17 18:22:35,312 INFO train epoch 43/50 batch 65/66 (98%) running_loss=0.3006
2026-09-17 18:22:35,374 INFO train epoch 43/50 batch 66/66 (100%) running_loss=0.3006
2026-09-17 18:22:36,379 INFO epoch 43/50 done: train_loss=0.3006 val_loss=0.2127 val_accuracy=0.9467 val_macro_f1=0.9261 val_macro_auc=0.9872 (checkpoint_metric=macro_auc)
2026-09-17 18:22:37,730 INFO train epoch 44/50 batch 13/66 (20%) running_loss=0.3026
2026-09-17 18:22:38,711 INFO train epoch 44/50 batch 26/66 (39%) running_loss=0.3018
2026-09-17 18:22:39,644 INFO train epoch 44/50 batch 39/66 (59%) running_loss=0.3013
2026-09-17 18:22:40,548 INFO train epoch 44/50 batch 52/66 (79%) running_loss=0.3013
2026-09-17 18:22:41,500 INFO train epoch 44/50 batch 65/66 (98%) running_loss=0.3016
2026-09-17 18:22:41,561 INFO train epoch 44/50 batch 66/66 (100%) running_loss=0.3016
2026-09-17 18:22:42,612 INFO epoch 44/50 done: train_loss=0.3016 val_loss=0.2124 val_accuracy=0.9467 val_macro_f1=0.9261 val_macro_auc=0.9879 (checkpoint_metric=macro_auc)
2026-09-17 18:22:43,887 INFO train epoch 45/50 batch 13/66 (20%) running_loss=0.3050
2026-09-17 18:22:44,799 INFO train epoch 45/50 batch 26/66 (39%) running_loss=0.3043
2026-09-17 18:22:45,716 INFO train epoch 45/50 batch 39/66 (59%) running_loss=0.3029
2026-09-17 18:22:46,624 INFO train epoch 45/50 batch 52/66 (79%) running_loss=0.3021
2026-09-17 18:22:47,528 INFO train epoch 45/50 batch 65/66 (98%) running_loss=0.3015
2026-09-17 18:22:47,589 INFO train epoch 45/50 batch 66/66 (100%) running_loss=0.3015
2026-09-17 18:22:48,669 INFO epoch 45/50 done: train_loss=0.3015 val_loss=0.2142 val_accuracy=0.9467 val_macro_f1=0.9261 val_macro_auc=0.9870 (checkpoint_metric=macro_auc)
2026-09-17 18:22:49,930 INFO train epoch 46/50 batch 13/66 (20%) running_loss=0.3038
2026-09-17 18:22:50,849 INFO train epoch 46/50 batch 26/66 (39%) running_loss=0.3043
2026-09-17 18:22:51,768 INFO train epoch 46/50 batch 39/66 (59%) running_loss=0.3040
2026-09-17 18:22:52,682 INFO train epoch 46/50 batch 52/66 (79%) running_loss=0.3031
2026-09-17 18:22:53,589 INFO train epoch 46/50 batch 65/66 (98%) running_loss=0.3025
2026-09-17 18:22:53,651 INFO train epoch 46/50 batch 66/66 (100%) running_loss=0.3025
2026-09-17 18:22:54,689 INFO epoch 46/50 done: train_loss=0.3025 val_loss=0.2168 val_accuracy=0.9447 val_macro_f1=0.9233 val_macro_auc=0.9860 (checkpoint_metric=macro_auc)
2026-09-17 18:22:55,974 INFO train epoch 47/50 batch 13/66 (20%) running_loss=0.2999
2026-09-17 18:22:56,896 INFO train epoch 47/50 batch 26/66 (39%) running_loss=0.2997
2026-09-17 18:22:57,805 INFO train epoch 47/50 batch 39/66 (59%) running_loss=0.2994
2026-09-17 18:22:58,812 INFO train epoch 47/50 batch 52/66 (79%) running_loss=0.2995
2026-09-17 18:22:59,720 INFO train epoch 47/50 batch 65/66 (98%) running_loss=0.2994
2026-09-17 18:22:59,781 INFO train epoch 47/50 batch 66/66 (100%) running_loss=0.2994
2026-09-17 18:23:00,776 INFO epoch 47/50 done: train_loss=0.2994 val_loss=0.2156 val_accuracy=0.9447 val_macro_f1=0.9233 val_macro_auc=0.9861 (checkpoint_metric=macro_auc)
2026-09-17 18:23:02,066 INFO train epoch 48/50 batch 13/66 (20%) running_loss=0.2985
2026-09-17 18:23:03,084 INFO train epoch 48/50 batch 26/66 (39%) running_loss=0.3004
2026-09-17 18:23:04,165 INFO train epoch 48/50 batch 39/66 (59%) running_loss=0.3008
2026-09-17 18:23:05,065 INFO train epoch 48/50 batch 52/66 (79%) running_loss=0.3002
2026-09-17 18:23:05,998 INFO train epoch 48/50 batch 65/66 (98%) running_loss=0.3004
2026-09-17 18:23:06,059 INFO train epoch 48/50 batch 66/66 (100%) running_loss=0.3004
2026-09-17 18:23:07,116 INFO epoch 48/50 done: train_loss=0.3004 val_loss=0.2165 val_accuracy=0.9447 val_macro_f1=0.9233 val_macro_auc=0.9861 (checkpoint_metric=macro_auc)
2026-09-17 18:23:08,467 INFO train epoch 49/50 batch 13/66 (20%) running_loss=0.2986
2026-09-17 18:23:09,369 INFO train epoch 49/50 batch 26/66 (39%) running_loss=0.3005
2026-09-17 18:23:10,292 INFO train epoch 49/50 batch 39/66 (59%) running_loss=0.3001
2026-09-17 18:23:11,198 INFO train epoch 49/50 batch 52/66 (79%) running_loss=0.3007
2026-09-17 18:23:12,100 INFO train epoch 49/50 batch 65/66 (98%) running_loss=0.3005
2026-09-17 18:23:12,161 INFO train epoch 49/50 batch 66/66 (100%) running_loss=0.3004
2026-09-17 18:23:13,235 INFO epoch 49/50 done: train_loss=0.3004 val_loss=0.2163 val_accuracy=0.9447 val_macro_f1=0.9233 val_macro_auc=0.9861 (checkpoint_metric=macro_auc)
2026-09-17 18:23:14,523 INFO train epoch 50/50 batch 13/66 (20%) running_loss=0.3014
2026-09-17 18:23:15,511 INFO train epoch 50/50 batch 26/66 (39%) running_loss=0.3024
2026-09-17 18:23:16,415 INFO train epoch 50/50 batch 39/66 (59%) running_loss=0.3013
2026-09-17 18:23:17,333 INFO train epoch 50/50 batch 52/66 (79%) running_loss=0.3008
2026-09-17 18:23:18,244 INFO train epoch 50/50 batch 65/66 (98%) running_loss=0.3008
2026-09-17 18:23:18,305 INFO train epoch 50/50 batch 66/66 (100%) running_loss=0.3008
2026-09-17 18:23:19,375 INFO epoch 50/50 done: train_loss=0.3008 val_loss=0.2161 val_accuracy=0.9447 val_macro_f1=0.9233 val_macro_auc=0.9861 (checkpoint_metric=macro_auc)
2026-09-17 18:23:19,537 INFO Training finished. Best epoch=7, smoothed macro_auc=0.9918 (window=3)
2026-09-17 18:23:22,659 INFO Test set evaluated once: accuracy=0.8840 macro_f1=0.8731 macro_auc=0.9786
2026-09-17 18:23:23,276 INFO Model size: 134.27M params, 2.938 GFLOPs at 96x96
