2026-09-17 21:41:24,370 INFO Starting baseline training: model=densenet121 device=cuda amp=True image_size=96 epochs=50 lr=0.001 optimizer=sgd
2026-09-17 21:41:24,623 INFO Dataset ready: 3 classes, 2102 train / 488 val samples (split reused from outputs/baseline_densenet121_96_adaptive_s3/split_indices.json)
2026-09-17 21:41:24,623 INFO Augmentation policy: sample-adaptive, from outputs/main1/augmentation_run/selected_policy.json
2026-09-17 21:41:24,984 INFO Classes: {'glioma_tumor': 0, 'meningioma_tumor': 1, 'pituitary_tumor': 2}
2026-09-17 21:41:24,984 INFO Regularization: weight_decay=7.0e-04 label_smoothing=0.10 grad_clip_norm=5.0
2026-09-17 21:41:27,952 INFO train epoch 1/50 batch 13/66 (20%) running_loss=1.2831
2026-09-17 21:41:29,198 INFO train epoch 1/50 batch 26/66 (39%) running_loss=1.1242
2026-09-17 21:41:30,463 INFO train epoch 1/50 batch 39/66 (59%) running_loss=1.0119
2026-09-17 21:41:31,746 INFO train epoch 1/50 batch 52/66 (79%) running_loss=0.9298
2026-09-17 21:41:32,922 INFO train epoch 1/50 batch 65/66 (98%) running_loss=0.8637
2026-09-17 21:41:33,691 INFO train epoch 1/50 batch 66/66 (100%) running_loss=0.8616
2026-09-17 21:41:35,270 INFO epoch 1/50 done: train_loss=0.8616 val_loss=0.3463 val_accuracy=0.8648 val_macro_f1=0.8221 val_macro_auc=0.9681 (checkpoint_metric=macro_auc) [new best]
2026-09-17 21:41:36,791 INFO train epoch 2/50 batch 13/66 (20%) running_loss=0.5358
2026-09-17 21:41:37,999 INFO train epoch 2/50 batch 26/66 (39%) running_loss=0.5301
2026-09-17 21:41:39,288 INFO train epoch 2/50 batch 39/66 (59%) running_loss=0.5167
2026-09-17 21:41:40,526 INFO train epoch 2/50 batch 52/66 (79%) running_loss=0.5057
2026-09-17 21:41:41,585 INFO train epoch 2/50 batch 65/66 (98%) running_loss=0.5040
2026-09-17 21:41:41,674 INFO train epoch 2/50 batch 66/66 (100%) running_loss=0.5034
2026-09-17 21:41:43,061 INFO epoch 2/50 done: train_loss=0.5034 val_loss=0.2668 val_accuracy=0.9119 val_macro_f1=0.8801 val_macro_auc=0.9811 (checkpoint_metric=macro_auc) [new best]
2026-09-17 21:41:44,658 INFO train epoch 3/50 batch 13/66 (20%) running_loss=0.4188
2026-09-17 21:41:45,770 INFO train epoch 3/50 batch 26/66 (39%) running_loss=0.4214
2026-09-17 21:41:46,879 INFO train epoch 3/50 batch 39/66 (59%) running_loss=0.4176
2026-09-17 21:41:48,105 INFO train epoch 3/50 batch 52/66 (79%) running_loss=0.4201
2026-09-17 21:41:49,248 INFO train epoch 3/50 batch 65/66 (98%) running_loss=0.4185
2026-09-17 21:41:49,335 INFO train epoch 3/50 batch 66/66 (100%) running_loss=0.4184
2026-09-17 21:41:50,955 INFO epoch 3/50 done: train_loss=0.4184 val_loss=0.2386 val_accuracy=0.9160 val_macro_f1=0.8852 val_macro_auc=0.9846 (checkpoint_metric=macro_auc) [new best]
2026-09-17 21:41:52,871 INFO train epoch 4/50 batch 13/66 (20%) running_loss=0.3727
2026-09-17 21:41:54,197 INFO train epoch 4/50 batch 26/66 (39%) running_loss=0.3760
2026-09-17 21:41:55,539 INFO train epoch 4/50 batch 39/66 (59%) running_loss=0.3790
2026-09-17 21:41:56,664 INFO train epoch 4/50 batch 52/66 (79%) running_loss=0.3824
2026-09-17 21:41:57,729 INFO train epoch 4/50 batch 65/66 (98%) running_loss=0.3816
2026-09-17 21:41:57,816 INFO train epoch 4/50 batch 66/66 (100%) running_loss=0.3817
2026-09-17 21:41:59,227 INFO epoch 4/50 done: train_loss=0.3817 val_loss=0.2702 val_accuracy=0.8975 val_macro_f1=0.8644 val_macro_auc=0.9818 (checkpoint_metric=macro_auc) [new best]
2026-09-17 21:42:00,738 INFO train epoch 5/50 batch 13/66 (20%) running_loss=0.3678
2026-09-17 21:42:02,018 INFO train epoch 5/50 batch 26/66 (39%) running_loss=0.3634
2026-09-17 21:42:03,188 INFO train epoch 5/50 batch 39/66 (59%) running_loss=0.3626
2026-09-17 21:42:04,421 INFO train epoch 5/50 batch 52/66 (79%) running_loss=0.3663
2026-09-17 21:42:05,460 INFO train epoch 5/50 batch 65/66 (98%) running_loss=0.3633
2026-09-17 21:42:05,542 INFO train epoch 5/50 batch 66/66 (100%) running_loss=0.3635
2026-09-17 21:42:06,963 INFO epoch 5/50 done: train_loss=0.3635 val_loss=0.2564 val_accuracy=0.9078 val_macro_f1=0.8774 val_macro_auc=0.9842 (checkpoint_metric=macro_auc) [new best]
2026-09-17 21:42:08,604 INFO train epoch 6/50 batch 13/66 (20%) running_loss=0.3495
2026-09-17 21:42:09,692 INFO train epoch 6/50 batch 26/66 (39%) running_loss=0.3451
2026-09-17 21:42:10,960 INFO train epoch 6/50 batch 39/66 (59%) running_loss=0.3527
2026-09-17 21:42:12,150 INFO train epoch 6/50 batch 52/66 (79%) running_loss=0.3488
2026-09-17 21:42:13,289 INFO train epoch 6/50 batch 65/66 (98%) running_loss=0.3475
2026-09-17 21:42:13,373 INFO train epoch 6/50 batch 66/66 (100%) running_loss=0.3477
2026-09-17 21:42:14,670 INFO epoch 6/50 done: train_loss=0.3477 val_loss=0.2505 val_accuracy=0.9119 val_macro_f1=0.8845 val_macro_auc=0.9852 (checkpoint_metric=macro_auc) [new best]
2026-09-17 21:42:16,394 INFO train epoch 7/50 batch 13/66 (20%) running_loss=0.3491
2026-09-17 21:42:17,526 INFO train epoch 7/50 batch 26/66 (39%) running_loss=0.3530
2026-09-17 21:42:18,757 INFO train epoch 7/50 batch 39/66 (59%) running_loss=0.3530
2026-09-17 21:42:19,891 INFO train epoch 7/50 batch 52/66 (79%) running_loss=0.3505
2026-09-17 21:42:21,015 INFO train epoch 7/50 batch 65/66 (98%) running_loss=0.3477
2026-09-17 21:42:21,098 INFO train epoch 7/50 batch 66/66 (100%) running_loss=0.3475
2026-09-17 21:42:22,454 INFO epoch 7/50 done: train_loss=0.3475 val_loss=0.2416 val_accuracy=0.9283 val_macro_f1=0.9017 val_macro_auc=0.9861 (checkpoint_metric=macro_auc) [new best]
2026-09-17 21:42:24,270 INFO train epoch 8/50 batch 13/66 (20%) running_loss=0.3378
2026-09-17 21:42:25,538 INFO train epoch 8/50 batch 26/66 (39%) running_loss=0.3442
2026-09-17 21:42:26,809 INFO train epoch 8/50 batch 39/66 (59%) running_loss=0.3482
2026-09-17 21:42:28,100 INFO train epoch 8/50 batch 52/66 (79%) running_loss=0.3467
2026-09-17 21:42:29,253 INFO train epoch 8/50 batch 65/66 (98%) running_loss=0.3480
2026-09-17 21:42:29,338 INFO train epoch 8/50 batch 66/66 (100%) running_loss=0.3480
2026-09-17 21:42:30,729 INFO epoch 8/50 done: train_loss=0.3480 val_loss=0.2478 val_accuracy=0.9160 val_macro_f1=0.8882 val_macro_auc=0.9866 (checkpoint_metric=macro_auc) [new best]
2026-09-17 21:42:32,546 INFO train epoch 9/50 batch 13/66 (20%) running_loss=0.3303
2026-09-17 21:42:33,590 INFO train epoch 9/50 batch 26/66 (39%) running_loss=0.3368
2026-09-17 21:42:34,643 INFO train epoch 9/50 batch 39/66 (59%) running_loss=0.3402
2026-09-17 21:42:35,690 INFO train epoch 9/50 batch 52/66 (79%) running_loss=0.3414
2026-09-17 21:42:36,899 INFO train epoch 9/50 batch 65/66 (98%) running_loss=0.3419
2026-09-17 21:42:36,987 INFO train epoch 9/50 batch 66/66 (100%) running_loss=0.3417
2026-09-17 21:42:38,311 INFO epoch 9/50 done: train_loss=0.3417 val_loss=0.2341 val_accuracy=0.9324 val_macro_f1=0.9094 val_macro_auc=0.9883 (checkpoint_metric=macro_auc) [new best]
2026-09-17 21:42:40,051 INFO train epoch 10/50 batch 13/66 (20%) running_loss=0.3378
2026-09-17 21:42:41,347 INFO train epoch 10/50 batch 26/66 (39%) running_loss=0.3324
2026-09-17 21:42:42,472 INFO train epoch 10/50 batch 39/66 (59%) running_loss=0.3375
2026-09-17 21:42:43,691 INFO train epoch 10/50 batch 52/66 (79%) running_loss=0.3398
2026-09-17 21:42:44,848 INFO train epoch 10/50 batch 65/66 (98%) running_loss=0.3417
2026-09-17 21:42:44,934 INFO train epoch 10/50 batch 66/66 (100%) running_loss=0.3414
2026-09-17 21:42:46,017 INFO epoch 10/50 done: train_loss=0.3414 val_loss=0.2430 val_accuracy=0.9180 val_macro_f1=0.8899 val_macro_auc=0.9860 (checkpoint_metric=macro_auc)
2026-09-17 21:42:47,720 INFO train epoch 11/50 batch 13/66 (20%) running_loss=0.3396
2026-09-17 21:42:48,802 INFO train epoch 11/50 batch 26/66 (39%) running_loss=0.3391
2026-09-17 21:42:49,924 INFO train epoch 11/50 batch 39/66 (59%) running_loss=0.3373
2026-09-17 21:42:51,044 INFO train epoch 11/50 batch 52/66 (79%) running_loss=0.3386
2026-09-17 21:42:52,137 INFO train epoch 11/50 batch 65/66 (98%) running_loss=0.3379
2026-09-17 21:42:52,219 INFO train epoch 11/50 batch 66/66 (100%) running_loss=0.3377
2026-09-17 21:42:53,620 INFO epoch 11/50 done: train_loss=0.3377 val_loss=0.2132 val_accuracy=0.9385 val_macro_f1=0.9137 val_macro_auc=0.9885 (checkpoint_metric=macro_auc) [new best]
2026-09-17 21:42:55,416 INFO train epoch 12/50 batch 13/66 (20%) running_loss=0.3507
2026-09-17 21:42:56,737 INFO train epoch 12/50 batch 26/66 (39%) running_loss=0.3468
2026-09-17 21:42:58,014 INFO train epoch 12/50 batch 39/66 (59%) running_loss=0.3399
2026-09-17 21:42:59,290 INFO train epoch 12/50 batch 52/66 (79%) running_loss=0.3375
2026-09-17 21:43:00,462 INFO train epoch 12/50 batch 65/66 (98%) running_loss=0.3376
2026-09-17 21:43:00,550 INFO train epoch 12/50 batch 66/66 (100%) running_loss=0.3377
2026-09-17 21:43:01,895 INFO epoch 12/50 done: train_loss=0.3377 val_loss=0.1952 val_accuracy=0.9426 val_macro_f1=0.9186 val_macro_auc=0.9884 (checkpoint_metric=macro_auc) [new best]
2026-09-17 21:43:03,451 INFO train epoch 13/50 batch 13/66 (20%) running_loss=0.3313
2026-09-17 21:43:04,754 INFO train epoch 13/50 batch 26/66 (39%) running_loss=0.3358
2026-09-17 21:43:05,917 INFO train epoch 13/50 batch 39/66 (59%) running_loss=0.3337
2026-09-17 21:43:07,122 INFO train epoch 13/50 batch 52/66 (79%) running_loss=0.3348
2026-09-17 21:43:08,156 INFO train epoch 13/50 batch 65/66 (98%) running_loss=0.3337
2026-09-17 21:43:08,241 INFO train epoch 13/50 batch 66/66 (100%) running_loss=0.3338
2026-09-17 21:43:09,559 INFO epoch 13/50 done: train_loss=0.3338 val_loss=0.2153 val_accuracy=0.9283 val_macro_f1=0.8997 val_macro_auc=0.9865 (checkpoint_metric=macro_auc) [new best]
2026-09-17 21:43:11,228 INFO train epoch 14/50 batch 13/66 (20%) running_loss=0.3364
2026-09-17 21:43:12,301 INFO train epoch 14/50 batch 26/66 (39%) running_loss=0.3360
2026-09-17 21:43:13,481 INFO train epoch 14/50 batch 39/66 (59%) running_loss=0.3333
2026-09-17 21:43:14,559 INFO train epoch 14/50 batch 52/66 (79%) running_loss=0.3356
2026-09-17 21:43:15,616 INFO train epoch 14/50 batch 65/66 (98%) running_loss=0.3349
2026-09-17 21:43:15,699 INFO train epoch 14/50 batch 66/66 (100%) running_loss=0.3349
2026-09-17 21:43:16,788 INFO epoch 14/50 done: train_loss=0.3349 val_loss=0.2082 val_accuracy=0.9303 val_macro_f1=0.9013 val_macro_auc=0.9877 (checkpoint_metric=macro_auc)
2026-09-17 21:43:18,308 INFO train epoch 15/50 batch 13/66 (20%) running_loss=0.3341
2026-09-17 21:43:19,567 INFO train epoch 15/50 batch 26/66 (39%) running_loss=0.3399
2026-09-17 21:43:20,661 INFO train epoch 15/50 batch 39/66 (59%) running_loss=0.3362
2026-09-17 21:43:21,750 INFO train epoch 15/50 batch 52/66 (79%) running_loss=0.3341
2026-09-17 21:43:22,806 INFO train epoch 15/50 batch 65/66 (98%) running_loss=0.3332
2026-09-17 21:43:22,891 INFO train epoch 15/50 batch 66/66 (100%) running_loss=0.3332
2026-09-17 21:43:24,059 INFO epoch 15/50 done: train_loss=0.3332 val_loss=0.2130 val_accuracy=0.9303 val_macro_f1=0.9038 val_macro_auc=0.9874 (checkpoint_metric=macro_auc)
2026-09-17 21:43:25,595 INFO train epoch 16/50 batch 13/66 (20%) running_loss=0.3240
2026-09-17 21:43:26,696 INFO train epoch 16/50 batch 26/66 (39%) running_loss=0.3257
2026-09-17 21:43:27,742 INFO train epoch 16/50 batch 39/66 (59%) running_loss=0.3257
2026-09-17 21:43:28,790 INFO train epoch 16/50 batch 52/66 (79%) running_loss=0.3286
2026-09-17 21:43:29,829 INFO train epoch 16/50 batch 65/66 (98%) running_loss=0.3264
2026-09-17 21:43:29,914 INFO train epoch 16/50 batch 66/66 (100%) running_loss=0.3267
2026-09-17 21:43:31,059 INFO epoch 16/50 done: train_loss=0.3267 val_loss=0.2407 val_accuracy=0.9303 val_macro_f1=0.9068 val_macro_auc=0.9869 (checkpoint_metric=macro_auc)
2026-09-17 21:43:32,784 INFO train epoch 17/50 batch 13/66 (20%) running_loss=0.3266
2026-09-17 21:43:34,034 INFO train epoch 17/50 batch 26/66 (39%) running_loss=0.3277
2026-09-17 21:43:35,250 INFO train epoch 17/50 batch 39/66 (59%) running_loss=0.3237
2026-09-17 21:43:36,481 INFO train epoch 17/50 batch 52/66 (79%) running_loss=0.3242
2026-09-17 21:43:37,646 INFO train epoch 17/50 batch 65/66 (98%) running_loss=0.3264
2026-09-17 21:43:37,733 INFO train epoch 17/50 batch 66/66 (100%) running_loss=0.3264
2026-09-17 21:43:38,930 INFO epoch 17/50 done: train_loss=0.3264 val_loss=0.2283 val_accuracy=0.9262 val_macro_f1=0.8996 val_macro_auc=0.9863 (checkpoint_metric=macro_auc)
2026-09-17 21:43:40,656 INFO train epoch 18/50 batch 13/66 (20%) running_loss=0.3241
2026-09-17 21:43:41,795 INFO train epoch 18/50 batch 26/66 (39%) running_loss=0.3235
2026-09-17 21:43:42,903 INFO train epoch 18/50 batch 39/66 (59%) running_loss=0.3239
2026-09-17 21:43:43,978 INFO train epoch 18/50 batch 52/66 (79%) running_loss=0.3256
2026-09-17 21:43:45,029 INFO train epoch 18/50 batch 65/66 (98%) running_loss=0.3243
2026-09-17 21:43:45,110 INFO train epoch 18/50 batch 66/66 (100%) running_loss=0.3241
2026-09-17 21:43:46,257 INFO epoch 18/50 done: train_loss=0.3241 val_loss=0.2231 val_accuracy=0.9344 val_macro_f1=0.9101 val_macro_auc=0.9873 (checkpoint_metric=macro_auc)
2026-09-17 21:43:47,778 INFO train epoch 19/50 batch 13/66 (20%) running_loss=0.3254
2026-09-17 21:43:48,915 INFO train epoch 19/50 batch 26/66 (39%) running_loss=0.3225
2026-09-17 21:43:49,975 INFO train epoch 19/50 batch 39/66 (59%) running_loss=0.3210
2026-09-17 21:43:51,036 INFO train epoch 19/50 batch 52/66 (79%) running_loss=0.3229
2026-09-17 21:43:52,104 INFO train epoch 19/50 batch 65/66 (98%) running_loss=0.3227
2026-09-17 21:43:52,187 INFO train epoch 19/50 batch 66/66 (100%) running_loss=0.3226
2026-09-17 21:43:53,274 INFO epoch 19/50 done: train_loss=0.3226 val_loss=0.2290 val_accuracy=0.9303 val_macro_f1=0.9046 val_macro_auc=0.9865 (checkpoint_metric=macro_auc)
2026-09-17 21:43:55,019 INFO train epoch 20/50 batch 13/66 (20%) running_loss=0.3275
2026-09-17 21:43:56,099 INFO train epoch 20/50 batch 26/66 (39%) running_loss=0.3309
2026-09-17 21:43:57,167 INFO train epoch 20/50 batch 39/66 (59%) running_loss=0.3287
2026-09-17 21:43:58,327 INFO train epoch 20/50 batch 52/66 (79%) running_loss=0.3248
2026-09-17 21:43:59,412 INFO train epoch 20/50 batch 65/66 (98%) running_loss=0.3243
2026-09-17 21:43:59,497 INFO train epoch 20/50 batch 66/66 (100%) running_loss=0.3245
2026-09-17 21:44:00,607 INFO epoch 20/50 done: train_loss=0.3245 val_loss=0.2301 val_accuracy=0.9344 val_macro_f1=0.9101 val_macro_auc=0.9864 (checkpoint_metric=macro_auc)
2026-09-17 21:44:02,187 INFO train epoch 21/50 batch 13/66 (20%) running_loss=0.3323
2026-09-17 21:44:03,270 INFO train epoch 21/50 batch 26/66 (39%) running_loss=0.3277
2026-09-17 21:44:04,338 INFO train epoch 21/50 batch 39/66 (59%) running_loss=0.3246
2026-09-17 21:44:05,474 INFO train epoch 21/50 batch 52/66 (79%) running_loss=0.3239
2026-09-17 21:44:06,534 INFO train epoch 21/50 batch 65/66 (98%) running_loss=0.3242
2026-09-17 21:44:06,619 INFO train epoch 21/50 batch 66/66 (100%) running_loss=0.3245
2026-09-17 21:44:07,735 INFO epoch 21/50 done: train_loss=0.3245 val_loss=0.2201 val_accuracy=0.9365 val_macro_f1=0.9117 val_macro_auc=0.9871 (checkpoint_metric=macro_auc)
2026-09-17 21:44:09,353 INFO train epoch 22/50 batch 13/66 (20%) running_loss=0.3150
2026-09-17 21:44:10,408 INFO train epoch 22/50 batch 26/66 (39%) running_loss=0.3179
2026-09-17 21:44:11,510 INFO train epoch 22/50 batch 39/66 (59%) running_loss=0.3164
2026-09-17 21:44:12,592 INFO train epoch 22/50 batch 52/66 (79%) running_loss=0.3166
2026-09-17 21:44:13,673 INFO train epoch 22/50 batch 65/66 (98%) running_loss=0.3198
2026-09-17 21:44:13,758 INFO train epoch 22/50 batch 66/66 (100%) running_loss=0.3198
2026-09-17 21:44:14,934 INFO epoch 22/50 done: train_loss=0.3198 val_loss=0.2176 val_accuracy=0.9385 val_macro_f1=0.9127 val_macro_auc=0.9855 (checkpoint_metric=macro_auc)
2026-09-17 21:44:16,565 INFO train epoch 23/50 batch 13/66 (20%) running_loss=0.3159
2026-09-17 21:44:17,649 INFO train epoch 23/50 batch 26/66 (39%) running_loss=0.3174
2026-09-17 21:44:18,732 INFO train epoch 23/50 batch 39/66 (59%) running_loss=0.3178
2026-09-17 21:44:19,841 INFO train epoch 23/50 batch 52/66 (79%) running_loss=0.3188
2026-09-17 21:44:20,899 INFO train epoch 23/50 batch 65/66 (98%) running_loss=0.3191
2026-09-17 21:44:20,984 INFO train epoch 23/50 batch 66/66 (100%) running_loss=0.3192
2026-09-17 21:44:22,122 INFO epoch 23/50 done: train_loss=0.3192 val_loss=0.2440 val_accuracy=0.9283 val_macro_f1=0.9037 val_macro_auc=0.9852 (checkpoint_metric=macro_auc)
2026-09-17 21:44:23,811 INFO train epoch 24/50 batch 13/66 (20%) running_loss=0.3176
2026-09-17 21:44:24,901 INFO train epoch 24/50 batch 26/66 (39%) running_loss=0.3205
2026-09-17 21:44:26,119 INFO train epoch 24/50 batch 39/66 (59%) running_loss=0.3224
2026-09-17 21:44:27,266 INFO train epoch 24/50 batch 52/66 (79%) running_loss=0.3200
2026-09-17 21:44:28,323 INFO train epoch 24/50 batch 65/66 (98%) running_loss=0.3201
2026-09-17 21:44:28,411 INFO train epoch 24/50 batch 66/66 (100%) running_loss=0.3200
2026-09-17 21:44:29,536 INFO epoch 24/50 done: train_loss=0.3200 val_loss=0.2238 val_accuracy=0.9406 val_macro_f1=0.9184 val_macro_auc=0.9867 (checkpoint_metric=macro_auc)
2026-09-17 21:44:31,507 INFO train epoch 25/50 batch 13/66 (20%) running_loss=0.3211
2026-09-17 21:44:32,747 INFO train epoch 25/50 batch 26/66 (39%) running_loss=0.3237
2026-09-17 21:44:33,869 INFO train epoch 25/50 batch 39/66 (59%) running_loss=0.3237
2026-09-17 21:44:35,121 INFO train epoch 25/50 batch 52/66 (79%) running_loss=0.3224
2026-09-17 21:44:36,187 INFO train epoch 25/50 batch 65/66 (98%) running_loss=0.3232
2026-09-17 21:44:36,270 INFO train epoch 25/50 batch 66/66 (100%) running_loss=0.3240
2026-09-17 21:44:37,374 INFO epoch 25/50 done: train_loss=0.3240 val_loss=0.2187 val_accuracy=0.9324 val_macro_f1=0.9059 val_macro_auc=0.9875 (checkpoint_metric=macro_auc)
2026-09-17 21:44:38,962 INFO train epoch 26/50 batch 13/66 (20%) running_loss=0.3229
2026-09-17 21:44:40,106 INFO train epoch 26/50 batch 26/66 (39%) running_loss=0.3221
2026-09-17 21:44:41,172 INFO train epoch 26/50 batch 39/66 (59%) running_loss=0.3211
2026-09-17 21:44:42,314 INFO train epoch 26/50 batch 52/66 (79%) running_loss=0.3181
2026-09-17 21:44:43,354 INFO train epoch 26/50 batch 65/66 (98%) running_loss=0.3187
2026-09-17 21:44:43,437 INFO train epoch 26/50 batch 66/66 (100%) running_loss=0.3186
2026-09-17 21:44:44,609 INFO epoch 26/50 done: train_loss=0.3186 val_loss=0.2328 val_accuracy=0.9344 val_macro_f1=0.9119 val_macro_auc=0.9862 (checkpoint_metric=macro_auc)
2026-09-17 21:44:46,273 INFO train epoch 27/50 batch 13/66 (20%) running_loss=0.3211
2026-09-17 21:44:47,355 INFO train epoch 27/50 batch 26/66 (39%) running_loss=0.3202
2026-09-17 21:44:48,435 INFO train epoch 27/50 batch 39/66 (59%) running_loss=0.3187
2026-09-17 21:44:49,529 INFO train epoch 27/50 batch 52/66 (79%) running_loss=0.3178
2026-09-17 21:44:50,596 INFO train epoch 27/50 batch 65/66 (98%) running_loss=0.3178
2026-09-17 21:44:50,679 INFO train epoch 27/50 batch 66/66 (100%) running_loss=0.3177
2026-09-17 21:44:51,813 INFO epoch 27/50 done: train_loss=0.3177 val_loss=0.2203 val_accuracy=0.9324 val_macro_f1=0.9059 val_macro_auc=0.9860 (checkpoint_metric=macro_auc)
2026-09-17 21:44:53,489 INFO train epoch 28/50 batch 13/66 (20%) running_loss=0.3145
2026-09-17 21:44:54,558 INFO train epoch 28/50 batch 26/66 (39%) running_loss=0.3170
2026-09-17 21:44:55,611 INFO train epoch 28/50 batch 39/66 (59%) running_loss=0.3146
2026-09-17 21:44:56,664 INFO train epoch 28/50 batch 52/66 (79%) running_loss=0.3170
2026-09-17 21:44:57,721 INFO train epoch 28/50 batch 65/66 (98%) running_loss=0.3161
2026-09-17 21:44:57,805 INFO train epoch 28/50 batch 66/66 (100%) running_loss=0.3160
2026-09-17 21:44:59,002 INFO epoch 28/50 done: train_loss=0.3160 val_loss=0.2216 val_accuracy=0.9324 val_macro_f1=0.9078 val_macro_auc=0.9862 (checkpoint_metric=macro_auc)
2026-09-17 21:45:00,586 INFO train epoch 29/50 batch 13/66 (20%) running_loss=0.3207
2026-09-17 21:45:01,700 INFO train epoch 29/50 batch 26/66 (39%) running_loss=0.3175
2026-09-17 21:45:02,863 INFO train epoch 29/50 batch 39/66 (59%) running_loss=0.3179
2026-09-17 21:45:04,143 INFO train epoch 29/50 batch 52/66 (79%) running_loss=0.3167
2026-09-17 21:45:05,220 INFO train epoch 29/50 batch 65/66 (98%) running_loss=0.3171
2026-09-17 21:45:05,303 INFO train epoch 29/50 batch 66/66 (100%) running_loss=0.3172
2026-09-17 21:45:06,418 INFO epoch 29/50 done: train_loss=0.3172 val_loss=0.2330 val_accuracy=0.9324 val_macro_f1=0.9080 val_macro_auc=0.9854 (checkpoint_metric=macro_auc)
2026-09-17 21:45:08,170 INFO train epoch 30/50 batch 13/66 (20%) running_loss=0.3134
2026-09-17 21:45:09,483 INFO train epoch 30/50 batch 26/66 (39%) running_loss=0.3134
2026-09-17 21:45:10,716 INFO train epoch 30/50 batch 39/66 (59%) running_loss=0.3152
2026-09-17 21:45:11,937 INFO train epoch 30/50 batch 52/66 (79%) running_loss=0.3169
2026-09-17 21:45:13,079 INFO train epoch 30/50 batch 65/66 (98%) running_loss=0.3184
2026-09-17 21:45:13,162 INFO train epoch 30/50 batch 66/66 (100%) running_loss=0.3183
2026-09-17 21:45:14,239 INFO epoch 30/50 done: train_loss=0.3183 val_loss=0.2122 val_accuracy=0.9406 val_macro_f1=0.9180 val_macro_auc=0.9882 (checkpoint_metric=macro_auc)
2026-09-17 21:45:15,811 INFO train epoch 31/50 batch 13/66 (20%) running_loss=0.3131
2026-09-17 21:45:17,090 INFO train epoch 31/50 batch 26/66 (39%) running_loss=0.3122
2026-09-17 21:45:18,184 INFO train epoch 31/50 batch 39/66 (59%) running_loss=0.3138
2026-09-17 21:45:19,255 INFO train epoch 31/50 batch 52/66 (79%) running_loss=0.3153
2026-09-17 21:45:20,321 INFO train epoch 31/50 batch 65/66 (98%) running_loss=0.3157
2026-09-17 21:45:20,408 INFO train epoch 31/50 batch 66/66 (100%) running_loss=0.3156
2026-09-17 21:45:21,576 INFO epoch 31/50 done: train_loss=0.3156 val_loss=0.2191 val_accuracy=0.9406 val_macro_f1=0.9196 val_macro_auc=0.9875 (checkpoint_metric=macro_auc)
2026-09-17 21:45:23,350 INFO train epoch 32/50 batch 13/66 (20%) running_loss=0.3369
2026-09-17 21:45:24,646 INFO train epoch 32/50 batch 26/66 (39%) running_loss=0.3270
2026-09-17 21:45:25,944 INFO train epoch 32/50 batch 39/66 (59%) running_loss=0.3219
2026-09-17 21:45:27,238 INFO train epoch 32/50 batch 52/66 (79%) running_loss=0.3201
2026-09-17 21:45:28,368 INFO train epoch 32/50 batch 65/66 (98%) running_loss=0.3211
2026-09-17 21:45:28,451 INFO train epoch 32/50 batch 66/66 (100%) running_loss=0.3209
2026-09-17 21:45:29,887 INFO epoch 32/50 done: train_loss=0.3209 val_loss=0.2162 val_accuracy=0.9467 val_macro_f1=0.9269 val_macro_auc=0.9881 (checkpoint_metric=macro_auc) [new best]
2026-09-17 21:45:31,388 INFO train epoch 33/50 batch 13/66 (20%) running_loss=0.3111
2026-09-17 21:45:32,475 INFO train epoch 33/50 batch 26/66 (39%) running_loss=0.3137
2026-09-17 21:45:33,544 INFO train epoch 33/50 batch 39/66 (59%) running_loss=0.3164
2026-09-17 21:45:34,610 INFO train epoch 33/50 batch 52/66 (79%) running_loss=0.3177
2026-09-17 21:45:35,662 INFO train epoch 33/50 batch 65/66 (98%) running_loss=0.3173
2026-09-17 21:45:35,748 INFO train epoch 33/50 batch 66/66 (100%) running_loss=0.3173
2026-09-17 21:45:36,861 INFO epoch 33/50 done: train_loss=0.3173 val_loss=0.2241 val_accuracy=0.9344 val_macro_f1=0.9117 val_macro_auc=0.9866 (checkpoint_metric=macro_auc)
2026-09-17 21:45:38,500 INFO train epoch 34/50 batch 13/66 (20%) running_loss=0.3185
2026-09-17 21:45:39,583 INFO train epoch 34/50 batch 26/66 (39%) running_loss=0.3179
2026-09-17 21:45:40,665 INFO train epoch 34/50 batch 39/66 (59%) running_loss=0.3205
2026-09-17 21:45:41,824 INFO train epoch 34/50 batch 52/66 (79%) running_loss=0.3191
2026-09-17 21:45:42,892 INFO train epoch 34/50 batch 65/66 (98%) running_loss=0.3175
2026-09-17 21:45:42,979 INFO train epoch 34/50 batch 66/66 (100%) running_loss=0.3174
2026-09-17 21:45:44,119 INFO epoch 34/50 done: train_loss=0.3174 val_loss=0.2145 val_accuracy=0.9406 val_macro_f1=0.9184 val_macro_auc=0.9881 (checkpoint_metric=macro_auc)
2026-09-17 21:45:45,831 INFO train epoch 35/50 batch 13/66 (20%) running_loss=0.3079
2026-09-17 21:45:46,986 INFO train epoch 35/50 batch 26/66 (39%) running_loss=0.3185
2026-09-17 21:45:48,152 INFO train epoch 35/50 batch 39/66 (59%) running_loss=0.3187
2026-09-17 21:45:49,424 INFO train epoch 35/50 batch 52/66 (79%) running_loss=0.3198
2026-09-17 21:45:50,582 INFO train epoch 35/50 batch 65/66 (98%) running_loss=0.3181
2026-09-17 21:45:50,670 INFO train epoch 35/50 batch 66/66 (100%) running_loss=0.3181
2026-09-17 21:45:51,786 INFO epoch 35/50 done: train_loss=0.3181 val_loss=0.2298 val_accuracy=0.9344 val_macro_f1=0.9123 val_macro_auc=0.9876 (checkpoint_metric=macro_auc)
2026-09-17 21:45:53,360 INFO train epoch 36/50 batch 13/66 (20%) running_loss=0.3127
2026-09-17 21:45:54,431 INFO train epoch 36/50 batch 26/66 (39%) running_loss=0.3175
2026-09-17 21:45:55,516 INFO train epoch 36/50 batch 39/66 (59%) running_loss=0.3160
2026-09-17 21:45:56,590 INFO train epoch 36/50 batch 52/66 (79%) running_loss=0.3153
2026-09-17 21:45:57,655 INFO train epoch 36/50 batch 65/66 (98%) running_loss=0.3148
2026-09-17 21:45:57,742 INFO train epoch 36/50 batch 66/66 (100%) running_loss=0.3147
2026-09-17 21:45:58,906 INFO epoch 36/50 done: train_loss=0.3147 val_loss=0.2370 val_accuracy=0.9283 val_macro_f1=0.9051 val_macro_auc=0.9854 (checkpoint_metric=macro_auc)
2026-09-17 21:46:00,546 INFO train epoch 37/50 batch 13/66 (20%) running_loss=0.3143
2026-09-17 21:46:01,812 INFO train epoch 37/50 batch 26/66 (39%) running_loss=0.3127
2026-09-17 21:46:02,929 INFO train epoch 37/50 batch 39/66 (59%) running_loss=0.3149
2026-09-17 21:46:04,038 INFO train epoch 37/50 batch 52/66 (79%) running_loss=0.3144
2026-09-17 21:46:05,153 INFO train epoch 37/50 batch 65/66 (98%) running_loss=0.3150
2026-09-17 21:46:05,238 INFO train epoch 37/50 batch 66/66 (100%) running_loss=0.3149
2026-09-17 21:46:06,327 INFO epoch 37/50 done: train_loss=0.3149 val_loss=0.2235 val_accuracy=0.9385 val_macro_f1=0.9167 val_macro_auc=0.9866 (checkpoint_metric=macro_auc)
2026-09-17 21:46:07,830 INFO train epoch 38/50 batch 13/66 (20%) running_loss=0.3179
2026-09-17 21:46:08,910 INFO train epoch 38/50 batch 26/66 (39%) running_loss=0.3166
2026-09-17 21:46:10,014 INFO train epoch 38/50 batch 39/66 (59%) running_loss=0.3167
2026-09-17 21:46:11,081 INFO train epoch 38/50 batch 52/66 (79%) running_loss=0.3161
2026-09-17 21:46:12,158 INFO train epoch 38/50 batch 65/66 (98%) running_loss=0.3153
2026-09-17 21:46:12,243 INFO train epoch 38/50 batch 66/66 (100%) running_loss=0.3154
2026-09-17 21:46:13,408 INFO epoch 38/50 done: train_loss=0.3154 val_loss=0.2122 val_accuracy=0.9365 val_macro_f1=0.9128 val_macro_auc=0.9870 (checkpoint_metric=macro_auc)
2026-09-17 21:46:15,174 INFO train epoch 39/50 batch 13/66 (20%) running_loss=0.3102
2026-09-17 21:46:16,511 INFO train epoch 39/50 batch 26/66 (39%) running_loss=0.3117
2026-09-17 21:46:17,831 INFO train epoch 39/50 batch 39/66 (59%) running_loss=0.3121
2026-09-17 21:46:19,114 INFO train epoch 39/50 batch 52/66 (79%) running_loss=0.3121
2026-09-17 21:46:20,294 INFO train epoch 39/50 batch 65/66 (98%) running_loss=0.3144
2026-09-17 21:46:20,381 INFO train epoch 39/50 batch 66/66 (100%) running_loss=0.3144
2026-09-17 21:46:21,539 INFO epoch 39/50 done: train_loss=0.3144 val_loss=0.2203 val_accuracy=0.9365 val_macro_f1=0.9146 val_macro_auc=0.9871 (checkpoint_metric=macro_auc)
2026-09-17 21:46:23,189 INFO train epoch 40/50 batch 13/66 (20%) running_loss=0.3152
2026-09-17 21:46:24,298 INFO train epoch 40/50 batch 26/66 (39%) running_loss=0.3153
2026-09-17 21:46:25,562 INFO train epoch 40/50 batch 39/66 (59%) running_loss=0.3168
2026-09-17 21:46:26,710 INFO train epoch 40/50 batch 52/66 (79%) running_loss=0.3149
2026-09-17 21:46:27,764 INFO train epoch 40/50 batch 65/66 (98%) running_loss=0.3147
2026-09-17 21:46:27,851 INFO train epoch 40/50 batch 66/66 (100%) running_loss=0.3147
2026-09-17 21:46:28,946 INFO epoch 40/50 done: train_loss=0.3147 val_loss=0.2191 val_accuracy=0.9406 val_macro_f1=0.9190 val_macro_auc=0.9877 (checkpoint_metric=macro_auc)
2026-09-17 21:46:30,600 INFO train epoch 41/50 batch 13/66 (20%) running_loss=0.3153
2026-09-17 21:46:31,685 INFO train epoch 41/50 batch 26/66 (39%) running_loss=0.3175
2026-09-17 21:46:33,001 INFO train epoch 41/50 batch 39/66 (59%) running_loss=0.3143
2026-09-17 21:46:34,117 INFO train epoch 41/50 batch 52/66 (79%) running_loss=0.3148
2026-09-17 21:46:35,178 INFO train epoch 41/50 batch 65/66 (98%) running_loss=0.3142
2026-09-17 21:46:35,262 INFO train epoch 41/50 batch 66/66 (100%) running_loss=0.3142
2026-09-17 21:46:36,409 INFO epoch 41/50 done: train_loss=0.3142 val_loss=0.2178 val_accuracy=0.9426 val_macro_f1=0.9211 val_macro_auc=0.9867 (checkpoint_metric=macro_auc)
2026-09-17 21:46:38,140 INFO train epoch 42/50 batch 13/66 (20%) running_loss=0.3086
2026-09-17 21:46:39,287 INFO train epoch 42/50 batch 26/66 (39%) running_loss=0.3080
2026-09-17 21:46:40,429 INFO train epoch 42/50 batch 39/66 (59%) running_loss=0.3090
2026-09-17 21:46:41,495 INFO train epoch 42/50 batch 52/66 (79%) running_loss=0.3095
2026-09-17 21:46:42,576 INFO train epoch 42/50 batch 65/66 (98%) running_loss=0.3097
2026-09-17 21:46:42,662 INFO train epoch 42/50 batch 66/66 (100%) running_loss=0.3097
2026-09-17 21:46:43,847 INFO epoch 42/50 done: train_loss=0.3097 val_loss=0.2226 val_accuracy=0.9406 val_macro_f1=0.9190 val_macro_auc=0.9871 (checkpoint_metric=macro_auc)
2026-09-17 21:46:45,608 INFO train epoch 43/50 batch 13/66 (20%) running_loss=0.3212
2026-09-17 21:46:46,699 INFO train epoch 43/50 batch 26/66 (39%) running_loss=0.3173
2026-09-17 21:46:47,771 INFO train epoch 43/50 batch 39/66 (59%) running_loss=0.3149
2026-09-17 21:46:48,830 INFO train epoch 43/50 batch 52/66 (79%) running_loss=0.3134
2026-09-17 21:46:49,875 INFO train epoch 43/50 batch 65/66 (98%) running_loss=0.3141
2026-09-17 21:46:49,958 INFO train epoch 43/50 batch 66/66 (100%) running_loss=0.3143
2026-09-17 21:46:51,127 INFO epoch 43/50 done: train_loss=0.3143 val_loss=0.2213 val_accuracy=0.9385 val_macro_f1=0.9160 val_macro_auc=0.9866 (checkpoint_metric=macro_auc)
2026-09-17 21:46:52,892 INFO train epoch 44/50 batch 13/66 (20%) running_loss=0.3081
2026-09-17 21:46:54,192 INFO train epoch 44/50 batch 26/66 (39%) running_loss=0.3112
2026-09-17 21:46:55,493 INFO train epoch 44/50 batch 39/66 (59%) running_loss=0.3116
2026-09-17 21:46:56,702 INFO train epoch 44/50 batch 52/66 (79%) running_loss=0.3120
2026-09-17 21:46:57,835 INFO train epoch 44/50 batch 65/66 (98%) running_loss=0.3121
2026-09-17 21:46:57,921 INFO train epoch 44/50 batch 66/66 (100%) running_loss=0.3134
2026-09-17 21:46:59,101 INFO epoch 44/50 done: train_loss=0.3134 val_loss=0.2167 val_accuracy=0.9324 val_macro_f1=0.9077 val_macro_auc=0.9868 (checkpoint_metric=macro_auc)
2026-09-17 21:47:00,819 INFO train epoch 45/50 batch 13/66 (20%) running_loss=0.3085
2026-09-17 21:47:01,902 INFO train epoch 45/50 batch 26/66 (39%) running_loss=0.3106
2026-09-17 21:47:03,011 INFO train epoch 45/50 batch 39/66 (59%) running_loss=0.3115
2026-09-17 21:47:04,113 INFO train epoch 45/50 batch 52/66 (79%) running_loss=0.3129
2026-09-17 21:47:05,171 INFO train epoch 45/50 batch 65/66 (98%) running_loss=0.3123
2026-09-17 21:47:05,255 INFO train epoch 45/50 batch 66/66 (100%) running_loss=0.3126
2026-09-17 21:47:06,345 INFO epoch 45/50 done: train_loss=0.3126 val_loss=0.2276 val_accuracy=0.9344 val_macro_f1=0.9113 val_macro_auc=0.9861 (checkpoint_metric=macro_auc)
2026-09-17 21:47:07,959 INFO train epoch 46/50 batch 13/66 (20%) running_loss=0.3199
2026-09-17 21:47:09,022 INFO train epoch 46/50 batch 26/66 (39%) running_loss=0.3176
2026-09-17 21:47:10,156 INFO train epoch 46/50 batch 39/66 (59%) running_loss=0.3166
2026-09-17 21:47:11,271 INFO train epoch 46/50 batch 52/66 (79%) running_loss=0.3155
2026-09-17 21:47:12,315 INFO train epoch 46/50 batch 65/66 (98%) running_loss=0.3153
2026-09-17 21:47:12,400 INFO train epoch 46/50 batch 66/66 (100%) running_loss=0.3151
2026-09-17 21:47:13,593 INFO epoch 46/50 done: train_loss=0.3151 val_loss=0.2285 val_accuracy=0.9303 val_macro_f1=0.9077 val_macro_auc=0.9867 (checkpoint_metric=macro_auc)
2026-09-17 21:47:15,241 INFO train epoch 47/50 batch 13/66 (20%) running_loss=0.3150
2026-09-17 21:47:16,323 INFO train epoch 47/50 batch 26/66 (39%) running_loss=0.3152
2026-09-17 21:47:17,427 INFO train epoch 47/50 batch 39/66 (59%) running_loss=0.3148
2026-09-17 21:47:18,516 INFO train epoch 47/50 batch 52/66 (79%) running_loss=0.3141
2026-09-17 21:47:19,614 INFO train epoch 47/50 batch 65/66 (98%) running_loss=0.3130
2026-09-17 21:47:19,703 INFO train epoch 47/50 batch 66/66 (100%) running_loss=0.3130
2026-09-17 21:47:20,870 INFO epoch 47/50 done: train_loss=0.3130 val_loss=0.2290 val_accuracy=0.9324 val_macro_f1=0.9093 val_macro_auc=0.9857 (checkpoint_metric=macro_auc)
2026-09-17 21:47:22,443 INFO train epoch 48/50 batch 13/66 (20%) running_loss=0.3144
2026-09-17 21:47:23,649 INFO train epoch 48/50 batch 26/66 (39%) running_loss=0.3159
2026-09-17 21:47:24,830 INFO train epoch 48/50 batch 39/66 (59%) running_loss=0.3147
2026-09-17 21:47:26,015 INFO train epoch 48/50 batch 52/66 (79%) running_loss=0.3144
2026-09-17 21:47:27,065 INFO train epoch 48/50 batch 65/66 (98%) running_loss=0.3149
2026-09-17 21:47:27,151 INFO train epoch 48/50 batch 66/66 (100%) running_loss=0.3147
2026-09-17 21:47:28,333 INFO epoch 48/50 done: train_loss=0.3147 val_loss=0.2191 val_accuracy=0.9406 val_macro_f1=0.9180 val_macro_auc=0.9868 (checkpoint_metric=macro_auc)
2026-09-17 21:47:30,059 INFO train epoch 49/50 batch 13/66 (20%) running_loss=0.3094
2026-09-17 21:47:31,312 INFO train epoch 49/50 batch 26/66 (39%) running_loss=0.3173
2026-09-17 21:47:32,400 INFO train epoch 49/50 batch 39/66 (59%) running_loss=0.3164
2026-09-17 21:47:33,569 INFO train epoch 49/50 batch 52/66 (79%) running_loss=0.3144
2026-09-17 21:47:34,694 INFO train epoch 49/50 batch 65/66 (98%) running_loss=0.3141
2026-09-17 21:47:34,780 INFO train epoch 49/50 batch 66/66 (100%) running_loss=0.3140
2026-09-17 21:47:35,874 INFO epoch 49/50 done: train_loss=0.3140 val_loss=0.2211 val_accuracy=0.9344 val_macro_f1=0.9115 val_macro_auc=0.9875 (checkpoint_metric=macro_auc)
2026-09-17 21:47:37,580 INFO train epoch 50/50 batch 13/66 (20%) running_loss=0.3188
2026-09-17 21:47:38,843 INFO train epoch 50/50 batch 26/66 (39%) running_loss=0.3153
2026-09-17 21:47:39,923 INFO train epoch 50/50 batch 39/66 (59%) running_loss=0.3137
2026-09-17 21:47:40,986 INFO train epoch 50/50 batch 52/66 (79%) running_loss=0.3129
2026-09-17 21:47:42,053 INFO train epoch 50/50 batch 65/66 (98%) running_loss=0.3129
2026-09-17 21:47:42,140 INFO train epoch 50/50 batch 66/66 (100%) running_loss=0.3130
2026-09-17 21:47:43,293 INFO epoch 50/50 done: train_loss=0.3130 val_loss=0.2234 val_accuracy=0.9344 val_macro_f1=0.9115 val_macro_auc=0.9861 (checkpoint_metric=macro_auc)
2026-09-17 21:47:43,453 INFO Training finished. Best epoch=32, smoothed macro_auc=0.9879 (window=3)
2026-09-17 21:47:45,100 INFO Test set evaluated once: accuracy=0.9156 macro_f1=0.9086 macro_auc=0.9828
2026-09-17 21:47:45,967 INFO Model size: 6.96M params, 0.532 GFLOPs at 96x96
