2026-08-20 06:44:57,989 INFO Starting baseline training: model=deit_small device=cuda amp=True image_size=96 epochs=50 lr=0.001
2026-08-20 06:44:58,253 INFO Dataset ready: 3 classes, 2102 train / 488 val samples (split reused from outputs/baseline_deit_small_96/split_indices.json)
2026-08-20 06:45:01,083 INFO Classes: {'glioma_tumor': 0, 'meningioma_tumor': 1, 'pituitary_tumor': 2}
2026-08-20 06:45:01,083 INFO Regularization: weight_decay=7.0e-04 label_smoothing=0.10 grad_clip_norm=5.0
2026-08-20 06:45:02,793 INFO train epoch 1/50 batch 13/66 (20%) running_loss=1.0715
2026-08-20 06:45:03,425 INFO train epoch 1/50 batch 26/66 (39%) running_loss=0.9832
2026-08-20 06:45:04,087 INFO train epoch 1/50 batch 39/66 (59%) running_loss=0.9174
2026-08-20 06:45:04,745 INFO train epoch 1/50 batch 52/66 (79%) running_loss=0.8562
2026-08-20 06:45:05,405 INFO train epoch 1/50 batch 65/66 (98%) running_loss=0.8065
2026-08-20 06:45:05,464 INFO train epoch 1/50 batch 66/66 (100%) running_loss=0.8045
2026-08-20 06:45:06,696 INFO epoch 1/50 done: train_loss=0.8045 val_loss=0.4418 val_accuracy=0.8545 val_macro_f1=0.7931 val_macro_auc=0.9444 (checkpoint_metric=macro_auc) [new best]
2026-08-20 06:45:07,684 INFO train epoch 2/50 batch 13/66 (20%) running_loss=0.5676
2026-08-20 06:45:08,365 INFO train epoch 2/50 batch 26/66 (39%) running_loss=0.5547
2026-08-20 06:45:09,074 INFO train epoch 2/50 batch 39/66 (59%) running_loss=0.5357
2026-08-20 06:45:09,797 INFO train epoch 2/50 batch 52/66 (79%) running_loss=0.5185
2026-08-20 06:45:10,493 INFO train epoch 2/50 batch 65/66 (98%) running_loss=0.5031
2026-08-20 06:45:10,529 INFO train epoch 2/50 batch 66/66 (100%) running_loss=0.5030
2026-08-20 06:45:12,014 INFO epoch 2/50 done: train_loss=0.5030 val_loss=0.3121 val_accuracy=0.9016 val_macro_f1=0.8690 val_macro_auc=0.9813 (checkpoint_metric=macro_auc) [new best]
2026-08-20 06:45:13,023 INFO train epoch 3/50 batch 13/66 (20%) running_loss=0.3731
2026-08-20 06:45:13,719 INFO train epoch 3/50 batch 26/66 (39%) running_loss=0.3851
2026-08-20 06:45:14,410 INFO train epoch 3/50 batch 39/66 (59%) running_loss=0.3894
2026-08-20 06:45:15,098 INFO train epoch 3/50 batch 52/66 (79%) running_loss=0.3882
2026-08-20 06:45:15,797 INFO train epoch 3/50 batch 65/66 (98%) running_loss=0.3875
2026-08-20 06:45:15,830 INFO train epoch 3/50 batch 66/66 (100%) running_loss=0.3868
2026-08-20 06:45:17,312 INFO epoch 3/50 done: train_loss=0.3868 val_loss=0.2689 val_accuracy=0.9078 val_macro_f1=0.8693 val_macro_auc=0.9789 (checkpoint_metric=macro_auc) [new best]
2026-08-20 06:45:18,294 INFO train epoch 4/50 batch 13/66 (20%) running_loss=0.3308
2026-08-20 06:45:18,978 INFO train epoch 4/50 batch 26/66 (39%) running_loss=0.3296
2026-08-20 06:45:19,673 INFO train epoch 4/50 batch 39/66 (59%) running_loss=0.3281
2026-08-20 06:45:20,360 INFO train epoch 4/50 batch 52/66 (79%) running_loss=0.3282
2026-08-20 06:45:21,075 INFO train epoch 4/50 batch 65/66 (98%) running_loss=0.3288
2026-08-20 06:45:21,108 INFO train epoch 4/50 batch 66/66 (100%) running_loss=0.3293
2026-08-20 06:45:22,636 INFO epoch 4/50 done: train_loss=0.3293 val_loss=0.3154 val_accuracy=0.8975 val_macro_f1=0.8684 val_macro_auc=0.9810 (checkpoint_metric=macro_auc) [new best]
2026-08-20 06:45:23,628 INFO train epoch 5/50 batch 13/66 (20%) running_loss=0.3088
2026-08-20 06:45:24,316 INFO train epoch 5/50 batch 26/66 (39%) running_loss=0.3091
2026-08-20 06:45:25,053 INFO train epoch 5/50 batch 39/66 (59%) running_loss=0.3080
2026-08-20 06:45:25,702 INFO train epoch 5/50 batch 52/66 (79%) running_loss=0.3079
2026-08-20 06:45:26,323 INFO train epoch 5/50 batch 65/66 (98%) running_loss=0.3073
2026-08-20 06:45:26,356 INFO train epoch 5/50 batch 66/66 (100%) running_loss=0.3072
2026-08-20 06:45:27,398 INFO epoch 5/50 done: train_loss=0.3072 val_loss=0.2719 val_accuracy=0.9180 val_macro_f1=0.8858 val_macro_auc=0.9794 (checkpoint_metric=macro_auc)
2026-08-20 06:45:28,362 INFO train epoch 6/50 batch 13/66 (20%) running_loss=0.3035
2026-08-20 06:45:29,050 INFO train epoch 6/50 batch 26/66 (39%) running_loss=0.3016
2026-08-20 06:45:29,744 INFO train epoch 6/50 batch 39/66 (59%) running_loss=0.3007
2026-08-20 06:45:30,452 INFO train epoch 6/50 batch 52/66 (79%) running_loss=0.3008
2026-08-20 06:45:31,100 INFO train epoch 6/50 batch 65/66 (98%) running_loss=0.3001
2026-08-20 06:45:31,134 INFO train epoch 6/50 batch 66/66 (100%) running_loss=0.3002
2026-08-20 06:45:32,666 INFO epoch 6/50 done: train_loss=0.3002 val_loss=0.2549 val_accuracy=0.9180 val_macro_f1=0.8849 val_macro_auc=0.9818 (checkpoint_metric=macro_auc) [new best]
2026-08-20 06:45:33,684 INFO train epoch 7/50 batch 13/66 (20%) running_loss=0.2960
2026-08-20 06:45:34,379 INFO train epoch 7/50 batch 26/66 (39%) running_loss=0.2959
2026-08-20 06:45:35,071 INFO train epoch 7/50 batch 39/66 (59%) running_loss=0.2958
2026-08-20 06:45:35,760 INFO train epoch 7/50 batch 52/66 (79%) running_loss=0.2958
2026-08-20 06:45:36,442 INFO train epoch 7/50 batch 65/66 (98%) running_loss=0.2957
2026-08-20 06:45:36,475 INFO train epoch 7/50 batch 66/66 (100%) running_loss=0.2957
2026-08-20 06:45:37,944 INFO epoch 7/50 done: train_loss=0.2957 val_loss=0.2540 val_accuracy=0.9221 val_macro_f1=0.8900 val_macro_auc=0.9820 (checkpoint_metric=macro_auc) [new best]
2026-08-20 06:45:38,975 INFO train epoch 8/50 batch 13/66 (20%) running_loss=0.2944
2026-08-20 06:45:39,691 INFO train epoch 8/50 batch 26/66 (39%) running_loss=0.2943
2026-08-20 06:45:40,429 INFO train epoch 8/50 batch 39/66 (59%) running_loss=0.2943
2026-08-20 06:45:41,059 INFO train epoch 8/50 batch 52/66 (79%) running_loss=0.2943
2026-08-20 06:45:41,672 INFO train epoch 8/50 batch 65/66 (98%) running_loss=0.2943
2026-08-20 06:45:41,705 INFO train epoch 8/50 batch 66/66 (100%) running_loss=0.2943
2026-08-20 06:45:43,171 INFO epoch 8/50 done: train_loss=0.2943 val_loss=0.2573 val_accuracy=0.9242 val_macro_f1=0.8933 val_macro_auc=0.9814 (checkpoint_metric=macro_auc) [new best]
2026-08-20 06:45:44,146 INFO train epoch 9/50 batch 13/66 (20%) running_loss=0.2936
2026-08-20 06:45:44,847 INFO train epoch 9/50 batch 26/66 (39%) running_loss=0.2936
2026-08-20 06:45:45,561 INFO train epoch 9/50 batch 39/66 (59%) running_loss=0.2936
2026-08-20 06:45:46,273 INFO train epoch 9/50 batch 52/66 (79%) running_loss=0.2936
2026-08-20 06:45:46,909 INFO train epoch 9/50 batch 65/66 (98%) running_loss=0.2936
2026-08-20 06:45:46,941 INFO train epoch 9/50 batch 66/66 (100%) running_loss=0.2936
2026-08-20 06:45:47,976 INFO epoch 9/50 done: train_loss=0.2936 val_loss=0.2645 val_accuracy=0.9201 val_macro_f1=0.8866 val_macro_auc=0.9795 (checkpoint_metric=macro_auc)
2026-08-20 06:45:48,983 INFO train epoch 10/50 batch 13/66 (20%) running_loss=0.2933
2026-08-20 06:45:49,682 INFO train epoch 10/50 batch 26/66 (39%) running_loss=0.2933
2026-08-20 06:45:50,379 INFO train epoch 10/50 batch 39/66 (59%) running_loss=0.2933
2026-08-20 06:45:51,069 INFO train epoch 10/50 batch 52/66 (79%) running_loss=0.2933
2026-08-20 06:45:51,775 INFO train epoch 10/50 batch 65/66 (98%) running_loss=0.2932
2026-08-20 06:45:51,808 INFO train epoch 10/50 batch 66/66 (100%) running_loss=0.2932
2026-08-20 06:45:52,845 INFO epoch 10/50 done: train_loss=0.2932 val_loss=0.2622 val_accuracy=0.9201 val_macro_f1=0.8866 val_macro_auc=0.9792 (checkpoint_metric=macro_auc)
2026-08-20 06:45:53,805 INFO train epoch 11/50 batch 13/66 (20%) running_loss=0.2930
2026-08-20 06:45:54,498 INFO train epoch 11/50 batch 26/66 (39%) running_loss=0.2929
2026-08-20 06:45:55,168 INFO train epoch 11/50 batch 39/66 (59%) running_loss=0.2928
2026-08-20 06:45:55,886 INFO train epoch 11/50 batch 52/66 (79%) running_loss=0.2928
2026-08-20 06:45:56,548 INFO train epoch 11/50 batch 65/66 (98%) running_loss=0.2929
2026-08-20 06:45:56,583 INFO train epoch 11/50 batch 66/66 (100%) running_loss=0.2929
2026-08-20 06:45:57,579 INFO epoch 11/50 done: train_loss=0.2929 val_loss=0.2643 val_accuracy=0.9180 val_macro_f1=0.8832 val_macro_auc=0.9788 (checkpoint_metric=macro_auc)
2026-08-20 06:45:58,607 INFO train epoch 12/50 batch 13/66 (20%) running_loss=0.2926
2026-08-20 06:45:59,227 INFO train epoch 12/50 batch 26/66 (39%) running_loss=0.2926
2026-08-20 06:45:59,911 INFO train epoch 12/50 batch 39/66 (59%) running_loss=0.2926
2026-08-20 06:46:00,637 INFO train epoch 12/50 batch 52/66 (79%) running_loss=0.2926
2026-08-20 06:46:01,322 INFO train epoch 12/50 batch 65/66 (98%) running_loss=0.2926
2026-08-20 06:46:01,355 INFO train epoch 12/50 batch 66/66 (100%) running_loss=0.2926
2026-08-20 06:46:02,375 INFO epoch 12/50 done: train_loss=0.2926 val_loss=0.2636 val_accuracy=0.9180 val_macro_f1=0.8832 val_macro_auc=0.9786 (checkpoint_metric=macro_auc)
2026-08-20 06:46:03,337 INFO train epoch 13/50 batch 13/66 (20%) running_loss=0.2925
2026-08-20 06:46:04,022 INFO train epoch 13/50 batch 26/66 (39%) running_loss=0.2925
2026-08-20 06:46:04,677 INFO train epoch 13/50 batch 39/66 (59%) running_loss=0.2925
2026-08-20 06:46:05,367 INFO train epoch 13/50 batch 52/66 (79%) running_loss=0.2925
2026-08-20 06:46:06,031 INFO train epoch 13/50 batch 65/66 (98%) running_loss=0.2924
2026-08-20 06:46:06,064 INFO train epoch 13/50 batch 66/66 (100%) running_loss=0.2925
2026-08-20 06:46:07,122 INFO epoch 13/50 done: train_loss=0.2925 val_loss=0.2618 val_accuracy=0.9119 val_macro_f1=0.8721 val_macro_auc=0.9785 (checkpoint_metric=macro_auc)
2026-08-20 06:46:08,089 INFO train epoch 14/50 batch 13/66 (20%) running_loss=0.2924
2026-08-20 06:46:08,774 INFO train epoch 14/50 batch 26/66 (39%) running_loss=0.2923
2026-08-20 06:46:09,408 INFO train epoch 14/50 batch 39/66 (59%) running_loss=0.2923
2026-08-20 06:46:10,133 INFO train epoch 14/50 batch 52/66 (79%) running_loss=0.2923
2026-08-20 06:46:10,792 INFO train epoch 14/50 batch 65/66 (98%) running_loss=0.2923
2026-08-20 06:46:10,825 INFO train epoch 14/50 batch 66/66 (100%) running_loss=0.2923
2026-08-20 06:46:11,826 INFO epoch 14/50 done: train_loss=0.2923 val_loss=0.2616 val_accuracy=0.9139 val_macro_f1=0.8756 val_macro_auc=0.9785 (checkpoint_metric=macro_auc)
2026-08-20 06:46:12,796 INFO train epoch 15/50 batch 13/66 (20%) running_loss=0.2922
2026-08-20 06:46:13,490 INFO train epoch 15/50 batch 26/66 (39%) running_loss=0.2922
2026-08-20 06:46:14,192 INFO train epoch 15/50 batch 39/66 (59%) running_loss=0.2922
2026-08-20 06:46:14,936 INFO train epoch 15/50 batch 52/66 (79%) running_loss=0.2922
2026-08-20 06:46:15,620 INFO train epoch 15/50 batch 65/66 (98%) running_loss=0.2922
2026-08-20 06:46:15,654 INFO train epoch 15/50 batch 66/66 (100%) running_loss=0.2922
2026-08-20 06:46:16,735 INFO epoch 15/50 done: train_loss=0.2922 val_loss=0.2635 val_accuracy=0.9098 val_macro_f1=0.8685 val_macro_auc=0.9782 (checkpoint_metric=macro_auc)
2026-08-20 06:46:17,810 INFO train epoch 16/50 batch 13/66 (20%) running_loss=0.2921
2026-08-20 06:46:18,510 INFO train epoch 16/50 batch 26/66 (39%) running_loss=0.2921
2026-08-20 06:46:19,222 INFO train epoch 16/50 batch 39/66 (59%) running_loss=0.2921
2026-08-20 06:46:19,845 INFO train epoch 16/50 batch 52/66 (79%) running_loss=0.2921
2026-08-20 06:46:20,493 INFO train epoch 16/50 batch 65/66 (98%) running_loss=0.2921
2026-08-20 06:46:20,527 INFO train epoch 16/50 batch 66/66 (100%) running_loss=0.2921
2026-08-20 06:46:21,596 INFO epoch 16/50 done: train_loss=0.2921 val_loss=0.2642 val_accuracy=0.9139 val_macro_f1=0.8756 val_macro_auc=0.9782 (checkpoint_metric=macro_auc)
2026-08-20 06:46:22,643 INFO train epoch 17/50 batch 13/66 (20%) running_loss=0.2921
2026-08-20 06:46:23,324 INFO train epoch 17/50 batch 26/66 (39%) running_loss=0.2921
2026-08-20 06:46:24,002 INFO train epoch 17/50 batch 39/66 (59%) running_loss=0.2921
2026-08-20 06:46:24,666 INFO train epoch 17/50 batch 52/66 (79%) running_loss=0.2921
2026-08-20 06:46:25,399 INFO train epoch 17/50 batch 65/66 (98%) running_loss=0.2921
2026-08-20 06:46:25,431 INFO train epoch 17/50 batch 66/66 (100%) running_loss=0.2921
2026-08-20 06:46:26,438 INFO epoch 17/50 done: train_loss=0.2921 val_loss=0.2650 val_accuracy=0.9098 val_macro_f1=0.8685 val_macro_auc=0.9777 (checkpoint_metric=macro_auc)
2026-08-20 06:46:27,414 INFO train epoch 18/50 batch 13/66 (20%) running_loss=0.2921
2026-08-20 06:46:28,090 INFO train epoch 18/50 batch 26/66 (39%) running_loss=0.2920
2026-08-20 06:46:28,730 INFO train epoch 18/50 batch 39/66 (59%) running_loss=0.2920
2026-08-20 06:46:29,407 INFO train epoch 18/50 batch 52/66 (79%) running_loss=0.2920
2026-08-20 06:46:30,059 INFO train epoch 18/50 batch 65/66 (98%) running_loss=0.2920
2026-08-20 06:46:30,092 INFO train epoch 18/50 batch 66/66 (100%) running_loss=0.2920
2026-08-20 06:46:31,121 INFO epoch 18/50 done: train_loss=0.2920 val_loss=0.2648 val_accuracy=0.9098 val_macro_f1=0.8685 val_macro_auc=0.9779 (checkpoint_metric=macro_auc)
2026-08-20 06:46:32,092 INFO train epoch 19/50 batch 13/66 (20%) running_loss=0.2919
2026-08-20 06:46:32,791 INFO train epoch 19/50 batch 26/66 (39%) running_loss=0.2919
2026-08-20 06:46:33,486 INFO train epoch 19/50 batch 39/66 (59%) running_loss=0.2919
2026-08-20 06:46:34,193 INFO train epoch 19/50 batch 52/66 (79%) running_loss=0.2919
2026-08-20 06:46:34,848 INFO train epoch 19/50 batch 65/66 (98%) running_loss=0.2919
2026-08-20 06:46:34,882 INFO train epoch 19/50 batch 66/66 (100%) running_loss=0.2919
2026-08-20 06:46:35,890 INFO epoch 19/50 done: train_loss=0.2919 val_loss=0.2650 val_accuracy=0.9098 val_macro_f1=0.8685 val_macro_auc=0.9777 (checkpoint_metric=macro_auc)
2026-08-20 06:46:36,875 INFO train epoch 20/50 batch 13/66 (20%) running_loss=0.2919
2026-08-20 06:46:37,630 INFO train epoch 20/50 batch 26/66 (39%) running_loss=0.2918
2026-08-20 06:46:38,323 INFO train epoch 20/50 batch 39/66 (59%) running_loss=0.2919
2026-08-20 06:46:38,974 INFO train epoch 20/50 batch 52/66 (79%) running_loss=0.2919
2026-08-20 06:46:39,565 INFO train epoch 20/50 batch 65/66 (98%) running_loss=0.2919
2026-08-20 06:46:39,601 INFO train epoch 20/50 batch 66/66 (100%) running_loss=0.2919
2026-08-20 06:46:40,674 INFO epoch 20/50 done: train_loss=0.2919 val_loss=0.2664 val_accuracy=0.9098 val_macro_f1=0.8685 val_macro_auc=0.9776 (checkpoint_metric=macro_auc)
2026-08-20 06:46:41,648 INFO train epoch 21/50 batch 13/66 (20%) running_loss=0.2919
2026-08-20 06:46:42,413 INFO train epoch 21/50 batch 26/66 (39%) running_loss=0.2918
2026-08-20 06:46:43,200 INFO train epoch 21/50 batch 39/66 (59%) running_loss=0.2919
2026-08-20 06:46:43,923 INFO train epoch 21/50 batch 52/66 (79%) running_loss=0.2919
2026-08-20 06:46:44,512 INFO train epoch 21/50 batch 65/66 (98%) running_loss=0.2918
2026-08-20 06:46:44,546 INFO train epoch 21/50 batch 66/66 (100%) running_loss=0.2918
2026-08-20 06:46:45,548 INFO epoch 21/50 done: train_loss=0.2918 val_loss=0.2649 val_accuracy=0.9098 val_macro_f1=0.8685 val_macro_auc=0.9777 (checkpoint_metric=macro_auc)
2026-08-20 06:46:46,519 INFO train epoch 22/50 batch 13/66 (20%) running_loss=0.2918
2026-08-20 06:46:47,201 INFO train epoch 22/50 batch 26/66 (39%) running_loss=0.2918
2026-08-20 06:46:47,888 INFO train epoch 22/50 batch 39/66 (59%) running_loss=0.2918
2026-08-20 06:46:48,583 INFO train epoch 22/50 batch 52/66 (79%) running_loss=0.2918
2026-08-20 06:46:49,225 INFO train epoch 22/50 batch 65/66 (98%) running_loss=0.2918
2026-08-20 06:46:49,259 INFO train epoch 22/50 batch 66/66 (100%) running_loss=0.2918
2026-08-20 06:46:50,281 INFO epoch 22/50 done: train_loss=0.2918 val_loss=0.2650 val_accuracy=0.9119 val_macro_f1=0.8709 val_macro_auc=0.9776 (checkpoint_metric=macro_auc)
2026-08-20 06:46:51,329 INFO train epoch 23/50 batch 13/66 (20%) running_loss=0.2918
2026-08-20 06:46:52,089 INFO train epoch 23/50 batch 26/66 (39%) running_loss=0.2918
2026-08-20 06:46:52,786 INFO train epoch 23/50 batch 39/66 (59%) running_loss=0.2918
2026-08-20 06:46:53,498 INFO train epoch 23/50 batch 52/66 (79%) running_loss=0.2918
2026-08-20 06:46:54,198 INFO train epoch 23/50 batch 65/66 (98%) running_loss=0.2918
2026-08-20 06:46:54,232 INFO train epoch 23/50 batch 66/66 (100%) running_loss=0.2918
2026-08-20 06:46:55,238 INFO epoch 23/50 done: train_loss=0.2918 val_loss=0.2661 val_accuracy=0.9098 val_macro_f1=0.8685 val_macro_auc=0.9775 (checkpoint_metric=macro_auc)
2026-08-20 06:46:56,202 INFO train epoch 24/50 batch 13/66 (20%) running_loss=0.2917
2026-08-20 06:46:56,880 INFO train epoch 24/50 batch 26/66 (39%) running_loss=0.2917
2026-08-20 06:46:57,527 INFO train epoch 24/50 batch 39/66 (59%) running_loss=0.2917
2026-08-20 06:46:58,251 INFO train epoch 24/50 batch 52/66 (79%) running_loss=0.2918
2026-08-20 06:46:58,929 INFO train epoch 24/50 batch 65/66 (98%) running_loss=0.2917
2026-08-20 06:46:58,962 INFO train epoch 24/50 batch 66/66 (100%) running_loss=0.2917
2026-08-20 06:47:00,019 INFO epoch 24/50 done: train_loss=0.2917 val_loss=0.2660 val_accuracy=0.9119 val_macro_f1=0.8709 val_macro_auc=0.9773 (checkpoint_metric=macro_auc)
2026-08-20 06:47:01,068 INFO train epoch 25/50 batch 13/66 (20%) running_loss=0.2917
2026-08-20 06:47:01,722 INFO train epoch 25/50 batch 26/66 (39%) running_loss=0.2917
2026-08-20 06:47:02,413 INFO train epoch 25/50 batch 39/66 (59%) running_loss=0.2917
2026-08-20 06:47:03,120 INFO train epoch 25/50 batch 52/66 (79%) running_loss=0.2917
2026-08-20 06:47:03,690 INFO train epoch 25/50 batch 65/66 (98%) running_loss=0.2917
2026-08-20 06:47:03,724 INFO train epoch 25/50 batch 66/66 (100%) running_loss=0.2917
2026-08-20 06:47:04,757 INFO epoch 25/50 done: train_loss=0.2917 val_loss=0.2664 val_accuracy=0.9119 val_macro_f1=0.8709 val_macro_auc=0.9773 (checkpoint_metric=macro_auc)
2026-08-20 06:47:05,727 INFO train epoch 26/50 batch 13/66 (20%) running_loss=0.2917
2026-08-20 06:47:06,385 INFO train epoch 26/50 batch 26/66 (39%) running_loss=0.2917
2026-08-20 06:47:07,141 INFO train epoch 26/50 batch 39/66 (59%) running_loss=0.2917
2026-08-20 06:47:07,849 INFO train epoch 26/50 batch 52/66 (79%) running_loss=0.2917
2026-08-20 06:47:08,442 INFO train epoch 26/50 batch 65/66 (98%) running_loss=0.2917
2026-08-20 06:47:08,475 INFO train epoch 26/50 batch 66/66 (100%) running_loss=0.2917
2026-08-20 06:47:09,483 INFO epoch 26/50 done: train_loss=0.2917 val_loss=0.2663 val_accuracy=0.9098 val_macro_f1=0.8692 val_macro_auc=0.9772 (checkpoint_metric=macro_auc)
2026-08-20 06:47:10,504 INFO train epoch 27/50 batch 13/66 (20%) running_loss=0.2917
2026-08-20 06:47:11,185 INFO train epoch 27/50 batch 26/66 (39%) running_loss=0.2917
2026-08-20 06:47:11,874 INFO train epoch 27/50 batch 39/66 (59%) running_loss=0.2917
2026-08-20 06:47:12,596 INFO train epoch 27/50 batch 52/66 (79%) running_loss=0.2917
2026-08-20 06:47:13,298 INFO train epoch 27/50 batch 65/66 (98%) running_loss=0.2917
2026-08-20 06:47:13,330 INFO train epoch 27/50 batch 66/66 (100%) running_loss=0.2917
2026-08-20 06:47:14,369 INFO epoch 27/50 done: train_loss=0.2917 val_loss=0.2664 val_accuracy=0.9098 val_macro_f1=0.8692 val_macro_auc=0.9773 (checkpoint_metric=macro_auc)
2026-08-20 06:47:15,321 INFO train epoch 28/50 batch 13/66 (20%) running_loss=0.2917
2026-08-20 06:47:16,020 INFO train epoch 28/50 batch 26/66 (39%) running_loss=0.2917
2026-08-20 06:47:16,748 INFO train epoch 28/50 batch 39/66 (59%) running_loss=0.2917
2026-08-20 06:47:17,450 INFO train epoch 28/50 batch 52/66 (79%) running_loss=0.2917
2026-08-20 06:47:18,135 INFO train epoch 28/50 batch 65/66 (98%) running_loss=0.2917
2026-08-20 06:47:18,168 INFO train epoch 28/50 batch 66/66 (100%) running_loss=0.2917
2026-08-20 06:47:19,189 INFO epoch 28/50 done: train_loss=0.2917 val_loss=0.2659 val_accuracy=0.9098 val_macro_f1=0.8692 val_macro_auc=0.9773 (checkpoint_metric=macro_auc)
2026-08-20 06:47:20,183 INFO train epoch 29/50 batch 13/66 (20%) running_loss=0.2917
2026-08-20 06:47:20,816 INFO train epoch 29/50 batch 26/66 (39%) running_loss=0.2917
2026-08-20 06:47:21,539 INFO train epoch 29/50 batch 39/66 (59%) running_loss=0.2917
2026-08-20 06:47:22,283 INFO train epoch 29/50 batch 52/66 (79%) running_loss=0.2917
2026-08-20 06:47:22,944 INFO train epoch 29/50 batch 65/66 (98%) running_loss=0.2917
2026-08-20 06:47:22,976 INFO train epoch 29/50 batch 66/66 (100%) running_loss=0.2917
2026-08-20 06:47:24,022 INFO epoch 29/50 done: train_loss=0.2917 val_loss=0.2662 val_accuracy=0.9098 val_macro_f1=0.8692 val_macro_auc=0.9772 (checkpoint_metric=macro_auc)
2026-08-20 06:47:25,023 INFO train epoch 30/50 batch 13/66 (20%) running_loss=0.2916
2026-08-20 06:47:25,741 INFO train epoch 30/50 batch 26/66 (39%) running_loss=0.2916
2026-08-20 06:47:26,405 INFO train epoch 30/50 batch 39/66 (59%) running_loss=0.2916
2026-08-20 06:47:27,082 INFO train epoch 30/50 batch 52/66 (79%) running_loss=0.2916
2026-08-20 06:47:27,762 INFO train epoch 30/50 batch 65/66 (98%) running_loss=0.2916
2026-08-20 06:47:27,794 INFO train epoch 30/50 batch 66/66 (100%) running_loss=0.2916
2026-08-20 06:47:28,779 INFO epoch 30/50 done: train_loss=0.2916 val_loss=0.2671 val_accuracy=0.9078 val_macro_f1=0.8675 val_macro_auc=0.9771 (checkpoint_metric=macro_auc)
2026-08-20 06:47:29,748 INFO train epoch 31/50 batch 13/66 (20%) running_loss=0.2916
2026-08-20 06:47:30,388 INFO train epoch 31/50 batch 26/66 (39%) running_loss=0.2916
2026-08-20 06:47:31,133 INFO train epoch 31/50 batch 39/66 (59%) running_loss=0.2916
2026-08-20 06:47:31,850 INFO train epoch 31/50 batch 52/66 (79%) running_loss=0.2916
2026-08-20 06:47:32,494 INFO train epoch 31/50 batch 65/66 (98%) running_loss=0.2916
2026-08-20 06:47:32,526 INFO train epoch 31/50 batch 66/66 (100%) running_loss=0.2916
2026-08-20 06:47:33,557 INFO epoch 31/50 done: train_loss=0.2916 val_loss=0.2660 val_accuracy=0.9098 val_macro_f1=0.8692 val_macro_auc=0.9773 (checkpoint_metric=macro_auc)
2026-08-20 06:47:34,554 INFO train epoch 32/50 batch 13/66 (20%) running_loss=0.2916
2026-08-20 06:47:35,253 INFO train epoch 32/50 batch 26/66 (39%) running_loss=0.2916
2026-08-20 06:47:35,951 INFO train epoch 32/50 batch 39/66 (59%) running_loss=0.2916
2026-08-20 06:47:36,605 INFO train epoch 32/50 batch 52/66 (79%) running_loss=0.2916
2026-08-20 06:47:37,279 INFO train epoch 32/50 batch 65/66 (98%) running_loss=0.2916
2026-08-20 06:47:37,312 INFO train epoch 32/50 batch 66/66 (100%) running_loss=0.2916
2026-08-20 06:47:38,314 INFO epoch 32/50 done: train_loss=0.2916 val_loss=0.2670 val_accuracy=0.9078 val_macro_f1=0.8675 val_macro_auc=0.9772 (checkpoint_metric=macro_auc)
2026-08-20 06:47:39,279 INFO train epoch 33/50 batch 13/66 (20%) running_loss=0.2916
2026-08-20 06:47:39,986 INFO train epoch 33/50 batch 26/66 (39%) running_loss=0.2916
2026-08-20 06:47:40,705 INFO train epoch 33/50 batch 39/66 (59%) running_loss=0.2916
2026-08-20 06:47:41,395 INFO train epoch 33/50 batch 52/66 (79%) running_loss=0.2916
2026-08-20 06:47:42,026 INFO train epoch 33/50 batch 65/66 (98%) running_loss=0.2916
2026-08-20 06:47:42,060 INFO train epoch 33/50 batch 66/66 (100%) running_loss=0.2916
2026-08-20 06:47:43,093 INFO epoch 33/50 done: train_loss=0.2916 val_loss=0.2669 val_accuracy=0.9078 val_macro_f1=0.8675 val_macro_auc=0.9772 (checkpoint_metric=macro_auc)
2026-08-20 06:47:44,104 INFO train epoch 34/50 batch 13/66 (20%) running_loss=0.2916
2026-08-20 06:47:44,881 INFO train epoch 34/50 batch 26/66 (39%) running_loss=0.2916
2026-08-20 06:47:45,596 INFO train epoch 34/50 batch 39/66 (59%) running_loss=0.2916
2026-08-20 06:47:46,373 INFO train epoch 34/50 batch 52/66 (79%) running_loss=0.2916
2026-08-20 06:47:47,058 INFO train epoch 34/50 batch 65/66 (98%) running_loss=0.2916
2026-08-20 06:47:47,096 INFO train epoch 34/50 batch 66/66 (100%) running_loss=0.2916
2026-08-20 06:47:48,115 INFO epoch 34/50 done: train_loss=0.2916 val_loss=0.2671 val_accuracy=0.9098 val_macro_f1=0.8711 val_macro_auc=0.9771 (checkpoint_metric=macro_auc)
2026-08-20 06:47:49,053 INFO train epoch 35/50 batch 13/66 (20%) running_loss=0.2916
2026-08-20 06:47:49,771 INFO train epoch 35/50 batch 26/66 (39%) running_loss=0.2916
2026-08-20 06:47:50,416 INFO train epoch 35/50 batch 39/66 (59%) running_loss=0.2916
2026-08-20 06:47:51,134 INFO train epoch 35/50 batch 52/66 (79%) running_loss=0.2916
2026-08-20 06:47:51,764 INFO train epoch 35/50 batch 65/66 (98%) running_loss=0.2916
2026-08-20 06:47:51,797 INFO train epoch 35/50 batch 66/66 (100%) running_loss=0.2916
2026-08-20 06:47:52,852 INFO epoch 35/50 done: train_loss=0.2916 val_loss=0.2679 val_accuracy=0.9078 val_macro_f1=0.8675 val_macro_auc=0.9770 (checkpoint_metric=macro_auc)
2026-08-20 06:47:53,870 INFO train epoch 36/50 batch 13/66 (20%) running_loss=0.2917
2026-08-20 06:47:54,630 INFO train epoch 36/50 batch 26/66 (39%) running_loss=0.2916
2026-08-20 06:47:55,358 INFO train epoch 36/50 batch 39/66 (59%) running_loss=0.2916
2026-08-20 06:47:56,055 INFO train epoch 36/50 batch 52/66 (79%) running_loss=0.2916
2026-08-20 06:47:56,711 INFO train epoch 36/50 batch 65/66 (98%) running_loss=0.2916
2026-08-20 06:47:56,745 INFO train epoch 36/50 batch 66/66 (100%) running_loss=0.2916
2026-08-20 06:47:57,728 INFO epoch 36/50 done: train_loss=0.2916 val_loss=0.2671 val_accuracy=0.9098 val_macro_f1=0.8711 val_macro_auc=0.9771 (checkpoint_metric=macro_auc)
2026-08-20 06:47:58,671 INFO train epoch 37/50 batch 13/66 (20%) running_loss=0.2916
2026-08-20 06:47:59,344 INFO train epoch 37/50 batch 26/66 (39%) running_loss=0.2916
2026-08-20 06:48:00,018 INFO train epoch 37/50 batch 39/66 (59%) running_loss=0.2916
2026-08-20 06:48:00,713 INFO train epoch 37/50 batch 52/66 (79%) running_loss=0.2916
2026-08-20 06:48:01,388 INFO train epoch 37/50 batch 65/66 (98%) running_loss=0.2916
2026-08-20 06:48:01,420 INFO train epoch 37/50 batch 66/66 (100%) running_loss=0.2916
2026-08-20 06:48:02,420 INFO epoch 37/50 done: train_loss=0.2916 val_loss=0.2671 val_accuracy=0.9098 val_macro_f1=0.8711 val_macro_auc=0.9771 (checkpoint_metric=macro_auc)
2026-08-20 06:48:03,385 INFO train epoch 38/50 batch 13/66 (20%) running_loss=0.2916
2026-08-20 06:48:04,104 INFO train epoch 38/50 batch 26/66 (39%) running_loss=0.2916
2026-08-20 06:48:04,794 INFO train epoch 38/50 batch 39/66 (59%) running_loss=0.2916
2026-08-20 06:48:05,480 INFO train epoch 38/50 batch 52/66 (79%) running_loss=0.2916
2026-08-20 06:48:06,110 INFO train epoch 38/50 batch 65/66 (98%) running_loss=0.2916
2026-08-20 06:48:06,144 INFO train epoch 38/50 batch 66/66 (100%) running_loss=0.2916
2026-08-20 06:48:07,152 INFO epoch 38/50 done: train_loss=0.2916 val_loss=0.2670 val_accuracy=0.9098 val_macro_f1=0.8711 val_macro_auc=0.9770 (checkpoint_metric=macro_auc)
2026-08-20 06:48:08,174 INFO train epoch 39/50 batch 13/66 (20%) running_loss=0.2915
2026-08-20 06:48:08,795 INFO train epoch 39/50 batch 26/66 (39%) running_loss=0.2916
2026-08-20 06:48:09,491 INFO train epoch 39/50 batch 39/66 (59%) running_loss=0.2916
2026-08-20 06:48:10,209 INFO train epoch 39/50 batch 52/66 (79%) running_loss=0.2916
2026-08-20 06:48:10,880 INFO train epoch 39/50 batch 65/66 (98%) running_loss=0.2916
2026-08-20 06:48:10,912 INFO train epoch 39/50 batch 66/66 (100%) running_loss=0.2916
2026-08-20 06:48:11,956 INFO epoch 39/50 done: train_loss=0.2916 val_loss=0.2670 val_accuracy=0.9098 val_macro_f1=0.8711 val_macro_auc=0.9771 (checkpoint_metric=macro_auc)
2026-08-20 06:48:13,000 INFO train epoch 40/50 batch 13/66 (20%) running_loss=0.2916
2026-08-20 06:48:13,670 INFO train epoch 40/50 batch 26/66 (39%) running_loss=0.2916
2026-08-20 06:48:14,311 INFO train epoch 40/50 batch 39/66 (59%) running_loss=0.2916
2026-08-20 06:48:14,983 INFO train epoch 40/50 batch 52/66 (79%) running_loss=0.2916
2026-08-20 06:48:15,656 INFO train epoch 40/50 batch 65/66 (98%) running_loss=0.2916
2026-08-20 06:48:15,689 INFO train epoch 40/50 batch 66/66 (100%) running_loss=0.2916
2026-08-20 06:48:16,699 INFO epoch 40/50 done: train_loss=0.2916 val_loss=0.2673 val_accuracy=0.9098 val_macro_f1=0.8711 val_macro_auc=0.9770 (checkpoint_metric=macro_auc)
2026-08-20 06:48:17,669 INFO train epoch 41/50 batch 13/66 (20%) running_loss=0.2915
2026-08-20 06:48:18,444 INFO train epoch 41/50 batch 26/66 (39%) running_loss=0.2916
2026-08-20 06:48:19,165 INFO train epoch 41/50 batch 39/66 (59%) running_loss=0.2916
2026-08-20 06:48:19,822 INFO train epoch 41/50 batch 52/66 (79%) running_loss=0.2916
2026-08-20 06:48:20,459 INFO train epoch 41/50 batch 65/66 (98%) running_loss=0.2916
2026-08-20 06:48:20,493 INFO train epoch 41/50 batch 66/66 (100%) running_loss=0.2916
2026-08-20 06:48:21,493 INFO epoch 41/50 done: train_loss=0.2916 val_loss=0.2673 val_accuracy=0.9098 val_macro_f1=0.8711 val_macro_auc=0.9770 (checkpoint_metric=macro_auc)
2026-08-20 06:48:22,523 INFO train epoch 42/50 batch 13/66 (20%) running_loss=0.2916
2026-08-20 06:48:23,194 INFO train epoch 42/50 batch 26/66 (39%) running_loss=0.2916
2026-08-20 06:48:23,823 INFO train epoch 42/50 batch 39/66 (59%) running_loss=0.2916
2026-08-20 06:48:24,540 INFO train epoch 42/50 batch 52/66 (79%) running_loss=0.2916
2026-08-20 06:48:25,187 INFO train epoch 42/50 batch 65/66 (98%) running_loss=0.2916
2026-08-20 06:48:25,219 INFO train epoch 42/50 batch 66/66 (100%) running_loss=0.2916
2026-08-20 06:48:26,225 INFO epoch 42/50 done: train_loss=0.2916 val_loss=0.2673 val_accuracy=0.9098 val_macro_f1=0.8711 val_macro_auc=0.9770 (checkpoint_metric=macro_auc)
2026-08-20 06:48:27,218 INFO train epoch 43/50 batch 13/66 (20%) running_loss=0.2915
2026-08-20 06:48:27,918 INFO train epoch 43/50 batch 26/66 (39%) running_loss=0.2916
2026-08-20 06:48:28,604 INFO train epoch 43/50 batch 39/66 (59%) running_loss=0.2916
2026-08-20 06:48:29,278 INFO train epoch 43/50 batch 52/66 (79%) running_loss=0.2916
2026-08-20 06:48:29,909 INFO train epoch 43/50 batch 65/66 (98%) running_loss=0.2916
2026-08-20 06:48:29,946 INFO train epoch 43/50 batch 66/66 (100%) running_loss=0.2916
2026-08-20 06:48:30,972 INFO epoch 43/50 done: train_loss=0.2916 val_loss=0.2675 val_accuracy=0.9098 val_macro_f1=0.8711 val_macro_auc=0.9770 (checkpoint_metric=macro_auc)
2026-08-20 06:48:31,929 INFO train epoch 44/50 batch 13/66 (20%) running_loss=0.2916
2026-08-20 06:48:32,601 INFO train epoch 44/50 batch 26/66 (39%) running_loss=0.2916
2026-08-20 06:48:33,316 INFO train epoch 44/50 batch 39/66 (59%) running_loss=0.2916
2026-08-20 06:48:34,001 INFO train epoch 44/50 batch 52/66 (79%) running_loss=0.2916
2026-08-20 06:48:34,666 INFO train epoch 44/50 batch 65/66 (98%) running_loss=0.2916
2026-08-20 06:48:34,698 INFO train epoch 44/50 batch 66/66 (100%) running_loss=0.2916
2026-08-20 06:48:35,739 INFO epoch 44/50 done: train_loss=0.2916 val_loss=0.2675 val_accuracy=0.9098 val_macro_f1=0.8711 val_macro_auc=0.9770 (checkpoint_metric=macro_auc)
2026-08-20 06:48:36,705 INFO train epoch 45/50 batch 13/66 (20%) running_loss=0.2916
2026-08-20 06:48:37,424 INFO train epoch 45/50 batch 26/66 (39%) running_loss=0.2916
2026-08-20 06:48:38,155 INFO train epoch 45/50 batch 39/66 (59%) running_loss=0.2916
2026-08-20 06:48:38,820 INFO train epoch 45/50 batch 52/66 (79%) running_loss=0.2916
2026-08-20 06:48:39,591 INFO train epoch 45/50 batch 65/66 (98%) running_loss=0.2916
2026-08-20 06:48:39,624 INFO train epoch 45/50 batch 66/66 (100%) running_loss=0.2916
2026-08-20 06:48:40,669 INFO epoch 45/50 done: train_loss=0.2916 val_loss=0.2673 val_accuracy=0.9098 val_macro_f1=0.8711 val_macro_auc=0.9770 (checkpoint_metric=macro_auc)
2026-08-20 06:48:41,646 INFO train epoch 46/50 batch 13/66 (20%) running_loss=0.2915
2026-08-20 06:48:42,337 INFO train epoch 46/50 batch 26/66 (39%) running_loss=0.2916
2026-08-20 06:48:43,074 INFO train epoch 46/50 batch 39/66 (59%) running_loss=0.2916
2026-08-20 06:48:43,691 INFO train epoch 46/50 batch 52/66 (79%) running_loss=0.2916
2026-08-20 06:48:44,324 INFO train epoch 46/50 batch 65/66 (98%) running_loss=0.2916
2026-08-20 06:48:44,357 INFO train epoch 46/50 batch 66/66 (100%) running_loss=0.2916
2026-08-20 06:48:45,345 INFO epoch 46/50 done: train_loss=0.2916 val_loss=0.2674 val_accuracy=0.9098 val_macro_f1=0.8711 val_macro_auc=0.9770 (checkpoint_metric=macro_auc)
2026-08-20 06:48:46,385 INFO train epoch 47/50 batch 13/66 (20%) running_loss=0.2916
2026-08-20 06:48:47,092 INFO train epoch 47/50 batch 26/66 (39%) running_loss=0.2916
2026-08-20 06:48:47,752 INFO train epoch 47/50 batch 39/66 (59%) running_loss=0.2916
2026-08-20 06:48:48,474 INFO train epoch 47/50 batch 52/66 (79%) running_loss=0.2916
2026-08-20 06:48:49,199 INFO train epoch 47/50 batch 65/66 (98%) running_loss=0.2916
2026-08-20 06:48:49,231 INFO train epoch 47/50 batch 66/66 (100%) running_loss=0.2916
2026-08-20 06:48:50,237 INFO epoch 47/50 done: train_loss=0.2916 val_loss=0.2674 val_accuracy=0.9098 val_macro_f1=0.8711 val_macro_auc=0.9770 (checkpoint_metric=macro_auc)
2026-08-20 06:48:51,268 INFO train epoch 48/50 batch 13/66 (20%) running_loss=0.2916
2026-08-20 06:48:51,952 INFO train epoch 48/50 batch 26/66 (39%) running_loss=0.2916
2026-08-20 06:48:52,650 INFO train epoch 48/50 batch 39/66 (59%) running_loss=0.2916
2026-08-20 06:48:53,327 INFO train epoch 48/50 batch 52/66 (79%) running_loss=0.2916
2026-08-20 06:48:53,997 INFO train epoch 48/50 batch 65/66 (98%) running_loss=0.2916
2026-08-20 06:48:54,030 INFO train epoch 48/50 batch 66/66 (100%) running_loss=0.2916
2026-08-20 06:48:55,053 INFO epoch 48/50 done: train_loss=0.2916 val_loss=0.2673 val_accuracy=0.9098 val_macro_f1=0.8711 val_macro_auc=0.9770 (checkpoint_metric=macro_auc)
2026-08-20 06:48:56,109 INFO train epoch 49/50 batch 13/66 (20%) running_loss=0.2916
2026-08-20 06:48:56,825 INFO train epoch 49/50 batch 26/66 (39%) running_loss=0.2916
2026-08-20 06:48:57,441 INFO train epoch 49/50 batch 39/66 (59%) running_loss=0.2916
2026-08-20 06:48:58,065 INFO train epoch 49/50 batch 52/66 (79%) running_loss=0.2916
2026-08-20 06:48:58,710 INFO train epoch 49/50 batch 65/66 (98%) running_loss=0.2916
2026-08-20 06:48:58,745 INFO train epoch 49/50 batch 66/66 (100%) running_loss=0.2916
2026-08-20 06:48:59,758 INFO epoch 49/50 done: train_loss=0.2916 val_loss=0.2673 val_accuracy=0.9098 val_macro_f1=0.8711 val_macro_auc=0.9770 (checkpoint_metric=macro_auc)
2026-08-20 06:49:00,695 INFO train epoch 50/50 batch 13/66 (20%) running_loss=0.2916
2026-08-20 06:49:01,361 INFO train epoch 50/50 batch 26/66 (39%) running_loss=0.2916
2026-08-20 06:49:02,090 INFO train epoch 50/50 batch 39/66 (59%) running_loss=0.2916
2026-08-20 06:49:02,790 INFO train epoch 50/50 batch 52/66 (79%) running_loss=0.2916
2026-08-20 06:49:03,448 INFO train epoch 50/50 batch 65/66 (98%) running_loss=0.2916
2026-08-20 06:49:03,480 INFO train epoch 50/50 batch 66/66 (100%) running_loss=0.2916
2026-08-20 06:49:04,480 INFO epoch 50/50 done: train_loss=0.2916 val_loss=0.2673 val_accuracy=0.9098 val_macro_f1=0.8711 val_macro_auc=0.9770 (checkpoint_metric=macro_auc)
2026-08-20 06:49:04,633 INFO Training finished. Best epoch=8, smoothed macro_auc=0.9817 (window=3)
2026-08-20 06:49:06,231 INFO Test set evaluated once: accuracy=0.8502 macro_f1=0.8404 macro_auc=0.9519
2026-08-20 06:49:06,801 INFO Model size: 21.57M params, 0.796 GFLOPs at 96x96
