Starting final training on device=cuda, amp=True, physical_batch_size=32, accumulation_steps=1, effective_batch_size=32
Augmentation policy: constant strength (rank-averaged), from outputs/main1/augmentation_run/selected_policy.json
Classes: {'glioma_tumor': 0, 'meningioma_tumor': 1, 'pituitary_tumor': 2}
Regularization: weight_decay=7.0e-04 classifier_dropout=0.30 label_smoothing=0.10 drop_path=0.20
Magnitude bounds from configs/bounds_wide.json: {'rotation': [0.0, 45.0], 'affine_translation': [0.0, 0.16], 'random_resized_crop': [0.0, 0.35]}
Constant strengths: {'rotation': 0.0675, 'affine_translation': 0.2256, 'random_resized_crop': 0.516, 'brightness': 0.4195, 'contrast': 0.123, 'horizontal_flip': 0.5366, 'random_erasing': 0.1828}
train epoch 1/200 batch 13/66 (20%) running_loss=1.1364
train epoch 1/200 batch 26/66 (39%) running_loss=1.1298
train epoch 1/200 batch 39/66 (59%) running_loss=1.1253
train epoch 1/200 batch 52/66 (79%) running_loss=1.1436
train epoch 1/200 batch 65/66 (98%) running_loss=1.1499
train epoch 1/200 batch 66/66 (100%) running_loss=1.1498
epoch 1/200 done: train_loss=1.1498 val_loss=1.0409 val_accuracy=0.5061 val_macro_f1=0.2240 val_macro_auc=0.4801 (checkpoint_metric=macro_auc) [new best]
train epoch 2/200 batch 13/66 (20%) running_loss=1.2757
train epoch 2/200 batch 26/66 (39%) running_loss=1.2145
train epoch 2/200 batch 39/66 (59%) running_loss=1.2282
train epoch 2/200 batch 52/66 (79%) running_loss=1.2164
train epoch 2/200 batch 65/66 (98%) running_loss=1.2039
train epoch 2/200 batch 66/66 (100%) running_loss=1.2038
epoch 2/200 done: train_loss=1.2038 val_loss=1.0063 val_accuracy=0.5061 val_macro_f1=0.2240 val_macro_auc=0.6113 (checkpoint_metric=macro_auc) [new best]
train epoch 3/200 batch 13/66 (20%) running_loss=1.1730
train epoch 3/200 batch 26/66 (39%) running_loss=1.1676
train epoch 3/200 batch 39/66 (59%) running_loss=1.1693
train epoch 3/200 batch 52/66 (79%) running_loss=1.1590
train epoch 3/200 batch 65/66 (98%) running_loss=1.1500
train epoch 3/200 batch 66/66 (100%) running_loss=1.1492
epoch 3/200 done: train_loss=1.1492 val_loss=0.9394 val_accuracy=0.5840 val_macro_f1=0.3598 val_macro_auc=0.7540 (checkpoint_metric=macro_auc) [new best]
train epoch 4/200 batch 13/66 (20%) running_loss=1.0915
train epoch 4/200 batch 26/66 (39%) running_loss=1.0770
train epoch 4/200 batch 39/66 (59%) running_loss=1.0624
train epoch 4/200 batch 52/66 (79%) running_loss=1.0622
train epoch 4/200 batch 65/66 (98%) running_loss=1.0569
train epoch 4/200 batch 66/66 (100%) running_loss=1.0563
epoch 4/200 done: train_loss=1.0563 val_loss=0.8428 val_accuracy=0.6762 val_macro_f1=0.4820 val_macro_auc=0.7510 (checkpoint_metric=macro_auc) [new best]
train epoch 5/200 batch 13/66 (20%) running_loss=1.0608
train epoch 5/200 batch 26/66 (39%) running_loss=1.0324
train epoch 5/200 batch 39/66 (59%) running_loss=1.0238
train epoch 5/200 batch 52/66 (79%) running_loss=1.0125
train epoch 5/200 batch 65/66 (98%) running_loss=1.0083
train epoch 5/200 batch 66/66 (100%) running_loss=1.0075
epoch 5/200 done: train_loss=1.0075 val_loss=0.8452 val_accuracy=0.6742 val_macro_f1=0.4809 val_macro_auc=0.7687 (checkpoint_metric=macro_auc) [new best]
train epoch 6/200 batch 13/66 (20%) running_loss=0.9859
train epoch 6/200 batch 26/66 (39%) running_loss=0.9752
train epoch 6/200 batch 39/66 (59%) running_loss=0.9817
train epoch 6/200 batch 52/66 (79%) running_loss=0.9731
train epoch 6/200 batch 65/66 (98%) running_loss=0.9619
train epoch 6/200 batch 66/66 (100%) running_loss=0.9660
epoch 6/200 done: train_loss=0.9660 val_loss=0.7949 val_accuracy=0.6701 val_macro_f1=0.4752 val_macro_auc=0.7738 (checkpoint_metric=macro_auc) [new best]
train epoch 7/200 batch 13/66 (20%) running_loss=0.9090
train epoch 7/200 batch 26/66 (39%) running_loss=0.9196
train epoch 7/200 batch 39/66 (59%) running_loss=0.9290
train epoch 7/200 batch 52/66 (79%) running_loss=0.9416
train epoch 7/200 batch 65/66 (98%) running_loss=0.9414
train epoch 7/200 batch 66/66 (100%) running_loss=0.9413
epoch 7/200 done: train_loss=0.9413 val_loss=0.8205 val_accuracy=0.6742 val_macro_f1=0.4827 val_macro_auc=0.7598 (checkpoint_metric=macro_auc) [new best]
train epoch 8/200 batch 13/66 (20%) running_loss=0.9733
train epoch 8/200 batch 26/66 (39%) running_loss=0.9605
train epoch 8/200 batch 39/66 (59%) running_loss=0.9487
train epoch 8/200 batch 52/66 (79%) running_loss=0.9321
train epoch 8/200 batch 65/66 (98%) running_loss=0.9246
train epoch 8/200 batch 66/66 (100%) running_loss=0.9248
epoch 8/200 done: train_loss=0.9248 val_loss=0.7971 val_accuracy=0.6803 val_macro_f1=0.4875 val_macro_auc=0.7756 (checkpoint_metric=macro_auc) [new best]
train epoch 9/200 batch 13/66 (20%) running_loss=0.8796
train epoch 9/200 batch 26/66 (39%) running_loss=0.8806
train epoch 9/200 batch 39/66 (59%) running_loss=0.8959
train epoch 9/200 batch 52/66 (79%) running_loss=0.8973
train epoch 9/200 batch 65/66 (98%) running_loss=0.9053
train epoch 9/200 batch 66/66 (100%) running_loss=0.9068
epoch 9/200 done: train_loss=0.9068 val_loss=0.7572 val_accuracy=0.7049 val_macro_f1=0.5073 val_macro_auc=0.8056 (checkpoint_metric=macro_auc) [new best]
train epoch 10/200 batch 13/66 (20%) running_loss=0.9103
train epoch 10/200 batch 26/66 (39%) running_loss=0.9075
train epoch 10/200 batch 39/66 (59%) running_loss=0.8951
train epoch 10/200 batch 52/66 (79%) running_loss=0.8914
train epoch 10/200 batch 65/66 (98%) running_loss=0.8837
train epoch 10/200 batch 66/66 (100%) running_loss=0.8834
epoch 10/200 done: train_loss=0.8834 val_loss=0.7121 val_accuracy=0.7029 val_macro_f1=0.5053 val_macro_auc=0.7916 (checkpoint_metric=macro_auc) [new best]
train epoch 11/200 batch 13/66 (20%) running_loss=0.8938
train epoch 11/200 batch 26/66 (39%) running_loss=0.8975
train epoch 11/200 batch 39/66 (59%) running_loss=0.8825
train epoch 11/200 batch 52/66 (79%) running_loss=0.8800
train epoch 11/200 batch 65/66 (98%) running_loss=0.8689
train epoch 11/200 batch 66/66 (100%) running_loss=0.8679
epoch 11/200 done: train_loss=0.8679 val_loss=0.8025 val_accuracy=0.6844 val_macro_f1=0.4922 val_macro_auc=0.7912 (checkpoint_metric=macro_auc) [new best]
train epoch 12/200 batch 13/66 (20%) running_loss=0.8677
train epoch 12/200 batch 26/66 (39%) running_loss=0.8828
train epoch 12/200 batch 39/66 (59%) running_loss=0.8636
train epoch 12/200 batch 52/66 (79%) running_loss=0.8676
train epoch 12/200 batch 65/66 (98%) running_loss=0.8631
train epoch 12/200 batch 66/66 (100%) running_loss=0.8618
epoch 12/200 done: train_loss=0.8618 val_loss=0.6742 val_accuracy=0.7500 val_macro_f1=0.5410 val_macro_auc=0.8182 (checkpoint_metric=macro_auc) [new best]
train epoch 13/200 batch 13/66 (20%) running_loss=0.8752
train epoch 13/200 batch 26/66 (39%) running_loss=0.8696
train epoch 13/200 batch 39/66 (59%) running_loss=0.8770
train epoch 13/200 batch 52/66 (79%) running_loss=0.8687
train epoch 13/200 batch 65/66 (98%) running_loss=0.8765
train epoch 13/200 batch 66/66 (100%) running_loss=0.8766
epoch 13/200 done: train_loss=0.8766 val_loss=0.7476 val_accuracy=0.7049 val_macro_f1=0.5074 val_macro_auc=0.8035 (checkpoint_metric=macro_auc) [new best]
train epoch 14/200 batch 13/66 (20%) running_loss=0.8554
train epoch 14/200 batch 26/66 (39%) running_loss=0.8659
train epoch 14/200 batch 39/66 (59%) running_loss=0.8652
train epoch 14/200 batch 52/66 (79%) running_loss=0.8644
train epoch 14/200 batch 65/66 (98%) running_loss=0.8621
train epoch 14/200 batch 66/66 (100%) running_loss=0.8605
epoch 14/200 done: train_loss=0.8605 val_loss=0.6673 val_accuracy=0.7275 val_macro_f1=0.5236 val_macro_auc=0.7896 (checkpoint_metric=macro_auc)
train epoch 15/200 batch 13/66 (20%) running_loss=0.8609
train epoch 15/200 batch 26/66 (39%) running_loss=0.8354
train epoch 15/200 batch 39/66 (59%) running_loss=0.8380
train epoch 15/200 batch 52/66 (79%) running_loss=0.8446
train epoch 15/200 batch 65/66 (98%) running_loss=0.8410
train epoch 15/200 batch 66/66 (100%) running_loss=0.8422
epoch 15/200 done: train_loss=0.8422 val_loss=0.6647 val_accuracy=0.7418 val_macro_f1=0.5352 val_macro_auc=0.7925 (checkpoint_metric=macro_auc)
train epoch 16/200 batch 13/66 (20%) running_loss=0.8546
train epoch 16/200 batch 26/66 (39%) running_loss=0.8226
train epoch 16/200 batch 39/66 (59%) running_loss=0.8252
train epoch 16/200 batch 52/66 (79%) running_loss=0.8264
train epoch 16/200 batch 65/66 (98%) running_loss=0.8277
train epoch 16/200 batch 66/66 (100%) running_loss=0.8296
epoch 16/200 done: train_loss=0.8296 val_loss=0.6939 val_accuracy=0.7582 val_macro_f1=0.5481 val_macro_auc=0.8164 (checkpoint_metric=macro_auc)
train epoch 17/200 batch 13/66 (20%) running_loss=0.8429
train epoch 17/200 batch 26/66 (39%) running_loss=0.8255
train epoch 17/200 batch 39/66 (59%) running_loss=0.8307
train epoch 17/200 batch 52/66 (79%) running_loss=0.8207
train epoch 17/200 batch 65/66 (98%) running_loss=0.8227
train epoch 17/200 batch 66/66 (100%) running_loss=0.8216
epoch 17/200 done: train_loss=0.8216 val_loss=0.6842 val_accuracy=0.7582 val_macro_f1=0.5488 val_macro_auc=0.8240 (checkpoint_metric=macro_auc) [new best]
train epoch 18/200 batch 13/66 (20%) running_loss=0.7958
train epoch 18/200 batch 26/66 (39%) running_loss=0.8024
train epoch 18/200 batch 39/66 (59%) running_loss=0.8008
train epoch 18/200 batch 52/66 (79%) running_loss=0.8017
train epoch 18/200 batch 65/66 (98%) running_loss=0.8050
train epoch 18/200 batch 66/66 (100%) running_loss=0.8065
epoch 18/200 done: train_loss=0.8065 val_loss=0.6382 val_accuracy=0.7500 val_macro_f1=0.5405 val_macro_auc=0.8210 (checkpoint_metric=macro_auc) [new best]
train epoch 19/200 batch 13/66 (20%) running_loss=0.8099
train epoch 19/200 batch 26/66 (39%) running_loss=0.7985
train epoch 19/200 batch 39/66 (59%) running_loss=0.8056
train epoch 19/200 batch 52/66 (79%) running_loss=0.8121
train epoch 19/200 batch 65/66 (98%) running_loss=0.8049
train epoch 19/200 batch 66/66 (100%) running_loss=0.8044
epoch 19/200 done: train_loss=0.8044 val_loss=0.5999 val_accuracy=0.7807 val_macro_f1=0.5659 val_macro_auc=0.8394 (checkpoint_metric=macro_auc) [new best]
train epoch 20/200 batch 13/66 (20%) running_loss=0.8387
train epoch 20/200 batch 26/66 (39%) running_loss=0.8138
train epoch 20/200 batch 39/66 (59%) running_loss=0.8081
train epoch 20/200 batch 52/66 (79%) running_loss=0.8037
train epoch 20/200 batch 65/66 (98%) running_loss=0.8074
train epoch 20/200 batch 66/66 (100%) running_loss=0.8069
epoch 20/200 done: train_loss=0.8069 val_loss=0.6698 val_accuracy=0.7480 val_macro_f1=0.5449 val_macro_auc=0.8407 (checkpoint_metric=macro_auc) [new best]
train epoch 21/200 batch 13/66 (20%) running_loss=0.7941
train epoch 21/200 batch 26/66 (39%) running_loss=0.8056
train epoch 21/200 batch 39/66 (59%) running_loss=0.8070
train epoch 21/200 batch 52/66 (79%) running_loss=0.8018
train epoch 21/200 batch 65/66 (98%) running_loss=0.7984
train epoch 21/200 batch 66/66 (100%) running_loss=0.7981
epoch 21/200 done: train_loss=0.7981 val_loss=0.7302 val_accuracy=0.7377 val_macro_f1=0.5309 val_macro_auc=0.8376 (checkpoint_metric=macro_auc) [new best]
train epoch 22/200 batch 13/66 (20%) running_loss=0.8046
train epoch 22/200 batch 26/66 (39%) running_loss=0.8042
train epoch 22/200 batch 39/66 (59%) running_loss=0.8005
train epoch 22/200 batch 52/66 (79%) running_loss=0.7877
train epoch 22/200 batch 65/66 (98%) running_loss=0.7862
train epoch 22/200 batch 66/66 (100%) running_loss=0.7863
epoch 22/200 done: train_loss=0.7863 val_loss=0.6087 val_accuracy=0.7582 val_macro_f1=0.5456 val_macro_auc=0.8403 (checkpoint_metric=macro_auc) [new best]
train epoch 23/200 batch 13/66 (20%) running_loss=0.8081
train epoch 23/200 batch 26/66 (39%) running_loss=0.7952
train epoch 23/200 batch 39/66 (59%) running_loss=0.7881
train epoch 23/200 batch 52/66 (79%) running_loss=0.7928
train epoch 23/200 batch 65/66 (98%) running_loss=0.7900
train epoch 23/200 batch 66/66 (100%) running_loss=0.7908
epoch 23/200 done: train_loss=0.7908 val_loss=0.5436 val_accuracy=0.7807 val_macro_f1=0.5978 val_macro_auc=0.8641 (checkpoint_metric=macro_auc) [new best]
train epoch 24/200 batch 13/66 (20%) running_loss=0.7886
train epoch 24/200 batch 26/66 (39%) running_loss=0.7576
train epoch 24/200 batch 39/66 (59%) running_loss=0.7707
train epoch 24/200 batch 52/66 (79%) running_loss=0.7675
train epoch 24/200 batch 65/66 (98%) running_loss=0.7728
train epoch 24/200 batch 66/66 (100%) running_loss=0.7725
epoch 24/200 done: train_loss=0.7725 val_loss=0.5943 val_accuracy=0.7787 val_macro_f1=0.6373 val_macro_auc=0.8736 (checkpoint_metric=macro_auc) [new best]
train epoch 25/200 batch 13/66 (20%) running_loss=0.7662
train epoch 25/200 batch 26/66 (39%) running_loss=0.7593
train epoch 25/200 batch 39/66 (59%) running_loss=0.7685
train epoch 25/200 batch 52/66 (79%) running_loss=0.7679
train epoch 25/200 batch 65/66 (98%) running_loss=0.7683
train epoch 25/200 batch 66/66 (100%) running_loss=0.7671
epoch 25/200 done: train_loss=0.7671 val_loss=0.6067 val_accuracy=0.7992 val_macro_f1=0.6714 val_macro_auc=0.8949 (checkpoint_metric=macro_auc) [new best]
train epoch 26/200 batch 13/66 (20%) running_loss=0.7400
train epoch 26/200 batch 26/66 (39%) running_loss=0.7549
train epoch 26/200 batch 39/66 (59%) running_loss=0.7444
train epoch 26/200 batch 52/66 (79%) running_loss=0.7557
train epoch 26/200 batch 65/66 (98%) running_loss=0.7574
train epoch 26/200 batch 66/66 (100%) running_loss=0.7574
epoch 26/200 done: train_loss=0.7574 val_loss=0.6364 val_accuracy=0.7561 val_macro_f1=0.5921 val_macro_auc=0.8250 (checkpoint_metric=macro_auc)
train epoch 27/200 batch 13/66 (20%) running_loss=0.7864
train epoch 27/200 batch 26/66 (39%) running_loss=0.7666
train epoch 27/200 batch 39/66 (59%) running_loss=0.7709
train epoch 27/200 batch 52/66 (79%) running_loss=0.7737
train epoch 27/200 batch 65/66 (98%) running_loss=0.7726
train epoch 27/200 batch 66/66 (100%) running_loss=0.7718
epoch 27/200 done: train_loss=0.7718 val_loss=0.5644 val_accuracy=0.8135 val_macro_f1=0.6121 val_macro_auc=0.9111 (checkpoint_metric=macro_auc)
train epoch 28/200 batch 13/66 (20%) running_loss=0.7874
train epoch 28/200 batch 26/66 (39%) running_loss=0.7814
train epoch 28/200 batch 39/66 (59%) running_loss=0.7842
train epoch 28/200 batch 52/66 (79%) running_loss=0.7679
train epoch 28/200 batch 65/66 (98%) running_loss=0.7635
train epoch 28/200 batch 66/66 (100%) running_loss=0.7658
epoch 28/200 done: train_loss=0.7658 val_loss=0.6232 val_accuracy=0.7684 val_macro_f1=0.7122 val_macro_auc=0.9066 (checkpoint_metric=macro_auc) [new best]
train epoch 29/200 batch 13/66 (20%) running_loss=0.7598
train epoch 29/200 batch 26/66 (39%) running_loss=0.7617
train epoch 29/200 batch 39/66 (59%) running_loss=0.7651
train epoch 29/200 batch 52/66 (79%) running_loss=0.7636
train epoch 29/200 batch 65/66 (98%) running_loss=0.7630
train epoch 29/200 batch 66/66 (100%) running_loss=0.7618
epoch 29/200 done: train_loss=0.7618 val_loss=0.5251 val_accuracy=0.7992 val_macro_f1=0.6850 val_macro_auc=0.9027 (checkpoint_metric=macro_auc) [new best]
train epoch 30/200 batch 13/66 (20%) running_loss=0.7674
train epoch 30/200 batch 26/66 (39%) running_loss=0.7579
train epoch 30/200 batch 39/66 (59%) running_loss=0.7576
train epoch 30/200 batch 52/66 (79%) running_loss=0.7480
train epoch 30/200 batch 65/66 (98%) running_loss=0.7484
train epoch 30/200 batch 66/66 (100%) running_loss=0.7477
epoch 30/200 done: train_loss=0.7477 val_loss=0.4438 val_accuracy=0.8443 val_macro_f1=0.7296 val_macro_auc=0.9513 (checkpoint_metric=macro_auc) [new best]
train epoch 31/200 batch 13/66 (20%) running_loss=0.7986
train epoch 31/200 batch 26/66 (39%) running_loss=0.7760
train epoch 31/200 batch 39/66 (59%) running_loss=0.7610
train epoch 31/200 batch 52/66 (79%) running_loss=0.7517
train epoch 31/200 batch 65/66 (98%) running_loss=0.7547
train epoch 31/200 batch 66/66 (100%) running_loss=0.7555
epoch 31/200 done: train_loss=0.7555 val_loss=0.6440 val_accuracy=0.7213 val_macro_f1=0.6761 val_macro_auc=0.8996 (checkpoint_metric=macro_auc)
train epoch 32/200 batch 13/66 (20%) running_loss=0.7305
train epoch 32/200 batch 26/66 (39%) running_loss=0.7403
train epoch 32/200 batch 39/66 (59%) running_loss=0.7517
train epoch 32/200 batch 52/66 (79%) running_loss=0.7575
train epoch 32/200 batch 65/66 (98%) running_loss=0.7460
train epoch 32/200 batch 66/66 (100%) running_loss=0.7455
epoch 32/200 done: train_loss=0.7455 val_loss=0.4926 val_accuracy=0.8217 val_macro_f1=0.7476 val_macro_auc=0.9516 (checkpoint_metric=macro_auc) [new best]
train epoch 33/200 batch 13/66 (20%) running_loss=0.7331
train epoch 33/200 batch 26/66 (39%) running_loss=0.7290
train epoch 33/200 batch 39/66 (59%) running_loss=0.7304
train epoch 33/200 batch 52/66 (79%) running_loss=0.7273
train epoch 33/200 batch 65/66 (98%) running_loss=0.7206
train epoch 33/200 batch 66/66 (100%) running_loss=0.7200
epoch 33/200 done: train_loss=0.7200 val_loss=0.5317 val_accuracy=0.7910 val_macro_f1=0.7671 val_macro_auc=0.9514 (checkpoint_metric=macro_auc) [new best]
train epoch 34/200 batch 13/66 (20%) running_loss=0.7096
train epoch 34/200 batch 26/66 (39%) running_loss=0.7162
train epoch 34/200 batch 39/66 (59%) running_loss=0.7200
train epoch 34/200 batch 52/66 (79%) running_loss=0.7158
train epoch 34/200 batch 65/66 (98%) running_loss=0.7136
train epoch 34/200 batch 66/66 (100%) running_loss=0.7142
epoch 34/200 done: train_loss=0.7142 val_loss=0.5639 val_accuracy=0.7623 val_macro_f1=0.6995 val_macro_auc=0.9174 (checkpoint_metric=macro_auc) [new best]
train epoch 35/200 batch 13/66 (20%) running_loss=0.7341
train epoch 35/200 batch 26/66 (39%) running_loss=0.7076
train epoch 35/200 batch 39/66 (59%) running_loss=0.7170
train epoch 35/200 batch 52/66 (79%) running_loss=0.7125
train epoch 35/200 batch 65/66 (98%) running_loss=0.7202
train epoch 35/200 batch 66/66 (100%) running_loss=0.7208
epoch 35/200 done: train_loss=0.7208 val_loss=0.5574 val_accuracy=0.7910 val_macro_f1=0.7382 val_macro_auc=0.9283 (checkpoint_metric=macro_auc)
train epoch 36/200 batch 13/66 (20%) running_loss=0.7185
train epoch 36/200 batch 26/66 (39%) running_loss=0.7152
train epoch 36/200 batch 39/66 (59%) running_loss=0.7218
train epoch 36/200 batch 52/66 (79%) running_loss=0.7235
train epoch 36/200 batch 65/66 (98%) running_loss=0.7139
train epoch 36/200 batch 66/66 (100%) running_loss=0.7150
epoch 36/200 done: train_loss=0.7150 val_loss=0.3845 val_accuracy=0.8668 val_macro_f1=0.8157 val_macro_auc=0.9684 (checkpoint_metric=macro_auc)
train epoch 37/200 batch 13/66 (20%) running_loss=0.6981
train epoch 37/200 batch 26/66 (39%) running_loss=0.7005
train epoch 37/200 batch 39/66 (59%) running_loss=0.7158
train epoch 37/200 batch 52/66 (79%) running_loss=0.7092
train epoch 37/200 batch 65/66 (98%) running_loss=0.7048
train epoch 37/200 batch 66/66 (100%) running_loss=0.7047
epoch 37/200 done: train_loss=0.7047 val_loss=0.3900 val_accuracy=0.8484 val_macro_f1=0.7514 val_macro_auc=0.9599 (checkpoint_metric=macro_auc) [new best]
train epoch 38/200 batch 13/66 (20%) running_loss=0.7015
train epoch 38/200 batch 26/66 (39%) running_loss=0.7012
train epoch 38/200 batch 39/66 (59%) running_loss=0.6979
train epoch 38/200 batch 52/66 (79%) running_loss=0.6973
train epoch 38/200 batch 65/66 (98%) running_loss=0.6937
train epoch 38/200 batch 66/66 (100%) running_loss=0.6957
epoch 38/200 done: train_loss=0.6957 val_loss=0.7498 val_accuracy=0.7152 val_macro_f1=0.6885 val_macro_auc=0.9387 (checkpoint_metric=macro_auc) [new best]
train epoch 39/200 batch 13/66 (20%) running_loss=0.6811
train epoch 39/200 batch 26/66 (39%) running_loss=0.6849
train epoch 39/200 batch 39/66 (59%) running_loss=0.6843
train epoch 39/200 batch 52/66 (79%) running_loss=0.6822
train epoch 39/200 batch 65/66 (98%) running_loss=0.6790
train epoch 39/200 batch 66/66 (100%) running_loss=0.6784
epoch 39/200 done: train_loss=0.6784 val_loss=0.4190 val_accuracy=0.8381 val_macro_f1=0.7615 val_macro_auc=0.9643 (checkpoint_metric=macro_auc)
train epoch 40/200 batch 13/66 (20%) running_loss=0.7016
train epoch 40/200 batch 26/66 (39%) running_loss=0.6923
train epoch 40/200 batch 39/66 (59%) running_loss=0.6904
train epoch 40/200 batch 52/66 (79%) running_loss=0.6873
train epoch 40/200 batch 65/66 (98%) running_loss=0.6994
train epoch 40/200 batch 66/66 (100%) running_loss=0.7010
epoch 40/200 done: train_loss=0.7010 val_loss=0.4222 val_accuracy=0.8217 val_macro_f1=0.7050 val_macro_auc=0.9574 (checkpoint_metric=macro_auc)
train epoch 41/200 batch 13/66 (20%) running_loss=0.6810
train epoch 41/200 batch 26/66 (39%) running_loss=0.6669
train epoch 41/200 batch 39/66 (59%) running_loss=0.6737
train epoch 41/200 batch 52/66 (79%) running_loss=0.6690
train epoch 41/200 batch 65/66 (98%) running_loss=0.6756
train epoch 41/200 batch 66/66 (100%) running_loss=0.6745
epoch 41/200 done: train_loss=0.6745 val_loss=0.3462 val_accuracy=0.9016 val_macro_f1=0.8633 val_macro_auc=0.9754 (checkpoint_metric=macro_auc) [new best]
train epoch 42/200 batch 13/66 (20%) running_loss=0.6192
train epoch 42/200 batch 26/66 (39%) running_loss=0.6551
train epoch 42/200 batch 39/66 (59%) running_loss=0.6626
train epoch 42/200 batch 52/66 (79%) running_loss=0.6686
train epoch 42/200 batch 65/66 (98%) running_loss=0.6647
train epoch 42/200 batch 66/66 (100%) running_loss=0.6640
epoch 42/200 done: train_loss=0.6640 val_loss=0.4818 val_accuracy=0.8197 val_macro_f1=0.7917 val_macro_auc=0.9627 (checkpoint_metric=macro_auc)
train epoch 43/200 batch 13/66 (20%) running_loss=0.6596
train epoch 43/200 batch 26/66 (39%) running_loss=0.6700
train epoch 43/200 batch 39/66 (59%) running_loss=0.6672
train epoch 43/200 batch 52/66 (79%) running_loss=0.6664
train epoch 43/200 batch 65/66 (98%) running_loss=0.6671
train epoch 43/200 batch 66/66 (100%) running_loss=0.6670
epoch 43/200 done: train_loss=0.6670 val_loss=0.3737 val_accuracy=0.8996 val_macro_f1=0.8588 val_macro_auc=0.9785 (checkpoint_metric=macro_auc) [new best]
train epoch 44/200 batch 13/66 (20%) running_loss=0.6685
train epoch 44/200 batch 26/66 (39%) running_loss=0.6519
train epoch 44/200 batch 39/66 (59%) running_loss=0.6393
train epoch 44/200 batch 52/66 (79%) running_loss=0.6476
train epoch 44/200 batch 65/66 (98%) running_loss=0.6476
train epoch 44/200 batch 66/66 (100%) running_loss=0.6481
epoch 44/200 done: train_loss=0.6481 val_loss=0.4025 val_accuracy=0.8504 val_macro_f1=0.7721 val_macro_auc=0.9634 (checkpoint_metric=macro_auc)
train epoch 45/200 batch 13/66 (20%) running_loss=0.6648
train epoch 45/200 batch 26/66 (39%) running_loss=0.6484
train epoch 45/200 batch 39/66 (59%) running_loss=0.6437
train epoch 45/200 batch 52/66 (79%) running_loss=0.6389
train epoch 45/200 batch 65/66 (98%) running_loss=0.6337
train epoch 45/200 batch 66/66 (100%) running_loss=0.6357
epoch 45/200 done: train_loss=0.6357 val_loss=0.4606 val_accuracy=0.8586 val_macro_f1=0.8228 val_macro_auc=0.9728 (checkpoint_metric=macro_auc)
train epoch 46/200 batch 13/66 (20%) running_loss=0.6330
train epoch 46/200 batch 26/66 (39%) running_loss=0.6413
train epoch 46/200 batch 39/66 (59%) running_loss=0.6362
train epoch 46/200 batch 52/66 (79%) running_loss=0.6303
train epoch 46/200 batch 65/66 (98%) running_loss=0.6254
train epoch 46/200 batch 66/66 (100%) running_loss=0.6257
epoch 46/200 done: train_loss=0.6257 val_loss=0.4491 val_accuracy=0.8545 val_macro_f1=0.8099 val_macro_auc=0.9727 (checkpoint_metric=macro_auc)
train epoch 47/200 batch 13/66 (20%) running_loss=0.6179
train epoch 47/200 batch 26/66 (39%) running_loss=0.6088
train epoch 47/200 batch 39/66 (59%) running_loss=0.6325
train epoch 47/200 batch 52/66 (79%) running_loss=0.6349
train epoch 47/200 batch 65/66 (98%) running_loss=0.6360
train epoch 47/200 batch 66/66 (100%) running_loss=0.6354
epoch 47/200 done: train_loss=0.6354 val_loss=0.4367 val_accuracy=0.8258 val_macro_f1=0.7939 val_macro_auc=0.9705 (checkpoint_metric=macro_auc)
train epoch 48/200 batch 13/66 (20%) running_loss=0.6148
train epoch 48/200 batch 26/66 (39%) running_loss=0.6236
train epoch 48/200 batch 39/66 (59%) running_loss=0.6186
train epoch 48/200 batch 52/66 (79%) running_loss=0.6225
train epoch 48/200 batch 65/66 (98%) running_loss=0.6248
train epoch 48/200 batch 66/66 (100%) running_loss=0.6245
epoch 48/200 done: train_loss=0.6245 val_loss=0.3777 val_accuracy=0.8893 val_macro_f1=0.8595 val_macro_auc=0.9783 (checkpoint_metric=macro_auc) [new best]
train epoch 49/200 batch 13/66 (20%) running_loss=0.5974
train epoch 49/200 batch 26/66 (39%) running_loss=0.6043
train epoch 49/200 batch 39/66 (59%) running_loss=0.6210
train epoch 49/200 batch 52/66 (79%) running_loss=0.6224
train epoch 49/200 batch 65/66 (98%) running_loss=0.6174
train epoch 49/200 batch 66/66 (100%) running_loss=0.6174
epoch 49/200 done: train_loss=0.6174 val_loss=0.3465 val_accuracy=0.8996 val_macro_f1=0.8596 val_macro_auc=0.9775 (checkpoint_metric=macro_auc) [new best]
train epoch 50/200 batch 13/66 (20%) running_loss=0.6447
train epoch 50/200 batch 26/66 (39%) running_loss=0.6400
train epoch 50/200 batch 39/66 (59%) running_loss=0.6350
train epoch 50/200 batch 52/66 (79%) running_loss=0.6297
train epoch 50/200 batch 65/66 (98%) running_loss=0.6188
train epoch 50/200 batch 66/66 (100%) running_loss=0.6195
epoch 50/200 done: train_loss=0.6195 val_loss=0.3124 val_accuracy=0.9139 val_macro_f1=0.8848 val_macro_auc=0.9858 (checkpoint_metric=macro_auc) [new best]
train epoch 51/200 batch 13/66 (20%) running_loss=0.6016
train epoch 51/200 batch 26/66 (39%) running_loss=0.5950
train epoch 51/200 batch 39/66 (59%) running_loss=0.6027
train epoch 51/200 batch 52/66 (79%) running_loss=0.6006
train epoch 51/200 batch 65/66 (98%) running_loss=0.6030
train epoch 51/200 batch 66/66 (100%) running_loss=0.6046
epoch 51/200 done: train_loss=0.6046 val_loss=0.3327 val_accuracy=0.8914 val_macro_f1=0.8602 val_macro_auc=0.9837 (checkpoint_metric=macro_auc) [new best]
train epoch 52/200 batch 13/66 (20%) running_loss=0.5490
train epoch 52/200 batch 26/66 (39%) running_loss=0.5695
train epoch 52/200 batch 39/66 (59%) running_loss=0.5702
train epoch 52/200 batch 52/66 (79%) running_loss=0.5829
train epoch 52/200 batch 65/66 (98%) running_loss=0.5934
train epoch 52/200 batch 66/66 (100%) running_loss=0.5927
epoch 52/200 done: train_loss=0.5927 val_loss=0.3042 val_accuracy=0.9139 val_macro_f1=0.8862 val_macro_auc=0.9858 (checkpoint_metric=macro_auc) [new best]
train epoch 53/200 batch 13/66 (20%) running_loss=0.5651
train epoch 53/200 batch 26/66 (39%) running_loss=0.5915
train epoch 53/200 batch 39/66 (59%) running_loss=0.5804
train epoch 53/200 batch 52/66 (79%) running_loss=0.5903
train epoch 53/200 batch 65/66 (98%) running_loss=0.5850
train epoch 53/200 batch 66/66 (100%) running_loss=0.5847
epoch 53/200 done: train_loss=0.5847 val_loss=0.2932 val_accuracy=0.9098 val_macro_f1=0.8718 val_macro_auc=0.9821 (checkpoint_metric=macro_auc)
train epoch 54/200 batch 13/66 (20%) running_loss=0.5580
train epoch 54/200 batch 26/66 (39%) running_loss=0.5613
train epoch 54/200 batch 39/66 (59%) running_loss=0.5705
train epoch 54/200 batch 52/66 (79%) running_loss=0.5729
train epoch 54/200 batch 65/66 (98%) running_loss=0.5784
train epoch 54/200 batch 66/66 (100%) running_loss=0.5790
epoch 54/200 done: train_loss=0.5790 val_loss=0.3523 val_accuracy=0.9098 val_macro_f1=0.8857 val_macro_auc=0.9863 (checkpoint_metric=macro_auc)
train epoch 55/200 batch 13/66 (20%) running_loss=0.5829
train epoch 55/200 batch 26/66 (39%) running_loss=0.5740
train epoch 55/200 batch 39/66 (59%) running_loss=0.5644
train epoch 55/200 batch 52/66 (79%) running_loss=0.5831
train epoch 55/200 batch 65/66 (98%) running_loss=0.5784
train epoch 55/200 batch 66/66 (100%) running_loss=0.5779
epoch 55/200 done: train_loss=0.5779 val_loss=0.3014 val_accuracy=0.9037 val_macro_f1=0.8533 val_macro_auc=0.9844 (checkpoint_metric=macro_auc)
train epoch 56/200 batch 13/66 (20%) running_loss=0.5488
train epoch 56/200 batch 26/66 (39%) running_loss=0.5455
train epoch 56/200 batch 39/66 (59%) running_loss=0.5473
train epoch 56/200 batch 52/66 (79%) running_loss=0.5554
train epoch 56/200 batch 65/66 (98%) running_loss=0.5659
train epoch 56/200 batch 66/66 (100%) running_loss=0.5662
epoch 56/200 done: train_loss=0.5662 val_loss=0.3601 val_accuracy=0.8975 val_macro_f1=0.8709 val_macro_auc=0.9869 (checkpoint_metric=macro_auc) [new best]
train epoch 57/200 batch 13/66 (20%) running_loss=0.5725
train epoch 57/200 batch 26/66 (39%) running_loss=0.5953
train epoch 57/200 batch 39/66 (59%) running_loss=0.5965
train epoch 57/200 batch 52/66 (79%) running_loss=0.5939
train epoch 57/200 batch 65/66 (98%) running_loss=0.5909
train epoch 57/200 batch 66/66 (100%) running_loss=0.5910
epoch 57/200 done: train_loss=0.5910 val_loss=0.3497 val_accuracy=0.8873 val_macro_f1=0.8608 val_macro_auc=0.9833 (checkpoint_metric=macro_auc)
train epoch 58/200 batch 13/66 (20%) running_loss=0.5912
train epoch 58/200 batch 26/66 (39%) running_loss=0.5851
train epoch 58/200 batch 39/66 (59%) running_loss=0.5790
train epoch 58/200 batch 52/66 (79%) running_loss=0.5738
train epoch 58/200 batch 65/66 (98%) running_loss=0.5679
train epoch 58/200 batch 66/66 (100%) running_loss=0.5668
epoch 58/200 done: train_loss=0.5668 val_loss=0.2670 val_accuracy=0.9262 val_macro_f1=0.8845 val_macro_auc=0.9894 (checkpoint_metric=macro_auc) [new best]
train epoch 59/200 batch 13/66 (20%) running_loss=0.5620
train epoch 59/200 batch 26/66 (39%) running_loss=0.5483
train epoch 59/200 batch 39/66 (59%) running_loss=0.5556
train epoch 59/200 batch 52/66 (79%) running_loss=0.5627
train epoch 59/200 batch 65/66 (98%) running_loss=0.5760
train epoch 59/200 batch 66/66 (100%) running_loss=0.5761
epoch 59/200 done: train_loss=0.5761 val_loss=0.3215 val_accuracy=0.9201 val_macro_f1=0.8958 val_macro_auc=0.9867 (checkpoint_metric=macro_auc)
train epoch 60/200 batch 13/66 (20%) running_loss=0.6019
train epoch 60/200 batch 26/66 (39%) running_loss=0.5879
train epoch 60/200 batch 39/66 (59%) running_loss=0.5799
train epoch 60/200 batch 52/66 (79%) running_loss=0.5744
train epoch 60/200 batch 65/66 (98%) running_loss=0.5701
train epoch 60/200 batch 66/66 (100%) running_loss=0.5709
epoch 60/200 done: train_loss=0.5709 val_loss=0.2765 val_accuracy=0.9262 val_macro_f1=0.8857 val_macro_auc=0.9826 (checkpoint_metric=macro_auc)
train epoch 61/200 batch 13/66 (20%) running_loss=0.5698
train epoch 61/200 batch 26/66 (39%) running_loss=0.5762
train epoch 61/200 batch 39/66 (59%) running_loss=0.5819
train epoch 61/200 batch 52/66 (79%) running_loss=0.5711
train epoch 61/200 batch 65/66 (98%) running_loss=0.5646
train epoch 61/200 batch 66/66 (100%) running_loss=0.5632
epoch 61/200 done: train_loss=0.5632 val_loss=0.3022 val_accuracy=0.9016 val_macro_f1=0.8737 val_macro_auc=0.9851 (checkpoint_metric=macro_auc)
train epoch 62/200 batch 13/66 (20%) running_loss=0.5171
train epoch 62/200 batch 26/66 (39%) running_loss=0.5413
train epoch 62/200 batch 39/66 (59%) running_loss=0.5563
train epoch 62/200 batch 52/66 (79%) running_loss=0.5523
train epoch 62/200 batch 65/66 (98%) running_loss=0.5498
train epoch 62/200 batch 66/66 (100%) running_loss=0.5491
epoch 62/200 done: train_loss=0.5491 val_loss=0.3847 val_accuracy=0.8648 val_macro_f1=0.8351 val_macro_auc=0.9786 (checkpoint_metric=macro_auc)
train epoch 63/200 batch 13/66 (20%) running_loss=0.5094
train epoch 63/200 batch 26/66 (39%) running_loss=0.5149
train epoch 63/200 batch 39/66 (59%) running_loss=0.5161
train epoch 63/200 batch 52/66 (79%) running_loss=0.5358
train epoch 63/200 batch 65/66 (98%) running_loss=0.5361
train epoch 63/200 batch 66/66 (100%) running_loss=0.5360
epoch 63/200 done: train_loss=0.5360 val_loss=0.3334 val_accuracy=0.8975 val_macro_f1=0.8610 val_macro_auc=0.9868 (checkpoint_metric=macro_auc)
train epoch 64/200 batch 13/66 (20%) running_loss=0.5302
train epoch 64/200 batch 26/66 (39%) running_loss=0.5427
train epoch 64/200 batch 39/66 (59%) running_loss=0.5413
train epoch 64/200 batch 52/66 (79%) running_loss=0.5394
train epoch 64/200 batch 65/66 (98%) running_loss=0.5428
train epoch 64/200 batch 66/66 (100%) running_loss=0.5431
epoch 64/200 done: train_loss=0.5431 val_loss=0.3113 val_accuracy=0.8955 val_macro_f1=0.8717 val_macro_auc=0.9864 (checkpoint_metric=macro_auc)
train epoch 65/200 batch 13/66 (20%) running_loss=0.5633
train epoch 65/200 batch 26/66 (39%) running_loss=0.5581
train epoch 65/200 batch 39/66 (59%) running_loss=0.5627
train epoch 65/200 batch 52/66 (79%) running_loss=0.5593
train epoch 65/200 batch 65/66 (98%) running_loss=0.5544
train epoch 65/200 batch 66/66 (100%) running_loss=0.5531
epoch 65/200 done: train_loss=0.5531 val_loss=0.3067 val_accuracy=0.9037 val_macro_f1=0.8654 val_macro_auc=0.9769 (checkpoint_metric=macro_auc)
train epoch 66/200 batch 13/66 (20%) running_loss=0.5658
train epoch 66/200 batch 26/66 (39%) running_loss=0.5626
train epoch 66/200 batch 39/66 (59%) running_loss=0.5705
train epoch 66/200 batch 52/66 (79%) running_loss=0.5631
train epoch 66/200 batch 65/66 (98%) running_loss=0.5543
train epoch 66/200 batch 66/66 (100%) running_loss=0.5538
epoch 66/200 done: train_loss=0.5538 val_loss=0.3035 val_accuracy=0.8934 val_macro_f1=0.8474 val_macro_auc=0.9797 (checkpoint_metric=macro_auc)
train epoch 67/200 batch 13/66 (20%) running_loss=0.5538
train epoch 67/200 batch 26/66 (39%) running_loss=0.5370
train epoch 67/200 batch 39/66 (59%) running_loss=0.5479
train epoch 67/200 batch 52/66 (79%) running_loss=0.5427
train epoch 67/200 batch 65/66 (98%) running_loss=0.5453
train epoch 67/200 batch 66/66 (100%) running_loss=0.5463
epoch 67/200 done: train_loss=0.5463 val_loss=0.3337 val_accuracy=0.8996 val_macro_f1=0.8779 val_macro_auc=0.9839 (checkpoint_metric=macro_auc)
train epoch 68/200 batch 13/66 (20%) running_loss=0.5509
train epoch 68/200 batch 26/66 (39%) running_loss=0.5510
train epoch 68/200 batch 39/66 (59%) running_loss=0.5479
train epoch 68/200 batch 52/66 (79%) running_loss=0.5464
train epoch 68/200 batch 65/66 (98%) running_loss=0.5443
train epoch 68/200 batch 66/66 (100%) running_loss=0.5460
epoch 68/200 done: train_loss=0.5460 val_loss=0.2895 val_accuracy=0.9057 val_macro_f1=0.8770 val_macro_auc=0.9861 (checkpoint_metric=macro_auc)
train epoch 69/200 batch 13/66 (20%) running_loss=0.5414
train epoch 69/200 batch 26/66 (39%) running_loss=0.5482
train epoch 69/200 batch 39/66 (59%) running_loss=0.5442
train epoch 69/200 batch 52/66 (79%) running_loss=0.5387
train epoch 69/200 batch 65/66 (98%) running_loss=0.5341
train epoch 69/200 batch 66/66 (100%) running_loss=0.5337
epoch 69/200 done: train_loss=0.5337 val_loss=0.3076 val_accuracy=0.8934 val_macro_f1=0.8524 val_macro_auc=0.9788 (checkpoint_metric=macro_auc)
train epoch 70/200 batch 13/66 (20%) running_loss=0.5699
train epoch 70/200 batch 26/66 (39%) running_loss=0.5494
train epoch 70/200 batch 39/66 (59%) running_loss=0.5393
train epoch 70/200 batch 52/66 (79%) running_loss=0.5380
train epoch 70/200 batch 65/66 (98%) running_loss=0.5347
train epoch 70/200 batch 66/66 (100%) running_loss=0.5339
epoch 70/200 done: train_loss=0.5339 val_loss=0.2899 val_accuracy=0.9057 val_macro_f1=0.8905 val_macro_auc=0.9902 (checkpoint_metric=macro_auc)
train epoch 71/200 batch 13/66 (20%) running_loss=0.5221
train epoch 71/200 batch 26/66 (39%) running_loss=0.5206
train epoch 71/200 batch 39/66 (59%) running_loss=0.5173
train epoch 71/200 batch 52/66 (79%) running_loss=0.5228
train epoch 71/200 batch 65/66 (98%) running_loss=0.5358
train epoch 71/200 batch 66/66 (100%) running_loss=0.5369
epoch 71/200 done: train_loss=0.5369 val_loss=0.2689 val_accuracy=0.9180 val_macro_f1=0.8918 val_macro_auc=0.9902 (checkpoint_metric=macro_auc)
train epoch 72/200 batch 13/66 (20%) running_loss=0.5523
train epoch 72/200 batch 26/66 (39%) running_loss=0.5423
train epoch 72/200 batch 39/66 (59%) running_loss=0.5426
train epoch 72/200 batch 52/66 (79%) running_loss=0.5289
train epoch 72/200 batch 65/66 (98%) running_loss=0.5212
train epoch 72/200 batch 66/66 (100%) running_loss=0.5216
epoch 72/200 done: train_loss=0.5216 val_loss=0.2631 val_accuracy=0.9119 val_macro_f1=0.8626 val_macro_auc=0.9862 (checkpoint_metric=macro_auc) [new best]
train epoch 73/200 batch 13/66 (20%) running_loss=0.4792
train epoch 73/200 batch 26/66 (39%) running_loss=0.5010
train epoch 73/200 batch 39/66 (59%) running_loss=0.5237
train epoch 73/200 batch 52/66 (79%) running_loss=0.5168
train epoch 73/200 batch 65/66 (98%) running_loss=0.5187
train epoch 73/200 batch 66/66 (100%) running_loss=0.5188
epoch 73/200 done: train_loss=0.5188 val_loss=0.2563 val_accuracy=0.9426 val_macro_f1=0.9168 val_macro_auc=0.9929 (checkpoint_metric=macro_auc) [new best]
train epoch 74/200 batch 13/66 (20%) running_loss=0.5357
train epoch 74/200 batch 26/66 (39%) running_loss=0.5003
train epoch 74/200 batch 39/66 (59%) running_loss=0.5069
train epoch 74/200 batch 52/66 (79%) running_loss=0.5120
train epoch 74/200 batch 65/66 (98%) running_loss=0.5236
train epoch 74/200 batch 66/66 (100%) running_loss=0.5231
epoch 74/200 done: train_loss=0.5231 val_loss=0.3202 val_accuracy=0.9057 val_macro_f1=0.8583 val_macro_auc=0.9729 (checkpoint_metric=macro_auc)
train epoch 75/200 batch 13/66 (20%) running_loss=0.5429
train epoch 75/200 batch 26/66 (39%) running_loss=0.5320
train epoch 75/200 batch 39/66 (59%) running_loss=0.5404
train epoch 75/200 batch 52/66 (79%) running_loss=0.5326
train epoch 75/200 batch 65/66 (98%) running_loss=0.5287
train epoch 75/200 batch 66/66 (100%) running_loss=0.5288
epoch 75/200 done: train_loss=0.5288 val_loss=0.3440 val_accuracy=0.8996 val_macro_f1=0.8607 val_macro_auc=0.9831 (checkpoint_metric=macro_auc)
train epoch 76/200 batch 13/66 (20%) running_loss=0.5085
train epoch 76/200 batch 26/66 (39%) running_loss=0.5058
train epoch 76/200 batch 39/66 (59%) running_loss=0.5032
train epoch 76/200 batch 52/66 (79%) running_loss=0.5034
train epoch 76/200 batch 65/66 (98%) running_loss=0.5014
train epoch 76/200 batch 66/66 (100%) running_loss=0.5022
epoch 76/200 done: train_loss=0.5022 val_loss=0.2824 val_accuracy=0.9242 val_macro_f1=0.8910 val_macro_auc=0.9895 (checkpoint_metric=macro_auc)
train epoch 77/200 batch 13/66 (20%) running_loss=0.5189
train epoch 77/200 batch 26/66 (39%) running_loss=0.5109
train epoch 77/200 batch 39/66 (59%) running_loss=0.5097
train epoch 77/200 batch 52/66 (79%) running_loss=0.5104
train epoch 77/200 batch 65/66 (98%) running_loss=0.5205
train epoch 77/200 batch 66/66 (100%) running_loss=0.5206
epoch 77/200 done: train_loss=0.5206 val_loss=0.3264 val_accuracy=0.9119 val_macro_f1=0.8848 val_macro_auc=0.9878 (checkpoint_metric=macro_auc)
train epoch 78/200 batch 13/66 (20%) running_loss=0.5188
train epoch 78/200 batch 26/66 (39%) running_loss=0.5197
train epoch 78/200 batch 39/66 (59%) running_loss=0.5129
train epoch 78/200 batch 52/66 (79%) running_loss=0.5096
train epoch 78/200 batch 65/66 (98%) running_loss=0.5117
train epoch 78/200 batch 66/66 (100%) running_loss=0.5135
epoch 78/200 done: train_loss=0.5135 val_loss=0.2713 val_accuracy=0.9262 val_macro_f1=0.8988 val_macro_auc=0.9904 (checkpoint_metric=macro_auc)
train epoch 79/200 batch 13/66 (20%) running_loss=0.5113
train epoch 79/200 batch 26/66 (39%) running_loss=0.5340
train epoch 79/200 batch 39/66 (59%) running_loss=0.5472
train epoch 79/200 batch 52/66 (79%) running_loss=0.5377
train epoch 79/200 batch 65/66 (98%) running_loss=0.5309
train epoch 79/200 batch 66/66 (100%) running_loss=0.5293
epoch 79/200 done: train_loss=0.5293 val_loss=0.2533 val_accuracy=0.9324 val_macro_f1=0.9102 val_macro_auc=0.9897 (checkpoint_metric=macro_auc)
train epoch 80/200 batch 13/66 (20%) running_loss=0.4982
train epoch 80/200 batch 26/66 (39%) running_loss=0.4879
train epoch 80/200 batch 39/66 (59%) running_loss=0.4922
train epoch 80/200 batch 52/66 (79%) running_loss=0.4981
train epoch 80/200 batch 65/66 (98%) running_loss=0.5003
train epoch 80/200 batch 66/66 (100%) running_loss=0.4996
epoch 80/200 done: train_loss=0.4996 val_loss=0.3025 val_accuracy=0.9057 val_macro_f1=0.8660 val_macro_auc=0.9866 (checkpoint_metric=macro_auc)
train epoch 81/200 batch 13/66 (20%) running_loss=0.4925
train epoch 81/200 batch 26/66 (39%) running_loss=0.5419
train epoch 81/200 batch 39/66 (59%) running_loss=0.5320
train epoch 81/200 batch 52/66 (79%) running_loss=0.5269
train epoch 81/200 batch 65/66 (98%) running_loss=0.5200
train epoch 81/200 batch 66/66 (100%) running_loss=0.5198
epoch 81/200 done: train_loss=0.5198 val_loss=0.2238 val_accuracy=0.9303 val_macro_f1=0.8998 val_macro_auc=0.9925 (checkpoint_metric=macro_auc)
train epoch 82/200 batch 13/66 (20%) running_loss=0.4916
train epoch 82/200 batch 26/66 (39%) running_loss=0.5000
train epoch 82/200 batch 39/66 (59%) running_loss=0.4951
train epoch 82/200 batch 52/66 (79%) running_loss=0.4944
train epoch 82/200 batch 65/66 (98%) running_loss=0.4987
train epoch 82/200 batch 66/66 (100%) running_loss=0.4977
epoch 82/200 done: train_loss=0.4977 val_loss=0.2931 val_accuracy=0.9016 val_macro_f1=0.8652 val_macro_auc=0.9824 (checkpoint_metric=macro_auc)
train epoch 83/200 batch 13/66 (20%) running_loss=0.4816
train epoch 83/200 batch 26/66 (39%) running_loss=0.4929
train epoch 83/200 batch 39/66 (59%) running_loss=0.4899
train epoch 83/200 batch 52/66 (79%) running_loss=0.4908
train epoch 83/200 batch 65/66 (98%) running_loss=0.4973
train epoch 83/200 batch 66/66 (100%) running_loss=0.4964
epoch 83/200 done: train_loss=0.4964 val_loss=0.2499 val_accuracy=0.9344 val_macro_f1=0.9083 val_macro_auc=0.9894 (checkpoint_metric=macro_auc)
train epoch 84/200 batch 13/66 (20%) running_loss=0.4658
train epoch 84/200 batch 26/66 (39%) running_loss=0.4872
train epoch 84/200 batch 39/66 (59%) running_loss=0.4831
train epoch 84/200 batch 52/66 (79%) running_loss=0.4903
train epoch 84/200 batch 65/66 (98%) running_loss=0.4937
train epoch 84/200 batch 66/66 (100%) running_loss=0.4956
epoch 84/200 done: train_loss=0.4956 val_loss=0.2300 val_accuracy=0.9324 val_macro_f1=0.9117 val_macro_auc=0.9929 (checkpoint_metric=macro_auc)
train epoch 85/200 batch 13/66 (20%) running_loss=0.5106
train epoch 85/200 batch 26/66 (39%) running_loss=0.5066
train epoch 85/200 batch 39/66 (59%) running_loss=0.4977
train epoch 85/200 batch 52/66 (79%) running_loss=0.4965
train epoch 85/200 batch 65/66 (98%) running_loss=0.5030
train epoch 85/200 batch 66/66 (100%) running_loss=0.5025
epoch 85/200 done: train_loss=0.5025 val_loss=0.3075 val_accuracy=0.8975 val_macro_f1=0.8690 val_macro_auc=0.9873 (checkpoint_metric=macro_auc) [new best]
train epoch 86/200 batch 13/66 (20%) running_loss=0.5033
train epoch 86/200 batch 26/66 (39%) running_loss=0.4994
train epoch 86/200 batch 39/66 (59%) running_loss=0.5020
train epoch 86/200 batch 52/66 (79%) running_loss=0.4969
train epoch 86/200 batch 65/66 (98%) running_loss=0.4889
train epoch 86/200 batch 66/66 (100%) running_loss=0.4876
epoch 86/200 done: train_loss=0.4876 val_loss=0.2814 val_accuracy=0.9098 val_macro_f1=0.8536 val_macro_auc=0.9856 (checkpoint_metric=macro_auc)
train epoch 87/200 batch 13/66 (20%) running_loss=0.4804
train epoch 87/200 batch 26/66 (39%) running_loss=0.4813
train epoch 87/200 batch 39/66 (59%) running_loss=0.4747
train epoch 87/200 batch 52/66 (79%) running_loss=0.4793
train epoch 87/200 batch 65/66 (98%) running_loss=0.4820
train epoch 87/200 batch 66/66 (100%) running_loss=0.4814
epoch 87/200 done: train_loss=0.4814 val_loss=0.2664 val_accuracy=0.9303 val_macro_f1=0.9128 val_macro_auc=0.9907 (checkpoint_metric=macro_auc)
train epoch 88/200 batch 13/66 (20%) running_loss=0.4988
train epoch 88/200 batch 26/66 (39%) running_loss=0.5122
train epoch 88/200 batch 39/66 (59%) running_loss=0.4986
train epoch 88/200 batch 52/66 (79%) running_loss=0.4913
train epoch 88/200 batch 65/66 (98%) running_loss=0.4897
train epoch 88/200 batch 66/66 (100%) running_loss=0.4904
epoch 88/200 done: train_loss=0.4904 val_loss=0.2141 val_accuracy=0.9426 val_macro_f1=0.9144 val_macro_auc=0.9925 (checkpoint_metric=macro_auc)
train epoch 89/200 batch 13/66 (20%) running_loss=0.4457
train epoch 89/200 batch 26/66 (39%) running_loss=0.4568
train epoch 89/200 batch 39/66 (59%) running_loss=0.4601
train epoch 89/200 batch 52/66 (79%) running_loss=0.4635
train epoch 89/200 batch 65/66 (98%) running_loss=0.4677
train epoch 89/200 batch 66/66 (100%) running_loss=0.4700
epoch 89/200 done: train_loss=0.4700 val_loss=0.2900 val_accuracy=0.9201 val_macro_f1=0.8962 val_macro_auc=0.9876 (checkpoint_metric=macro_auc) [new best]
train epoch 90/200 batch 13/66 (20%) running_loss=0.4541
train epoch 90/200 batch 26/66 (39%) running_loss=0.4479
train epoch 90/200 batch 39/66 (59%) running_loss=0.4576
train epoch 90/200 batch 52/66 (79%) running_loss=0.4636
train epoch 90/200 batch 65/66 (98%) running_loss=0.4622
train epoch 90/200 batch 66/66 (100%) running_loss=0.4637
epoch 90/200 done: train_loss=0.4637 val_loss=0.2314 val_accuracy=0.9365 val_macro_f1=0.9154 val_macro_auc=0.9941 (checkpoint_metric=macro_auc) [new best]
train epoch 91/200 batch 13/66 (20%) running_loss=0.4578
train epoch 91/200 batch 26/66 (39%) running_loss=0.4841
train epoch 91/200 batch 39/66 (59%) running_loss=0.5107
train epoch 91/200 batch 52/66 (79%) running_loss=0.5022
train epoch 91/200 batch 65/66 (98%) running_loss=0.4966
train epoch 91/200 batch 66/66 (100%) running_loss=0.4974
epoch 91/200 done: train_loss=0.4974 val_loss=0.2100 val_accuracy=0.9488 val_macro_f1=0.9214 val_macro_auc=0.9939 (checkpoint_metric=macro_auc) [new best]
train epoch 92/200 batch 13/66 (20%) running_loss=0.4712
train epoch 92/200 batch 26/66 (39%) running_loss=0.4599
train epoch 92/200 batch 39/66 (59%) running_loss=0.4621
train epoch 92/200 batch 52/66 (79%) running_loss=0.4667
train epoch 92/200 batch 65/66 (98%) running_loss=0.4689
train epoch 92/200 batch 66/66 (100%) running_loss=0.4687
epoch 92/200 done: train_loss=0.4687 val_loss=0.3009 val_accuracy=0.9098 val_macro_f1=0.8831 val_macro_auc=0.9893 (checkpoint_metric=macro_auc) [new best]
train epoch 93/200 batch 13/66 (20%) running_loss=0.4569
train epoch 93/200 batch 26/66 (39%) running_loss=0.4572
train epoch 93/200 batch 39/66 (59%) running_loss=0.4581
train epoch 93/200 batch 52/66 (79%) running_loss=0.4529
train epoch 93/200 batch 65/66 (98%) running_loss=0.4586
train epoch 93/200 batch 66/66 (100%) running_loss=0.4586
epoch 93/200 done: train_loss=0.4586 val_loss=0.2160 val_accuracy=0.9426 val_macro_f1=0.9188 val_macro_auc=0.9924 (checkpoint_metric=macro_auc)
train epoch 94/200 batch 13/66 (20%) running_loss=0.4491
train epoch 94/200 batch 26/66 (39%) running_loss=0.4397
train epoch 94/200 batch 39/66 (59%) running_loss=0.4508
train epoch 94/200 batch 52/66 (79%) running_loss=0.4596
train epoch 94/200 batch 65/66 (98%) running_loss=0.4607
train epoch 94/200 batch 66/66 (100%) running_loss=0.4617
epoch 94/200 done: train_loss=0.4617 val_loss=0.2487 val_accuracy=0.9488 val_macro_f1=0.9278 val_macro_auc=0.9944 (checkpoint_metric=macro_auc)
train epoch 95/200 batch 13/66 (20%) running_loss=0.4618
train epoch 95/200 batch 26/66 (39%) running_loss=0.4525
train epoch 95/200 batch 39/66 (59%) running_loss=0.4618
train epoch 95/200 batch 52/66 (79%) running_loss=0.4629
train epoch 95/200 batch 65/66 (98%) running_loss=0.4648
train epoch 95/200 batch 66/66 (100%) running_loss=0.4651
epoch 95/200 done: train_loss=0.4651 val_loss=0.2242 val_accuracy=0.9467 val_macro_f1=0.9171 val_macro_auc=0.9939 (checkpoint_metric=macro_auc) [new best]
train epoch 96/200 batch 13/66 (20%) running_loss=0.4435
train epoch 96/200 batch 26/66 (39%) running_loss=0.4394
train epoch 96/200 batch 39/66 (59%) running_loss=0.4538
train epoch 96/200 batch 52/66 (79%) running_loss=0.4599
train epoch 96/200 batch 65/66 (98%) running_loss=0.4681
train epoch 96/200 batch 66/66 (100%) running_loss=0.4682
epoch 96/200 done: train_loss=0.4682 val_loss=0.3001 val_accuracy=0.8975 val_macro_f1=0.8705 val_macro_auc=0.9891 (checkpoint_metric=macro_auc)
train epoch 97/200 batch 13/66 (20%) running_loss=0.4892
train epoch 97/200 batch 26/66 (39%) running_loss=0.4719
train epoch 97/200 batch 39/66 (59%) running_loss=0.4639
train epoch 97/200 batch 52/66 (79%) running_loss=0.4690
train epoch 97/200 batch 65/66 (98%) running_loss=0.4706
train epoch 97/200 batch 66/66 (100%) running_loss=0.4715
epoch 97/200 done: train_loss=0.4715 val_loss=0.2567 val_accuracy=0.9406 val_macro_f1=0.9143 val_macro_auc=0.9908 (checkpoint_metric=macro_auc)
train epoch 98/200 batch 13/66 (20%) running_loss=0.4810
train epoch 98/200 batch 26/66 (39%) running_loss=0.4708
train epoch 98/200 batch 39/66 (59%) running_loss=0.4810
train epoch 98/200 batch 52/66 (79%) running_loss=0.4785
train epoch 98/200 batch 65/66 (98%) running_loss=0.4729
train epoch 98/200 batch 66/66 (100%) running_loss=0.4731
epoch 98/200 done: train_loss=0.4731 val_loss=0.2235 val_accuracy=0.9467 val_macro_f1=0.9248 val_macro_auc=0.9936 (checkpoint_metric=macro_auc)
train epoch 99/200 batch 13/66 (20%) running_loss=0.4851
train epoch 99/200 batch 26/66 (39%) running_loss=0.4583
train epoch 99/200 batch 39/66 (59%) running_loss=0.4661
train epoch 99/200 batch 52/66 (79%) running_loss=0.4665
train epoch 99/200 batch 65/66 (98%) running_loss=0.4659
train epoch 99/200 batch 66/66 (100%) running_loss=0.4670
epoch 99/200 done: train_loss=0.4670 val_loss=0.2246 val_accuracy=0.9467 val_macro_f1=0.9247 val_macro_auc=0.9944 (checkpoint_metric=macro_auc)
train epoch 100/200 batch 13/66 (20%) running_loss=0.4526
train epoch 100/200 batch 26/66 (39%) running_loss=0.4584
train epoch 100/200 batch 39/66 (59%) running_loss=0.4533
train epoch 100/200 batch 52/66 (79%) running_loss=0.4621
train epoch 100/200 batch 65/66 (98%) running_loss=0.4665
train epoch 100/200 batch 66/66 (100%) running_loss=0.4665
epoch 100/200 done: train_loss=0.4665 val_loss=0.2561 val_accuracy=0.9406 val_macro_f1=0.9144 val_macro_auc=0.9905 (checkpoint_metric=macro_auc)
train epoch 101/200 batch 13/66 (20%) running_loss=0.4703
train epoch 101/200 batch 26/66 (39%) running_loss=0.4640
train epoch 101/200 batch 39/66 (59%) running_loss=0.4571
train epoch 101/200 batch 52/66 (79%) running_loss=0.4566
train epoch 101/200 batch 65/66 (98%) running_loss=0.4554
train epoch 101/200 batch 66/66 (100%) running_loss=0.4576
epoch 101/200 done: train_loss=0.4576 val_loss=0.1948 val_accuracy=0.9570 val_macro_f1=0.9365 val_macro_auc=0.9968 (checkpoint_metric=macro_auc) [new best]
train epoch 102/200 batch 13/66 (20%) running_loss=0.4869
train epoch 102/200 batch 26/66 (39%) running_loss=0.4676
train epoch 102/200 batch 39/66 (59%) running_loss=0.4602
train epoch 102/200 batch 52/66 (79%) running_loss=0.4553
train epoch 102/200 batch 65/66 (98%) running_loss=0.4554
train epoch 102/200 batch 66/66 (100%) running_loss=0.4554
epoch 102/200 done: train_loss=0.4554 val_loss=0.2276 val_accuracy=0.9508 val_macro_f1=0.9308 val_macro_auc=0.9922 (checkpoint_metric=macro_auc)
train epoch 103/200 batch 13/66 (20%) running_loss=0.4654
train epoch 103/200 batch 26/66 (39%) running_loss=0.4711
train epoch 103/200 batch 39/66 (59%) running_loss=0.4687
train epoch 103/200 batch 52/66 (79%) running_loss=0.4679
train epoch 103/200 batch 65/66 (98%) running_loss=0.4615
train epoch 103/200 batch 66/66 (100%) running_loss=0.4608
epoch 103/200 done: train_loss=0.4608 val_loss=0.2291 val_accuracy=0.9467 val_macro_f1=0.9262 val_macro_auc=0.9926 (checkpoint_metric=macro_auc)
train epoch 104/200 batch 13/66 (20%) running_loss=0.4841
train epoch 104/200 batch 26/66 (39%) running_loss=0.4715
train epoch 104/200 batch 39/66 (59%) running_loss=0.4746
train epoch 104/200 batch 52/66 (79%) running_loss=0.4710
train epoch 104/200 batch 65/66 (98%) running_loss=0.4675
train epoch 104/200 batch 66/66 (100%) running_loss=0.4686
epoch 104/200 done: train_loss=0.4686 val_loss=0.2350 val_accuracy=0.9467 val_macro_f1=0.9242 val_macro_auc=0.9930 (checkpoint_metric=macro_auc)
train epoch 105/200 batch 13/66 (20%) running_loss=0.4573
train epoch 105/200 batch 26/66 (39%) running_loss=0.4692
train epoch 105/200 batch 39/66 (59%) running_loss=0.4522
train epoch 105/200 batch 52/66 (79%) running_loss=0.4585
train epoch 105/200 batch 65/66 (98%) running_loss=0.4597
train epoch 105/200 batch 66/66 (100%) running_loss=0.4622
epoch 105/200 done: train_loss=0.4622 val_loss=0.2669 val_accuracy=0.9447 val_macro_f1=0.9226 val_macro_auc=0.9924 (checkpoint_metric=macro_auc)
train epoch 106/200 batch 13/66 (20%) running_loss=0.4555
train epoch 106/200 batch 26/66 (39%) running_loss=0.4530
train epoch 106/200 batch 39/66 (59%) running_loss=0.4570
train epoch 106/200 batch 52/66 (79%) running_loss=0.4549
train epoch 106/200 batch 65/66 (98%) running_loss=0.4559
train epoch 106/200 batch 66/66 (100%) running_loss=0.4552
epoch 106/200 done: train_loss=0.4552 val_loss=0.2554 val_accuracy=0.9426 val_macro_f1=0.9298 val_macro_auc=0.9929 (checkpoint_metric=macro_auc)
train epoch 107/200 batch 13/66 (20%) running_loss=0.4781
train epoch 107/200 batch 26/66 (39%) running_loss=0.4632
train epoch 107/200 batch 39/66 (59%) running_loss=0.4562
train epoch 107/200 batch 52/66 (79%) running_loss=0.4628
train epoch 107/200 batch 65/66 (98%) running_loss=0.4548
train epoch 107/200 batch 66/66 (100%) running_loss=0.4559
epoch 107/200 done: train_loss=0.4559 val_loss=0.3198 val_accuracy=0.9057 val_macro_f1=0.8877 val_macro_auc=0.9881 (checkpoint_metric=macro_auc)
train epoch 108/200 batch 13/66 (20%) running_loss=0.4622
train epoch 108/200 batch 26/66 (39%) running_loss=0.4649
train epoch 108/200 batch 39/66 (59%) running_loss=0.4572
train epoch 108/200 batch 52/66 (79%) running_loss=0.4578
train epoch 108/200 batch 65/66 (98%) running_loss=0.4554
train epoch 108/200 batch 66/66 (100%) running_loss=0.4555
epoch 108/200 done: train_loss=0.4555 val_loss=0.2384 val_accuracy=0.9426 val_macro_f1=0.9179 val_macro_auc=0.9927 (checkpoint_metric=macro_auc)
train epoch 109/200 batch 13/66 (20%) running_loss=0.4385
train epoch 109/200 batch 26/66 (39%) running_loss=0.4392
train epoch 109/200 batch 39/66 (59%) running_loss=0.4497
train epoch 109/200 batch 52/66 (79%) running_loss=0.4463
train epoch 109/200 batch 65/66 (98%) running_loss=0.4417
train epoch 109/200 batch 66/66 (100%) running_loss=0.4427
epoch 109/200 done: train_loss=0.4427 val_loss=0.2372 val_accuracy=0.9426 val_macro_f1=0.9304 val_macro_auc=0.9929 (checkpoint_metric=macro_auc)
train epoch 110/200 batch 13/66 (20%) running_loss=0.4336
train epoch 110/200 batch 26/66 (39%) running_loss=0.4489
train epoch 110/200 batch 39/66 (59%) running_loss=0.4575
train epoch 110/200 batch 52/66 (79%) running_loss=0.4578
train epoch 110/200 batch 65/66 (98%) running_loss=0.4537
train epoch 110/200 batch 66/66 (100%) running_loss=0.4533
epoch 110/200 done: train_loss=0.4533 val_loss=0.2863 val_accuracy=0.9180 val_macro_f1=0.8944 val_macro_auc=0.9878 (checkpoint_metric=macro_auc)
train epoch 111/200 batch 13/66 (20%) running_loss=0.4338
train epoch 111/200 batch 26/66 (39%) running_loss=0.4522
train epoch 111/200 batch 39/66 (59%) running_loss=0.4444
train epoch 111/200 batch 52/66 (79%) running_loss=0.4449
train epoch 111/200 batch 65/66 (98%) running_loss=0.4444
train epoch 111/200 batch 66/66 (100%) running_loss=0.4456
epoch 111/200 done: train_loss=0.4456 val_loss=0.2520 val_accuracy=0.9283 val_macro_f1=0.9024 val_macro_auc=0.9900 (checkpoint_metric=macro_auc)
train epoch 112/200 batch 13/66 (20%) running_loss=0.4157
train epoch 112/200 batch 26/66 (39%) running_loss=0.4250
train epoch 112/200 batch 39/66 (59%) running_loss=0.4324
train epoch 112/200 batch 52/66 (79%) running_loss=0.4293
train epoch 112/200 batch 65/66 (98%) running_loss=0.4408
train epoch 112/200 batch 66/66 (100%) running_loss=0.4409
epoch 112/200 done: train_loss=0.4409 val_loss=0.3340 val_accuracy=0.9016 val_macro_f1=0.8767 val_macro_auc=0.9845 (checkpoint_metric=macro_auc)
train epoch 113/200 batch 13/66 (20%) running_loss=0.4375
train epoch 113/200 batch 26/66 (39%) running_loss=0.4349
train epoch 113/200 batch 39/66 (59%) running_loss=0.4375
train epoch 113/200 batch 52/66 (79%) running_loss=0.4354
train epoch 113/200 batch 65/66 (98%) running_loss=0.4426
train epoch 113/200 batch 66/66 (100%) running_loss=0.4419
epoch 113/200 done: train_loss=0.4419 val_loss=0.2864 val_accuracy=0.9201 val_macro_f1=0.8961 val_macro_auc=0.9882 (checkpoint_metric=macro_auc)
train epoch 114/200 batch 13/66 (20%) running_loss=0.4574
train epoch 114/200 batch 26/66 (39%) running_loss=0.4500
train epoch 114/200 batch 39/66 (59%) running_loss=0.4441
train epoch 114/200 batch 52/66 (79%) running_loss=0.4367
train epoch 114/200 batch 65/66 (98%) running_loss=0.4410
train epoch 114/200 batch 66/66 (100%) running_loss=0.4428
epoch 114/200 done: train_loss=0.4428 val_loss=0.2352 val_accuracy=0.9570 val_macro_f1=0.9409 val_macro_auc=0.9961 (checkpoint_metric=macro_auc)
train epoch 115/200 batch 13/66 (20%) running_loss=0.4138
train epoch 115/200 batch 26/66 (39%) running_loss=0.4183
train epoch 115/200 batch 39/66 (59%) running_loss=0.4222
train epoch 115/200 batch 52/66 (79%) running_loss=0.4299
train epoch 115/200 batch 65/66 (98%) running_loss=0.4323
train epoch 115/200 batch 66/66 (100%) running_loss=0.4339
epoch 115/200 done: train_loss=0.4339 val_loss=0.2389 val_accuracy=0.9447 val_macro_f1=0.9259 val_macro_auc=0.9945 (checkpoint_metric=macro_auc)
train epoch 116/200 batch 13/66 (20%) running_loss=0.3841
train epoch 116/200 batch 26/66 (39%) running_loss=0.3966
train epoch 116/200 batch 39/66 (59%) running_loss=0.4134
train epoch 116/200 batch 52/66 (79%) running_loss=0.4107
train epoch 116/200 batch 65/66 (98%) running_loss=0.4178
train epoch 116/200 batch 66/66 (100%) running_loss=0.4179
epoch 116/200 done: train_loss=0.4179 val_loss=0.2740 val_accuracy=0.9201 val_macro_f1=0.8890 val_macro_auc=0.9840 (checkpoint_metric=macro_auc)
train epoch 117/200 batch 13/66 (20%) running_loss=0.4139
train epoch 117/200 batch 26/66 (39%) running_loss=0.4259
train epoch 117/200 batch 39/66 (59%) running_loss=0.4289
train epoch 117/200 batch 52/66 (79%) running_loss=0.4203
train epoch 117/200 batch 65/66 (98%) running_loss=0.4261
train epoch 117/200 batch 66/66 (100%) running_loss=0.4261
epoch 117/200 done: train_loss=0.4261 val_loss=0.2132 val_accuracy=0.9488 val_macro_f1=0.9252 val_macro_auc=0.9938 (checkpoint_metric=macro_auc)
train epoch 118/200 batch 13/66 (20%) running_loss=0.4141
train epoch 118/200 batch 26/66 (39%) running_loss=0.4268
train epoch 118/200 batch 39/66 (59%) running_loss=0.4293
train epoch 118/200 batch 52/66 (79%) running_loss=0.4304
train epoch 118/200 batch 65/66 (98%) running_loss=0.4296
train epoch 118/200 batch 66/66 (100%) running_loss=0.4289
epoch 118/200 done: train_loss=0.4289 val_loss=0.2609 val_accuracy=0.9283 val_macro_f1=0.9120 val_macro_auc=0.9912 (checkpoint_metric=macro_auc)
train epoch 119/200 batch 13/66 (20%) running_loss=0.4480
train epoch 119/200 batch 26/66 (39%) running_loss=0.4319
train epoch 119/200 batch 39/66 (59%) running_loss=0.4294
train epoch 119/200 batch 52/66 (79%) running_loss=0.4370
train epoch 119/200 batch 65/66 (98%) running_loss=0.4373
train epoch 119/200 batch 66/66 (100%) running_loss=0.4363
epoch 119/200 done: train_loss=0.4363 val_loss=0.2290 val_accuracy=0.9529 val_macro_f1=0.9353 val_macro_auc=0.9921 (checkpoint_metric=macro_auc)
train epoch 120/200 batch 13/66 (20%) running_loss=0.4291
train epoch 120/200 batch 26/66 (39%) running_loss=0.4309
train epoch 120/200 batch 39/66 (59%) running_loss=0.4322
train epoch 120/200 batch 52/66 (79%) running_loss=0.4326
train epoch 120/200 batch 65/66 (98%) running_loss=0.4299
train epoch 120/200 batch 66/66 (100%) running_loss=0.4305
epoch 120/200 done: train_loss=0.4305 val_loss=0.2033 val_accuracy=0.9447 val_macro_f1=0.9219 val_macro_auc=0.9954 (checkpoint_metric=macro_auc)
train epoch 121/200 batch 13/66 (20%) running_loss=0.4128
train epoch 121/200 batch 26/66 (39%) running_loss=0.4243
train epoch 121/200 batch 39/66 (59%) running_loss=0.4203
train epoch 121/200 batch 52/66 (79%) running_loss=0.4187
train epoch 121/200 batch 65/66 (98%) running_loss=0.4196
train epoch 121/200 batch 66/66 (100%) running_loss=0.4191
epoch 121/200 done: train_loss=0.4191 val_loss=0.2084 val_accuracy=0.9590 val_macro_f1=0.9398 val_macro_auc=0.9952 (checkpoint_metric=macro_auc) [new best]
train epoch 122/200 batch 13/66 (20%) running_loss=0.4257
train epoch 122/200 batch 26/66 (39%) running_loss=0.4495
train epoch 122/200 batch 39/66 (59%) running_loss=0.4523
train epoch 122/200 batch 52/66 (79%) running_loss=0.4478
train epoch 122/200 batch 65/66 (98%) running_loss=0.4423
train epoch 122/200 batch 66/66 (100%) running_loss=0.4423
epoch 122/200 done: train_loss=0.4423 val_loss=0.2085 val_accuracy=0.9570 val_macro_f1=0.9358 val_macro_auc=0.9957 (checkpoint_metric=macro_auc) [new best]
train epoch 123/200 batch 13/66 (20%) running_loss=0.4201
train epoch 123/200 batch 26/66 (39%) running_loss=0.4210
train epoch 123/200 batch 39/66 (59%) running_loss=0.4180
train epoch 123/200 batch 52/66 (79%) running_loss=0.4223
train epoch 123/200 batch 65/66 (98%) running_loss=0.4149
train epoch 123/200 batch 66/66 (100%) running_loss=0.4149
epoch 123/200 done: train_loss=0.4149 val_loss=0.1914 val_accuracy=0.9508 val_macro_f1=0.9287 val_macro_auc=0.9956 (checkpoint_metric=macro_auc) [new best]
train epoch 124/200 batch 13/66 (20%) running_loss=0.4064
train epoch 124/200 batch 26/66 (39%) running_loss=0.4043
train epoch 124/200 batch 39/66 (59%) running_loss=0.4132
train epoch 124/200 batch 52/66 (79%) running_loss=0.4219
train epoch 124/200 batch 65/66 (98%) running_loss=0.4180
train epoch 124/200 batch 66/66 (100%) running_loss=0.4179
epoch 124/200 done: train_loss=0.4179 val_loss=0.2182 val_accuracy=0.9508 val_macro_f1=0.9300 val_macro_auc=0.9950 (checkpoint_metric=macro_auc)
train epoch 125/200 batch 13/66 (20%) running_loss=0.3873
train epoch 125/200 batch 26/66 (39%) running_loss=0.3951
train epoch 125/200 batch 39/66 (59%) running_loss=0.4012
train epoch 125/200 batch 52/66 (79%) running_loss=0.4084
train epoch 125/200 batch 65/66 (98%) running_loss=0.4107
train epoch 125/200 batch 66/66 (100%) running_loss=0.4107
epoch 125/200 done: train_loss=0.4107 val_loss=0.2028 val_accuracy=0.9570 val_macro_f1=0.9370 val_macro_auc=0.9955 (checkpoint_metric=macro_auc)
train epoch 126/200 batch 13/66 (20%) running_loss=0.4093
train epoch 126/200 batch 26/66 (39%) running_loss=0.4138
train epoch 126/200 batch 39/66 (59%) running_loss=0.4133
train epoch 126/200 batch 52/66 (79%) running_loss=0.4243
train epoch 126/200 batch 65/66 (98%) running_loss=0.4253
train epoch 126/200 batch 66/66 (100%) running_loss=0.4266
epoch 126/200 done: train_loss=0.4266 val_loss=0.2186 val_accuracy=0.9467 val_macro_f1=0.9265 val_macro_auc=0.9946 (checkpoint_metric=macro_auc)
train epoch 127/200 batch 13/66 (20%) running_loss=0.3905
train epoch 127/200 batch 26/66 (39%) running_loss=0.4052
train epoch 127/200 batch 39/66 (59%) running_loss=0.4071
train epoch 127/200 batch 52/66 (79%) running_loss=0.4085
train epoch 127/200 batch 65/66 (98%) running_loss=0.4105
train epoch 127/200 batch 66/66 (100%) running_loss=0.4100
epoch 127/200 done: train_loss=0.4100 val_loss=0.2096 val_accuracy=0.9467 val_macro_f1=0.9305 val_macro_auc=0.9965 (checkpoint_metric=macro_auc) [new best]
train epoch 128/200 batch 13/66 (20%) running_loss=0.4158
train epoch 128/200 batch 26/66 (39%) running_loss=0.4201
train epoch 128/200 batch 39/66 (59%) running_loss=0.4130
train epoch 128/200 batch 52/66 (79%) running_loss=0.4115
train epoch 128/200 batch 65/66 (98%) running_loss=0.4092
train epoch 128/200 batch 66/66 (100%) running_loss=0.4098
epoch 128/200 done: train_loss=0.4098 val_loss=0.1959 val_accuracy=0.9611 val_macro_f1=0.9441 val_macro_auc=0.9959 (checkpoint_metric=macro_auc) [new best]
train epoch 129/200 batch 13/66 (20%) running_loss=0.4223
train epoch 129/200 batch 26/66 (39%) running_loss=0.4071
train epoch 129/200 batch 39/66 (59%) running_loss=0.4112
train epoch 129/200 batch 52/66 (79%) running_loss=0.4098
train epoch 129/200 batch 65/66 (98%) running_loss=0.4116
train epoch 129/200 batch 66/66 (100%) running_loss=0.4113
epoch 129/200 done: train_loss=0.4113 val_loss=0.2223 val_accuracy=0.9406 val_macro_f1=0.9124 val_macro_auc=0.9917 (checkpoint_metric=macro_auc)
train epoch 130/200 batch 13/66 (20%) running_loss=0.4093
train epoch 130/200 batch 26/66 (39%) running_loss=0.4109
train epoch 130/200 batch 39/66 (59%) running_loss=0.4086
train epoch 130/200 batch 52/66 (79%) running_loss=0.4088
train epoch 130/200 batch 65/66 (98%) running_loss=0.4079
train epoch 130/200 batch 66/66 (100%) running_loss=0.4079
epoch 130/200 done: train_loss=0.4079 val_loss=0.2090 val_accuracy=0.9652 val_macro_f1=0.9504 val_macro_auc=0.9953 (checkpoint_metric=macro_auc)
train epoch 131/200 batch 13/66 (20%) running_loss=0.4164
train epoch 131/200 batch 26/66 (39%) running_loss=0.4090
train epoch 131/200 batch 39/66 (59%) running_loss=0.4098
train epoch 131/200 batch 52/66 (79%) running_loss=0.4049
train epoch 131/200 batch 65/66 (98%) running_loss=0.4052
train epoch 131/200 batch 66/66 (100%) running_loss=0.4046
epoch 131/200 done: train_loss=0.4046 val_loss=0.2380 val_accuracy=0.9467 val_macro_f1=0.9292 val_macro_auc=0.9934 (checkpoint_metric=macro_auc)
train epoch 132/200 batch 13/66 (20%) running_loss=0.4301
train epoch 132/200 batch 26/66 (39%) running_loss=0.4144
train epoch 132/200 batch 39/66 (59%) running_loss=0.4148
train epoch 132/200 batch 52/66 (79%) running_loss=0.4109
train epoch 132/200 batch 65/66 (98%) running_loss=0.4159
train epoch 132/200 batch 66/66 (100%) running_loss=0.4157
epoch 132/200 done: train_loss=0.4157 val_loss=0.1978 val_accuracy=0.9713 val_macro_f1=0.9575 val_macro_auc=0.9954 (checkpoint_metric=macro_auc)
train epoch 133/200 batch 13/66 (20%) running_loss=0.4068
train epoch 133/200 batch 26/66 (39%) running_loss=0.4093
train epoch 133/200 batch 39/66 (59%) running_loss=0.4105
train epoch 133/200 batch 52/66 (79%) running_loss=0.4108
train epoch 133/200 batch 65/66 (98%) running_loss=0.4119
train epoch 133/200 batch 66/66 (100%) running_loss=0.4117
epoch 133/200 done: train_loss=0.4117 val_loss=0.1888 val_accuracy=0.9652 val_macro_f1=0.9509 val_macro_auc=0.9973 (checkpoint_metric=macro_auc)
train epoch 134/200 batch 13/66 (20%) running_loss=0.4002
train epoch 134/200 batch 26/66 (39%) running_loss=0.4042
train epoch 134/200 batch 39/66 (59%) running_loss=0.4013
train epoch 134/200 batch 52/66 (79%) running_loss=0.4066
train epoch 134/200 batch 65/66 (98%) running_loss=0.4085
train epoch 134/200 batch 66/66 (100%) running_loss=0.4081
epoch 134/200 done: train_loss=0.4081 val_loss=0.2163 val_accuracy=0.9549 val_macro_f1=0.9361 val_macro_auc=0.9944 (checkpoint_metric=macro_auc) [new best]
train epoch 135/200 batch 13/66 (20%) running_loss=0.4471
train epoch 135/200 batch 26/66 (39%) running_loss=0.4273
train epoch 135/200 batch 39/66 (59%) running_loss=0.4151
train epoch 135/200 batch 52/66 (79%) running_loss=0.4105
train epoch 135/200 batch 65/66 (98%) running_loss=0.4071
train epoch 135/200 batch 66/66 (100%) running_loss=0.4065
epoch 135/200 done: train_loss=0.4065 val_loss=0.2236 val_accuracy=0.9529 val_macro_f1=0.9379 val_macro_auc=0.9942 (checkpoint_metric=macro_auc)
train epoch 136/200 batch 13/66 (20%) running_loss=0.4221
train epoch 136/200 batch 26/66 (39%) running_loss=0.4086
train epoch 136/200 batch 39/66 (59%) running_loss=0.4057
train epoch 136/200 batch 52/66 (79%) running_loss=0.4071
train epoch 136/200 batch 65/66 (98%) running_loss=0.4062
train epoch 136/200 batch 66/66 (100%) running_loss=0.4057
epoch 136/200 done: train_loss=0.4057 val_loss=0.2270 val_accuracy=0.9529 val_macro_f1=0.9376 val_macro_auc=0.9954 (checkpoint_metric=macro_auc)
train epoch 137/200 batch 13/66 (20%) running_loss=0.4093
train epoch 137/200 batch 26/66 (39%) running_loss=0.4050
train epoch 137/200 batch 39/66 (59%) running_loss=0.4072
train epoch 137/200 batch 52/66 (79%) running_loss=0.4095
train epoch 137/200 batch 65/66 (98%) running_loss=0.4088
train epoch 137/200 batch 66/66 (100%) running_loss=0.4081
epoch 137/200 done: train_loss=0.4081 val_loss=0.1867 val_accuracy=0.9631 val_macro_f1=0.9481 val_macro_auc=0.9971 (checkpoint_metric=macro_auc)
train epoch 138/200 batch 13/66 (20%) running_loss=0.3952
train epoch 138/200 batch 26/66 (39%) running_loss=0.3943
train epoch 138/200 batch 39/66 (59%) running_loss=0.3979
train epoch 138/200 batch 52/66 (79%) running_loss=0.3985
train epoch 138/200 batch 65/66 (98%) running_loss=0.3980
train epoch 138/200 batch 66/66 (100%) running_loss=0.3973
epoch 138/200 done: train_loss=0.3973 val_loss=0.3074 val_accuracy=0.8996 val_macro_f1=0.8899 val_macro_auc=0.9930 (checkpoint_metric=macro_auc)
train epoch 139/200 batch 13/66 (20%) running_loss=0.4100
train epoch 139/200 batch 26/66 (39%) running_loss=0.3985
train epoch 139/200 batch 39/66 (59%) running_loss=0.3985
train epoch 139/200 batch 52/66 (79%) running_loss=0.3943
train epoch 139/200 batch 65/66 (98%) running_loss=0.3992
train epoch 139/200 batch 66/66 (100%) running_loss=0.3991
epoch 139/200 done: train_loss=0.3991 val_loss=0.1950 val_accuracy=0.9590 val_macro_f1=0.9405 val_macro_auc=0.9949 (checkpoint_metric=macro_auc)
train epoch 140/200 batch 13/66 (20%) running_loss=0.3886
train epoch 140/200 batch 26/66 (39%) running_loss=0.3891
train epoch 140/200 batch 39/66 (59%) running_loss=0.3824
train epoch 140/200 batch 52/66 (79%) running_loss=0.3922
train epoch 140/200 batch 65/66 (98%) running_loss=0.3905
train epoch 140/200 batch 66/66 (100%) running_loss=0.3908
epoch 140/200 done: train_loss=0.3908 val_loss=0.2200 val_accuracy=0.9611 val_macro_f1=0.9475 val_macro_auc=0.9933 (checkpoint_metric=macro_auc)
train epoch 141/200 batch 13/66 (20%) running_loss=0.4159
train epoch 141/200 batch 26/66 (39%) running_loss=0.4119
train epoch 141/200 batch 39/66 (59%) running_loss=0.4086
train epoch 141/200 batch 52/66 (79%) running_loss=0.4062
train epoch 141/200 batch 65/66 (98%) running_loss=0.4031
train epoch 141/200 batch 66/66 (100%) running_loss=0.4023
epoch 141/200 done: train_loss=0.4023 val_loss=0.2234 val_accuracy=0.9488 val_macro_f1=0.9265 val_macro_auc=0.9932 (checkpoint_metric=macro_auc)
train epoch 142/200 batch 13/66 (20%) running_loss=0.4107
train epoch 142/200 batch 26/66 (39%) running_loss=0.3977
train epoch 142/200 batch 39/66 (59%) running_loss=0.3974
train epoch 142/200 batch 52/66 (79%) running_loss=0.3885
train epoch 142/200 batch 65/66 (98%) running_loss=0.3886
train epoch 142/200 batch 66/66 (100%) running_loss=0.3878
epoch 142/200 done: train_loss=0.3878 val_loss=0.2157 val_accuracy=0.9529 val_macro_f1=0.9353 val_macro_auc=0.9929 (checkpoint_metric=macro_auc)
train epoch 143/200 batch 13/66 (20%) running_loss=0.3997
train epoch 143/200 batch 26/66 (39%) running_loss=0.3952
train epoch 143/200 batch 39/66 (59%) running_loss=0.4059
train epoch 143/200 batch 52/66 (79%) running_loss=0.4011
train epoch 143/200 batch 65/66 (98%) running_loss=0.4004
train epoch 143/200 batch 66/66 (100%) running_loss=0.4010
epoch 143/200 done: train_loss=0.4010 val_loss=0.2225 val_accuracy=0.9508 val_macro_f1=0.9372 val_macro_auc=0.9945 (checkpoint_metric=macro_auc)
train epoch 144/200 batch 13/66 (20%) running_loss=0.4020
train epoch 144/200 batch 26/66 (39%) running_loss=0.3998
train epoch 144/200 batch 39/66 (59%) running_loss=0.4003
train epoch 144/200 batch 52/66 (79%) running_loss=0.3969
train epoch 144/200 batch 65/66 (98%) running_loss=0.3972
train epoch 144/200 batch 66/66 (100%) running_loss=0.3967
epoch 144/200 done: train_loss=0.3967 val_loss=0.2225 val_accuracy=0.9529 val_macro_f1=0.9351 val_macro_auc=0.9941 (checkpoint_metric=macro_auc)
train epoch 145/200 batch 13/66 (20%) running_loss=0.4283
train epoch 145/200 batch 26/66 (39%) running_loss=0.4147
train epoch 145/200 batch 39/66 (59%) running_loss=0.4060
train epoch 145/200 batch 52/66 (79%) running_loss=0.4028
train epoch 145/200 batch 65/66 (98%) running_loss=0.3991
train epoch 145/200 batch 66/66 (100%) running_loss=0.4003
epoch 145/200 done: train_loss=0.4003 val_loss=0.2172 val_accuracy=0.9590 val_macro_f1=0.9442 val_macro_auc=0.9936 (checkpoint_metric=macro_auc)
train epoch 146/200 batch 13/66 (20%) running_loss=0.3919
train epoch 146/200 batch 26/66 (39%) running_loss=0.3886
train epoch 146/200 batch 39/66 (59%) running_loss=0.3866
train epoch 146/200 batch 52/66 (79%) running_loss=0.3845
train epoch 146/200 batch 65/66 (98%) running_loss=0.3882
train epoch 146/200 batch 66/66 (100%) running_loss=0.3879
epoch 146/200 done: train_loss=0.3879 val_loss=0.2290 val_accuracy=0.9447 val_macro_f1=0.9265 val_macro_auc=0.9939 (checkpoint_metric=macro_auc)
train epoch 147/200 batch 13/66 (20%) running_loss=0.3786
train epoch 147/200 batch 26/66 (39%) running_loss=0.3828
train epoch 147/200 batch 39/66 (59%) running_loss=0.3875
train epoch 147/200 batch 52/66 (79%) running_loss=0.3869
train epoch 147/200 batch 65/66 (98%) running_loss=0.3848
train epoch 147/200 batch 66/66 (100%) running_loss=0.3848
epoch 147/200 done: train_loss=0.3848 val_loss=0.2382 val_accuracy=0.9488 val_macro_f1=0.9320 val_macro_auc=0.9944 (checkpoint_metric=macro_auc)
train epoch 148/200 batch 13/66 (20%) running_loss=0.4056
train epoch 148/200 batch 26/66 (39%) running_loss=0.3998
train epoch 148/200 batch 39/66 (59%) running_loss=0.3947
train epoch 148/200 batch 52/66 (79%) running_loss=0.3980
train epoch 148/200 batch 65/66 (98%) running_loss=0.3937
train epoch 148/200 batch 66/66 (100%) running_loss=0.3942
epoch 148/200 done: train_loss=0.3942 val_loss=0.1980 val_accuracy=0.9611 val_macro_f1=0.9456 val_macro_auc=0.9960 (checkpoint_metric=macro_auc)
train epoch 149/200 batch 13/66 (20%) running_loss=0.4007
train epoch 149/200 batch 26/66 (39%) running_loss=0.3825
train epoch 149/200 batch 39/66 (59%) running_loss=0.3742
train epoch 149/200 batch 52/66 (79%) running_loss=0.3795
train epoch 149/200 batch 65/66 (98%) running_loss=0.3795
train epoch 149/200 batch 66/66 (100%) running_loss=0.3793
epoch 149/200 done: train_loss=0.3793 val_loss=0.2126 val_accuracy=0.9631 val_macro_f1=0.9483 val_macro_auc=0.9950 (checkpoint_metric=macro_auc)
train epoch 150/200 batch 13/66 (20%) running_loss=0.3766
train epoch 150/200 batch 26/66 (39%) running_loss=0.3776
train epoch 150/200 batch 39/66 (59%) running_loss=0.3757
train epoch 150/200 batch 52/66 (79%) running_loss=0.3772
train epoch 150/200 batch 65/66 (98%) running_loss=0.3792
train epoch 150/200 batch 66/66 (100%) running_loss=0.3791
epoch 150/200 done: train_loss=0.3791 val_loss=0.2113 val_accuracy=0.9672 val_macro_f1=0.9590 val_macro_auc=0.9957 (checkpoint_metric=macro_auc)
train epoch 151/200 batch 13/66 (20%) running_loss=0.3713
train epoch 151/200 batch 26/66 (39%) running_loss=0.3725
train epoch 151/200 batch 39/66 (59%) running_loss=0.3710
train epoch 151/200 batch 52/66 (79%) running_loss=0.3730
train epoch 151/200 batch 65/66 (98%) running_loss=0.3731
train epoch 151/200 batch 66/66 (100%) running_loss=0.3745
epoch 151/200 done: train_loss=0.3745 val_loss=0.2004 val_accuracy=0.9672 val_macro_f1=0.9552 val_macro_auc=0.9952 (checkpoint_metric=macro_auc)
train epoch 152/200 batch 13/66 (20%) running_loss=0.3749
train epoch 152/200 batch 26/66 (39%) running_loss=0.3888
train epoch 152/200 batch 39/66 (59%) running_loss=0.3840
train epoch 152/200 batch 52/66 (79%) running_loss=0.3799
train epoch 152/200 batch 65/66 (98%) running_loss=0.3785
train epoch 152/200 batch 66/66 (100%) running_loss=0.3792
epoch 152/200 done: train_loss=0.3792 val_loss=0.1989 val_accuracy=0.9693 val_macro_f1=0.9586 val_macro_auc=0.9964 (checkpoint_metric=macro_auc) [new best]
train epoch 153/200 batch 13/66 (20%) running_loss=0.4030
train epoch 153/200 batch 26/66 (39%) running_loss=0.3827
train epoch 153/200 batch 39/66 (59%) running_loss=0.3767
train epoch 153/200 batch 52/66 (79%) running_loss=0.3750
train epoch 153/200 batch 65/66 (98%) running_loss=0.3764
train epoch 153/200 batch 66/66 (100%) running_loss=0.3763
epoch 153/200 done: train_loss=0.3763 val_loss=0.1748 val_accuracy=0.9672 val_macro_f1=0.9559 val_macro_auc=0.9961 (checkpoint_metric=macro_auc) [new best]
train epoch 154/200 batch 13/66 (20%) running_loss=0.3583
train epoch 154/200 batch 26/66 (39%) running_loss=0.3740
train epoch 154/200 batch 39/66 (59%) running_loss=0.3805
train epoch 154/200 batch 52/66 (79%) running_loss=0.3723
train epoch 154/200 batch 65/66 (98%) running_loss=0.3733
train epoch 154/200 batch 66/66 (100%) running_loss=0.3749
epoch 154/200 done: train_loss=0.3749 val_loss=0.2123 val_accuracy=0.9529 val_macro_f1=0.9390 val_macro_auc=0.9939 (checkpoint_metric=macro_auc)
train epoch 155/200 batch 13/66 (20%) running_loss=0.4057
train epoch 155/200 batch 26/66 (39%) running_loss=0.3998
train epoch 155/200 batch 39/66 (59%) running_loss=0.3955
train epoch 155/200 batch 52/66 (79%) running_loss=0.3871
train epoch 155/200 batch 65/66 (98%) running_loss=0.3931
train epoch 155/200 batch 66/66 (100%) running_loss=0.3929
epoch 155/200 done: train_loss=0.3929 val_loss=0.2118 val_accuracy=0.9611 val_macro_f1=0.9489 val_macro_auc=0.9951 (checkpoint_metric=macro_auc)
train epoch 156/200 batch 13/66 (20%) running_loss=0.3939
train epoch 156/200 batch 26/66 (39%) running_loss=0.3873
train epoch 156/200 batch 39/66 (59%) running_loss=0.3825
train epoch 156/200 batch 52/66 (79%) running_loss=0.3820
train epoch 156/200 batch 65/66 (98%) running_loss=0.3796
train epoch 156/200 batch 66/66 (100%) running_loss=0.3793
epoch 156/200 done: train_loss=0.3793 val_loss=0.1993 val_accuracy=0.9693 val_macro_f1=0.9566 val_macro_auc=0.9952 (checkpoint_metric=macro_auc)
train epoch 157/200 batch 13/66 (20%) running_loss=0.3716
train epoch 157/200 batch 26/66 (39%) running_loss=0.3836
train epoch 157/200 batch 39/66 (59%) running_loss=0.3744
train epoch 157/200 batch 52/66 (79%) running_loss=0.3757
train epoch 157/200 batch 65/66 (98%) running_loss=0.3701
train epoch 157/200 batch 66/66 (100%) running_loss=0.3695
epoch 157/200 done: train_loss=0.3695 val_loss=0.2019 val_accuracy=0.9652 val_macro_f1=0.9510 val_macro_auc=0.9951 (checkpoint_metric=macro_auc)
train epoch 158/200 batch 13/66 (20%) running_loss=0.3370
train epoch 158/200 batch 26/66 (39%) running_loss=0.3551
train epoch 158/200 batch 39/66 (59%) running_loss=0.3609
train epoch 158/200 batch 52/66 (79%) running_loss=0.3689
train epoch 158/200 batch 65/66 (98%) running_loss=0.3698
train epoch 158/200 batch 66/66 (100%) running_loss=0.3710
epoch 158/200 done: train_loss=0.3710 val_loss=0.1994 val_accuracy=0.9672 val_macro_f1=0.9529 val_macro_auc=0.9957 (checkpoint_metric=macro_auc)
train epoch 159/200 batch 13/66 (20%) running_loss=0.3747
train epoch 159/200 batch 26/66 (39%) running_loss=0.3815
train epoch 159/200 batch 39/66 (59%) running_loss=0.3824
train epoch 159/200 batch 52/66 (79%) running_loss=0.3783
train epoch 159/200 batch 65/66 (98%) running_loss=0.3782
train epoch 159/200 batch 66/66 (100%) running_loss=0.3777
epoch 159/200 done: train_loss=0.3777 val_loss=0.2630 val_accuracy=0.9365 val_macro_f1=0.9214 val_macro_auc=0.9934 (checkpoint_metric=macro_auc)
train epoch 160/200 batch 13/66 (20%) running_loss=0.3746
train epoch 160/200 batch 26/66 (39%) running_loss=0.3671
train epoch 160/200 batch 39/66 (59%) running_loss=0.3648
train epoch 160/200 batch 52/66 (79%) running_loss=0.3691
train epoch 160/200 batch 65/66 (98%) running_loss=0.3677
train epoch 160/200 batch 66/66 (100%) running_loss=0.3672
epoch 160/200 done: train_loss=0.3672 val_loss=0.2028 val_accuracy=0.9672 val_macro_f1=0.9543 val_macro_auc=0.9950 (checkpoint_metric=macro_auc)
train epoch 161/200 batch 13/66 (20%) running_loss=0.3913
train epoch 161/200 batch 26/66 (39%) running_loss=0.3839
train epoch 161/200 batch 39/66 (59%) running_loss=0.3751
train epoch 161/200 batch 52/66 (79%) running_loss=0.3715
train epoch 161/200 batch 65/66 (98%) running_loss=0.3693
train epoch 161/200 batch 66/66 (100%) running_loss=0.3697
epoch 161/200 done: train_loss=0.3697 val_loss=0.2251 val_accuracy=0.9406 val_macro_f1=0.9203 val_macro_auc=0.9939 (checkpoint_metric=macro_auc)
train epoch 162/200 batch 13/66 (20%) running_loss=0.3577
train epoch 162/200 batch 26/66 (39%) running_loss=0.3561
train epoch 162/200 batch 39/66 (59%) running_loss=0.3604
train epoch 162/200 batch 52/66 (79%) running_loss=0.3670
train epoch 162/200 batch 65/66 (98%) running_loss=0.3685
train epoch 162/200 batch 66/66 (100%) running_loss=0.3681
epoch 162/200 done: train_loss=0.3681 val_loss=0.2072 val_accuracy=0.9611 val_macro_f1=0.9479 val_macro_auc=0.9946 (checkpoint_metric=macro_auc)
train epoch 163/200 batch 13/66 (20%) running_loss=0.3751
train epoch 163/200 batch 26/66 (39%) running_loss=0.3675
train epoch 163/200 batch 39/66 (59%) running_loss=0.3628
train epoch 163/200 batch 52/66 (79%) running_loss=0.3646
train epoch 163/200 batch 65/66 (98%) running_loss=0.3687
train epoch 163/200 batch 66/66 (100%) running_loss=0.3684
epoch 163/200 done: train_loss=0.3684 val_loss=0.2067 val_accuracy=0.9590 val_macro_f1=0.9455 val_macro_auc=0.9950 (checkpoint_metric=macro_auc)
train epoch 164/200 batch 13/66 (20%) running_loss=0.3718
train epoch 164/200 batch 26/66 (39%) running_loss=0.3690
train epoch 164/200 batch 39/66 (59%) running_loss=0.3687
train epoch 164/200 batch 52/66 (79%) running_loss=0.3675
train epoch 164/200 batch 65/66 (98%) running_loss=0.3673
train epoch 164/200 batch 66/66 (100%) running_loss=0.3671
epoch 164/200 done: train_loss=0.3671 val_loss=0.2168 val_accuracy=0.9508 val_macro_f1=0.9334 val_macro_auc=0.9943 (checkpoint_metric=macro_auc)
train epoch 165/200 batch 13/66 (20%) running_loss=0.3804
train epoch 165/200 batch 26/66 (39%) running_loss=0.3804
train epoch 165/200 batch 39/66 (59%) running_loss=0.3801
train epoch 165/200 batch 52/66 (79%) running_loss=0.3860
train epoch 165/200 batch 65/66 (98%) running_loss=0.3809
train epoch 165/200 batch 66/66 (100%) running_loss=0.3807
epoch 165/200 done: train_loss=0.3807 val_loss=0.1991 val_accuracy=0.9652 val_macro_f1=0.9525 val_macro_auc=0.9950 (checkpoint_metric=macro_auc)
train epoch 166/200 batch 13/66 (20%) running_loss=0.3612
train epoch 166/200 batch 26/66 (39%) running_loss=0.3604
train epoch 166/200 batch 39/66 (59%) running_loss=0.3633
train epoch 166/200 batch 52/66 (79%) running_loss=0.3656
train epoch 166/200 batch 65/66 (98%) running_loss=0.3658
train epoch 166/200 batch 66/66 (100%) running_loss=0.3662
epoch 166/200 done: train_loss=0.3662 val_loss=0.2074 val_accuracy=0.9570 val_macro_f1=0.9415 val_macro_auc=0.9944 (checkpoint_metric=macro_auc)
train epoch 167/200 batch 13/66 (20%) running_loss=0.3598
train epoch 167/200 batch 26/66 (39%) running_loss=0.3650
train epoch 167/200 batch 39/66 (59%) running_loss=0.3663
train epoch 167/200 batch 52/66 (79%) running_loss=0.3659
train epoch 167/200 batch 65/66 (98%) running_loss=0.3668
train epoch 167/200 batch 66/66 (100%) running_loss=0.3664
epoch 167/200 done: train_loss=0.3664 val_loss=0.2089 val_accuracy=0.9549 val_macro_f1=0.9382 val_macro_auc=0.9953 (checkpoint_metric=macro_auc)
train epoch 168/200 batch 13/66 (20%) running_loss=0.3759
train epoch 168/200 batch 26/66 (39%) running_loss=0.3784
train epoch 168/200 batch 39/66 (59%) running_loss=0.3710
train epoch 168/200 batch 52/66 (79%) running_loss=0.3661
train epoch 168/200 batch 65/66 (98%) running_loss=0.3646
train epoch 168/200 batch 66/66 (100%) running_loss=0.3642
epoch 168/200 done: train_loss=0.3642 val_loss=0.2098 val_accuracy=0.9529 val_macro_f1=0.9340 val_macro_auc=0.9944 (checkpoint_metric=macro_auc)
train epoch 169/200 batch 13/66 (20%) running_loss=0.3573
train epoch 169/200 batch 26/66 (39%) running_loss=0.3692
train epoch 169/200 batch 39/66 (59%) running_loss=0.3693
train epoch 169/200 batch 52/66 (79%) running_loss=0.3676
train epoch 169/200 batch 65/66 (98%) running_loss=0.3663
train epoch 169/200 batch 66/66 (100%) running_loss=0.3657
epoch 169/200 done: train_loss=0.3657 val_loss=0.2173 val_accuracy=0.9652 val_macro_f1=0.9509 val_macro_auc=0.9948 (checkpoint_metric=macro_auc)
train epoch 170/200 batch 13/66 (20%) running_loss=0.3603
train epoch 170/200 batch 26/66 (39%) running_loss=0.3591
train epoch 170/200 batch 39/66 (59%) running_loss=0.3569
train epoch 170/200 batch 52/66 (79%) running_loss=0.3598
train epoch 170/200 batch 65/66 (98%) running_loss=0.3627
train epoch 170/200 batch 66/66 (100%) running_loss=0.3622
epoch 170/200 done: train_loss=0.3622 val_loss=0.2040 val_accuracy=0.9652 val_macro_f1=0.9532 val_macro_auc=0.9948 (checkpoint_metric=macro_auc)
train epoch 171/200 batch 13/66 (20%) running_loss=0.3598
train epoch 171/200 batch 26/66 (39%) running_loss=0.3518
train epoch 171/200 batch 39/66 (59%) running_loss=0.3575
train epoch 171/200 batch 52/66 (79%) running_loss=0.3549
train epoch 171/200 batch 65/66 (98%) running_loss=0.3555
train epoch 171/200 batch 66/66 (100%) running_loss=0.3558
epoch 171/200 done: train_loss=0.3558 val_loss=0.1846 val_accuracy=0.9693 val_macro_f1=0.9569 val_macro_auc=0.9951 (checkpoint_metric=macro_auc)
train epoch 172/200 batch 13/66 (20%) running_loss=0.3483
train epoch 172/200 batch 26/66 (39%) running_loss=0.3570
train epoch 172/200 batch 39/66 (59%) running_loss=0.3581
train epoch 172/200 batch 52/66 (79%) running_loss=0.3629
train epoch 172/200 batch 65/66 (98%) running_loss=0.3641
train epoch 172/200 batch 66/66 (100%) running_loss=0.3639
epoch 172/200 done: train_loss=0.3639 val_loss=0.1945 val_accuracy=0.9672 val_macro_f1=0.9556 val_macro_auc=0.9949 (checkpoint_metric=macro_auc)
train epoch 173/200 batch 13/66 (20%) running_loss=0.3648
train epoch 173/200 batch 26/66 (39%) running_loss=0.3646
train epoch 173/200 batch 39/66 (59%) running_loss=0.3648
train epoch 173/200 batch 52/66 (79%) running_loss=0.3624
train epoch 173/200 batch 65/66 (98%) running_loss=0.3616
train epoch 173/200 batch 66/66 (100%) running_loss=0.3614
epoch 173/200 done: train_loss=0.3614 val_loss=0.1920 val_accuracy=0.9693 val_macro_f1=0.9573 val_macro_auc=0.9957 (checkpoint_metric=macro_auc)
train epoch 174/200 batch 13/66 (20%) running_loss=0.3888
train epoch 174/200 batch 26/66 (39%) running_loss=0.3679
train epoch 174/200 batch 39/66 (59%) running_loss=0.3657
train epoch 174/200 batch 52/66 (79%) running_loss=0.3641
train epoch 174/200 batch 65/66 (98%) running_loss=0.3621
train epoch 174/200 batch 66/66 (100%) running_loss=0.3617
epoch 174/200 done: train_loss=0.3617 val_loss=0.2022 val_accuracy=0.9672 val_macro_f1=0.9559 val_macro_auc=0.9951 (checkpoint_metric=macro_auc)
train epoch 175/200 batch 13/66 (20%) running_loss=0.3744
train epoch 175/200 batch 26/66 (39%) running_loss=0.3659
train epoch 175/200 batch 39/66 (59%) running_loss=0.3617
train epoch 175/200 batch 52/66 (79%) running_loss=0.3628
train epoch 175/200 batch 65/66 (98%) running_loss=0.3660
train epoch 175/200 batch 66/66 (100%) running_loss=0.3657
epoch 175/200 done: train_loss=0.3657 val_loss=0.1910 val_accuracy=0.9713 val_macro_f1=0.9600 val_macro_auc=0.9961 (checkpoint_metric=macro_auc)
train epoch 176/200 batch 13/66 (20%) running_loss=0.3486
train epoch 176/200 batch 26/66 (39%) running_loss=0.3605
train epoch 176/200 batch 39/66 (59%) running_loss=0.3594
train epoch 176/200 batch 52/66 (79%) running_loss=0.3566
train epoch 176/200 batch 65/66 (98%) running_loss=0.3547
train epoch 176/200 batch 66/66 (100%) running_loss=0.3546
epoch 176/200 done: train_loss=0.3546 val_loss=0.1879 val_accuracy=0.9713 val_macro_f1=0.9586 val_macro_auc=0.9957 (checkpoint_metric=macro_auc)
train epoch 177/200 batch 13/66 (20%) running_loss=0.3495
train epoch 177/200 batch 26/66 (39%) running_loss=0.3744
train epoch 177/200 batch 39/66 (59%) running_loss=0.3664
train epoch 177/200 batch 52/66 (79%) running_loss=0.3688
train epoch 177/200 batch 65/66 (98%) running_loss=0.3673
train epoch 177/200 batch 66/66 (100%) running_loss=0.3673
epoch 177/200 done: train_loss=0.3673 val_loss=0.2034 val_accuracy=0.9672 val_macro_f1=0.9543 val_macro_auc=0.9952 (checkpoint_metric=macro_auc)
train epoch 178/200 batch 13/66 (20%) running_loss=0.3634
train epoch 178/200 batch 26/66 (39%) running_loss=0.3674
train epoch 178/200 batch 39/66 (59%) running_loss=0.3659
train epoch 178/200 batch 52/66 (79%) running_loss=0.3666
train epoch 178/200 batch 65/66 (98%) running_loss=0.3651
train epoch 178/200 batch 66/66 (100%) running_loss=0.3651
epoch 178/200 done: train_loss=0.3651 val_loss=0.1989 val_accuracy=0.9631 val_macro_f1=0.9495 val_macro_auc=0.9954 (checkpoint_metric=macro_auc)
train epoch 179/200 batch 13/66 (20%) running_loss=0.3372
train epoch 179/200 batch 26/66 (39%) running_loss=0.3591
train epoch 179/200 batch 39/66 (59%) running_loss=0.3563
train epoch 179/200 batch 52/66 (79%) running_loss=0.3599
train epoch 179/200 batch 65/66 (98%) running_loss=0.3619
train epoch 179/200 batch 66/66 (100%) running_loss=0.3627
epoch 179/200 done: train_loss=0.3627 val_loss=0.1834 val_accuracy=0.9631 val_macro_f1=0.9491 val_macro_auc=0.9958 (checkpoint_metric=macro_auc)
train epoch 180/200 batch 13/66 (20%) running_loss=0.3579
train epoch 180/200 batch 26/66 (39%) running_loss=0.3556
train epoch 180/200 batch 39/66 (59%) running_loss=0.3567
train epoch 180/200 batch 52/66 (79%) running_loss=0.3546
train epoch 180/200 batch 65/66 (98%) running_loss=0.3576
train epoch 180/200 batch 66/66 (100%) running_loss=0.3582
epoch 180/200 done: train_loss=0.3582 val_loss=0.1934 val_accuracy=0.9611 val_macro_f1=0.9469 val_macro_auc=0.9955 (checkpoint_metric=macro_auc)
train epoch 181/200 batch 13/66 (20%) running_loss=0.3605
train epoch 181/200 batch 26/66 (39%) running_loss=0.3628
train epoch 181/200 batch 39/66 (59%) running_loss=0.3584
train epoch 181/200 batch 52/66 (79%) running_loss=0.3562
train epoch 181/200 batch 65/66 (98%) running_loss=0.3543
train epoch 181/200 batch 66/66 (100%) running_loss=0.3547
epoch 181/200 done: train_loss=0.3547 val_loss=0.1923 val_accuracy=0.9631 val_macro_f1=0.9495 val_macro_auc=0.9956 (checkpoint_metric=macro_auc)
train epoch 182/200 batch 13/66 (20%) running_loss=0.3740
train epoch 182/200 batch 26/66 (39%) running_loss=0.3567
train epoch 182/200 batch 39/66 (59%) running_loss=0.3567
train epoch 182/200 batch 52/66 (79%) running_loss=0.3550
train epoch 182/200 batch 65/66 (98%) running_loss=0.3552
train epoch 182/200 batch 66/66 (100%) running_loss=0.3553
epoch 182/200 done: train_loss=0.3553 val_loss=0.1989 val_accuracy=0.9611 val_macro_f1=0.9472 val_macro_auc=0.9950 (checkpoint_metric=macro_auc)
train epoch 183/200 batch 13/66 (20%) running_loss=0.3371
train epoch 183/200 batch 26/66 (39%) running_loss=0.3437
train epoch 183/200 batch 39/66 (59%) running_loss=0.3560
train epoch 183/200 batch 52/66 (79%) running_loss=0.3562
train epoch 183/200 batch 65/66 (98%) running_loss=0.3565
train epoch 183/200 batch 66/66 (100%) running_loss=0.3561
epoch 183/200 done: train_loss=0.3561 val_loss=0.2005 val_accuracy=0.9652 val_macro_f1=0.9519 val_macro_auc=0.9952 (checkpoint_metric=macro_auc)
train epoch 184/200 batch 13/66 (20%) running_loss=0.3453
train epoch 184/200 batch 26/66 (39%) running_loss=0.3525
train epoch 184/200 batch 39/66 (59%) running_loss=0.3571
train epoch 184/200 batch 52/66 (79%) running_loss=0.3564
train epoch 184/200 batch 65/66 (98%) running_loss=0.3531
train epoch 184/200 batch 66/66 (100%) running_loss=0.3534
epoch 184/200 done: train_loss=0.3534 val_loss=0.2065 val_accuracy=0.9631 val_macro_f1=0.9499 val_macro_auc=0.9949 (checkpoint_metric=macro_auc)
train epoch 185/200 batch 13/66 (20%) running_loss=0.3379
train epoch 185/200 batch 26/66 (39%) running_loss=0.3550
train epoch 185/200 batch 39/66 (59%) running_loss=0.3601
train epoch 185/200 batch 52/66 (79%) running_loss=0.3606
train epoch 185/200 batch 65/66 (98%) running_loss=0.3582
train epoch 185/200 batch 66/66 (100%) running_loss=0.3579
epoch 185/200 done: train_loss=0.3579 val_loss=0.2054 val_accuracy=0.9652 val_macro_f1=0.9529 val_macro_auc=0.9948 (checkpoint_metric=macro_auc)
train epoch 186/200 batch 13/66 (20%) running_loss=0.3883
train epoch 186/200 batch 26/66 (39%) running_loss=0.3852
train epoch 186/200 batch 39/66 (59%) running_loss=0.3751
train epoch 186/200 batch 52/66 (79%) running_loss=0.3725
train epoch 186/200 batch 65/66 (98%) running_loss=0.3706
train epoch 186/200 batch 66/66 (100%) running_loss=0.3707
epoch 186/200 done: train_loss=0.3707 val_loss=0.1944 val_accuracy=0.9672 val_macro_f1=0.9545 val_macro_auc=0.9957 (checkpoint_metric=macro_auc)
train epoch 187/200 batch 13/66 (20%) running_loss=0.3613
train epoch 187/200 batch 26/66 (39%) running_loss=0.3659
train epoch 187/200 batch 39/66 (59%) running_loss=0.3652
train epoch 187/200 batch 52/66 (79%) running_loss=0.3690
train epoch 187/200 batch 65/66 (98%) running_loss=0.3637
train epoch 187/200 batch 66/66 (100%) running_loss=0.3637
epoch 187/200 done: train_loss=0.3637 val_loss=0.1941 val_accuracy=0.9631 val_macro_f1=0.9495 val_macro_auc=0.9954 (checkpoint_metric=macro_auc)
train epoch 188/200 batch 13/66 (20%) running_loss=0.3717
train epoch 188/200 batch 26/66 (39%) running_loss=0.3689
train epoch 188/200 batch 39/66 (59%) running_loss=0.3642
train epoch 188/200 batch 52/66 (79%) running_loss=0.3601
train epoch 188/200 batch 65/66 (98%) running_loss=0.3600
train epoch 188/200 batch 66/66 (100%) running_loss=0.3595
epoch 188/200 done: train_loss=0.3595 val_loss=0.1939 val_accuracy=0.9672 val_macro_f1=0.9545 val_macro_auc=0.9953 (checkpoint_metric=macro_auc)
train epoch 189/200 batch 13/66 (20%) running_loss=0.3396
train epoch 189/200 batch 26/66 (39%) running_loss=0.3438
train epoch 189/200 batch 39/66 (59%) running_loss=0.3428
train epoch 189/200 batch 52/66 (79%) running_loss=0.3500
train epoch 189/200 batch 65/66 (98%) running_loss=0.3504
train epoch 189/200 batch 66/66 (100%) running_loss=0.3502
epoch 189/200 done: train_loss=0.3502 val_loss=0.1942 val_accuracy=0.9672 val_macro_f1=0.9545 val_macro_auc=0.9956 (checkpoint_metric=macro_auc)
train epoch 190/200 batch 13/66 (20%) running_loss=0.3570
train epoch 190/200 batch 26/66 (39%) running_loss=0.3606
train epoch 190/200 batch 39/66 (59%) running_loss=0.3593
train epoch 190/200 batch 52/66 (79%) running_loss=0.3642
train epoch 190/200 batch 65/66 (98%) running_loss=0.3602
train epoch 190/200 batch 66/66 (100%) running_loss=0.3609
epoch 190/200 done: train_loss=0.3609 val_loss=0.1878 val_accuracy=0.9672 val_macro_f1=0.9545 val_macro_auc=0.9959 (checkpoint_metric=macro_auc)
train epoch 191/200 batch 13/66 (20%) running_loss=0.3474
train epoch 191/200 batch 26/66 (39%) running_loss=0.3572
train epoch 191/200 batch 39/66 (59%) running_loss=0.3507
train epoch 191/200 batch 52/66 (79%) running_loss=0.3514
train epoch 191/200 batch 65/66 (98%) running_loss=0.3544
train epoch 191/200 batch 66/66 (100%) running_loss=0.3545
epoch 191/200 done: train_loss=0.3545 val_loss=0.2052 val_accuracy=0.9672 val_macro_f1=0.9546 val_macro_auc=0.9954 (checkpoint_metric=macro_auc)
train epoch 192/200 batch 13/66 (20%) running_loss=0.3640
train epoch 192/200 batch 26/66 (39%) running_loss=0.3685
train epoch 192/200 batch 39/66 (59%) running_loss=0.3696
train epoch 192/200 batch 52/66 (79%) running_loss=0.3657
train epoch 192/200 batch 65/66 (98%) running_loss=0.3653
train epoch 192/200 batch 66/66 (100%) running_loss=0.3655
epoch 192/200 done: train_loss=0.3655 val_loss=0.2025 val_accuracy=0.9631 val_macro_f1=0.9502 val_macro_auc=0.9953 (checkpoint_metric=macro_auc)
train epoch 193/200 batch 13/66 (20%) running_loss=0.3546
train epoch 193/200 batch 26/66 (39%) running_loss=0.3684
train epoch 193/200 batch 39/66 (59%) running_loss=0.3647
train epoch 193/200 batch 52/66 (79%) running_loss=0.3593
train epoch 193/200 batch 65/66 (98%) running_loss=0.3582
train epoch 193/200 batch 66/66 (100%) running_loss=0.3588
epoch 193/200 done: train_loss=0.3588 val_loss=0.2014 val_accuracy=0.9693 val_macro_f1=0.9562 val_macro_auc=0.9954 (checkpoint_metric=macro_auc)
train epoch 194/200 batch 13/66 (20%) running_loss=0.3610
train epoch 194/200 batch 26/66 (39%) running_loss=0.3708
train epoch 194/200 batch 39/66 (59%) running_loss=0.3661
train epoch 194/200 batch 52/66 (79%) running_loss=0.3628
train epoch 194/200 batch 65/66 (98%) running_loss=0.3596
train epoch 194/200 batch 66/66 (100%) running_loss=0.3597
epoch 194/200 done: train_loss=0.3597 val_loss=0.1919 val_accuracy=0.9672 val_macro_f1=0.9545 val_macro_auc=0.9955 (checkpoint_metric=macro_auc)
train epoch 195/200 batch 13/66 (20%) running_loss=0.3572
train epoch 195/200 batch 26/66 (39%) running_loss=0.3471
train epoch 195/200 batch 39/66 (59%) running_loss=0.3448
train epoch 195/200 batch 52/66 (79%) running_loss=0.3484
train epoch 195/200 batch 65/66 (98%) running_loss=0.3491
train epoch 195/200 batch 66/66 (100%) running_loss=0.3494
epoch 195/200 done: train_loss=0.3494 val_loss=0.1994 val_accuracy=0.9672 val_macro_f1=0.9545 val_macro_auc=0.9955 (checkpoint_metric=macro_auc)
train epoch 196/200 batch 13/66 (20%) running_loss=0.3627
train epoch 196/200 batch 26/66 (39%) running_loss=0.3505
train epoch 196/200 batch 39/66 (59%) running_loss=0.3570
train epoch 196/200 batch 52/66 (79%) running_loss=0.3556
train epoch 196/200 batch 65/66 (98%) running_loss=0.3582
train epoch 196/200 batch 66/66 (100%) running_loss=0.3582
epoch 196/200 done: train_loss=0.3582 val_loss=0.1854 val_accuracy=0.9713 val_macro_f1=0.9600 val_macro_auc=0.9958 (checkpoint_metric=macro_auc)
train epoch 197/200 batch 13/66 (20%) running_loss=0.3586
train epoch 197/200 batch 26/66 (39%) running_loss=0.3512
train epoch 197/200 batch 39/66 (59%) running_loss=0.3516
train epoch 197/200 batch 52/66 (79%) running_loss=0.3499
train epoch 197/200 batch 65/66 (98%) running_loss=0.3536
train epoch 197/200 batch 66/66 (100%) running_loss=0.3533
epoch 197/200 done: train_loss=0.3533 val_loss=0.1993 val_accuracy=0.9672 val_macro_f1=0.9545 val_macro_auc=0.9953 (checkpoint_metric=macro_auc)
train epoch 198/200 batch 13/66 (20%) running_loss=0.3445
train epoch 198/200 batch 26/66 (39%) running_loss=0.3519
train epoch 198/200 batch 39/66 (59%) running_loss=0.3536
train epoch 198/200 batch 52/66 (79%) running_loss=0.3572
train epoch 198/200 batch 65/66 (98%) running_loss=0.3560
train epoch 198/200 batch 66/66 (100%) running_loss=0.3557
epoch 198/200 done: train_loss=0.3557 val_loss=0.1893 val_accuracy=0.9693 val_macro_f1=0.9573 val_macro_auc=0.9959 (checkpoint_metric=macro_auc)
train epoch 199/200 batch 13/66 (20%) running_loss=0.3506
train epoch 199/200 batch 26/66 (39%) running_loss=0.3497
train epoch 199/200 batch 39/66 (59%) running_loss=0.3495
train epoch 199/200 batch 52/66 (79%) running_loss=0.3494
train epoch 199/200 batch 65/66 (98%) running_loss=0.3532
train epoch 199/200 batch 66/66 (100%) running_loss=0.3530
epoch 199/200 done: train_loss=0.3530 val_loss=0.1935 val_accuracy=0.9672 val_macro_f1=0.9545 val_macro_auc=0.9955 (checkpoint_metric=macro_auc)
train epoch 200/200 batch 13/66 (20%) running_loss=0.3615
train epoch 200/200 batch 26/66 (39%) running_loss=0.3588
train epoch 200/200 batch 39/66 (59%) running_loss=0.3629
train epoch 200/200 batch 52/66 (79%) running_loss=0.3643
train epoch 200/200 batch 65/66 (98%) running_loss=0.3661
train epoch 200/200 batch 66/66 (100%) running_loss=0.3655
epoch 200/200 done: train_loss=0.3655 val_loss=0.1848 val_accuracy=0.9713 val_macro_f1=0.9610 val_macro_auc=0.9958 (checkpoint_metric=macro_auc)
Training finished. Best epoch=153, smoothed macro_auc=0.9959 (window=3)
Test set evaluated once: accuracy=0.8882 macro_f1=0.8764 macro_auc=0.9774
Best epoch: 153
Test accuracy: 0.8882
Test macro F1: 0.8764
Test macro AUC: 0.9774
