Starting baseline training: model=densenet121 device=cuda amp=True image_size=96 epochs=50 lr=0.001 optimizer=sgd
Dataset ready: 3 classes, 2102 train / 488 val samples (split reused from outputs/baseline_densenet121_96_none_s2/split_indices.json)
Augmentation policy: none (identity)
Classes: {'glioma_tumor': 0, 'meningioma_tumor': 1, 'pituitary_tumor': 2}
Regularization: weight_decay=7.0e-04 label_smoothing=0.10 grad_clip_norm=5.0
train epoch 1/50 batch 13/66 (20%) running_loss=1.1939
train epoch 1/50 batch 26/66 (39%) running_loss=1.0622
train epoch 1/50 batch 39/66 (59%) running_loss=0.9675
train epoch 1/50 batch 52/66 (79%) running_loss=0.8857
train epoch 1/50 batch 65/66 (98%) running_loss=0.8299
train epoch 1/50 batch 66/66 (100%) running_loss=0.8288
epoch 1/50 done: train_loss=0.8288 val_loss=0.3774 val_accuracy=0.8832 val_macro_f1=0.8519 val_macro_auc=0.9716 (checkpoint_metric=macro_auc) [new best]
train epoch 2/50 batch 13/66 (20%) running_loss=0.4751
train epoch 2/50 batch 26/66 (39%) running_loss=0.4735
train epoch 2/50 batch 39/66 (59%) running_loss=0.4692
train epoch 2/50 batch 52/66 (79%) running_loss=0.4754
train epoch 2/50 batch 65/66 (98%) running_loss=0.4690
train epoch 2/50 batch 66/66 (100%) running_loss=0.4680
epoch 2/50 done: train_loss=0.4680 val_loss=0.2803 val_accuracy=0.9160 val_macro_f1=0.8859 val_macro_auc=0.9806 (checkpoint_metric=macro_auc) [new best]
train epoch 3/50 batch 13/66 (20%) running_loss=0.3698
train epoch 3/50 batch 26/66 (39%) running_loss=0.3713
train epoch 3/50 batch 39/66 (59%) running_loss=0.3728
train epoch 3/50 batch 52/66 (79%) running_loss=0.3737
train epoch 3/50 batch 65/66 (98%) running_loss=0.3729
train epoch 3/50 batch 66/66 (100%) running_loss=0.3737
epoch 3/50 done: train_loss=0.3737 val_loss=0.2454 val_accuracy=0.9283 val_macro_f1=0.9039 val_macro_auc=0.9841 (checkpoint_metric=macro_auc) [new best]
train epoch 4/50 batch 13/66 (20%) running_loss=0.3374
train epoch 4/50 batch 26/66 (39%) running_loss=0.3337
train epoch 4/50 batch 39/66 (59%) running_loss=0.3335
train epoch 4/50 batch 52/66 (79%) running_loss=0.3390
train epoch 4/50 batch 65/66 (98%) running_loss=0.3377
train epoch 4/50 batch 66/66 (100%) running_loss=0.3376
epoch 4/50 done: train_loss=0.3376 val_loss=0.2445 val_accuracy=0.9344 val_macro_f1=0.9130 val_macro_auc=0.9845 (checkpoint_metric=macro_auc) [new best]
train epoch 5/50 batch 13/66 (20%) running_loss=0.3257
train epoch 5/50 batch 26/66 (39%) running_loss=0.3237
train epoch 5/50 batch 39/66 (59%) running_loss=0.3254
train epoch 5/50 batch 52/66 (79%) running_loss=0.3243
train epoch 5/50 batch 65/66 (98%) running_loss=0.3242
train epoch 5/50 batch 66/66 (100%) running_loss=0.3244
epoch 5/50 done: train_loss=0.3244 val_loss=0.2776 val_accuracy=0.9242 val_macro_f1=0.8992 val_macro_auc=0.9835 (checkpoint_metric=macro_auc) [new best]
train epoch 6/50 batch 13/66 (20%) running_loss=0.3131
train epoch 6/50 batch 26/66 (39%) running_loss=0.3170
train epoch 6/50 batch 39/66 (59%) running_loss=0.3165
train epoch 6/50 batch 52/66 (79%) running_loss=0.3185
train epoch 6/50 batch 65/66 (98%) running_loss=0.3188
train epoch 6/50 batch 66/66 (100%) running_loss=0.3187
epoch 6/50 done: train_loss=0.3187 val_loss=0.2578 val_accuracy=0.9303 val_macro_f1=0.9062 val_macro_auc=0.9831 (checkpoint_metric=macro_auc)
train epoch 7/50 batch 13/66 (20%) running_loss=0.3134
train epoch 7/50 batch 26/66 (39%) running_loss=0.3153
train epoch 7/50 batch 39/66 (59%) running_loss=0.3139
train epoch 7/50 batch 52/66 (79%) running_loss=0.3129
train epoch 7/50 batch 65/66 (98%) running_loss=0.3155
train epoch 7/50 batch 66/66 (100%) running_loss=0.3155
epoch 7/50 done: train_loss=0.3155 val_loss=0.2537 val_accuracy=0.9344 val_macro_f1=0.9123 val_macro_auc=0.9839 (checkpoint_metric=macro_auc)
train epoch 8/50 batch 13/66 (20%) running_loss=0.3115
train epoch 8/50 batch 26/66 (39%) running_loss=0.3110
train epoch 8/50 batch 39/66 (59%) running_loss=0.3117
train epoch 8/50 batch 52/66 (79%) running_loss=0.3127
train epoch 8/50 batch 65/66 (98%) running_loss=0.3111
train epoch 8/50 batch 66/66 (100%) running_loss=0.3111
epoch 8/50 done: train_loss=0.3111 val_loss=0.2410 val_accuracy=0.9365 val_macro_f1=0.9147 val_macro_auc=0.9860 (checkpoint_metric=macro_auc) [new best]
train epoch 9/50 batch 13/66 (20%) running_loss=0.3150
train epoch 9/50 batch 26/66 (39%) running_loss=0.3139
train epoch 9/50 batch 39/66 (59%) running_loss=0.3122
train epoch 9/50 batch 52/66 (79%) running_loss=0.3107
train epoch 9/50 batch 65/66 (98%) running_loss=0.3108
train epoch 9/50 batch 66/66 (100%) running_loss=0.3107
epoch 9/50 done: train_loss=0.3107 val_loss=0.2584 val_accuracy=0.9242 val_macro_f1=0.8989 val_macro_auc=0.9834 (checkpoint_metric=macro_auc) [new best]
train epoch 10/50 batch 13/66 (20%) running_loss=0.3078
train epoch 10/50 batch 26/66 (39%) running_loss=0.3068
train epoch 10/50 batch 39/66 (59%) running_loss=0.3078
train epoch 10/50 batch 52/66 (79%) running_loss=0.3074
train epoch 10/50 batch 65/66 (98%) running_loss=0.3073
train epoch 10/50 batch 66/66 (100%) running_loss=0.3073
epoch 10/50 done: train_loss=0.3073 val_loss=0.2595 val_accuracy=0.9303 val_macro_f1=0.9070 val_macro_auc=0.9848 (checkpoint_metric=macro_auc) [new best]
train epoch 11/50 batch 13/66 (20%) running_loss=0.3059
train epoch 11/50 batch 26/66 (39%) running_loss=0.3080
train epoch 11/50 batch 39/66 (59%) running_loss=0.3086
train epoch 11/50 batch 52/66 (79%) running_loss=0.3108
train epoch 11/50 batch 65/66 (98%) running_loss=0.3105
train epoch 11/50 batch 66/66 (100%) running_loss=0.3107
epoch 11/50 done: train_loss=0.3107 val_loss=0.2682 val_accuracy=0.9303 val_macro_f1=0.9073 val_macro_auc=0.9829 (checkpoint_metric=macro_auc)
train epoch 12/50 batch 13/66 (20%) running_loss=0.3136
train epoch 12/50 batch 26/66 (39%) running_loss=0.3115
train epoch 12/50 batch 39/66 (59%) running_loss=0.3104
train epoch 12/50 batch 52/66 (79%) running_loss=0.3112
train epoch 12/50 batch 65/66 (98%) running_loss=0.3112
train epoch 12/50 batch 66/66 (100%) running_loss=0.3111
epoch 12/50 done: train_loss=0.3111 val_loss=0.2604 val_accuracy=0.9262 val_macro_f1=0.9020 val_macro_auc=0.9832 (checkpoint_metric=macro_auc)
train epoch 13/50 batch 13/66 (20%) running_loss=0.3067
train epoch 13/50 batch 26/66 (39%) running_loss=0.3075
train epoch 13/50 batch 39/66 (59%) running_loss=0.3071
train epoch 13/50 batch 52/66 (79%) running_loss=0.3062
train epoch 13/50 batch 65/66 (98%) running_loss=0.3087
train epoch 13/50 batch 66/66 (100%) running_loss=0.3087
epoch 13/50 done: train_loss=0.3087 val_loss=0.2391 val_accuracy=0.9385 val_macro_f1=0.9168 val_macro_auc=0.9849 (checkpoint_metric=macro_auc)
train epoch 14/50 batch 13/66 (20%) running_loss=0.3085
train epoch 14/50 batch 26/66 (39%) running_loss=0.3102
train epoch 14/50 batch 39/66 (59%) running_loss=0.3087
train epoch 14/50 batch 52/66 (79%) running_loss=0.3097
train epoch 14/50 batch 65/66 (98%) running_loss=0.3096
train epoch 14/50 batch 66/66 (100%) running_loss=0.3096
epoch 14/50 done: train_loss=0.3096 val_loss=0.2573 val_accuracy=0.9283 val_macro_f1=0.9050 val_macro_auc=0.9847 (checkpoint_metric=macro_auc)
train epoch 15/50 batch 13/66 (20%) running_loss=0.3084
train epoch 15/50 batch 26/66 (39%) running_loss=0.3079
train epoch 15/50 batch 39/66 (59%) running_loss=0.3073
train epoch 15/50 batch 52/66 (79%) running_loss=0.3067
train epoch 15/50 batch 65/66 (98%) running_loss=0.3064
train epoch 15/50 batch 66/66 (100%) running_loss=0.3064
epoch 15/50 done: train_loss=0.3064 val_loss=0.2545 val_accuracy=0.9303 val_macro_f1=0.9073 val_macro_auc=0.9846 (checkpoint_metric=macro_auc)
train epoch 16/50 batch 13/66 (20%) running_loss=0.3062
train epoch 16/50 batch 26/66 (39%) running_loss=0.3055
train epoch 16/50 batch 39/66 (59%) running_loss=0.3053
train epoch 16/50 batch 52/66 (79%) running_loss=0.3065
train epoch 16/50 batch 65/66 (98%) running_loss=0.3076
train epoch 16/50 batch 66/66 (100%) running_loss=0.3076
epoch 16/50 done: train_loss=0.3076 val_loss=0.2737 val_accuracy=0.9303 val_macro_f1=0.9077 val_macro_auc=0.9830 (checkpoint_metric=macro_auc)
train epoch 17/50 batch 13/66 (20%) running_loss=0.3134
train epoch 17/50 batch 26/66 (39%) running_loss=0.3113
train epoch 17/50 batch 39/66 (59%) running_loss=0.3114
train epoch 17/50 batch 52/66 (79%) running_loss=0.3113
train epoch 17/50 batch 65/66 (98%) running_loss=0.3105
train epoch 17/50 batch 66/66 (100%) running_loss=0.3104
epoch 17/50 done: train_loss=0.3104 val_loss=0.2760 val_accuracy=0.9262 val_macro_f1=0.9009 val_macro_auc=0.9841 (checkpoint_metric=macro_auc)
train epoch 18/50 batch 13/66 (20%) running_loss=0.3053
train epoch 18/50 batch 26/66 (39%) running_loss=0.3058
train epoch 18/50 batch 39/66 (59%) running_loss=0.3049
train epoch 18/50 batch 52/66 (79%) running_loss=0.3057
train epoch 18/50 batch 65/66 (98%) running_loss=0.3065
train epoch 18/50 batch 66/66 (100%) running_loss=0.3066
epoch 18/50 done: train_loss=0.3066 val_loss=0.2455 val_accuracy=0.9303 val_macro_f1=0.9066 val_macro_auc=0.9844 (checkpoint_metric=macro_auc)
train epoch 19/50 batch 13/66 (20%) running_loss=0.3074
train epoch 19/50 batch 26/66 (39%) running_loss=0.3049
train epoch 19/50 batch 39/66 (59%) running_loss=0.3061
train epoch 19/50 batch 52/66 (79%) running_loss=0.3068
train epoch 19/50 batch 65/66 (98%) running_loss=0.3057
train epoch 19/50 batch 66/66 (100%) running_loss=0.3057
epoch 19/50 done: train_loss=0.3057 val_loss=0.2539 val_accuracy=0.9262 val_macro_f1=0.9012 val_macro_auc=0.9842 (checkpoint_metric=macro_auc)
train epoch 20/50 batch 13/66 (20%) running_loss=0.3055
train epoch 20/50 batch 26/66 (39%) running_loss=0.3050
train epoch 20/50 batch 39/66 (59%) running_loss=0.3051
train epoch 20/50 batch 52/66 (79%) running_loss=0.3044
train epoch 20/50 batch 65/66 (98%) running_loss=0.3042
train epoch 20/50 batch 66/66 (100%) running_loss=0.3042
epoch 20/50 done: train_loss=0.3042 val_loss=0.2553 val_accuracy=0.9283 val_macro_f1=0.9034 val_macro_auc=0.9843 (checkpoint_metric=macro_auc)
train epoch 21/50 batch 13/66 (20%) running_loss=0.3015
train epoch 21/50 batch 26/66 (39%) running_loss=0.3052
train epoch 21/50 batch 39/66 (59%) running_loss=0.3042
train epoch 21/50 batch 52/66 (79%) running_loss=0.3040
train epoch 21/50 batch 65/66 (98%) running_loss=0.3045
train epoch 21/50 batch 66/66 (100%) running_loss=0.3046
epoch 21/50 done: train_loss=0.3046 val_loss=0.2698 val_accuracy=0.9283 val_macro_f1=0.9032 val_macro_auc=0.9845 (checkpoint_metric=macro_auc)
train epoch 22/50 batch 13/66 (20%) running_loss=0.3030
train epoch 22/50 batch 26/66 (39%) running_loss=0.3072
train epoch 22/50 batch 39/66 (59%) running_loss=0.3065
train epoch 22/50 batch 52/66 (79%) running_loss=0.3064
train epoch 22/50 batch 65/66 (98%) running_loss=0.3068
train epoch 22/50 batch 66/66 (100%) running_loss=0.3067
epoch 22/50 done: train_loss=0.3067 val_loss=0.2599 val_accuracy=0.9283 val_macro_f1=0.9047 val_macro_auc=0.9851 (checkpoint_metric=macro_auc)
train epoch 23/50 batch 13/66 (20%) running_loss=0.3059
train epoch 23/50 batch 26/66 (39%) running_loss=0.3076
train epoch 23/50 batch 39/66 (59%) running_loss=0.3069
train epoch 23/50 batch 52/66 (79%) running_loss=0.3070
train epoch 23/50 batch 65/66 (98%) running_loss=0.3064
train epoch 23/50 batch 66/66 (100%) running_loss=0.3063
epoch 23/50 done: train_loss=0.3063 val_loss=0.2699 val_accuracy=0.9262 val_macro_f1=0.8998 val_macro_auc=0.9844 (checkpoint_metric=macro_auc)
train epoch 24/50 batch 13/66 (20%) running_loss=0.3013
train epoch 24/50 batch 26/66 (39%) running_loss=0.3048
train epoch 24/50 batch 39/66 (59%) running_loss=0.3056
train epoch 24/50 batch 52/66 (79%) running_loss=0.3040
train epoch 24/50 batch 65/66 (98%) running_loss=0.3041
train epoch 24/50 batch 66/66 (100%) running_loss=0.3040
epoch 24/50 done: train_loss=0.3040 val_loss=0.2483 val_accuracy=0.9324 val_macro_f1=0.9083 val_macro_auc=0.9855 (checkpoint_metric=macro_auc) [new best]
train epoch 25/50 batch 13/66 (20%) running_loss=0.3016
train epoch 25/50 batch 26/66 (39%) running_loss=0.3026
train epoch 25/50 batch 39/66 (59%) running_loss=0.3024
train epoch 25/50 batch 52/66 (79%) running_loss=0.3023
train epoch 25/50 batch 65/66 (98%) running_loss=0.3026
train epoch 25/50 batch 66/66 (100%) running_loss=0.3026
epoch 25/50 done: train_loss=0.3026 val_loss=0.2577 val_accuracy=0.9283 val_macro_f1=0.9034 val_macro_auc=0.9847 (checkpoint_metric=macro_auc)
train epoch 26/50 batch 13/66 (20%) running_loss=0.3052
train epoch 26/50 batch 26/66 (39%) running_loss=0.3088
train epoch 26/50 batch 39/66 (59%) running_loss=0.3064
train epoch 26/50 batch 52/66 (79%) running_loss=0.3068
train epoch 26/50 batch 65/66 (98%) running_loss=0.3055
train epoch 26/50 batch 66/66 (100%) running_loss=0.3055
epoch 26/50 done: train_loss=0.3055 val_loss=0.2724 val_accuracy=0.9283 val_macro_f1=0.9032 val_macro_auc=0.9835 (checkpoint_metric=macro_auc)
train epoch 27/50 batch 13/66 (20%) running_loss=0.3031
train epoch 27/50 batch 26/66 (39%) running_loss=0.3040
train epoch 27/50 batch 39/66 (59%) running_loss=0.3032
train epoch 27/50 batch 52/66 (79%) running_loss=0.3030
train epoch 27/50 batch 65/66 (98%) running_loss=0.3028
train epoch 27/50 batch 66/66 (100%) running_loss=0.3027
epoch 27/50 done: train_loss=0.3027 val_loss=0.2631 val_accuracy=0.9324 val_macro_f1=0.9090 val_macro_auc=0.9841 (checkpoint_metric=macro_auc)
train epoch 28/50 batch 13/66 (20%) running_loss=0.3046
train epoch 28/50 batch 26/66 (39%) running_loss=0.3044
train epoch 28/50 batch 39/66 (59%) running_loss=0.3038
train epoch 28/50 batch 52/66 (79%) running_loss=0.3053
train epoch 28/50 batch 65/66 (98%) running_loss=0.3054
train epoch 28/50 batch 66/66 (100%) running_loss=0.3053
epoch 28/50 done: train_loss=0.3053 val_loss=0.2616 val_accuracy=0.9283 val_macro_f1=0.9037 val_macro_auc=0.9842 (checkpoint_metric=macro_auc)
train epoch 29/50 batch 13/66 (20%) running_loss=0.3004
train epoch 29/50 batch 26/66 (39%) running_loss=0.3017
train epoch 29/50 batch 39/66 (59%) running_loss=0.3021
train epoch 29/50 batch 52/66 (79%) running_loss=0.3034
train epoch 29/50 batch 65/66 (98%) running_loss=0.3041
train epoch 29/50 batch 66/66 (100%) running_loss=0.3045
epoch 29/50 done: train_loss=0.3045 val_loss=0.2489 val_accuracy=0.9324 val_macro_f1=0.9083 val_macro_auc=0.9849 (checkpoint_metric=macro_auc)
train epoch 30/50 batch 13/66 (20%) running_loss=0.3026
train epoch 30/50 batch 26/66 (39%) running_loss=0.3050
train epoch 30/50 batch 39/66 (59%) running_loss=0.3046
train epoch 30/50 batch 52/66 (79%) running_loss=0.3040
train epoch 30/50 batch 65/66 (98%) running_loss=0.3045
train epoch 30/50 batch 66/66 (100%) running_loss=0.3044
epoch 30/50 done: train_loss=0.3044 val_loss=0.2566 val_accuracy=0.9303 val_macro_f1=0.9051 val_macro_auc=0.9843 (checkpoint_metric=macro_auc)
train epoch 31/50 batch 13/66 (20%) running_loss=0.3059
train epoch 31/50 batch 26/66 (39%) running_loss=0.3043
train epoch 31/50 batch 39/66 (59%) running_loss=0.3064
train epoch 31/50 batch 52/66 (79%) running_loss=0.3059
train epoch 31/50 batch 65/66 (98%) running_loss=0.3054
train epoch 31/50 batch 66/66 (100%) running_loss=0.3054
epoch 31/50 done: train_loss=0.3054 val_loss=0.2615 val_accuracy=0.9303 val_macro_f1=0.9054 val_macro_auc=0.9844 (checkpoint_metric=macro_auc)
train epoch 32/50 batch 13/66 (20%) running_loss=0.3030
train epoch 32/50 batch 26/66 (39%) running_loss=0.3017
train epoch 32/50 batch 39/66 (59%) running_loss=0.3013
train epoch 32/50 batch 52/66 (79%) running_loss=0.3015
train epoch 32/50 batch 65/66 (98%) running_loss=0.3019
train epoch 32/50 batch 66/66 (100%) running_loss=0.3019
epoch 32/50 done: train_loss=0.3019 val_loss=0.2550 val_accuracy=0.9303 val_macro_f1=0.9066 val_macro_auc=0.9845 (checkpoint_metric=macro_auc)
train epoch 33/50 batch 13/66 (20%) running_loss=0.3004
train epoch 33/50 batch 26/66 (39%) running_loss=0.3009
train epoch 33/50 batch 39/66 (59%) running_loss=0.3013
train epoch 33/50 batch 52/66 (79%) running_loss=0.3020
train epoch 33/50 batch 65/66 (98%) running_loss=0.3029
train epoch 33/50 batch 66/66 (100%) running_loss=0.3030
epoch 33/50 done: train_loss=0.3030 val_loss=0.2532 val_accuracy=0.9283 val_macro_f1=0.9029 val_macro_auc=0.9847 (checkpoint_metric=macro_auc)
train epoch 34/50 batch 13/66 (20%) running_loss=0.3009
train epoch 34/50 batch 26/66 (39%) running_loss=0.3028
train epoch 34/50 batch 39/66 (59%) running_loss=0.3034
train epoch 34/50 batch 52/66 (79%) running_loss=0.3038
train epoch 34/50 batch 65/66 (98%) running_loss=0.3031
train epoch 34/50 batch 66/66 (100%) running_loss=0.3031
epoch 34/50 done: train_loss=0.3031 val_loss=0.2594 val_accuracy=0.9262 val_macro_f1=0.9012 val_macro_auc=0.9848 (checkpoint_metric=macro_auc)
train epoch 35/50 batch 13/66 (20%) running_loss=0.3006
train epoch 35/50 batch 26/66 (39%) running_loss=0.3004
train epoch 35/50 batch 39/66 (59%) running_loss=0.3013
train epoch 35/50 batch 52/66 (79%) running_loss=0.3010
train epoch 35/50 batch 65/66 (98%) running_loss=0.3021
train epoch 35/50 batch 66/66 (100%) running_loss=0.3020
epoch 35/50 done: train_loss=0.3020 val_loss=0.2622 val_accuracy=0.9221 val_macro_f1=0.8945 val_macro_auc=0.9841 (checkpoint_metric=macro_auc)
train epoch 36/50 batch 13/66 (20%) running_loss=0.3058
train epoch 36/50 batch 26/66 (39%) running_loss=0.3050
train epoch 36/50 batch 39/66 (59%) running_loss=0.3048
train epoch 36/50 batch 52/66 (79%) running_loss=0.3044
train epoch 36/50 batch 65/66 (98%) running_loss=0.3039
train epoch 36/50 batch 66/66 (100%) running_loss=0.3039
epoch 36/50 done: train_loss=0.3039 val_loss=0.2743 val_accuracy=0.9283 val_macro_f1=0.9032 val_macro_auc=0.9838 (checkpoint_metric=macro_auc)
train epoch 37/50 batch 13/66 (20%) running_loss=0.3029
train epoch 37/50 batch 26/66 (39%) running_loss=0.3031
train epoch 37/50 batch 39/66 (59%) running_loss=0.3032
train epoch 37/50 batch 52/66 (79%) running_loss=0.3027
train epoch 37/50 batch 65/66 (98%) running_loss=0.3030
train epoch 37/50 batch 66/66 (100%) running_loss=0.3031
epoch 37/50 done: train_loss=0.3031 val_loss=0.2580 val_accuracy=0.9303 val_macro_f1=0.9070 val_macro_auc=0.9846 (checkpoint_metric=macro_auc)
train epoch 38/50 batch 13/66 (20%) running_loss=0.3004
train epoch 38/50 batch 26/66 (39%) running_loss=0.3015
train epoch 38/50 batch 39/66 (59%) running_loss=0.3022
train epoch 38/50 batch 52/66 (79%) running_loss=0.3017
train epoch 38/50 batch 65/66 (98%) running_loss=0.3022
train epoch 38/50 batch 66/66 (100%) running_loss=0.3025
epoch 38/50 done: train_loss=0.3025 val_loss=0.2581 val_accuracy=0.9324 val_macro_f1=0.9100 val_macro_auc=0.9842 (checkpoint_metric=macro_auc)
train epoch 39/50 batch 13/66 (20%) running_loss=0.3019
train epoch 39/50 batch 26/66 (39%) running_loss=0.3007
train epoch 39/50 batch 39/66 (59%) running_loss=0.3005
train epoch 39/50 batch 52/66 (79%) running_loss=0.3006
train epoch 39/50 batch 65/66 (98%) running_loss=0.3013
train epoch 39/50 batch 66/66 (100%) running_loss=0.3014
epoch 39/50 done: train_loss=0.3014 val_loss=0.2664 val_accuracy=0.9324 val_macro_f1=0.9081 val_macro_auc=0.9841 (checkpoint_metric=macro_auc)
train epoch 40/50 batch 13/66 (20%) running_loss=0.2999
train epoch 40/50 batch 26/66 (39%) running_loss=0.3036
train epoch 40/50 batch 39/66 (59%) running_loss=0.3036
train epoch 40/50 batch 52/66 (79%) running_loss=0.3039
train epoch 40/50 batch 65/66 (98%) running_loss=0.3043
train epoch 40/50 batch 66/66 (100%) running_loss=0.3044
epoch 40/50 done: train_loss=0.3044 val_loss=0.2724 val_accuracy=0.9242 val_macro_f1=0.8968 val_macro_auc=0.9835 (checkpoint_metric=macro_auc)
train epoch 41/50 batch 13/66 (20%) running_loss=0.3068
train epoch 41/50 batch 26/66 (39%) running_loss=0.3036
train epoch 41/50 batch 39/66 (59%) running_loss=0.3047
train epoch 41/50 batch 52/66 (79%) running_loss=0.3035
train epoch 41/50 batch 65/66 (98%) running_loss=0.3041
train epoch 41/50 batch 66/66 (100%) running_loss=0.3043
epoch 41/50 done: train_loss=0.3043 val_loss=0.2651 val_accuracy=0.9303 val_macro_f1=0.9051 val_macro_auc=0.9840 (checkpoint_metric=macro_auc)
train epoch 42/50 batch 13/66 (20%) running_loss=0.3015
train epoch 42/50 batch 26/66 (39%) running_loss=0.3025
train epoch 42/50 batch 39/66 (59%) running_loss=0.3020
train epoch 42/50 batch 52/66 (79%) running_loss=0.3019
train epoch 42/50 batch 65/66 (98%) running_loss=0.3015
train epoch 42/50 batch 66/66 (100%) running_loss=0.3015
epoch 42/50 done: train_loss=0.3015 val_loss=0.2651 val_accuracy=0.9283 val_macro_f1=0.9029 val_macro_auc=0.9841 (checkpoint_metric=macro_auc)
train epoch 43/50 batch 13/66 (20%) running_loss=0.3010
train epoch 43/50 batch 26/66 (39%) running_loss=0.3025
train epoch 43/50 batch 39/66 (59%) running_loss=0.3024
train epoch 43/50 batch 52/66 (79%) running_loss=0.3022
train epoch 43/50 batch 65/66 (98%) running_loss=0.3015
train epoch 43/50 batch 66/66 (100%) running_loss=0.3017
epoch 43/50 done: train_loss=0.3017 val_loss=0.2557 val_accuracy=0.9344 val_macro_f1=0.9109 val_macro_auc=0.9845 (checkpoint_metric=macro_auc)
train epoch 44/50 batch 13/66 (20%) running_loss=0.3054
train epoch 44/50 batch 26/66 (39%) running_loss=0.3024
train epoch 44/50 batch 39/66 (59%) running_loss=0.3020
train epoch 44/50 batch 52/66 (79%) running_loss=0.3036
train epoch 44/50 batch 65/66 (98%) running_loss=0.3033
train epoch 44/50 batch 66/66 (100%) running_loss=0.3032
epoch 44/50 done: train_loss=0.3032 val_loss=0.2626 val_accuracy=0.9324 val_macro_f1=0.9073 val_macro_auc=0.9846 (checkpoint_metric=macro_auc)
train epoch 45/50 batch 13/66 (20%) running_loss=0.3022
train epoch 45/50 batch 26/66 (39%) running_loss=0.3007
train epoch 45/50 batch 39/66 (59%) running_loss=0.3015
train epoch 45/50 batch 52/66 (79%) running_loss=0.3014
train epoch 45/50 batch 65/66 (98%) running_loss=0.3013
train epoch 45/50 batch 66/66 (100%) running_loss=0.3013
epoch 45/50 done: train_loss=0.3013 val_loss=0.2629 val_accuracy=0.9324 val_macro_f1=0.9081 val_macro_auc=0.9847 (checkpoint_metric=macro_auc)
train epoch 46/50 batch 13/66 (20%) running_loss=0.3018
train epoch 46/50 batch 26/66 (39%) running_loss=0.3014
train epoch 46/50 batch 39/66 (59%) running_loss=0.3014
train epoch 46/50 batch 52/66 (79%) running_loss=0.3014
train epoch 46/50 batch 65/66 (98%) running_loss=0.3010
train epoch 46/50 batch 66/66 (100%) running_loss=0.3010
epoch 46/50 done: train_loss=0.3010 val_loss=0.2581 val_accuracy=0.9283 val_macro_f1=0.9039 val_macro_auc=0.9842 (checkpoint_metric=macro_auc)
train epoch 47/50 batch 13/66 (20%) running_loss=0.3021
train epoch 47/50 batch 26/66 (39%) running_loss=0.3015
train epoch 47/50 batch 39/66 (59%) running_loss=0.3018
train epoch 47/50 batch 52/66 (79%) running_loss=0.3032
train epoch 47/50 batch 65/66 (98%) running_loss=0.3034
train epoch 47/50 batch 66/66 (100%) running_loss=0.3033
epoch 47/50 done: train_loss=0.3033 val_loss=0.2772 val_accuracy=0.9262 val_macro_f1=0.9006 val_macro_auc=0.9831 (checkpoint_metric=macro_auc)
train epoch 48/50 batch 13/66 (20%) running_loss=0.3018
train epoch 48/50 batch 26/66 (39%) running_loss=0.3009
train epoch 48/50 batch 39/66 (59%) running_loss=0.3014
train epoch 48/50 batch 52/66 (79%) running_loss=0.3018
train epoch 48/50 batch 65/66 (98%) running_loss=0.3031
train epoch 48/50 batch 66/66 (100%) running_loss=0.3030
epoch 48/50 done: train_loss=0.3030 val_loss=0.2721 val_accuracy=0.9262 val_macro_f1=0.9002 val_macro_auc=0.9836 (checkpoint_metric=macro_auc)
train epoch 49/50 batch 13/66 (20%) running_loss=0.3008
train epoch 49/50 batch 26/66 (39%) running_loss=0.3024
train epoch 49/50 batch 39/66 (59%) running_loss=0.3019
train epoch 49/50 batch 52/66 (79%) running_loss=0.3031
train epoch 49/50 batch 65/66 (98%) running_loss=0.3030
train epoch 49/50 batch 66/66 (100%) running_loss=0.3029
epoch 49/50 done: train_loss=0.3029 val_loss=0.2655 val_accuracy=0.9283 val_macro_f1=0.9034 val_macro_auc=0.9834 (checkpoint_metric=macro_auc)
train epoch 50/50 batch 13/66 (20%) running_loss=0.3002
train epoch 50/50 batch 26/66 (39%) running_loss=0.3009
train epoch 50/50 batch 39/66 (59%) running_loss=0.3009
train epoch 50/50 batch 52/66 (79%) running_loss=0.2999
train epoch 50/50 batch 65/66 (98%) running_loss=0.3000
train epoch 50/50 batch 66/66 (100%) running_loss=0.3000
epoch 50/50 done: train_loss=0.3000 val_loss=0.2534 val_accuracy=0.9262 val_macro_f1=0.9012 val_macro_auc=0.9843 (checkpoint_metric=macro_auc)
Training finished. Best epoch=24, smoothed macro_auc=0.9850 (window=3)
Test set evaluated once: accuracy=0.8987 macro_f1=0.8873 macro_auc=0.9727
Model size: 6.96M params, 0.532 GFLOPs at 96x96

Best epoch: 24
Test accuracy:  0.8987
Test macro F1:  0.8873
Test macro AUC: 0.9727
Model size: 6.96M params, 0.532 GFLOPs
