Starting final training on device=cuda, amp=True, physical_batch_size=32, accumulation_steps=1, effective_batch_size=32
Augmentation policy: constant strength (rank-averaged), from outputs/main1/augmentation_run/selected_policy.json
Classes: {'glioma_tumor': 0, 'meningioma_tumor': 1, 'pituitary_tumor': 2}
Regularization: weight_decay=7.0e-04 classifier_dropout=0.30 label_smoothing=0.10 drop_path=0.20
Magnitude bounds from configs/bounds_mid.json: {'rotation': [0.0, 30.0], 'affine_translation': [0.0, 0.13], 'random_resized_crop': [0.0, 0.25]}
Constant strengths: {'rotation': 0.0675, 'affine_translation': 0.2256, 'random_resized_crop': 0.516, 'brightness': 0.4195, 'contrast': 0.123, 'horizontal_flip': 0.5366, 'random_erasing': 0.1828}
train epoch 1/200 batch 13/66 (20%) running_loss=1.1474
train epoch 1/200 batch 26/66 (39%) running_loss=1.1575
train epoch 1/200 batch 39/66 (59%) running_loss=1.1531
train epoch 1/200 batch 52/66 (79%) running_loss=1.1683
train epoch 1/200 batch 65/66 (98%) running_loss=1.1778
train epoch 1/200 batch 66/66 (100%) running_loss=1.1773
epoch 1/200 done: train_loss=1.1773 val_loss=1.0552 val_accuracy=0.5061 val_macro_f1=0.2240 val_macro_auc=0.6239 (checkpoint_metric=macro_auc) [new best]
train epoch 2/200 batch 13/66 (20%) running_loss=1.1698
train epoch 2/200 batch 26/66 (39%) running_loss=1.1320
train epoch 2/200 batch 39/66 (59%) running_loss=1.1481
train epoch 2/200 batch 52/66 (79%) running_loss=1.1433
train epoch 2/200 batch 65/66 (98%) running_loss=1.1361
train epoch 2/200 batch 66/66 (100%) running_loss=1.1346
epoch 2/200 done: train_loss=1.1346 val_loss=1.0313 val_accuracy=0.5061 val_macro_f1=0.2240 val_macro_auc=0.6099 (checkpoint_metric=macro_auc)
train epoch 3/200 batch 13/66 (20%) running_loss=1.0871
train epoch 3/200 batch 26/66 (39%) running_loss=1.0844
train epoch 3/200 batch 39/66 (59%) running_loss=1.0892
train epoch 3/200 batch 52/66 (79%) running_loss=1.0866
train epoch 3/200 batch 65/66 (98%) running_loss=1.0801
train epoch 3/200 batch 66/66 (100%) running_loss=1.0802
epoch 3/200 done: train_loss=1.0802 val_loss=1.0144 val_accuracy=0.5061 val_macro_f1=0.2240 val_macro_auc=0.7361 (checkpoint_metric=macro_auc) [new best]
train epoch 4/200 batch 13/66 (20%) running_loss=1.0355
train epoch 4/200 batch 26/66 (39%) running_loss=1.0128
train epoch 4/200 batch 39/66 (59%) running_loss=1.0092
train epoch 4/200 batch 52/66 (79%) running_loss=1.0011
train epoch 4/200 batch 65/66 (98%) running_loss=0.9946
train epoch 4/200 batch 66/66 (100%) running_loss=0.9948
epoch 4/200 done: train_loss=0.9948 val_loss=0.8536 val_accuracy=0.6680 val_macro_f1=0.4758 val_macro_auc=0.7539 (checkpoint_metric=macro_auc) [new best]
train epoch 5/200 batch 13/66 (20%) running_loss=0.9499
train epoch 5/200 batch 26/66 (39%) running_loss=0.9831
train epoch 5/200 batch 39/66 (59%) running_loss=0.9949
train epoch 5/200 batch 52/66 (79%) running_loss=0.9901
train epoch 5/200 batch 65/66 (98%) running_loss=0.9828
train epoch 5/200 batch 66/66 (100%) running_loss=0.9839
epoch 5/200 done: train_loss=0.9839 val_loss=0.8789 val_accuracy=0.6639 val_macro_f1=0.4638 val_macro_auc=0.7695 (checkpoint_metric=macro_auc) [new best]
train epoch 6/200 batch 13/66 (20%) running_loss=0.9963
train epoch 6/200 batch 26/66 (39%) running_loss=0.9782
train epoch 6/200 batch 39/66 (59%) running_loss=0.9622
train epoch 6/200 batch 52/66 (79%) running_loss=0.9463
train epoch 6/200 batch 65/66 (98%) running_loss=0.9426
train epoch 6/200 batch 66/66 (100%) running_loss=0.9426
epoch 6/200 done: train_loss=0.9426 val_loss=0.7944 val_accuracy=0.6885 val_macro_f1=0.4938 val_macro_auc=0.7815 (checkpoint_metric=macro_auc) [new best]
train epoch 7/200 batch 13/66 (20%) running_loss=0.9635
train epoch 7/200 batch 26/66 (39%) running_loss=0.9511
train epoch 7/200 batch 39/66 (59%) running_loss=0.9405
train epoch 7/200 batch 52/66 (79%) running_loss=0.9270
train epoch 7/200 batch 65/66 (98%) running_loss=0.9328
train epoch 7/200 batch 66/66 (100%) running_loss=0.9336
epoch 7/200 done: train_loss=0.9336 val_loss=0.7960 val_accuracy=0.7008 val_macro_f1=0.5035 val_macro_auc=0.7732 (checkpoint_metric=macro_auc) [new best]
train epoch 8/200 batch 13/66 (20%) running_loss=0.9195
train epoch 8/200 batch 26/66 (39%) running_loss=0.9235
train epoch 8/200 batch 39/66 (59%) running_loss=0.9193
train epoch 8/200 batch 52/66 (79%) running_loss=0.9117
train epoch 8/200 batch 65/66 (98%) running_loss=0.9049
train epoch 8/200 batch 66/66 (100%) running_loss=0.9049
epoch 8/200 done: train_loss=0.9049 val_loss=0.7574 val_accuracy=0.7008 val_macro_f1=0.5035 val_macro_auc=0.7640 (checkpoint_metric=macro_auc)
train epoch 9/200 batch 13/66 (20%) running_loss=0.8851
train epoch 9/200 batch 26/66 (39%) running_loss=0.8958
train epoch 9/200 batch 39/66 (59%) running_loss=0.8847
train epoch 9/200 batch 52/66 (79%) running_loss=0.8861
train epoch 9/200 batch 65/66 (98%) running_loss=0.8888
train epoch 9/200 batch 66/66 (100%) running_loss=0.8875
epoch 9/200 done: train_loss=0.8875 val_loss=0.7461 val_accuracy=0.7295 val_macro_f1=0.5260 val_macro_auc=0.8000 (checkpoint_metric=macro_auc) [new best]
train epoch 10/200 batch 13/66 (20%) running_loss=0.8782
train epoch 10/200 batch 26/66 (39%) running_loss=0.8413
train epoch 10/200 batch 39/66 (59%) running_loss=0.8600
train epoch 10/200 batch 52/66 (79%) running_loss=0.8601
train epoch 10/200 batch 65/66 (98%) running_loss=0.8685
train epoch 10/200 batch 66/66 (100%) running_loss=0.8670
epoch 10/200 done: train_loss=0.8670 val_loss=0.7201 val_accuracy=0.7070 val_macro_f1=0.5097 val_macro_auc=0.8035 (checkpoint_metric=macro_auc) [new best]
train epoch 11/200 batch 13/66 (20%) running_loss=0.8921
train epoch 11/200 batch 26/66 (39%) running_loss=0.8748
train epoch 11/200 batch 39/66 (59%) running_loss=0.8632
train epoch 11/200 batch 52/66 (79%) running_loss=0.8647
train epoch 11/200 batch 65/66 (98%) running_loss=0.8687
train epoch 11/200 batch 66/66 (100%) running_loss=0.8694
epoch 11/200 done: train_loss=0.8694 val_loss=0.7283 val_accuracy=0.6947 val_macro_f1=0.4983 val_macro_auc=0.8037 (checkpoint_metric=macro_auc) [new best]
train epoch 12/200 batch 13/66 (20%) running_loss=0.8659
train epoch 12/200 batch 26/66 (39%) running_loss=0.8504
train epoch 12/200 batch 39/66 (59%) running_loss=0.8581
train epoch 12/200 batch 52/66 (79%) running_loss=0.8479
train epoch 12/200 batch 65/66 (98%) running_loss=0.8481
train epoch 12/200 batch 66/66 (100%) running_loss=0.8493
epoch 12/200 done: train_loss=0.8493 val_loss=0.6705 val_accuracy=0.7439 val_macro_f1=0.5382 val_macro_auc=0.8377 (checkpoint_metric=macro_auc) [new best]
train epoch 13/200 batch 13/66 (20%) running_loss=0.8897
train epoch 13/200 batch 26/66 (39%) running_loss=0.8810
train epoch 13/200 batch 39/66 (59%) running_loss=0.8652
train epoch 13/200 batch 52/66 (79%) running_loss=0.8591
train epoch 13/200 batch 65/66 (98%) running_loss=0.8590
train epoch 13/200 batch 66/66 (100%) running_loss=0.8602
epoch 13/200 done: train_loss=0.8602 val_loss=0.7506 val_accuracy=0.7439 val_macro_f1=0.5359 val_macro_auc=0.8141 (checkpoint_metric=macro_auc) [new best]
train epoch 14/200 batch 13/66 (20%) running_loss=0.8760
train epoch 14/200 batch 26/66 (39%) running_loss=0.8528
train epoch 14/200 batch 39/66 (59%) running_loss=0.8483
train epoch 14/200 batch 52/66 (79%) running_loss=0.8382
train epoch 14/200 batch 65/66 (98%) running_loss=0.8389
train epoch 14/200 batch 66/66 (100%) running_loss=0.8411
epoch 14/200 done: train_loss=0.8411 val_loss=0.7363 val_accuracy=0.7500 val_macro_f1=0.5433 val_macro_auc=0.8135 (checkpoint_metric=macro_auc) [new best]
train epoch 15/200 batch 13/66 (20%) running_loss=0.8338
train epoch 15/200 batch 26/66 (39%) running_loss=0.8309
train epoch 15/200 batch 39/66 (59%) running_loss=0.8421
train epoch 15/200 batch 52/66 (79%) running_loss=0.8445
train epoch 15/200 batch 65/66 (98%) running_loss=0.8395
train epoch 15/200 batch 66/66 (100%) running_loss=0.8396
epoch 15/200 done: train_loss=0.8396 val_loss=0.7683 val_accuracy=0.7520 val_macro_f1=0.5438 val_macro_auc=0.8221 (checkpoint_metric=macro_auc)
train epoch 16/200 batch 13/66 (20%) running_loss=0.8499
train epoch 16/200 batch 26/66 (39%) running_loss=0.8522
train epoch 16/200 batch 39/66 (59%) running_loss=0.8323
train epoch 16/200 batch 52/66 (79%) running_loss=0.8351
train epoch 16/200 batch 65/66 (98%) running_loss=0.8397
train epoch 16/200 batch 66/66 (100%) running_loss=0.8392
epoch 16/200 done: train_loss=0.8392 val_loss=0.6704 val_accuracy=0.7500 val_macro_f1=0.5432 val_macro_auc=0.8407 (checkpoint_metric=macro_auc) [new best]
train epoch 17/200 batch 13/66 (20%) running_loss=0.7808
train epoch 17/200 batch 26/66 (39%) running_loss=0.8120
train epoch 17/200 batch 39/66 (59%) running_loss=0.8235
train epoch 17/200 batch 52/66 (79%) running_loss=0.8290
train epoch 17/200 batch 65/66 (98%) running_loss=0.8249
train epoch 17/200 batch 66/66 (100%) running_loss=0.8277
epoch 17/200 done: train_loss=0.8277 val_loss=0.6892 val_accuracy=0.7234 val_macro_f1=0.5213 val_macro_auc=0.8397 (checkpoint_metric=macro_auc) [new best]
train epoch 18/200 batch 13/66 (20%) running_loss=0.8537
train epoch 18/200 batch 26/66 (39%) running_loss=0.8445
train epoch 18/200 batch 39/66 (59%) running_loss=0.8361
train epoch 18/200 batch 52/66 (79%) running_loss=0.8247
train epoch 18/200 batch 65/66 (98%) running_loss=0.8201
train epoch 18/200 batch 66/66 (100%) running_loss=0.8202
epoch 18/200 done: train_loss=0.8202 val_loss=0.6834 val_accuracy=0.7582 val_macro_f1=0.5478 val_macro_auc=0.8169 (checkpoint_metric=macro_auc)
train epoch 19/200 batch 13/66 (20%) running_loss=0.7984
train epoch 19/200 batch 26/66 (39%) running_loss=0.8234
train epoch 19/200 batch 39/66 (59%) running_loss=0.8060
train epoch 19/200 batch 52/66 (79%) running_loss=0.8083
train epoch 19/200 batch 65/66 (98%) running_loss=0.8137
train epoch 19/200 batch 66/66 (100%) running_loss=0.8134
epoch 19/200 done: train_loss=0.8134 val_loss=0.6572 val_accuracy=0.7807 val_macro_f1=0.5670 val_macro_auc=0.8435 (checkpoint_metric=macro_auc)
train epoch 20/200 batch 13/66 (20%) running_loss=0.8265
train epoch 20/200 batch 26/66 (39%) running_loss=0.8177
train epoch 20/200 batch 39/66 (59%) running_loss=0.8196
train epoch 20/200 batch 52/66 (79%) running_loss=0.8043
train epoch 20/200 batch 65/66 (98%) running_loss=0.8111
train epoch 20/200 batch 66/66 (100%) running_loss=0.8126
epoch 20/200 done: train_loss=0.8126 val_loss=0.6236 val_accuracy=0.7725 val_macro_f1=0.5591 val_macro_auc=0.8438 (checkpoint_metric=macro_auc) [new best]
train epoch 21/200 batch 13/66 (20%) running_loss=0.8048
train epoch 21/200 batch 26/66 (39%) running_loss=0.8246
train epoch 21/200 batch 39/66 (59%) running_loss=0.8142
train epoch 21/200 batch 52/66 (79%) running_loss=0.8103
train epoch 21/200 batch 65/66 (98%) running_loss=0.8166
train epoch 21/200 batch 66/66 (100%) running_loss=0.8167
epoch 21/200 done: train_loss=0.8167 val_loss=0.6573 val_accuracy=0.7520 val_macro_f1=0.5446 val_macro_auc=0.8565 (checkpoint_metric=macro_auc) [new best]
train epoch 22/200 batch 13/66 (20%) running_loss=0.8289
train epoch 22/200 batch 26/66 (39%) running_loss=0.8083
train epoch 22/200 batch 39/66 (59%) running_loss=0.8152
train epoch 22/200 batch 52/66 (79%) running_loss=0.8086
train epoch 22/200 batch 65/66 (98%) running_loss=0.7953
train epoch 22/200 batch 66/66 (100%) running_loss=0.7949
epoch 22/200 done: train_loss=0.7949 val_loss=0.6158 val_accuracy=0.7684 val_macro_f1=0.5567 val_macro_auc=0.8464 (checkpoint_metric=macro_auc) [new best]
train epoch 23/200 batch 13/66 (20%) running_loss=0.7983
train epoch 23/200 batch 26/66 (39%) running_loss=0.8222
train epoch 23/200 batch 39/66 (59%) running_loss=0.8061
train epoch 23/200 batch 52/66 (79%) running_loss=0.7975
train epoch 23/200 batch 65/66 (98%) running_loss=0.7867
train epoch 23/200 batch 66/66 (100%) running_loss=0.7859
epoch 23/200 done: train_loss=0.7859 val_loss=0.6397 val_accuracy=0.7664 val_macro_f1=0.6057 val_macro_auc=0.8399 (checkpoint_metric=macro_auc)
train epoch 24/200 batch 13/66 (20%) running_loss=0.7664
train epoch 24/200 batch 26/66 (39%) running_loss=0.7760
train epoch 24/200 batch 39/66 (59%) running_loss=0.7782
train epoch 24/200 batch 52/66 (79%) running_loss=0.7834
train epoch 24/200 batch 65/66 (98%) running_loss=0.7904
train epoch 24/200 batch 66/66 (100%) running_loss=0.7886
epoch 24/200 done: train_loss=0.7886 val_loss=0.5946 val_accuracy=0.7828 val_macro_f1=0.5981 val_macro_auc=0.8746 (checkpoint_metric=macro_auc) [new best]
train epoch 25/200 batch 13/66 (20%) running_loss=0.7470
train epoch 25/200 batch 26/66 (39%) running_loss=0.7611
train epoch 25/200 batch 39/66 (59%) running_loss=0.7706
train epoch 25/200 batch 52/66 (79%) running_loss=0.7711
train epoch 25/200 batch 65/66 (98%) running_loss=0.7704
train epoch 25/200 batch 66/66 (100%) running_loss=0.7691
epoch 25/200 done: train_loss=0.7691 val_loss=0.6163 val_accuracy=0.7602 val_macro_f1=0.5692 val_macro_auc=0.8336 (checkpoint_metric=macro_auc)
train epoch 26/200 batch 13/66 (20%) running_loss=0.7678
train epoch 26/200 batch 26/66 (39%) running_loss=0.7702
train epoch 26/200 batch 39/66 (59%) running_loss=0.7597
train epoch 26/200 batch 52/66 (79%) running_loss=0.7633
train epoch 26/200 batch 65/66 (98%) running_loss=0.7610
train epoch 26/200 batch 66/66 (100%) running_loss=0.7608
epoch 26/200 done: train_loss=0.7608 val_loss=0.5816 val_accuracy=0.7807 val_macro_f1=0.5741 val_macro_auc=0.8443 (checkpoint_metric=macro_auc)
train epoch 27/200 batch 13/66 (20%) running_loss=0.7527
train epoch 27/200 batch 26/66 (39%) running_loss=0.7749
train epoch 27/200 batch 39/66 (59%) running_loss=0.7803
train epoch 27/200 batch 52/66 (79%) running_loss=0.7714
train epoch 27/200 batch 65/66 (98%) running_loss=0.7713
train epoch 27/200 batch 66/66 (100%) running_loss=0.7731
epoch 27/200 done: train_loss=0.7731 val_loss=0.5192 val_accuracy=0.8156 val_macro_f1=0.6658 val_macro_auc=0.8868 (checkpoint_metric=macro_auc) [new best]
train epoch 28/200 batch 13/66 (20%) running_loss=0.7325
train epoch 28/200 batch 26/66 (39%) running_loss=0.7584
train epoch 28/200 batch 39/66 (59%) running_loss=0.7572
train epoch 28/200 batch 52/66 (79%) running_loss=0.7629
train epoch 28/200 batch 65/66 (98%) running_loss=0.7588
train epoch 28/200 batch 66/66 (100%) running_loss=0.7586
epoch 28/200 done: train_loss=0.7586 val_loss=0.5326 val_accuracy=0.8033 val_macro_f1=0.6396 val_macro_auc=0.8998 (checkpoint_metric=macro_auc) [new best]
train epoch 29/200 batch 13/66 (20%) running_loss=0.7405
train epoch 29/200 batch 26/66 (39%) running_loss=0.7499
train epoch 29/200 batch 39/66 (59%) running_loss=0.7544
train epoch 29/200 batch 52/66 (79%) running_loss=0.7543
train epoch 29/200 batch 65/66 (98%) running_loss=0.7505
train epoch 29/200 batch 66/66 (100%) running_loss=0.7504
epoch 29/200 done: train_loss=0.7504 val_loss=0.5284 val_accuracy=0.7992 val_macro_f1=0.6794 val_macro_auc=0.9080 (checkpoint_metric=macro_auc) [new best]
train epoch 30/200 batch 13/66 (20%) running_loss=0.7661
train epoch 30/200 batch 26/66 (39%) running_loss=0.7443
train epoch 30/200 batch 39/66 (59%) running_loss=0.7471
train epoch 30/200 batch 52/66 (79%) running_loss=0.7429
train epoch 30/200 batch 65/66 (98%) running_loss=0.7432
train epoch 30/200 batch 66/66 (100%) running_loss=0.7444
epoch 30/200 done: train_loss=0.7444 val_loss=0.7969 val_accuracy=0.6844 val_macro_f1=0.4962 val_macro_auc=0.8496 (checkpoint_metric=macro_auc)
train epoch 31/200 batch 13/66 (20%) running_loss=0.7245
train epoch 31/200 batch 26/66 (39%) running_loss=0.7425
train epoch 31/200 batch 39/66 (59%) running_loss=0.7450
train epoch 31/200 batch 52/66 (79%) running_loss=0.7493
train epoch 31/200 batch 65/66 (98%) running_loss=0.7451
train epoch 31/200 batch 66/66 (100%) running_loss=0.7452
epoch 31/200 done: train_loss=0.7452 val_loss=0.5113 val_accuracy=0.8238 val_macro_f1=0.7084 val_macro_auc=0.9088 (checkpoint_metric=macro_auc)
train epoch 32/200 batch 13/66 (20%) running_loss=0.7167
train epoch 32/200 batch 26/66 (39%) running_loss=0.7240
train epoch 32/200 batch 39/66 (59%) running_loss=0.7414
train epoch 32/200 batch 52/66 (79%) running_loss=0.7419
train epoch 32/200 batch 65/66 (98%) running_loss=0.7404
train epoch 32/200 batch 66/66 (100%) running_loss=0.7401
epoch 32/200 done: train_loss=0.7401 val_loss=0.6250 val_accuracy=0.7234 val_macro_f1=0.6920 val_macro_auc=0.9102 (checkpoint_metric=macro_auc)
train epoch 33/200 batch 13/66 (20%) running_loss=0.7383
train epoch 33/200 batch 26/66 (39%) running_loss=0.7310
train epoch 33/200 batch 39/66 (59%) running_loss=0.7319
train epoch 33/200 batch 52/66 (79%) running_loss=0.7247
train epoch 33/200 batch 65/66 (98%) running_loss=0.7135
train epoch 33/200 batch 66/66 (100%) running_loss=0.7143
epoch 33/200 done: train_loss=0.7143 val_loss=0.5319 val_accuracy=0.7787 val_macro_f1=0.6096 val_macro_auc=0.9227 (checkpoint_metric=macro_auc) [new best]
train epoch 34/200 batch 13/66 (20%) running_loss=0.7270
train epoch 34/200 batch 26/66 (39%) running_loss=0.7187
train epoch 34/200 batch 39/66 (59%) running_loss=0.7097
train epoch 34/200 batch 52/66 (79%) running_loss=0.7117
train epoch 34/200 batch 65/66 (98%) running_loss=0.7118
train epoch 34/200 batch 66/66 (100%) running_loss=0.7104
epoch 34/200 done: train_loss=0.7104 val_loss=0.5302 val_accuracy=0.7930 val_macro_f1=0.7304 val_macro_auc=0.9217 (checkpoint_metric=macro_auc) [new best]
train epoch 35/200 batch 13/66 (20%) running_loss=0.7238
train epoch 35/200 batch 26/66 (39%) running_loss=0.7108
train epoch 35/200 batch 39/66 (59%) running_loss=0.7206
train epoch 35/200 batch 52/66 (79%) running_loss=0.7143
train epoch 35/200 batch 65/66 (98%) running_loss=0.7202
train epoch 35/200 batch 66/66 (100%) running_loss=0.7203
epoch 35/200 done: train_loss=0.7203 val_loss=0.3935 val_accuracy=0.8914 val_macro_f1=0.8250 val_macro_auc=0.9619 (checkpoint_metric=macro_auc) [new best]
train epoch 36/200 batch 13/66 (20%) running_loss=0.7231
train epoch 36/200 batch 26/66 (39%) running_loss=0.7029
train epoch 36/200 batch 39/66 (59%) running_loss=0.7027
train epoch 36/200 batch 52/66 (79%) running_loss=0.7162
train epoch 36/200 batch 65/66 (98%) running_loss=0.7112
train epoch 36/200 batch 66/66 (100%) running_loss=0.7099
epoch 36/200 done: train_loss=0.7099 val_loss=0.5198 val_accuracy=0.8033 val_macro_f1=0.6982 val_macro_auc=0.9434 (checkpoint_metric=macro_auc) [new best]
train epoch 37/200 batch 13/66 (20%) running_loss=0.6851
train epoch 37/200 batch 26/66 (39%) running_loss=0.6970
train epoch 37/200 batch 39/66 (59%) running_loss=0.6899
train epoch 37/200 batch 52/66 (79%) running_loss=0.7001
train epoch 37/200 batch 65/66 (98%) running_loss=0.7020
train epoch 37/200 batch 66/66 (100%) running_loss=0.7001
epoch 37/200 done: train_loss=0.7001 val_loss=0.6704 val_accuracy=0.6906 val_macro_f1=0.5315 val_macro_auc=0.8903 (checkpoint_metric=macro_auc)
train epoch 38/200 batch 13/66 (20%) running_loss=0.7350
train epoch 38/200 batch 26/66 (39%) running_loss=0.7087
train epoch 38/200 batch 39/66 (59%) running_loss=0.6970
train epoch 38/200 batch 52/66 (79%) running_loss=0.6863
train epoch 38/200 batch 65/66 (98%) running_loss=0.6877
train epoch 38/200 batch 66/66 (100%) running_loss=0.6898
epoch 38/200 done: train_loss=0.6898 val_loss=0.3678 val_accuracy=0.8730 val_macro_f1=0.8028 val_macro_auc=0.9622 (checkpoint_metric=macro_auc)
train epoch 39/200 batch 13/66 (20%) running_loss=0.6748
train epoch 39/200 batch 26/66 (39%) running_loss=0.6959
train epoch 39/200 batch 39/66 (59%) running_loss=0.6957
train epoch 39/200 batch 52/66 (79%) running_loss=0.6986
train epoch 39/200 batch 65/66 (98%) running_loss=0.7016
train epoch 39/200 batch 66/66 (100%) running_loss=0.7011
epoch 39/200 done: train_loss=0.7011 val_loss=0.8263 val_accuracy=0.6250 val_macro_f1=0.5880 val_macro_auc=0.9100 (checkpoint_metric=macro_auc)
train epoch 40/200 batch 13/66 (20%) running_loss=0.6987
train epoch 40/200 batch 26/66 (39%) running_loss=0.7053
train epoch 40/200 batch 39/66 (59%) running_loss=0.6888
train epoch 40/200 batch 52/66 (79%) running_loss=0.6858
train epoch 40/200 batch 65/66 (98%) running_loss=0.6869
train epoch 40/200 batch 66/66 (100%) running_loss=0.6875
epoch 40/200 done: train_loss=0.6875 val_loss=0.5680 val_accuracy=0.7930 val_macro_f1=0.7647 val_macro_auc=0.9591 (checkpoint_metric=macro_auc) [new best]
train epoch 41/200 batch 13/66 (20%) running_loss=0.7051
train epoch 41/200 batch 26/66 (39%) running_loss=0.6678
train epoch 41/200 batch 39/66 (59%) running_loss=0.6809
train epoch 41/200 batch 52/66 (79%) running_loss=0.6688
train epoch 41/200 batch 65/66 (98%) running_loss=0.6651
train epoch 41/200 batch 66/66 (100%) running_loss=0.6662
epoch 41/200 done: train_loss=0.6662 val_loss=0.4256 val_accuracy=0.8730 val_macro_f1=0.8411 val_macro_auc=0.9754 (checkpoint_metric=macro_auc) [new best]
train epoch 42/200 batch 13/66 (20%) running_loss=0.6754
train epoch 42/200 batch 26/66 (39%) running_loss=0.7013
train epoch 42/200 batch 39/66 (59%) running_loss=0.6852
train epoch 42/200 batch 52/66 (79%) running_loss=0.6839
train epoch 42/200 batch 65/66 (98%) running_loss=0.6833
train epoch 42/200 batch 66/66 (100%) running_loss=0.6821
epoch 42/200 done: train_loss=0.6821 val_loss=0.5799 val_accuracy=0.7561 val_macro_f1=0.5996 val_macro_auc=0.9402 (checkpoint_metric=macro_auc) [new best]
train epoch 43/200 batch 13/66 (20%) running_loss=0.6859
train epoch 43/200 batch 26/66 (39%) running_loss=0.6631
train epoch 43/200 batch 39/66 (59%) running_loss=0.6533
train epoch 43/200 batch 52/66 (79%) running_loss=0.6548
train epoch 43/200 batch 65/66 (98%) running_loss=0.6679
train epoch 43/200 batch 66/66 (100%) running_loss=0.6672
epoch 43/200 done: train_loss=0.6672 val_loss=0.3805 val_accuracy=0.9078 val_macro_f1=0.8683 val_macro_auc=0.9809 (checkpoint_metric=macro_auc) [new best]
train epoch 44/200 batch 13/66 (20%) running_loss=0.6444
train epoch 44/200 batch 26/66 (39%) running_loss=0.6408
train epoch 44/200 batch 39/66 (59%) running_loss=0.6436
train epoch 44/200 batch 52/66 (79%) running_loss=0.6452
train epoch 44/200 batch 65/66 (98%) running_loss=0.6500
train epoch 44/200 batch 66/66 (100%) running_loss=0.6509
epoch 44/200 done: train_loss=0.6509 val_loss=0.3738 val_accuracy=0.8914 val_macro_f1=0.8264 val_macro_auc=0.9586 (checkpoint_metric=macro_auc)
train epoch 45/200 batch 13/66 (20%) running_loss=0.6808
train epoch 45/200 batch 26/66 (39%) running_loss=0.6797
train epoch 45/200 batch 39/66 (59%) running_loss=0.6770
train epoch 45/200 batch 52/66 (79%) running_loss=0.6695
train epoch 45/200 batch 65/66 (98%) running_loss=0.6664
train epoch 45/200 batch 66/66 (100%) running_loss=0.6670
epoch 45/200 done: train_loss=0.6670 val_loss=0.3642 val_accuracy=0.8832 val_macro_f1=0.8441 val_macro_auc=0.9705 (checkpoint_metric=macro_auc) [new best]
train epoch 46/200 batch 13/66 (20%) running_loss=0.6920
train epoch 46/200 batch 26/66 (39%) running_loss=0.6849
train epoch 46/200 batch 39/66 (59%) running_loss=0.6705
train epoch 46/200 batch 52/66 (79%) running_loss=0.6698
train epoch 46/200 batch 65/66 (98%) running_loss=0.6604
train epoch 46/200 batch 66/66 (100%) running_loss=0.6595
epoch 46/200 done: train_loss=0.6595 val_loss=0.3852 val_accuracy=0.8709 val_macro_f1=0.8195 val_macro_auc=0.9712 (checkpoint_metric=macro_auc)
train epoch 47/200 batch 13/66 (20%) running_loss=0.6264
train epoch 47/200 batch 26/66 (39%) running_loss=0.6413
train epoch 47/200 batch 39/66 (59%) running_loss=0.6345
train epoch 47/200 batch 52/66 (79%) running_loss=0.6398
train epoch 47/200 batch 65/66 (98%) running_loss=0.6313
train epoch 47/200 batch 66/66 (100%) running_loss=0.6311
epoch 47/200 done: train_loss=0.6311 val_loss=0.3443 val_accuracy=0.8893 val_macro_f1=0.8565 val_macro_auc=0.9730 (checkpoint_metric=macro_auc) [new best]
train epoch 48/200 batch 13/66 (20%) running_loss=0.6712
train epoch 48/200 batch 26/66 (39%) running_loss=0.6288
train epoch 48/200 batch 39/66 (59%) running_loss=0.6447
train epoch 48/200 batch 52/66 (79%) running_loss=0.6367
train epoch 48/200 batch 65/66 (98%) running_loss=0.6424
train epoch 48/200 batch 66/66 (100%) running_loss=0.6407
epoch 48/200 done: train_loss=0.6407 val_loss=0.4003 val_accuracy=0.8607 val_macro_f1=0.8198 val_macro_auc=0.9747 (checkpoint_metric=macro_auc) [new best]
train epoch 49/200 batch 13/66 (20%) running_loss=0.5779
train epoch 49/200 batch 26/66 (39%) running_loss=0.5731
train epoch 49/200 batch 39/66 (59%) running_loss=0.5936
train epoch 49/200 batch 52/66 (79%) running_loss=0.6169
train epoch 49/200 batch 65/66 (98%) running_loss=0.6248
train epoch 49/200 batch 66/66 (100%) running_loss=0.6250
epoch 49/200 done: train_loss=0.6250 val_loss=0.3909 val_accuracy=0.8750 val_macro_f1=0.8131 val_macro_auc=0.9663 (checkpoint_metric=macro_auc)
train epoch 50/200 batch 13/66 (20%) running_loss=0.6228
train epoch 50/200 batch 26/66 (39%) running_loss=0.6053
train epoch 50/200 batch 39/66 (59%) running_loss=0.6139
train epoch 50/200 batch 52/66 (79%) running_loss=0.6233
train epoch 50/200 batch 65/66 (98%) running_loss=0.6275
train epoch 50/200 batch 66/66 (100%) running_loss=0.6276
epoch 50/200 done: train_loss=0.6276 val_loss=0.3937 val_accuracy=0.8545 val_macro_f1=0.7775 val_macro_auc=0.9587 (checkpoint_metric=macro_auc)
train epoch 51/200 batch 13/66 (20%) running_loss=0.6350
train epoch 51/200 batch 26/66 (39%) running_loss=0.6316
train epoch 51/200 batch 39/66 (59%) running_loss=0.6208
train epoch 51/200 batch 52/66 (79%) running_loss=0.6213
train epoch 51/200 batch 65/66 (98%) running_loss=0.6209
train epoch 51/200 batch 66/66 (100%) running_loss=0.6219
epoch 51/200 done: train_loss=0.6219 val_loss=0.3584 val_accuracy=0.8996 val_macro_f1=0.8628 val_macro_auc=0.9804 (checkpoint_metric=macro_auc)
train epoch 52/200 batch 13/66 (20%) running_loss=0.5996
train epoch 52/200 batch 26/66 (39%) running_loss=0.6052
train epoch 52/200 batch 39/66 (59%) running_loss=0.6136
train epoch 52/200 batch 52/66 (79%) running_loss=0.6076
train epoch 52/200 batch 65/66 (98%) running_loss=0.6044
train epoch 52/200 batch 66/66 (100%) running_loss=0.6036
epoch 52/200 done: train_loss=0.6036 val_loss=0.3647 val_accuracy=0.8852 val_macro_f1=0.8588 val_macro_auc=0.9784 (checkpoint_metric=macro_auc)
train epoch 53/200 batch 13/66 (20%) running_loss=0.6269
train epoch 53/200 batch 26/66 (39%) running_loss=0.6208
train epoch 53/200 batch 39/66 (59%) running_loss=0.6299
train epoch 53/200 batch 52/66 (79%) running_loss=0.6248
train epoch 53/200 batch 65/66 (98%) running_loss=0.6218
train epoch 53/200 batch 66/66 (100%) running_loss=0.6234
epoch 53/200 done: train_loss=0.6234 val_loss=0.4131 val_accuracy=0.8463 val_macro_f1=0.8024 val_macro_auc=0.9607 (checkpoint_metric=macro_auc) [new best]
train epoch 54/200 batch 13/66 (20%) running_loss=0.6372
train epoch 54/200 batch 26/66 (39%) running_loss=0.6347
train epoch 54/200 batch 39/66 (59%) running_loss=0.6293
train epoch 54/200 batch 52/66 (79%) running_loss=0.6212
train epoch 54/200 batch 65/66 (98%) running_loss=0.6154
train epoch 54/200 batch 66/66 (100%) running_loss=0.6159
epoch 54/200 done: train_loss=0.6159 val_loss=0.3117 val_accuracy=0.9160 val_macro_f1=0.8716 val_macro_auc=0.9841 (checkpoint_metric=macro_auc) [new best]
train epoch 55/200 batch 13/66 (20%) running_loss=0.6243
train epoch 55/200 batch 26/66 (39%) running_loss=0.6347
train epoch 55/200 batch 39/66 (59%) running_loss=0.6134
train epoch 55/200 batch 52/66 (79%) running_loss=0.6130
train epoch 55/200 batch 65/66 (98%) running_loss=0.6112
train epoch 55/200 batch 66/66 (100%) running_loss=0.6107
epoch 55/200 done: train_loss=0.6107 val_loss=0.3695 val_accuracy=0.8709 val_macro_f1=0.8005 val_macro_auc=0.9624 (checkpoint_metric=macro_auc)
train epoch 56/200 batch 13/66 (20%) running_loss=0.5884
train epoch 56/200 batch 26/66 (39%) running_loss=0.5973
train epoch 56/200 batch 39/66 (59%) running_loss=0.6073
train epoch 56/200 batch 52/66 (79%) running_loss=0.6104
train epoch 56/200 batch 65/66 (98%) running_loss=0.6086
train epoch 56/200 batch 66/66 (100%) running_loss=0.6103
epoch 56/200 done: train_loss=0.6103 val_loss=0.3393 val_accuracy=0.8730 val_macro_f1=0.8024 val_macro_auc=0.9809 (checkpoint_metric=macro_auc) [new best]
train epoch 57/200 batch 13/66 (20%) running_loss=0.5862
train epoch 57/200 batch 26/66 (39%) running_loss=0.5888
train epoch 57/200 batch 39/66 (59%) running_loss=0.6031
train epoch 57/200 batch 52/66 (79%) running_loss=0.6122
train epoch 57/200 batch 65/66 (98%) running_loss=0.6094
train epoch 57/200 batch 66/66 (100%) running_loss=0.6108
epoch 57/200 done: train_loss=0.6108 val_loss=0.2952 val_accuracy=0.9160 val_macro_f1=0.8760 val_macro_auc=0.9824 (checkpoint_metric=macro_auc)
train epoch 58/200 batch 13/66 (20%) running_loss=0.5903
train epoch 58/200 batch 26/66 (39%) running_loss=0.5766
train epoch 58/200 batch 39/66 (59%) running_loss=0.5920
train epoch 58/200 batch 52/66 (79%) running_loss=0.5966
train epoch 58/200 batch 65/66 (98%) running_loss=0.5922
train epoch 58/200 batch 66/66 (100%) running_loss=0.5926
epoch 58/200 done: train_loss=0.5926 val_loss=0.4102 val_accuracy=0.8340 val_macro_f1=0.7667 val_macro_auc=0.9667 (checkpoint_metric=macro_auc) [new best]
train epoch 59/200 batch 13/66 (20%) running_loss=0.5684
train epoch 59/200 batch 26/66 (39%) running_loss=0.5800
train epoch 59/200 batch 39/66 (59%) running_loss=0.5944
train epoch 59/200 batch 52/66 (79%) running_loss=0.5991
train epoch 59/200 batch 65/66 (98%) running_loss=0.6053
train epoch 59/200 batch 66/66 (100%) running_loss=0.6042
epoch 59/200 done: train_loss=0.6042 val_loss=0.4928 val_accuracy=0.8012 val_macro_f1=0.7365 val_macro_auc=0.9450 (checkpoint_metric=macro_auc)
train epoch 60/200 batch 13/66 (20%) running_loss=0.6208
train epoch 60/200 batch 26/66 (39%) running_loss=0.6007
train epoch 60/200 batch 39/66 (59%) running_loss=0.6018
train epoch 60/200 batch 52/66 (79%) running_loss=0.6082
train epoch 60/200 batch 65/66 (98%) running_loss=0.6036
train epoch 60/200 batch 66/66 (100%) running_loss=0.6026
epoch 60/200 done: train_loss=0.6026 val_loss=0.3041 val_accuracy=0.8873 val_macro_f1=0.8014 val_macro_auc=0.9860 (checkpoint_metric=macro_auc)
train epoch 61/200 batch 13/66 (20%) running_loss=0.6329
train epoch 61/200 batch 26/66 (39%) running_loss=0.6217
train epoch 61/200 batch 39/66 (59%) running_loss=0.6044
train epoch 61/200 batch 52/66 (79%) running_loss=0.5963
train epoch 61/200 batch 65/66 (98%) running_loss=0.5937
train epoch 61/200 batch 66/66 (100%) running_loss=0.5931
epoch 61/200 done: train_loss=0.5931 val_loss=0.2416 val_accuracy=0.9324 val_macro_f1=0.9012 val_macro_auc=0.9915 (checkpoint_metric=macro_auc)
train epoch 62/200 batch 13/66 (20%) running_loss=0.5526
train epoch 62/200 batch 26/66 (39%) running_loss=0.5642
train epoch 62/200 batch 39/66 (59%) running_loss=0.5739
train epoch 62/200 batch 52/66 (79%) running_loss=0.5822
train epoch 62/200 batch 65/66 (98%) running_loss=0.5782
train epoch 62/200 batch 66/66 (100%) running_loss=0.5784
epoch 62/200 done: train_loss=0.5784 val_loss=0.2862 val_accuracy=0.9160 val_macro_f1=0.8779 val_macro_auc=0.9843 (checkpoint_metric=macro_auc) [new best]
train epoch 63/200 batch 13/66 (20%) running_loss=0.5895
train epoch 63/200 batch 26/66 (39%) running_loss=0.5852
train epoch 63/200 batch 39/66 (59%) running_loss=0.5867
train epoch 63/200 batch 52/66 (79%) running_loss=0.5863
train epoch 63/200 batch 65/66 (98%) running_loss=0.5847
train epoch 63/200 batch 66/66 (100%) running_loss=0.5833
epoch 63/200 done: train_loss=0.5833 val_loss=0.2563 val_accuracy=0.9426 val_macro_f1=0.9212 val_macro_auc=0.9907 (checkpoint_metric=macro_auc) [new best]
train epoch 64/200 batch 13/66 (20%) running_loss=0.5706
train epoch 64/200 batch 26/66 (39%) running_loss=0.5426
train epoch 64/200 batch 39/66 (59%) running_loss=0.5501
train epoch 64/200 batch 52/66 (79%) running_loss=0.5584
train epoch 64/200 batch 65/66 (98%) running_loss=0.5598
train epoch 64/200 batch 66/66 (100%) running_loss=0.5595
epoch 64/200 done: train_loss=0.5595 val_loss=0.3450 val_accuracy=0.8750 val_macro_f1=0.8445 val_macro_auc=0.9922 (checkpoint_metric=macro_auc) [new best]
train epoch 65/200 batch 13/66 (20%) running_loss=0.5605
train epoch 65/200 batch 26/66 (39%) running_loss=0.5633
train epoch 65/200 batch 39/66 (59%) running_loss=0.5721
train epoch 65/200 batch 52/66 (79%) running_loss=0.5666
train epoch 65/200 batch 65/66 (98%) running_loss=0.5612
train epoch 65/200 batch 66/66 (100%) running_loss=0.5600
epoch 65/200 done: train_loss=0.5600 val_loss=0.3649 val_accuracy=0.8730 val_macro_f1=0.8426 val_macro_auc=0.9836 (checkpoint_metric=macro_auc)
train epoch 66/200 batch 13/66 (20%) running_loss=0.5499
train epoch 66/200 batch 26/66 (39%) running_loss=0.5620
train epoch 66/200 batch 39/66 (59%) running_loss=0.5675
train epoch 66/200 batch 52/66 (79%) running_loss=0.5635
train epoch 66/200 batch 65/66 (98%) running_loss=0.5681
train epoch 66/200 batch 66/66 (100%) running_loss=0.5695
epoch 66/200 done: train_loss=0.5695 val_loss=0.5017 val_accuracy=0.7787 val_macro_f1=0.7173 val_macro_auc=0.9659 (checkpoint_metric=macro_auc)
train epoch 67/200 batch 13/66 (20%) running_loss=0.5699
train epoch 67/200 batch 26/66 (39%) running_loss=0.5671
train epoch 67/200 batch 39/66 (59%) running_loss=0.5776
train epoch 67/200 batch 52/66 (79%) running_loss=0.5834
train epoch 67/200 batch 65/66 (98%) running_loss=0.5786
train epoch 67/200 batch 66/66 (100%) running_loss=0.5799
epoch 67/200 done: train_loss=0.5799 val_loss=0.2977 val_accuracy=0.9406 val_macro_f1=0.9180 val_macro_auc=0.9931 (checkpoint_metric=macro_auc)
train epoch 68/200 batch 13/66 (20%) running_loss=0.5584
train epoch 68/200 batch 26/66 (39%) running_loss=0.5535
train epoch 68/200 batch 39/66 (59%) running_loss=0.5358
train epoch 68/200 batch 52/66 (79%) running_loss=0.5390
train epoch 68/200 batch 65/66 (98%) running_loss=0.5310
train epoch 68/200 batch 66/66 (100%) running_loss=0.5311
epoch 68/200 done: train_loss=0.5311 val_loss=0.3072 val_accuracy=0.9119 val_macro_f1=0.8835 val_macro_auc=0.9890 (checkpoint_metric=macro_auc)
train epoch 69/200 batch 13/66 (20%) running_loss=0.5587
train epoch 69/200 batch 26/66 (39%) running_loss=0.5413
train epoch 69/200 batch 39/66 (59%) running_loss=0.5453
train epoch 69/200 batch 52/66 (79%) running_loss=0.5293
train epoch 69/200 batch 65/66 (98%) running_loss=0.5274
train epoch 69/200 batch 66/66 (100%) running_loss=0.5270
epoch 69/200 done: train_loss=0.5270 val_loss=0.5682 val_accuracy=0.7889 val_macro_f1=0.7690 val_macro_auc=0.9748 (checkpoint_metric=macro_auc)
train epoch 70/200 batch 13/66 (20%) running_loss=0.5514
train epoch 70/200 batch 26/66 (39%) running_loss=0.5574
train epoch 70/200 batch 39/66 (59%) running_loss=0.5647
train epoch 70/200 batch 52/66 (79%) running_loss=0.5642
train epoch 70/200 batch 65/66 (98%) running_loss=0.5579
train epoch 70/200 batch 66/66 (100%) running_loss=0.5562
epoch 70/200 done: train_loss=0.5562 val_loss=0.2818 val_accuracy=0.8832 val_macro_f1=0.8385 val_macro_auc=0.9856 (checkpoint_metric=macro_auc)
train epoch 71/200 batch 13/66 (20%) running_loss=0.5808
train epoch 71/200 batch 26/66 (39%) running_loss=0.5522
train epoch 71/200 batch 39/66 (59%) running_loss=0.5642
train epoch 71/200 batch 52/66 (79%) running_loss=0.5568
train epoch 71/200 batch 65/66 (98%) running_loss=0.5475
train epoch 71/200 batch 66/66 (100%) running_loss=0.5467
epoch 71/200 done: train_loss=0.5467 val_loss=0.2458 val_accuracy=0.9447 val_macro_f1=0.9214 val_macro_auc=0.9905 (checkpoint_metric=macro_auc)
train epoch 72/200 batch 13/66 (20%) running_loss=0.5079
train epoch 72/200 batch 26/66 (39%) running_loss=0.5271
train epoch 72/200 batch 39/66 (59%) running_loss=0.5277
train epoch 72/200 batch 52/66 (79%) running_loss=0.5402
train epoch 72/200 batch 65/66 (98%) running_loss=0.5400
train epoch 72/200 batch 66/66 (100%) running_loss=0.5410
epoch 72/200 done: train_loss=0.5410 val_loss=0.3310 val_accuracy=0.8914 val_macro_f1=0.8518 val_macro_auc=0.9833 (checkpoint_metric=macro_auc)
train epoch 73/200 batch 13/66 (20%) running_loss=0.5290
train epoch 73/200 batch 26/66 (39%) running_loss=0.5290
train epoch 73/200 batch 39/66 (59%) running_loss=0.5257
train epoch 73/200 batch 52/66 (79%) running_loss=0.5237
train epoch 73/200 batch 65/66 (98%) running_loss=0.5323
train epoch 73/200 batch 66/66 (100%) running_loss=0.5331
epoch 73/200 done: train_loss=0.5331 val_loss=0.2672 val_accuracy=0.9529 val_macro_f1=0.9326 val_macro_auc=0.9933 (checkpoint_metric=macro_auc)
train epoch 74/200 batch 13/66 (20%) running_loss=0.5812
train epoch 74/200 batch 26/66 (39%) running_loss=0.5673
train epoch 74/200 batch 39/66 (59%) running_loss=0.5446
train epoch 74/200 batch 52/66 (79%) running_loss=0.5395
train epoch 74/200 batch 65/66 (98%) running_loss=0.5457
train epoch 74/200 batch 66/66 (100%) running_loss=0.5454
epoch 74/200 done: train_loss=0.5454 val_loss=0.2793 val_accuracy=0.9344 val_macro_f1=0.9079 val_macro_auc=0.9911 (checkpoint_metric=macro_auc) [new best]
train epoch 75/200 batch 13/66 (20%) running_loss=0.5127
train epoch 75/200 batch 26/66 (39%) running_loss=0.5133
train epoch 75/200 batch 39/66 (59%) running_loss=0.5234
train epoch 75/200 batch 52/66 (79%) running_loss=0.5278
train epoch 75/200 batch 65/66 (98%) running_loss=0.5245
train epoch 75/200 batch 66/66 (100%) running_loss=0.5244
epoch 75/200 done: train_loss=0.5244 val_loss=0.2709 val_accuracy=0.9098 val_macro_f1=0.8718 val_macro_auc=0.9859 (checkpoint_metric=macro_auc) [new best]
train epoch 76/200 batch 13/66 (20%) running_loss=0.5763
train epoch 76/200 batch 26/66 (39%) running_loss=0.5454
train epoch 76/200 batch 39/66 (59%) running_loss=0.5325
train epoch 76/200 batch 52/66 (79%) running_loss=0.5229
train epoch 76/200 batch 65/66 (98%) running_loss=0.5223
train epoch 76/200 batch 66/66 (100%) running_loss=0.5235
epoch 76/200 done: train_loss=0.5235 val_loss=0.2974 val_accuracy=0.9078 val_macro_f1=0.8764 val_macro_auc=0.9869 (checkpoint_metric=macro_auc)
train epoch 77/200 batch 13/66 (20%) running_loss=0.5316
train epoch 77/200 batch 26/66 (39%) running_loss=0.5212
train epoch 77/200 batch 39/66 (59%) running_loss=0.5171
train epoch 77/200 batch 52/66 (79%) running_loss=0.5209
train epoch 77/200 batch 65/66 (98%) running_loss=0.5219
train epoch 77/200 batch 66/66 (100%) running_loss=0.5221
epoch 77/200 done: train_loss=0.5221 val_loss=0.2154 val_accuracy=0.9488 val_macro_f1=0.9260 val_macro_auc=0.9916 (checkpoint_metric=macro_auc)
train epoch 78/200 batch 13/66 (20%) running_loss=0.5053
train epoch 78/200 batch 26/66 (39%) running_loss=0.5169
train epoch 78/200 batch 39/66 (59%) running_loss=0.5155
train epoch 78/200 batch 52/66 (79%) running_loss=0.5170
train epoch 78/200 batch 65/66 (98%) running_loss=0.5184
train epoch 78/200 batch 66/66 (100%) running_loss=0.5200
epoch 78/200 done: train_loss=0.5200 val_loss=0.2798 val_accuracy=0.9037 val_macro_f1=0.8645 val_macro_auc=0.9837 (checkpoint_metric=macro_auc)
train epoch 79/200 batch 13/66 (20%) running_loss=0.5143
train epoch 79/200 batch 26/66 (39%) running_loss=0.5070
train epoch 79/200 batch 39/66 (59%) running_loss=0.5111
train epoch 79/200 batch 52/66 (79%) running_loss=0.5071
train epoch 79/200 batch 65/66 (98%) running_loss=0.5086
train epoch 79/200 batch 66/66 (100%) running_loss=0.5071
epoch 79/200 done: train_loss=0.5071 val_loss=0.2101 val_accuracy=0.9488 val_macro_f1=0.9175 val_macro_auc=0.9941 (checkpoint_metric=macro_auc)
train epoch 80/200 batch 13/66 (20%) running_loss=0.4838
train epoch 80/200 batch 26/66 (39%) running_loss=0.5139
train epoch 80/200 batch 39/66 (59%) running_loss=0.5098
train epoch 80/200 batch 52/66 (79%) running_loss=0.5063
train epoch 80/200 batch 65/66 (98%) running_loss=0.5133
train epoch 80/200 batch 66/66 (100%) running_loss=0.5150
epoch 80/200 done: train_loss=0.5150 val_loss=0.3052 val_accuracy=0.9221 val_macro_f1=0.8885 val_macro_auc=0.9805 (checkpoint_metric=macro_auc)
train epoch 81/200 batch 13/66 (20%) running_loss=0.4989
train epoch 81/200 batch 26/66 (39%) running_loss=0.5194
train epoch 81/200 batch 39/66 (59%) running_loss=0.5103
train epoch 81/200 batch 52/66 (79%) running_loss=0.5113
train epoch 81/200 batch 65/66 (98%) running_loss=0.5190
train epoch 81/200 batch 66/66 (100%) running_loss=0.5197
epoch 81/200 done: train_loss=0.5197 val_loss=0.2412 val_accuracy=0.9344 val_macro_f1=0.8965 val_macro_auc=0.9938 (checkpoint_metric=macro_auc)
train epoch 82/200 batch 13/66 (20%) running_loss=0.5388
train epoch 82/200 batch 26/66 (39%) running_loss=0.5125
train epoch 82/200 batch 39/66 (59%) running_loss=0.5182
train epoch 82/200 batch 52/66 (79%) running_loss=0.5131
train epoch 82/200 batch 65/66 (98%) running_loss=0.5120
train epoch 82/200 batch 66/66 (100%) running_loss=0.5114
epoch 82/200 done: train_loss=0.5114 val_loss=0.2645 val_accuracy=0.9242 val_macro_f1=0.8933 val_macro_auc=0.9886 (checkpoint_metric=macro_auc)
train epoch 83/200 batch 13/66 (20%) running_loss=0.4916
train epoch 83/200 batch 26/66 (39%) running_loss=0.5091
train epoch 83/200 batch 39/66 (59%) running_loss=0.5004
train epoch 83/200 batch 52/66 (79%) running_loss=0.5092
train epoch 83/200 batch 65/66 (98%) running_loss=0.5058
train epoch 83/200 batch 66/66 (100%) running_loss=0.5065
epoch 83/200 done: train_loss=0.5065 val_loss=0.3210 val_accuracy=0.8893 val_macro_f1=0.8538 val_macro_auc=0.9858 (checkpoint_metric=macro_auc)
train epoch 84/200 batch 13/66 (20%) running_loss=0.5179
train epoch 84/200 batch 26/66 (39%) running_loss=0.5156
train epoch 84/200 batch 39/66 (59%) running_loss=0.5192
train epoch 84/200 batch 52/66 (79%) running_loss=0.5153
train epoch 84/200 batch 65/66 (98%) running_loss=0.5053
train epoch 84/200 batch 66/66 (100%) running_loss=0.5060
epoch 84/200 done: train_loss=0.5060 val_loss=0.2512 val_accuracy=0.9303 val_macro_f1=0.8889 val_macro_auc=0.9856 (checkpoint_metric=macro_auc)
train epoch 85/200 batch 13/66 (20%) running_loss=0.5003
train epoch 85/200 batch 26/66 (39%) running_loss=0.4855
train epoch 85/200 batch 39/66 (59%) running_loss=0.4910
train epoch 85/200 batch 52/66 (79%) running_loss=0.4909
train epoch 85/200 batch 65/66 (98%) running_loss=0.4942
train epoch 85/200 batch 66/66 (100%) running_loss=0.4939
epoch 85/200 done: train_loss=0.4939 val_loss=0.2878 val_accuracy=0.9242 val_macro_f1=0.9047 val_macro_auc=0.9914 (checkpoint_metric=macro_auc)
train epoch 86/200 batch 13/66 (20%) running_loss=0.4890
train epoch 86/200 batch 26/66 (39%) running_loss=0.5004
train epoch 86/200 batch 39/66 (59%) running_loss=0.4968
train epoch 86/200 batch 52/66 (79%) running_loss=0.4999
train epoch 86/200 batch 65/66 (98%) running_loss=0.5047
train epoch 86/200 batch 66/66 (100%) running_loss=0.5049
epoch 86/200 done: train_loss=0.5049 val_loss=0.2354 val_accuracy=0.9529 val_macro_f1=0.9306 val_macro_auc=0.9933 (checkpoint_metric=macro_auc)
train epoch 87/200 batch 13/66 (20%) running_loss=0.5112
train epoch 87/200 batch 26/66 (39%) running_loss=0.5035
train epoch 87/200 batch 39/66 (59%) running_loss=0.4916
train epoch 87/200 batch 52/66 (79%) running_loss=0.5020
train epoch 87/200 batch 65/66 (98%) running_loss=0.5062
train epoch 87/200 batch 66/66 (100%) running_loss=0.5063
epoch 87/200 done: train_loss=0.5063 val_loss=0.2498 val_accuracy=0.9283 val_macro_f1=0.9007 val_macro_auc=0.9931 (checkpoint_metric=macro_auc) [new best]
train epoch 88/200 batch 13/66 (20%) running_loss=0.5205
train epoch 88/200 batch 26/66 (39%) running_loss=0.5152
train epoch 88/200 batch 39/66 (59%) running_loss=0.5052
train epoch 88/200 batch 52/66 (79%) running_loss=0.4948
train epoch 88/200 batch 65/66 (98%) running_loss=0.4935
train epoch 88/200 batch 66/66 (100%) running_loss=0.4940
epoch 88/200 done: train_loss=0.4940 val_loss=0.2919 val_accuracy=0.8975 val_macro_f1=0.8532 val_macro_auc=0.9813 (checkpoint_metric=macro_auc)
train epoch 89/200 batch 13/66 (20%) running_loss=0.5198
train epoch 89/200 batch 26/66 (39%) running_loss=0.5038
train epoch 89/200 batch 39/66 (59%) running_loss=0.5069
train epoch 89/200 batch 52/66 (79%) running_loss=0.5048
train epoch 89/200 batch 65/66 (98%) running_loss=0.4993
train epoch 89/200 batch 66/66 (100%) running_loss=0.4987
epoch 89/200 done: train_loss=0.4987 val_loss=0.3421 val_accuracy=0.8770 val_macro_f1=0.8528 val_macro_auc=0.9849 (checkpoint_metric=macro_auc)
train epoch 90/200 batch 13/66 (20%) running_loss=0.5001
train epoch 90/200 batch 26/66 (39%) running_loss=0.4819
train epoch 90/200 batch 39/66 (59%) running_loss=0.4823
train epoch 90/200 batch 52/66 (79%) running_loss=0.4877
train epoch 90/200 batch 65/66 (98%) running_loss=0.4928
train epoch 90/200 batch 66/66 (100%) running_loss=0.4923
epoch 90/200 done: train_loss=0.4923 val_loss=0.2444 val_accuracy=0.9426 val_macro_f1=0.9147 val_macro_auc=0.9919 (checkpoint_metric=macro_auc)
train epoch 91/200 batch 13/66 (20%) running_loss=0.4944
train epoch 91/200 batch 26/66 (39%) running_loss=0.4936
train epoch 91/200 batch 39/66 (59%) running_loss=0.4804
train epoch 91/200 batch 52/66 (79%) running_loss=0.4810
train epoch 91/200 batch 65/66 (98%) running_loss=0.4793
train epoch 91/200 batch 66/66 (100%) running_loss=0.4790
epoch 91/200 done: train_loss=0.4790 val_loss=0.1989 val_accuracy=0.9652 val_macro_f1=0.9522 val_macro_auc=0.9957 (checkpoint_metric=macro_auc)
train epoch 92/200 batch 13/66 (20%) running_loss=0.4568
train epoch 92/200 batch 26/66 (39%) running_loss=0.4644
train epoch 92/200 batch 39/66 (59%) running_loss=0.4625
train epoch 92/200 batch 52/66 (79%) running_loss=0.4623
train epoch 92/200 batch 65/66 (98%) running_loss=0.4687
train epoch 92/200 batch 66/66 (100%) running_loss=0.4694
epoch 92/200 done: train_loss=0.4694 val_loss=0.2577 val_accuracy=0.9201 val_macro_f1=0.8871 val_macro_auc=0.9913 (checkpoint_metric=macro_auc) [new best]
train epoch 93/200 batch 13/66 (20%) running_loss=0.4902
train epoch 93/200 batch 26/66 (39%) running_loss=0.4954
train epoch 93/200 batch 39/66 (59%) running_loss=0.4888
train epoch 93/200 batch 52/66 (79%) running_loss=0.4929
train epoch 93/200 batch 65/66 (98%) running_loss=0.4925
train epoch 93/200 batch 66/66 (100%) running_loss=0.4953
epoch 93/200 done: train_loss=0.4953 val_loss=0.2404 val_accuracy=0.9324 val_macro_f1=0.9046 val_macro_auc=0.9906 (checkpoint_metric=macro_auc)
train epoch 94/200 batch 13/66 (20%) running_loss=0.4520
train epoch 94/200 batch 26/66 (39%) running_loss=0.4566
train epoch 94/200 batch 39/66 (59%) running_loss=0.4802
train epoch 94/200 batch 52/66 (79%) running_loss=0.4791
train epoch 94/200 batch 65/66 (98%) running_loss=0.4780
train epoch 94/200 batch 66/66 (100%) running_loss=0.4772
epoch 94/200 done: train_loss=0.4772 val_loss=0.2746 val_accuracy=0.9139 val_macro_f1=0.8813 val_macro_auc=0.9858 (checkpoint_metric=macro_auc)
train epoch 95/200 batch 13/66 (20%) running_loss=0.4562
train epoch 95/200 batch 26/66 (39%) running_loss=0.4571
train epoch 95/200 batch 39/66 (59%) running_loss=0.4690
train epoch 95/200 batch 52/66 (79%) running_loss=0.4706
train epoch 95/200 batch 65/66 (98%) running_loss=0.4742
train epoch 95/200 batch 66/66 (100%) running_loss=0.4749
epoch 95/200 done: train_loss=0.4749 val_loss=0.3068 val_accuracy=0.9139 val_macro_f1=0.8980 val_macro_auc=0.9900 (checkpoint_metric=macro_auc)
train epoch 96/200 batch 13/66 (20%) running_loss=0.4677
train epoch 96/200 batch 26/66 (39%) running_loss=0.4698
train epoch 96/200 batch 39/66 (59%) running_loss=0.4761
train epoch 96/200 batch 52/66 (79%) running_loss=0.4824
train epoch 96/200 batch 65/66 (98%) running_loss=0.4821
train epoch 96/200 batch 66/66 (100%) running_loss=0.4826
epoch 96/200 done: train_loss=0.4826 val_loss=0.2419 val_accuracy=0.9344 val_macro_f1=0.9059 val_macro_auc=0.9931 (checkpoint_metric=macro_auc)
train epoch 97/200 batch 13/66 (20%) running_loss=0.4522
train epoch 97/200 batch 26/66 (39%) running_loss=0.4766
train epoch 97/200 batch 39/66 (59%) running_loss=0.4745
train epoch 97/200 batch 52/66 (79%) running_loss=0.4791
train epoch 97/200 batch 65/66 (98%) running_loss=0.4779
train epoch 97/200 batch 66/66 (100%) running_loss=0.4789
epoch 97/200 done: train_loss=0.4789 val_loss=0.2834 val_accuracy=0.8996 val_macro_f1=0.8577 val_macro_auc=0.9902 (checkpoint_metric=macro_auc)
train epoch 98/200 batch 13/66 (20%) running_loss=0.4750
train epoch 98/200 batch 26/66 (39%) running_loss=0.4681
train epoch 98/200 batch 39/66 (59%) running_loss=0.4720
train epoch 98/200 batch 52/66 (79%) running_loss=0.4719
train epoch 98/200 batch 65/66 (98%) running_loss=0.4685
train epoch 98/200 batch 66/66 (100%) running_loss=0.4684
epoch 98/200 done: train_loss=0.4684 val_loss=0.2211 val_accuracy=0.9406 val_macro_f1=0.9116 val_macro_auc=0.9943 (checkpoint_metric=macro_auc)
train epoch 99/200 batch 13/66 (20%) running_loss=0.4788
train epoch 99/200 batch 26/66 (39%) running_loss=0.4841
train epoch 99/200 batch 39/66 (59%) running_loss=0.4757
train epoch 99/200 batch 52/66 (79%) running_loss=0.4746
train epoch 99/200 batch 65/66 (98%) running_loss=0.4766
train epoch 99/200 batch 66/66 (100%) running_loss=0.4770
epoch 99/200 done: train_loss=0.4770 val_loss=0.3532 val_accuracy=0.8709 val_macro_f1=0.8296 val_macro_auc=0.9828 (checkpoint_metric=macro_auc)
train epoch 100/200 batch 13/66 (20%) running_loss=0.4861
train epoch 100/200 batch 26/66 (39%) running_loss=0.4820
train epoch 100/200 batch 39/66 (59%) running_loss=0.4784
train epoch 100/200 batch 52/66 (79%) running_loss=0.4747
train epoch 100/200 batch 65/66 (98%) running_loss=0.4781
train epoch 100/200 batch 66/66 (100%) running_loss=0.4791
epoch 100/200 done: train_loss=0.4791 val_loss=0.2369 val_accuracy=0.9447 val_macro_f1=0.9183 val_macro_auc=0.9907 (checkpoint_metric=macro_auc)
train epoch 101/200 batch 13/66 (20%) running_loss=0.4834
train epoch 101/200 batch 26/66 (39%) running_loss=0.4911
train epoch 101/200 batch 39/66 (59%) running_loss=0.4873
train epoch 101/200 batch 52/66 (79%) running_loss=0.4850
train epoch 101/200 batch 65/66 (98%) running_loss=0.4749
train epoch 101/200 batch 66/66 (100%) running_loss=0.4750
epoch 101/200 done: train_loss=0.4750 val_loss=0.2368 val_accuracy=0.9344 val_macro_f1=0.9092 val_macro_auc=0.9917 (checkpoint_metric=macro_auc)
train epoch 102/200 batch 13/66 (20%) running_loss=0.4531
train epoch 102/200 batch 26/66 (39%) running_loss=0.4529
train epoch 102/200 batch 39/66 (59%) running_loss=0.4580
train epoch 102/200 batch 52/66 (79%) running_loss=0.4663
train epoch 102/200 batch 65/66 (98%) running_loss=0.4700
train epoch 102/200 batch 66/66 (100%) running_loss=0.4703
epoch 102/200 done: train_loss=0.4703 val_loss=0.2279 val_accuracy=0.9447 val_macro_f1=0.9290 val_macro_auc=0.9961 (checkpoint_metric=macro_auc)
train epoch 103/200 batch 13/66 (20%) running_loss=0.4606
train epoch 103/200 batch 26/66 (39%) running_loss=0.4350
train epoch 103/200 batch 39/66 (59%) running_loss=0.4444
train epoch 103/200 batch 52/66 (79%) running_loss=0.4498
train epoch 103/200 batch 65/66 (98%) running_loss=0.4515
train epoch 103/200 batch 66/66 (100%) running_loss=0.4520
epoch 103/200 done: train_loss=0.4520 val_loss=0.2024 val_accuracy=0.9590 val_macro_f1=0.9375 val_macro_auc=0.9928 (checkpoint_metric=macro_auc) [new best]
train epoch 104/200 batch 13/66 (20%) running_loss=0.5268
train epoch 104/200 batch 26/66 (39%) running_loss=0.4997
train epoch 104/200 batch 39/66 (59%) running_loss=0.4872
train epoch 104/200 batch 52/66 (79%) running_loss=0.4877
train epoch 104/200 batch 65/66 (98%) running_loss=0.4797
train epoch 104/200 batch 66/66 (100%) running_loss=0.4791
epoch 104/200 done: train_loss=0.4791 val_loss=0.2527 val_accuracy=0.9180 val_macro_f1=0.8901 val_macro_auc=0.9916 (checkpoint_metric=macro_auc)
train epoch 105/200 batch 13/66 (20%) running_loss=0.4549
train epoch 105/200 batch 26/66 (39%) running_loss=0.4470
train epoch 105/200 batch 39/66 (59%) running_loss=0.4506
train epoch 105/200 batch 52/66 (79%) running_loss=0.4619
train epoch 105/200 batch 65/66 (98%) running_loss=0.4660
train epoch 105/200 batch 66/66 (100%) running_loss=0.4652
epoch 105/200 done: train_loss=0.4652 val_loss=0.2164 val_accuracy=0.9365 val_macro_f1=0.8984 val_macro_auc=0.9925 (checkpoint_metric=macro_auc)
train epoch 106/200 batch 13/66 (20%) running_loss=0.4611
train epoch 106/200 batch 26/66 (39%) running_loss=0.4710
train epoch 106/200 batch 39/66 (59%) running_loss=0.4678
train epoch 106/200 batch 52/66 (79%) running_loss=0.4745
train epoch 106/200 batch 65/66 (98%) running_loss=0.4744
train epoch 106/200 batch 66/66 (100%) running_loss=0.4764
epoch 106/200 done: train_loss=0.4764 val_loss=0.2274 val_accuracy=0.9365 val_macro_f1=0.9167 val_macro_auc=0.9919 (checkpoint_metric=macro_auc)
train epoch 107/200 batch 13/66 (20%) running_loss=0.4853
train epoch 107/200 batch 26/66 (39%) running_loss=0.4950
train epoch 107/200 batch 39/66 (59%) running_loss=0.4816
train epoch 107/200 batch 52/66 (79%) running_loss=0.4686
train epoch 107/200 batch 65/66 (98%) running_loss=0.4605
train epoch 107/200 batch 66/66 (100%) running_loss=0.4594
epoch 107/200 done: train_loss=0.4594 val_loss=0.1933 val_accuracy=0.9488 val_macro_f1=0.9268 val_macro_auc=0.9941 (checkpoint_metric=macro_auc)
train epoch 108/200 batch 13/66 (20%) running_loss=0.4522
train epoch 108/200 batch 26/66 (39%) running_loss=0.4606
train epoch 108/200 batch 39/66 (59%) running_loss=0.4640
train epoch 108/200 batch 52/66 (79%) running_loss=0.4550
train epoch 108/200 batch 65/66 (98%) running_loss=0.4583
train epoch 108/200 batch 66/66 (100%) running_loss=0.4573
epoch 108/200 done: train_loss=0.4573 val_loss=0.1828 val_accuracy=0.9508 val_macro_f1=0.9234 val_macro_auc=0.9956 (checkpoint_metric=macro_auc) [new best]
train epoch 109/200 batch 13/66 (20%) running_loss=0.4518
train epoch 109/200 batch 26/66 (39%) running_loss=0.4564
train epoch 109/200 batch 39/66 (59%) running_loss=0.4648
train epoch 109/200 batch 52/66 (79%) running_loss=0.4594
train epoch 109/200 batch 65/66 (98%) running_loss=0.4573
train epoch 109/200 batch 66/66 (100%) running_loss=0.4593
epoch 109/200 done: train_loss=0.4593 val_loss=0.2358 val_accuracy=0.9324 val_macro_f1=0.8990 val_macro_auc=0.9919 (checkpoint_metric=macro_auc) [new best]
train epoch 110/200 batch 13/66 (20%) running_loss=0.4603
train epoch 110/200 batch 26/66 (39%) running_loss=0.4498
train epoch 110/200 batch 39/66 (59%) running_loss=0.4409
train epoch 110/200 batch 52/66 (79%) running_loss=0.4382
train epoch 110/200 batch 65/66 (98%) running_loss=0.4394
train epoch 110/200 batch 66/66 (100%) running_loss=0.4401
epoch 110/200 done: train_loss=0.4401 val_loss=0.2204 val_accuracy=0.9426 val_macro_f1=0.9195 val_macro_auc=0.9936 (checkpoint_metric=macro_auc)
train epoch 111/200 batch 13/66 (20%) running_loss=0.4863
train epoch 111/200 batch 26/66 (39%) running_loss=0.4641
train epoch 111/200 batch 39/66 (59%) running_loss=0.4592
train epoch 111/200 batch 52/66 (79%) running_loss=0.4588
train epoch 111/200 batch 65/66 (98%) running_loss=0.4528
train epoch 111/200 batch 66/66 (100%) running_loss=0.4526
epoch 111/200 done: train_loss=0.4526 val_loss=0.2325 val_accuracy=0.9447 val_macro_f1=0.9225 val_macro_auc=0.9939 (checkpoint_metric=macro_auc)
train epoch 112/200 batch 13/66 (20%) running_loss=0.4537
train epoch 112/200 batch 26/66 (39%) running_loss=0.4615
train epoch 112/200 batch 39/66 (59%) running_loss=0.4601
train epoch 112/200 batch 52/66 (79%) running_loss=0.4508
train epoch 112/200 batch 65/66 (98%) running_loss=0.4480
train epoch 112/200 batch 66/66 (100%) running_loss=0.4473
epoch 112/200 done: train_loss=0.4473 val_loss=0.2017 val_accuracy=0.9447 val_macro_f1=0.9239 val_macro_auc=0.9954 (checkpoint_metric=macro_auc) [new best]
train epoch 113/200 batch 13/66 (20%) running_loss=0.4500
train epoch 113/200 batch 26/66 (39%) running_loss=0.4453
train epoch 113/200 batch 39/66 (59%) running_loss=0.4442
train epoch 113/200 batch 52/66 (79%) running_loss=0.4509
train epoch 113/200 batch 65/66 (98%) running_loss=0.4498
train epoch 113/200 batch 66/66 (100%) running_loss=0.4487
epoch 113/200 done: train_loss=0.4487 val_loss=0.1905 val_accuracy=0.9631 val_macro_f1=0.9451 val_macro_auc=0.9949 (checkpoint_metric=macro_auc) [new best]
train epoch 114/200 batch 13/66 (20%) running_loss=0.4391
train epoch 114/200 batch 26/66 (39%) running_loss=0.4307
train epoch 114/200 batch 39/66 (59%) running_loss=0.4356
train epoch 114/200 batch 52/66 (79%) running_loss=0.4388
train epoch 114/200 batch 65/66 (98%) running_loss=0.4352
train epoch 114/200 batch 66/66 (100%) running_loss=0.4353
epoch 114/200 done: train_loss=0.4353 val_loss=0.2023 val_accuracy=0.9529 val_macro_f1=0.9307 val_macro_auc=0.9927 (checkpoint_metric=macro_auc)
train epoch 115/200 batch 13/66 (20%) running_loss=0.4546
train epoch 115/200 batch 26/66 (39%) running_loss=0.4574
train epoch 115/200 batch 39/66 (59%) running_loss=0.4648
train epoch 115/200 batch 52/66 (79%) running_loss=0.4609
train epoch 115/200 batch 65/66 (98%) running_loss=0.4554
train epoch 115/200 batch 66/66 (100%) running_loss=0.4548
epoch 115/200 done: train_loss=0.4548 val_loss=0.2343 val_accuracy=0.9508 val_macro_f1=0.9310 val_macro_auc=0.9956 (checkpoint_metric=macro_auc)
train epoch 116/200 batch 13/66 (20%) running_loss=0.4565
train epoch 116/200 batch 26/66 (39%) running_loss=0.4553
train epoch 116/200 batch 39/66 (59%) running_loss=0.4638
train epoch 116/200 batch 52/66 (79%) running_loss=0.4552
train epoch 116/200 batch 65/66 (98%) running_loss=0.4590
train epoch 116/200 batch 66/66 (100%) running_loss=0.4593
epoch 116/200 done: train_loss=0.4593 val_loss=0.1940 val_accuracy=0.9652 val_macro_f1=0.9496 val_macro_auc=0.9966 (checkpoint_metric=macro_auc) [new best]
train epoch 117/200 batch 13/66 (20%) running_loss=0.4304
train epoch 117/200 batch 26/66 (39%) running_loss=0.4418
train epoch 117/200 batch 39/66 (59%) running_loss=0.4363
train epoch 117/200 batch 52/66 (79%) running_loss=0.4363
train epoch 117/200 batch 65/66 (98%) running_loss=0.4369
train epoch 117/200 batch 66/66 (100%) running_loss=0.4360
epoch 117/200 done: train_loss=0.4360 val_loss=0.1823 val_accuracy=0.9529 val_macro_f1=0.9339 val_macro_auc=0.9957 (checkpoint_metric=macro_auc) [new best]
train epoch 118/200 batch 13/66 (20%) running_loss=0.4077
train epoch 118/200 batch 26/66 (39%) running_loss=0.4155
train epoch 118/200 batch 39/66 (59%) running_loss=0.4210
train epoch 118/200 batch 52/66 (79%) running_loss=0.4283
train epoch 118/200 batch 65/66 (98%) running_loss=0.4344
train epoch 118/200 batch 66/66 (100%) running_loss=0.4340
epoch 118/200 done: train_loss=0.4340 val_loss=0.2318 val_accuracy=0.9303 val_macro_f1=0.9000 val_macro_auc=0.9910 (checkpoint_metric=macro_auc)
train epoch 119/200 batch 13/66 (20%) running_loss=0.4248
train epoch 119/200 batch 26/66 (39%) running_loss=0.4393
train epoch 119/200 batch 39/66 (59%) running_loss=0.4432
train epoch 119/200 batch 52/66 (79%) running_loss=0.4390
train epoch 119/200 batch 65/66 (98%) running_loss=0.4379
train epoch 119/200 batch 66/66 (100%) running_loss=0.4377
epoch 119/200 done: train_loss=0.4377 val_loss=0.1805 val_accuracy=0.9611 val_macro_f1=0.9427 val_macro_auc=0.9952 (checkpoint_metric=macro_auc)
train epoch 120/200 batch 13/66 (20%) running_loss=0.4254
train epoch 120/200 batch 26/66 (39%) running_loss=0.4242
train epoch 120/200 batch 39/66 (59%) running_loss=0.4366
train epoch 120/200 batch 52/66 (79%) running_loss=0.4398
train epoch 120/200 batch 65/66 (98%) running_loss=0.4412
train epoch 120/200 batch 66/66 (100%) running_loss=0.4420
epoch 120/200 done: train_loss=0.4420 val_loss=0.1813 val_accuracy=0.9590 val_macro_f1=0.9389 val_macro_auc=0.9952 (checkpoint_metric=macro_auc)
train epoch 121/200 batch 13/66 (20%) running_loss=0.4356
train epoch 121/200 batch 26/66 (39%) running_loss=0.4166
train epoch 121/200 batch 39/66 (59%) running_loss=0.4276
train epoch 121/200 batch 52/66 (79%) running_loss=0.4244
train epoch 121/200 batch 65/66 (98%) running_loss=0.4240
train epoch 121/200 batch 66/66 (100%) running_loss=0.4248
epoch 121/200 done: train_loss=0.4248 val_loss=0.2042 val_accuracy=0.9590 val_macro_f1=0.9398 val_macro_auc=0.9937 (checkpoint_metric=macro_auc)
train epoch 122/200 batch 13/66 (20%) running_loss=0.4293
train epoch 122/200 batch 26/66 (39%) running_loss=0.4523
train epoch 122/200 batch 39/66 (59%) running_loss=0.4449
train epoch 122/200 batch 52/66 (79%) running_loss=0.4407
train epoch 122/200 batch 65/66 (98%) running_loss=0.4354
train epoch 122/200 batch 66/66 (100%) running_loss=0.4359
epoch 122/200 done: train_loss=0.4359 val_loss=0.2258 val_accuracy=0.9242 val_macro_f1=0.8962 val_macro_auc=0.9935 (checkpoint_metric=macro_auc)
train epoch 123/200 batch 13/66 (20%) running_loss=0.4148
train epoch 123/200 batch 26/66 (39%) running_loss=0.4194
train epoch 123/200 batch 39/66 (59%) running_loss=0.4253
train epoch 123/200 batch 52/66 (79%) running_loss=0.4306
train epoch 123/200 batch 65/66 (98%) running_loss=0.4387
train epoch 123/200 batch 66/66 (100%) running_loss=0.4387
epoch 123/200 done: train_loss=0.4387 val_loss=0.2139 val_accuracy=0.9447 val_macro_f1=0.9220 val_macro_auc=0.9933 (checkpoint_metric=macro_auc)
train epoch 124/200 batch 13/66 (20%) running_loss=0.4201
train epoch 124/200 batch 26/66 (39%) running_loss=0.4175
train epoch 124/200 batch 39/66 (59%) running_loss=0.4305
train epoch 124/200 batch 52/66 (79%) running_loss=0.4324
train epoch 124/200 batch 65/66 (98%) running_loss=0.4286
train epoch 124/200 batch 66/66 (100%) running_loss=0.4321
epoch 124/200 done: train_loss=0.4321 val_loss=0.1977 val_accuracy=0.9570 val_macro_f1=0.9360 val_macro_auc=0.9935 (checkpoint_metric=macro_auc)
train epoch 125/200 batch 13/66 (20%) running_loss=0.4169
train epoch 125/200 batch 26/66 (39%) running_loss=0.4197
train epoch 125/200 batch 39/66 (59%) running_loss=0.4219
train epoch 125/200 batch 52/66 (79%) running_loss=0.4262
train epoch 125/200 batch 65/66 (98%) running_loss=0.4253
train epoch 125/200 batch 66/66 (100%) running_loss=0.4251
epoch 125/200 done: train_loss=0.4251 val_loss=0.3019 val_accuracy=0.8955 val_macro_f1=0.8649 val_macro_auc=0.9901 (checkpoint_metric=macro_auc)
train epoch 126/200 batch 13/66 (20%) running_loss=0.4213
train epoch 126/200 batch 26/66 (39%) running_loss=0.4129
train epoch 126/200 batch 39/66 (59%) running_loss=0.4150
train epoch 126/200 batch 52/66 (79%) running_loss=0.4161
train epoch 126/200 batch 65/66 (98%) running_loss=0.4190
train epoch 126/200 batch 66/66 (100%) running_loss=0.4186
epoch 126/200 done: train_loss=0.4186 val_loss=0.1778 val_accuracy=0.9611 val_macro_f1=0.9421 val_macro_auc=0.9960 (checkpoint_metric=macro_auc)
train epoch 127/200 batch 13/66 (20%) running_loss=0.4508
train epoch 127/200 batch 26/66 (39%) running_loss=0.4612
train epoch 127/200 batch 39/66 (59%) running_loss=0.4593
train epoch 127/200 batch 52/66 (79%) running_loss=0.4531
train epoch 127/200 batch 65/66 (98%) running_loss=0.4464
train epoch 127/200 batch 66/66 (100%) running_loss=0.4471
epoch 127/200 done: train_loss=0.4471 val_loss=0.1832 val_accuracy=0.9549 val_macro_f1=0.9379 val_macro_auc=0.9963 (checkpoint_metric=macro_auc)
train epoch 128/200 batch 13/66 (20%) running_loss=0.4083
train epoch 128/200 batch 26/66 (39%) running_loss=0.4275
train epoch 128/200 batch 39/66 (59%) running_loss=0.4190
train epoch 128/200 batch 52/66 (79%) running_loss=0.4178
train epoch 128/200 batch 65/66 (98%) running_loss=0.4265
train epoch 128/200 batch 66/66 (100%) running_loss=0.4266
epoch 128/200 done: train_loss=0.4266 val_loss=0.1860 val_accuracy=0.9590 val_macro_f1=0.9431 val_macro_auc=0.9963 (checkpoint_metric=macro_auc) [new best]
train epoch 129/200 batch 13/66 (20%) running_loss=0.3988
train epoch 129/200 batch 26/66 (39%) running_loss=0.4150
train epoch 129/200 batch 39/66 (59%) running_loss=0.4209
train epoch 129/200 batch 52/66 (79%) running_loss=0.4224
train epoch 129/200 batch 65/66 (98%) running_loss=0.4228
train epoch 129/200 batch 66/66 (100%) running_loss=0.4243
epoch 129/200 done: train_loss=0.4243 val_loss=0.2198 val_accuracy=0.9488 val_macro_f1=0.9262 val_macro_auc=0.9915 (checkpoint_metric=macro_auc)
train epoch 130/200 batch 13/66 (20%) running_loss=0.4446
train epoch 130/200 batch 26/66 (39%) running_loss=0.4265
train epoch 130/200 batch 39/66 (59%) running_loss=0.4267
train epoch 130/200 batch 52/66 (79%) running_loss=0.4267
train epoch 130/200 batch 65/66 (98%) running_loss=0.4251
train epoch 130/200 batch 66/66 (100%) running_loss=0.4257
epoch 130/200 done: train_loss=0.4257 val_loss=0.2606 val_accuracy=0.9160 val_macro_f1=0.8857 val_macro_auc=0.9887 (checkpoint_metric=macro_auc)
train epoch 131/200 batch 13/66 (20%) running_loss=0.3968
train epoch 131/200 batch 26/66 (39%) running_loss=0.3967
train epoch 131/200 batch 39/66 (59%) running_loss=0.4138
train epoch 131/200 batch 52/66 (79%) running_loss=0.4239
train epoch 131/200 batch 65/66 (98%) running_loss=0.4234
train epoch 131/200 batch 66/66 (100%) running_loss=0.4232
epoch 131/200 done: train_loss=0.4232 val_loss=0.1857 val_accuracy=0.9775 val_macro_f1=0.9650 val_macro_auc=0.9966 (checkpoint_metric=macro_auc)
train epoch 132/200 batch 13/66 (20%) running_loss=0.4271
train epoch 132/200 batch 26/66 (39%) running_loss=0.4211
train epoch 132/200 batch 39/66 (59%) running_loss=0.4094
train epoch 132/200 batch 52/66 (79%) running_loss=0.4166
train epoch 132/200 batch 65/66 (98%) running_loss=0.4163
train epoch 132/200 batch 66/66 (100%) running_loss=0.4161
epoch 132/200 done: train_loss=0.4161 val_loss=0.1913 val_accuracy=0.9549 val_macro_f1=0.9322 val_macro_auc=0.9948 (checkpoint_metric=macro_auc)
train epoch 133/200 batch 13/66 (20%) running_loss=0.4299
train epoch 133/200 batch 26/66 (39%) running_loss=0.4140
train epoch 133/200 batch 39/66 (59%) running_loss=0.4159
train epoch 133/200 batch 52/66 (79%) running_loss=0.4150
train epoch 133/200 batch 65/66 (98%) running_loss=0.4134
train epoch 133/200 batch 66/66 (100%) running_loss=0.4135
epoch 133/200 done: train_loss=0.4135 val_loss=0.1921 val_accuracy=0.9570 val_macro_f1=0.9371 val_macro_auc=0.9964 (checkpoint_metric=macro_auc)
train epoch 134/200 batch 13/66 (20%) running_loss=0.3978
train epoch 134/200 batch 26/66 (39%) running_loss=0.4027
train epoch 134/200 batch 39/66 (59%) running_loss=0.4132
train epoch 134/200 batch 52/66 (79%) running_loss=0.4130
train epoch 134/200 batch 65/66 (98%) running_loss=0.4136
train epoch 134/200 batch 66/66 (100%) running_loss=0.4142
epoch 134/200 done: train_loss=0.4142 val_loss=0.1819 val_accuracy=0.9693 val_macro_f1=0.9529 val_macro_auc=0.9977 (checkpoint_metric=macro_auc) [new best]
train epoch 135/200 batch 13/66 (20%) running_loss=0.4328
train epoch 135/200 batch 26/66 (39%) running_loss=0.4138
train epoch 135/200 batch 39/66 (59%) running_loss=0.4087
train epoch 135/200 batch 52/66 (79%) running_loss=0.4118
train epoch 135/200 batch 65/66 (98%) running_loss=0.4152
train epoch 135/200 batch 66/66 (100%) running_loss=0.4153
epoch 135/200 done: train_loss=0.4153 val_loss=0.2026 val_accuracy=0.9467 val_macro_f1=0.9239 val_macro_auc=0.9951 (checkpoint_metric=macro_auc) [new best]
train epoch 136/200 batch 13/66 (20%) running_loss=0.3982
train epoch 136/200 batch 26/66 (39%) running_loss=0.4108
train epoch 136/200 batch 39/66 (59%) running_loss=0.4112
train epoch 136/200 batch 52/66 (79%) running_loss=0.4052
train epoch 136/200 batch 65/66 (98%) running_loss=0.4076
train epoch 136/200 batch 66/66 (100%) running_loss=0.4075
epoch 136/200 done: train_loss=0.4075 val_loss=0.1805 val_accuracy=0.9713 val_macro_f1=0.9588 val_macro_auc=0.9967 (checkpoint_metric=macro_auc) [new best]
train epoch 137/200 batch 13/66 (20%) running_loss=0.3879
train epoch 137/200 batch 26/66 (39%) running_loss=0.4002
train epoch 137/200 batch 39/66 (59%) running_loss=0.3992
train epoch 137/200 batch 52/66 (79%) running_loss=0.4019
train epoch 137/200 batch 65/66 (98%) running_loss=0.4022
train epoch 137/200 batch 66/66 (100%) running_loss=0.4018
epoch 137/200 done: train_loss=0.4018 val_loss=0.1951 val_accuracy=0.9549 val_macro_f1=0.9345 val_macro_auc=0.9955 (checkpoint_metric=macro_auc)
train epoch 138/200 batch 13/66 (20%) running_loss=0.3896
train epoch 138/200 batch 26/66 (39%) running_loss=0.4034
train epoch 138/200 batch 39/66 (59%) running_loss=0.4025
train epoch 138/200 batch 52/66 (79%) running_loss=0.4035
train epoch 138/200 batch 65/66 (98%) running_loss=0.4016
train epoch 138/200 batch 66/66 (100%) running_loss=0.4014
epoch 138/200 done: train_loss=0.4014 val_loss=0.1800 val_accuracy=0.9672 val_macro_f1=0.9536 val_macro_auc=0.9965 (checkpoint_metric=macro_auc)
train epoch 139/200 batch 13/66 (20%) running_loss=0.4021
train epoch 139/200 batch 26/66 (39%) running_loss=0.3925
train epoch 139/200 batch 39/66 (59%) running_loss=0.3984
train epoch 139/200 batch 52/66 (79%) running_loss=0.4052
train epoch 139/200 batch 65/66 (98%) running_loss=0.4049
train epoch 139/200 batch 66/66 (100%) running_loss=0.4053
epoch 139/200 done: train_loss=0.4053 val_loss=0.1847 val_accuracy=0.9549 val_macro_f1=0.9351 val_macro_auc=0.9959 (checkpoint_metric=macro_auc)
train epoch 140/200 batch 13/66 (20%) running_loss=0.4066
train epoch 140/200 batch 26/66 (39%) running_loss=0.4180
train epoch 140/200 batch 39/66 (59%) running_loss=0.4164
train epoch 140/200 batch 52/66 (79%) running_loss=0.4161
train epoch 140/200 batch 65/66 (98%) running_loss=0.4127
train epoch 140/200 batch 66/66 (100%) running_loss=0.4118
epoch 140/200 done: train_loss=0.4118 val_loss=0.1856 val_accuracy=0.9570 val_macro_f1=0.9335 val_macro_auc=0.9950 (checkpoint_metric=macro_auc)
train epoch 141/200 batch 13/66 (20%) running_loss=0.4094
train epoch 141/200 batch 26/66 (39%) running_loss=0.4010
train epoch 141/200 batch 39/66 (59%) running_loss=0.4026
train epoch 141/200 batch 52/66 (79%) running_loss=0.4029
train epoch 141/200 batch 65/66 (98%) running_loss=0.4012
train epoch 141/200 batch 66/66 (100%) running_loss=0.4016
epoch 141/200 done: train_loss=0.4016 val_loss=0.1735 val_accuracy=0.9713 val_macro_f1=0.9557 val_macro_auc=0.9957 (checkpoint_metric=macro_auc)
train epoch 142/200 batch 13/66 (20%) running_loss=0.4020
train epoch 142/200 batch 26/66 (39%) running_loss=0.3932
train epoch 142/200 batch 39/66 (59%) running_loss=0.3932
train epoch 142/200 batch 52/66 (79%) running_loss=0.3905
train epoch 142/200 batch 65/66 (98%) running_loss=0.3934
train epoch 142/200 batch 66/66 (100%) running_loss=0.3941
epoch 142/200 done: train_loss=0.3941 val_loss=0.2039 val_accuracy=0.9447 val_macro_f1=0.9195 val_macro_auc=0.9946 (checkpoint_metric=macro_auc)
train epoch 143/200 batch 13/66 (20%) running_loss=0.3833
train epoch 143/200 batch 26/66 (39%) running_loss=0.3864
train epoch 143/200 batch 39/66 (59%) running_loss=0.3940
train epoch 143/200 batch 52/66 (79%) running_loss=0.3935
train epoch 143/200 batch 65/66 (98%) running_loss=0.3950
train epoch 143/200 batch 66/66 (100%) running_loss=0.3942
epoch 143/200 done: train_loss=0.3942 val_loss=0.1936 val_accuracy=0.9590 val_macro_f1=0.9405 val_macro_auc=0.9946 (checkpoint_metric=macro_auc)
train epoch 144/200 batch 13/66 (20%) running_loss=0.3898
train epoch 144/200 batch 26/66 (39%) running_loss=0.3895
train epoch 144/200 batch 39/66 (59%) running_loss=0.3907
train epoch 144/200 batch 52/66 (79%) running_loss=0.3946
train epoch 144/200 batch 65/66 (98%) running_loss=0.4006
train epoch 144/200 batch 66/66 (100%) running_loss=0.4004
epoch 144/200 done: train_loss=0.4004 val_loss=0.1683 val_accuracy=0.9652 val_macro_f1=0.9499 val_macro_auc=0.9976 (checkpoint_metric=macro_auc)
train epoch 145/200 batch 13/66 (20%) running_loss=0.3862
train epoch 145/200 batch 26/66 (39%) running_loss=0.3913
train epoch 145/200 batch 39/66 (59%) running_loss=0.3877
train epoch 145/200 batch 52/66 (79%) running_loss=0.3820
train epoch 145/200 batch 65/66 (98%) running_loss=0.3902
train epoch 145/200 batch 66/66 (100%) running_loss=0.3906
epoch 145/200 done: train_loss=0.3906 val_loss=0.1823 val_accuracy=0.9652 val_macro_f1=0.9534 val_macro_auc=0.9963 (checkpoint_metric=macro_auc)
train epoch 146/200 batch 13/66 (20%) running_loss=0.3833
train epoch 146/200 batch 26/66 (39%) running_loss=0.3813
train epoch 146/200 batch 39/66 (59%) running_loss=0.3883
train epoch 146/200 batch 52/66 (79%) running_loss=0.3874
train epoch 146/200 batch 65/66 (98%) running_loss=0.3879
train epoch 146/200 batch 66/66 (100%) running_loss=0.3874
epoch 146/200 done: train_loss=0.3874 val_loss=0.1869 val_accuracy=0.9508 val_macro_f1=0.9299 val_macro_auc=0.9965 (checkpoint_metric=macro_auc) [new best]
train epoch 147/200 batch 13/66 (20%) running_loss=0.3819
train epoch 147/200 batch 26/66 (39%) running_loss=0.3887
train epoch 147/200 batch 39/66 (59%) running_loss=0.3983
train epoch 147/200 batch 52/66 (79%) running_loss=0.3986
train epoch 147/200 batch 65/66 (98%) running_loss=0.4022
train epoch 147/200 batch 66/66 (100%) running_loss=0.4023
epoch 147/200 done: train_loss=0.4023 val_loss=0.1805 val_accuracy=0.9570 val_macro_f1=0.9391 val_macro_auc=0.9968 (checkpoint_metric=macro_auc)
train epoch 148/200 batch 13/66 (20%) running_loss=0.3648
train epoch 148/200 batch 26/66 (39%) running_loss=0.3797
train epoch 148/200 batch 39/66 (59%) running_loss=0.3755
train epoch 148/200 batch 52/66 (79%) running_loss=0.3833
train epoch 148/200 batch 65/66 (98%) running_loss=0.3806
train epoch 148/200 batch 66/66 (100%) running_loss=0.3806
epoch 148/200 done: train_loss=0.3806 val_loss=0.2035 val_accuracy=0.9508 val_macro_f1=0.9318 val_macro_auc=0.9938 (checkpoint_metric=macro_auc)
train epoch 149/200 batch 13/66 (20%) running_loss=0.3883
train epoch 149/200 batch 26/66 (39%) running_loss=0.3845
train epoch 149/200 batch 39/66 (59%) running_loss=0.3814
train epoch 149/200 batch 52/66 (79%) running_loss=0.3803
train epoch 149/200 batch 65/66 (98%) running_loss=0.3862
train epoch 149/200 batch 66/66 (100%) running_loss=0.3856
epoch 149/200 done: train_loss=0.3856 val_loss=0.2431 val_accuracy=0.9303 val_macro_f1=0.9061 val_macro_auc=0.9940 (checkpoint_metric=macro_auc)
train epoch 150/200 batch 13/66 (20%) running_loss=0.4211
train epoch 150/200 batch 26/66 (39%) running_loss=0.4253
train epoch 150/200 batch 39/66 (59%) running_loss=0.4095
train epoch 150/200 batch 52/66 (79%) running_loss=0.4096
train epoch 150/200 batch 65/66 (98%) running_loss=0.4044
train epoch 150/200 batch 66/66 (100%) running_loss=0.4044
epoch 150/200 done: train_loss=0.4044 val_loss=0.1827 val_accuracy=0.9611 val_macro_f1=0.9427 val_macro_auc=0.9962 (checkpoint_metric=macro_auc)
train epoch 151/200 batch 13/66 (20%) running_loss=0.3815
train epoch 151/200 batch 26/66 (39%) running_loss=0.3937
train epoch 151/200 batch 39/66 (59%) running_loss=0.3959
train epoch 151/200 batch 52/66 (79%) running_loss=0.3906
train epoch 151/200 batch 65/66 (98%) running_loss=0.3878
train epoch 151/200 batch 66/66 (100%) running_loss=0.3884
epoch 151/200 done: train_loss=0.3884 val_loss=0.1637 val_accuracy=0.9754 val_macro_f1=0.9626 val_macro_auc=0.9970 (checkpoint_metric=macro_auc)
train epoch 152/200 batch 13/66 (20%) running_loss=0.3811
train epoch 152/200 batch 26/66 (39%) running_loss=0.3867
train epoch 152/200 batch 39/66 (59%) running_loss=0.3829
train epoch 152/200 batch 52/66 (79%) running_loss=0.3845
train epoch 152/200 batch 65/66 (98%) running_loss=0.3848
train epoch 152/200 batch 66/66 (100%) running_loss=0.3840
epoch 152/200 done: train_loss=0.3840 val_loss=0.1913 val_accuracy=0.9570 val_macro_f1=0.9406 val_macro_auc=0.9955 (checkpoint_metric=macro_auc)
train epoch 153/200 batch 13/66 (20%) running_loss=0.3952
train epoch 153/200 batch 26/66 (39%) running_loss=0.3872
train epoch 153/200 batch 39/66 (59%) running_loss=0.3917
train epoch 153/200 batch 52/66 (79%) running_loss=0.3927
train epoch 153/200 batch 65/66 (98%) running_loss=0.3897
train epoch 153/200 batch 66/66 (100%) running_loss=0.3891
epoch 153/200 done: train_loss=0.3891 val_loss=0.1688 val_accuracy=0.9713 val_macro_f1=0.9580 val_macro_auc=0.9965 (checkpoint_metric=macro_auc)
train epoch 154/200 batch 13/66 (20%) running_loss=0.4024
train epoch 154/200 batch 26/66 (39%) running_loss=0.3962
train epoch 154/200 batch 39/66 (59%) running_loss=0.3859
train epoch 154/200 batch 52/66 (79%) running_loss=0.3865
train epoch 154/200 batch 65/66 (98%) running_loss=0.3863
train epoch 154/200 batch 66/66 (100%) running_loss=0.3862
epoch 154/200 done: train_loss=0.3862 val_loss=0.1723 val_accuracy=0.9652 val_macro_f1=0.9495 val_macro_auc=0.9956 (checkpoint_metric=macro_auc)
train epoch 155/200 batch 13/66 (20%) running_loss=0.3797
train epoch 155/200 batch 26/66 (39%) running_loss=0.3793
train epoch 155/200 batch 39/66 (59%) running_loss=0.3818
train epoch 155/200 batch 52/66 (79%) running_loss=0.3827
train epoch 155/200 batch 65/66 (98%) running_loss=0.3812
train epoch 155/200 batch 66/66 (100%) running_loss=0.3821
epoch 155/200 done: train_loss=0.3821 val_loss=0.1954 val_accuracy=0.9570 val_macro_f1=0.9371 val_macro_auc=0.9947 (checkpoint_metric=macro_auc)
train epoch 156/200 batch 13/66 (20%) running_loss=0.3691
train epoch 156/200 batch 26/66 (39%) running_loss=0.3760
train epoch 156/200 batch 39/66 (59%) running_loss=0.3798
train epoch 156/200 batch 52/66 (79%) running_loss=0.3797
train epoch 156/200 batch 65/66 (98%) running_loss=0.3817
train epoch 156/200 batch 66/66 (100%) running_loss=0.3815
epoch 156/200 done: train_loss=0.3815 val_loss=0.1776 val_accuracy=0.9631 val_macro_f1=0.9459 val_macro_auc=0.9948 (checkpoint_metric=macro_auc)
train epoch 157/200 batch 13/66 (20%) running_loss=0.4095
train epoch 157/200 batch 26/66 (39%) running_loss=0.3817
train epoch 157/200 batch 39/66 (59%) running_loss=0.3749
train epoch 157/200 batch 52/66 (79%) running_loss=0.3726
train epoch 157/200 batch 65/66 (98%) running_loss=0.3748
train epoch 157/200 batch 66/66 (100%) running_loss=0.3747
epoch 157/200 done: train_loss=0.3747 val_loss=0.1697 val_accuracy=0.9672 val_macro_f1=0.9507 val_macro_auc=0.9961 (checkpoint_metric=macro_auc)
train epoch 158/200 batch 13/66 (20%) running_loss=0.3775
train epoch 158/200 batch 26/66 (39%) running_loss=0.3866
train epoch 158/200 batch 39/66 (59%) running_loss=0.3826
train epoch 158/200 batch 52/66 (79%) running_loss=0.3863
train epoch 158/200 batch 65/66 (98%) running_loss=0.3816
train epoch 158/200 batch 66/66 (100%) running_loss=0.3815
epoch 158/200 done: train_loss=0.3815 val_loss=0.2002 val_accuracy=0.9590 val_macro_f1=0.9375 val_macro_auc=0.9945 (checkpoint_metric=macro_auc)
train epoch 159/200 batch 13/66 (20%) running_loss=0.3898
train epoch 159/200 batch 26/66 (39%) running_loss=0.3848
train epoch 159/200 batch 39/66 (59%) running_loss=0.3835
train epoch 159/200 batch 52/66 (79%) running_loss=0.3834
train epoch 159/200 batch 65/66 (98%) running_loss=0.3807
train epoch 159/200 batch 66/66 (100%) running_loss=0.3801
epoch 159/200 done: train_loss=0.3801 val_loss=0.1660 val_accuracy=0.9693 val_macro_f1=0.9530 val_macro_auc=0.9960 (checkpoint_metric=macro_auc)
train epoch 160/200 batch 13/66 (20%) running_loss=0.3918
train epoch 160/200 batch 26/66 (39%) running_loss=0.3821
train epoch 160/200 batch 39/66 (59%) running_loss=0.3763
train epoch 160/200 batch 52/66 (79%) running_loss=0.3797
train epoch 160/200 batch 65/66 (98%) running_loss=0.3806
train epoch 160/200 batch 66/66 (100%) running_loss=0.3800
epoch 160/200 done: train_loss=0.3800 val_loss=0.1908 val_accuracy=0.9611 val_macro_f1=0.9425 val_macro_auc=0.9950 (checkpoint_metric=macro_auc)
train epoch 161/200 batch 13/66 (20%) running_loss=0.3792
train epoch 161/200 batch 26/66 (39%) running_loss=0.3761
train epoch 161/200 batch 39/66 (59%) running_loss=0.3745
train epoch 161/200 batch 52/66 (79%) running_loss=0.3733
train epoch 161/200 batch 65/66 (98%) running_loss=0.3757
train epoch 161/200 batch 66/66 (100%) running_loss=0.3758
epoch 161/200 done: train_loss=0.3758 val_loss=0.1940 val_accuracy=0.9529 val_macro_f1=0.9330 val_macro_auc=0.9953 (checkpoint_metric=macro_auc)
train epoch 162/200 batch 13/66 (20%) running_loss=0.3785
train epoch 162/200 batch 26/66 (39%) running_loss=0.3877
train epoch 162/200 batch 39/66 (59%) running_loss=0.3884
train epoch 162/200 batch 52/66 (79%) running_loss=0.3870
train epoch 162/200 batch 65/66 (98%) running_loss=0.3836
train epoch 162/200 batch 66/66 (100%) running_loss=0.3842
epoch 162/200 done: train_loss=0.3842 val_loss=0.1884 val_accuracy=0.9590 val_macro_f1=0.9417 val_macro_auc=0.9952 (checkpoint_metric=macro_auc)
train epoch 163/200 batch 13/66 (20%) running_loss=0.3855
train epoch 163/200 batch 26/66 (39%) running_loss=0.3744
train epoch 163/200 batch 39/66 (59%) running_loss=0.3750
train epoch 163/200 batch 52/66 (79%) running_loss=0.3768
train epoch 163/200 batch 65/66 (98%) running_loss=0.3736
train epoch 163/200 batch 66/66 (100%) running_loss=0.3745
epoch 163/200 done: train_loss=0.3745 val_loss=0.1705 val_accuracy=0.9652 val_macro_f1=0.9512 val_macro_auc=0.9954 (checkpoint_metric=macro_auc)
train epoch 164/200 batch 13/66 (20%) running_loss=0.3758
train epoch 164/200 batch 26/66 (39%) running_loss=0.3737
train epoch 164/200 batch 39/66 (59%) running_loss=0.3740
train epoch 164/200 batch 52/66 (79%) running_loss=0.3789
train epoch 164/200 batch 65/66 (98%) running_loss=0.3788
train epoch 164/200 batch 66/66 (100%) running_loss=0.3786
epoch 164/200 done: train_loss=0.3786 val_loss=0.1935 val_accuracy=0.9529 val_macro_f1=0.9378 val_macro_auc=0.9951 (checkpoint_metric=macro_auc)
train epoch 165/200 batch 13/66 (20%) running_loss=0.3621
train epoch 165/200 batch 26/66 (39%) running_loss=0.3782
train epoch 165/200 batch 39/66 (59%) running_loss=0.3685
train epoch 165/200 batch 52/66 (79%) running_loss=0.3684
train epoch 165/200 batch 65/66 (98%) running_loss=0.3668
train epoch 165/200 batch 66/66 (100%) running_loss=0.3664
epoch 165/200 done: train_loss=0.3664 val_loss=0.1825 val_accuracy=0.9549 val_macro_f1=0.9418 val_macro_auc=0.9955 (checkpoint_metric=macro_auc)
train epoch 166/200 batch 13/66 (20%) running_loss=0.4019
train epoch 166/200 batch 26/66 (39%) running_loss=0.3953
train epoch 166/200 batch 39/66 (59%) running_loss=0.3841
train epoch 166/200 batch 52/66 (79%) running_loss=0.3797
train epoch 166/200 batch 65/66 (98%) running_loss=0.3786
train epoch 166/200 batch 66/66 (100%) running_loss=0.3795
epoch 166/200 done: train_loss=0.3795 val_loss=0.1942 val_accuracy=0.9549 val_macro_f1=0.9375 val_macro_auc=0.9946 (checkpoint_metric=macro_auc)
train epoch 167/200 batch 13/66 (20%) running_loss=0.3648
train epoch 167/200 batch 26/66 (39%) running_loss=0.3624
train epoch 167/200 batch 39/66 (59%) running_loss=0.3669
train epoch 167/200 batch 52/66 (79%) running_loss=0.3668
train epoch 167/200 batch 65/66 (98%) running_loss=0.3669
train epoch 167/200 batch 66/66 (100%) running_loss=0.3674
epoch 167/200 done: train_loss=0.3674 val_loss=0.1719 val_accuracy=0.9611 val_macro_f1=0.9455 val_macro_auc=0.9954 (checkpoint_metric=macro_auc)
train epoch 168/200 batch 13/66 (20%) running_loss=0.3645
train epoch 168/200 batch 26/66 (39%) running_loss=0.3656
train epoch 168/200 batch 39/66 (59%) running_loss=0.3663
train epoch 168/200 batch 52/66 (79%) running_loss=0.3667
train epoch 168/200 batch 65/66 (98%) running_loss=0.3662
train epoch 168/200 batch 66/66 (100%) running_loss=0.3672
epoch 168/200 done: train_loss=0.3672 val_loss=0.1886 val_accuracy=0.9570 val_macro_f1=0.9445 val_macro_auc=0.9950 (checkpoint_metric=macro_auc)
train epoch 169/200 batch 13/66 (20%) running_loss=0.3693
train epoch 169/200 batch 26/66 (39%) running_loss=0.3583
train epoch 169/200 batch 39/66 (59%) running_loss=0.3598
train epoch 169/200 batch 52/66 (79%) running_loss=0.3638
train epoch 169/200 batch 65/66 (98%) running_loss=0.3686
train epoch 169/200 batch 66/66 (100%) running_loss=0.3688
epoch 169/200 done: train_loss=0.3688 val_loss=0.1747 val_accuracy=0.9611 val_macro_f1=0.9442 val_macro_auc=0.9953 (checkpoint_metric=macro_auc)
train epoch 170/200 batch 13/66 (20%) running_loss=0.3752
train epoch 170/200 batch 26/66 (39%) running_loss=0.3673
train epoch 170/200 batch 39/66 (59%) running_loss=0.3745
train epoch 170/200 batch 52/66 (79%) running_loss=0.3724
train epoch 170/200 batch 65/66 (98%) running_loss=0.3692
train epoch 170/200 batch 66/66 (100%) running_loss=0.3690
epoch 170/200 done: train_loss=0.3690 val_loss=0.1661 val_accuracy=0.9672 val_macro_f1=0.9555 val_macro_auc=0.9960 (checkpoint_metric=macro_auc)
train epoch 171/200 batch 13/66 (20%) running_loss=0.3585
train epoch 171/200 batch 26/66 (39%) running_loss=0.3731
train epoch 171/200 batch 39/66 (59%) running_loss=0.3622
train epoch 171/200 batch 52/66 (79%) running_loss=0.3635
train epoch 171/200 batch 65/66 (98%) running_loss=0.3670
train epoch 171/200 batch 66/66 (100%) running_loss=0.3672
epoch 171/200 done: train_loss=0.3672 val_loss=0.1801 val_accuracy=0.9590 val_macro_f1=0.9422 val_macro_auc=0.9956 (checkpoint_metric=macro_auc)
train epoch 172/200 batch 13/66 (20%) running_loss=0.3910
train epoch 172/200 batch 26/66 (39%) running_loss=0.3732
train epoch 172/200 batch 39/66 (59%) running_loss=0.3714
train epoch 172/200 batch 52/66 (79%) running_loss=0.3723
train epoch 172/200 batch 65/66 (98%) running_loss=0.3687
train epoch 172/200 batch 66/66 (100%) running_loss=0.3688
epoch 172/200 done: train_loss=0.3688 val_loss=0.1857 val_accuracy=0.9529 val_macro_f1=0.9368 val_macro_auc=0.9942 (checkpoint_metric=macro_auc)
train epoch 173/200 batch 13/66 (20%) running_loss=0.3594
train epoch 173/200 batch 26/66 (39%) running_loss=0.3612
train epoch 173/200 batch 39/66 (59%) running_loss=0.3580
train epoch 173/200 batch 52/66 (79%) running_loss=0.3566
train epoch 173/200 batch 65/66 (98%) running_loss=0.3584
train epoch 173/200 batch 66/66 (100%) running_loss=0.3589
epoch 173/200 done: train_loss=0.3589 val_loss=0.1764 val_accuracy=0.9590 val_macro_f1=0.9402 val_macro_auc=0.9949 (checkpoint_metric=macro_auc)
train epoch 174/200 batch 13/66 (20%) running_loss=0.3292
train epoch 174/200 batch 26/66 (39%) running_loss=0.3495
train epoch 174/200 batch 39/66 (59%) running_loss=0.3547
train epoch 174/200 batch 52/66 (79%) running_loss=0.3581
train epoch 174/200 batch 65/66 (98%) running_loss=0.3584
train epoch 174/200 batch 66/66 (100%) running_loss=0.3584
epoch 174/200 done: train_loss=0.3584 val_loss=0.1867 val_accuracy=0.9590 val_macro_f1=0.9420 val_macro_auc=0.9948 (checkpoint_metric=macro_auc)
train epoch 175/200 batch 13/66 (20%) running_loss=0.3572
train epoch 175/200 batch 26/66 (39%) running_loss=0.3546
train epoch 175/200 batch 39/66 (59%) running_loss=0.3539
train epoch 175/200 batch 52/66 (79%) running_loss=0.3576
train epoch 175/200 batch 65/66 (98%) running_loss=0.3588
train epoch 175/200 batch 66/66 (100%) running_loss=0.3590
epoch 175/200 done: train_loss=0.3590 val_loss=0.1775 val_accuracy=0.9611 val_macro_f1=0.9422 val_macro_auc=0.9951 (checkpoint_metric=macro_auc)
train epoch 176/200 batch 13/66 (20%) running_loss=0.3555
train epoch 176/200 batch 26/66 (39%) running_loss=0.3616
train epoch 176/200 batch 39/66 (59%) running_loss=0.3574
train epoch 176/200 batch 52/66 (79%) running_loss=0.3589
train epoch 176/200 batch 65/66 (98%) running_loss=0.3582
train epoch 176/200 batch 66/66 (100%) running_loss=0.3580
epoch 176/200 done: train_loss=0.3580 val_loss=0.1751 val_accuracy=0.9549 val_macro_f1=0.9345 val_macro_auc=0.9954 (checkpoint_metric=macro_auc)
train epoch 177/200 batch 13/66 (20%) running_loss=0.3619
train epoch 177/200 batch 26/66 (39%) running_loss=0.3588
train epoch 177/200 batch 39/66 (59%) running_loss=0.3640
train epoch 177/200 batch 52/66 (79%) running_loss=0.3715
train epoch 177/200 batch 65/66 (98%) running_loss=0.3714
train epoch 177/200 batch 66/66 (100%) running_loss=0.3711
epoch 177/200 done: train_loss=0.3711 val_loss=0.1808 val_accuracy=0.9508 val_macro_f1=0.9293 val_macro_auc=0.9956 (checkpoint_metric=macro_auc)
train epoch 178/200 batch 13/66 (20%) running_loss=0.3601
train epoch 178/200 batch 26/66 (39%) running_loss=0.3598
train epoch 178/200 batch 39/66 (59%) running_loss=0.3620
train epoch 178/200 batch 52/66 (79%) running_loss=0.3670
train epoch 178/200 batch 65/66 (98%) running_loss=0.3664
train epoch 178/200 batch 66/66 (100%) running_loss=0.3663
epoch 178/200 done: train_loss=0.3663 val_loss=0.1828 val_accuracy=0.9549 val_macro_f1=0.9345 val_macro_auc=0.9952 (checkpoint_metric=macro_auc)
train epoch 179/200 batch 13/66 (20%) running_loss=0.3753
train epoch 179/200 batch 26/66 (39%) running_loss=0.3632
train epoch 179/200 batch 39/66 (59%) running_loss=0.3572
train epoch 179/200 batch 52/66 (79%) running_loss=0.3569
train epoch 179/200 batch 65/66 (98%) running_loss=0.3603
train epoch 179/200 batch 66/66 (100%) running_loss=0.3615
epoch 179/200 done: train_loss=0.3615 val_loss=0.1821 val_accuracy=0.9549 val_macro_f1=0.9345 val_macro_auc=0.9950 (checkpoint_metric=macro_auc)
train epoch 180/200 batch 13/66 (20%) running_loss=0.3494
train epoch 180/200 batch 26/66 (39%) running_loss=0.3511
train epoch 180/200 batch 39/66 (59%) running_loss=0.3565
train epoch 180/200 batch 52/66 (79%) running_loss=0.3563
train epoch 180/200 batch 65/66 (98%) running_loss=0.3547
train epoch 180/200 batch 66/66 (100%) running_loss=0.3557
epoch 180/200 done: train_loss=0.3557 val_loss=0.1810 val_accuracy=0.9549 val_macro_f1=0.9354 val_macro_auc=0.9952 (checkpoint_metric=macro_auc)
train epoch 181/200 batch 13/66 (20%) running_loss=0.3566
train epoch 181/200 batch 26/66 (39%) running_loss=0.3527
train epoch 181/200 batch 39/66 (59%) running_loss=0.3588
train epoch 181/200 batch 52/66 (79%) running_loss=0.3602
train epoch 181/200 batch 65/66 (98%) running_loss=0.3614
train epoch 181/200 batch 66/66 (100%) running_loss=0.3613
epoch 181/200 done: train_loss=0.3613 val_loss=0.1747 val_accuracy=0.9570 val_macro_f1=0.9371 val_macro_auc=0.9955 (checkpoint_metric=macro_auc)
train epoch 182/200 batch 13/66 (20%) running_loss=0.3895
train epoch 182/200 batch 26/66 (39%) running_loss=0.3699
train epoch 182/200 batch 39/66 (59%) running_loss=0.3634
train epoch 182/200 batch 52/66 (79%) running_loss=0.3634
train epoch 182/200 batch 65/66 (98%) running_loss=0.3653
train epoch 182/200 batch 66/66 (100%) running_loss=0.3648
epoch 182/200 done: train_loss=0.3648 val_loss=0.1813 val_accuracy=0.9611 val_macro_f1=0.9464 val_macro_auc=0.9956 (checkpoint_metric=macro_auc)
train epoch 183/200 batch 13/66 (20%) running_loss=0.3604
train epoch 183/200 batch 26/66 (39%) running_loss=0.3534
train epoch 183/200 batch 39/66 (59%) running_loss=0.3633
train epoch 183/200 batch 52/66 (79%) running_loss=0.3632
train epoch 183/200 batch 65/66 (98%) running_loss=0.3615
train epoch 183/200 batch 66/66 (100%) running_loss=0.3611
epoch 183/200 done: train_loss=0.3611 val_loss=0.1704 val_accuracy=0.9631 val_macro_f1=0.9459 val_macro_auc=0.9955 (checkpoint_metric=macro_auc)
train epoch 184/200 batch 13/66 (20%) running_loss=0.3726
train epoch 184/200 batch 26/66 (39%) running_loss=0.3645
train epoch 184/200 batch 39/66 (59%) running_loss=0.3586
train epoch 184/200 batch 52/66 (79%) running_loss=0.3636
train epoch 184/200 batch 65/66 (98%) running_loss=0.3644
train epoch 184/200 batch 66/66 (100%) running_loss=0.3641
epoch 184/200 done: train_loss=0.3641 val_loss=0.1775 val_accuracy=0.9570 val_macro_f1=0.9362 val_macro_auc=0.9952 (checkpoint_metric=macro_auc)
train epoch 185/200 batch 13/66 (20%) running_loss=0.3569
train epoch 185/200 batch 26/66 (39%) running_loss=0.3602
train epoch 185/200 batch 39/66 (59%) running_loss=0.3647
train epoch 185/200 batch 52/66 (79%) running_loss=0.3607
train epoch 185/200 batch 65/66 (98%) running_loss=0.3606
train epoch 185/200 batch 66/66 (100%) running_loss=0.3604
epoch 185/200 done: train_loss=0.3604 val_loss=0.1815 val_accuracy=0.9570 val_macro_f1=0.9380 val_macro_auc=0.9951 (checkpoint_metric=macro_auc)
train epoch 186/200 batch 13/66 (20%) running_loss=0.3579
train epoch 186/200 batch 26/66 (39%) running_loss=0.3629
train epoch 186/200 batch 39/66 (59%) running_loss=0.3583
train epoch 186/200 batch 52/66 (79%) running_loss=0.3600
train epoch 186/200 batch 65/66 (98%) running_loss=0.3599
train epoch 186/200 batch 66/66 (100%) running_loss=0.3596
epoch 186/200 done: train_loss=0.3596 val_loss=0.1789 val_accuracy=0.9570 val_macro_f1=0.9380 val_macro_auc=0.9949 (checkpoint_metric=macro_auc)
train epoch 187/200 batch 13/66 (20%) running_loss=0.3461
train epoch 187/200 batch 26/66 (39%) running_loss=0.3569
train epoch 187/200 batch 39/66 (59%) running_loss=0.3543
train epoch 187/200 batch 52/66 (79%) running_loss=0.3509
train epoch 187/200 batch 65/66 (98%) running_loss=0.3533
train epoch 187/200 batch 66/66 (100%) running_loss=0.3538
epoch 187/200 done: train_loss=0.3538 val_loss=0.1765 val_accuracy=0.9570 val_macro_f1=0.9362 val_macro_auc=0.9952 (checkpoint_metric=macro_auc)
train epoch 188/200 batch 13/66 (20%) running_loss=0.3718
train epoch 188/200 batch 26/66 (39%) running_loss=0.3721
train epoch 188/200 batch 39/66 (59%) running_loss=0.3666
train epoch 188/200 batch 52/66 (79%) running_loss=0.3673
train epoch 188/200 batch 65/66 (98%) running_loss=0.3639
train epoch 188/200 batch 66/66 (100%) running_loss=0.3641
epoch 188/200 done: train_loss=0.3641 val_loss=0.1806 val_accuracy=0.9570 val_macro_f1=0.9362 val_macro_auc=0.9952 (checkpoint_metric=macro_auc)
train epoch 189/200 batch 13/66 (20%) running_loss=0.3560
train epoch 189/200 batch 26/66 (39%) running_loss=0.3711
train epoch 189/200 batch 39/66 (59%) running_loss=0.3723
train epoch 189/200 batch 52/66 (79%) running_loss=0.3684
train epoch 189/200 batch 65/66 (98%) running_loss=0.3679
train epoch 189/200 batch 66/66 (100%) running_loss=0.3676
epoch 189/200 done: train_loss=0.3676 val_loss=0.1826 val_accuracy=0.9549 val_macro_f1=0.9354 val_macro_auc=0.9952 (checkpoint_metric=macro_auc)
train epoch 190/200 batch 13/66 (20%) running_loss=0.3735
train epoch 190/200 batch 26/66 (39%) running_loss=0.3661
train epoch 190/200 batch 39/66 (59%) running_loss=0.3645
train epoch 190/200 batch 52/66 (79%) running_loss=0.3595
train epoch 190/200 batch 65/66 (98%) running_loss=0.3586
train epoch 190/200 batch 66/66 (100%) running_loss=0.3595
epoch 190/200 done: train_loss=0.3595 val_loss=0.1771 val_accuracy=0.9570 val_macro_f1=0.9362 val_macro_auc=0.9954 (checkpoint_metric=macro_auc)
train epoch 191/200 batch 13/66 (20%) running_loss=0.3534
train epoch 191/200 batch 26/66 (39%) running_loss=0.3576
train epoch 191/200 batch 39/66 (59%) running_loss=0.3536
train epoch 191/200 batch 52/66 (79%) running_loss=0.3532
train epoch 191/200 batch 65/66 (98%) running_loss=0.3525
train epoch 191/200 batch 66/66 (100%) running_loss=0.3526
epoch 191/200 done: train_loss=0.3526 val_loss=0.1751 val_accuracy=0.9570 val_macro_f1=0.9362 val_macro_auc=0.9953 (checkpoint_metric=macro_auc)
train epoch 192/200 batch 13/66 (20%) running_loss=0.3511
train epoch 192/200 batch 26/66 (39%) running_loss=0.3542
train epoch 192/200 batch 39/66 (59%) running_loss=0.3515
train epoch 192/200 batch 52/66 (79%) running_loss=0.3579
train epoch 192/200 batch 65/66 (98%) running_loss=0.3577
train epoch 192/200 batch 66/66 (100%) running_loss=0.3582
epoch 192/200 done: train_loss=0.3582 val_loss=0.1727 val_accuracy=0.9611 val_macro_f1=0.9422 val_macro_auc=0.9954 (checkpoint_metric=macro_auc)
train epoch 193/200 batch 13/66 (20%) running_loss=0.3392
train epoch 193/200 batch 26/66 (39%) running_loss=0.3501
train epoch 193/200 batch 39/66 (59%) running_loss=0.3556
train epoch 193/200 batch 52/66 (79%) running_loss=0.3567
train epoch 193/200 batch 65/66 (98%) running_loss=0.3569
train epoch 193/200 batch 66/66 (100%) running_loss=0.3569
epoch 193/200 done: train_loss=0.3569 val_loss=0.1758 val_accuracy=0.9570 val_macro_f1=0.9362 val_macro_auc=0.9951 (checkpoint_metric=macro_auc)
train epoch 194/200 batch 13/66 (20%) running_loss=0.3495
train epoch 194/200 batch 26/66 (39%) running_loss=0.3506
train epoch 194/200 batch 39/66 (59%) running_loss=0.3557
train epoch 194/200 batch 52/66 (79%) running_loss=0.3556
train epoch 194/200 batch 65/66 (98%) running_loss=0.3565
train epoch 194/200 batch 66/66 (100%) running_loss=0.3563
epoch 194/200 done: train_loss=0.3563 val_loss=0.1745 val_accuracy=0.9570 val_macro_f1=0.9362 val_macro_auc=0.9952 (checkpoint_metric=macro_auc)
train epoch 195/200 batch 13/66 (20%) running_loss=0.3760
train epoch 195/200 batch 26/66 (39%) running_loss=0.3619
train epoch 195/200 batch 39/66 (59%) running_loss=0.3575
train epoch 195/200 batch 52/66 (79%) running_loss=0.3549
train epoch 195/200 batch 65/66 (98%) running_loss=0.3535
train epoch 195/200 batch 66/66 (100%) running_loss=0.3537
epoch 195/200 done: train_loss=0.3537 val_loss=0.1789 val_accuracy=0.9590 val_macro_f1=0.9397 val_macro_auc=0.9952 (checkpoint_metric=macro_auc)
train epoch 196/200 batch 13/66 (20%) running_loss=0.3578
train epoch 196/200 batch 26/66 (39%) running_loss=0.3550
train epoch 196/200 batch 39/66 (59%) running_loss=0.3530
train epoch 196/200 batch 52/66 (79%) running_loss=0.3515
train epoch 196/200 batch 65/66 (98%) running_loss=0.3544
train epoch 196/200 batch 66/66 (100%) running_loss=0.3540
epoch 196/200 done: train_loss=0.3540 val_loss=0.1730 val_accuracy=0.9570 val_macro_f1=0.9362 val_macro_auc=0.9952 (checkpoint_metric=macro_auc)
train epoch 197/200 batch 13/66 (20%) running_loss=0.3492
train epoch 197/200 batch 26/66 (39%) running_loss=0.3602
train epoch 197/200 batch 39/66 (59%) running_loss=0.3557
train epoch 197/200 batch 52/66 (79%) running_loss=0.3536
train epoch 197/200 batch 65/66 (98%) running_loss=0.3536
train epoch 197/200 batch 66/66 (100%) running_loss=0.3532
epoch 197/200 done: train_loss=0.3532 val_loss=0.1741 val_accuracy=0.9590 val_macro_f1=0.9392 val_macro_auc=0.9952 (checkpoint_metric=macro_auc)
train epoch 198/200 batch 13/66 (20%) running_loss=0.3711
train epoch 198/200 batch 26/66 (39%) running_loss=0.3635
train epoch 198/200 batch 39/66 (59%) running_loss=0.3599
train epoch 198/200 batch 52/66 (79%) running_loss=0.3633
train epoch 198/200 batch 65/66 (98%) running_loss=0.3617
train epoch 198/200 batch 66/66 (100%) running_loss=0.3614
epoch 198/200 done: train_loss=0.3614 val_loss=0.1774 val_accuracy=0.9570 val_macro_f1=0.9380 val_macro_auc=0.9951 (checkpoint_metric=macro_auc)
train epoch 199/200 batch 13/66 (20%) running_loss=0.3722
train epoch 199/200 batch 26/66 (39%) running_loss=0.3623
train epoch 199/200 batch 39/66 (59%) running_loss=0.3612
train epoch 199/200 batch 52/66 (79%) running_loss=0.3608
train epoch 199/200 batch 65/66 (98%) running_loss=0.3594
train epoch 199/200 batch 66/66 (100%) running_loss=0.3592
epoch 199/200 done: train_loss=0.3592 val_loss=0.1740 val_accuracy=0.9590 val_macro_f1=0.9392 val_macro_auc=0.9952 (checkpoint_metric=macro_auc)
train epoch 200/200 batch 13/66 (20%) running_loss=0.3498
train epoch 200/200 batch 26/66 (39%) running_loss=0.3519
train epoch 200/200 batch 39/66 (59%) running_loss=0.3484
train epoch 200/200 batch 52/66 (79%) running_loss=0.3518
train epoch 200/200 batch 65/66 (98%) running_loss=0.3533
train epoch 200/200 batch 66/66 (100%) running_loss=0.3531
epoch 200/200 done: train_loss=0.3531 val_loss=0.1712 val_accuracy=0.9590 val_macro_f1=0.9392 val_macro_auc=0.9953 (checkpoint_metric=macro_auc)
Training finished. Best epoch=146, smoothed macro_auc=0.9968 (window=3)
Test set evaluated once: accuracy=0.8987 macro_f1=0.8865 macro_auc=0.9765
Best epoch: 146
Test accuracy: 0.8987
Test macro F1: 0.8865
Test macro AUC: 0.9765
