Starting baseline training: model=vgg16 device=cuda amp=True image_size=96 epochs=50 lr=0.001 optimizer=sgd
Dataset ready: 3 classes, 2102 train / 488 val samples (split reused from outputs/baseline_vgg16_96_constant_s1/split_indices.json)
Augmentation policy: constant strength (rank-averaged), from outputs/main1/augmentation_run/selected_policy.json; strengths {'rotation': 0.0675, 'affine_translation': 0.2256, 'random_resized_crop': 0.516, 'brightness': 0.4195, 'contrast': 0.123, 'horizontal_flip': 0.5366, 'random_erasing': 0.1828}
Classes: {'glioma_tumor': 0, 'meningioma_tumor': 1, 'pituitary_tumor': 2}
Regularization: weight_decay=7.0e-04 label_smoothing=0.10 grad_clip_norm=5.0
train epoch 1/50 batch 13/66 (20%) running_loss=1.0676
train epoch 1/50 batch 26/66 (39%) running_loss=0.9682
train epoch 1/50 batch 39/66 (59%) running_loss=0.8865
train epoch 1/50 batch 52/66 (79%) running_loss=0.8383
train epoch 1/50 batch 65/66 (98%) running_loss=0.7949
train epoch 1/50 batch 66/66 (100%) running_loss=0.7931
epoch 1/50 done: train_loss=0.7931 val_loss=0.3753 val_accuracy=0.8648 val_macro_f1=0.8268 val_macro_auc=0.9781 (checkpoint_metric=macro_auc) [new best]
train epoch 2/50 batch 13/66 (20%) running_loss=0.5628
train epoch 2/50 batch 26/66 (39%) running_loss=0.5480
train epoch 2/50 batch 39/66 (59%) running_loss=0.5438
train epoch 2/50 batch 52/66 (79%) running_loss=0.5472
train epoch 2/50 batch 65/66 (98%) running_loss=0.5368
train epoch 2/50 batch 66/66 (100%) running_loss=0.5358
epoch 2/50 done: train_loss=0.5358 val_loss=0.2105 val_accuracy=0.9488 val_macro_f1=0.9286 val_macro_auc=0.9915 (checkpoint_metric=macro_auc) [new best]
train epoch 3/50 batch 13/66 (20%) running_loss=0.4842
train epoch 3/50 batch 26/66 (39%) running_loss=0.4829
train epoch 3/50 batch 39/66 (59%) running_loss=0.4794
train epoch 3/50 batch 52/66 (79%) running_loss=0.4805
train epoch 3/50 batch 65/66 (98%) running_loss=0.4749
train epoch 3/50 batch 66/66 (100%) running_loss=0.4739
epoch 3/50 done: train_loss=0.4739 val_loss=0.2876 val_accuracy=0.9078 val_macro_f1=0.8783 val_macro_auc=0.9890 (checkpoint_metric=macro_auc) [new best]
train epoch 4/50 batch 13/66 (20%) running_loss=0.4300
train epoch 4/50 batch 26/66 (39%) running_loss=0.4326
train epoch 4/50 batch 39/66 (59%) running_loss=0.4366
train epoch 4/50 batch 52/66 (79%) running_loss=0.4310
train epoch 4/50 batch 65/66 (98%) running_loss=0.4214
train epoch 4/50 batch 66/66 (100%) running_loss=0.4222
epoch 4/50 done: train_loss=0.4222 val_loss=0.2196 val_accuracy=0.9488 val_macro_f1=0.9276 val_macro_auc=0.9898 (checkpoint_metric=macro_auc) [new best]
train epoch 5/50 batch 13/66 (20%) running_loss=0.3912
train epoch 5/50 batch 26/66 (39%) running_loss=0.3819
train epoch 5/50 batch 39/66 (59%) running_loss=0.3845
train epoch 5/50 batch 52/66 (79%) running_loss=0.3859
train epoch 5/50 batch 65/66 (98%) running_loss=0.3843
train epoch 5/50 batch 66/66 (100%) running_loss=0.3846
epoch 5/50 done: train_loss=0.3846 val_loss=0.2289 val_accuracy=0.9385 val_macro_f1=0.9103 val_macro_auc=0.9854 (checkpoint_metric=macro_auc)
train epoch 6/50 batch 13/66 (20%) running_loss=0.3687
train epoch 6/50 batch 26/66 (39%) running_loss=0.3857
train epoch 6/50 batch 39/66 (59%) running_loss=0.3848
train epoch 6/50 batch 52/66 (79%) running_loss=0.3823
train epoch 6/50 batch 65/66 (98%) running_loss=0.3792
train epoch 6/50 batch 66/66 (100%) running_loss=0.3793
epoch 6/50 done: train_loss=0.3793 val_loss=0.2321 val_accuracy=0.9385 val_macro_f1=0.9151 val_macro_auc=0.9901 (checkpoint_metric=macro_auc)
train epoch 7/50 batch 13/66 (20%) running_loss=0.3419
train epoch 7/50 batch 26/66 (39%) running_loss=0.3428
train epoch 7/50 batch 39/66 (59%) running_loss=0.3451
train epoch 7/50 batch 52/66 (79%) running_loss=0.3439
train epoch 7/50 batch 65/66 (98%) running_loss=0.3472
train epoch 7/50 batch 66/66 (100%) running_loss=0.3473
epoch 7/50 done: train_loss=0.3473 val_loss=0.1937 val_accuracy=0.9529 val_macro_f1=0.9294 val_macro_auc=0.9915 (checkpoint_metric=macro_auc)
train epoch 8/50 batch 13/66 (20%) running_loss=0.3439
train epoch 8/50 batch 26/66 (39%) running_loss=0.3468
train epoch 8/50 batch 39/66 (59%) running_loss=0.3424
train epoch 8/50 batch 52/66 (79%) running_loss=0.3422
train epoch 8/50 batch 65/66 (98%) running_loss=0.3417
train epoch 8/50 batch 66/66 (100%) running_loss=0.3416
epoch 8/50 done: train_loss=0.3416 val_loss=0.2313 val_accuracy=0.9385 val_macro_f1=0.9151 val_macro_auc=0.9870 (checkpoint_metric=macro_auc)
train epoch 9/50 batch 13/66 (20%) running_loss=0.3351
train epoch 9/50 batch 26/66 (39%) running_loss=0.3376
train epoch 9/50 batch 39/66 (59%) running_loss=0.3382
train epoch 9/50 batch 52/66 (79%) running_loss=0.3403
train epoch 9/50 batch 65/66 (98%) running_loss=0.3399
train epoch 9/50 batch 66/66 (100%) running_loss=0.3397
epoch 9/50 done: train_loss=0.3397 val_loss=0.1820 val_accuracy=0.9549 val_macro_f1=0.9351 val_macro_auc=0.9936 (checkpoint_metric=macro_auc) [new best]
train epoch 10/50 batch 13/66 (20%) running_loss=0.3259
train epoch 10/50 batch 26/66 (39%) running_loss=0.3267
train epoch 10/50 batch 39/66 (59%) running_loss=0.3257
train epoch 10/50 batch 52/66 (79%) running_loss=0.3277
train epoch 10/50 batch 65/66 (98%) running_loss=0.3283
train epoch 10/50 batch 66/66 (100%) running_loss=0.3282
epoch 10/50 done: train_loss=0.3282 val_loss=0.1855 val_accuracy=0.9590 val_macro_f1=0.9398 val_macro_auc=0.9936 (checkpoint_metric=macro_auc) [new best]
train epoch 11/50 batch 13/66 (20%) running_loss=0.3226
train epoch 11/50 batch 26/66 (39%) running_loss=0.3284
train epoch 11/50 batch 39/66 (59%) running_loss=0.3248
train epoch 11/50 batch 52/66 (79%) running_loss=0.3265
train epoch 11/50 batch 65/66 (98%) running_loss=0.3262
train epoch 11/50 batch 66/66 (100%) running_loss=0.3260
epoch 11/50 done: train_loss=0.3260 val_loss=0.2964 val_accuracy=0.9139 val_macro_f1=0.8897 val_macro_auc=0.9847 (checkpoint_metric=macro_auc)
train epoch 12/50 batch 13/66 (20%) running_loss=0.3288
train epoch 12/50 batch 26/66 (39%) running_loss=0.3272
train epoch 12/50 batch 39/66 (59%) running_loss=0.3284
train epoch 12/50 batch 52/66 (79%) running_loss=0.3268
train epoch 12/50 batch 65/66 (98%) running_loss=0.3263
train epoch 12/50 batch 66/66 (100%) running_loss=0.3261
epoch 12/50 done: train_loss=0.3261 val_loss=0.1863 val_accuracy=0.9631 val_macro_f1=0.9444 val_macro_auc=0.9909 (checkpoint_metric=macro_auc)
train epoch 13/50 batch 13/66 (20%) running_loss=0.3159
train epoch 13/50 batch 26/66 (39%) running_loss=0.3158
train epoch 13/50 batch 39/66 (59%) running_loss=0.3170
train epoch 13/50 batch 52/66 (79%) running_loss=0.3170
train epoch 13/50 batch 65/66 (98%) running_loss=0.3180
train epoch 13/50 batch 66/66 (100%) running_loss=0.3180
epoch 13/50 done: train_loss=0.3180 val_loss=0.1977 val_accuracy=0.9529 val_macro_f1=0.9328 val_macro_auc=0.9931 (checkpoint_metric=macro_auc)
train epoch 14/50 batch 13/66 (20%) running_loss=0.3162
train epoch 14/50 batch 26/66 (39%) running_loss=0.3171
train epoch 14/50 batch 39/66 (59%) running_loss=0.3178
train epoch 14/50 batch 52/66 (79%) running_loss=0.3168
train epoch 14/50 batch 65/66 (98%) running_loss=0.3165
train epoch 14/50 batch 66/66 (100%) running_loss=0.3165
epoch 14/50 done: train_loss=0.3165 val_loss=0.2173 val_accuracy=0.9467 val_macro_f1=0.9257 val_macro_auc=0.9900 (checkpoint_metric=macro_auc)
train epoch 15/50 batch 13/66 (20%) running_loss=0.3277
train epoch 15/50 batch 26/66 (39%) running_loss=0.3199
train epoch 15/50 batch 39/66 (59%) running_loss=0.3178
train epoch 15/50 batch 52/66 (79%) running_loss=0.3159
train epoch 15/50 batch 65/66 (98%) running_loss=0.3147
train epoch 15/50 batch 66/66 (100%) running_loss=0.3147
epoch 15/50 done: train_loss=0.3147 val_loss=0.1939 val_accuracy=0.9529 val_macro_f1=0.9320 val_macro_auc=0.9925 (checkpoint_metric=macro_auc) [new best]
train epoch 16/50 batch 13/66 (20%) running_loss=0.3076
train epoch 16/50 batch 26/66 (39%) running_loss=0.3073
train epoch 16/50 batch 39/66 (59%) running_loss=0.3074
train epoch 16/50 batch 52/66 (79%) running_loss=0.3074
train epoch 16/50 batch 65/66 (98%) running_loss=0.3080
train epoch 16/50 batch 66/66 (100%) running_loss=0.3080
epoch 16/50 done: train_loss=0.3080 val_loss=0.1886 val_accuracy=0.9570 val_macro_f1=0.9371 val_macro_auc=0.9907 (checkpoint_metric=macro_auc)
train epoch 17/50 batch 13/66 (20%) running_loss=0.3064
train epoch 17/50 batch 26/66 (39%) running_loss=0.3061
train epoch 17/50 batch 39/66 (59%) running_loss=0.3068
train epoch 17/50 batch 52/66 (79%) running_loss=0.3061
train epoch 17/50 batch 65/66 (98%) running_loss=0.3071
train epoch 17/50 batch 66/66 (100%) running_loss=0.3071
epoch 17/50 done: train_loss=0.3071 val_loss=0.1940 val_accuracy=0.9426 val_macro_f1=0.9228 val_macro_auc=0.9944 (checkpoint_metric=macro_auc) [new best]
train epoch 18/50 batch 13/66 (20%) running_loss=0.3137
train epoch 18/50 batch 26/66 (39%) running_loss=0.3121
train epoch 18/50 batch 39/66 (59%) running_loss=0.3113
train epoch 18/50 batch 52/66 (79%) running_loss=0.3104
train epoch 18/50 batch 65/66 (98%) running_loss=0.3107
train epoch 18/50 batch 66/66 (100%) running_loss=0.3106
epoch 18/50 done: train_loss=0.3106 val_loss=0.2356 val_accuracy=0.9426 val_macro_f1=0.9209 val_macro_auc=0.9888 (checkpoint_metric=macro_auc)
train epoch 19/50 batch 13/66 (20%) running_loss=0.3071
train epoch 19/50 batch 26/66 (39%) running_loss=0.3080
train epoch 19/50 batch 39/66 (59%) running_loss=0.3063
train epoch 19/50 batch 52/66 (79%) running_loss=0.3059
train epoch 19/50 batch 65/66 (98%) running_loss=0.3060
train epoch 19/50 batch 66/66 (100%) running_loss=0.3059
epoch 19/50 done: train_loss=0.3059 val_loss=0.2041 val_accuracy=0.9488 val_macro_f1=0.9280 val_macro_auc=0.9891 (checkpoint_metric=macro_auc)
train epoch 20/50 batch 13/66 (20%) running_loss=0.3049
train epoch 20/50 batch 26/66 (39%) running_loss=0.3038
train epoch 20/50 batch 39/66 (59%) running_loss=0.3037
train epoch 20/50 batch 52/66 (79%) running_loss=0.3042
train epoch 20/50 batch 65/66 (98%) running_loss=0.3042
train epoch 20/50 batch 66/66 (100%) running_loss=0.3042
epoch 20/50 done: train_loss=0.3042 val_loss=0.1977 val_accuracy=0.9529 val_macro_f1=0.9324 val_macro_auc=0.9901 (checkpoint_metric=macro_auc)
train epoch 21/50 batch 13/66 (20%) running_loss=0.3043
train epoch 21/50 batch 26/66 (39%) running_loss=0.3046
train epoch 21/50 batch 39/66 (59%) running_loss=0.3089
train epoch 21/50 batch 52/66 (79%) running_loss=0.3082
train epoch 21/50 batch 65/66 (98%) running_loss=0.3076
train epoch 21/50 batch 66/66 (100%) running_loss=0.3075
epoch 21/50 done: train_loss=0.3075 val_loss=0.1903 val_accuracy=0.9570 val_macro_f1=0.9373 val_macro_auc=0.9928 (checkpoint_metric=macro_auc)
train epoch 22/50 batch 13/66 (20%) running_loss=0.3013
train epoch 22/50 batch 26/66 (39%) running_loss=0.3046
train epoch 22/50 batch 39/66 (59%) running_loss=0.3040
train epoch 22/50 batch 52/66 (79%) running_loss=0.3033
train epoch 22/50 batch 65/66 (98%) running_loss=0.3037
train epoch 22/50 batch 66/66 (100%) running_loss=0.3037
epoch 22/50 done: train_loss=0.3037 val_loss=0.1978 val_accuracy=0.9529 val_macro_f1=0.9330 val_macro_auc=0.9896 (checkpoint_metric=macro_auc)
train epoch 23/50 batch 13/66 (20%) running_loss=0.3018
train epoch 23/50 batch 26/66 (39%) running_loss=0.3060
train epoch 23/50 batch 39/66 (59%) running_loss=0.3046
train epoch 23/50 batch 52/66 (79%) running_loss=0.3038
train epoch 23/50 batch 65/66 (98%) running_loss=0.3044
train epoch 23/50 batch 66/66 (100%) running_loss=0.3045
epoch 23/50 done: train_loss=0.3045 val_loss=0.2125 val_accuracy=0.9467 val_macro_f1=0.9254 val_macro_auc=0.9911 (checkpoint_metric=macro_auc)
train epoch 24/50 batch 13/66 (20%) running_loss=0.3024
train epoch 24/50 batch 26/66 (39%) running_loss=0.3025
train epoch 24/50 batch 39/66 (59%) running_loss=0.3022
train epoch 24/50 batch 52/66 (79%) running_loss=0.3024
train epoch 24/50 batch 65/66 (98%) running_loss=0.3025
train epoch 24/50 batch 66/66 (100%) running_loss=0.3025
epoch 24/50 done: train_loss=0.3025 val_loss=0.2370 val_accuracy=0.9385 val_macro_f1=0.9161 val_macro_auc=0.9870 (checkpoint_metric=macro_auc)
train epoch 25/50 batch 13/66 (20%) running_loss=0.3041
train epoch 25/50 batch 26/66 (39%) running_loss=0.3058
train epoch 25/50 batch 39/66 (59%) running_loss=0.3051
train epoch 25/50 batch 52/66 (79%) running_loss=0.3048
train epoch 25/50 batch 65/66 (98%) running_loss=0.3039
train epoch 25/50 batch 66/66 (100%) running_loss=0.3039
epoch 25/50 done: train_loss=0.3039 val_loss=0.2071 val_accuracy=0.9447 val_macro_f1=0.9230 val_macro_auc=0.9917 (checkpoint_metric=macro_auc)
train epoch 26/50 batch 13/66 (20%) running_loss=0.3023
train epoch 26/50 batch 26/66 (39%) running_loss=0.3019
train epoch 26/50 batch 39/66 (59%) running_loss=0.3013
train epoch 26/50 batch 52/66 (79%) running_loss=0.3011
train epoch 26/50 batch 65/66 (98%) running_loss=0.3008
train epoch 26/50 batch 66/66 (100%) running_loss=0.3008
epoch 26/50 done: train_loss=0.3008 val_loss=0.2052 val_accuracy=0.9488 val_macro_f1=0.9269 val_macro_auc=0.9905 (checkpoint_metric=macro_auc)
train epoch 27/50 batch 13/66 (20%) running_loss=0.3012
train epoch 27/50 batch 26/66 (39%) running_loss=0.3022
train epoch 27/50 batch 39/66 (59%) running_loss=0.3011
train epoch 27/50 batch 52/66 (79%) running_loss=0.3014
train epoch 27/50 batch 65/66 (98%) running_loss=0.3015
train epoch 27/50 batch 66/66 (100%) running_loss=0.3015
epoch 27/50 done: train_loss=0.3015 val_loss=0.2026 val_accuracy=0.9488 val_macro_f1=0.9269 val_macro_auc=0.9904 (checkpoint_metric=macro_auc)
train epoch 28/50 batch 13/66 (20%) running_loss=0.3011
train epoch 28/50 batch 26/66 (39%) running_loss=0.3009
train epoch 28/50 batch 39/66 (59%) running_loss=0.3009
train epoch 28/50 batch 52/66 (79%) running_loss=0.3004
train epoch 28/50 batch 65/66 (98%) running_loss=0.3006
train epoch 28/50 batch 66/66 (100%) running_loss=0.3006
epoch 28/50 done: train_loss=0.3006 val_loss=0.1962 val_accuracy=0.9529 val_macro_f1=0.9325 val_macro_auc=0.9926 (checkpoint_metric=macro_auc)
train epoch 29/50 batch 13/66 (20%) running_loss=0.3018
train epoch 29/50 batch 26/66 (39%) running_loss=0.3017
train epoch 29/50 batch 39/66 (59%) running_loss=0.3014
train epoch 29/50 batch 52/66 (79%) running_loss=0.3012
train epoch 29/50 batch 65/66 (98%) running_loss=0.3007
train epoch 29/50 batch 66/66 (100%) running_loss=0.3007
epoch 29/50 done: train_loss=0.3007 val_loss=0.2099 val_accuracy=0.9488 val_macro_f1=0.9269 val_macro_auc=0.9890 (checkpoint_metric=macro_auc)
train epoch 30/50 batch 13/66 (20%) running_loss=0.3009
train epoch 30/50 batch 26/66 (39%) running_loss=0.3012
train epoch 30/50 batch 39/66 (59%) running_loss=0.3009
train epoch 30/50 batch 52/66 (79%) running_loss=0.3008
train epoch 30/50 batch 65/66 (98%) running_loss=0.3008
train epoch 30/50 batch 66/66 (100%) running_loss=0.3008
epoch 30/50 done: train_loss=0.3008 val_loss=0.2195 val_accuracy=0.9447 val_macro_f1=0.9220 val_macro_auc=0.9879 (checkpoint_metric=macro_auc)
train epoch 31/50 batch 13/66 (20%) running_loss=0.3007
train epoch 31/50 batch 26/66 (39%) running_loss=0.3018
train epoch 31/50 batch 39/66 (59%) running_loss=0.3013
train epoch 31/50 batch 52/66 (79%) running_loss=0.3007
train epoch 31/50 batch 65/66 (98%) running_loss=0.3007
train epoch 31/50 batch 66/66 (100%) running_loss=0.3006
epoch 31/50 done: train_loss=0.3006 val_loss=0.1958 val_accuracy=0.9529 val_macro_f1=0.9325 val_macro_auc=0.9925 (checkpoint_metric=macro_auc)
train epoch 32/50 batch 13/66 (20%) running_loss=0.2992
train epoch 32/50 batch 26/66 (39%) running_loss=0.2998
train epoch 32/50 batch 39/66 (59%) running_loss=0.2993
train epoch 32/50 batch 52/66 (79%) running_loss=0.3000
train epoch 32/50 batch 65/66 (98%) running_loss=0.3002
train epoch 32/50 batch 66/66 (100%) running_loss=0.3004
epoch 32/50 done: train_loss=0.3004 val_loss=0.2142 val_accuracy=0.9467 val_macro_f1=0.9250 val_macro_auc=0.9901 (checkpoint_metric=macro_auc)
train epoch 33/50 batch 13/66 (20%) running_loss=0.3045
train epoch 33/50 batch 26/66 (39%) running_loss=0.3016
train epoch 33/50 batch 39/66 (59%) running_loss=0.3013
train epoch 33/50 batch 52/66 (79%) running_loss=0.3012
train epoch 33/50 batch 65/66 (98%) running_loss=0.3006
train epoch 33/50 batch 66/66 (100%) running_loss=0.3006
epoch 33/50 done: train_loss=0.3006 val_loss=0.2043 val_accuracy=0.9488 val_macro_f1=0.9269 val_macro_auc=0.9904 (checkpoint_metric=macro_auc)
train epoch 34/50 batch 13/66 (20%) running_loss=0.2994
train epoch 34/50 batch 26/66 (39%) running_loss=0.2995
train epoch 34/50 batch 39/66 (59%) running_loss=0.2988
train epoch 34/50 batch 52/66 (79%) running_loss=0.2990
train epoch 34/50 batch 65/66 (98%) running_loss=0.2991
train epoch 34/50 batch 66/66 (100%) running_loss=0.2991
epoch 34/50 done: train_loss=0.2991 val_loss=0.2050 val_accuracy=0.9508 val_macro_f1=0.9300 val_macro_auc=0.9902 (checkpoint_metric=macro_auc)
train epoch 35/50 batch 13/66 (20%) running_loss=0.3033
train epoch 35/50 batch 26/66 (39%) running_loss=0.3018
train epoch 35/50 batch 39/66 (59%) running_loss=0.3009
train epoch 35/50 batch 52/66 (79%) running_loss=0.3002
train epoch 35/50 batch 65/66 (98%) running_loss=0.3000
train epoch 35/50 batch 66/66 (100%) running_loss=0.3000
epoch 35/50 done: train_loss=0.3000 val_loss=0.1954 val_accuracy=0.9529 val_macro_f1=0.9325 val_macro_auc=0.9919 (checkpoint_metric=macro_auc)
train epoch 36/50 batch 13/66 (20%) running_loss=0.3015
train epoch 36/50 batch 26/66 (39%) running_loss=0.3002
train epoch 36/50 batch 39/66 (59%) running_loss=0.3012
train epoch 36/50 batch 52/66 (79%) running_loss=0.3010
train epoch 36/50 batch 65/66 (98%) running_loss=0.3006
train epoch 36/50 batch 66/66 (100%) running_loss=0.3006
epoch 36/50 done: train_loss=0.3006 val_loss=0.2216 val_accuracy=0.9385 val_macro_f1=0.9164 val_macro_auc=0.9895 (checkpoint_metric=macro_auc)
train epoch 37/50 batch 13/66 (20%) running_loss=0.3016
train epoch 37/50 batch 26/66 (39%) running_loss=0.3008
train epoch 37/50 batch 39/66 (59%) running_loss=0.3002
train epoch 37/50 batch 52/66 (79%) running_loss=0.3000
train epoch 37/50 batch 65/66 (98%) running_loss=0.3001
train epoch 37/50 batch 66/66 (100%) running_loss=0.3001
epoch 37/50 done: train_loss=0.3001 val_loss=0.1907 val_accuracy=0.9529 val_macro_f1=0.9325 val_macro_auc=0.9920 (checkpoint_metric=macro_auc)
train epoch 38/50 batch 13/66 (20%) running_loss=0.2987
train epoch 38/50 batch 26/66 (39%) running_loss=0.2989
train epoch 38/50 batch 39/66 (59%) running_loss=0.2992
train epoch 38/50 batch 52/66 (79%) running_loss=0.2989
train epoch 38/50 batch 65/66 (98%) running_loss=0.2986
train epoch 38/50 batch 66/66 (100%) running_loss=0.2986
epoch 38/50 done: train_loss=0.2986 val_loss=0.2037 val_accuracy=0.9529 val_macro_f1=0.9331 val_macro_auc=0.9905 (checkpoint_metric=macro_auc)
train epoch 39/50 batch 13/66 (20%) running_loss=0.2994
train epoch 39/50 batch 26/66 (39%) running_loss=0.2997
train epoch 39/50 batch 39/66 (59%) running_loss=0.2991
train epoch 39/50 batch 52/66 (79%) running_loss=0.2991
train epoch 39/50 batch 65/66 (98%) running_loss=0.2995
train epoch 39/50 batch 66/66 (100%) running_loss=0.2995
epoch 39/50 done: train_loss=0.2995 val_loss=0.2055 val_accuracy=0.9488 val_macro_f1=0.9269 val_macro_auc=0.9899 (checkpoint_metric=macro_auc)
train epoch 40/50 batch 13/66 (20%) running_loss=0.2986
train epoch 40/50 batch 26/66 (39%) running_loss=0.2984
train epoch 40/50 batch 39/66 (59%) running_loss=0.2991
train epoch 40/50 batch 52/66 (79%) running_loss=0.3005
train epoch 40/50 batch 65/66 (98%) running_loss=0.3003
train epoch 40/50 batch 66/66 (100%) running_loss=0.3003
epoch 40/50 done: train_loss=0.3003 val_loss=0.1922 val_accuracy=0.9529 val_macro_f1=0.9325 val_macro_auc=0.9924 (checkpoint_metric=macro_auc)
train epoch 41/50 batch 13/66 (20%) running_loss=0.2998
train epoch 41/50 batch 26/66 (39%) running_loss=0.2994
train epoch 41/50 batch 39/66 (59%) running_loss=0.2994
train epoch 41/50 batch 52/66 (79%) running_loss=0.2992
train epoch 41/50 batch 65/66 (98%) running_loss=0.2992
train epoch 41/50 batch 66/66 (100%) running_loss=0.2992
epoch 41/50 done: train_loss=0.2992 val_loss=0.2022 val_accuracy=0.9508 val_macro_f1=0.9300 val_macro_auc=0.9915 (checkpoint_metric=macro_auc)
train epoch 42/50 batch 13/66 (20%) running_loss=0.2996
train epoch 42/50 batch 26/66 (39%) running_loss=0.3003
train epoch 42/50 batch 39/66 (59%) running_loss=0.2997
train epoch 42/50 batch 52/66 (79%) running_loss=0.3001
train epoch 42/50 batch 65/66 (98%) running_loss=0.2998
train epoch 42/50 batch 66/66 (100%) running_loss=0.2998
epoch 42/50 done: train_loss=0.2998 val_loss=0.2041 val_accuracy=0.9529 val_macro_f1=0.9325 val_macro_auc=0.9908 (checkpoint_metric=macro_auc)
train epoch 43/50 batch 13/66 (20%) running_loss=0.3004
train epoch 43/50 batch 26/66 (39%) running_loss=0.3001
train epoch 43/50 batch 39/66 (59%) running_loss=0.3001
train epoch 43/50 batch 52/66 (79%) running_loss=0.3004
train epoch 43/50 batch 65/66 (98%) running_loss=0.3000
train epoch 43/50 batch 66/66 (100%) running_loss=0.3000
epoch 43/50 done: train_loss=0.3000 val_loss=0.1976 val_accuracy=0.9508 val_macro_f1=0.9297 val_macro_auc=0.9909 (checkpoint_metric=macro_auc)
train epoch 44/50 batch 13/66 (20%) running_loss=0.2992
train epoch 44/50 batch 26/66 (39%) running_loss=0.2986
train epoch 44/50 batch 39/66 (59%) running_loss=0.2984
train epoch 44/50 batch 52/66 (79%) running_loss=0.2985
train epoch 44/50 batch 65/66 (98%) running_loss=0.2986
train epoch 44/50 batch 66/66 (100%) running_loss=0.2986
epoch 44/50 done: train_loss=0.2986 val_loss=0.1972 val_accuracy=0.9529 val_macro_f1=0.9325 val_macro_auc=0.9912 (checkpoint_metric=macro_auc)
train epoch 45/50 batch 13/66 (20%) running_loss=0.2984
train epoch 45/50 batch 26/66 (39%) running_loss=0.2998
train epoch 45/50 batch 39/66 (59%) running_loss=0.3001
train epoch 45/50 batch 52/66 (79%) running_loss=0.3000
train epoch 45/50 batch 65/66 (98%) running_loss=0.2999
train epoch 45/50 batch 66/66 (100%) running_loss=0.3000
epoch 45/50 done: train_loss=0.3000 val_loss=0.2026 val_accuracy=0.9508 val_macro_f1=0.9297 val_macro_auc=0.9905 (checkpoint_metric=macro_auc)
train epoch 46/50 batch 13/66 (20%) running_loss=0.2987
train epoch 46/50 batch 26/66 (39%) running_loss=0.2991
train epoch 46/50 batch 39/66 (59%) running_loss=0.2991
train epoch 46/50 batch 52/66 (79%) running_loss=0.2991
train epoch 46/50 batch 65/66 (98%) running_loss=0.2988
train epoch 46/50 batch 66/66 (100%) running_loss=0.2989
epoch 46/50 done: train_loss=0.2989 val_loss=0.2022 val_accuracy=0.9508 val_macro_f1=0.9297 val_macro_auc=0.9907 (checkpoint_metric=macro_auc)
train epoch 47/50 batch 13/66 (20%) running_loss=0.3005
train epoch 47/50 batch 26/66 (39%) running_loss=0.2997
train epoch 47/50 batch 39/66 (59%) running_loss=0.2989
train epoch 47/50 batch 52/66 (79%) running_loss=0.2988
train epoch 47/50 batch 65/66 (98%) running_loss=0.2999
train epoch 47/50 batch 66/66 (100%) running_loss=0.2999
epoch 47/50 done: train_loss=0.2999 val_loss=0.1989 val_accuracy=0.9508 val_macro_f1=0.9297 val_macro_auc=0.9911 (checkpoint_metric=macro_auc)
train epoch 48/50 batch 13/66 (20%) running_loss=0.2983
train epoch 48/50 batch 26/66 (39%) running_loss=0.2986
train epoch 48/50 batch 39/66 (59%) running_loss=0.2984
train epoch 48/50 batch 52/66 (79%) running_loss=0.2987
train epoch 48/50 batch 65/66 (98%) running_loss=0.2987
train epoch 48/50 batch 66/66 (100%) running_loss=0.2988
epoch 48/50 done: train_loss=0.2988 val_loss=0.2001 val_accuracy=0.9508 val_macro_f1=0.9297 val_macro_auc=0.9909 (checkpoint_metric=macro_auc)
train epoch 49/50 batch 13/66 (20%) running_loss=0.3007
train epoch 49/50 batch 26/66 (39%) running_loss=0.3000
train epoch 49/50 batch 39/66 (59%) running_loss=0.2998
train epoch 49/50 batch 52/66 (79%) running_loss=0.2995
train epoch 49/50 batch 65/66 (98%) running_loss=0.2996
train epoch 49/50 batch 66/66 (100%) running_loss=0.2995
epoch 49/50 done: train_loss=0.2995 val_loss=0.2004 val_accuracy=0.9508 val_macro_f1=0.9297 val_macro_auc=0.9909 (checkpoint_metric=macro_auc)
train epoch 50/50 batch 13/66 (20%) running_loss=0.2992
train epoch 50/50 batch 26/66 (39%) running_loss=0.2994
train epoch 50/50 batch 39/66 (59%) running_loss=0.2992
train epoch 50/50 batch 52/66 (79%) running_loss=0.2989
train epoch 50/50 batch 65/66 (98%) running_loss=0.2993
train epoch 50/50 batch 66/66 (100%) running_loss=0.2993
epoch 50/50 done: train_loss=0.2993 val_loss=0.2006 val_accuracy=0.9508 val_macro_f1=0.9297 val_macro_auc=0.9909 (checkpoint_metric=macro_auc)
Training finished. Best epoch=17, smoothed macro_auc=0.9926 (window=3)
Test set evaluated once: accuracy=0.8924 macro_f1=0.8825 macro_auc=0.9783
Model size: 134.27M params, 2.938 GFLOPs at 96x96

Best epoch: 17
Test accuracy:  0.8924
Test macro F1:  0.8825
Test macro AUC: 0.9783
Model size: 134.27M params, 2.938 GFLOPs
