Starting baseline training: model=senet device=cuda amp=True image_size=96 epochs=50 lr=0.001 optimizer=sgd
Dataset ready: 3 classes, 2102 train / 488 val samples (split reused from outputs/baseline_senet_96_constant_s3/split_indices.json)
Augmentation policy: constant strength (rank-averaged), from outputs/main1/augmentation_run/selected_policy.json; strengths {'rotation': 0.0675, 'affine_translation': 0.2256, 'random_resized_crop': 0.516, 'brightness': 0.4195, 'contrast': 0.123, 'horizontal_flip': 0.5366, 'random_erasing': 0.1828}
Classes: {'glioma_tumor': 0, 'meningioma_tumor': 1, 'pituitary_tumor': 2}
Regularization: weight_decay=7.0e-04 label_smoothing=0.10 grad_clip_norm=5.0
train epoch 1/50 batch 13/66 (20%) running_loss=1.0609
train epoch 1/50 batch 26/66 (39%) running_loss=1.0150
train epoch 1/50 batch 39/66 (59%) running_loss=0.9658
train epoch 1/50 batch 52/66 (79%) running_loss=0.9300
train epoch 1/50 batch 65/66 (98%) running_loss=0.8895
train epoch 1/50 batch 66/66 (100%) running_loss=0.8868
epoch 1/50 done: train_loss=0.8868 val_loss=0.5427 val_accuracy=0.8217 val_macro_f1=0.7393 val_macro_auc=0.9345 (checkpoint_metric=macro_auc) [new best]
train epoch 2/50 batch 13/66 (20%) running_loss=0.6736
train epoch 2/50 batch 26/66 (39%) running_loss=0.6497
train epoch 2/50 batch 39/66 (59%) running_loss=0.6288
train epoch 2/50 batch 52/66 (79%) running_loss=0.6100
train epoch 2/50 batch 65/66 (98%) running_loss=0.6036
train epoch 2/50 batch 66/66 (100%) running_loss=0.6029
epoch 2/50 done: train_loss=0.6029 val_loss=0.3526 val_accuracy=0.8934 val_macro_f1=0.8607 val_macro_auc=0.9734 (checkpoint_metric=macro_auc) [new best]
train epoch 3/50 batch 13/66 (20%) running_loss=0.5226
train epoch 3/50 batch 26/66 (39%) running_loss=0.5050
train epoch 3/50 batch 39/66 (59%) running_loss=0.4975
train epoch 3/50 batch 52/66 (79%) running_loss=0.4960
train epoch 3/50 batch 65/66 (98%) running_loss=0.4941
train epoch 3/50 batch 66/66 (100%) running_loss=0.4931
epoch 3/50 done: train_loss=0.4931 val_loss=0.2696 val_accuracy=0.9098 val_macro_f1=0.8746 val_macro_auc=0.9835 (checkpoint_metric=macro_auc) [new best]
train epoch 4/50 batch 13/66 (20%) running_loss=0.4346
train epoch 4/50 batch 26/66 (39%) running_loss=0.4265
train epoch 4/50 batch 39/66 (59%) running_loss=0.4316
train epoch 4/50 batch 52/66 (79%) running_loss=0.4344
train epoch 4/50 batch 65/66 (98%) running_loss=0.4390
train epoch 4/50 batch 66/66 (100%) running_loss=0.4388
epoch 4/50 done: train_loss=0.4388 val_loss=0.2591 val_accuracy=0.9119 val_macro_f1=0.8780 val_macro_auc=0.9860 (checkpoint_metric=macro_auc) [new best]
train epoch 5/50 batch 13/66 (20%) running_loss=0.4122
train epoch 5/50 batch 26/66 (39%) running_loss=0.4181
train epoch 5/50 batch 39/66 (59%) running_loss=0.4186
train epoch 5/50 batch 52/66 (79%) running_loss=0.4195
train epoch 5/50 batch 65/66 (98%) running_loss=0.4143
train epoch 5/50 batch 66/66 (100%) running_loss=0.4142
epoch 5/50 done: train_loss=0.4142 val_loss=0.2358 val_accuracy=0.9344 val_macro_f1=0.9099 val_macro_auc=0.9878 (checkpoint_metric=macro_auc) [new best]
train epoch 6/50 batch 13/66 (20%) running_loss=0.4073
train epoch 6/50 batch 26/66 (39%) running_loss=0.3899
train epoch 6/50 batch 39/66 (59%) running_loss=0.4033
train epoch 6/50 batch 52/66 (79%) running_loss=0.3996
train epoch 6/50 batch 65/66 (98%) running_loss=0.3975
train epoch 6/50 batch 66/66 (100%) running_loss=0.3968
epoch 6/50 done: train_loss=0.3968 val_loss=0.2156 val_accuracy=0.9488 val_macro_f1=0.9277 val_macro_auc=0.9885 (checkpoint_metric=macro_auc) [new best]
train epoch 7/50 batch 13/66 (20%) running_loss=0.3859
train epoch 7/50 batch 26/66 (39%) running_loss=0.3789
train epoch 7/50 batch 39/66 (59%) running_loss=0.3795
train epoch 7/50 batch 52/66 (79%) running_loss=0.3765
train epoch 7/50 batch 65/66 (98%) running_loss=0.3778
train epoch 7/50 batch 66/66 (100%) running_loss=0.3772
epoch 7/50 done: train_loss=0.3772 val_loss=0.2195 val_accuracy=0.9406 val_macro_f1=0.9165 val_macro_auc=0.9862 (checkpoint_metric=macro_auc) [new best]
train epoch 8/50 batch 13/66 (20%) running_loss=0.3647
train epoch 8/50 batch 26/66 (39%) running_loss=0.3584
train epoch 8/50 batch 39/66 (59%) running_loss=0.3694
train epoch 8/50 batch 52/66 (79%) running_loss=0.3652
train epoch 8/50 batch 65/66 (98%) running_loss=0.3646
train epoch 8/50 batch 66/66 (100%) running_loss=0.3646
epoch 8/50 done: train_loss=0.3646 val_loss=0.2494 val_accuracy=0.9242 val_macro_f1=0.8960 val_macro_auc=0.9828 (checkpoint_metric=macro_auc)
train epoch 9/50 batch 13/66 (20%) running_loss=0.3582
train epoch 9/50 batch 26/66 (39%) running_loss=0.3740
train epoch 9/50 batch 39/66 (59%) running_loss=0.3695
train epoch 9/50 batch 52/66 (79%) running_loss=0.3672
train epoch 9/50 batch 65/66 (98%) running_loss=0.3629
train epoch 9/50 batch 66/66 (100%) running_loss=0.3628
epoch 9/50 done: train_loss=0.3628 val_loss=0.2218 val_accuracy=0.9426 val_macro_f1=0.9234 val_macro_auc=0.9868 (checkpoint_metric=macro_auc)
train epoch 10/50 batch 13/66 (20%) running_loss=0.3369
train epoch 10/50 batch 26/66 (39%) running_loss=0.3405
train epoch 10/50 batch 39/66 (59%) running_loss=0.3511
train epoch 10/50 batch 52/66 (79%) running_loss=0.3485
train epoch 10/50 batch 65/66 (98%) running_loss=0.3473
train epoch 10/50 batch 66/66 (100%) running_loss=0.3484
epoch 10/50 done: train_loss=0.3484 val_loss=0.2174 val_accuracy=0.9447 val_macro_f1=0.9219 val_macro_auc=0.9845 (checkpoint_metric=macro_auc)
train epoch 11/50 batch 13/66 (20%) running_loss=0.3473
train epoch 11/50 batch 26/66 (39%) running_loss=0.3432
train epoch 11/50 batch 39/66 (59%) running_loss=0.3419
train epoch 11/50 batch 52/66 (79%) running_loss=0.3423
train epoch 11/50 batch 65/66 (98%) running_loss=0.3448
train epoch 11/50 batch 66/66 (100%) running_loss=0.3447
epoch 11/50 done: train_loss=0.3447 val_loss=0.2322 val_accuracy=0.9385 val_macro_f1=0.9161 val_macro_auc=0.9836 (checkpoint_metric=macro_auc)
train epoch 12/50 batch 13/66 (20%) running_loss=0.3361
train epoch 12/50 batch 26/66 (39%) running_loss=0.3403
train epoch 12/50 batch 39/66 (59%) running_loss=0.3397
train epoch 12/50 batch 52/66 (79%) running_loss=0.3415
train epoch 12/50 batch 65/66 (98%) running_loss=0.3435
train epoch 12/50 batch 66/66 (100%) running_loss=0.3437
epoch 12/50 done: train_loss=0.3437 val_loss=0.2280 val_accuracy=0.9385 val_macro_f1=0.9133 val_macro_auc=0.9851 (checkpoint_metric=macro_auc)
train epoch 13/50 batch 13/66 (20%) running_loss=0.3294
train epoch 13/50 batch 26/66 (39%) running_loss=0.3341
train epoch 13/50 batch 39/66 (59%) running_loss=0.3374
train epoch 13/50 batch 52/66 (79%) running_loss=0.3394
train epoch 13/50 batch 65/66 (98%) running_loss=0.3392
train epoch 13/50 batch 66/66 (100%) running_loss=0.3388
epoch 13/50 done: train_loss=0.3388 val_loss=0.2357 val_accuracy=0.9344 val_macro_f1=0.9090 val_macro_auc=0.9832 (checkpoint_metric=macro_auc)
train epoch 14/50 batch 13/66 (20%) running_loss=0.3144
train epoch 14/50 batch 26/66 (39%) running_loss=0.3184
train epoch 14/50 batch 39/66 (59%) running_loss=0.3170
train epoch 14/50 batch 52/66 (79%) running_loss=0.3195
train epoch 14/50 batch 65/66 (98%) running_loss=0.3218
train epoch 14/50 batch 66/66 (100%) running_loss=0.3223
epoch 14/50 done: train_loss=0.3223 val_loss=0.2598 val_accuracy=0.9303 val_macro_f1=0.9054 val_macro_auc=0.9807 (checkpoint_metric=macro_auc)
train epoch 15/50 batch 13/66 (20%) running_loss=0.3371
train epoch 15/50 batch 26/66 (39%) running_loss=0.3433
train epoch 15/50 batch 39/66 (59%) running_loss=0.3386
train epoch 15/50 batch 52/66 (79%) running_loss=0.3368
train epoch 15/50 batch 65/66 (98%) running_loss=0.3343
train epoch 15/50 batch 66/66 (100%) running_loss=0.3360
epoch 15/50 done: train_loss=0.3360 val_loss=0.2537 val_accuracy=0.9324 val_macro_f1=0.9076 val_macro_auc=0.9812 (checkpoint_metric=macro_auc)
train epoch 16/50 batch 13/66 (20%) running_loss=0.3365
train epoch 16/50 batch 26/66 (39%) running_loss=0.3306
train epoch 16/50 batch 39/66 (59%) running_loss=0.3323
train epoch 16/50 batch 52/66 (79%) running_loss=0.3313
train epoch 16/50 batch 65/66 (98%) running_loss=0.3327
train epoch 16/50 batch 66/66 (100%) running_loss=0.3323
epoch 16/50 done: train_loss=0.3323 val_loss=0.2398 val_accuracy=0.9406 val_macro_f1=0.9178 val_macro_auc=0.9826 (checkpoint_metric=macro_auc)
train epoch 17/50 batch 13/66 (20%) running_loss=0.3187
train epoch 17/50 batch 26/66 (39%) running_loss=0.3190
train epoch 17/50 batch 39/66 (59%) running_loss=0.3196
train epoch 17/50 batch 52/66 (79%) running_loss=0.3194
train epoch 17/50 batch 65/66 (98%) running_loss=0.3183
train epoch 17/50 batch 66/66 (100%) running_loss=0.3182
epoch 17/50 done: train_loss=0.3182 val_loss=0.2159 val_accuracy=0.9447 val_macro_f1=0.9228 val_macro_auc=0.9847 (checkpoint_metric=macro_auc)
train epoch 18/50 batch 13/66 (20%) running_loss=0.3180
train epoch 18/50 batch 26/66 (39%) running_loss=0.3194
train epoch 18/50 batch 39/66 (59%) running_loss=0.3226
train epoch 18/50 batch 52/66 (79%) running_loss=0.3249
train epoch 18/50 batch 65/66 (98%) running_loss=0.3247
train epoch 18/50 batch 66/66 (100%) running_loss=0.3256
epoch 18/50 done: train_loss=0.3256 val_loss=0.2372 val_accuracy=0.9344 val_macro_f1=0.9104 val_macro_auc=0.9853 (checkpoint_metric=macro_auc)
train epoch 19/50 batch 13/66 (20%) running_loss=0.3291
train epoch 19/50 batch 26/66 (39%) running_loss=0.3272
train epoch 19/50 batch 39/66 (59%) running_loss=0.3310
train epoch 19/50 batch 52/66 (79%) running_loss=0.3287
train epoch 19/50 batch 65/66 (98%) running_loss=0.3260
train epoch 19/50 batch 66/66 (100%) running_loss=0.3260
epoch 19/50 done: train_loss=0.3260 val_loss=0.2118 val_accuracy=0.9426 val_macro_f1=0.9193 val_macro_auc=0.9858 (checkpoint_metric=macro_auc)
train epoch 20/50 batch 13/66 (20%) running_loss=0.3198
train epoch 20/50 batch 26/66 (39%) running_loss=0.3140
train epoch 20/50 batch 39/66 (59%) running_loss=0.3217
train epoch 20/50 batch 52/66 (79%) running_loss=0.3201
train epoch 20/50 batch 65/66 (98%) running_loss=0.3201
train epoch 20/50 batch 66/66 (100%) running_loss=0.3200
epoch 20/50 done: train_loss=0.3200 val_loss=0.2116 val_accuracy=0.9488 val_macro_f1=0.9289 val_macro_auc=0.9852 (checkpoint_metric=macro_auc)
train epoch 21/50 batch 13/66 (20%) running_loss=0.3174
train epoch 21/50 batch 26/66 (39%) running_loss=0.3152
train epoch 21/50 batch 39/66 (59%) running_loss=0.3191
train epoch 21/50 batch 52/66 (79%) running_loss=0.3186
train epoch 21/50 batch 65/66 (98%) running_loss=0.3176
train epoch 21/50 batch 66/66 (100%) running_loss=0.3177
epoch 21/50 done: train_loss=0.3177 val_loss=0.2247 val_accuracy=0.9426 val_macro_f1=0.9199 val_macro_auc=0.9848 (checkpoint_metric=macro_auc)
train epoch 22/50 batch 13/66 (20%) running_loss=0.3099
train epoch 22/50 batch 26/66 (39%) running_loss=0.3127
train epoch 22/50 batch 39/66 (59%) running_loss=0.3159
train epoch 22/50 batch 52/66 (79%) running_loss=0.3137
train epoch 22/50 batch 65/66 (98%) running_loss=0.3145
train epoch 22/50 batch 66/66 (100%) running_loss=0.3144
epoch 22/50 done: train_loss=0.3144 val_loss=0.2150 val_accuracy=0.9467 val_macro_f1=0.9244 val_macro_auc=0.9859 (checkpoint_metric=macro_auc)
train epoch 23/50 batch 13/66 (20%) running_loss=0.3056
train epoch 23/50 batch 26/66 (39%) running_loss=0.3080
train epoch 23/50 batch 39/66 (59%) running_loss=0.3152
train epoch 23/50 batch 52/66 (79%) running_loss=0.3148
train epoch 23/50 batch 65/66 (98%) running_loss=0.3135
train epoch 23/50 batch 66/66 (100%) running_loss=0.3135
epoch 23/50 done: train_loss=0.3135 val_loss=0.2216 val_accuracy=0.9426 val_macro_f1=0.9208 val_macro_auc=0.9863 (checkpoint_metric=macro_auc)
train epoch 24/50 batch 13/66 (20%) running_loss=0.3156
train epoch 24/50 batch 26/66 (39%) running_loss=0.3152
train epoch 24/50 batch 39/66 (59%) running_loss=0.3167
train epoch 24/50 batch 52/66 (79%) running_loss=0.3157
train epoch 24/50 batch 65/66 (98%) running_loss=0.3142
train epoch 24/50 batch 66/66 (100%) running_loss=0.3141
epoch 24/50 done: train_loss=0.3141 val_loss=0.2112 val_accuracy=0.9447 val_macro_f1=0.9223 val_macro_auc=0.9862 (checkpoint_metric=macro_auc)
train epoch 25/50 batch 13/66 (20%) running_loss=0.3085
train epoch 25/50 batch 26/66 (39%) running_loss=0.3127
train epoch 25/50 batch 39/66 (59%) running_loss=0.3124
train epoch 25/50 batch 52/66 (79%) running_loss=0.3117
train epoch 25/50 batch 65/66 (98%) running_loss=0.3100
train epoch 25/50 batch 66/66 (100%) running_loss=0.3099
epoch 25/50 done: train_loss=0.3099 val_loss=0.1981 val_accuracy=0.9508 val_macro_f1=0.9300 val_macro_auc=0.9872 (checkpoint_metric=macro_auc)
train epoch 26/50 batch 13/66 (20%) running_loss=0.3088
train epoch 26/50 batch 26/66 (39%) running_loss=0.3105
train epoch 26/50 batch 39/66 (59%) running_loss=0.3174
train epoch 26/50 batch 52/66 (79%) running_loss=0.3152
train epoch 26/50 batch 65/66 (98%) running_loss=0.3138
train epoch 26/50 batch 66/66 (100%) running_loss=0.3137
epoch 26/50 done: train_loss=0.3137 val_loss=0.2555 val_accuracy=0.9303 val_macro_f1=0.9055 val_macro_auc=0.9842 (checkpoint_metric=macro_auc)
train epoch 27/50 batch 13/66 (20%) running_loss=0.3125
train epoch 27/50 batch 26/66 (39%) running_loss=0.3093
train epoch 27/50 batch 39/66 (59%) running_loss=0.3084
train epoch 27/50 batch 52/66 (79%) running_loss=0.3115
train epoch 27/50 batch 65/66 (98%) running_loss=0.3119
train epoch 27/50 batch 66/66 (100%) running_loss=0.3117
epoch 27/50 done: train_loss=0.3117 val_loss=0.1992 val_accuracy=0.9467 val_macro_f1=0.9259 val_macro_auc=0.9868 (checkpoint_metric=macro_auc)
train epoch 28/50 batch 13/66 (20%) running_loss=0.3141
train epoch 28/50 batch 26/66 (39%) running_loss=0.3164
train epoch 28/50 batch 39/66 (59%) running_loss=0.3170
train epoch 28/50 batch 52/66 (79%) running_loss=0.3164
train epoch 28/50 batch 65/66 (98%) running_loss=0.3153
train epoch 28/50 batch 66/66 (100%) running_loss=0.3151
epoch 28/50 done: train_loss=0.3151 val_loss=0.2105 val_accuracy=0.9488 val_macro_f1=0.9276 val_macro_auc=0.9870 (checkpoint_metric=macro_auc)
train epoch 29/50 batch 13/66 (20%) running_loss=0.3111
train epoch 29/50 batch 26/66 (39%) running_loss=0.3126
train epoch 29/50 batch 39/66 (59%) running_loss=0.3114
train epoch 29/50 batch 52/66 (79%) running_loss=0.3123
train epoch 29/50 batch 65/66 (98%) running_loss=0.3111
train epoch 29/50 batch 66/66 (100%) running_loss=0.3118
epoch 29/50 done: train_loss=0.3118 val_loss=0.2166 val_accuracy=0.9447 val_macro_f1=0.9226 val_macro_auc=0.9866 (checkpoint_metric=macro_auc)
train epoch 30/50 batch 13/66 (20%) running_loss=0.3286
train epoch 30/50 batch 26/66 (39%) running_loss=0.3156
train epoch 30/50 batch 39/66 (59%) running_loss=0.3137
train epoch 30/50 batch 52/66 (79%) running_loss=0.3148
train epoch 30/50 batch 65/66 (98%) running_loss=0.3132
train epoch 30/50 batch 66/66 (100%) running_loss=0.3133
epoch 30/50 done: train_loss=0.3133 val_loss=0.2204 val_accuracy=0.9447 val_macro_f1=0.9226 val_macro_auc=0.9852 (checkpoint_metric=macro_auc)
train epoch 31/50 batch 13/66 (20%) running_loss=0.3122
train epoch 31/50 batch 26/66 (39%) running_loss=0.3109
train epoch 31/50 batch 39/66 (59%) running_loss=0.3121
train epoch 31/50 batch 52/66 (79%) running_loss=0.3108
train epoch 31/50 batch 65/66 (98%) running_loss=0.3100
train epoch 31/50 batch 66/66 (100%) running_loss=0.3099
epoch 31/50 done: train_loss=0.3099 val_loss=0.2014 val_accuracy=0.9488 val_macro_f1=0.9276 val_macro_auc=0.9870 (checkpoint_metric=macro_auc)
train epoch 32/50 batch 13/66 (20%) running_loss=0.3161
train epoch 32/50 batch 26/66 (39%) running_loss=0.3110
train epoch 32/50 batch 39/66 (59%) running_loss=0.3133
train epoch 32/50 batch 52/66 (79%) running_loss=0.3138
train epoch 32/50 batch 65/66 (98%) running_loss=0.3125
train epoch 32/50 batch 66/66 (100%) running_loss=0.3125
epoch 32/50 done: train_loss=0.3125 val_loss=0.2086 val_accuracy=0.9488 val_macro_f1=0.9282 val_macro_auc=0.9859 (checkpoint_metric=macro_auc)
train epoch 33/50 batch 13/66 (20%) running_loss=0.3083
train epoch 33/50 batch 26/66 (39%) running_loss=0.3078
train epoch 33/50 batch 39/66 (59%) running_loss=0.3087
train epoch 33/50 batch 52/66 (79%) running_loss=0.3090
train epoch 33/50 batch 65/66 (98%) running_loss=0.3086
train epoch 33/50 batch 66/66 (100%) running_loss=0.3090
epoch 33/50 done: train_loss=0.3090 val_loss=0.2202 val_accuracy=0.9447 val_macro_f1=0.9239 val_macro_auc=0.9863 (checkpoint_metric=macro_auc)
train epoch 34/50 batch 13/66 (20%) running_loss=0.3061
train epoch 34/50 batch 26/66 (39%) running_loss=0.3102
train epoch 34/50 batch 39/66 (59%) running_loss=0.3113
train epoch 34/50 batch 52/66 (79%) running_loss=0.3132
train epoch 34/50 batch 65/66 (98%) running_loss=0.3131
train epoch 34/50 batch 66/66 (100%) running_loss=0.3130
epoch 34/50 done: train_loss=0.3130 val_loss=0.2201 val_accuracy=0.9426 val_macro_f1=0.9209 val_macro_auc=0.9858 (checkpoint_metric=macro_auc)
train epoch 35/50 batch 13/66 (20%) running_loss=0.3026
train epoch 35/50 batch 26/66 (39%) running_loss=0.3048
train epoch 35/50 batch 39/66 (59%) running_loss=0.3053
train epoch 35/50 batch 52/66 (79%) running_loss=0.3080
train epoch 35/50 batch 65/66 (98%) running_loss=0.3073
train epoch 35/50 batch 66/66 (100%) running_loss=0.3072
epoch 35/50 done: train_loss=0.3072 val_loss=0.2171 val_accuracy=0.9426 val_macro_f1=0.9213 val_macro_auc=0.9858 (checkpoint_metric=macro_auc)
train epoch 36/50 batch 13/66 (20%) running_loss=0.3092
train epoch 36/50 batch 26/66 (39%) running_loss=0.3098
train epoch 36/50 batch 39/66 (59%) running_loss=0.3088
train epoch 36/50 batch 52/66 (79%) running_loss=0.3099
train epoch 36/50 batch 65/66 (98%) running_loss=0.3092
train epoch 36/50 batch 66/66 (100%) running_loss=0.3094
epoch 36/50 done: train_loss=0.3094 val_loss=0.2259 val_accuracy=0.9426 val_macro_f1=0.9209 val_macro_auc=0.9850 (checkpoint_metric=macro_auc)
train epoch 37/50 batch 13/66 (20%) running_loss=0.3069
train epoch 37/50 batch 26/66 (39%) running_loss=0.3085
train epoch 37/50 batch 39/66 (59%) running_loss=0.3085
train epoch 37/50 batch 52/66 (79%) running_loss=0.3104
train epoch 37/50 batch 65/66 (98%) running_loss=0.3096
train epoch 37/50 batch 66/66 (100%) running_loss=0.3095
epoch 37/50 done: train_loss=0.3095 val_loss=0.2111 val_accuracy=0.9447 val_macro_f1=0.9226 val_macro_auc=0.9863 (checkpoint_metric=macro_auc)
train epoch 38/50 batch 13/66 (20%) running_loss=0.3106
train epoch 38/50 batch 26/66 (39%) running_loss=0.3105
train epoch 38/50 batch 39/66 (59%) running_loss=0.3101
train epoch 38/50 batch 52/66 (79%) running_loss=0.3084
train epoch 38/50 batch 65/66 (98%) running_loss=0.3076
train epoch 38/50 batch 66/66 (100%) running_loss=0.3075
epoch 38/50 done: train_loss=0.3075 val_loss=0.2116 val_accuracy=0.9467 val_macro_f1=0.9251 val_macro_auc=0.9858 (checkpoint_metric=macro_auc)
train epoch 39/50 batch 13/66 (20%) running_loss=0.3151
train epoch 39/50 batch 26/66 (39%) running_loss=0.3132
train epoch 39/50 batch 39/66 (59%) running_loss=0.3121
train epoch 39/50 batch 52/66 (79%) running_loss=0.3102
train epoch 39/50 batch 65/66 (98%) running_loss=0.3102
train epoch 39/50 batch 66/66 (100%) running_loss=0.3101
epoch 39/50 done: train_loss=0.3101 val_loss=0.2004 val_accuracy=0.9488 val_macro_f1=0.9269 val_macro_auc=0.9869 (checkpoint_metric=macro_auc)
train epoch 40/50 batch 13/66 (20%) running_loss=0.3020
train epoch 40/50 batch 26/66 (39%) running_loss=0.3035
train epoch 40/50 batch 39/66 (59%) running_loss=0.3055
train epoch 40/50 batch 52/66 (79%) running_loss=0.3079
train epoch 40/50 batch 65/66 (98%) running_loss=0.3076
train epoch 40/50 batch 66/66 (100%) running_loss=0.3075
epoch 40/50 done: train_loss=0.3075 val_loss=0.2250 val_accuracy=0.9406 val_macro_f1=0.9178 val_macro_auc=0.9840 (checkpoint_metric=macro_auc)
train epoch 41/50 batch 13/66 (20%) running_loss=0.3123
train epoch 41/50 batch 26/66 (39%) running_loss=0.3123
train epoch 41/50 batch 39/66 (59%) running_loss=0.3111
train epoch 41/50 batch 52/66 (79%) running_loss=0.3098
train epoch 41/50 batch 65/66 (98%) running_loss=0.3094
train epoch 41/50 batch 66/66 (100%) running_loss=0.3093
epoch 41/50 done: train_loss=0.3093 val_loss=0.2096 val_accuracy=0.9447 val_macro_f1=0.9226 val_macro_auc=0.9864 (checkpoint_metric=macro_auc)
train epoch 42/50 batch 13/66 (20%) running_loss=0.3067
train epoch 42/50 batch 26/66 (39%) running_loss=0.3032
train epoch 42/50 batch 39/66 (59%) running_loss=0.3038
train epoch 42/50 batch 52/66 (79%) running_loss=0.3053
train epoch 42/50 batch 65/66 (98%) running_loss=0.3058
train epoch 42/50 batch 66/66 (100%) running_loss=0.3064
epoch 42/50 done: train_loss=0.3064 val_loss=0.2147 val_accuracy=0.9447 val_macro_f1=0.9226 val_macro_auc=0.9861 (checkpoint_metric=macro_auc)
train epoch 43/50 batch 13/66 (20%) running_loss=0.3196
train epoch 43/50 batch 26/66 (39%) running_loss=0.3132
train epoch 43/50 batch 39/66 (59%) running_loss=0.3094
train epoch 43/50 batch 52/66 (79%) running_loss=0.3084
train epoch 43/50 batch 65/66 (98%) running_loss=0.3070
train epoch 43/50 batch 66/66 (100%) running_loss=0.3071
epoch 43/50 done: train_loss=0.3071 val_loss=0.2247 val_accuracy=0.9406 val_macro_f1=0.9175 val_macro_auc=0.9847 (checkpoint_metric=macro_auc)
train epoch 44/50 batch 13/66 (20%) running_loss=0.3084
train epoch 44/50 batch 26/66 (39%) running_loss=0.3127
train epoch 44/50 batch 39/66 (59%) running_loss=0.3109
train epoch 44/50 batch 52/66 (79%) running_loss=0.3118
train epoch 44/50 batch 65/66 (98%) running_loss=0.3101
train epoch 44/50 batch 66/66 (100%) running_loss=0.3103
epoch 44/50 done: train_loss=0.3103 val_loss=0.2218 val_accuracy=0.9447 val_macro_f1=0.9223 val_macro_auc=0.9845 (checkpoint_metric=macro_auc)
train epoch 45/50 batch 13/66 (20%) running_loss=0.3015
train epoch 45/50 batch 26/66 (39%) running_loss=0.3034
train epoch 45/50 batch 39/66 (59%) running_loss=0.3056
train epoch 45/50 batch 52/66 (79%) running_loss=0.3052
train epoch 45/50 batch 65/66 (98%) running_loss=0.3047
train epoch 45/50 batch 66/66 (100%) running_loss=0.3058
epoch 45/50 done: train_loss=0.3058 val_loss=0.2035 val_accuracy=0.9508 val_macro_f1=0.9312 val_macro_auc=0.9861 (checkpoint_metric=macro_auc)
train epoch 46/50 batch 13/66 (20%) running_loss=0.3034
train epoch 46/50 batch 26/66 (39%) running_loss=0.3048
train epoch 46/50 batch 39/66 (59%) running_loss=0.3064
train epoch 46/50 batch 52/66 (79%) running_loss=0.3056
train epoch 46/50 batch 65/66 (98%) running_loss=0.3052
train epoch 46/50 batch 66/66 (100%) running_loss=0.3051
epoch 46/50 done: train_loss=0.3051 val_loss=0.2191 val_accuracy=0.9406 val_macro_f1=0.9178 val_macro_auc=0.9858 (checkpoint_metric=macro_auc)
train epoch 47/50 batch 13/66 (20%) running_loss=0.3056
train epoch 47/50 batch 26/66 (39%) running_loss=0.3063
train epoch 47/50 batch 39/66 (59%) running_loss=0.3052
train epoch 47/50 batch 52/66 (79%) running_loss=0.3061
train epoch 47/50 batch 65/66 (98%) running_loss=0.3060
train epoch 47/50 batch 66/66 (100%) running_loss=0.3064
epoch 47/50 done: train_loss=0.3064 val_loss=0.2099 val_accuracy=0.9529 val_macro_f1=0.9325 val_macro_auc=0.9860 (checkpoint_metric=macro_auc)
train epoch 48/50 batch 13/66 (20%) running_loss=0.3152
train epoch 48/50 batch 26/66 (39%) running_loss=0.3103
train epoch 48/50 batch 39/66 (59%) running_loss=0.3098
train epoch 48/50 batch 52/66 (79%) running_loss=0.3088
train epoch 48/50 batch 65/66 (98%) running_loss=0.3081
train epoch 48/50 batch 66/66 (100%) running_loss=0.3084
epoch 48/50 done: train_loss=0.3084 val_loss=0.2050 val_accuracy=0.9508 val_macro_f1=0.9300 val_macro_auc=0.9860 (checkpoint_metric=macro_auc)
train epoch 49/50 batch 13/66 (20%) running_loss=0.3025
train epoch 49/50 batch 26/66 (39%) running_loss=0.3030
train epoch 49/50 batch 39/66 (59%) running_loss=0.3029
train epoch 49/50 batch 52/66 (79%) running_loss=0.3030
train epoch 49/50 batch 65/66 (98%) running_loss=0.3028
train epoch 49/50 batch 66/66 (100%) running_loss=0.3035
epoch 49/50 done: train_loss=0.3035 val_loss=0.2141 val_accuracy=0.9447 val_macro_f1=0.9226 val_macro_auc=0.9857 (checkpoint_metric=macro_auc)
train epoch 50/50 batch 13/66 (20%) running_loss=0.3191
train epoch 50/50 batch 26/66 (39%) running_loss=0.3123
train epoch 50/50 batch 39/66 (59%) running_loss=0.3094
train epoch 50/50 batch 52/66 (79%) running_loss=0.3093
train epoch 50/50 batch 65/66 (98%) running_loss=0.3089
train epoch 50/50 batch 66/66 (100%) running_loss=0.3088
epoch 50/50 done: train_loss=0.3088 val_loss=0.2118 val_accuracy=0.9488 val_macro_f1=0.9276 val_macro_auc=0.9854 (checkpoint_metric=macro_auc)
Training finished. Best epoch=7, smoothed macro_auc=0.9875 (window=3)
Test set evaluated once: accuracy=0.8797 macro_f1=0.8649 macro_auc=0.9686
Model size: 26.05M params, 0.719 GFLOPs at 96x96

Best epoch: 7
Test accuracy:  0.8797
Test macro F1:  0.8649
Test macro AUC: 0.9686
Model size: 26.05M params, 0.719 GFLOPs
