Starting final training on device=cuda, amp=True, physical_batch_size=32, accumulation_steps=1, effective_batch_size=32
Augmentation policy: legacy fixed ops ('brightness', 'rotation'), from outputs/fixedda_run/augmentation_run/selected_legacy_policy.json
Classes: {'glioma_tumor': 0, 'meningioma_tumor': 1, 'pituitary_tumor': 2}
Regularization: weight_decay=7.0e-04 classifier_dropout=0.30 label_smoothing=0.10 drop_path=0.20
train epoch 1/200 batch 13/66 (20%) running_loss=1.1391
train epoch 1/200 batch 26/66 (39%) running_loss=1.1444
train epoch 1/200 batch 39/66 (59%) running_loss=1.1649
train epoch 1/200 batch 52/66 (79%) running_loss=1.1694
train epoch 1/200 batch 65/66 (98%) running_loss=1.1641
train epoch 1/200 batch 66/66 (100%) running_loss=1.1621
epoch 1/200 done: train_loss=1.1621 val_loss=1.0361 val_accuracy=0.5061 val_macro_f1=0.2240 val_macro_auc=0.5564 (checkpoint_metric=macro_auc) [new best]
train epoch 2/200 batch 13/66 (20%) running_loss=1.0965
train epoch 2/200 batch 26/66 (39%) running_loss=1.1145
train epoch 2/200 batch 39/66 (59%) running_loss=1.1209
train epoch 2/200 batch 52/66 (79%) running_loss=1.1202
train epoch 2/200 batch 65/66 (98%) running_loss=1.1125
train epoch 2/200 batch 66/66 (100%) running_loss=1.1109
epoch 2/200 done: train_loss=1.1109 val_loss=1.0233 val_accuracy=0.6680 val_macro_f1=0.4743 val_macro_auc=0.7649 (checkpoint_metric=macro_auc) [new best]
train epoch 3/200 batch 13/66 (20%) running_loss=1.0535
train epoch 3/200 batch 26/66 (39%) running_loss=1.0453
train epoch 3/200 batch 39/66 (59%) running_loss=1.0335
train epoch 3/200 batch 52/66 (79%) running_loss=1.0380
train epoch 3/200 batch 65/66 (98%) running_loss=1.0362
train epoch 3/200 batch 66/66 (100%) running_loss=1.0376
epoch 3/200 done: train_loss=1.0376 val_loss=1.0618 val_accuracy=0.4426 val_macro_f1=0.2894 val_macro_auc=0.7645 (checkpoint_metric=macro_auc) [new best]
train epoch 4/200 batch 13/66 (20%) running_loss=1.0562
train epoch 4/200 batch 26/66 (39%) running_loss=1.0252
train epoch 4/200 batch 39/66 (59%) running_loss=0.9971
train epoch 4/200 batch 52/66 (79%) running_loss=0.9861
train epoch 4/200 batch 65/66 (98%) running_loss=0.9815
train epoch 4/200 batch 66/66 (100%) running_loss=0.9810
epoch 4/200 done: train_loss=0.9810 val_loss=0.8186 val_accuracy=0.6557 val_macro_f1=0.4698 val_macro_auc=0.7609 (checkpoint_metric=macro_auc) [new best]
train epoch 5/200 batch 13/66 (20%) running_loss=0.9145
train epoch 5/200 batch 26/66 (39%) running_loss=0.9317
train epoch 5/200 batch 39/66 (59%) running_loss=0.9527
train epoch 5/200 batch 52/66 (79%) running_loss=0.9384
train epoch 5/200 batch 65/66 (98%) running_loss=0.9276
train epoch 5/200 batch 66/66 (100%) running_loss=0.9288
epoch 5/200 done: train_loss=0.9288 val_loss=0.8132 val_accuracy=0.6455 val_macro_f1=0.4639 val_macro_auc=0.7749 (checkpoint_metric=macro_auc) [new best]
train epoch 6/200 batch 13/66 (20%) running_loss=0.9654
train epoch 6/200 batch 26/66 (39%) running_loss=0.9477
train epoch 6/200 batch 39/66 (59%) running_loss=0.9252
train epoch 6/200 batch 52/66 (79%) running_loss=0.9098
train epoch 6/200 batch 65/66 (98%) running_loss=0.9046
train epoch 6/200 batch 66/66 (100%) running_loss=0.9049
epoch 6/200 done: train_loss=0.9049 val_loss=0.8716 val_accuracy=0.6127 val_macro_f1=0.4387 val_macro_auc=0.7942 (checkpoint_metric=macro_auc) [new best]
train epoch 7/200 batch 13/66 (20%) running_loss=0.9159
train epoch 7/200 batch 26/66 (39%) running_loss=0.8966
train epoch 7/200 batch 39/66 (59%) running_loss=0.8809
train epoch 7/200 batch 52/66 (79%) running_loss=0.8770
train epoch 7/200 batch 65/66 (98%) running_loss=0.8788
train epoch 7/200 batch 66/66 (100%) running_loss=0.8791
epoch 7/200 done: train_loss=0.8791 val_loss=0.7348 val_accuracy=0.7111 val_macro_f1=0.5238 val_macro_auc=0.8075 (checkpoint_metric=macro_auc) [new best]
train epoch 8/200 batch 13/66 (20%) running_loss=0.8853
train epoch 8/200 batch 26/66 (39%) running_loss=0.8976
train epoch 8/200 batch 39/66 (59%) running_loss=0.8857
train epoch 8/200 batch 52/66 (79%) running_loss=0.8674
train epoch 8/200 batch 65/66 (98%) running_loss=0.8580
train epoch 8/200 batch 66/66 (100%) running_loss=0.8571
epoch 8/200 done: train_loss=0.8571 val_loss=0.6633 val_accuracy=0.7213 val_macro_f1=0.5195 val_macro_auc=0.8148 (checkpoint_metric=macro_auc) [new best]
train epoch 9/200 batch 13/66 (20%) running_loss=0.8404
train epoch 9/200 batch 26/66 (39%) running_loss=0.8439
train epoch 9/200 batch 39/66 (59%) running_loss=0.8325
train epoch 9/200 batch 52/66 (79%) running_loss=0.8370
train epoch 9/200 batch 65/66 (98%) running_loss=0.8421
train epoch 9/200 batch 66/66 (100%) running_loss=0.8408
epoch 9/200 done: train_loss=0.8408 val_loss=0.6571 val_accuracy=0.7316 val_macro_f1=0.5275 val_macro_auc=0.8200 (checkpoint_metric=macro_auc) [new best]
train epoch 10/200 batch 13/66 (20%) running_loss=0.8343
train epoch 10/200 batch 26/66 (39%) running_loss=0.8148
train epoch 10/200 batch 39/66 (59%) running_loss=0.8207
train epoch 10/200 batch 52/66 (79%) running_loss=0.8223
train epoch 10/200 batch 65/66 (98%) running_loss=0.8226
train epoch 10/200 batch 66/66 (100%) running_loss=0.8212
epoch 10/200 done: train_loss=0.8212 val_loss=0.9283 val_accuracy=0.6189 val_macro_f1=0.4434 val_macro_auc=0.8204 (checkpoint_metric=macro_auc) [new best]
train epoch 11/200 batch 13/66 (20%) running_loss=0.8629
train epoch 11/200 batch 26/66 (39%) running_loss=0.8372
train epoch 11/200 batch 39/66 (59%) running_loss=0.8260
train epoch 11/200 batch 52/66 (79%) running_loss=0.8226
train epoch 11/200 batch 65/66 (98%) running_loss=0.8164
train epoch 11/200 batch 66/66 (100%) running_loss=0.8156
epoch 11/200 done: train_loss=0.8156 val_loss=0.8662 val_accuracy=0.5984 val_macro_f1=0.4577 val_macro_auc=0.8339 (checkpoint_metric=macro_auc) [new best]
train epoch 12/200 batch 13/66 (20%) running_loss=0.7994
train epoch 12/200 batch 26/66 (39%) running_loss=0.7864
train epoch 12/200 batch 39/66 (59%) running_loss=0.7961
train epoch 12/200 batch 52/66 (79%) running_loss=0.7885
train epoch 12/200 batch 65/66 (98%) running_loss=0.7832
train epoch 12/200 batch 66/66 (100%) running_loss=0.7828
epoch 12/200 done: train_loss=0.7828 val_loss=0.6866 val_accuracy=0.7275 val_macro_f1=0.5432 val_macro_auc=0.8321 (checkpoint_metric=macro_auc) [new best]
train epoch 13/200 batch 13/66 (20%) running_loss=0.8224
train epoch 13/200 batch 26/66 (39%) running_loss=0.8151
train epoch 13/200 batch 39/66 (59%) running_loss=0.8060
train epoch 13/200 batch 52/66 (79%) running_loss=0.8037
train epoch 13/200 batch 65/66 (98%) running_loss=0.7973
train epoch 13/200 batch 66/66 (100%) running_loss=0.7963
epoch 13/200 done: train_loss=0.7963 val_loss=0.7488 val_accuracy=0.6721 val_macro_f1=0.4971 val_macro_auc=0.8439 (checkpoint_metric=macro_auc) [new best]
train epoch 14/200 batch 13/66 (20%) running_loss=0.7804
train epoch 14/200 batch 26/66 (39%) running_loss=0.7841
train epoch 14/200 batch 39/66 (59%) running_loss=0.7774
train epoch 14/200 batch 52/66 (79%) running_loss=0.7706
train epoch 14/200 batch 65/66 (98%) running_loss=0.7718
train epoch 14/200 batch 66/66 (100%) running_loss=0.7744
epoch 14/200 done: train_loss=0.7744 val_loss=0.5973 val_accuracy=0.7889 val_macro_f1=0.6146 val_macro_auc=0.8887 (checkpoint_metric=macro_auc) [new best]
train epoch 15/200 batch 13/66 (20%) running_loss=0.7645
train epoch 15/200 batch 26/66 (39%) running_loss=0.7555
train epoch 15/200 batch 39/66 (59%) running_loss=0.7686
train epoch 15/200 batch 52/66 (79%) running_loss=0.7711
train epoch 15/200 batch 65/66 (98%) running_loss=0.7717
train epoch 15/200 batch 66/66 (100%) running_loss=0.7720
epoch 15/200 done: train_loss=0.7720 val_loss=1.1253 val_accuracy=0.4611 val_macro_f1=0.3772 val_macro_auc=0.8353 (checkpoint_metric=macro_auc) [new best]
train epoch 16/200 batch 13/66 (20%) running_loss=0.7567
train epoch 16/200 batch 26/66 (39%) running_loss=0.7719
train epoch 16/200 batch 39/66 (59%) running_loss=0.7727
train epoch 16/200 batch 52/66 (79%) running_loss=0.7729
train epoch 16/200 batch 65/66 (98%) running_loss=0.7766
train epoch 16/200 batch 66/66 (100%) running_loss=0.7755
epoch 16/200 done: train_loss=0.7755 val_loss=0.9726 val_accuracy=0.4918 val_macro_f1=0.4274 val_macro_auc=0.8573 (checkpoint_metric=macro_auc) [new best]
train epoch 17/200 batch 13/66 (20%) running_loss=0.7661
train epoch 17/200 batch 26/66 (39%) running_loss=0.7727
train epoch 17/200 batch 39/66 (59%) running_loss=0.7861
train epoch 17/200 batch 52/66 (79%) running_loss=0.7897
train epoch 17/200 batch 65/66 (98%) running_loss=0.7804
train epoch 17/200 batch 66/66 (100%) running_loss=0.7835
epoch 17/200 done: train_loss=0.7835 val_loss=0.9417 val_accuracy=0.5758 val_macro_f1=0.4781 val_macro_auc=0.8424 (checkpoint_metric=macro_auc)
train epoch 18/200 batch 13/66 (20%) running_loss=0.7911
train epoch 18/200 batch 26/66 (39%) running_loss=0.7802
train epoch 18/200 batch 39/66 (59%) running_loss=0.7656
train epoch 18/200 batch 52/66 (79%) running_loss=0.7568
train epoch 18/200 batch 65/66 (98%) running_loss=0.7508
train epoch 18/200 batch 66/66 (100%) running_loss=0.7508
epoch 18/200 done: train_loss=0.7508 val_loss=0.5484 val_accuracy=0.8299 val_macro_f1=0.7303 val_macro_auc=0.9289 (checkpoint_metric=macro_auc) [new best]
train epoch 19/200 batch 13/66 (20%) running_loss=0.7368
train epoch 19/200 batch 26/66 (39%) running_loss=0.7604
train epoch 19/200 batch 39/66 (59%) running_loss=0.7498
train epoch 19/200 batch 52/66 (79%) running_loss=0.7381
train epoch 19/200 batch 65/66 (98%) running_loss=0.7444
train epoch 19/200 batch 66/66 (100%) running_loss=0.7437
epoch 19/200 done: train_loss=0.7437 val_loss=0.7691 val_accuracy=0.6414 val_macro_f1=0.5748 val_macro_auc=0.8726 (checkpoint_metric=macro_auc) [new best]
train epoch 20/200 batch 13/66 (20%) running_loss=0.7867
train epoch 20/200 batch 26/66 (39%) running_loss=0.7591
train epoch 20/200 batch 39/66 (59%) running_loss=0.7576
train epoch 20/200 batch 52/66 (79%) running_loss=0.7476
train epoch 20/200 batch 65/66 (98%) running_loss=0.7549
train epoch 20/200 batch 66/66 (100%) running_loss=0.7558
epoch 20/200 done: train_loss=0.7558 val_loss=0.6286 val_accuracy=0.7500 val_macro_f1=0.6360 val_macro_auc=0.9050 (checkpoint_metric=macro_auc) [new best]
train epoch 21/200 batch 13/66 (20%) running_loss=0.7139
train epoch 21/200 batch 26/66 (39%) running_loss=0.7298
train epoch 21/200 batch 39/66 (59%) running_loss=0.7241
train epoch 21/200 batch 52/66 (79%) running_loss=0.7213
train epoch 21/200 batch 65/66 (98%) running_loss=0.7336
train epoch 21/200 batch 66/66 (100%) running_loss=0.7341
epoch 21/200 done: train_loss=0.7341 val_loss=0.4962 val_accuracy=0.7992 val_macro_f1=0.6315 val_macro_auc=0.9294 (checkpoint_metric=macro_auc) [new best]
train epoch 22/200 batch 13/66 (20%) running_loss=0.7573
train epoch 22/200 batch 26/66 (39%) running_loss=0.7269
train epoch 22/200 batch 39/66 (59%) running_loss=0.7321
train epoch 22/200 batch 52/66 (79%) running_loss=0.7270
train epoch 22/200 batch 65/66 (98%) running_loss=0.7232
train epoch 22/200 batch 66/66 (100%) running_loss=0.7221
epoch 22/200 done: train_loss=0.7221 val_loss=0.4544 val_accuracy=0.8607 val_macro_f1=0.7943 val_macro_auc=0.9554 (checkpoint_metric=macro_auc) [new best]
train epoch 23/200 batch 13/66 (20%) running_loss=0.7034
train epoch 23/200 batch 26/66 (39%) running_loss=0.7256
train epoch 23/200 batch 39/66 (59%) running_loss=0.7174
train epoch 23/200 batch 52/66 (79%) running_loss=0.7098
train epoch 23/200 batch 65/66 (98%) running_loss=0.7050
train epoch 23/200 batch 66/66 (100%) running_loss=0.7040
epoch 23/200 done: train_loss=0.7040 val_loss=0.5687 val_accuracy=0.7766 val_macro_f1=0.7426 val_macro_auc=0.9337 (checkpoint_metric=macro_auc) [new best]
train epoch 24/200 batch 13/66 (20%) running_loss=0.6703
train epoch 24/200 batch 26/66 (39%) running_loss=0.6932
train epoch 24/200 batch 39/66 (59%) running_loss=0.6999
train epoch 24/200 batch 52/66 (79%) running_loss=0.7007
train epoch 24/200 batch 65/66 (98%) running_loss=0.7053
train epoch 24/200 batch 66/66 (100%) running_loss=0.7043
epoch 24/200 done: train_loss=0.7043 val_loss=0.7045 val_accuracy=0.6906 val_macro_f1=0.6453 val_macro_auc=0.9090 (checkpoint_metric=macro_auc)
train epoch 25/200 batch 13/66 (20%) running_loss=0.6363
train epoch 25/200 batch 26/66 (39%) running_loss=0.6626
train epoch 25/200 batch 39/66 (59%) running_loss=0.6773
train epoch 25/200 batch 52/66 (79%) running_loss=0.6835
train epoch 25/200 batch 65/66 (98%) running_loss=0.6865
train epoch 25/200 batch 66/66 (100%) running_loss=0.6859
epoch 25/200 done: train_loss=0.6859 val_loss=0.5038 val_accuracy=0.8156 val_macro_f1=0.7845 val_macro_auc=0.9523 (checkpoint_metric=macro_auc)
train epoch 26/200 batch 13/66 (20%) running_loss=0.7300
train epoch 26/200 batch 26/66 (39%) running_loss=0.7186
train epoch 26/200 batch 39/66 (59%) running_loss=0.6887
train epoch 26/200 batch 52/66 (79%) running_loss=0.6868
train epoch 26/200 batch 65/66 (98%) running_loss=0.6878
train epoch 26/200 batch 66/66 (100%) running_loss=0.6882
epoch 26/200 done: train_loss=0.6882 val_loss=1.1859 val_accuracy=0.4816 val_macro_f1=0.4128 val_macro_auc=0.8575 (checkpoint_metric=macro_auc)
train epoch 27/200 batch 13/66 (20%) running_loss=0.6919
train epoch 27/200 batch 26/66 (39%) running_loss=0.6960
train epoch 27/200 batch 39/66 (59%) running_loss=0.6973
train epoch 27/200 batch 52/66 (79%) running_loss=0.7000
train epoch 27/200 batch 65/66 (98%) running_loss=0.6928
train epoch 27/200 batch 66/66 (100%) running_loss=0.6921
epoch 27/200 done: train_loss=0.6921 val_loss=0.3903 val_accuracy=0.8627 val_macro_f1=0.8205 val_macro_auc=0.9663 (checkpoint_metric=macro_auc)
train epoch 28/200 batch 13/66 (20%) running_loss=0.6441
train epoch 28/200 batch 26/66 (39%) running_loss=0.6520
train epoch 28/200 batch 39/66 (59%) running_loss=0.6643
train epoch 28/200 batch 52/66 (79%) running_loss=0.6659
train epoch 28/200 batch 65/66 (98%) running_loss=0.6716
train epoch 28/200 batch 66/66 (100%) running_loss=0.6718
epoch 28/200 done: train_loss=0.6718 val_loss=0.4613 val_accuracy=0.8607 val_macro_f1=0.8209 val_macro_auc=0.9539 (checkpoint_metric=macro_auc)
train epoch 29/200 batch 13/66 (20%) running_loss=0.6420
train epoch 29/200 batch 26/66 (39%) running_loss=0.6644
train epoch 29/200 batch 39/66 (59%) running_loss=0.6692
train epoch 29/200 batch 52/66 (79%) running_loss=0.6654
train epoch 29/200 batch 65/66 (98%) running_loss=0.6647
train epoch 29/200 batch 66/66 (100%) running_loss=0.6640
epoch 29/200 done: train_loss=0.6640 val_loss=0.6115 val_accuracy=0.7275 val_macro_f1=0.6876 val_macro_auc=0.9313 (checkpoint_metric=macro_auc) [new best]
train epoch 30/200 batch 13/66 (20%) running_loss=0.6404
train epoch 30/200 batch 26/66 (39%) running_loss=0.6416
train epoch 30/200 batch 39/66 (59%) running_loss=0.6558
train epoch 30/200 batch 52/66 (79%) running_loss=0.6581
train epoch 30/200 batch 65/66 (98%) running_loss=0.6586
train epoch 30/200 batch 66/66 (100%) running_loss=0.6589
epoch 30/200 done: train_loss=0.6589 val_loss=0.5771 val_accuracy=0.7418 val_macro_f1=0.7175 val_macro_auc=0.9393 (checkpoint_metric=macro_auc)
train epoch 31/200 batch 13/66 (20%) running_loss=0.6257
train epoch 31/200 batch 26/66 (39%) running_loss=0.6296
train epoch 31/200 batch 39/66 (59%) running_loss=0.6407
train epoch 31/200 batch 52/66 (79%) running_loss=0.6502
train epoch 31/200 batch 65/66 (98%) running_loss=0.6418
train epoch 31/200 batch 66/66 (100%) running_loss=0.6437
epoch 31/200 done: train_loss=0.6437 val_loss=0.8366 val_accuracy=0.5881 val_macro_f1=0.5467 val_macro_auc=0.9031 (checkpoint_metric=macro_auc)
train epoch 32/200 batch 13/66 (20%) running_loss=0.5854
train epoch 32/200 batch 26/66 (39%) running_loss=0.6054
train epoch 32/200 batch 39/66 (59%) running_loss=0.6289
train epoch 32/200 batch 52/66 (79%) running_loss=0.6363
train epoch 32/200 batch 65/66 (98%) running_loss=0.6298
train epoch 32/200 batch 66/66 (100%) running_loss=0.6322
epoch 32/200 done: train_loss=0.6322 val_loss=0.5631 val_accuracy=0.7541 val_macro_f1=0.7231 val_macro_auc=0.9472 (checkpoint_metric=macro_auc)
train epoch 33/200 batch 13/66 (20%) running_loss=0.6365
train epoch 33/200 batch 26/66 (39%) running_loss=0.6432
train epoch 33/200 batch 39/66 (59%) running_loss=0.6479
train epoch 33/200 batch 52/66 (79%) running_loss=0.6351
train epoch 33/200 batch 65/66 (98%) running_loss=0.6298
train epoch 33/200 batch 66/66 (100%) running_loss=0.6330
epoch 33/200 done: train_loss=0.6330 val_loss=0.3430 val_accuracy=0.8955 val_macro_f1=0.8371 val_macro_auc=0.9791 (checkpoint_metric=macro_auc)
train epoch 34/200 batch 13/66 (20%) running_loss=0.6593
train epoch 34/200 batch 26/66 (39%) running_loss=0.6340
train epoch 34/200 batch 39/66 (59%) running_loss=0.6226
train epoch 34/200 batch 52/66 (79%) running_loss=0.6312
train epoch 34/200 batch 65/66 (98%) running_loss=0.6301
train epoch 34/200 batch 66/66 (100%) running_loss=0.6281
epoch 34/200 done: train_loss=0.6281 val_loss=0.3390 val_accuracy=0.9037 val_macro_f1=0.8482 val_macro_auc=0.9821 (checkpoint_metric=macro_auc) [new best]
train epoch 35/200 batch 13/66 (20%) running_loss=0.6035
train epoch 35/200 batch 26/66 (39%) running_loss=0.6046
train epoch 35/200 batch 39/66 (59%) running_loss=0.6223
train epoch 35/200 batch 52/66 (79%) running_loss=0.6237
train epoch 35/200 batch 65/66 (98%) running_loss=0.6213
train epoch 35/200 batch 66/66 (100%) running_loss=0.6218
epoch 35/200 done: train_loss=0.6218 val_loss=0.5447 val_accuracy=0.7828 val_macro_f1=0.7546 val_macro_auc=0.9629 (checkpoint_metric=macro_auc) [new best]
train epoch 36/200 batch 13/66 (20%) running_loss=0.6558
train epoch 36/200 batch 26/66 (39%) running_loss=0.6320
train epoch 36/200 batch 39/66 (59%) running_loss=0.6359
train epoch 36/200 batch 52/66 (79%) running_loss=0.6379
train epoch 36/200 batch 65/66 (98%) running_loss=0.6286
train epoch 36/200 batch 66/66 (100%) running_loss=0.6281
epoch 36/200 done: train_loss=0.6281 val_loss=0.4016 val_accuracy=0.8463 val_macro_f1=0.8218 val_macro_auc=0.9799 (checkpoint_metric=macro_auc) [new best]
train epoch 37/200 batch 13/66 (20%) running_loss=0.5784
train epoch 37/200 batch 26/66 (39%) running_loss=0.5967
train epoch 37/200 batch 39/66 (59%) running_loss=0.5975
train epoch 37/200 batch 52/66 (79%) running_loss=0.5980
train epoch 37/200 batch 65/66 (98%) running_loss=0.6005
train epoch 37/200 batch 66/66 (100%) running_loss=0.6003
epoch 37/200 done: train_loss=0.6003 val_loss=0.4498 val_accuracy=0.8135 val_macro_f1=0.7743 val_macro_auc=0.9651 (checkpoint_metric=macro_auc)
train epoch 38/200 batch 13/66 (20%) running_loss=0.6114
train epoch 38/200 batch 26/66 (39%) running_loss=0.6129
train epoch 38/200 batch 39/66 (59%) running_loss=0.6005
train epoch 38/200 batch 52/66 (79%) running_loss=0.6013
train epoch 38/200 batch 65/66 (98%) running_loss=0.6057
train epoch 38/200 batch 66/66 (100%) running_loss=0.6086
epoch 38/200 done: train_loss=0.6086 val_loss=0.4241 val_accuracy=0.8607 val_macro_f1=0.8342 val_macro_auc=0.9733 (checkpoint_metric=macro_auc)
train epoch 39/200 batch 13/66 (20%) running_loss=0.6397
train epoch 39/200 batch 26/66 (39%) running_loss=0.6496
train epoch 39/200 batch 39/66 (59%) running_loss=0.6334
train epoch 39/200 batch 52/66 (79%) running_loss=0.6240
train epoch 39/200 batch 65/66 (98%) running_loss=0.6203
train epoch 39/200 batch 66/66 (100%) running_loss=0.6197
epoch 39/200 done: train_loss=0.6197 val_loss=0.4946 val_accuracy=0.8012 val_macro_f1=0.7689 val_macro_auc=0.9651 (checkpoint_metric=macro_auc)
train epoch 40/200 batch 13/66 (20%) running_loss=0.6265
train epoch 40/200 batch 26/66 (39%) running_loss=0.6079
train epoch 40/200 batch 39/66 (59%) running_loss=0.5957
train epoch 40/200 batch 52/66 (79%) running_loss=0.6016
train epoch 40/200 batch 65/66 (98%) running_loss=0.6030
train epoch 40/200 batch 66/66 (100%) running_loss=0.6032
epoch 40/200 done: train_loss=0.6032 val_loss=0.3892 val_accuracy=0.9057 val_macro_f1=0.8747 val_macro_auc=0.9818 (checkpoint_metric=macro_auc)
train epoch 41/200 batch 13/66 (20%) running_loss=0.5795
train epoch 41/200 batch 26/66 (39%) running_loss=0.5711
train epoch 41/200 batch 39/66 (59%) running_loss=0.5841
train epoch 41/200 batch 52/66 (79%) running_loss=0.5753
train epoch 41/200 batch 65/66 (98%) running_loss=0.5746
train epoch 41/200 batch 66/66 (100%) running_loss=0.5741
epoch 41/200 done: train_loss=0.5741 val_loss=0.4987 val_accuracy=0.7848 val_macro_f1=0.7650 val_macro_auc=0.9754 (checkpoint_metric=macro_auc)
train epoch 42/200 batch 13/66 (20%) running_loss=0.5704
train epoch 42/200 batch 26/66 (39%) running_loss=0.5866
train epoch 42/200 batch 39/66 (59%) running_loss=0.5955
train epoch 42/200 batch 52/66 (79%) running_loss=0.5922
train epoch 42/200 batch 65/66 (98%) running_loss=0.5996
train epoch 42/200 batch 66/66 (100%) running_loss=0.5982
epoch 42/200 done: train_loss=0.5982 val_loss=0.3137 val_accuracy=0.9242 val_macro_f1=0.8953 val_macro_auc=0.9851 (checkpoint_metric=macro_auc) [new best]
train epoch 43/200 batch 13/66 (20%) running_loss=0.5839
train epoch 43/200 batch 26/66 (39%) running_loss=0.5651
train epoch 43/200 batch 39/66 (59%) running_loss=0.5647
train epoch 43/200 batch 52/66 (79%) running_loss=0.5657
train epoch 43/200 batch 65/66 (98%) running_loss=0.5772
train epoch 43/200 batch 66/66 (100%) running_loss=0.5756
epoch 43/200 done: train_loss=0.5756 val_loss=0.5615 val_accuracy=0.8033 val_macro_f1=0.7822 val_macro_auc=0.9624 (checkpoint_metric=macro_auc)
train epoch 44/200 batch 13/66 (20%) running_loss=0.5756
train epoch 44/200 batch 26/66 (39%) running_loss=0.5730
train epoch 44/200 batch 39/66 (59%) running_loss=0.5677
train epoch 44/200 batch 52/66 (79%) running_loss=0.5703
train epoch 44/200 batch 65/66 (98%) running_loss=0.5753
train epoch 44/200 batch 66/66 (100%) running_loss=0.5752
epoch 44/200 done: train_loss=0.5752 val_loss=0.4271 val_accuracy=0.8402 val_macro_f1=0.8101 val_macro_auc=0.9767 (checkpoint_metric=macro_auc)
train epoch 45/200 batch 13/66 (20%) running_loss=0.5973
train epoch 45/200 batch 26/66 (39%) running_loss=0.5996
train epoch 45/200 batch 39/66 (59%) running_loss=0.6111
train epoch 45/200 batch 52/66 (79%) running_loss=0.6050
train epoch 45/200 batch 65/66 (98%) running_loss=0.5982
train epoch 45/200 batch 66/66 (100%) running_loss=0.5988
epoch 45/200 done: train_loss=0.5988 val_loss=0.3475 val_accuracy=0.8791 val_macro_f1=0.8512 val_macro_auc=0.9803 (checkpoint_metric=macro_auc)
train epoch 46/200 batch 13/66 (20%) running_loss=0.6051
train epoch 46/200 batch 26/66 (39%) running_loss=0.5875
train epoch 46/200 batch 39/66 (59%) running_loss=0.5731
train epoch 46/200 batch 52/66 (79%) running_loss=0.5736
train epoch 46/200 batch 65/66 (98%) running_loss=0.5648
train epoch 46/200 batch 66/66 (100%) running_loss=0.5643
epoch 46/200 done: train_loss=0.5643 val_loss=0.2817 val_accuracy=0.9262 val_macro_f1=0.8973 val_macro_auc=0.9867 (checkpoint_metric=macro_auc) [new best]
train epoch 47/200 batch 13/66 (20%) running_loss=0.5478
train epoch 47/200 batch 26/66 (39%) running_loss=0.5584
train epoch 47/200 batch 39/66 (59%) running_loss=0.5552
train epoch 47/200 batch 52/66 (79%) running_loss=0.5610
train epoch 47/200 batch 65/66 (98%) running_loss=0.5631
train epoch 47/200 batch 66/66 (100%) running_loss=0.5644
epoch 47/200 done: train_loss=0.5644 val_loss=0.3535 val_accuracy=0.8852 val_macro_f1=0.8533 val_macro_auc=0.9822 (checkpoint_metric=macro_auc) [new best]
train epoch 48/200 batch 13/66 (20%) running_loss=0.5892
train epoch 48/200 batch 26/66 (39%) running_loss=0.5580
train epoch 48/200 batch 39/66 (59%) running_loss=0.5728
train epoch 48/200 batch 52/66 (79%) running_loss=0.5624
train epoch 48/200 batch 65/66 (98%) running_loss=0.5696
train epoch 48/200 batch 66/66 (100%) running_loss=0.5685
epoch 48/200 done: train_loss=0.5685 val_loss=0.3053 val_accuracy=0.8975 val_macro_f1=0.8700 val_macro_auc=0.9861 (checkpoint_metric=macro_auc) [new best]
train epoch 49/200 batch 13/66 (20%) running_loss=0.5289
train epoch 49/200 batch 26/66 (39%) running_loss=0.5274
train epoch 49/200 batch 39/66 (59%) running_loss=0.5350
train epoch 49/200 batch 52/66 (79%) running_loss=0.5541
train epoch 49/200 batch 65/66 (98%) running_loss=0.5550
train epoch 49/200 batch 66/66 (100%) running_loss=0.5544
epoch 49/200 done: train_loss=0.5544 val_loss=0.2880 val_accuracy=0.9262 val_macro_f1=0.9027 val_macro_auc=0.9908 (checkpoint_metric=macro_auc) [new best]
train epoch 50/200 batch 13/66 (20%) running_loss=0.5452
train epoch 50/200 batch 26/66 (39%) running_loss=0.5257
train epoch 50/200 batch 39/66 (59%) running_loss=0.5355
train epoch 50/200 batch 52/66 (79%) running_loss=0.5421
train epoch 50/200 batch 65/66 (98%) running_loss=0.5481
train epoch 50/200 batch 66/66 (100%) running_loss=0.5477
epoch 50/200 done: train_loss=0.5477 val_loss=0.3363 val_accuracy=0.8955 val_macro_f1=0.8633 val_macro_auc=0.9829 (checkpoint_metric=macro_auc) [new best]
train epoch 51/200 batch 13/66 (20%) running_loss=0.5434
train epoch 51/200 batch 26/66 (39%) running_loss=0.5342
train epoch 51/200 batch 39/66 (59%) running_loss=0.5332
train epoch 51/200 batch 52/66 (79%) running_loss=0.5335
train epoch 51/200 batch 65/66 (98%) running_loss=0.5320
train epoch 51/200 batch 66/66 (100%) running_loss=0.5345
epoch 51/200 done: train_loss=0.5345 val_loss=0.3969 val_accuracy=0.8545 val_macro_f1=0.8282 val_macro_auc=0.9823 (checkpoint_metric=macro_auc)
train epoch 52/200 batch 13/66 (20%) running_loss=0.5004
train epoch 52/200 batch 26/66 (39%) running_loss=0.5277
train epoch 52/200 batch 39/66 (59%) running_loss=0.5366
train epoch 52/200 batch 52/66 (79%) running_loss=0.5245
train epoch 52/200 batch 65/66 (98%) running_loss=0.5243
train epoch 52/200 batch 66/66 (100%) running_loss=0.5254
epoch 52/200 done: train_loss=0.5254 val_loss=0.4912 val_accuracy=0.8156 val_macro_f1=0.7928 val_macro_auc=0.9791 (checkpoint_metric=macro_auc)
train epoch 53/200 batch 13/66 (20%) running_loss=0.5677
train epoch 53/200 batch 26/66 (39%) running_loss=0.5679
train epoch 53/200 batch 39/66 (59%) running_loss=0.5604
train epoch 53/200 batch 52/66 (79%) running_loss=0.5619
train epoch 53/200 batch 65/66 (98%) running_loss=0.5640
train epoch 53/200 batch 66/66 (100%) running_loss=0.5633
epoch 53/200 done: train_loss=0.5633 val_loss=0.3632 val_accuracy=0.8811 val_macro_f1=0.8543 val_macro_auc=0.9891 (checkpoint_metric=macro_auc)
train epoch 54/200 batch 13/66 (20%) running_loss=0.5683
train epoch 54/200 batch 26/66 (39%) running_loss=0.5543
train epoch 54/200 batch 39/66 (59%) running_loss=0.5345
train epoch 54/200 batch 52/66 (79%) running_loss=0.5260
train epoch 54/200 batch 65/66 (98%) running_loss=0.5255
train epoch 54/200 batch 66/66 (100%) running_loss=0.5260
epoch 54/200 done: train_loss=0.5260 val_loss=0.2960 val_accuracy=0.9242 val_macro_f1=0.8942 val_macro_auc=0.9784 (checkpoint_metric=macro_auc)
train epoch 55/200 batch 13/66 (20%) running_loss=0.5395
train epoch 55/200 batch 26/66 (39%) running_loss=0.5441
train epoch 55/200 batch 39/66 (59%) running_loss=0.5290
train epoch 55/200 batch 52/66 (79%) running_loss=0.5261
train epoch 55/200 batch 65/66 (98%) running_loss=0.5258
train epoch 55/200 batch 66/66 (100%) running_loss=0.5254
epoch 55/200 done: train_loss=0.5254 val_loss=0.3114 val_accuracy=0.9139 val_macro_f1=0.8928 val_macro_auc=0.9850 (checkpoint_metric=macro_auc)
train epoch 56/200 batch 13/66 (20%) running_loss=0.5425
train epoch 56/200 batch 26/66 (39%) running_loss=0.5333
train epoch 56/200 batch 39/66 (59%) running_loss=0.5349
train epoch 56/200 batch 52/66 (79%) running_loss=0.5312
train epoch 56/200 batch 65/66 (98%) running_loss=0.5248
train epoch 56/200 batch 66/66 (100%) running_loss=0.5270
epoch 56/200 done: train_loss=0.5270 val_loss=0.4367 val_accuracy=0.8361 val_macro_f1=0.8114 val_macro_auc=0.9742 (checkpoint_metric=macro_auc)
train epoch 57/200 batch 13/66 (20%) running_loss=0.5258
train epoch 57/200 batch 26/66 (39%) running_loss=0.5183
train epoch 57/200 batch 39/66 (59%) running_loss=0.5260
train epoch 57/200 batch 52/66 (79%) running_loss=0.5263
train epoch 57/200 batch 65/66 (98%) running_loss=0.5337
train epoch 57/200 batch 66/66 (100%) running_loss=0.5343
epoch 57/200 done: train_loss=0.5343 val_loss=0.2486 val_accuracy=0.9365 val_macro_f1=0.9043 val_macro_auc=0.9894 (checkpoint_metric=macro_auc)
train epoch 58/200 batch 13/66 (20%) running_loss=0.5438
train epoch 58/200 batch 26/66 (39%) running_loss=0.5211
train epoch 58/200 batch 39/66 (59%) running_loss=0.5313
train epoch 58/200 batch 52/66 (79%) running_loss=0.5257
train epoch 58/200 batch 65/66 (98%) running_loss=0.5215
train epoch 58/200 batch 66/66 (100%) running_loss=0.5221
epoch 58/200 done: train_loss=0.5221 val_loss=0.2530 val_accuracy=0.9201 val_macro_f1=0.8860 val_macro_auc=0.9870 (checkpoint_metric=macro_auc)
train epoch 59/200 batch 13/66 (20%) running_loss=0.5147
train epoch 59/200 batch 26/66 (39%) running_loss=0.5077
train epoch 59/200 batch 39/66 (59%) running_loss=0.5253
train epoch 59/200 batch 52/66 (79%) running_loss=0.5257
train epoch 59/200 batch 65/66 (98%) running_loss=0.5236
train epoch 59/200 batch 66/66 (100%) running_loss=0.5219
epoch 59/200 done: train_loss=0.5219 val_loss=0.4370 val_accuracy=0.8402 val_macro_f1=0.8129 val_macro_auc=0.9678 (checkpoint_metric=macro_auc)
train epoch 60/200 batch 13/66 (20%) running_loss=0.5298
train epoch 60/200 batch 26/66 (39%) running_loss=0.5127
train epoch 60/200 batch 39/66 (59%) running_loss=0.5054
train epoch 60/200 batch 52/66 (79%) running_loss=0.5207
train epoch 60/200 batch 65/66 (98%) running_loss=0.5199
train epoch 60/200 batch 66/66 (100%) running_loss=0.5193
epoch 60/200 done: train_loss=0.5193 val_loss=0.3194 val_accuracy=0.9201 val_macro_f1=0.8889 val_macro_auc=0.9840 (checkpoint_metric=macro_auc)
train epoch 61/200 batch 13/66 (20%) running_loss=0.5439
train epoch 61/200 batch 26/66 (39%) running_loss=0.5363
train epoch 61/200 batch 39/66 (59%) running_loss=0.5297
train epoch 61/200 batch 52/66 (79%) running_loss=0.5273
train epoch 61/200 batch 65/66 (98%) running_loss=0.5213
train epoch 61/200 batch 66/66 (100%) running_loss=0.5202
epoch 61/200 done: train_loss=0.5202 val_loss=0.2759 val_accuracy=0.9283 val_macro_f1=0.9153 val_macro_auc=0.9901 (checkpoint_metric=macro_auc)
train epoch 62/200 batch 13/66 (20%) running_loss=0.4816
train epoch 62/200 batch 26/66 (39%) running_loss=0.5097
train epoch 62/200 batch 39/66 (59%) running_loss=0.5229
train epoch 62/200 batch 52/66 (79%) running_loss=0.5328
train epoch 62/200 batch 65/66 (98%) running_loss=0.5306
train epoch 62/200 batch 66/66 (100%) running_loss=0.5296
epoch 62/200 done: train_loss=0.5296 val_loss=0.2928 val_accuracy=0.9078 val_macro_f1=0.8781 val_macro_auc=0.9818 (checkpoint_metric=macro_auc)
train epoch 63/200 batch 13/66 (20%) running_loss=0.5480
train epoch 63/200 batch 26/66 (39%) running_loss=0.5389
train epoch 63/200 batch 39/66 (59%) running_loss=0.5215
train epoch 63/200 batch 52/66 (79%) running_loss=0.5237
train epoch 63/200 batch 65/66 (98%) running_loss=0.5195
train epoch 63/200 batch 66/66 (100%) running_loss=0.5186
epoch 63/200 done: train_loss=0.5186 val_loss=0.3994 val_accuracy=0.8422 val_macro_f1=0.8219 val_macro_auc=0.9796 (checkpoint_metric=macro_auc)
train epoch 64/200 batch 13/66 (20%) running_loss=0.4835
train epoch 64/200 batch 26/66 (39%) running_loss=0.4837
train epoch 64/200 batch 39/66 (59%) running_loss=0.4907
train epoch 64/200 batch 52/66 (79%) running_loss=0.4896
train epoch 64/200 batch 65/66 (98%) running_loss=0.4887
train epoch 64/200 batch 66/66 (100%) running_loss=0.4882
epoch 64/200 done: train_loss=0.4882 val_loss=0.2989 val_accuracy=0.9324 val_macro_f1=0.9128 val_macro_auc=0.9900 (checkpoint_metric=macro_auc)
train epoch 65/200 batch 13/66 (20%) running_loss=0.4950
train epoch 65/200 batch 26/66 (39%) running_loss=0.5065
train epoch 65/200 batch 39/66 (59%) running_loss=0.4987
train epoch 65/200 batch 52/66 (79%) running_loss=0.4950
train epoch 65/200 batch 65/66 (98%) running_loss=0.4961
train epoch 65/200 batch 66/66 (100%) running_loss=0.4953
epoch 65/200 done: train_loss=0.4953 val_loss=0.5124 val_accuracy=0.7992 val_macro_f1=0.7778 val_macro_auc=0.9742 (checkpoint_metric=macro_auc)
train epoch 66/200 batch 13/66 (20%) running_loss=0.4994
train epoch 66/200 batch 26/66 (39%) running_loss=0.5127
train epoch 66/200 batch 39/66 (59%) running_loss=0.5070
train epoch 66/200 batch 52/66 (79%) running_loss=0.4970
train epoch 66/200 batch 65/66 (98%) running_loss=0.4986
train epoch 66/200 batch 66/66 (100%) running_loss=0.4990
epoch 66/200 done: train_loss=0.4990 val_loss=0.5023 val_accuracy=0.8340 val_macro_f1=0.8088 val_macro_auc=0.9686 (checkpoint_metric=macro_auc)
train epoch 67/200 batch 13/66 (20%) running_loss=0.5007
train epoch 67/200 batch 26/66 (39%) running_loss=0.4957
train epoch 67/200 batch 39/66 (59%) running_loss=0.5059
train epoch 67/200 batch 52/66 (79%) running_loss=0.5066
train epoch 67/200 batch 65/66 (98%) running_loss=0.5029
train epoch 67/200 batch 66/66 (100%) running_loss=0.5041
epoch 67/200 done: train_loss=0.5041 val_loss=0.2944 val_accuracy=0.9221 val_macro_f1=0.8971 val_macro_auc=0.9881 (checkpoint_metric=macro_auc)
train epoch 68/200 batch 13/66 (20%) running_loss=0.5383
train epoch 68/200 batch 26/66 (39%) running_loss=0.5135
train epoch 68/200 batch 39/66 (59%) running_loss=0.4919
train epoch 68/200 batch 52/66 (79%) running_loss=0.4924
train epoch 68/200 batch 65/66 (98%) running_loss=0.4848
train epoch 68/200 batch 66/66 (100%) running_loss=0.4854
epoch 68/200 done: train_loss=0.4854 val_loss=0.2979 val_accuracy=0.9201 val_macro_f1=0.8963 val_macro_auc=0.9877 (checkpoint_metric=macro_auc)
train epoch 69/200 batch 13/66 (20%) running_loss=0.4489
train epoch 69/200 batch 26/66 (39%) running_loss=0.4639
train epoch 69/200 batch 39/66 (59%) running_loss=0.4677
train epoch 69/200 batch 52/66 (79%) running_loss=0.4657
train epoch 69/200 batch 65/66 (98%) running_loss=0.4698
train epoch 69/200 batch 66/66 (100%) running_loss=0.4693
epoch 69/200 done: train_loss=0.4693 val_loss=0.4314 val_accuracy=0.8566 val_macro_f1=0.8307 val_macro_auc=0.9750 (checkpoint_metric=macro_auc)
train epoch 70/200 batch 13/66 (20%) running_loss=0.5278
train epoch 70/200 batch 26/66 (39%) running_loss=0.4986
train epoch 70/200 batch 39/66 (59%) running_loss=0.4971
train epoch 70/200 batch 52/66 (79%) running_loss=0.4891
train epoch 70/200 batch 65/66 (98%) running_loss=0.4832
train epoch 70/200 batch 66/66 (100%) running_loss=0.4823
epoch 70/200 done: train_loss=0.4823 val_loss=0.2266 val_accuracy=0.9406 val_macro_f1=0.9190 val_macro_auc=0.9895 (checkpoint_metric=macro_auc)
train epoch 71/200 batch 13/66 (20%) running_loss=0.5314
train epoch 71/200 batch 26/66 (39%) running_loss=0.4967
train epoch 71/200 batch 39/66 (59%) running_loss=0.4997
train epoch 71/200 batch 52/66 (79%) running_loss=0.4997
train epoch 71/200 batch 65/66 (98%) running_loss=0.4925
train epoch 71/200 batch 66/66 (100%) running_loss=0.4920
epoch 71/200 done: train_loss=0.4920 val_loss=0.2597 val_accuracy=0.9283 val_macro_f1=0.8995 val_macro_auc=0.9872 (checkpoint_metric=macro_auc)
train epoch 72/200 batch 13/66 (20%) running_loss=0.4809
train epoch 72/200 batch 26/66 (39%) running_loss=0.4851
train epoch 72/200 batch 39/66 (59%) running_loss=0.4794
train epoch 72/200 batch 52/66 (79%) running_loss=0.4953
train epoch 72/200 batch 65/66 (98%) running_loss=0.4996
train epoch 72/200 batch 66/66 (100%) running_loss=0.4997
epoch 72/200 done: train_loss=0.4997 val_loss=0.4487 val_accuracy=0.8381 val_macro_f1=0.8115 val_macro_auc=0.9778 (checkpoint_metric=macro_auc)
train epoch 73/200 batch 13/66 (20%) running_loss=0.4780
train epoch 73/200 batch 26/66 (39%) running_loss=0.4607
train epoch 73/200 batch 39/66 (59%) running_loss=0.4567
train epoch 73/200 batch 52/66 (79%) running_loss=0.4602
train epoch 73/200 batch 65/66 (98%) running_loss=0.4755
train epoch 73/200 batch 66/66 (100%) running_loss=0.4771
epoch 73/200 done: train_loss=0.4771 val_loss=0.4514 val_accuracy=0.8463 val_macro_f1=0.8194 val_macro_auc=0.9717 (checkpoint_metric=macro_auc)
train epoch 74/200 batch 13/66 (20%) running_loss=0.5306
train epoch 74/200 batch 26/66 (39%) running_loss=0.5079
train epoch 74/200 batch 39/66 (59%) running_loss=0.4902
train epoch 74/200 batch 52/66 (79%) running_loss=0.4866
train epoch 74/200 batch 65/66 (98%) running_loss=0.4887
train epoch 74/200 batch 66/66 (100%) running_loss=0.4885
epoch 74/200 done: train_loss=0.4885 val_loss=0.2471 val_accuracy=0.9447 val_macro_f1=0.9237 val_macro_auc=0.9921 (checkpoint_metric=macro_auc)
train epoch 75/200 batch 13/66 (20%) running_loss=0.4542
train epoch 75/200 batch 26/66 (39%) running_loss=0.4540
train epoch 75/200 batch 39/66 (59%) running_loss=0.4634
train epoch 75/200 batch 52/66 (79%) running_loss=0.4677
train epoch 75/200 batch 65/66 (98%) running_loss=0.4675
train epoch 75/200 batch 66/66 (100%) running_loss=0.4672
epoch 75/200 done: train_loss=0.4672 val_loss=0.2693 val_accuracy=0.9180 val_macro_f1=0.8908 val_macro_auc=0.9877 (checkpoint_metric=macro_auc)
train epoch 76/200 batch 13/66 (20%) running_loss=0.4861
train epoch 76/200 batch 26/66 (39%) running_loss=0.4779
train epoch 76/200 batch 39/66 (59%) running_loss=0.4767
train epoch 76/200 batch 52/66 (79%) running_loss=0.4753
train epoch 76/200 batch 65/66 (98%) running_loss=0.4759
train epoch 76/200 batch 66/66 (100%) running_loss=0.4765
epoch 76/200 done: train_loss=0.4765 val_loss=0.2243 val_accuracy=0.9365 val_macro_f1=0.9128 val_macro_auc=0.9897 (checkpoint_metric=macro_auc) [new best]
train epoch 77/200 batch 13/66 (20%) running_loss=0.4700
train epoch 77/200 batch 26/66 (39%) running_loss=0.4675
train epoch 77/200 batch 39/66 (59%) running_loss=0.4650
train epoch 77/200 batch 52/66 (79%) running_loss=0.4656
train epoch 77/200 batch 65/66 (98%) running_loss=0.4621
train epoch 77/200 batch 66/66 (100%) running_loss=0.4616
epoch 77/200 done: train_loss=0.4616 val_loss=0.2795 val_accuracy=0.9057 val_macro_f1=0.8801 val_macro_auc=0.9867 (checkpoint_metric=macro_auc)
train epoch 78/200 batch 13/66 (20%) running_loss=0.4205
train epoch 78/200 batch 26/66 (39%) running_loss=0.4312
train epoch 78/200 batch 39/66 (59%) running_loss=0.4459
train epoch 78/200 batch 52/66 (79%) running_loss=0.4523
train epoch 78/200 batch 65/66 (98%) running_loss=0.4543
train epoch 78/200 batch 66/66 (100%) running_loss=0.4550
epoch 78/200 done: train_loss=0.4550 val_loss=0.2731 val_accuracy=0.9221 val_macro_f1=0.9023 val_macro_auc=0.9878 (checkpoint_metric=macro_auc)
train epoch 79/200 batch 13/66 (20%) running_loss=0.4246
train epoch 79/200 batch 26/66 (39%) running_loss=0.4438
train epoch 79/200 batch 39/66 (59%) running_loss=0.4682
train epoch 79/200 batch 52/66 (79%) running_loss=0.4629
train epoch 79/200 batch 65/66 (98%) running_loss=0.4606
train epoch 79/200 batch 66/66 (100%) running_loss=0.4593
epoch 79/200 done: train_loss=0.4593 val_loss=0.3461 val_accuracy=0.8873 val_macro_f1=0.8629 val_macro_auc=0.9834 (checkpoint_metric=macro_auc)
train epoch 80/200 batch 13/66 (20%) running_loss=0.4651
train epoch 80/200 batch 26/66 (39%) running_loss=0.4753
train epoch 80/200 batch 39/66 (59%) running_loss=0.4636
train epoch 80/200 batch 52/66 (79%) running_loss=0.4615
train epoch 80/200 batch 65/66 (98%) running_loss=0.4586
train epoch 80/200 batch 66/66 (100%) running_loss=0.4585
epoch 80/200 done: train_loss=0.4585 val_loss=0.2929 val_accuracy=0.9098 val_macro_f1=0.8826 val_macro_auc=0.9854 (checkpoint_metric=macro_auc)
train epoch 81/200 batch 13/66 (20%) running_loss=0.4425
train epoch 81/200 batch 26/66 (39%) running_loss=0.4597
train epoch 81/200 batch 39/66 (59%) running_loss=0.4600
train epoch 81/200 batch 52/66 (79%) running_loss=0.4624
train epoch 81/200 batch 65/66 (98%) running_loss=0.4618
train epoch 81/200 batch 66/66 (100%) running_loss=0.4613
epoch 81/200 done: train_loss=0.4613 val_loss=0.2243 val_accuracy=0.9488 val_macro_f1=0.9299 val_macro_auc=0.9928 (checkpoint_metric=macro_auc)
train epoch 82/200 batch 13/66 (20%) running_loss=0.4421
train epoch 82/200 batch 26/66 (39%) running_loss=0.4383
train epoch 82/200 batch 39/66 (59%) running_loss=0.4438
train epoch 82/200 batch 52/66 (79%) running_loss=0.4355
train epoch 82/200 batch 65/66 (98%) running_loss=0.4364
train epoch 82/200 batch 66/66 (100%) running_loss=0.4366
epoch 82/200 done: train_loss=0.4366 val_loss=0.2450 val_accuracy=0.9242 val_macro_f1=0.8983 val_macro_auc=0.9876 (checkpoint_metric=macro_auc)
train epoch 83/200 batch 13/66 (20%) running_loss=0.4614
train epoch 83/200 batch 26/66 (39%) running_loss=0.4478
train epoch 83/200 batch 39/66 (59%) running_loss=0.4520
train epoch 83/200 batch 52/66 (79%) running_loss=0.4572
train epoch 83/200 batch 65/66 (98%) running_loss=0.4585
train epoch 83/200 batch 66/66 (100%) running_loss=0.4583
epoch 83/200 done: train_loss=0.4583 val_loss=0.3057 val_accuracy=0.9057 val_macro_f1=0.8805 val_macro_auc=0.9856 (checkpoint_metric=macro_auc)
train epoch 84/200 batch 13/66 (20%) running_loss=0.4613
train epoch 84/200 batch 26/66 (39%) running_loss=0.4478
train epoch 84/200 batch 39/66 (59%) running_loss=0.4456
train epoch 84/200 batch 52/66 (79%) running_loss=0.4514
train epoch 84/200 batch 65/66 (98%) running_loss=0.4489
train epoch 84/200 batch 66/66 (100%) running_loss=0.4495
epoch 84/200 done: train_loss=0.4495 val_loss=0.2356 val_accuracy=0.9365 val_macro_f1=0.9132 val_macro_auc=0.9899 (checkpoint_metric=macro_auc)
train epoch 85/200 batch 13/66 (20%) running_loss=0.4530
train epoch 85/200 batch 26/66 (39%) running_loss=0.4310
train epoch 85/200 batch 39/66 (59%) running_loss=0.4497
train epoch 85/200 batch 52/66 (79%) running_loss=0.4484
train epoch 85/200 batch 65/66 (98%) running_loss=0.4448
train epoch 85/200 batch 66/66 (100%) running_loss=0.4461
epoch 85/200 done: train_loss=0.4461 val_loss=0.2146 val_accuracy=0.9365 val_macro_f1=0.9152 val_macro_auc=0.9902 (checkpoint_metric=macro_auc)
train epoch 86/200 batch 13/66 (20%) running_loss=0.4938
train epoch 86/200 batch 26/66 (39%) running_loss=0.4740
train epoch 86/200 batch 39/66 (59%) running_loss=0.4744
train epoch 86/200 batch 52/66 (79%) running_loss=0.4686
train epoch 86/200 batch 65/66 (98%) running_loss=0.4659
train epoch 86/200 batch 66/66 (100%) running_loss=0.4660
epoch 86/200 done: train_loss=0.4660 val_loss=0.2252 val_accuracy=0.9344 val_macro_f1=0.9134 val_macro_auc=0.9897 (checkpoint_metric=macro_auc) [new best]
train epoch 87/200 batch 13/66 (20%) running_loss=0.4411
train epoch 87/200 batch 26/66 (39%) running_loss=0.4511
train epoch 87/200 batch 39/66 (59%) running_loss=0.4389
train epoch 87/200 batch 52/66 (79%) running_loss=0.4389
train epoch 87/200 batch 65/66 (98%) running_loss=0.4418
train epoch 87/200 batch 66/66 (100%) running_loss=0.4414
epoch 87/200 done: train_loss=0.4414 val_loss=0.2185 val_accuracy=0.9365 val_macro_f1=0.9137 val_macro_auc=0.9907 (checkpoint_metric=macro_auc) [new best]
train epoch 88/200 batch 13/66 (20%) running_loss=0.4925
train epoch 88/200 batch 26/66 (39%) running_loss=0.4709
train epoch 88/200 batch 39/66 (59%) running_loss=0.4554
train epoch 88/200 batch 52/66 (79%) running_loss=0.4491
train epoch 88/200 batch 65/66 (98%) running_loss=0.4483
train epoch 88/200 batch 66/66 (100%) running_loss=0.4485
epoch 88/200 done: train_loss=0.4485 val_loss=0.2098 val_accuracy=0.9611 val_macro_f1=0.9458 val_macro_auc=0.9921 (checkpoint_metric=macro_auc) [new best]
train epoch 89/200 batch 13/66 (20%) running_loss=0.4381
train epoch 89/200 batch 26/66 (39%) running_loss=0.4379
train epoch 89/200 batch 39/66 (59%) running_loss=0.4392
train epoch 89/200 batch 52/66 (79%) running_loss=0.4459
train epoch 89/200 batch 65/66 (98%) running_loss=0.4465
train epoch 89/200 batch 66/66 (100%) running_loss=0.4457
epoch 89/200 done: train_loss=0.4457 val_loss=0.2493 val_accuracy=0.9303 val_macro_f1=0.9071 val_macro_auc=0.9868 (checkpoint_metric=macro_auc)
train epoch 90/200 batch 13/66 (20%) running_loss=0.4421
train epoch 90/200 batch 26/66 (39%) running_loss=0.4460
train epoch 90/200 batch 39/66 (59%) running_loss=0.4539
train epoch 90/200 batch 52/66 (79%) running_loss=0.4594
train epoch 90/200 batch 65/66 (98%) running_loss=0.4600
train epoch 90/200 batch 66/66 (100%) running_loss=0.4600
epoch 90/200 done: train_loss=0.4600 val_loss=0.2110 val_accuracy=0.9488 val_macro_f1=0.9290 val_macro_auc=0.9912 (checkpoint_metric=macro_auc)
train epoch 91/200 batch 13/66 (20%) running_loss=0.4297
train epoch 91/200 batch 26/66 (39%) running_loss=0.4367
train epoch 91/200 batch 39/66 (59%) running_loss=0.4429
train epoch 91/200 batch 52/66 (79%) running_loss=0.4348
train epoch 91/200 batch 65/66 (98%) running_loss=0.4352
train epoch 91/200 batch 66/66 (100%) running_loss=0.4352
epoch 91/200 done: train_loss=0.4352 val_loss=0.3748 val_accuracy=0.8525 val_macro_f1=0.8306 val_macro_auc=0.9819 (checkpoint_metric=macro_auc)
train epoch 92/200 batch 13/66 (20%) running_loss=0.4107
train epoch 92/200 batch 26/66 (39%) running_loss=0.4225
train epoch 92/200 batch 39/66 (59%) running_loss=0.4191
train epoch 92/200 batch 52/66 (79%) running_loss=0.4181
train epoch 92/200 batch 65/66 (98%) running_loss=0.4176
train epoch 92/200 batch 66/66 (100%) running_loss=0.4182
epoch 92/200 done: train_loss=0.4182 val_loss=0.3227 val_accuracy=0.9016 val_macro_f1=0.8760 val_macro_auc=0.9843 (checkpoint_metric=macro_auc)
train epoch 93/200 batch 13/66 (20%) running_loss=0.4338
train epoch 93/200 batch 26/66 (39%) running_loss=0.4431
train epoch 93/200 batch 39/66 (59%) running_loss=0.4368
train epoch 93/200 batch 52/66 (79%) running_loss=0.4414
train epoch 93/200 batch 65/66 (98%) running_loss=0.4434
train epoch 93/200 batch 66/66 (100%) running_loss=0.4454
epoch 93/200 done: train_loss=0.4454 val_loss=0.2423 val_accuracy=0.9365 val_macro_f1=0.9093 val_macro_auc=0.9855 (checkpoint_metric=macro_auc)
train epoch 94/200 batch 13/66 (20%) running_loss=0.4321
train epoch 94/200 batch 26/66 (39%) running_loss=0.4252
train epoch 94/200 batch 39/66 (59%) running_loss=0.4372
train epoch 94/200 batch 52/66 (79%) running_loss=0.4498
train epoch 94/200 batch 65/66 (98%) running_loss=0.4457
train epoch 94/200 batch 66/66 (100%) running_loss=0.4468
epoch 94/200 done: train_loss=0.4468 val_loss=0.2345 val_accuracy=0.9242 val_macro_f1=0.8975 val_macro_auc=0.9846 (checkpoint_metric=macro_auc)
train epoch 95/200 batch 13/66 (20%) running_loss=0.4429
train epoch 95/200 batch 26/66 (39%) running_loss=0.4312
train epoch 95/200 batch 39/66 (59%) running_loss=0.4273
train epoch 95/200 batch 52/66 (79%) running_loss=0.4293
train epoch 95/200 batch 65/66 (98%) running_loss=0.4323
train epoch 95/200 batch 66/66 (100%) running_loss=0.4326
epoch 95/200 done: train_loss=0.4326 val_loss=0.2903 val_accuracy=0.9242 val_macro_f1=0.9028 val_macro_auc=0.9827 (checkpoint_metric=macro_auc)
train epoch 96/200 batch 13/66 (20%) running_loss=0.4544
train epoch 96/200 batch 26/66 (39%) running_loss=0.4397
train epoch 96/200 batch 39/66 (59%) running_loss=0.4375
train epoch 96/200 batch 52/66 (79%) running_loss=0.4396
train epoch 96/200 batch 65/66 (98%) running_loss=0.4471
train epoch 96/200 batch 66/66 (100%) running_loss=0.4464
epoch 96/200 done: train_loss=0.4464 val_loss=0.2159 val_accuracy=0.9508 val_macro_f1=0.9318 val_macro_auc=0.9929 (checkpoint_metric=macro_auc)
train epoch 97/200 batch 13/66 (20%) running_loss=0.4362
train epoch 97/200 batch 26/66 (39%) running_loss=0.4387
train epoch 97/200 batch 39/66 (59%) running_loss=0.4278
train epoch 97/200 batch 52/66 (79%) running_loss=0.4285
train epoch 97/200 batch 65/66 (98%) running_loss=0.4240
train epoch 97/200 batch 66/66 (100%) running_loss=0.4254
epoch 97/200 done: train_loss=0.4254 val_loss=0.3403 val_accuracy=0.8832 val_macro_f1=0.8574 val_macro_auc=0.9817 (checkpoint_metric=macro_auc)
train epoch 98/200 batch 13/66 (20%) running_loss=0.4158
train epoch 98/200 batch 26/66 (39%) running_loss=0.4159
train epoch 98/200 batch 39/66 (59%) running_loss=0.4169
train epoch 98/200 batch 52/66 (79%) running_loss=0.4220
train epoch 98/200 batch 65/66 (98%) running_loss=0.4246
train epoch 98/200 batch 66/66 (100%) running_loss=0.4247
epoch 98/200 done: train_loss=0.4247 val_loss=0.2290 val_accuracy=0.9385 val_macro_f1=0.9088 val_macro_auc=0.9907 (checkpoint_metric=macro_auc)
train epoch 99/200 batch 13/66 (20%) running_loss=0.4573
train epoch 99/200 batch 26/66 (39%) running_loss=0.4493
train epoch 99/200 batch 39/66 (59%) running_loss=0.4387
train epoch 99/200 batch 52/66 (79%) running_loss=0.4364
train epoch 99/200 batch 65/66 (98%) running_loss=0.4346
train epoch 99/200 batch 66/66 (100%) running_loss=0.4347
epoch 99/200 done: train_loss=0.4347 val_loss=0.2049 val_accuracy=0.9508 val_macro_f1=0.9315 val_macro_auc=0.9898 (checkpoint_metric=macro_auc)
train epoch 100/200 batch 13/66 (20%) running_loss=0.4256
train epoch 100/200 batch 26/66 (39%) running_loss=0.4242
train epoch 100/200 batch 39/66 (59%) running_loss=0.4251
train epoch 100/200 batch 52/66 (79%) running_loss=0.4286
train epoch 100/200 batch 65/66 (98%) running_loss=0.4290
train epoch 100/200 batch 66/66 (100%) running_loss=0.4295
epoch 100/200 done: train_loss=0.4295 val_loss=0.2192 val_accuracy=0.9385 val_macro_f1=0.9163 val_macro_auc=0.9908 (checkpoint_metric=macro_auc)
train epoch 101/200 batch 13/66 (20%) running_loss=0.4262
train epoch 101/200 batch 26/66 (39%) running_loss=0.4230
train epoch 101/200 batch 39/66 (59%) running_loss=0.4270
train epoch 101/200 batch 52/66 (79%) running_loss=0.4332
train epoch 101/200 batch 65/66 (98%) running_loss=0.4299
train epoch 101/200 batch 66/66 (100%) running_loss=0.4295
epoch 101/200 done: train_loss=0.4295 val_loss=0.2968 val_accuracy=0.9037 val_macro_f1=0.8783 val_macro_auc=0.9828 (checkpoint_metric=macro_auc)
train epoch 102/200 batch 13/66 (20%) running_loss=0.4069
train epoch 102/200 batch 26/66 (39%) running_loss=0.4165
train epoch 102/200 batch 39/66 (59%) running_loss=0.4208
train epoch 102/200 batch 52/66 (79%) running_loss=0.4192
train epoch 102/200 batch 65/66 (98%) running_loss=0.4223
train epoch 102/200 batch 66/66 (100%) running_loss=0.4226
epoch 102/200 done: train_loss=0.4226 val_loss=0.2259 val_accuracy=0.9406 val_macro_f1=0.9190 val_macro_auc=0.9892 (checkpoint_metric=macro_auc)
train epoch 103/200 batch 13/66 (20%) running_loss=0.4676
train epoch 103/200 batch 26/66 (39%) running_loss=0.4326
train epoch 103/200 batch 39/66 (59%) running_loss=0.4277
train epoch 103/200 batch 52/66 (79%) running_loss=0.4229
train epoch 103/200 batch 65/66 (98%) running_loss=0.4242
train epoch 103/200 batch 66/66 (100%) running_loss=0.4241
epoch 103/200 done: train_loss=0.4241 val_loss=0.2258 val_accuracy=0.9488 val_macro_f1=0.9297 val_macro_auc=0.9900 (checkpoint_metric=macro_auc)
train epoch 104/200 batch 13/66 (20%) running_loss=0.4268
train epoch 104/200 batch 26/66 (39%) running_loss=0.4290
train epoch 104/200 batch 39/66 (59%) running_loss=0.4330
train epoch 104/200 batch 52/66 (79%) running_loss=0.4430
train epoch 104/200 batch 65/66 (98%) running_loss=0.4399
train epoch 104/200 batch 66/66 (100%) running_loss=0.4390
epoch 104/200 done: train_loss=0.4390 val_loss=0.2408 val_accuracy=0.9365 val_macro_f1=0.9138 val_macro_auc=0.9921 (checkpoint_metric=macro_auc)
train epoch 105/200 batch 13/66 (20%) running_loss=0.4079
train epoch 105/200 batch 26/66 (39%) running_loss=0.4109
train epoch 105/200 batch 39/66 (59%) running_loss=0.4175
train epoch 105/200 batch 52/66 (79%) running_loss=0.4186
train epoch 105/200 batch 65/66 (98%) running_loss=0.4221
train epoch 105/200 batch 66/66 (100%) running_loss=0.4214
epoch 105/200 done: train_loss=0.4214 val_loss=0.2670 val_accuracy=0.9324 val_macro_f1=0.9100 val_macro_auc=0.9877 (checkpoint_metric=macro_auc)
train epoch 106/200 batch 13/66 (20%) running_loss=0.4626
train epoch 106/200 batch 26/66 (39%) running_loss=0.4380
train epoch 106/200 batch 39/66 (59%) running_loss=0.4351
train epoch 106/200 batch 52/66 (79%) running_loss=0.4358
train epoch 106/200 batch 65/66 (98%) running_loss=0.4328
train epoch 106/200 batch 66/66 (100%) running_loss=0.4338
epoch 106/200 done: train_loss=0.4338 val_loss=0.2426 val_accuracy=0.9365 val_macro_f1=0.9152 val_macro_auc=0.9891 (checkpoint_metric=macro_auc)
train epoch 107/200 batch 13/66 (20%) running_loss=0.4177
train epoch 107/200 batch 26/66 (39%) running_loss=0.4323
train epoch 107/200 batch 39/66 (59%) running_loss=0.4247
train epoch 107/200 batch 52/66 (79%) running_loss=0.4197
train epoch 107/200 batch 65/66 (98%) running_loss=0.4146
train epoch 107/200 batch 66/66 (100%) running_loss=0.4145
epoch 107/200 done: train_loss=0.4145 val_loss=0.2360 val_accuracy=0.9385 val_macro_f1=0.9184 val_macro_auc=0.9893 (checkpoint_metric=macro_auc)
train epoch 108/200 batch 13/66 (20%) running_loss=0.3978
train epoch 108/200 batch 26/66 (39%) running_loss=0.3943
train epoch 108/200 batch 39/66 (59%) running_loss=0.4124
train epoch 108/200 batch 52/66 (79%) running_loss=0.4091
train epoch 108/200 batch 65/66 (98%) running_loss=0.4109
train epoch 108/200 batch 66/66 (100%) running_loss=0.4100
epoch 108/200 done: train_loss=0.4100 val_loss=0.4719 val_accuracy=0.8238 val_macro_f1=0.8029 val_macro_auc=0.9753 (checkpoint_metric=macro_auc)
train epoch 109/200 batch 13/66 (20%) running_loss=0.4021
train epoch 109/200 batch 26/66 (39%) running_loss=0.4131
train epoch 109/200 batch 39/66 (59%) running_loss=0.4184
train epoch 109/200 batch 52/66 (79%) running_loss=0.4141
train epoch 109/200 batch 65/66 (98%) running_loss=0.4156
train epoch 109/200 batch 66/66 (100%) running_loss=0.4164
epoch 109/200 done: train_loss=0.4164 val_loss=0.3039 val_accuracy=0.9160 val_macro_f1=0.8906 val_macro_auc=0.9863 (checkpoint_metric=macro_auc)
train epoch 110/200 batch 13/66 (20%) running_loss=0.4464
train epoch 110/200 batch 26/66 (39%) running_loss=0.4277
train epoch 110/200 batch 39/66 (59%) running_loss=0.4179
train epoch 110/200 batch 52/66 (79%) running_loss=0.4113
train epoch 110/200 batch 65/66 (98%) running_loss=0.4103
train epoch 110/200 batch 66/66 (100%) running_loss=0.4097
epoch 110/200 done: train_loss=0.4097 val_loss=0.2222 val_accuracy=0.9508 val_macro_f1=0.9294 val_macro_auc=0.9909 (checkpoint_metric=macro_auc)
train epoch 111/200 batch 13/66 (20%) running_loss=0.3967
train epoch 111/200 batch 26/66 (39%) running_loss=0.4000
train epoch 111/200 batch 39/66 (59%) running_loss=0.4040
train epoch 111/200 batch 52/66 (79%) running_loss=0.4063
train epoch 111/200 batch 65/66 (98%) running_loss=0.4011
train epoch 111/200 batch 66/66 (100%) running_loss=0.4009
epoch 111/200 done: train_loss=0.4009 val_loss=0.3122 val_accuracy=0.9057 val_macro_f1=0.8796 val_macro_auc=0.9848 (checkpoint_metric=macro_auc)
train epoch 112/200 batch 13/66 (20%) running_loss=0.4349
train epoch 112/200 batch 26/66 (39%) running_loss=0.4318
train epoch 112/200 batch 39/66 (59%) running_loss=0.4178
train epoch 112/200 batch 52/66 (79%) running_loss=0.4134
train epoch 112/200 batch 65/66 (98%) running_loss=0.4129
train epoch 112/200 batch 66/66 (100%) running_loss=0.4121
epoch 112/200 done: train_loss=0.4121 val_loss=0.2104 val_accuracy=0.9488 val_macro_f1=0.9261 val_macro_auc=0.9903 (checkpoint_metric=macro_auc)
train epoch 113/200 batch 13/66 (20%) running_loss=0.4024
train epoch 113/200 batch 26/66 (39%) running_loss=0.4005
train epoch 113/200 batch 39/66 (59%) running_loss=0.4026
train epoch 113/200 batch 52/66 (79%) running_loss=0.4043
train epoch 113/200 batch 65/66 (98%) running_loss=0.4055
train epoch 113/200 batch 66/66 (100%) running_loss=0.4047
epoch 113/200 done: train_loss=0.4047 val_loss=0.2514 val_accuracy=0.9303 val_macro_f1=0.9019 val_macro_auc=0.9802 (checkpoint_metric=macro_auc)
train epoch 114/200 batch 13/66 (20%) running_loss=0.3964
train epoch 114/200 batch 26/66 (39%) running_loss=0.4064
train epoch 114/200 batch 39/66 (59%) running_loss=0.4109
train epoch 114/200 batch 52/66 (79%) running_loss=0.4061
train epoch 114/200 batch 65/66 (98%) running_loss=0.4032
train epoch 114/200 batch 66/66 (100%) running_loss=0.4044
epoch 114/200 done: train_loss=0.4044 val_loss=0.2354 val_accuracy=0.9365 val_macro_f1=0.9151 val_macro_auc=0.9896 (checkpoint_metric=macro_auc)
train epoch 115/200 batch 13/66 (20%) running_loss=0.3798
train epoch 115/200 batch 26/66 (39%) running_loss=0.3910
train epoch 115/200 batch 39/66 (59%) running_loss=0.3971
train epoch 115/200 batch 52/66 (79%) running_loss=0.4026
train epoch 115/200 batch 65/66 (98%) running_loss=0.4028
train epoch 115/200 batch 66/66 (100%) running_loss=0.4035
epoch 115/200 done: train_loss=0.4035 val_loss=0.2503 val_accuracy=0.9242 val_macro_f1=0.9007 val_macro_auc=0.9879 (checkpoint_metric=macro_auc)
train epoch 116/200 batch 13/66 (20%) running_loss=0.4090
train epoch 116/200 batch 26/66 (39%) running_loss=0.3989
train epoch 116/200 batch 39/66 (59%) running_loss=0.4043
train epoch 116/200 batch 52/66 (79%) running_loss=0.4017
train epoch 116/200 batch 65/66 (98%) running_loss=0.4041
train epoch 116/200 batch 66/66 (100%) running_loss=0.4040
epoch 116/200 done: train_loss=0.4040 val_loss=0.2945 val_accuracy=0.9160 val_macro_f1=0.8927 val_macro_auc=0.9825 (checkpoint_metric=macro_auc)
train epoch 117/200 batch 13/66 (20%) running_loss=0.4072
train epoch 117/200 batch 26/66 (39%) running_loss=0.4082
train epoch 117/200 batch 39/66 (59%) running_loss=0.4021
train epoch 117/200 batch 52/66 (79%) running_loss=0.4012
train epoch 117/200 batch 65/66 (98%) running_loss=0.4018
train epoch 117/200 batch 66/66 (100%) running_loss=0.4013
epoch 117/200 done: train_loss=0.4013 val_loss=0.2927 val_accuracy=0.9201 val_macro_f1=0.8945 val_macro_auc=0.9854 (checkpoint_metric=macro_auc)
train epoch 118/200 batch 13/66 (20%) running_loss=0.3730
train epoch 118/200 batch 26/66 (39%) running_loss=0.3870
train epoch 118/200 batch 39/66 (59%) running_loss=0.3873
train epoch 118/200 batch 52/66 (79%) running_loss=0.3982
train epoch 118/200 batch 65/66 (98%) running_loss=0.4009
train epoch 118/200 batch 66/66 (100%) running_loss=0.4003
epoch 118/200 done: train_loss=0.4003 val_loss=0.2893 val_accuracy=0.9078 val_macro_f1=0.8811 val_macro_auc=0.9849 (checkpoint_metric=macro_auc)
train epoch 119/200 batch 13/66 (20%) running_loss=0.3903
train epoch 119/200 batch 26/66 (39%) running_loss=0.3963
train epoch 119/200 batch 39/66 (59%) running_loss=0.3944
train epoch 119/200 batch 52/66 (79%) running_loss=0.3953
train epoch 119/200 batch 65/66 (98%) running_loss=0.3989
train epoch 119/200 batch 66/66 (100%) running_loss=0.3999
epoch 119/200 done: train_loss=0.3999 val_loss=0.2593 val_accuracy=0.9324 val_macro_f1=0.9088 val_macro_auc=0.9861 (checkpoint_metric=macro_auc)
train epoch 120/200 batch 13/66 (20%) running_loss=0.3855
train epoch 120/200 batch 26/66 (39%) running_loss=0.3876
train epoch 120/200 batch 39/66 (59%) running_loss=0.4015
train epoch 120/200 batch 52/66 (79%) running_loss=0.4009
train epoch 120/200 batch 65/66 (98%) running_loss=0.3987
train epoch 120/200 batch 66/66 (100%) running_loss=0.3978
epoch 120/200 done: train_loss=0.3978 val_loss=0.3085 val_accuracy=0.8873 val_macro_f1=0.8700 val_macro_auc=0.9870 (checkpoint_metric=macro_auc)
train epoch 121/200 batch 13/66 (20%) running_loss=0.3928
train epoch 121/200 batch 26/66 (39%) running_loss=0.3759
train epoch 121/200 batch 39/66 (59%) running_loss=0.3830
train epoch 121/200 batch 52/66 (79%) running_loss=0.3807
train epoch 121/200 batch 65/66 (98%) running_loss=0.3811
train epoch 121/200 batch 66/66 (100%) running_loss=0.3810
epoch 121/200 done: train_loss=0.3810 val_loss=0.3168 val_accuracy=0.8996 val_macro_f1=0.8729 val_macro_auc=0.9827 (checkpoint_metric=macro_auc)
train epoch 122/200 batch 13/66 (20%) running_loss=0.3906
train epoch 122/200 batch 26/66 (39%) running_loss=0.4124
train epoch 122/200 batch 39/66 (59%) running_loss=0.4088
train epoch 122/200 batch 52/66 (79%) running_loss=0.4045
train epoch 122/200 batch 65/66 (98%) running_loss=0.3983
train epoch 122/200 batch 66/66 (100%) running_loss=0.3996
epoch 122/200 done: train_loss=0.3996 val_loss=0.2411 val_accuracy=0.9283 val_macro_f1=0.9035 val_macro_auc=0.9888 (checkpoint_metric=macro_auc)
train epoch 123/200 batch 13/66 (20%) running_loss=0.3739
train epoch 123/200 batch 26/66 (39%) running_loss=0.3796
train epoch 123/200 batch 39/66 (59%) running_loss=0.3832
train epoch 123/200 batch 52/66 (79%) running_loss=0.3802
train epoch 123/200 batch 65/66 (98%) running_loss=0.3826
train epoch 123/200 batch 66/66 (100%) running_loss=0.3820
epoch 123/200 done: train_loss=0.3820 val_loss=0.2961 val_accuracy=0.9119 val_macro_f1=0.8877 val_macro_auc=0.9857 (checkpoint_metric=macro_auc)
train epoch 124/200 batch 13/66 (20%) running_loss=0.3693
train epoch 124/200 batch 26/66 (39%) running_loss=0.3776
train epoch 124/200 batch 39/66 (59%) running_loss=0.3843
train epoch 124/200 batch 52/66 (79%) running_loss=0.3872
train epoch 124/200 batch 65/66 (98%) running_loss=0.3898
train epoch 124/200 batch 66/66 (100%) running_loss=0.3920
epoch 124/200 done: train_loss=0.3920 val_loss=0.2685 val_accuracy=0.9037 val_macro_f1=0.8775 val_macro_auc=0.9882 (checkpoint_metric=macro_auc)
train epoch 125/200 batch 13/66 (20%) running_loss=0.3959
train epoch 125/200 batch 26/66 (39%) running_loss=0.3898
train epoch 125/200 batch 39/66 (59%) running_loss=0.3913
train epoch 125/200 batch 52/66 (79%) running_loss=0.3927
train epoch 125/200 batch 65/66 (98%) running_loss=0.3926
train epoch 125/200 batch 66/66 (100%) running_loss=0.3926
epoch 125/200 done: train_loss=0.3926 val_loss=0.2321 val_accuracy=0.9385 val_macro_f1=0.9168 val_macro_auc=0.9909 (checkpoint_metric=macro_auc)
train epoch 126/200 batch 13/66 (20%) running_loss=0.3859
train epoch 126/200 batch 26/66 (39%) running_loss=0.3830
train epoch 126/200 batch 39/66 (59%) running_loss=0.3824
train epoch 126/200 batch 52/66 (79%) running_loss=0.3850
train epoch 126/200 batch 65/66 (98%) running_loss=0.3854
train epoch 126/200 batch 66/66 (100%) running_loss=0.3850
epoch 126/200 done: train_loss=0.3850 val_loss=0.2230 val_accuracy=0.9447 val_macro_f1=0.9236 val_macro_auc=0.9889 (checkpoint_metric=macro_auc)
train epoch 127/200 batch 13/66 (20%) running_loss=0.3788
train epoch 127/200 batch 26/66 (39%) running_loss=0.3937
train epoch 127/200 batch 39/66 (59%) running_loss=0.3892
train epoch 127/200 batch 52/66 (79%) running_loss=0.3894
train epoch 127/200 batch 65/66 (98%) running_loss=0.3894
train epoch 127/200 batch 66/66 (100%) running_loss=0.3890
epoch 127/200 done: train_loss=0.3890 val_loss=0.2310 val_accuracy=0.9385 val_macro_f1=0.9170 val_macro_auc=0.9910 (checkpoint_metric=macro_auc)
train epoch 128/200 batch 13/66 (20%) running_loss=0.3774
train epoch 128/200 batch 26/66 (39%) running_loss=0.3906
train epoch 128/200 batch 39/66 (59%) running_loss=0.3844
train epoch 128/200 batch 52/66 (79%) running_loss=0.3839
train epoch 128/200 batch 65/66 (98%) running_loss=0.3833
train epoch 128/200 batch 66/66 (100%) running_loss=0.3833
epoch 128/200 done: train_loss=0.3833 val_loss=0.2249 val_accuracy=0.9324 val_macro_f1=0.9070 val_macro_auc=0.9905 (checkpoint_metric=macro_auc)
train epoch 129/200 batch 13/66 (20%) running_loss=0.3700
train epoch 129/200 batch 26/66 (39%) running_loss=0.3781
train epoch 129/200 batch 39/66 (59%) running_loss=0.3803
train epoch 129/200 batch 52/66 (79%) running_loss=0.3824
train epoch 129/200 batch 65/66 (98%) running_loss=0.3811
train epoch 129/200 batch 66/66 (100%) running_loss=0.3816
epoch 129/200 done: train_loss=0.3816 val_loss=0.2832 val_accuracy=0.9119 val_macro_f1=0.8877 val_macro_auc=0.9852 (checkpoint_metric=macro_auc)
train epoch 130/200 batch 13/66 (20%) running_loss=0.3862
train epoch 130/200 batch 26/66 (39%) running_loss=0.3829
train epoch 130/200 batch 39/66 (59%) running_loss=0.3833
train epoch 130/200 batch 52/66 (79%) running_loss=0.3838
train epoch 130/200 batch 65/66 (98%) running_loss=0.3823
train epoch 130/200 batch 66/66 (100%) running_loss=0.3837
epoch 130/200 done: train_loss=0.3837 val_loss=0.2005 val_accuracy=0.9488 val_macro_f1=0.9269 val_macro_auc=0.9902 (checkpoint_metric=macro_auc)
train epoch 131/200 batch 13/66 (20%) running_loss=0.3731
train epoch 131/200 batch 26/66 (39%) running_loss=0.3867
train epoch 131/200 batch 39/66 (59%) running_loss=0.3880
train epoch 131/200 batch 52/66 (79%) running_loss=0.3883
train epoch 131/200 batch 65/66 (98%) running_loss=0.3870
train epoch 131/200 batch 66/66 (100%) running_loss=0.3868
epoch 131/200 done: train_loss=0.3868 val_loss=0.2070 val_accuracy=0.9549 val_macro_f1=0.9363 val_macro_auc=0.9893 (checkpoint_metric=macro_auc)
train epoch 132/200 batch 13/66 (20%) running_loss=0.3876
train epoch 132/200 batch 26/66 (39%) running_loss=0.3814
train epoch 132/200 batch 39/66 (59%) running_loss=0.3763
train epoch 132/200 batch 52/66 (79%) running_loss=0.3768
train epoch 132/200 batch 65/66 (98%) running_loss=0.3785
train epoch 132/200 batch 66/66 (100%) running_loss=0.3785
epoch 132/200 done: train_loss=0.3785 val_loss=0.2240 val_accuracy=0.9508 val_macro_f1=0.9314 val_macro_auc=0.9891 (checkpoint_metric=macro_auc)
train epoch 133/200 batch 13/66 (20%) running_loss=0.3968
train epoch 133/200 batch 26/66 (39%) running_loss=0.3826
train epoch 133/200 batch 39/66 (59%) running_loss=0.3841
train epoch 133/200 batch 52/66 (79%) running_loss=0.3829
train epoch 133/200 batch 65/66 (98%) running_loss=0.3815
train epoch 133/200 batch 66/66 (100%) running_loss=0.3812
epoch 133/200 done: train_loss=0.3812 val_loss=0.2333 val_accuracy=0.9344 val_macro_f1=0.9112 val_macro_auc=0.9860 (checkpoint_metric=macro_auc)
train epoch 134/200 batch 13/66 (20%) running_loss=0.3820
train epoch 134/200 batch 26/66 (39%) running_loss=0.3886
train epoch 134/200 batch 39/66 (59%) running_loss=0.3852
train epoch 134/200 batch 52/66 (79%) running_loss=0.3797
train epoch 134/200 batch 65/66 (98%) running_loss=0.3805
train epoch 134/200 batch 66/66 (100%) running_loss=0.3813
epoch 134/200 done: train_loss=0.3813 val_loss=0.2319 val_accuracy=0.9365 val_macro_f1=0.9172 val_macro_auc=0.9904 (checkpoint_metric=macro_auc)
train epoch 135/200 batch 13/66 (20%) running_loss=0.3839
train epoch 135/200 batch 26/66 (39%) running_loss=0.3768
train epoch 135/200 batch 39/66 (59%) running_loss=0.3739
train epoch 135/200 batch 52/66 (79%) running_loss=0.3802
train epoch 135/200 batch 65/66 (98%) running_loss=0.3765
train epoch 135/200 batch 66/66 (100%) running_loss=0.3772
epoch 135/200 done: train_loss=0.3772 val_loss=0.2170 val_accuracy=0.9488 val_macro_f1=0.9282 val_macro_auc=0.9887 (checkpoint_metric=macro_auc)
train epoch 136/200 batch 13/66 (20%) running_loss=0.3500
train epoch 136/200 batch 26/66 (39%) running_loss=0.3596
train epoch 136/200 batch 39/66 (59%) running_loss=0.3617
train epoch 136/200 batch 52/66 (79%) running_loss=0.3664
train epoch 136/200 batch 65/66 (98%) running_loss=0.3677
train epoch 136/200 batch 66/66 (100%) running_loss=0.3676
epoch 136/200 done: train_loss=0.3676 val_loss=0.2125 val_accuracy=0.9508 val_macro_f1=0.9293 val_macro_auc=0.9874 (checkpoint_metric=macro_auc)
train epoch 137/200 batch 13/66 (20%) running_loss=0.3741
train epoch 137/200 batch 26/66 (39%) running_loss=0.3859
train epoch 137/200 batch 39/66 (59%) running_loss=0.3784
train epoch 137/200 batch 52/66 (79%) running_loss=0.3811
train epoch 137/200 batch 65/66 (98%) running_loss=0.3852
train epoch 137/200 batch 66/66 (100%) running_loss=0.3852
epoch 137/200 done: train_loss=0.3852 val_loss=0.2054 val_accuracy=0.9549 val_macro_f1=0.9366 val_macro_auc=0.9893 (checkpoint_metric=macro_auc)
train epoch 138/200 batch 13/66 (20%) running_loss=0.3645
train epoch 138/200 batch 26/66 (39%) running_loss=0.3654
train epoch 138/200 batch 39/66 (59%) running_loss=0.3675
train epoch 138/200 batch 52/66 (79%) running_loss=0.3684
train epoch 138/200 batch 65/66 (98%) running_loss=0.3677
train epoch 138/200 batch 66/66 (100%) running_loss=0.3683
epoch 138/200 done: train_loss=0.3683 val_loss=0.2821 val_accuracy=0.9242 val_macro_f1=0.9021 val_macro_auc=0.9836 (checkpoint_metric=macro_auc)
train epoch 139/200 batch 13/66 (20%) running_loss=0.3794
train epoch 139/200 batch 26/66 (39%) running_loss=0.3743
train epoch 139/200 batch 39/66 (59%) running_loss=0.3710
train epoch 139/200 batch 52/66 (79%) running_loss=0.3717
train epoch 139/200 batch 65/66 (98%) running_loss=0.3708
train epoch 139/200 batch 66/66 (100%) running_loss=0.3709
epoch 139/200 done: train_loss=0.3709 val_loss=0.2135 val_accuracy=0.9488 val_macro_f1=0.9280 val_macro_auc=0.9879 (checkpoint_metric=macro_auc)
train epoch 140/200 batch 13/66 (20%) running_loss=0.3562
train epoch 140/200 batch 26/66 (39%) running_loss=0.3547
train epoch 140/200 batch 39/66 (59%) running_loss=0.3616
train epoch 140/200 batch 52/66 (79%) running_loss=0.3610
train epoch 140/200 batch 65/66 (98%) running_loss=0.3662
train epoch 140/200 batch 66/66 (100%) running_loss=0.3658
epoch 140/200 done: train_loss=0.3658 val_loss=0.2191 val_accuracy=0.9426 val_macro_f1=0.9178 val_macro_auc=0.9885 (checkpoint_metric=macro_auc)
train epoch 141/200 batch 13/66 (20%) running_loss=0.3734
train epoch 141/200 batch 26/66 (39%) running_loss=0.3730
train epoch 141/200 batch 39/66 (59%) running_loss=0.3710
train epoch 141/200 batch 52/66 (79%) running_loss=0.3777
train epoch 141/200 batch 65/66 (98%) running_loss=0.3754
train epoch 141/200 batch 66/66 (100%) running_loss=0.3762
epoch 141/200 done: train_loss=0.3762 val_loss=0.2316 val_accuracy=0.9447 val_macro_f1=0.9243 val_macro_auc=0.9895 (checkpoint_metric=macro_auc)
train epoch 142/200 batch 13/66 (20%) running_loss=0.3464
train epoch 142/200 batch 26/66 (39%) running_loss=0.3500
train epoch 142/200 batch 39/66 (59%) running_loss=0.3533
train epoch 142/200 batch 52/66 (79%) running_loss=0.3505
train epoch 142/200 batch 65/66 (98%) running_loss=0.3544
train epoch 142/200 batch 66/66 (100%) running_loss=0.3542
epoch 142/200 done: train_loss=0.3542 val_loss=0.2297 val_accuracy=0.9426 val_macro_f1=0.9224 val_macro_auc=0.9903 (checkpoint_metric=macro_auc)
train epoch 143/200 batch 13/66 (20%) running_loss=0.3544
train epoch 143/200 batch 26/66 (39%) running_loss=0.3574
train epoch 143/200 batch 39/66 (59%) running_loss=0.3604
train epoch 143/200 batch 52/66 (79%) running_loss=0.3629
train epoch 143/200 batch 65/66 (98%) running_loss=0.3644
train epoch 143/200 batch 66/66 (100%) running_loss=0.3642
epoch 143/200 done: train_loss=0.3642 val_loss=0.2328 val_accuracy=0.9426 val_macro_f1=0.9227 val_macro_auc=0.9918 (checkpoint_metric=macro_auc)
train epoch 144/200 batch 13/66 (20%) running_loss=0.3586
train epoch 144/200 batch 26/66 (39%) running_loss=0.3653
train epoch 144/200 batch 39/66 (59%) running_loss=0.3705
train epoch 144/200 batch 52/66 (79%) running_loss=0.3663
train epoch 144/200 batch 65/66 (98%) running_loss=0.3672
train epoch 144/200 batch 66/66 (100%) running_loss=0.3670
epoch 144/200 done: train_loss=0.3670 val_loss=0.1907 val_accuracy=0.9570 val_macro_f1=0.9366 val_macro_auc=0.9878 (checkpoint_metric=macro_auc)
train epoch 145/200 batch 13/66 (20%) running_loss=0.3585
train epoch 145/200 batch 26/66 (39%) running_loss=0.3584
train epoch 145/200 batch 39/66 (59%) running_loss=0.3559
train epoch 145/200 batch 52/66 (79%) running_loss=0.3538
train epoch 145/200 batch 65/66 (98%) running_loss=0.3558
train epoch 145/200 batch 66/66 (100%) running_loss=0.3555
epoch 145/200 done: train_loss=0.3555 val_loss=0.2317 val_accuracy=0.9406 val_macro_f1=0.9193 val_macro_auc=0.9882 (checkpoint_metric=macro_auc)
train epoch 146/200 batch 13/66 (20%) running_loss=0.3552
train epoch 146/200 batch 26/66 (39%) running_loss=0.3533
train epoch 146/200 batch 39/66 (59%) running_loss=0.3596
train epoch 146/200 batch 52/66 (79%) running_loss=0.3614
train epoch 146/200 batch 65/66 (98%) running_loss=0.3631
train epoch 146/200 batch 66/66 (100%) running_loss=0.3629
epoch 146/200 done: train_loss=0.3629 val_loss=0.2458 val_accuracy=0.9406 val_macro_f1=0.9213 val_macro_auc=0.9890 (checkpoint_metric=macro_auc)
train epoch 147/200 batch 13/66 (20%) running_loss=0.3525
train epoch 147/200 batch 26/66 (39%) running_loss=0.3593
train epoch 147/200 batch 39/66 (59%) running_loss=0.3636
train epoch 147/200 batch 52/66 (79%) running_loss=0.3631
train epoch 147/200 batch 65/66 (98%) running_loss=0.3636
train epoch 147/200 batch 66/66 (100%) running_loss=0.3633
epoch 147/200 done: train_loss=0.3633 val_loss=0.2030 val_accuracy=0.9467 val_macro_f1=0.9256 val_macro_auc=0.9908 (checkpoint_metric=macro_auc)
train epoch 148/200 batch 13/66 (20%) running_loss=0.3377
train epoch 148/200 batch 26/66 (39%) running_loss=0.3536
train epoch 148/200 batch 39/66 (59%) running_loss=0.3543
train epoch 148/200 batch 52/66 (79%) running_loss=0.3566
train epoch 148/200 batch 65/66 (98%) running_loss=0.3530
train epoch 148/200 batch 66/66 (100%) running_loss=0.3527
epoch 148/200 done: train_loss=0.3527 val_loss=0.2650 val_accuracy=0.9242 val_macro_f1=0.9019 val_macro_auc=0.9855 (checkpoint_metric=macro_auc)
train epoch 149/200 batch 13/66 (20%) running_loss=0.3497
train epoch 149/200 batch 26/66 (39%) running_loss=0.3501
train epoch 149/200 batch 39/66 (59%) running_loss=0.3521
train epoch 149/200 batch 52/66 (79%) running_loss=0.3557
train epoch 149/200 batch 65/66 (98%) running_loss=0.3573
train epoch 149/200 batch 66/66 (100%) running_loss=0.3569
epoch 149/200 done: train_loss=0.3569 val_loss=0.2763 val_accuracy=0.9303 val_macro_f1=0.9086 val_macro_auc=0.9818 (checkpoint_metric=macro_auc)
train epoch 150/200 batch 13/66 (20%) running_loss=0.3463
train epoch 150/200 batch 26/66 (39%) running_loss=0.3569
train epoch 150/200 batch 39/66 (59%) running_loss=0.3526
train epoch 150/200 batch 52/66 (79%) running_loss=0.3609
train epoch 150/200 batch 65/66 (98%) running_loss=0.3602
train epoch 150/200 batch 66/66 (100%) running_loss=0.3598
epoch 150/200 done: train_loss=0.3598 val_loss=0.2237 val_accuracy=0.9467 val_macro_f1=0.9284 val_macro_auc=0.9891 (checkpoint_metric=macro_auc)
train epoch 151/200 batch 13/66 (20%) running_loss=0.3462
train epoch 151/200 batch 26/66 (39%) running_loss=0.3539
train epoch 151/200 batch 39/66 (59%) running_loss=0.3535
train epoch 151/200 batch 52/66 (79%) running_loss=0.3545
train epoch 151/200 batch 65/66 (98%) running_loss=0.3527
train epoch 151/200 batch 66/66 (100%) running_loss=0.3537
epoch 151/200 done: train_loss=0.3537 val_loss=0.2052 val_accuracy=0.9549 val_macro_f1=0.9389 val_macro_auc=0.9888 (checkpoint_metric=macro_auc)
train epoch 152/200 batch 13/66 (20%) running_loss=0.3503
train epoch 152/200 batch 26/66 (39%) running_loss=0.3603
train epoch 152/200 batch 39/66 (59%) running_loss=0.3575
train epoch 152/200 batch 52/66 (79%) running_loss=0.3542
train epoch 152/200 batch 65/66 (98%) running_loss=0.3530
train epoch 152/200 batch 66/66 (100%) running_loss=0.3525
epoch 152/200 done: train_loss=0.3525 val_loss=0.2203 val_accuracy=0.9467 val_macro_f1=0.9280 val_macro_auc=0.9866 (checkpoint_metric=macro_auc)
train epoch 153/200 batch 13/66 (20%) running_loss=0.3519
train epoch 153/200 batch 26/66 (39%) running_loss=0.3484
train epoch 153/200 batch 39/66 (59%) running_loss=0.3522
train epoch 153/200 batch 52/66 (79%) running_loss=0.3530
train epoch 153/200 batch 65/66 (98%) running_loss=0.3515
train epoch 153/200 batch 66/66 (100%) running_loss=0.3510
epoch 153/200 done: train_loss=0.3510 val_loss=0.2338 val_accuracy=0.9385 val_macro_f1=0.9183 val_macro_auc=0.9885 (checkpoint_metric=macro_auc)
train epoch 154/200 batch 13/66 (20%) running_loss=0.3704
train epoch 154/200 batch 26/66 (39%) running_loss=0.3667
train epoch 154/200 batch 39/66 (59%) running_loss=0.3594
train epoch 154/200 batch 52/66 (79%) running_loss=0.3612
train epoch 154/200 batch 65/66 (98%) running_loss=0.3662
train epoch 154/200 batch 66/66 (100%) running_loss=0.3658
epoch 154/200 done: train_loss=0.3658 val_loss=0.2101 val_accuracy=0.9508 val_macro_f1=0.9335 val_macro_auc=0.9903 (checkpoint_metric=macro_auc)
train epoch 155/200 batch 13/66 (20%) running_loss=0.3451
train epoch 155/200 batch 26/66 (39%) running_loss=0.3490
train epoch 155/200 batch 39/66 (59%) running_loss=0.3507
train epoch 155/200 batch 52/66 (79%) running_loss=0.3514
train epoch 155/200 batch 65/66 (98%) running_loss=0.3501
train epoch 155/200 batch 66/66 (100%) running_loss=0.3501
epoch 155/200 done: train_loss=0.3501 val_loss=0.2476 val_accuracy=0.9365 val_macro_f1=0.9162 val_macro_auc=0.9869 (checkpoint_metric=macro_auc)
train epoch 156/200 batch 13/66 (20%) running_loss=0.3336
train epoch 156/200 batch 26/66 (39%) running_loss=0.3476
train epoch 156/200 batch 39/66 (59%) running_loss=0.3469
train epoch 156/200 batch 52/66 (79%) running_loss=0.3456
train epoch 156/200 batch 65/66 (98%) running_loss=0.3473
train epoch 156/200 batch 66/66 (100%) running_loss=0.3474
epoch 156/200 done: train_loss=0.3474 val_loss=0.2059 val_accuracy=0.9529 val_macro_f1=0.9354 val_macro_auc=0.9895 (checkpoint_metric=macro_auc)
train epoch 157/200 batch 13/66 (20%) running_loss=0.3497
train epoch 157/200 batch 26/66 (39%) running_loss=0.3474
train epoch 157/200 batch 39/66 (59%) running_loss=0.3481
train epoch 157/200 batch 52/66 (79%) running_loss=0.3443
train epoch 157/200 batch 65/66 (98%) running_loss=0.3444
train epoch 157/200 batch 66/66 (100%) running_loss=0.3447
epoch 157/200 done: train_loss=0.3447 val_loss=0.2013 val_accuracy=0.9611 val_macro_f1=0.9456 val_macro_auc=0.9915 (checkpoint_metric=macro_auc)
train epoch 158/200 batch 13/66 (20%) running_loss=0.3487
train epoch 158/200 batch 26/66 (39%) running_loss=0.3501
train epoch 158/200 batch 39/66 (59%) running_loss=0.3516
train epoch 158/200 batch 52/66 (79%) running_loss=0.3552
train epoch 158/200 batch 65/66 (98%) running_loss=0.3534
train epoch 158/200 batch 66/66 (100%) running_loss=0.3536
epoch 158/200 done: train_loss=0.3536 val_loss=0.2244 val_accuracy=0.9467 val_macro_f1=0.9272 val_macro_auc=0.9888 (checkpoint_metric=macro_auc)
train epoch 159/200 batch 13/66 (20%) running_loss=0.3517
train epoch 159/200 batch 26/66 (39%) running_loss=0.3603
train epoch 159/200 batch 39/66 (59%) running_loss=0.3607
train epoch 159/200 batch 52/66 (79%) running_loss=0.3580
train epoch 159/200 batch 65/66 (98%) running_loss=0.3567
train epoch 159/200 batch 66/66 (100%) running_loss=0.3562
epoch 159/200 done: train_loss=0.3562 val_loss=0.2728 val_accuracy=0.9098 val_macro_f1=0.8867 val_macro_auc=0.9860 (checkpoint_metric=macro_auc)
train epoch 160/200 batch 13/66 (20%) running_loss=0.3557
train epoch 160/200 batch 26/66 (39%) running_loss=0.3480
train epoch 160/200 batch 39/66 (59%) running_loss=0.3477
train epoch 160/200 batch 52/66 (79%) running_loss=0.3517
train epoch 160/200 batch 65/66 (98%) running_loss=0.3508
train epoch 160/200 batch 66/66 (100%) running_loss=0.3504
epoch 160/200 done: train_loss=0.3504 val_loss=0.2453 val_accuracy=0.9324 val_macro_f1=0.9117 val_macro_auc=0.9861 (checkpoint_metric=macro_auc)
train epoch 161/200 batch 13/66 (20%) running_loss=0.3509
train epoch 161/200 batch 26/66 (39%) running_loss=0.3472
train epoch 161/200 batch 39/66 (59%) running_loss=0.3447
train epoch 161/200 batch 52/66 (79%) running_loss=0.3429
train epoch 161/200 batch 65/66 (98%) running_loss=0.3463
train epoch 161/200 batch 66/66 (100%) running_loss=0.3463
epoch 161/200 done: train_loss=0.3463 val_loss=0.1912 val_accuracy=0.9611 val_macro_f1=0.9444 val_macro_auc=0.9907 (checkpoint_metric=macro_auc)
train epoch 162/200 batch 13/66 (20%) running_loss=0.3515
train epoch 162/200 batch 26/66 (39%) running_loss=0.3491
train epoch 162/200 batch 39/66 (59%) running_loss=0.3533
train epoch 162/200 batch 52/66 (79%) running_loss=0.3525
train epoch 162/200 batch 65/66 (98%) running_loss=0.3503
train epoch 162/200 batch 66/66 (100%) running_loss=0.3506
epoch 162/200 done: train_loss=0.3506 val_loss=0.2432 val_accuracy=0.9344 val_macro_f1=0.9154 val_macro_auc=0.9866 (checkpoint_metric=macro_auc)
train epoch 163/200 batch 13/66 (20%) running_loss=0.3573
train epoch 163/200 batch 26/66 (39%) running_loss=0.3428
train epoch 163/200 batch 39/66 (59%) running_loss=0.3449
train epoch 163/200 batch 52/66 (79%) running_loss=0.3472
train epoch 163/200 batch 65/66 (98%) running_loss=0.3433
train epoch 163/200 batch 66/66 (100%) running_loss=0.3433
epoch 163/200 done: train_loss=0.3433 val_loss=0.2197 val_accuracy=0.9406 val_macro_f1=0.9204 val_macro_auc=0.9883 (checkpoint_metric=macro_auc)
train epoch 164/200 batch 13/66 (20%) running_loss=0.3440
train epoch 164/200 batch 26/66 (39%) running_loss=0.3493
train epoch 164/200 batch 39/66 (59%) running_loss=0.3489
train epoch 164/200 batch 52/66 (79%) running_loss=0.3493
train epoch 164/200 batch 65/66 (98%) running_loss=0.3488
train epoch 164/200 batch 66/66 (100%) running_loss=0.3486
epoch 164/200 done: train_loss=0.3486 val_loss=0.2288 val_accuracy=0.9406 val_macro_f1=0.9214 val_macro_auc=0.9863 (checkpoint_metric=macro_auc)
train epoch 165/200 batch 13/66 (20%) running_loss=0.3414
train epoch 165/200 batch 26/66 (39%) running_loss=0.3522
train epoch 165/200 batch 39/66 (59%) running_loss=0.3491
train epoch 165/200 batch 52/66 (79%) running_loss=0.3490
train epoch 165/200 batch 65/66 (98%) running_loss=0.3471
train epoch 165/200 batch 66/66 (100%) running_loss=0.3467
epoch 165/200 done: train_loss=0.3467 val_loss=0.2030 val_accuracy=0.9508 val_macro_f1=0.9315 val_macro_auc=0.9897 (checkpoint_metric=macro_auc)
train epoch 166/200 batch 13/66 (20%) running_loss=0.3537
train epoch 166/200 batch 26/66 (39%) running_loss=0.3508
train epoch 166/200 batch 39/66 (59%) running_loss=0.3446
train epoch 166/200 batch 52/66 (79%) running_loss=0.3434
train epoch 166/200 batch 65/66 (98%) running_loss=0.3434
train epoch 166/200 batch 66/66 (100%) running_loss=0.3438
epoch 166/200 done: train_loss=0.3438 val_loss=0.2061 val_accuracy=0.9447 val_macro_f1=0.9243 val_macro_auc=0.9899 (checkpoint_metric=macro_auc)
train epoch 167/200 batch 13/66 (20%) running_loss=0.3476
train epoch 167/200 batch 26/66 (39%) running_loss=0.3381
train epoch 167/200 batch 39/66 (59%) running_loss=0.3405
train epoch 167/200 batch 52/66 (79%) running_loss=0.3415
train epoch 167/200 batch 65/66 (98%) running_loss=0.3411
train epoch 167/200 batch 66/66 (100%) running_loss=0.3409
epoch 167/200 done: train_loss=0.3409 val_loss=0.2406 val_accuracy=0.9324 val_macro_f1=0.9092 val_macro_auc=0.9874 (checkpoint_metric=macro_auc)
train epoch 168/200 batch 13/66 (20%) running_loss=0.3433
train epoch 168/200 batch 26/66 (39%) running_loss=0.3445
train epoch 168/200 batch 39/66 (59%) running_loss=0.3429
train epoch 168/200 batch 52/66 (79%) running_loss=0.3417
train epoch 168/200 batch 65/66 (98%) running_loss=0.3431
train epoch 168/200 batch 66/66 (100%) running_loss=0.3429
epoch 168/200 done: train_loss=0.3429 val_loss=0.2108 val_accuracy=0.9447 val_macro_f1=0.9248 val_macro_auc=0.9875 (checkpoint_metric=macro_auc)
train epoch 169/200 batch 13/66 (20%) running_loss=0.3464
train epoch 169/200 batch 26/66 (39%) running_loss=0.3407
train epoch 169/200 batch 39/66 (59%) running_loss=0.3383
train epoch 169/200 batch 52/66 (79%) running_loss=0.3409
train epoch 169/200 batch 65/66 (98%) running_loss=0.3426
train epoch 169/200 batch 66/66 (100%) running_loss=0.3433
epoch 169/200 done: train_loss=0.3433 val_loss=0.2215 val_accuracy=0.9385 val_macro_f1=0.9183 val_macro_auc=0.9876 (checkpoint_metric=macro_auc)
train epoch 170/200 batch 13/66 (20%) running_loss=0.3410
train epoch 170/200 batch 26/66 (39%) running_loss=0.3346
train epoch 170/200 batch 39/66 (59%) running_loss=0.3382
train epoch 170/200 batch 52/66 (79%) running_loss=0.3386
train epoch 170/200 batch 65/66 (98%) running_loss=0.3401
train epoch 170/200 batch 66/66 (100%) running_loss=0.3400
epoch 170/200 done: train_loss=0.3400 val_loss=0.2132 val_accuracy=0.9488 val_macro_f1=0.9312 val_macro_auc=0.9887 (checkpoint_metric=macro_auc)
train epoch 171/200 batch 13/66 (20%) running_loss=0.3405
train epoch 171/200 batch 26/66 (39%) running_loss=0.3457
train epoch 171/200 batch 39/66 (59%) running_loss=0.3381
train epoch 171/200 batch 52/66 (79%) running_loss=0.3400
train epoch 171/200 batch 65/66 (98%) running_loss=0.3420
train epoch 171/200 batch 66/66 (100%) running_loss=0.3423
epoch 171/200 done: train_loss=0.3423 val_loss=0.2289 val_accuracy=0.9406 val_macro_f1=0.9199 val_macro_auc=0.9863 (checkpoint_metric=macro_auc)
train epoch 172/200 batch 13/66 (20%) running_loss=0.3640
train epoch 172/200 batch 26/66 (39%) running_loss=0.3512
train epoch 172/200 batch 39/66 (59%) running_loss=0.3505
train epoch 172/200 batch 52/66 (79%) running_loss=0.3485
train epoch 172/200 batch 65/66 (98%) running_loss=0.3466
train epoch 172/200 batch 66/66 (100%) running_loss=0.3464
epoch 172/200 done: train_loss=0.3464 val_loss=0.2156 val_accuracy=0.9447 val_macro_f1=0.9238 val_macro_auc=0.9884 (checkpoint_metric=macro_auc)
train epoch 173/200 batch 13/66 (20%) running_loss=0.3374
train epoch 173/200 batch 26/66 (39%) running_loss=0.3335
train epoch 173/200 batch 39/66 (59%) running_loss=0.3346
train epoch 173/200 batch 52/66 (79%) running_loss=0.3355
train epoch 173/200 batch 65/66 (98%) running_loss=0.3413
train epoch 173/200 batch 66/66 (100%) running_loss=0.3417
epoch 173/200 done: train_loss=0.3417 val_loss=0.2267 val_accuracy=0.9426 val_macro_f1=0.9223 val_macro_auc=0.9888 (checkpoint_metric=macro_auc)
train epoch 174/200 batch 13/66 (20%) running_loss=0.3301
train epoch 174/200 batch 26/66 (39%) running_loss=0.3366
train epoch 174/200 batch 39/66 (59%) running_loss=0.3373
train epoch 174/200 batch 52/66 (79%) running_loss=0.3395
train epoch 174/200 batch 65/66 (98%) running_loss=0.3394
train epoch 174/200 batch 66/66 (100%) running_loss=0.3391
epoch 174/200 done: train_loss=0.3391 val_loss=0.2091 val_accuracy=0.9488 val_macro_f1=0.9295 val_macro_auc=0.9891 (checkpoint_metric=macro_auc)
train epoch 175/200 batch 13/66 (20%) running_loss=0.3363
train epoch 175/200 batch 26/66 (39%) running_loss=0.3394
train epoch 175/200 batch 39/66 (59%) running_loss=0.3383
train epoch 175/200 batch 52/66 (79%) running_loss=0.3385
train epoch 175/200 batch 65/66 (98%) running_loss=0.3374
train epoch 175/200 batch 66/66 (100%) running_loss=0.3375
epoch 175/200 done: train_loss=0.3375 val_loss=0.2157 val_accuracy=0.9488 val_macro_f1=0.9301 val_macro_auc=0.9885 (checkpoint_metric=macro_auc)
train epoch 176/200 batch 13/66 (20%) running_loss=0.3249
train epoch 176/200 batch 26/66 (39%) running_loss=0.3303
train epoch 176/200 batch 39/66 (59%) running_loss=0.3310
train epoch 176/200 batch 52/66 (79%) running_loss=0.3338
train epoch 176/200 batch 65/66 (98%) running_loss=0.3338
train epoch 176/200 batch 66/66 (100%) running_loss=0.3337
epoch 176/200 done: train_loss=0.3337 val_loss=0.2002 val_accuracy=0.9549 val_macro_f1=0.9372 val_macro_auc=0.9891 (checkpoint_metric=macro_auc)
train epoch 177/200 batch 13/66 (20%) running_loss=0.3475
train epoch 177/200 batch 26/66 (39%) running_loss=0.3456
train epoch 177/200 batch 39/66 (59%) running_loss=0.3417
train epoch 177/200 batch 52/66 (79%) running_loss=0.3459
train epoch 177/200 batch 65/66 (98%) running_loss=0.3465
train epoch 177/200 batch 66/66 (100%) running_loss=0.3461
epoch 177/200 done: train_loss=0.3461 val_loss=0.2016 val_accuracy=0.9549 val_macro_f1=0.9374 val_macro_auc=0.9889 (checkpoint_metric=macro_auc)
train epoch 178/200 batch 13/66 (20%) running_loss=0.3362
train epoch 178/200 batch 26/66 (39%) running_loss=0.3368
train epoch 178/200 batch 39/66 (59%) running_loss=0.3425
train epoch 178/200 batch 52/66 (79%) running_loss=0.3440
train epoch 178/200 batch 65/66 (98%) running_loss=0.3430
train epoch 178/200 batch 66/66 (100%) running_loss=0.3436
epoch 178/200 done: train_loss=0.3436 val_loss=0.2247 val_accuracy=0.9406 val_macro_f1=0.9225 val_macro_auc=0.9892 (checkpoint_metric=macro_auc)
train epoch 179/200 batch 13/66 (20%) running_loss=0.3531
train epoch 179/200 batch 26/66 (39%) running_loss=0.3401
train epoch 179/200 batch 39/66 (59%) running_loss=0.3381
train epoch 179/200 batch 52/66 (79%) running_loss=0.3392
train epoch 179/200 batch 65/66 (98%) running_loss=0.3400
train epoch 179/200 batch 66/66 (100%) running_loss=0.3400
epoch 179/200 done: train_loss=0.3400 val_loss=0.2173 val_accuracy=0.9508 val_macro_f1=0.9332 val_macro_auc=0.9891 (checkpoint_metric=macro_auc)
train epoch 180/200 batch 13/66 (20%) running_loss=0.3421
train epoch 180/200 batch 26/66 (39%) running_loss=0.3360
train epoch 180/200 batch 39/66 (59%) running_loss=0.3356
train epoch 180/200 batch 52/66 (79%) running_loss=0.3341
train epoch 180/200 batch 65/66 (98%) running_loss=0.3348
train epoch 180/200 batch 66/66 (100%) running_loss=0.3352
epoch 180/200 done: train_loss=0.3352 val_loss=0.2200 val_accuracy=0.9467 val_macro_f1=0.9270 val_macro_auc=0.9889 (checkpoint_metric=macro_auc)
train epoch 181/200 batch 13/66 (20%) running_loss=0.3394
train epoch 181/200 batch 26/66 (39%) running_loss=0.3348
train epoch 181/200 batch 39/66 (59%) running_loss=0.3402
train epoch 181/200 batch 52/66 (79%) running_loss=0.3398
train epoch 181/200 batch 65/66 (98%) running_loss=0.3418
train epoch 181/200 batch 66/66 (100%) running_loss=0.3415
epoch 181/200 done: train_loss=0.3415 val_loss=0.2034 val_accuracy=0.9529 val_macro_f1=0.9360 val_macro_auc=0.9893 (checkpoint_metric=macro_auc)
train epoch 182/200 batch 13/66 (20%) running_loss=0.3475
train epoch 182/200 batch 26/66 (39%) running_loss=0.3397
train epoch 182/200 batch 39/66 (59%) running_loss=0.3364
train epoch 182/200 batch 52/66 (79%) running_loss=0.3377
train epoch 182/200 batch 65/66 (98%) running_loss=0.3404
train epoch 182/200 batch 66/66 (100%) running_loss=0.3404
epoch 182/200 done: train_loss=0.3404 val_loss=0.2188 val_accuracy=0.9488 val_macro_f1=0.9307 val_macro_auc=0.9890 (checkpoint_metric=macro_auc)
train epoch 183/200 batch 13/66 (20%) running_loss=0.3300
train epoch 183/200 batch 26/66 (39%) running_loss=0.3303
train epoch 183/200 batch 39/66 (59%) running_loss=0.3353
train epoch 183/200 batch 52/66 (79%) running_loss=0.3350
train epoch 183/200 batch 65/66 (98%) running_loss=0.3340
train epoch 183/200 batch 66/66 (100%) running_loss=0.3338
epoch 183/200 done: train_loss=0.3338 val_loss=0.2201 val_accuracy=0.9488 val_macro_f1=0.9301 val_macro_auc=0.9888 (checkpoint_metric=macro_auc)
train epoch 184/200 batch 13/66 (20%) running_loss=0.3456
train epoch 184/200 batch 26/66 (39%) running_loss=0.3356
train epoch 184/200 batch 39/66 (59%) running_loss=0.3354
train epoch 184/200 batch 52/66 (79%) running_loss=0.3395
train epoch 184/200 batch 65/66 (98%) running_loss=0.3406
train epoch 184/200 batch 66/66 (100%) running_loss=0.3411
epoch 184/200 done: train_loss=0.3411 val_loss=0.2125 val_accuracy=0.9488 val_macro_f1=0.9295 val_macro_auc=0.9891 (checkpoint_metric=macro_auc)
train epoch 185/200 batch 13/66 (20%) running_loss=0.3379
train epoch 185/200 batch 26/66 (39%) running_loss=0.3410
train epoch 185/200 batch 39/66 (59%) running_loss=0.3423
train epoch 185/200 batch 52/66 (79%) running_loss=0.3410
train epoch 185/200 batch 65/66 (98%) running_loss=0.3386
train epoch 185/200 batch 66/66 (100%) running_loss=0.3384
epoch 185/200 done: train_loss=0.3384 val_loss=0.2151 val_accuracy=0.9508 val_macro_f1=0.9334 val_macro_auc=0.9889 (checkpoint_metric=macro_auc)
train epoch 186/200 batch 13/66 (20%) running_loss=0.3250
train epoch 186/200 batch 26/66 (39%) running_loss=0.3340
train epoch 186/200 batch 39/66 (59%) running_loss=0.3341
train epoch 186/200 batch 52/66 (79%) running_loss=0.3340
train epoch 186/200 batch 65/66 (98%) running_loss=0.3348
train epoch 186/200 batch 66/66 (100%) running_loss=0.3348
epoch 186/200 done: train_loss=0.3348 val_loss=0.2197 val_accuracy=0.9447 val_macro_f1=0.9251 val_macro_auc=0.9884 (checkpoint_metric=macro_auc)
train epoch 187/200 batch 13/66 (20%) running_loss=0.3299
train epoch 187/200 batch 26/66 (39%) running_loss=0.3384
train epoch 187/200 batch 39/66 (59%) running_loss=0.3382
train epoch 187/200 batch 52/66 (79%) running_loss=0.3353
train epoch 187/200 batch 65/66 (98%) running_loss=0.3359
train epoch 187/200 batch 66/66 (100%) running_loss=0.3359
epoch 187/200 done: train_loss=0.3359 val_loss=0.2168 val_accuracy=0.9508 val_macro_f1=0.9326 val_macro_auc=0.9883 (checkpoint_metric=macro_auc)
train epoch 188/200 batch 13/66 (20%) running_loss=0.3442
train epoch 188/200 batch 26/66 (39%) running_loss=0.3481
train epoch 188/200 batch 39/66 (59%) running_loss=0.3483
train epoch 188/200 batch 52/66 (79%) running_loss=0.3463
train epoch 188/200 batch 65/66 (98%) running_loss=0.3452
train epoch 188/200 batch 66/66 (100%) running_loss=0.3457
epoch 188/200 done: train_loss=0.3457 val_loss=0.2118 val_accuracy=0.9529 val_macro_f1=0.9351 val_macro_auc=0.9884 (checkpoint_metric=macro_auc)
train epoch 189/200 batch 13/66 (20%) running_loss=0.3411
train epoch 189/200 batch 26/66 (39%) running_loss=0.3408
train epoch 189/200 batch 39/66 (59%) running_loss=0.3410
train epoch 189/200 batch 52/66 (79%) running_loss=0.3393
train epoch 189/200 batch 65/66 (98%) running_loss=0.3393
train epoch 189/200 batch 66/66 (100%) running_loss=0.3393
epoch 189/200 done: train_loss=0.3393 val_loss=0.2083 val_accuracy=0.9549 val_macro_f1=0.9385 val_macro_auc=0.9885 (checkpoint_metric=macro_auc)
train epoch 190/200 batch 13/66 (20%) running_loss=0.3542
train epoch 190/200 batch 26/66 (39%) running_loss=0.3416
train epoch 190/200 batch 39/66 (59%) running_loss=0.3392
train epoch 190/200 batch 52/66 (79%) running_loss=0.3374
train epoch 190/200 batch 65/66 (98%) running_loss=0.3384
train epoch 190/200 batch 66/66 (100%) running_loss=0.3384
epoch 190/200 done: train_loss=0.3384 val_loss=0.2187 val_accuracy=0.9488 val_macro_f1=0.9301 val_macro_auc=0.9888 (checkpoint_metric=macro_auc)
train epoch 191/200 batch 13/66 (20%) running_loss=0.3369
train epoch 191/200 batch 26/66 (39%) running_loss=0.3364
train epoch 191/200 batch 39/66 (59%) running_loss=0.3333
train epoch 191/200 batch 52/66 (79%) running_loss=0.3345
train epoch 191/200 batch 65/66 (98%) running_loss=0.3341
train epoch 191/200 batch 66/66 (100%) running_loss=0.3343
epoch 191/200 done: train_loss=0.3343 val_loss=0.2122 val_accuracy=0.9508 val_macro_f1=0.9326 val_macro_auc=0.9887 (checkpoint_metric=macro_auc)
train epoch 192/200 batch 13/66 (20%) running_loss=0.3326
train epoch 192/200 batch 26/66 (39%) running_loss=0.3359
train epoch 192/200 batch 39/66 (59%) running_loss=0.3333
train epoch 192/200 batch 52/66 (79%) running_loss=0.3356
train epoch 192/200 batch 65/66 (98%) running_loss=0.3348
train epoch 192/200 batch 66/66 (100%) running_loss=0.3348
epoch 192/200 done: train_loss=0.3348 val_loss=0.2101 val_accuracy=0.9529 val_macro_f1=0.9351 val_macro_auc=0.9883 (checkpoint_metric=macro_auc)
train epoch 193/200 batch 13/66 (20%) running_loss=0.3235
train epoch 193/200 batch 26/66 (39%) running_loss=0.3299
train epoch 193/200 batch 39/66 (59%) running_loss=0.3289
train epoch 193/200 batch 52/66 (79%) running_loss=0.3317
train epoch 193/200 batch 65/66 (98%) running_loss=0.3328
train epoch 193/200 batch 66/66 (100%) running_loss=0.3333
epoch 193/200 done: train_loss=0.3333 val_loss=0.2174 val_accuracy=0.9488 val_macro_f1=0.9307 val_macro_auc=0.9882 (checkpoint_metric=macro_auc)
train epoch 194/200 batch 13/66 (20%) running_loss=0.3404
train epoch 194/200 batch 26/66 (39%) running_loss=0.3403
train epoch 194/200 batch 39/66 (59%) running_loss=0.3419
train epoch 194/200 batch 52/66 (79%) running_loss=0.3391
train epoch 194/200 batch 65/66 (98%) running_loss=0.3407
train epoch 194/200 batch 66/66 (100%) running_loss=0.3405
epoch 194/200 done: train_loss=0.3405 val_loss=0.2143 val_accuracy=0.9529 val_macro_f1=0.9360 val_macro_auc=0.9884 (checkpoint_metric=macro_auc)
train epoch 195/200 batch 13/66 (20%) running_loss=0.3457
train epoch 195/200 batch 26/66 (39%) running_loss=0.3395
train epoch 195/200 batch 39/66 (59%) running_loss=0.3364
train epoch 195/200 batch 52/66 (79%) running_loss=0.3336
train epoch 195/200 batch 65/66 (98%) running_loss=0.3332
train epoch 195/200 batch 66/66 (100%) running_loss=0.3335
epoch 195/200 done: train_loss=0.3335 val_loss=0.2171 val_accuracy=0.9529 val_macro_f1=0.9360 val_macro_auc=0.9881 (checkpoint_metric=macro_auc)
train epoch 196/200 batch 13/66 (20%) running_loss=0.3513
train epoch 196/200 batch 26/66 (39%) running_loss=0.3392
train epoch 196/200 batch 39/66 (59%) running_loss=0.3377
train epoch 196/200 batch 52/66 (79%) running_loss=0.3374
train epoch 196/200 batch 65/66 (98%) running_loss=0.3367
train epoch 196/200 batch 66/66 (100%) running_loss=0.3364
epoch 196/200 done: train_loss=0.3364 val_loss=0.2130 val_accuracy=0.9508 val_macro_f1=0.9334 val_macro_auc=0.9885 (checkpoint_metric=macro_auc)
train epoch 197/200 batch 13/66 (20%) running_loss=0.3330
train epoch 197/200 batch 26/66 (39%) running_loss=0.3357
train epoch 197/200 batch 39/66 (59%) running_loss=0.3334
train epoch 197/200 batch 52/66 (79%) running_loss=0.3332
train epoch 197/200 batch 65/66 (98%) running_loss=0.3338
train epoch 197/200 batch 66/66 (100%) running_loss=0.3338
epoch 197/200 done: train_loss=0.3338 val_loss=0.2123 val_accuracy=0.9508 val_macro_f1=0.9326 val_macro_auc=0.9883 (checkpoint_metric=macro_auc)
train epoch 198/200 batch 13/66 (20%) running_loss=0.3406
train epoch 198/200 batch 26/66 (39%) running_loss=0.3402
train epoch 198/200 batch 39/66 (59%) running_loss=0.3364
train epoch 198/200 batch 52/66 (79%) running_loss=0.3388
train epoch 198/200 batch 65/66 (98%) running_loss=0.3380
train epoch 198/200 batch 66/66 (100%) running_loss=0.3381
epoch 198/200 done: train_loss=0.3381 val_loss=0.2091 val_accuracy=0.9549 val_macro_f1=0.9385 val_macro_auc=0.9883 (checkpoint_metric=macro_auc)
train epoch 199/200 batch 13/66 (20%) running_loss=0.3343
train epoch 199/200 batch 26/66 (39%) running_loss=0.3385
train epoch 199/200 batch 39/66 (59%) running_loss=0.3381
train epoch 199/200 batch 52/66 (79%) running_loss=0.3374
train epoch 199/200 batch 65/66 (98%) running_loss=0.3362
train epoch 199/200 batch 66/66 (100%) running_loss=0.3360
epoch 199/200 done: train_loss=0.3360 val_loss=0.2171 val_accuracy=0.9467 val_macro_f1=0.9276 val_macro_auc=0.9881 (checkpoint_metric=macro_auc)
train epoch 200/200 batch 13/66 (20%) running_loss=0.3371
train epoch 200/200 batch 26/66 (39%) running_loss=0.3393
train epoch 200/200 batch 39/66 (59%) running_loss=0.3362
train epoch 200/200 batch 52/66 (79%) running_loss=0.3396
train epoch 200/200 batch 65/66 (98%) running_loss=0.3398
train epoch 200/200 batch 66/66 (100%) running_loss=0.3396
epoch 200/200 done: train_loss=0.3396 val_loss=0.2128 val_accuracy=0.9508 val_macro_f1=0.9334 val_macro_auc=0.9882 (checkpoint_metric=macro_auc)
Training finished. Best epoch=88, smoothed macro_auc=0.9909 (window=3)
Test set evaluated once: accuracy=0.8608 macro_f1=0.8388 macro_auc=0.9746
Best epoch: 88
Test accuracy: 0.8608
Test macro F1: 0.8388
Test macro AUC: 0.9746
