Starting final training on device=cuda, amp=True, physical_batch_size=32, accumulation_steps=1, effective_batch_size=32
Augmentation policy: sample-adaptive, from outputs/main1/augmentation_run/selected_policy.json
Classes: {'glioma_tumor': 0, 'meningioma_tumor': 1, 'pituitary_tumor': 2}
Regularization: weight_decay=7.0e-04 classifier_dropout=0.30 label_smoothing=0.10 drop_path=0.20
Magnitude bounds from configs/bounds_wide.json: {'rotation': [0.0, 45.0], 'affine_translation': [0.0, 0.16], 'random_resized_crop': [0.0, 0.35]}
train epoch 1/200 batch 13/66 (20%) running_loss=1.1159
train epoch 1/200 batch 26/66 (39%) running_loss=1.1391
train epoch 1/200 batch 39/66 (59%) running_loss=1.1643
train epoch 1/200 batch 52/66 (79%) running_loss=1.1918
train epoch 1/200 batch 65/66 (98%) running_loss=1.2361
train epoch 1/200 batch 66/66 (100%) running_loss=1.2351
epoch 1/200 done: train_loss=1.2351 val_loss=1.0792 val_accuracy=0.4447 val_macro_f1=0.2564 val_macro_auc=0.5575 (checkpoint_metric=macro_auc) [new best]
train epoch 2/200 batch 13/66 (20%) running_loss=1.2197
train epoch 2/200 batch 26/66 (39%) running_loss=1.1955
train epoch 2/200 batch 39/66 (59%) running_loss=1.2170
train epoch 2/200 batch 52/66 (79%) running_loss=1.2231
train epoch 2/200 batch 65/66 (98%) running_loss=1.2094
train epoch 2/200 batch 66/66 (100%) running_loss=1.2082
epoch 2/200 done: train_loss=1.2082 val_loss=0.9949 val_accuracy=0.5061 val_macro_f1=0.2240 val_macro_auc=0.6545 (checkpoint_metric=macro_auc) [new best]
train epoch 3/200 batch 13/66 (20%) running_loss=1.2324
train epoch 3/200 batch 26/66 (39%) running_loss=1.1780
train epoch 3/200 batch 39/66 (59%) running_loss=1.1529
train epoch 3/200 batch 52/66 (79%) running_loss=1.1445
train epoch 3/200 batch 65/66 (98%) running_loss=1.1359
train epoch 3/200 batch 66/66 (100%) running_loss=1.1365
epoch 3/200 done: train_loss=1.1365 val_loss=0.9743 val_accuracy=0.5061 val_macro_f1=0.2240 val_macro_auc=0.7387 (checkpoint_metric=macro_auc) [new best]
train epoch 4/200 batch 13/66 (20%) running_loss=1.0926
train epoch 4/200 batch 26/66 (39%) running_loss=1.0911
train epoch 4/200 batch 39/66 (59%) running_loss=1.0978
train epoch 4/200 batch 52/66 (79%) running_loss=1.0951
train epoch 4/200 batch 65/66 (98%) running_loss=1.0960
train epoch 4/200 batch 66/66 (100%) running_loss=1.0951
epoch 4/200 done: train_loss=1.0951 val_loss=0.9941 val_accuracy=0.5061 val_macro_f1=0.2240 val_macro_auc=0.7477 (checkpoint_metric=macro_auc) [new best]
train epoch 5/200 batch 13/66 (20%) running_loss=1.0670
train epoch 5/200 batch 26/66 (39%) running_loss=1.0578
train epoch 5/200 batch 39/66 (59%) running_loss=1.0597
train epoch 5/200 batch 52/66 (79%) running_loss=1.0517
train epoch 5/200 batch 65/66 (98%) running_loss=1.0479
train epoch 5/200 batch 66/66 (100%) running_loss=1.0474
epoch 5/200 done: train_loss=1.0474 val_loss=0.8875 val_accuracy=0.6721 val_macro_f1=0.4812 val_macro_auc=0.7570 (checkpoint_metric=macro_auc) [new best]
train epoch 6/200 batch 13/66 (20%) running_loss=1.0202
train epoch 6/200 batch 26/66 (39%) running_loss=1.0175
train epoch 6/200 batch 39/66 (59%) running_loss=1.0197
train epoch 6/200 batch 52/66 (79%) running_loss=1.0197
train epoch 6/200 batch 65/66 (98%) running_loss=1.0085
train epoch 6/200 batch 66/66 (100%) running_loss=1.0103
epoch 6/200 done: train_loss=1.0103 val_loss=0.8373 val_accuracy=0.6557 val_macro_f1=0.4692 val_macro_auc=0.7579 (checkpoint_metric=macro_auc) [new best]
train epoch 7/200 batch 13/66 (20%) running_loss=0.9850
train epoch 7/200 batch 26/66 (39%) running_loss=0.9995
train epoch 7/200 batch 39/66 (59%) running_loss=0.9945
train epoch 7/200 batch 52/66 (79%) running_loss=0.9968
train epoch 7/200 batch 65/66 (98%) running_loss=0.9943
train epoch 7/200 batch 66/66 (100%) running_loss=0.9947
epoch 7/200 done: train_loss=0.9947 val_loss=0.8341 val_accuracy=0.6680 val_macro_f1=0.4769 val_macro_auc=0.7663 (checkpoint_metric=macro_auc) [new best]
train epoch 8/200 batch 13/66 (20%) running_loss=0.9770
train epoch 8/200 batch 26/66 (39%) running_loss=0.9944
train epoch 8/200 batch 39/66 (59%) running_loss=0.9849
train epoch 8/200 batch 52/66 (79%) running_loss=0.9747
train epoch 8/200 batch 65/66 (98%) running_loss=0.9630
train epoch 8/200 batch 66/66 (100%) running_loss=0.9645
epoch 8/200 done: train_loss=0.9645 val_loss=0.7899 val_accuracy=0.6762 val_macro_f1=0.4813 val_macro_auc=0.7682 (checkpoint_metric=macro_auc) [new best]
train epoch 9/200 batch 13/66 (20%) running_loss=0.9219
train epoch 9/200 batch 26/66 (39%) running_loss=0.9322
train epoch 9/200 batch 39/66 (59%) running_loss=0.9389
train epoch 9/200 batch 52/66 (79%) running_loss=0.9395
train epoch 9/200 batch 65/66 (98%) running_loss=0.9432
train epoch 9/200 batch 66/66 (100%) running_loss=0.9446
epoch 9/200 done: train_loss=0.9446 val_loss=0.8209 val_accuracy=0.6824 val_macro_f1=0.4884 val_macro_auc=0.7736 (checkpoint_metric=macro_auc) [new best]
train epoch 10/200 batch 13/66 (20%) running_loss=0.9636
train epoch 10/200 batch 26/66 (39%) running_loss=0.9490
train epoch 10/200 batch 39/66 (59%) running_loss=0.9414
train epoch 10/200 batch 52/66 (79%) running_loss=0.9348
train epoch 10/200 batch 65/66 (98%) running_loss=0.9327
train epoch 10/200 batch 66/66 (100%) running_loss=0.9334
epoch 10/200 done: train_loss=0.9334 val_loss=0.7856 val_accuracy=0.6906 val_macro_f1=0.4937 val_macro_auc=0.7710 (checkpoint_metric=macro_auc) [new best]
train epoch 11/200 batch 13/66 (20%) running_loss=0.8781
train epoch 11/200 batch 26/66 (39%) running_loss=0.9072
train epoch 11/200 batch 39/66 (59%) running_loss=0.9167
train epoch 11/200 batch 52/66 (79%) running_loss=0.9208
train epoch 11/200 batch 65/66 (98%) running_loss=0.9150
train epoch 11/200 batch 66/66 (100%) running_loss=0.9155
epoch 11/200 done: train_loss=0.9155 val_loss=0.7270 val_accuracy=0.6824 val_macro_f1=0.4898 val_macro_auc=0.7735 (checkpoint_metric=macro_auc) [new best]
train epoch 12/200 batch 13/66 (20%) running_loss=0.8923
train epoch 12/200 batch 26/66 (39%) running_loss=0.9207
train epoch 12/200 batch 39/66 (59%) running_loss=0.9103
train epoch 12/200 batch 52/66 (79%) running_loss=0.9076
train epoch 12/200 batch 65/66 (98%) running_loss=0.9034
train epoch 12/200 batch 66/66 (100%) running_loss=0.9034
epoch 12/200 done: train_loss=0.9034 val_loss=0.7400 val_accuracy=0.6906 val_macro_f1=0.4972 val_macro_auc=0.7986 (checkpoint_metric=macro_auc) [new best]
train epoch 13/200 batch 13/66 (20%) running_loss=0.8631
train epoch 13/200 batch 26/66 (39%) running_loss=0.8913
train epoch 13/200 batch 39/66 (59%) running_loss=0.9006
train epoch 13/200 batch 52/66 (79%) running_loss=0.8966
train epoch 13/200 batch 65/66 (98%) running_loss=0.9010
train epoch 13/200 batch 66/66 (100%) running_loss=0.9002
epoch 13/200 done: train_loss=0.9002 val_loss=0.7308 val_accuracy=0.6967 val_macro_f1=0.5009 val_macro_auc=0.8140 (checkpoint_metric=macro_auc) [new best]
train epoch 14/200 batch 13/66 (20%) running_loss=0.8770
train epoch 14/200 batch 26/66 (39%) running_loss=0.8746
train epoch 14/200 batch 39/66 (59%) running_loss=0.8561
train epoch 14/200 batch 52/66 (79%) running_loss=0.8620
train epoch 14/200 batch 65/66 (98%) running_loss=0.8666
train epoch 14/200 batch 66/66 (100%) running_loss=0.8658
epoch 14/200 done: train_loss=0.8658 val_loss=0.6646 val_accuracy=0.7316 val_macro_f1=0.5285 val_macro_auc=0.8168 (checkpoint_metric=macro_auc) [new best]
train epoch 15/200 batch 13/66 (20%) running_loss=0.9040
train epoch 15/200 batch 26/66 (39%) running_loss=0.8843
train epoch 15/200 batch 39/66 (59%) running_loss=0.8701
train epoch 15/200 batch 52/66 (79%) running_loss=0.8698
train epoch 15/200 batch 65/66 (98%) running_loss=0.8624
train epoch 15/200 batch 66/66 (100%) running_loss=0.8625
epoch 15/200 done: train_loss=0.8625 val_loss=0.6984 val_accuracy=0.7234 val_macro_f1=0.5218 val_macro_auc=0.7893 (checkpoint_metric=macro_auc)
train epoch 16/200 batch 13/66 (20%) running_loss=0.8779
train epoch 16/200 batch 26/66 (39%) running_loss=0.8566
train epoch 16/200 batch 39/66 (59%) running_loss=0.8697
train epoch 16/200 batch 52/66 (79%) running_loss=0.8716
train epoch 16/200 batch 65/66 (98%) running_loss=0.8798
train epoch 16/200 batch 66/66 (100%) running_loss=0.8806
epoch 16/200 done: train_loss=0.8806 val_loss=0.7803 val_accuracy=0.7029 val_macro_f1=0.4991 val_macro_auc=0.8148 (checkpoint_metric=macro_auc)
train epoch 17/200 batch 13/66 (20%) running_loss=0.8549
train epoch 17/200 batch 26/66 (39%) running_loss=0.8672
train epoch 17/200 batch 39/66 (59%) running_loss=0.8751
train epoch 17/200 batch 52/66 (79%) running_loss=0.8671
train epoch 17/200 batch 65/66 (98%) running_loss=0.8726
train epoch 17/200 batch 66/66 (100%) running_loss=0.8729
epoch 17/200 done: train_loss=0.8729 val_loss=0.6830 val_accuracy=0.7480 val_macro_f1=0.5411 val_macro_auc=0.8332 (checkpoint_metric=macro_auc) [new best]
train epoch 18/200 batch 13/66 (20%) running_loss=0.8855
train epoch 18/200 batch 26/66 (39%) running_loss=0.8809
train epoch 18/200 batch 39/66 (59%) running_loss=0.8581
train epoch 18/200 batch 52/66 (79%) running_loss=0.8554
train epoch 18/200 batch 65/66 (98%) running_loss=0.8630
train epoch 18/200 batch 66/66 (100%) running_loss=0.8621
epoch 18/200 done: train_loss=0.8621 val_loss=0.7009 val_accuracy=0.7316 val_macro_f1=0.5267 val_macro_auc=0.8372 (checkpoint_metric=macro_auc) [new best]
train epoch 19/200 batch 13/66 (20%) running_loss=0.8276
train epoch 19/200 batch 26/66 (39%) running_loss=0.8483
train epoch 19/200 batch 39/66 (59%) running_loss=0.8493
train epoch 19/200 batch 52/66 (79%) running_loss=0.8537
train epoch 19/200 batch 65/66 (98%) running_loss=0.8494
train epoch 19/200 batch 66/66 (100%) running_loss=0.8494
epoch 19/200 done: train_loss=0.8494 val_loss=0.7064 val_accuracy=0.7357 val_macro_f1=0.5445 val_macro_auc=0.8817 (checkpoint_metric=macro_auc) [new best]
train epoch 20/200 batch 13/66 (20%) running_loss=0.8382
train epoch 20/200 batch 26/66 (39%) running_loss=0.8283
train epoch 20/200 batch 39/66 (59%) running_loss=0.8239
train epoch 20/200 batch 52/66 (79%) running_loss=0.8264
train epoch 20/200 batch 65/66 (98%) running_loss=0.8244
train epoch 20/200 batch 66/66 (100%) running_loss=0.8248
epoch 20/200 done: train_loss=0.8248 val_loss=0.6027 val_accuracy=0.7746 val_macro_f1=0.5621 val_macro_auc=0.8621 (checkpoint_metric=macro_auc) [new best]
train epoch 21/200 batch 13/66 (20%) running_loss=0.8303
train epoch 21/200 batch 26/66 (39%) running_loss=0.8100
train epoch 21/200 batch 39/66 (59%) running_loss=0.8188
train epoch 21/200 batch 52/66 (79%) running_loss=0.8147
train epoch 21/200 batch 65/66 (98%) running_loss=0.8105
train epoch 21/200 batch 66/66 (100%) running_loss=0.8089
epoch 21/200 done: train_loss=0.8089 val_loss=0.6377 val_accuracy=0.7664 val_macro_f1=0.6141 val_macro_auc=0.8653 (checkpoint_metric=macro_auc) [new best]
train epoch 22/200 batch 13/66 (20%) running_loss=0.8395
train epoch 22/200 batch 26/66 (39%) running_loss=0.8141
train epoch 22/200 batch 39/66 (59%) running_loss=0.8151
train epoch 22/200 batch 52/66 (79%) running_loss=0.8069
train epoch 22/200 batch 65/66 (98%) running_loss=0.8035
train epoch 22/200 batch 66/66 (100%) running_loss=0.8033
epoch 22/200 done: train_loss=0.8033 val_loss=0.5472 val_accuracy=0.7951 val_macro_f1=0.5772 val_macro_auc=0.8866 (checkpoint_metric=macro_auc) [new best]
train epoch 23/200 batch 13/66 (20%) running_loss=0.8459
train epoch 23/200 batch 26/66 (39%) running_loss=0.8335
train epoch 23/200 batch 39/66 (59%) running_loss=0.8247
train epoch 23/200 batch 52/66 (79%) running_loss=0.8231
train epoch 23/200 batch 65/66 (98%) running_loss=0.8184
train epoch 23/200 batch 66/66 (100%) running_loss=0.8205
epoch 23/200 done: train_loss=0.8205 val_loss=0.6506 val_accuracy=0.7336 val_macro_f1=0.5282 val_macro_auc=0.8630 (checkpoint_metric=macro_auc) [new best]
train epoch 24/200 batch 13/66 (20%) running_loss=0.7735
train epoch 24/200 batch 26/66 (39%) running_loss=0.7700
train epoch 24/200 batch 39/66 (59%) running_loss=0.7825
train epoch 24/200 batch 52/66 (79%) running_loss=0.7922
train epoch 24/200 batch 65/66 (98%) running_loss=0.8003
train epoch 24/200 batch 66/66 (100%) running_loss=0.8006
epoch 24/200 done: train_loss=0.8006 val_loss=0.6216 val_accuracy=0.7664 val_macro_f1=0.5530 val_macro_auc=0.8695 (checkpoint_metric=macro_auc) [new best]
train epoch 25/200 batch 13/66 (20%) running_loss=0.7842
train epoch 25/200 batch 26/66 (39%) running_loss=0.7735
train epoch 25/200 batch 39/66 (59%) running_loss=0.7865
train epoch 25/200 batch 52/66 (79%) running_loss=0.7841
train epoch 25/200 batch 65/66 (98%) running_loss=0.7837
train epoch 25/200 batch 66/66 (100%) running_loss=0.7836
epoch 25/200 done: train_loss=0.7836 val_loss=0.5726 val_accuracy=0.8238 val_macro_f1=0.6516 val_macro_auc=0.8860 (checkpoint_metric=macro_auc)
train epoch 26/200 batch 13/66 (20%) running_loss=0.7765
train epoch 26/200 batch 26/66 (39%) running_loss=0.7792
train epoch 26/200 batch 39/66 (59%) running_loss=0.7681
train epoch 26/200 batch 52/66 (79%) running_loss=0.7733
train epoch 26/200 batch 65/66 (98%) running_loss=0.7779
train epoch 26/200 batch 66/66 (100%) running_loss=0.7778
epoch 26/200 done: train_loss=0.7778 val_loss=0.5929 val_accuracy=0.7787 val_macro_f1=0.6219 val_macro_auc=0.8808 (checkpoint_metric=macro_auc) [new best]
train epoch 27/200 batch 13/66 (20%) running_loss=0.7553
train epoch 27/200 batch 26/66 (39%) running_loss=0.7397
train epoch 27/200 batch 39/66 (59%) running_loss=0.7510
train epoch 27/200 batch 52/66 (79%) running_loss=0.7686
train epoch 27/200 batch 65/66 (98%) running_loss=0.7711
train epoch 27/200 batch 66/66 (100%) running_loss=0.7702
epoch 27/200 done: train_loss=0.7702 val_loss=0.5877 val_accuracy=0.8012 val_macro_f1=0.7218 val_macro_auc=0.8958 (checkpoint_metric=macro_auc) [new best]
train epoch 28/200 batch 13/66 (20%) running_loss=0.8467
train epoch 28/200 batch 26/66 (39%) running_loss=0.8258
train epoch 28/200 batch 39/66 (59%) running_loss=0.8132
train epoch 28/200 batch 52/66 (79%) running_loss=0.7915
train epoch 28/200 batch 65/66 (98%) running_loss=0.7782
train epoch 28/200 batch 66/66 (100%) running_loss=0.7802
epoch 28/200 done: train_loss=0.7802 val_loss=0.6312 val_accuracy=0.7316 val_macro_f1=0.5512 val_macro_auc=0.8828 (checkpoint_metric=macro_auc)
train epoch 29/200 batch 13/66 (20%) running_loss=0.7713
train epoch 29/200 batch 26/66 (39%) running_loss=0.7700
train epoch 29/200 batch 39/66 (59%) running_loss=0.7686
train epoch 29/200 batch 52/66 (79%) running_loss=0.7657
train epoch 29/200 batch 65/66 (98%) running_loss=0.7577
train epoch 29/200 batch 66/66 (100%) running_loss=0.7571
epoch 29/200 done: train_loss=0.7571 val_loss=0.5602 val_accuracy=0.8053 val_macro_f1=0.5847 val_macro_auc=0.8873 (checkpoint_metric=macro_auc) [new best]
train epoch 30/200 batch 13/66 (20%) running_loss=0.7835
train epoch 30/200 batch 26/66 (39%) running_loss=0.7920
train epoch 30/200 batch 39/66 (59%) running_loss=0.7745
train epoch 30/200 batch 52/66 (79%) running_loss=0.7520
train epoch 30/200 batch 65/66 (98%) running_loss=0.7420
train epoch 30/200 batch 66/66 (100%) running_loss=0.7400
epoch 30/200 done: train_loss=0.7400 val_loss=0.5675 val_accuracy=0.7705 val_macro_f1=0.6023 val_macro_auc=0.8994 (checkpoint_metric=macro_auc) [new best]
train epoch 31/200 batch 13/66 (20%) running_loss=0.7848
train epoch 31/200 batch 26/66 (39%) running_loss=0.7766
train epoch 31/200 batch 39/66 (59%) running_loss=0.7627
train epoch 31/200 batch 52/66 (79%) running_loss=0.7487
train epoch 31/200 batch 65/66 (98%) running_loss=0.7501
train epoch 31/200 batch 66/66 (100%) running_loss=0.7503
epoch 31/200 done: train_loss=0.7503 val_loss=0.5716 val_accuracy=0.7828 val_macro_f1=0.5695 val_macro_auc=0.8945 (checkpoint_metric=macro_auc) [new best]
train epoch 32/200 batch 13/66 (20%) running_loss=0.7203
train epoch 32/200 batch 26/66 (39%) running_loss=0.7148
train epoch 32/200 batch 39/66 (59%) running_loss=0.7213
train epoch 32/200 batch 52/66 (79%) running_loss=0.7287
train epoch 32/200 batch 65/66 (98%) running_loss=0.7219
train epoch 32/200 batch 66/66 (100%) running_loss=0.7209
epoch 32/200 done: train_loss=0.7209 val_loss=0.5355 val_accuracy=0.7971 val_macro_f1=0.6198 val_macro_auc=0.8895 (checkpoint_metric=macro_auc) [new best]
train epoch 33/200 batch 13/66 (20%) running_loss=0.6989
train epoch 33/200 batch 26/66 (39%) running_loss=0.6968
train epoch 33/200 batch 39/66 (59%) running_loss=0.7146
train epoch 33/200 batch 52/66 (79%) running_loss=0.7105
train epoch 33/200 batch 65/66 (98%) running_loss=0.7082
train epoch 33/200 batch 66/66 (100%) running_loss=0.7074
epoch 33/200 done: train_loss=0.7074 val_loss=0.7154 val_accuracy=0.6762 val_macro_f1=0.5733 val_macro_auc=0.9043 (checkpoint_metric=macro_auc) [new best]
train epoch 34/200 batch 13/66 (20%) running_loss=0.6998
train epoch 34/200 batch 26/66 (39%) running_loss=0.7135
train epoch 34/200 batch 39/66 (59%) running_loss=0.7011
train epoch 34/200 batch 52/66 (79%) running_loss=0.6942
train epoch 34/200 batch 65/66 (98%) running_loss=0.6909
train epoch 34/200 batch 66/66 (100%) running_loss=0.6918
epoch 34/200 done: train_loss=0.6918 val_loss=0.5524 val_accuracy=0.8361 val_macro_f1=0.7802 val_macro_auc=0.9294 (checkpoint_metric=macro_auc) [new best]
train epoch 35/200 batch 13/66 (20%) running_loss=0.7196
train epoch 35/200 batch 26/66 (39%) running_loss=0.7025
train epoch 35/200 batch 39/66 (59%) running_loss=0.6855
train epoch 35/200 batch 52/66 (79%) running_loss=0.6856
train epoch 35/200 batch 65/66 (98%) running_loss=0.6919
train epoch 35/200 batch 66/66 (100%) running_loss=0.6926
epoch 35/200 done: train_loss=0.6926 val_loss=0.5379 val_accuracy=0.8053 val_macro_f1=0.7252 val_macro_auc=0.9252 (checkpoint_metric=macro_auc) [new best]
train epoch 36/200 batch 13/66 (20%) running_loss=0.6844
train epoch 36/200 batch 26/66 (39%) running_loss=0.6831
train epoch 36/200 batch 39/66 (59%) running_loss=0.6806
train epoch 36/200 batch 52/66 (79%) running_loss=0.6877
train epoch 36/200 batch 65/66 (98%) running_loss=0.6872
train epoch 36/200 batch 66/66 (100%) running_loss=0.6867
epoch 36/200 done: train_loss=0.6867 val_loss=0.4668 val_accuracy=0.8033 val_macro_f1=0.5789 val_macro_auc=0.9307 (checkpoint_metric=macro_auc) [new best]
train epoch 37/200 batch 13/66 (20%) running_loss=0.7322
train epoch 37/200 batch 26/66 (39%) running_loss=0.7140
train epoch 37/200 batch 39/66 (59%) running_loss=0.7188
train epoch 37/200 batch 52/66 (79%) running_loss=0.7102
train epoch 37/200 batch 65/66 (98%) running_loss=0.7020
train epoch 37/200 batch 66/66 (100%) running_loss=0.7028
epoch 37/200 done: train_loss=0.7028 val_loss=0.4653 val_accuracy=0.8320 val_macro_f1=0.7420 val_macro_auc=0.9527 (checkpoint_metric=macro_auc) [new best]
train epoch 38/200 batch 13/66 (20%) running_loss=0.6554
train epoch 38/200 batch 26/66 (39%) running_loss=0.6958
train epoch 38/200 batch 39/66 (59%) running_loss=0.6923
train epoch 38/200 batch 52/66 (79%) running_loss=0.6868
train epoch 38/200 batch 65/66 (98%) running_loss=0.6843
train epoch 38/200 batch 66/66 (100%) running_loss=0.6851
epoch 38/200 done: train_loss=0.6851 val_loss=0.5426 val_accuracy=0.8156 val_macro_f1=0.7086 val_macro_auc=0.9095 (checkpoint_metric=macro_auc)
train epoch 39/200 batch 13/66 (20%) running_loss=0.6667
train epoch 39/200 batch 26/66 (39%) running_loss=0.6790
train epoch 39/200 batch 39/66 (59%) running_loss=0.6757
train epoch 39/200 batch 52/66 (79%) running_loss=0.6689
train epoch 39/200 batch 65/66 (98%) running_loss=0.6659
train epoch 39/200 batch 66/66 (100%) running_loss=0.6669
epoch 39/200 done: train_loss=0.6669 val_loss=0.4112 val_accuracy=0.8525 val_macro_f1=0.6927 val_macro_auc=0.9405 (checkpoint_metric=macro_auc)
train epoch 40/200 batch 13/66 (20%) running_loss=0.6910
train epoch 40/200 batch 26/66 (39%) running_loss=0.6777
train epoch 40/200 batch 39/66 (59%) running_loss=0.6610
train epoch 40/200 batch 52/66 (79%) running_loss=0.6617
train epoch 40/200 batch 65/66 (98%) running_loss=0.6640
train epoch 40/200 batch 66/66 (100%) running_loss=0.6648
epoch 40/200 done: train_loss=0.6648 val_loss=0.4795 val_accuracy=0.8893 val_macro_f1=0.8247 val_macro_auc=0.9534 (checkpoint_metric=macro_auc)
train epoch 41/200 batch 13/66 (20%) running_loss=0.6843
train epoch 41/200 batch 26/66 (39%) running_loss=0.6633
train epoch 41/200 batch 39/66 (59%) running_loss=0.6564
train epoch 41/200 batch 52/66 (79%) running_loss=0.6541
train epoch 41/200 batch 65/66 (98%) running_loss=0.6561
train epoch 41/200 batch 66/66 (100%) running_loss=0.6547
epoch 41/200 done: train_loss=0.6547 val_loss=0.4119 val_accuracy=0.8770 val_macro_f1=0.7978 val_macro_auc=0.9578 (checkpoint_metric=macro_auc) [new best]
train epoch 42/200 batch 13/66 (20%) running_loss=0.5920
train epoch 42/200 batch 26/66 (39%) running_loss=0.5876
train epoch 42/200 batch 39/66 (59%) running_loss=0.6031
train epoch 42/200 batch 52/66 (79%) running_loss=0.6210
train epoch 42/200 batch 65/66 (98%) running_loss=0.6194
train epoch 42/200 batch 66/66 (100%) running_loss=0.6176
epoch 42/200 done: train_loss=0.6176 val_loss=0.3884 val_accuracy=0.8709 val_macro_f1=0.8252 val_macro_auc=0.9658 (checkpoint_metric=macro_auc) [new best]
train epoch 43/200 batch 13/66 (20%) running_loss=0.6108
train epoch 43/200 batch 26/66 (39%) running_loss=0.6469
train epoch 43/200 batch 39/66 (59%) running_loss=0.6411
train epoch 43/200 batch 52/66 (79%) running_loss=0.6377
train epoch 43/200 batch 65/66 (98%) running_loss=0.6356
train epoch 43/200 batch 66/66 (100%) running_loss=0.6359
epoch 43/200 done: train_loss=0.6359 val_loss=0.3965 val_accuracy=0.8545 val_macro_f1=0.7125 val_macro_auc=0.9503 (checkpoint_metric=macro_auc)
train epoch 44/200 batch 13/66 (20%) running_loss=0.6408
train epoch 44/200 batch 26/66 (39%) running_loss=0.6369
train epoch 44/200 batch 39/66 (59%) running_loss=0.6230
train epoch 44/200 batch 52/66 (79%) running_loss=0.6291
train epoch 44/200 batch 65/66 (98%) running_loss=0.6294
train epoch 44/200 batch 66/66 (100%) running_loss=0.6293
epoch 44/200 done: train_loss=0.6293 val_loss=0.3368 val_accuracy=0.8934 val_macro_f1=0.8024 val_macro_auc=0.9728 (checkpoint_metric=macro_auc) [new best]
train epoch 45/200 batch 13/66 (20%) running_loss=0.6638
train epoch 45/200 batch 26/66 (39%) running_loss=0.6428
train epoch 45/200 batch 39/66 (59%) running_loss=0.6273
train epoch 45/200 batch 52/66 (79%) running_loss=0.6213
train epoch 45/200 batch 65/66 (98%) running_loss=0.6143
train epoch 45/200 batch 66/66 (100%) running_loss=0.6140
epoch 45/200 done: train_loss=0.6140 val_loss=0.4459 val_accuracy=0.8750 val_macro_f1=0.8112 val_macro_auc=0.9586 (checkpoint_metric=macro_auc)
train epoch 46/200 batch 13/66 (20%) running_loss=0.6386
train epoch 46/200 batch 26/66 (39%) running_loss=0.6543
train epoch 46/200 batch 39/66 (59%) running_loss=0.6441
train epoch 46/200 batch 52/66 (79%) running_loss=0.6402
train epoch 46/200 batch 65/66 (98%) running_loss=0.6368
train epoch 46/200 batch 66/66 (100%) running_loss=0.6360
epoch 46/200 done: train_loss=0.6360 val_loss=0.3791 val_accuracy=0.8689 val_macro_f1=0.7615 val_macro_auc=0.9562 (checkpoint_metric=macro_auc)
train epoch 47/200 batch 13/66 (20%) running_loss=0.6392
train epoch 47/200 batch 26/66 (39%) running_loss=0.6263
train epoch 47/200 batch 39/66 (59%) running_loss=0.6403
train epoch 47/200 batch 52/66 (79%) running_loss=0.6324
train epoch 47/200 batch 65/66 (98%) running_loss=0.6319
train epoch 47/200 batch 66/66 (100%) running_loss=0.6315
epoch 47/200 done: train_loss=0.6315 val_loss=0.3917 val_accuracy=0.8422 val_macro_f1=0.7669 val_macro_auc=0.9665 (checkpoint_metric=macro_auc)
train epoch 48/200 batch 13/66 (20%) running_loss=0.6128
train epoch 48/200 batch 26/66 (39%) running_loss=0.6017
train epoch 48/200 batch 39/66 (59%) running_loss=0.6042
train epoch 48/200 batch 52/66 (79%) running_loss=0.6164
train epoch 48/200 batch 65/66 (98%) running_loss=0.6097
train epoch 48/200 batch 66/66 (100%) running_loss=0.6103
epoch 48/200 done: train_loss=0.6103 val_loss=0.3607 val_accuracy=0.8893 val_macro_f1=0.8476 val_macro_auc=0.9706 (checkpoint_metric=macro_auc) [new best]
train epoch 49/200 batch 13/66 (20%) running_loss=0.5961
train epoch 49/200 batch 26/66 (39%) running_loss=0.6240
train epoch 49/200 batch 39/66 (59%) running_loss=0.6103
train epoch 49/200 batch 52/66 (79%) running_loss=0.6162
train epoch 49/200 batch 65/66 (98%) running_loss=0.6085
train epoch 49/200 batch 66/66 (100%) running_loss=0.6089
epoch 49/200 done: train_loss=0.6089 val_loss=0.3901 val_accuracy=0.8566 val_macro_f1=0.8129 val_macro_auc=0.9704 (checkpoint_metric=macro_auc) [new best]
train epoch 50/200 batch 13/66 (20%) running_loss=0.6160
train epoch 50/200 batch 26/66 (39%) running_loss=0.6179
train epoch 50/200 batch 39/66 (59%) running_loss=0.6211
train epoch 50/200 batch 52/66 (79%) running_loss=0.6255
train epoch 50/200 batch 65/66 (98%) running_loss=0.6196
train epoch 50/200 batch 66/66 (100%) running_loss=0.6200
epoch 50/200 done: train_loss=0.6200 val_loss=0.4137 val_accuracy=0.8381 val_macro_f1=0.6490 val_macro_auc=0.9547 (checkpoint_metric=macro_auc)
train epoch 51/200 batch 13/66 (20%) running_loss=0.5942
train epoch 51/200 batch 26/66 (39%) running_loss=0.5836
train epoch 51/200 batch 39/66 (59%) running_loss=0.5899
train epoch 51/200 batch 52/66 (79%) running_loss=0.5908
train epoch 51/200 batch 65/66 (98%) running_loss=0.5933
train epoch 51/200 batch 66/66 (100%) running_loss=0.5936
epoch 51/200 done: train_loss=0.5936 val_loss=0.3407 val_accuracy=0.8709 val_macro_f1=0.7737 val_macro_auc=0.9741 (checkpoint_metric=macro_auc)
train epoch 52/200 batch 13/66 (20%) running_loss=0.5383
train epoch 52/200 batch 26/66 (39%) running_loss=0.5727
train epoch 52/200 batch 39/66 (59%) running_loss=0.5814
train epoch 52/200 batch 52/66 (79%) running_loss=0.5840
train epoch 52/200 batch 65/66 (98%) running_loss=0.5892
train epoch 52/200 batch 66/66 (100%) running_loss=0.5881
epoch 52/200 done: train_loss=0.5881 val_loss=0.3259 val_accuracy=0.8750 val_macro_f1=0.7587 val_macro_auc=0.9802 (checkpoint_metric=macro_auc) [new best]
train epoch 53/200 batch 13/66 (20%) running_loss=0.5480
train epoch 53/200 batch 26/66 (39%) running_loss=0.5745
train epoch 53/200 batch 39/66 (59%) running_loss=0.5691
train epoch 53/200 batch 52/66 (79%) running_loss=0.5840
train epoch 53/200 batch 65/66 (98%) running_loss=0.5813
train epoch 53/200 batch 66/66 (100%) running_loss=0.5810
epoch 53/200 done: train_loss=0.5810 val_loss=0.3100 val_accuracy=0.8852 val_macro_f1=0.7665 val_macro_auc=0.9816 (checkpoint_metric=macro_auc) [new best]
train epoch 54/200 batch 13/66 (20%) running_loss=0.5666
train epoch 54/200 batch 26/66 (39%) running_loss=0.5535
train epoch 54/200 batch 39/66 (59%) running_loss=0.5662
train epoch 54/200 batch 52/66 (79%) running_loss=0.5605
train epoch 54/200 batch 65/66 (98%) running_loss=0.5690
train epoch 54/200 batch 66/66 (100%) running_loss=0.5697
epoch 54/200 done: train_loss=0.5697 val_loss=0.3350 val_accuracy=0.8668 val_macro_f1=0.7817 val_macro_auc=0.9803 (checkpoint_metric=macro_auc) [new best]
train epoch 55/200 batch 13/66 (20%) running_loss=0.5582
train epoch 55/200 batch 26/66 (39%) running_loss=0.5753
train epoch 55/200 batch 39/66 (59%) running_loss=0.5687
train epoch 55/200 batch 52/66 (79%) running_loss=0.5812
train epoch 55/200 batch 65/66 (98%) running_loss=0.5812
train epoch 55/200 batch 66/66 (100%) running_loss=0.5794
epoch 55/200 done: train_loss=0.5794 val_loss=0.3150 val_accuracy=0.9119 val_macro_f1=0.8584 val_macro_auc=0.9857 (checkpoint_metric=macro_auc) [new best]
train epoch 56/200 batch 13/66 (20%) running_loss=0.5309
train epoch 56/200 batch 26/66 (39%) running_loss=0.5456
train epoch 56/200 batch 39/66 (59%) running_loss=0.5369
train epoch 56/200 batch 52/66 (79%) running_loss=0.5453
train epoch 56/200 batch 65/66 (98%) running_loss=0.5518
train epoch 56/200 batch 66/66 (100%) running_loss=0.5517
epoch 56/200 done: train_loss=0.5517 val_loss=0.3359 val_accuracy=0.9201 val_macro_f1=0.8748 val_macro_auc=0.9823 (checkpoint_metric=macro_auc) [new best]
train epoch 57/200 batch 13/66 (20%) running_loss=0.5594
train epoch 57/200 batch 26/66 (39%) running_loss=0.5547
train epoch 57/200 batch 39/66 (59%) running_loss=0.5650
train epoch 57/200 batch 52/66 (79%) running_loss=0.5634
train epoch 57/200 batch 65/66 (98%) running_loss=0.5626
train epoch 57/200 batch 66/66 (100%) running_loss=0.5617
epoch 57/200 done: train_loss=0.5617 val_loss=0.3015 val_accuracy=0.9078 val_macro_f1=0.8542 val_macro_auc=0.9803 (checkpoint_metric=macro_auc)
train epoch 58/200 batch 13/66 (20%) running_loss=0.5548
train epoch 58/200 batch 26/66 (39%) running_loss=0.5681
train epoch 58/200 batch 39/66 (59%) running_loss=0.5647
train epoch 58/200 batch 52/66 (79%) running_loss=0.5653
train epoch 58/200 batch 65/66 (98%) running_loss=0.5593
train epoch 58/200 batch 66/66 (100%) running_loss=0.5582
epoch 58/200 done: train_loss=0.5582 val_loss=0.3092 val_accuracy=0.8996 val_macro_f1=0.8327 val_macro_auc=0.9762 (checkpoint_metric=macro_auc)
train epoch 59/200 batch 13/66 (20%) running_loss=0.5687
train epoch 59/200 batch 26/66 (39%) running_loss=0.5565
train epoch 59/200 batch 39/66 (59%) running_loss=0.5667
train epoch 59/200 batch 52/66 (79%) running_loss=0.5611
train epoch 59/200 batch 65/66 (98%) running_loss=0.5621
train epoch 59/200 batch 66/66 (100%) running_loss=0.5620
epoch 59/200 done: train_loss=0.5620 val_loss=0.3501 val_accuracy=0.8791 val_macro_f1=0.7739 val_macro_auc=0.9769 (checkpoint_metric=macro_auc)
train epoch 60/200 batch 13/66 (20%) running_loss=0.5992
train epoch 60/200 batch 26/66 (39%) running_loss=0.5900
train epoch 60/200 batch 39/66 (59%) running_loss=0.5741
train epoch 60/200 batch 52/66 (79%) running_loss=0.5761
train epoch 60/200 batch 65/66 (98%) running_loss=0.5717
train epoch 60/200 batch 66/66 (100%) running_loss=0.5723
epoch 60/200 done: train_loss=0.5723 val_loss=0.3217 val_accuracy=0.8709 val_macro_f1=0.8102 val_macro_auc=0.9805 (checkpoint_metric=macro_auc)
train epoch 61/200 batch 13/66 (20%) running_loss=0.5536
train epoch 61/200 batch 26/66 (39%) running_loss=0.5830
train epoch 61/200 batch 39/66 (59%) running_loss=0.5841
train epoch 61/200 batch 52/66 (79%) running_loss=0.5681
train epoch 61/200 batch 65/66 (98%) running_loss=0.5596
train epoch 61/200 batch 66/66 (100%) running_loss=0.5592
epoch 61/200 done: train_loss=0.5592 val_loss=0.2922 val_accuracy=0.9037 val_macro_f1=0.8459 val_macro_auc=0.9831 (checkpoint_metric=macro_auc)
train epoch 62/200 batch 13/66 (20%) running_loss=0.5080
train epoch 62/200 batch 26/66 (39%) running_loss=0.5275
train epoch 62/200 batch 39/66 (59%) running_loss=0.5438
train epoch 62/200 batch 52/66 (79%) running_loss=0.5481
train epoch 62/200 batch 65/66 (98%) running_loss=0.5448
train epoch 62/200 batch 66/66 (100%) running_loss=0.5432
epoch 62/200 done: train_loss=0.5432 val_loss=0.4066 val_accuracy=0.8689 val_macro_f1=0.8344 val_macro_auc=0.9692 (checkpoint_metric=macro_auc)
train epoch 63/200 batch 13/66 (20%) running_loss=0.5302
train epoch 63/200 batch 26/66 (39%) running_loss=0.5236
train epoch 63/200 batch 39/66 (59%) running_loss=0.5188
train epoch 63/200 batch 52/66 (79%) running_loss=0.5314
train epoch 63/200 batch 65/66 (98%) running_loss=0.5348
train epoch 63/200 batch 66/66 (100%) running_loss=0.5342
epoch 63/200 done: train_loss=0.5342 val_loss=0.3813 val_accuracy=0.8566 val_macro_f1=0.7813 val_macro_auc=0.9711 (checkpoint_metric=macro_auc)
train epoch 64/200 batch 13/66 (20%) running_loss=0.5518
train epoch 64/200 batch 26/66 (39%) running_loss=0.5469
train epoch 64/200 batch 39/66 (59%) running_loss=0.5492
train epoch 64/200 batch 52/66 (79%) running_loss=0.5559
train epoch 64/200 batch 65/66 (98%) running_loss=0.5533
train epoch 64/200 batch 66/66 (100%) running_loss=0.5551
epoch 64/200 done: train_loss=0.5551 val_loss=0.2903 val_accuracy=0.9016 val_macro_f1=0.8299 val_macro_auc=0.9885 (checkpoint_metric=macro_auc)
train epoch 65/200 batch 13/66 (20%) running_loss=0.5686
train epoch 65/200 batch 26/66 (39%) running_loss=0.5813
train epoch 65/200 batch 39/66 (59%) running_loss=0.5714
train epoch 65/200 batch 52/66 (79%) running_loss=0.5626
train epoch 65/200 batch 65/66 (98%) running_loss=0.5530
train epoch 65/200 batch 66/66 (100%) running_loss=0.5524
epoch 65/200 done: train_loss=0.5524 val_loss=0.3131 val_accuracy=0.8996 val_macro_f1=0.8586 val_macro_auc=0.9823 (checkpoint_metric=macro_auc)
train epoch 66/200 batch 13/66 (20%) running_loss=0.5492
train epoch 66/200 batch 26/66 (39%) running_loss=0.5706
train epoch 66/200 batch 39/66 (59%) running_loss=0.5704
train epoch 66/200 batch 52/66 (79%) running_loss=0.5585
train epoch 66/200 batch 65/66 (98%) running_loss=0.5503
train epoch 66/200 batch 66/66 (100%) running_loss=0.5497
epoch 66/200 done: train_loss=0.5497 val_loss=0.2735 val_accuracy=0.9180 val_macro_f1=0.8710 val_macro_auc=0.9805 (checkpoint_metric=macro_auc) [new best]
train epoch 67/200 batch 13/66 (20%) running_loss=0.5196
train epoch 67/200 batch 26/66 (39%) running_loss=0.5268
train epoch 67/200 batch 39/66 (59%) running_loss=0.5335
train epoch 67/200 batch 52/66 (79%) running_loss=0.5310
train epoch 67/200 batch 65/66 (98%) running_loss=0.5381
train epoch 67/200 batch 66/66 (100%) running_loss=0.5384
epoch 67/200 done: train_loss=0.5384 val_loss=0.3193 val_accuracy=0.9098 val_macro_f1=0.8579 val_macro_auc=0.9858 (checkpoint_metric=macro_auc)
train epoch 68/200 batch 13/66 (20%) running_loss=0.5652
train epoch 68/200 batch 26/66 (39%) running_loss=0.5615
train epoch 68/200 batch 39/66 (59%) running_loss=0.5522
train epoch 68/200 batch 52/66 (79%) running_loss=0.5506
train epoch 68/200 batch 65/66 (98%) running_loss=0.5493
train epoch 68/200 batch 66/66 (100%) running_loss=0.5495
epoch 68/200 done: train_loss=0.5495 val_loss=0.3235 val_accuracy=0.8914 val_macro_f1=0.8130 val_macro_auc=0.9856 (checkpoint_metric=macro_auc) [new best]
train epoch 69/200 batch 13/66 (20%) running_loss=0.5340
train epoch 69/200 batch 26/66 (39%) running_loss=0.5392
train epoch 69/200 batch 39/66 (59%) running_loss=0.5386
train epoch 69/200 batch 52/66 (79%) running_loss=0.5372
train epoch 69/200 batch 65/66 (98%) running_loss=0.5295
train epoch 69/200 batch 66/66 (100%) running_loss=0.5302
epoch 69/200 done: train_loss=0.5302 val_loss=0.2905 val_accuracy=0.9078 val_macro_f1=0.8524 val_macro_auc=0.9828 (checkpoint_metric=macro_auc) [new best]
train epoch 70/200 batch 13/66 (20%) running_loss=0.5258
train epoch 70/200 batch 26/66 (39%) running_loss=0.5212
train epoch 70/200 batch 39/66 (59%) running_loss=0.5265
train epoch 70/200 batch 52/66 (79%) running_loss=0.5240
train epoch 70/200 batch 65/66 (98%) running_loss=0.5245
train epoch 70/200 batch 66/66 (100%) running_loss=0.5246
epoch 70/200 done: train_loss=0.5246 val_loss=0.2948 val_accuracy=0.9242 val_macro_f1=0.8860 val_macro_auc=0.9874 (checkpoint_metric=macro_auc) [new best]
train epoch 71/200 batch 13/66 (20%) running_loss=0.5316
train epoch 71/200 batch 26/66 (39%) running_loss=0.5303
train epoch 71/200 batch 39/66 (59%) running_loss=0.5299
train epoch 71/200 batch 52/66 (79%) running_loss=0.5301
train epoch 71/200 batch 65/66 (98%) running_loss=0.5322
train epoch 71/200 batch 66/66 (100%) running_loss=0.5324
epoch 71/200 done: train_loss=0.5324 val_loss=0.2597 val_accuracy=0.9406 val_macro_f1=0.9070 val_macro_auc=0.9928 (checkpoint_metric=macro_auc) [new best]
train epoch 72/200 batch 13/66 (20%) running_loss=0.5707
train epoch 72/200 batch 26/66 (39%) running_loss=0.5581
train epoch 72/200 batch 39/66 (59%) running_loss=0.5513
train epoch 72/200 batch 52/66 (79%) running_loss=0.5361
train epoch 72/200 batch 65/66 (98%) running_loss=0.5322
train epoch 72/200 batch 66/66 (100%) running_loss=0.5328
epoch 72/200 done: train_loss=0.5328 val_loss=0.3963 val_accuracy=0.8668 val_macro_f1=0.7614 val_macro_auc=0.9613 (checkpoint_metric=macro_auc)
train epoch 73/200 batch 13/66 (20%) running_loss=0.4968
train epoch 73/200 batch 26/66 (39%) running_loss=0.5212
train epoch 73/200 batch 39/66 (59%) running_loss=0.5336
train epoch 73/200 batch 52/66 (79%) running_loss=0.5231
train epoch 73/200 batch 65/66 (98%) running_loss=0.5246
train epoch 73/200 batch 66/66 (100%) running_loss=0.5241
epoch 73/200 done: train_loss=0.5241 val_loss=0.2731 val_accuracy=0.9385 val_macro_f1=0.9066 val_macro_auc=0.9885 (checkpoint_metric=macro_auc)
train epoch 74/200 batch 13/66 (20%) running_loss=0.5037
train epoch 74/200 batch 26/66 (39%) running_loss=0.4826
train epoch 74/200 batch 39/66 (59%) running_loss=0.4947
train epoch 74/200 batch 52/66 (79%) running_loss=0.4981
train epoch 74/200 batch 65/66 (98%) running_loss=0.5094
train epoch 74/200 batch 66/66 (100%) running_loss=0.5087
epoch 74/200 done: train_loss=0.5087 val_loss=0.3060 val_accuracy=0.8955 val_macro_f1=0.8331 val_macro_auc=0.9782 (checkpoint_metric=macro_auc)
train epoch 75/200 batch 13/66 (20%) running_loss=0.5332
train epoch 75/200 batch 26/66 (39%) running_loss=0.5285
train epoch 75/200 batch 39/66 (59%) running_loss=0.5364
train epoch 75/200 batch 52/66 (79%) running_loss=0.5294
train epoch 75/200 batch 65/66 (98%) running_loss=0.5285
train epoch 75/200 batch 66/66 (100%) running_loss=0.5299
epoch 75/200 done: train_loss=0.5299 val_loss=0.3228 val_accuracy=0.9119 val_macro_f1=0.8880 val_macro_auc=0.9866 (checkpoint_metric=macro_auc)
train epoch 76/200 batch 13/66 (20%) running_loss=0.5105
train epoch 76/200 batch 26/66 (39%) running_loss=0.5168
train epoch 76/200 batch 39/66 (59%) running_loss=0.5153
train epoch 76/200 batch 52/66 (79%) running_loss=0.5175
train epoch 76/200 batch 65/66 (98%) running_loss=0.5149
train epoch 76/200 batch 66/66 (100%) running_loss=0.5157
epoch 76/200 done: train_loss=0.5157 val_loss=0.2705 val_accuracy=0.9242 val_macro_f1=0.8745 val_macro_auc=0.9921 (checkpoint_metric=macro_auc)
train epoch 77/200 batch 13/66 (20%) running_loss=0.5234
train epoch 77/200 batch 26/66 (39%) running_loss=0.5288
train epoch 77/200 batch 39/66 (59%) running_loss=0.5208
train epoch 77/200 batch 52/66 (79%) running_loss=0.5164
train epoch 77/200 batch 65/66 (98%) running_loss=0.5237
train epoch 77/200 batch 66/66 (100%) running_loss=0.5234
epoch 77/200 done: train_loss=0.5234 val_loss=0.4117 val_accuracy=0.8607 val_macro_f1=0.8048 val_macro_auc=0.9665 (checkpoint_metric=macro_auc)
train epoch 78/200 batch 13/66 (20%) running_loss=0.4939
train epoch 78/200 batch 26/66 (39%) running_loss=0.5171
train epoch 78/200 batch 39/66 (59%) running_loss=0.5196
train epoch 78/200 batch 52/66 (79%) running_loss=0.5256
train epoch 78/200 batch 65/66 (98%) running_loss=0.5264
train epoch 78/200 batch 66/66 (100%) running_loss=0.5271
epoch 78/200 done: train_loss=0.5271 val_loss=0.2737 val_accuracy=0.9262 val_macro_f1=0.8723 val_macro_auc=0.9892 (checkpoint_metric=macro_auc)
train epoch 79/200 batch 13/66 (20%) running_loss=0.5171
train epoch 79/200 batch 26/66 (39%) running_loss=0.5219
train epoch 79/200 batch 39/66 (59%) running_loss=0.5254
train epoch 79/200 batch 52/66 (79%) running_loss=0.5206
train epoch 79/200 batch 65/66 (98%) running_loss=0.5103
train epoch 79/200 batch 66/66 (100%) running_loss=0.5095
epoch 79/200 done: train_loss=0.5095 val_loss=0.2508 val_accuracy=0.9324 val_macro_f1=0.9027 val_macro_auc=0.9903 (checkpoint_metric=macro_auc)
train epoch 80/200 batch 13/66 (20%) running_loss=0.5152
train epoch 80/200 batch 26/66 (39%) running_loss=0.5020
train epoch 80/200 batch 39/66 (59%) running_loss=0.5085
train epoch 80/200 batch 52/66 (79%) running_loss=0.5142
train epoch 80/200 batch 65/66 (98%) running_loss=0.5192
train epoch 80/200 batch 66/66 (100%) running_loss=0.5184
epoch 80/200 done: train_loss=0.5184 val_loss=0.2855 val_accuracy=0.9344 val_macro_f1=0.9020 val_macro_auc=0.9884 (checkpoint_metric=macro_auc) [new best]
train epoch 81/200 batch 13/66 (20%) running_loss=0.5312
train epoch 81/200 batch 26/66 (39%) running_loss=0.5460
train epoch 81/200 batch 39/66 (59%) running_loss=0.5479
train epoch 81/200 batch 52/66 (79%) running_loss=0.5489
train epoch 81/200 batch 65/66 (98%) running_loss=0.5403
train epoch 81/200 batch 66/66 (100%) running_loss=0.5410
epoch 81/200 done: train_loss=0.5410 val_loss=0.3240 val_accuracy=0.9139 val_macro_f1=0.8885 val_macro_auc=0.9876 (checkpoint_metric=macro_auc)
train epoch 82/200 batch 13/66 (20%) running_loss=0.5323
train epoch 82/200 batch 26/66 (39%) running_loss=0.5193
train epoch 82/200 batch 39/66 (59%) running_loss=0.5142
train epoch 82/200 batch 52/66 (79%) running_loss=0.5133
train epoch 82/200 batch 65/66 (98%) running_loss=0.5076
train epoch 82/200 batch 66/66 (100%) running_loss=0.5067
epoch 82/200 done: train_loss=0.5067 val_loss=0.2522 val_accuracy=0.9262 val_macro_f1=0.8733 val_macro_auc=0.9907 (checkpoint_metric=macro_auc)
train epoch 83/200 batch 13/66 (20%) running_loss=0.5129
train epoch 83/200 batch 26/66 (39%) running_loss=0.5112
train epoch 83/200 batch 39/66 (59%) running_loss=0.5066
train epoch 83/200 batch 52/66 (79%) running_loss=0.5084
train epoch 83/200 batch 65/66 (98%) running_loss=0.5136
train epoch 83/200 batch 66/66 (100%) running_loss=0.5122
epoch 83/200 done: train_loss=0.5122 val_loss=0.3271 val_accuracy=0.9037 val_macro_f1=0.8427 val_macro_auc=0.9823 (checkpoint_metric=macro_auc)
train epoch 84/200 batch 13/66 (20%) running_loss=0.4762
train epoch 84/200 batch 26/66 (39%) running_loss=0.4833
train epoch 84/200 batch 39/66 (59%) running_loss=0.4783
train epoch 84/200 batch 52/66 (79%) running_loss=0.4776
train epoch 84/200 batch 65/66 (98%) running_loss=0.4841
train epoch 84/200 batch 66/66 (100%) running_loss=0.4854
epoch 84/200 done: train_loss=0.4854 val_loss=0.3576 val_accuracy=0.8689 val_macro_f1=0.8396 val_macro_auc=0.9880 (checkpoint_metric=macro_auc)
train epoch 85/200 batch 13/66 (20%) running_loss=0.5123
train epoch 85/200 batch 26/66 (39%) running_loss=0.5022
train epoch 85/200 batch 39/66 (59%) running_loss=0.4974
train epoch 85/200 batch 52/66 (79%) running_loss=0.4998
train epoch 85/200 batch 65/66 (98%) running_loss=0.5042
train epoch 85/200 batch 66/66 (100%) running_loss=0.5066
epoch 85/200 done: train_loss=0.5066 val_loss=0.3863 val_accuracy=0.8770 val_macro_f1=0.8614 val_macro_auc=0.9869 (checkpoint_metric=macro_auc)
train epoch 86/200 batch 13/66 (20%) running_loss=0.5219
train epoch 86/200 batch 26/66 (39%) running_loss=0.5105
train epoch 86/200 batch 39/66 (59%) running_loss=0.5087
train epoch 86/200 batch 52/66 (79%) running_loss=0.5035
train epoch 86/200 batch 65/66 (98%) running_loss=0.4961
train epoch 86/200 batch 66/66 (100%) running_loss=0.4956
epoch 86/200 done: train_loss=0.4956 val_loss=0.3087 val_accuracy=0.9037 val_macro_f1=0.8449 val_macro_auc=0.9883 (checkpoint_metric=macro_auc)
train epoch 87/200 batch 13/66 (20%) running_loss=0.5024
train epoch 87/200 batch 26/66 (39%) running_loss=0.4894
train epoch 87/200 batch 39/66 (59%) running_loss=0.4869
train epoch 87/200 batch 52/66 (79%) running_loss=0.4897
train epoch 87/200 batch 65/66 (98%) running_loss=0.4917
train epoch 87/200 batch 66/66 (100%) running_loss=0.4925
epoch 87/200 done: train_loss=0.4925 val_loss=0.2651 val_accuracy=0.9160 val_macro_f1=0.8928 val_macro_auc=0.9910 (checkpoint_metric=macro_auc)
train epoch 88/200 batch 13/66 (20%) running_loss=0.4821
train epoch 88/200 batch 26/66 (39%) running_loss=0.4941
train epoch 88/200 batch 39/66 (59%) running_loss=0.4942
train epoch 88/200 batch 52/66 (79%) running_loss=0.5014
train epoch 88/200 batch 65/66 (98%) running_loss=0.5007
train epoch 88/200 batch 66/66 (100%) running_loss=0.5019
epoch 88/200 done: train_loss=0.5019 val_loss=0.2890 val_accuracy=0.9283 val_macro_f1=0.8929 val_macro_auc=0.9819 (checkpoint_metric=macro_auc)
train epoch 89/200 batch 13/66 (20%) running_loss=0.4826
train epoch 89/200 batch 26/66 (39%) running_loss=0.4849
train epoch 89/200 batch 39/66 (59%) running_loss=0.4773
train epoch 89/200 batch 52/66 (79%) running_loss=0.4776
train epoch 89/200 batch 65/66 (98%) running_loss=0.4829
train epoch 89/200 batch 66/66 (100%) running_loss=0.4844
epoch 89/200 done: train_loss=0.4844 val_loss=0.2607 val_accuracy=0.9406 val_macro_f1=0.9024 val_macro_auc=0.9870 (checkpoint_metric=macro_auc)
train epoch 90/200 batch 13/66 (20%) running_loss=0.4876
train epoch 90/200 batch 26/66 (39%) running_loss=0.4719
train epoch 90/200 batch 39/66 (59%) running_loss=0.4779
train epoch 90/200 batch 52/66 (79%) running_loss=0.4739
train epoch 90/200 batch 65/66 (98%) running_loss=0.4741
train epoch 90/200 batch 66/66 (100%) running_loss=0.4752
epoch 90/200 done: train_loss=0.4752 val_loss=0.2451 val_accuracy=0.9467 val_macro_f1=0.9195 val_macro_auc=0.9938 (checkpoint_metric=macro_auc)
train epoch 91/200 batch 13/66 (20%) running_loss=0.4657
train epoch 91/200 batch 26/66 (39%) running_loss=0.4791
train epoch 91/200 batch 39/66 (59%) running_loss=0.4793
train epoch 91/200 batch 52/66 (79%) running_loss=0.4791
train epoch 91/200 batch 65/66 (98%) running_loss=0.4791
train epoch 91/200 batch 66/66 (100%) running_loss=0.4796
epoch 91/200 done: train_loss=0.4796 val_loss=0.3403 val_accuracy=0.8893 val_macro_f1=0.8472 val_macro_auc=0.9891 (checkpoint_metric=macro_auc) [new best]
train epoch 92/200 batch 13/66 (20%) running_loss=0.4651
train epoch 92/200 batch 26/66 (39%) running_loss=0.4619
train epoch 92/200 batch 39/66 (59%) running_loss=0.4680
train epoch 92/200 batch 52/66 (79%) running_loss=0.4677
train epoch 92/200 batch 65/66 (98%) running_loss=0.4705
train epoch 92/200 batch 66/66 (100%) running_loss=0.4696
epoch 92/200 done: train_loss=0.4696 val_loss=0.2681 val_accuracy=0.9426 val_macro_f1=0.9133 val_macro_auc=0.9908 (checkpoint_metric=macro_auc) [new best]
train epoch 93/200 batch 13/66 (20%) running_loss=0.4665
train epoch 93/200 batch 26/66 (39%) running_loss=0.4483
train epoch 93/200 batch 39/66 (59%) running_loss=0.4546
train epoch 93/200 batch 52/66 (79%) running_loss=0.4604
train epoch 93/200 batch 65/66 (98%) running_loss=0.4700
train epoch 93/200 batch 66/66 (100%) running_loss=0.4691
epoch 93/200 done: train_loss=0.4691 val_loss=0.2782 val_accuracy=0.9201 val_macro_f1=0.8870 val_macro_auc=0.9909 (checkpoint_metric=macro_auc)
train epoch 94/200 batch 13/66 (20%) running_loss=0.4642
train epoch 94/200 batch 26/66 (39%) running_loss=0.4565
train epoch 94/200 batch 39/66 (59%) running_loss=0.4618
train epoch 94/200 batch 52/66 (79%) running_loss=0.4638
train epoch 94/200 batch 65/66 (98%) running_loss=0.4639
train epoch 94/200 batch 66/66 (100%) running_loss=0.4636
epoch 94/200 done: train_loss=0.4636 val_loss=0.2330 val_accuracy=0.9488 val_macro_f1=0.9267 val_macro_auc=0.9922 (checkpoint_metric=macro_auc) [new best]
train epoch 95/200 batch 13/66 (20%) running_loss=0.4972
train epoch 95/200 batch 26/66 (39%) running_loss=0.4769
train epoch 95/200 batch 39/66 (59%) running_loss=0.4812
train epoch 95/200 batch 52/66 (79%) running_loss=0.4827
train epoch 95/200 batch 65/66 (98%) running_loss=0.4820
train epoch 95/200 batch 66/66 (100%) running_loss=0.4812
epoch 95/200 done: train_loss=0.4812 val_loss=0.2388 val_accuracy=0.9508 val_macro_f1=0.9316 val_macro_auc=0.9947 (checkpoint_metric=macro_auc) [new best]
train epoch 96/200 batch 13/66 (20%) running_loss=0.4554
train epoch 96/200 batch 26/66 (39%) running_loss=0.4541
train epoch 96/200 batch 39/66 (59%) running_loss=0.4655
train epoch 96/200 batch 52/66 (79%) running_loss=0.4627
train epoch 96/200 batch 65/66 (98%) running_loss=0.4630
train epoch 96/200 batch 66/66 (100%) running_loss=0.4631
epoch 96/200 done: train_loss=0.4631 val_loss=0.2771 val_accuracy=0.9180 val_macro_f1=0.9005 val_macro_auc=0.9908 (checkpoint_metric=macro_auc)
train epoch 97/200 batch 13/66 (20%) running_loss=0.4891
train epoch 97/200 batch 26/66 (39%) running_loss=0.4788
train epoch 97/200 batch 39/66 (59%) running_loss=0.4609
train epoch 97/200 batch 52/66 (79%) running_loss=0.4662
train epoch 97/200 batch 65/66 (98%) running_loss=0.4679
train epoch 97/200 batch 66/66 (100%) running_loss=0.4691
epoch 97/200 done: train_loss=0.4691 val_loss=0.3028 val_accuracy=0.8934 val_macro_f1=0.8457 val_macro_auc=0.9915 (checkpoint_metric=macro_auc)
train epoch 98/200 batch 13/66 (20%) running_loss=0.4838
train epoch 98/200 batch 26/66 (39%) running_loss=0.4598
train epoch 98/200 batch 39/66 (59%) running_loss=0.4789
train epoch 98/200 batch 52/66 (79%) running_loss=0.4805
train epoch 98/200 batch 65/66 (98%) running_loss=0.4757
train epoch 98/200 batch 66/66 (100%) running_loss=0.4747
epoch 98/200 done: train_loss=0.4747 val_loss=0.2418 val_accuracy=0.9447 val_macro_f1=0.9173 val_macro_auc=0.9942 (checkpoint_metric=macro_auc)
train epoch 99/200 batch 13/66 (20%) running_loss=0.4537
train epoch 99/200 batch 26/66 (39%) running_loss=0.4504
train epoch 99/200 batch 39/66 (59%) running_loss=0.4621
train epoch 99/200 batch 52/66 (79%) running_loss=0.4603
train epoch 99/200 batch 65/66 (98%) running_loss=0.4620
train epoch 99/200 batch 66/66 (100%) running_loss=0.4617
epoch 99/200 done: train_loss=0.4617 val_loss=0.2313 val_accuracy=0.9283 val_macro_f1=0.8791 val_macro_auc=0.9923 (checkpoint_metric=macro_auc) [new best]
train epoch 100/200 batch 13/66 (20%) running_loss=0.4541
train epoch 100/200 batch 26/66 (39%) running_loss=0.4545
train epoch 100/200 batch 39/66 (59%) running_loss=0.4553
train epoch 100/200 batch 52/66 (79%) running_loss=0.4601
train epoch 100/200 batch 65/66 (98%) running_loss=0.4650
train epoch 100/200 batch 66/66 (100%) running_loss=0.4654
epoch 100/200 done: train_loss=0.4654 val_loss=0.3416 val_accuracy=0.8709 val_macro_f1=0.8576 val_macro_auc=0.9845 (checkpoint_metric=macro_auc)
train epoch 101/200 batch 13/66 (20%) running_loss=0.4794
train epoch 101/200 batch 26/66 (39%) running_loss=0.4824
train epoch 101/200 batch 39/66 (59%) running_loss=0.4632
train epoch 101/200 batch 52/66 (79%) running_loss=0.4664
train epoch 101/200 batch 65/66 (98%) running_loss=0.4672
train epoch 101/200 batch 66/66 (100%) running_loss=0.4673
epoch 101/200 done: train_loss=0.4673 val_loss=0.2236 val_accuracy=0.9549 val_macro_f1=0.9291 val_macro_auc=0.9958 (checkpoint_metric=macro_auc)
train epoch 102/200 batch 13/66 (20%) running_loss=0.4653
train epoch 102/200 batch 26/66 (39%) running_loss=0.4722
train epoch 102/200 batch 39/66 (59%) running_loss=0.4620
train epoch 102/200 batch 52/66 (79%) running_loss=0.4573
train epoch 102/200 batch 65/66 (98%) running_loss=0.4606
train epoch 102/200 batch 66/66 (100%) running_loss=0.4608
epoch 102/200 done: train_loss=0.4608 val_loss=0.2165 val_accuracy=0.9611 val_macro_f1=0.9413 val_macro_auc=0.9957 (checkpoint_metric=macro_auc)
train epoch 103/200 batch 13/66 (20%) running_loss=0.4920
train epoch 103/200 batch 26/66 (39%) running_loss=0.4819
train epoch 103/200 batch 39/66 (59%) running_loss=0.4720
train epoch 103/200 batch 52/66 (79%) running_loss=0.4752
train epoch 103/200 batch 65/66 (98%) running_loss=0.4677
train epoch 103/200 batch 66/66 (100%) running_loss=0.4673
epoch 103/200 done: train_loss=0.4673 val_loss=0.2213 val_accuracy=0.9406 val_macro_f1=0.9137 val_macro_auc=0.9933 (checkpoint_metric=macro_auc) [new best]
train epoch 104/200 batch 13/66 (20%) running_loss=0.4920
train epoch 104/200 batch 26/66 (39%) running_loss=0.4759
train epoch 104/200 batch 39/66 (59%) running_loss=0.4701
train epoch 104/200 batch 52/66 (79%) running_loss=0.4655
train epoch 104/200 batch 65/66 (98%) running_loss=0.4650
train epoch 104/200 batch 66/66 (100%) running_loss=0.4663
epoch 104/200 done: train_loss=0.4663 val_loss=0.2478 val_accuracy=0.9426 val_macro_f1=0.9147 val_macro_auc=0.9964 (checkpoint_metric=macro_auc) [new best]
train epoch 105/200 batch 13/66 (20%) running_loss=0.4502
train epoch 105/200 batch 26/66 (39%) running_loss=0.4682
train epoch 105/200 batch 39/66 (59%) running_loss=0.4634
train epoch 105/200 batch 52/66 (79%) running_loss=0.4662
train epoch 105/200 batch 65/66 (98%) running_loss=0.4592
train epoch 105/200 batch 66/66 (100%) running_loss=0.4609
epoch 105/200 done: train_loss=0.4609 val_loss=0.2297 val_accuracy=0.9488 val_macro_f1=0.9173 val_macro_auc=0.9957 (checkpoint_metric=macro_auc)
train epoch 106/200 batch 13/66 (20%) running_loss=0.4458
train epoch 106/200 batch 26/66 (39%) running_loss=0.4557
train epoch 106/200 batch 39/66 (59%) running_loss=0.4512
train epoch 106/200 batch 52/66 (79%) running_loss=0.4480
train epoch 106/200 batch 65/66 (98%) running_loss=0.4521
train epoch 106/200 batch 66/66 (100%) running_loss=0.4514
epoch 106/200 done: train_loss=0.4514 val_loss=0.2233 val_accuracy=0.9529 val_macro_f1=0.9311 val_macro_auc=0.9965 (checkpoint_metric=macro_auc) [new best]
train epoch 107/200 batch 13/66 (20%) running_loss=0.4784
train epoch 107/200 batch 26/66 (39%) running_loss=0.4631
train epoch 107/200 batch 39/66 (59%) running_loss=0.4589
train epoch 107/200 batch 52/66 (79%) running_loss=0.4587
train epoch 107/200 batch 65/66 (98%) running_loss=0.4558
train epoch 107/200 batch 66/66 (100%) running_loss=0.4586
epoch 107/200 done: train_loss=0.4586 val_loss=0.2390 val_accuracy=0.9508 val_macro_f1=0.9284 val_macro_auc=0.9937 (checkpoint_metric=macro_auc)
train epoch 108/200 batch 13/66 (20%) running_loss=0.4824
train epoch 108/200 batch 26/66 (39%) running_loss=0.4693
train epoch 108/200 batch 39/66 (59%) running_loss=0.4520
train epoch 108/200 batch 52/66 (79%) running_loss=0.4470
train epoch 108/200 batch 65/66 (98%) running_loss=0.4422
train epoch 108/200 batch 66/66 (100%) running_loss=0.4428
epoch 108/200 done: train_loss=0.4428 val_loss=0.2248 val_accuracy=0.9570 val_macro_f1=0.9306 val_macro_auc=0.9955 (checkpoint_metric=macro_auc)
train epoch 109/200 batch 13/66 (20%) running_loss=0.4394
train epoch 109/200 batch 26/66 (39%) running_loss=0.4300
train epoch 109/200 batch 39/66 (59%) running_loss=0.4393
train epoch 109/200 batch 52/66 (79%) running_loss=0.4401
train epoch 109/200 batch 65/66 (98%) running_loss=0.4375
train epoch 109/200 batch 66/66 (100%) running_loss=0.4370
epoch 109/200 done: train_loss=0.4370 val_loss=0.2413 val_accuracy=0.9303 val_macro_f1=0.9085 val_macro_auc=0.9940 (checkpoint_metric=macro_auc)
train epoch 110/200 batch 13/66 (20%) running_loss=0.4180
train epoch 110/200 batch 26/66 (39%) running_loss=0.4195
train epoch 110/200 batch 39/66 (59%) running_loss=0.4306
train epoch 110/200 batch 52/66 (79%) running_loss=0.4337
train epoch 110/200 batch 65/66 (98%) running_loss=0.4360
train epoch 110/200 batch 66/66 (100%) running_loss=0.4351
epoch 110/200 done: train_loss=0.4351 val_loss=0.1935 val_accuracy=0.9570 val_macro_f1=0.9351 val_macro_auc=0.9961 (checkpoint_metric=macro_auc)
train epoch 111/200 batch 13/66 (20%) running_loss=0.4261
train epoch 111/200 batch 26/66 (39%) running_loss=0.4402
train epoch 111/200 batch 39/66 (59%) running_loss=0.4324
train epoch 111/200 batch 52/66 (79%) running_loss=0.4339
train epoch 111/200 batch 65/66 (98%) running_loss=0.4339
train epoch 111/200 batch 66/66 (100%) running_loss=0.4343
epoch 111/200 done: train_loss=0.4343 val_loss=0.2280 val_accuracy=0.9426 val_macro_f1=0.9220 val_macro_auc=0.9923 (checkpoint_metric=macro_auc)
train epoch 112/200 batch 13/66 (20%) running_loss=0.4210
train epoch 112/200 batch 26/66 (39%) running_loss=0.4386
train epoch 112/200 batch 39/66 (59%) running_loss=0.4434
train epoch 112/200 batch 52/66 (79%) running_loss=0.4349
train epoch 112/200 batch 65/66 (98%) running_loss=0.4367
train epoch 112/200 batch 66/66 (100%) running_loss=0.4362
epoch 112/200 done: train_loss=0.4362 val_loss=0.2531 val_accuracy=0.9529 val_macro_f1=0.9433 val_macro_auc=0.9961 (checkpoint_metric=macro_auc)
train epoch 113/200 batch 13/66 (20%) running_loss=0.4506
train epoch 113/200 batch 26/66 (39%) running_loss=0.4451
train epoch 113/200 batch 39/66 (59%) running_loss=0.4442
train epoch 113/200 batch 52/66 (79%) running_loss=0.4388
train epoch 113/200 batch 65/66 (98%) running_loss=0.4458
train epoch 113/200 batch 66/66 (100%) running_loss=0.4447
epoch 113/200 done: train_loss=0.4447 val_loss=0.2083 val_accuracy=0.9529 val_macro_f1=0.9282 val_macro_auc=0.9953 (checkpoint_metric=macro_auc)
train epoch 114/200 batch 13/66 (20%) running_loss=0.4317
train epoch 114/200 batch 26/66 (39%) running_loss=0.4390
train epoch 114/200 batch 39/66 (59%) running_loss=0.4376
train epoch 114/200 batch 52/66 (79%) running_loss=0.4365
train epoch 114/200 batch 65/66 (98%) running_loss=0.4350
train epoch 114/200 batch 66/66 (100%) running_loss=0.4374
epoch 114/200 done: train_loss=0.4374 val_loss=0.2231 val_accuracy=0.9529 val_macro_f1=0.9336 val_macro_auc=0.9961 (checkpoint_metric=macro_auc)
train epoch 115/200 batch 13/66 (20%) running_loss=0.4075
train epoch 115/200 batch 26/66 (39%) running_loss=0.4278
train epoch 115/200 batch 39/66 (59%) running_loss=0.4247
train epoch 115/200 batch 52/66 (79%) running_loss=0.4294
train epoch 115/200 batch 65/66 (98%) running_loss=0.4269
train epoch 115/200 batch 66/66 (100%) running_loss=0.4277
epoch 115/200 done: train_loss=0.4277 val_loss=0.2203 val_accuracy=0.9488 val_macro_f1=0.9222 val_macro_auc=0.9949 (checkpoint_metric=macro_auc)
train epoch 116/200 batch 13/66 (20%) running_loss=0.4081
train epoch 116/200 batch 26/66 (39%) running_loss=0.4153
train epoch 116/200 batch 39/66 (59%) running_loss=0.4242
train epoch 116/200 batch 52/66 (79%) running_loss=0.4313
train epoch 116/200 batch 65/66 (98%) running_loss=0.4352
train epoch 116/200 batch 66/66 (100%) running_loss=0.4349
epoch 116/200 done: train_loss=0.4349 val_loss=0.1944 val_accuracy=0.9672 val_macro_f1=0.9526 val_macro_auc=0.9961 (checkpoint_metric=macro_auc)
train epoch 117/200 batch 13/66 (20%) running_loss=0.4486
train epoch 117/200 batch 26/66 (39%) running_loss=0.4359
train epoch 117/200 batch 39/66 (59%) running_loss=0.4476
train epoch 117/200 batch 52/66 (79%) running_loss=0.4383
train epoch 117/200 batch 65/66 (98%) running_loss=0.4374
train epoch 117/200 batch 66/66 (100%) running_loss=0.4375
epoch 117/200 done: train_loss=0.4375 val_loss=0.2305 val_accuracy=0.9447 val_macro_f1=0.9328 val_macro_auc=0.9967 (checkpoint_metric=macro_auc)
train epoch 118/200 batch 13/66 (20%) running_loss=0.4161
train epoch 118/200 batch 26/66 (39%) running_loss=0.4304
train epoch 118/200 batch 39/66 (59%) running_loss=0.4345
train epoch 118/200 batch 52/66 (79%) running_loss=0.4330
train epoch 118/200 batch 65/66 (98%) running_loss=0.4312
train epoch 118/200 batch 66/66 (100%) running_loss=0.4305
epoch 118/200 done: train_loss=0.4305 val_loss=0.2259 val_accuracy=0.9344 val_macro_f1=0.9202 val_macro_auc=0.9958 (checkpoint_metric=macro_auc)
train epoch 119/200 batch 13/66 (20%) running_loss=0.4583
train epoch 119/200 batch 26/66 (39%) running_loss=0.4383
train epoch 119/200 batch 39/66 (59%) running_loss=0.4321
train epoch 119/200 batch 52/66 (79%) running_loss=0.4366
train epoch 119/200 batch 65/66 (98%) running_loss=0.4385
train epoch 119/200 batch 66/66 (100%) running_loss=0.4373
epoch 119/200 done: train_loss=0.4373 val_loss=0.2481 val_accuracy=0.9324 val_macro_f1=0.9244 val_macro_auc=0.9959 (checkpoint_metric=macro_auc)
train epoch 120/200 batch 13/66 (20%) running_loss=0.4317
train epoch 120/200 batch 26/66 (39%) running_loss=0.4288
train epoch 120/200 batch 39/66 (59%) running_loss=0.4314
train epoch 120/200 batch 52/66 (79%) running_loss=0.4335
train epoch 120/200 batch 65/66 (98%) running_loss=0.4319
train epoch 120/200 batch 66/66 (100%) running_loss=0.4329
epoch 120/200 done: train_loss=0.4329 val_loss=0.2186 val_accuracy=0.9488 val_macro_f1=0.9279 val_macro_auc=0.9946 (checkpoint_metric=macro_auc)
train epoch 121/200 batch 13/66 (20%) running_loss=0.4274
train epoch 121/200 batch 26/66 (39%) running_loss=0.4236
train epoch 121/200 batch 39/66 (59%) running_loss=0.4165
train epoch 121/200 batch 52/66 (79%) running_loss=0.4136
train epoch 121/200 batch 65/66 (98%) running_loss=0.4170
train epoch 121/200 batch 66/66 (100%) running_loss=0.4173
epoch 121/200 done: train_loss=0.4173 val_loss=0.2082 val_accuracy=0.9631 val_macro_f1=0.9468 val_macro_auc=0.9956 (checkpoint_metric=macro_auc)
train epoch 122/200 batch 13/66 (20%) running_loss=0.4261
train epoch 122/200 batch 26/66 (39%) running_loss=0.4378
train epoch 122/200 batch 39/66 (59%) running_loss=0.4364
train epoch 122/200 batch 52/66 (79%) running_loss=0.4395
train epoch 122/200 batch 65/66 (98%) running_loss=0.4380
train epoch 122/200 batch 66/66 (100%) running_loss=0.4372
epoch 122/200 done: train_loss=0.4372 val_loss=0.2182 val_accuracy=0.9570 val_macro_f1=0.9422 val_macro_auc=0.9973 (checkpoint_metric=macro_auc)
train epoch 123/200 batch 13/66 (20%) running_loss=0.4214
train epoch 123/200 batch 26/66 (39%) running_loss=0.4168
train epoch 123/200 batch 39/66 (59%) running_loss=0.4150
train epoch 123/200 batch 52/66 (79%) running_loss=0.4172
train epoch 123/200 batch 65/66 (98%) running_loss=0.4160
train epoch 123/200 batch 66/66 (100%) running_loss=0.4162
epoch 123/200 done: train_loss=0.4162 val_loss=0.1992 val_accuracy=0.9652 val_macro_f1=0.9472 val_macro_auc=0.9957 (checkpoint_metric=macro_auc)
train epoch 124/200 batch 13/66 (20%) running_loss=0.4027
train epoch 124/200 batch 26/66 (39%) running_loss=0.4093
train epoch 124/200 batch 39/66 (59%) running_loss=0.4151
train epoch 124/200 batch 52/66 (79%) running_loss=0.4183
train epoch 124/200 batch 65/66 (98%) running_loss=0.4139
train epoch 124/200 batch 66/66 (100%) running_loss=0.4140
epoch 124/200 done: train_loss=0.4140 val_loss=0.2171 val_accuracy=0.9549 val_macro_f1=0.9361 val_macro_auc=0.9962 (checkpoint_metric=macro_auc) [new best]
train epoch 125/200 batch 13/66 (20%) running_loss=0.4106
train epoch 125/200 batch 26/66 (39%) running_loss=0.4270
train epoch 125/200 batch 39/66 (59%) running_loss=0.4245
train epoch 125/200 batch 52/66 (79%) running_loss=0.4271
train epoch 125/200 batch 65/66 (98%) running_loss=0.4234
train epoch 125/200 batch 66/66 (100%) running_loss=0.4241
epoch 125/200 done: train_loss=0.4241 val_loss=0.2124 val_accuracy=0.9652 val_macro_f1=0.9532 val_macro_auc=0.9962 (checkpoint_metric=macro_auc)
train epoch 126/200 batch 13/66 (20%) running_loss=0.3925
train epoch 126/200 batch 26/66 (39%) running_loss=0.4039
train epoch 126/200 batch 39/66 (59%) running_loss=0.3996
train epoch 126/200 batch 52/66 (79%) running_loss=0.4133
train epoch 126/200 batch 65/66 (98%) running_loss=0.4152
train epoch 126/200 batch 66/66 (100%) running_loss=0.4153
epoch 126/200 done: train_loss=0.4153 val_loss=0.1882 val_accuracy=0.9672 val_macro_f1=0.9503 val_macro_auc=0.9965 (checkpoint_metric=macro_auc)
train epoch 127/200 batch 13/66 (20%) running_loss=0.3909
train epoch 127/200 batch 26/66 (39%) running_loss=0.4046
train epoch 127/200 batch 39/66 (59%) running_loss=0.4090
train epoch 127/200 batch 52/66 (79%) running_loss=0.4137
train epoch 127/200 batch 65/66 (98%) running_loss=0.4150
train epoch 127/200 batch 66/66 (100%) running_loss=0.4147
epoch 127/200 done: train_loss=0.4147 val_loss=0.1757 val_accuracy=0.9713 val_macro_f1=0.9559 val_macro_auc=0.9968 (checkpoint_metric=macro_auc) [new best]
train epoch 128/200 batch 13/66 (20%) running_loss=0.4114
train epoch 128/200 batch 26/66 (39%) running_loss=0.4169
train epoch 128/200 batch 39/66 (59%) running_loss=0.4088
train epoch 128/200 batch 52/66 (79%) running_loss=0.4117
train epoch 128/200 batch 65/66 (98%) running_loss=0.4118
train epoch 128/200 batch 66/66 (100%) running_loss=0.4136
epoch 128/200 done: train_loss=0.4136 val_loss=0.2139 val_accuracy=0.9467 val_macro_f1=0.9311 val_macro_auc=0.9967 (checkpoint_metric=macro_auc) [new best]
train epoch 129/200 batch 13/66 (20%) running_loss=0.4270
train epoch 129/200 batch 26/66 (39%) running_loss=0.4125
train epoch 129/200 batch 39/66 (59%) running_loss=0.4178
train epoch 129/200 batch 52/66 (79%) running_loss=0.4188
train epoch 129/200 batch 65/66 (98%) running_loss=0.4176
train epoch 129/200 batch 66/66 (100%) running_loss=0.4176
epoch 129/200 done: train_loss=0.4176 val_loss=0.1963 val_accuracy=0.9529 val_macro_f1=0.9340 val_macro_auc=0.9967 (checkpoint_metric=macro_auc) [new best]
train epoch 130/200 batch 13/66 (20%) running_loss=0.4476
train epoch 130/200 batch 26/66 (39%) running_loss=0.4315
train epoch 130/200 batch 39/66 (59%) running_loss=0.4234
train epoch 130/200 batch 52/66 (79%) running_loss=0.4162
train epoch 130/200 batch 65/66 (98%) running_loss=0.4131
train epoch 130/200 batch 66/66 (100%) running_loss=0.4128
epoch 130/200 done: train_loss=0.4128 val_loss=0.1840 val_accuracy=0.9672 val_macro_f1=0.9567 val_macro_auc=0.9969 (checkpoint_metric=macro_auc) [new best]
train epoch 131/200 batch 13/66 (20%) running_loss=0.4368
train epoch 131/200 batch 26/66 (39%) running_loss=0.4269
train epoch 131/200 batch 39/66 (59%) running_loss=0.4261
train epoch 131/200 batch 52/66 (79%) running_loss=0.4159
train epoch 131/200 batch 65/66 (98%) running_loss=0.4136
train epoch 131/200 batch 66/66 (100%) running_loss=0.4128
epoch 131/200 done: train_loss=0.4128 val_loss=0.2013 val_accuracy=0.9734 val_macro_f1=0.9667 val_macro_auc=0.9982 (checkpoint_metric=macro_auc) [new best]
train epoch 132/200 batch 13/66 (20%) running_loss=0.4012
train epoch 132/200 batch 26/66 (39%) running_loss=0.4137
train epoch 132/200 batch 39/66 (59%) running_loss=0.4192
train epoch 132/200 batch 52/66 (79%) running_loss=0.4152
train epoch 132/200 batch 65/66 (98%) running_loss=0.4116
train epoch 132/200 batch 66/66 (100%) running_loss=0.4113
epoch 132/200 done: train_loss=0.4113 val_loss=0.1736 val_accuracy=0.9775 val_macro_f1=0.9669 val_macro_auc=0.9979 (checkpoint_metric=macro_auc) [new best]
train epoch 133/200 batch 13/66 (20%) running_loss=0.3794
train epoch 133/200 batch 26/66 (39%) running_loss=0.3904
train epoch 133/200 batch 39/66 (59%) running_loss=0.3900
train epoch 133/200 batch 52/66 (79%) running_loss=0.3868
train epoch 133/200 batch 65/66 (98%) running_loss=0.3928
train epoch 133/200 batch 66/66 (100%) running_loss=0.3925
epoch 133/200 done: train_loss=0.3925 val_loss=0.1824 val_accuracy=0.9611 val_macro_f1=0.9406 val_macro_auc=0.9962 (checkpoint_metric=macro_auc)
train epoch 134/200 batch 13/66 (20%) running_loss=0.3885
train epoch 134/200 batch 26/66 (39%) running_loss=0.4015
train epoch 134/200 batch 39/66 (59%) running_loss=0.4067
train epoch 134/200 batch 52/66 (79%) running_loss=0.4091
train epoch 134/200 batch 65/66 (98%) running_loss=0.4109
train epoch 134/200 batch 66/66 (100%) running_loss=0.4106
epoch 134/200 done: train_loss=0.4106 val_loss=0.1884 val_accuracy=0.9754 val_macro_f1=0.9626 val_macro_auc=0.9981 (checkpoint_metric=macro_auc)
train epoch 135/200 batch 13/66 (20%) running_loss=0.4323
train epoch 135/200 batch 26/66 (39%) running_loss=0.4287
train epoch 135/200 batch 39/66 (59%) running_loss=0.4152
train epoch 135/200 batch 52/66 (79%) running_loss=0.4059
train epoch 135/200 batch 65/66 (98%) running_loss=0.4055
train epoch 135/200 batch 66/66 (100%) running_loss=0.4058
epoch 135/200 done: train_loss=0.4058 val_loss=0.1920 val_accuracy=0.9652 val_macro_f1=0.9546 val_macro_auc=0.9983 (checkpoint_metric=macro_auc)
train epoch 136/200 batch 13/66 (20%) running_loss=0.4003
train epoch 136/200 batch 26/66 (39%) running_loss=0.4015
train epoch 136/200 batch 39/66 (59%) running_loss=0.3997
train epoch 136/200 batch 52/66 (79%) running_loss=0.3989
train epoch 136/200 batch 65/66 (98%) running_loss=0.4028
train epoch 136/200 batch 66/66 (100%) running_loss=0.4022
epoch 136/200 done: train_loss=0.4022 val_loss=0.1938 val_accuracy=0.9816 val_macro_f1=0.9712 val_macro_auc=0.9982 (checkpoint_metric=macro_auc) [new best]
train epoch 137/200 batch 13/66 (20%) running_loss=0.3937
train epoch 137/200 batch 26/66 (39%) running_loss=0.3894
train epoch 137/200 batch 39/66 (59%) running_loss=0.3970
train epoch 137/200 batch 52/66 (79%) running_loss=0.3948
train epoch 137/200 batch 65/66 (98%) running_loss=0.3918
train epoch 137/200 batch 66/66 (100%) running_loss=0.3912
epoch 137/200 done: train_loss=0.3912 val_loss=0.1691 val_accuracy=0.9672 val_macro_f1=0.9509 val_macro_auc=0.9981 (checkpoint_metric=macro_auc)
train epoch 138/200 batch 13/66 (20%) running_loss=0.3833
train epoch 138/200 batch 26/66 (39%) running_loss=0.3933
train epoch 138/200 batch 39/66 (59%) running_loss=0.3960
train epoch 138/200 batch 52/66 (79%) running_loss=0.3957
train epoch 138/200 batch 65/66 (98%) running_loss=0.3975
train epoch 138/200 batch 66/66 (100%) running_loss=0.3967
epoch 138/200 done: train_loss=0.3967 val_loss=0.2361 val_accuracy=0.9590 val_macro_f1=0.9523 val_macro_auc=0.9977 (checkpoint_metric=macro_auc)
train epoch 139/200 batch 13/66 (20%) running_loss=0.3904
train epoch 139/200 batch 26/66 (39%) running_loss=0.3929
train epoch 139/200 batch 39/66 (59%) running_loss=0.3961
train epoch 139/200 batch 52/66 (79%) running_loss=0.3911
train epoch 139/200 batch 65/66 (98%) running_loss=0.3937
train epoch 139/200 batch 66/66 (100%) running_loss=0.3934
epoch 139/200 done: train_loss=0.3934 val_loss=0.1821 val_accuracy=0.9734 val_macro_f1=0.9630 val_macro_auc=0.9985 (checkpoint_metric=macro_auc)
train epoch 140/200 batch 13/66 (20%) running_loss=0.3823
train epoch 140/200 batch 26/66 (39%) running_loss=0.3926
train epoch 140/200 batch 39/66 (59%) running_loss=0.3953
train epoch 140/200 batch 52/66 (79%) running_loss=0.4010
train epoch 140/200 batch 65/66 (98%) running_loss=0.3987
train epoch 140/200 batch 66/66 (100%) running_loss=0.3988
epoch 140/200 done: train_loss=0.3988 val_loss=0.1784 val_accuracy=0.9672 val_macro_f1=0.9547 val_macro_auc=0.9979 (checkpoint_metric=macro_auc)
train epoch 141/200 batch 13/66 (20%) running_loss=0.4298
train epoch 141/200 batch 26/66 (39%) running_loss=0.4213
train epoch 141/200 batch 39/66 (59%) running_loss=0.4152
train epoch 141/200 batch 52/66 (79%) running_loss=0.4097
train epoch 141/200 batch 65/66 (98%) running_loss=0.4045
train epoch 141/200 batch 66/66 (100%) running_loss=0.4044
epoch 141/200 done: train_loss=0.4044 val_loss=0.1908 val_accuracy=0.9693 val_macro_f1=0.9561 val_macro_auc=0.9984 (checkpoint_metric=macro_auc) [new best]
train epoch 142/200 batch 13/66 (20%) running_loss=0.3901
train epoch 142/200 batch 26/66 (39%) running_loss=0.3909
train epoch 142/200 batch 39/66 (59%) running_loss=0.3931
train epoch 142/200 batch 52/66 (79%) running_loss=0.3897
train epoch 142/200 batch 65/66 (98%) running_loss=0.3935
train epoch 142/200 batch 66/66 (100%) running_loss=0.3929
epoch 142/200 done: train_loss=0.3929 val_loss=0.2108 val_accuracy=0.9590 val_macro_f1=0.9380 val_macro_auc=0.9957 (checkpoint_metric=macro_auc)
train epoch 143/200 batch 13/66 (20%) running_loss=0.4137
train epoch 143/200 batch 26/66 (39%) running_loss=0.4060
train epoch 143/200 batch 39/66 (59%) running_loss=0.4061
train epoch 143/200 batch 52/66 (79%) running_loss=0.4044
train epoch 143/200 batch 65/66 (98%) running_loss=0.3996
train epoch 143/200 batch 66/66 (100%) running_loss=0.4006
epoch 143/200 done: train_loss=0.4006 val_loss=0.1885 val_accuracy=0.9488 val_macro_f1=0.9368 val_macro_auc=0.9974 (checkpoint_metric=macro_auc)
train epoch 144/200 batch 13/66 (20%) running_loss=0.4039
train epoch 144/200 batch 26/66 (39%) running_loss=0.4017
train epoch 144/200 batch 39/66 (59%) running_loss=0.4017
train epoch 144/200 batch 52/66 (79%) running_loss=0.4014
train epoch 144/200 batch 65/66 (98%) running_loss=0.3991
train epoch 144/200 batch 66/66 (100%) running_loss=0.3986
epoch 144/200 done: train_loss=0.3986 val_loss=0.1843 val_accuracy=0.9754 val_macro_f1=0.9644 val_macro_auc=0.9977 (checkpoint_metric=macro_auc)
train epoch 145/200 batch 13/66 (20%) running_loss=0.3951
train epoch 145/200 batch 26/66 (39%) running_loss=0.3975
train epoch 145/200 batch 39/66 (59%) running_loss=0.3907
train epoch 145/200 batch 52/66 (79%) running_loss=0.3885
train epoch 145/200 batch 65/66 (98%) running_loss=0.3886
train epoch 145/200 batch 66/66 (100%) running_loss=0.3893
epoch 145/200 done: train_loss=0.3893 val_loss=0.1812 val_accuracy=0.9693 val_macro_f1=0.9532 val_macro_auc=0.9972 (checkpoint_metric=macro_auc)
train epoch 146/200 batch 13/66 (20%) running_loss=0.4000
train epoch 146/200 batch 26/66 (39%) running_loss=0.3982
train epoch 146/200 batch 39/66 (59%) running_loss=0.3973
train epoch 146/200 batch 52/66 (79%) running_loss=0.3917
train epoch 146/200 batch 65/66 (98%) running_loss=0.3924
train epoch 146/200 batch 66/66 (100%) running_loss=0.3918
epoch 146/200 done: train_loss=0.3918 val_loss=0.1891 val_accuracy=0.9672 val_macro_f1=0.9532 val_macro_auc=0.9971 (checkpoint_metric=macro_auc)
train epoch 147/200 batch 13/66 (20%) running_loss=0.3803
train epoch 147/200 batch 26/66 (39%) running_loss=0.3833
train epoch 147/200 batch 39/66 (59%) running_loss=0.3892
train epoch 147/200 batch 52/66 (79%) running_loss=0.3893
train epoch 147/200 batch 65/66 (98%) running_loss=0.3883
train epoch 147/200 batch 66/66 (100%) running_loss=0.3886
epoch 147/200 done: train_loss=0.3886 val_loss=0.1947 val_accuracy=0.9652 val_macro_f1=0.9478 val_macro_auc=0.9963 (checkpoint_metric=macro_auc)
train epoch 148/200 batch 13/66 (20%) running_loss=0.4199
train epoch 148/200 batch 26/66 (39%) running_loss=0.4109
train epoch 148/200 batch 39/66 (59%) running_loss=0.4031
train epoch 148/200 batch 52/66 (79%) running_loss=0.4041
train epoch 148/200 batch 65/66 (98%) running_loss=0.3992
train epoch 148/200 batch 66/66 (100%) running_loss=0.3991
epoch 148/200 done: train_loss=0.3991 val_loss=0.1873 val_accuracy=0.9652 val_macro_f1=0.9464 val_macro_auc=0.9948 (checkpoint_metric=macro_auc)
train epoch 149/200 batch 13/66 (20%) running_loss=0.3885
train epoch 149/200 batch 26/66 (39%) running_loss=0.3802
train epoch 149/200 batch 39/66 (59%) running_loss=0.3814
train epoch 149/200 batch 52/66 (79%) running_loss=0.3823
train epoch 149/200 batch 65/66 (98%) running_loss=0.3808
train epoch 149/200 batch 66/66 (100%) running_loss=0.3807
epoch 149/200 done: train_loss=0.3807 val_loss=0.2039 val_accuracy=0.9631 val_macro_f1=0.9525 val_macro_auc=0.9965 (checkpoint_metric=macro_auc)
train epoch 150/200 batch 13/66 (20%) running_loss=0.3876
train epoch 150/200 batch 26/66 (39%) running_loss=0.3828
train epoch 150/200 batch 39/66 (59%) running_loss=0.3832
train epoch 150/200 batch 52/66 (79%) running_loss=0.3863
train epoch 150/200 batch 65/66 (98%) running_loss=0.3844
train epoch 150/200 batch 66/66 (100%) running_loss=0.3840
epoch 150/200 done: train_loss=0.3840 val_loss=0.1879 val_accuracy=0.9713 val_macro_f1=0.9566 val_macro_auc=0.9979 (checkpoint_metric=macro_auc)
train epoch 151/200 batch 13/66 (20%) running_loss=0.3710
train epoch 151/200 batch 26/66 (39%) running_loss=0.3775
train epoch 151/200 batch 39/66 (59%) running_loss=0.3798
train epoch 151/200 batch 52/66 (79%) running_loss=0.3822
train epoch 151/200 batch 65/66 (98%) running_loss=0.3811
train epoch 151/200 batch 66/66 (100%) running_loss=0.3829
epoch 151/200 done: train_loss=0.3829 val_loss=0.1811 val_accuracy=0.9734 val_macro_f1=0.9604 val_macro_auc=0.9971 (checkpoint_metric=macro_auc)
train epoch 152/200 batch 13/66 (20%) running_loss=0.3912
train epoch 152/200 batch 26/66 (39%) running_loss=0.3932
train epoch 152/200 batch 39/66 (59%) running_loss=0.3946
train epoch 152/200 batch 52/66 (79%) running_loss=0.3874
train epoch 152/200 batch 65/66 (98%) running_loss=0.3892
train epoch 152/200 batch 66/66 (100%) running_loss=0.3894
epoch 152/200 done: train_loss=0.3894 val_loss=0.1716 val_accuracy=0.9775 val_macro_f1=0.9668 val_macro_auc=0.9977 (checkpoint_metric=macro_auc)
train epoch 153/200 batch 13/66 (20%) running_loss=0.3879
train epoch 153/200 batch 26/66 (39%) running_loss=0.3754
train epoch 153/200 batch 39/66 (59%) running_loss=0.3684
train epoch 153/200 batch 52/66 (79%) running_loss=0.3651
train epoch 153/200 batch 65/66 (98%) running_loss=0.3677
train epoch 153/200 batch 66/66 (100%) running_loss=0.3673
epoch 153/200 done: train_loss=0.3673 val_loss=0.1759 val_accuracy=0.9795 val_macro_f1=0.9701 val_macro_auc=0.9969 (checkpoint_metric=macro_auc)
train epoch 154/200 batch 13/66 (20%) running_loss=0.3491
train epoch 154/200 batch 26/66 (39%) running_loss=0.3570
train epoch 154/200 batch 39/66 (59%) running_loss=0.3621
train epoch 154/200 batch 52/66 (79%) running_loss=0.3633
train epoch 154/200 batch 65/66 (98%) running_loss=0.3682
train epoch 154/200 batch 66/66 (100%) running_loss=0.3693
epoch 154/200 done: train_loss=0.3693 val_loss=0.1741 val_accuracy=0.9795 val_macro_f1=0.9689 val_macro_auc=0.9974 (checkpoint_metric=macro_auc)
train epoch 155/200 batch 13/66 (20%) running_loss=0.3914
train epoch 155/200 batch 26/66 (39%) running_loss=0.3757
train epoch 155/200 batch 39/66 (59%) running_loss=0.3737
train epoch 155/200 batch 52/66 (79%) running_loss=0.3728
train epoch 155/200 batch 65/66 (98%) running_loss=0.3801
train epoch 155/200 batch 66/66 (100%) running_loss=0.3801
epoch 155/200 done: train_loss=0.3801 val_loss=0.1872 val_accuracy=0.9795 val_macro_f1=0.9709 val_macro_auc=0.9972 (checkpoint_metric=macro_auc)
train epoch 156/200 batch 13/66 (20%) running_loss=0.4069
train epoch 156/200 batch 26/66 (39%) running_loss=0.3951
train epoch 156/200 batch 39/66 (59%) running_loss=0.3858
train epoch 156/200 batch 52/66 (79%) running_loss=0.3842
train epoch 156/200 batch 65/66 (98%) running_loss=0.3843
train epoch 156/200 batch 66/66 (100%) running_loss=0.3839
epoch 156/200 done: train_loss=0.3839 val_loss=0.1667 val_accuracy=0.9734 val_macro_f1=0.9615 val_macro_auc=0.9982 (checkpoint_metric=macro_auc)
train epoch 157/200 batch 13/66 (20%) running_loss=0.3724
train epoch 157/200 batch 26/66 (39%) running_loss=0.3821
train epoch 157/200 batch 39/66 (59%) running_loss=0.3796
train epoch 157/200 batch 52/66 (79%) running_loss=0.3829
train epoch 157/200 batch 65/66 (98%) running_loss=0.3806
train epoch 157/200 batch 66/66 (100%) running_loss=0.3815
epoch 157/200 done: train_loss=0.3815 val_loss=0.1895 val_accuracy=0.9693 val_macro_f1=0.9542 val_macro_auc=0.9967 (checkpoint_metric=macro_auc)
train epoch 158/200 batch 13/66 (20%) running_loss=0.3574
train epoch 158/200 batch 26/66 (39%) running_loss=0.3592
train epoch 158/200 batch 39/66 (59%) running_loss=0.3661
train epoch 158/200 batch 52/66 (79%) running_loss=0.3684
train epoch 158/200 batch 65/66 (98%) running_loss=0.3716
train epoch 158/200 batch 66/66 (100%) running_loss=0.3722
epoch 158/200 done: train_loss=0.3722 val_loss=0.1790 val_accuracy=0.9734 val_macro_f1=0.9609 val_macro_auc=0.9972 (checkpoint_metric=macro_auc)
train epoch 159/200 batch 13/66 (20%) running_loss=0.3680
train epoch 159/200 batch 26/66 (39%) running_loss=0.3729
train epoch 159/200 batch 39/66 (59%) running_loss=0.3763
train epoch 159/200 batch 52/66 (79%) running_loss=0.3739
train epoch 159/200 batch 65/66 (98%) running_loss=0.3772
train epoch 159/200 batch 66/66 (100%) running_loss=0.3768
epoch 159/200 done: train_loss=0.3768 val_loss=0.2010 val_accuracy=0.9754 val_macro_f1=0.9656 val_macro_auc=0.9975 (checkpoint_metric=macro_auc)
train epoch 160/200 batch 13/66 (20%) running_loss=0.3671
train epoch 160/200 batch 26/66 (39%) running_loss=0.3658
train epoch 160/200 batch 39/66 (59%) running_loss=0.3632
train epoch 160/200 batch 52/66 (79%) running_loss=0.3660
train epoch 160/200 batch 65/66 (98%) running_loss=0.3634
train epoch 160/200 batch 66/66 (100%) running_loss=0.3630
epoch 160/200 done: train_loss=0.3630 val_loss=0.1770 val_accuracy=0.9754 val_macro_f1=0.9636 val_macro_auc=0.9975 (checkpoint_metric=macro_auc)
train epoch 161/200 batch 13/66 (20%) running_loss=0.3827
train epoch 161/200 batch 26/66 (39%) running_loss=0.3746
train epoch 161/200 batch 39/66 (59%) running_loss=0.3682
train epoch 161/200 batch 52/66 (79%) running_loss=0.3642
train epoch 161/200 batch 65/66 (98%) running_loss=0.3642
train epoch 161/200 batch 66/66 (100%) running_loss=0.3645
epoch 161/200 done: train_loss=0.3645 val_loss=0.1820 val_accuracy=0.9631 val_macro_f1=0.9482 val_macro_auc=0.9977 (checkpoint_metric=macro_auc)
train epoch 162/200 batch 13/66 (20%) running_loss=0.3647
train epoch 162/200 batch 26/66 (39%) running_loss=0.3651
train epoch 162/200 batch 39/66 (59%) running_loss=0.3688
train epoch 162/200 batch 52/66 (79%) running_loss=0.3733
train epoch 162/200 batch 65/66 (98%) running_loss=0.3755
train epoch 162/200 batch 66/66 (100%) running_loss=0.3749
epoch 162/200 done: train_loss=0.3749 val_loss=0.1882 val_accuracy=0.9754 val_macro_f1=0.9621 val_macro_auc=0.9969 (checkpoint_metric=macro_auc)
train epoch 163/200 batch 13/66 (20%) running_loss=0.3619
train epoch 163/200 batch 26/66 (39%) running_loss=0.3532
train epoch 163/200 batch 39/66 (59%) running_loss=0.3577
train epoch 163/200 batch 52/66 (79%) running_loss=0.3595
train epoch 163/200 batch 65/66 (98%) running_loss=0.3628
train epoch 163/200 batch 66/66 (100%) running_loss=0.3640
epoch 163/200 done: train_loss=0.3640 val_loss=0.1821 val_accuracy=0.9672 val_macro_f1=0.9527 val_macro_auc=0.9974 (checkpoint_metric=macro_auc)
train epoch 164/200 batch 13/66 (20%) running_loss=0.3870
train epoch 164/200 batch 26/66 (39%) running_loss=0.3763
train epoch 164/200 batch 39/66 (59%) running_loss=0.3717
train epoch 164/200 batch 52/66 (79%) running_loss=0.3701
train epoch 164/200 batch 65/66 (98%) running_loss=0.3712
train epoch 164/200 batch 66/66 (100%) running_loss=0.3711
epoch 164/200 done: train_loss=0.3711 val_loss=0.1782 val_accuracy=0.9734 val_macro_f1=0.9593 val_macro_auc=0.9979 (checkpoint_metric=macro_auc)
train epoch 165/200 batch 13/66 (20%) running_loss=0.3843
train epoch 165/200 batch 26/66 (39%) running_loss=0.3757
train epoch 165/200 batch 39/66 (59%) running_loss=0.3725
train epoch 165/200 batch 52/66 (79%) running_loss=0.3750
train epoch 165/200 batch 65/66 (98%) running_loss=0.3737
train epoch 165/200 batch 66/66 (100%) running_loss=0.3737
epoch 165/200 done: train_loss=0.3737 val_loss=0.1703 val_accuracy=0.9775 val_macro_f1=0.9672 val_macro_auc=0.9982 (checkpoint_metric=macro_auc)
train epoch 166/200 batch 13/66 (20%) running_loss=0.3716
train epoch 166/200 batch 26/66 (39%) running_loss=0.3737
train epoch 166/200 batch 39/66 (59%) running_loss=0.3756
train epoch 166/200 batch 52/66 (79%) running_loss=0.3721
train epoch 166/200 batch 65/66 (98%) running_loss=0.3716
train epoch 166/200 batch 66/66 (100%) running_loss=0.3718
epoch 166/200 done: train_loss=0.3718 val_loss=0.1884 val_accuracy=0.9754 val_macro_f1=0.9684 val_macro_auc=0.9975 (checkpoint_metric=macro_auc)
train epoch 167/200 batch 13/66 (20%) running_loss=0.3611
train epoch 167/200 batch 26/66 (39%) running_loss=0.3657
train epoch 167/200 batch 39/66 (59%) running_loss=0.3636
train epoch 167/200 batch 52/66 (79%) running_loss=0.3618
train epoch 167/200 batch 65/66 (98%) running_loss=0.3643
train epoch 167/200 batch 66/66 (100%) running_loss=0.3641
epoch 167/200 done: train_loss=0.3641 val_loss=0.1707 val_accuracy=0.9734 val_macro_f1=0.9589 val_macro_auc=0.9977 (checkpoint_metric=macro_auc)
train epoch 168/200 batch 13/66 (20%) running_loss=0.3595
train epoch 168/200 batch 26/66 (39%) running_loss=0.3712
train epoch 168/200 batch 39/66 (59%) running_loss=0.3717
train epoch 168/200 batch 52/66 (79%) running_loss=0.3706
train epoch 168/200 batch 65/66 (98%) running_loss=0.3704
train epoch 168/200 batch 66/66 (100%) running_loss=0.3701
epoch 168/200 done: train_loss=0.3701 val_loss=0.1727 val_accuracy=0.9754 val_macro_f1=0.9643 val_macro_auc=0.9982 (checkpoint_metric=macro_auc)
train epoch 169/200 batch 13/66 (20%) running_loss=0.3639
train epoch 169/200 batch 26/66 (39%) running_loss=0.3727
train epoch 169/200 batch 39/66 (59%) running_loss=0.3722
train epoch 169/200 batch 52/66 (79%) running_loss=0.3690
train epoch 169/200 batch 65/66 (98%) running_loss=0.3656
train epoch 169/200 batch 66/66 (100%) running_loss=0.3650
epoch 169/200 done: train_loss=0.3650 val_loss=0.1788 val_accuracy=0.9713 val_macro_f1=0.9579 val_macro_auc=0.9972 (checkpoint_metric=macro_auc)
train epoch 170/200 batch 13/66 (20%) running_loss=0.3402
train epoch 170/200 batch 26/66 (39%) running_loss=0.3615
train epoch 170/200 batch 39/66 (59%) running_loss=0.3575
train epoch 170/200 batch 52/66 (79%) running_loss=0.3623
train epoch 170/200 batch 65/66 (98%) running_loss=0.3629
train epoch 170/200 batch 66/66 (100%) running_loss=0.3623
epoch 170/200 done: train_loss=0.3623 val_loss=0.1737 val_accuracy=0.9754 val_macro_f1=0.9644 val_macro_auc=0.9979 (checkpoint_metric=macro_auc)
train epoch 171/200 batch 13/66 (20%) running_loss=0.3558
train epoch 171/200 batch 26/66 (39%) running_loss=0.3592
train epoch 171/200 batch 39/66 (59%) running_loss=0.3671
train epoch 171/200 batch 52/66 (79%) running_loss=0.3631
train epoch 171/200 batch 65/66 (98%) running_loss=0.3636
train epoch 171/200 batch 66/66 (100%) running_loss=0.3639
epoch 171/200 done: train_loss=0.3639 val_loss=0.1767 val_accuracy=0.9795 val_macro_f1=0.9707 val_macro_auc=0.9975 (checkpoint_metric=macro_auc)
train epoch 172/200 batch 13/66 (20%) running_loss=0.3613
train epoch 172/200 batch 26/66 (39%) running_loss=0.3683
train epoch 172/200 batch 39/66 (59%) running_loss=0.3715
train epoch 172/200 batch 52/66 (79%) running_loss=0.3710
train epoch 172/200 batch 65/66 (98%) running_loss=0.3698
train epoch 172/200 batch 66/66 (100%) running_loss=0.3700
epoch 172/200 done: train_loss=0.3700 val_loss=0.1714 val_accuracy=0.9795 val_macro_f1=0.9688 val_macro_auc=0.9978 (checkpoint_metric=macro_auc)
train epoch 173/200 batch 13/66 (20%) running_loss=0.3753
train epoch 173/200 batch 26/66 (39%) running_loss=0.3711
train epoch 173/200 batch 39/66 (59%) running_loss=0.3679
train epoch 173/200 batch 52/66 (79%) running_loss=0.3695
train epoch 173/200 batch 65/66 (98%) running_loss=0.3658
train epoch 173/200 batch 66/66 (100%) running_loss=0.3656
epoch 173/200 done: train_loss=0.3656 val_loss=0.1694 val_accuracy=0.9795 val_macro_f1=0.9692 val_macro_auc=0.9973 (checkpoint_metric=macro_auc)
train epoch 174/200 batch 13/66 (20%) running_loss=0.3764
train epoch 174/200 batch 26/66 (39%) running_loss=0.3596
train epoch 174/200 batch 39/66 (59%) running_loss=0.3609
train epoch 174/200 batch 52/66 (79%) running_loss=0.3603
train epoch 174/200 batch 65/66 (98%) running_loss=0.3565
train epoch 174/200 batch 66/66 (100%) running_loss=0.3561
epoch 174/200 done: train_loss=0.3561 val_loss=0.1720 val_accuracy=0.9754 val_macro_f1=0.9632 val_macro_auc=0.9977 (checkpoint_metric=macro_auc)
train epoch 175/200 batch 13/66 (20%) running_loss=0.3600
train epoch 175/200 batch 26/66 (39%) running_loss=0.3547
train epoch 175/200 batch 39/66 (59%) running_loss=0.3510
train epoch 175/200 batch 52/66 (79%) running_loss=0.3528
train epoch 175/200 batch 65/66 (98%) running_loss=0.3580
train epoch 175/200 batch 66/66 (100%) running_loss=0.3582
epoch 175/200 done: train_loss=0.3582 val_loss=0.1702 val_accuracy=0.9795 val_macro_f1=0.9692 val_macro_auc=0.9976 (checkpoint_metric=macro_auc)
train epoch 176/200 batch 13/66 (20%) running_loss=0.3587
train epoch 176/200 batch 26/66 (39%) running_loss=0.3672
train epoch 176/200 batch 39/66 (59%) running_loss=0.3630
train epoch 176/200 batch 52/66 (79%) running_loss=0.3618
train epoch 176/200 batch 65/66 (98%) running_loss=0.3594
train epoch 176/200 batch 66/66 (100%) running_loss=0.3595
epoch 176/200 done: train_loss=0.3595 val_loss=0.1718 val_accuracy=0.9775 val_macro_f1=0.9660 val_macro_auc=0.9974 (checkpoint_metric=macro_auc)
train epoch 177/200 batch 13/66 (20%) running_loss=0.3490
train epoch 177/200 batch 26/66 (39%) running_loss=0.3786
train epoch 177/200 batch 39/66 (59%) running_loss=0.3684
train epoch 177/200 batch 52/66 (79%) running_loss=0.3683
train epoch 177/200 batch 65/66 (98%) running_loss=0.3672
train epoch 177/200 batch 66/66 (100%) running_loss=0.3667
epoch 177/200 done: train_loss=0.3667 val_loss=0.1860 val_accuracy=0.9775 val_macro_f1=0.9690 val_macro_auc=0.9971 (checkpoint_metric=macro_auc)
train epoch 178/200 batch 13/66 (20%) running_loss=0.3639
train epoch 178/200 batch 26/66 (39%) running_loss=0.3697
train epoch 178/200 batch 39/66 (59%) running_loss=0.3630
train epoch 178/200 batch 52/66 (79%) running_loss=0.3667
train epoch 178/200 batch 65/66 (98%) running_loss=0.3646
train epoch 178/200 batch 66/66 (100%) running_loss=0.3641
epoch 178/200 done: train_loss=0.3641 val_loss=0.1787 val_accuracy=0.9734 val_macro_f1=0.9595 val_macro_auc=0.9968 (checkpoint_metric=macro_auc)
train epoch 179/200 batch 13/66 (20%) running_loss=0.3438
train epoch 179/200 batch 26/66 (39%) running_loss=0.3607
train epoch 179/200 batch 39/66 (59%) running_loss=0.3632
train epoch 179/200 batch 52/66 (79%) running_loss=0.3650
train epoch 179/200 batch 65/66 (98%) running_loss=0.3672
train epoch 179/200 batch 66/66 (100%) running_loss=0.3679
epoch 179/200 done: train_loss=0.3679 val_loss=0.1714 val_accuracy=0.9754 val_macro_f1=0.9627 val_macro_auc=0.9974 (checkpoint_metric=macro_auc)
train epoch 180/200 batch 13/66 (20%) running_loss=0.3577
train epoch 180/200 batch 26/66 (39%) running_loss=0.3626
train epoch 180/200 batch 39/66 (59%) running_loss=0.3627
train epoch 180/200 batch 52/66 (79%) running_loss=0.3616
train epoch 180/200 batch 65/66 (98%) running_loss=0.3626
train epoch 180/200 batch 66/66 (100%) running_loss=0.3626
epoch 180/200 done: train_loss=0.3626 val_loss=0.1752 val_accuracy=0.9775 val_macro_f1=0.9660 val_macro_auc=0.9976 (checkpoint_metric=macro_auc)
train epoch 181/200 batch 13/66 (20%) running_loss=0.3602
train epoch 181/200 batch 26/66 (39%) running_loss=0.3661
train epoch 181/200 batch 39/66 (59%) running_loss=0.3608
train epoch 181/200 batch 52/66 (79%) running_loss=0.3588
train epoch 181/200 batch 65/66 (98%) running_loss=0.3601
train epoch 181/200 batch 66/66 (100%) running_loss=0.3606
epoch 181/200 done: train_loss=0.3606 val_loss=0.1767 val_accuracy=0.9775 val_macro_f1=0.9660 val_macro_auc=0.9977 (checkpoint_metric=macro_auc)
train epoch 182/200 batch 13/66 (20%) running_loss=0.3716
train epoch 182/200 batch 26/66 (39%) running_loss=0.3579
train epoch 182/200 batch 39/66 (59%) running_loss=0.3609
train epoch 182/200 batch 52/66 (79%) running_loss=0.3569
train epoch 182/200 batch 65/66 (98%) running_loss=0.3561
train epoch 182/200 batch 66/66 (100%) running_loss=0.3567
epoch 182/200 done: train_loss=0.3567 val_loss=0.1713 val_accuracy=0.9754 val_macro_f1=0.9627 val_macro_auc=0.9978 (checkpoint_metric=macro_auc)
train epoch 183/200 batch 13/66 (20%) running_loss=0.3383
train epoch 183/200 batch 26/66 (39%) running_loss=0.3535
train epoch 183/200 batch 39/66 (59%) running_loss=0.3624
train epoch 183/200 batch 52/66 (79%) running_loss=0.3604
train epoch 183/200 batch 65/66 (98%) running_loss=0.3576
train epoch 183/200 batch 66/66 (100%) running_loss=0.3572
epoch 183/200 done: train_loss=0.3572 val_loss=0.1747 val_accuracy=0.9775 val_macro_f1=0.9675 val_macro_auc=0.9977 (checkpoint_metric=macro_auc)
train epoch 184/200 batch 13/66 (20%) running_loss=0.3495
train epoch 184/200 batch 26/66 (39%) running_loss=0.3462
train epoch 184/200 batch 39/66 (59%) running_loss=0.3514
train epoch 184/200 batch 52/66 (79%) running_loss=0.3529
train epoch 184/200 batch 65/66 (98%) running_loss=0.3567
train epoch 184/200 batch 66/66 (100%) running_loss=0.3569
epoch 184/200 done: train_loss=0.3569 val_loss=0.1729 val_accuracy=0.9775 val_macro_f1=0.9660 val_macro_auc=0.9978 (checkpoint_metric=macro_auc)
train epoch 185/200 batch 13/66 (20%) running_loss=0.3312
train epoch 185/200 batch 26/66 (39%) running_loss=0.3439
train epoch 185/200 batch 39/66 (59%) running_loss=0.3541
train epoch 185/200 batch 52/66 (79%) running_loss=0.3558
train epoch 185/200 batch 65/66 (98%) running_loss=0.3542
train epoch 185/200 batch 66/66 (100%) running_loss=0.3538
epoch 185/200 done: train_loss=0.3538 val_loss=0.1731 val_accuracy=0.9754 val_macro_f1=0.9628 val_macro_auc=0.9977 (checkpoint_metric=macro_auc)
train epoch 186/200 batch 13/66 (20%) running_loss=0.3752
train epoch 186/200 batch 26/66 (39%) running_loss=0.3725
train epoch 186/200 batch 39/66 (59%) running_loss=0.3711
train epoch 186/200 batch 52/66 (79%) running_loss=0.3671
train epoch 186/200 batch 65/66 (98%) running_loss=0.3672
train epoch 186/200 batch 66/66 (100%) running_loss=0.3666
epoch 186/200 done: train_loss=0.3666 val_loss=0.1716 val_accuracy=0.9795 val_macro_f1=0.9704 val_macro_auc=0.9979 (checkpoint_metric=macro_auc)
train epoch 187/200 batch 13/66 (20%) running_loss=0.3760
train epoch 187/200 batch 26/66 (39%) running_loss=0.3698
train epoch 187/200 batch 39/66 (59%) running_loss=0.3659
train epoch 187/200 batch 52/66 (79%) running_loss=0.3747
train epoch 187/200 batch 65/66 (98%) running_loss=0.3699
train epoch 187/200 batch 66/66 (100%) running_loss=0.3699
epoch 187/200 done: train_loss=0.3699 val_loss=0.1725 val_accuracy=0.9775 val_macro_f1=0.9660 val_macro_auc=0.9979 (checkpoint_metric=macro_auc)
train epoch 188/200 batch 13/66 (20%) running_loss=0.3649
train epoch 188/200 batch 26/66 (39%) running_loss=0.3755
train epoch 188/200 batch 39/66 (59%) running_loss=0.3710
train epoch 188/200 batch 52/66 (79%) running_loss=0.3674
train epoch 188/200 batch 65/66 (98%) running_loss=0.3667
train epoch 188/200 batch 66/66 (100%) running_loss=0.3669
epoch 188/200 done: train_loss=0.3669 val_loss=0.1738 val_accuracy=0.9754 val_macro_f1=0.9644 val_macro_auc=0.9978 (checkpoint_metric=macro_auc)
train epoch 189/200 batch 13/66 (20%) running_loss=0.3508
train epoch 189/200 batch 26/66 (39%) running_loss=0.3492
train epoch 189/200 batch 39/66 (59%) running_loss=0.3489
train epoch 189/200 batch 52/66 (79%) running_loss=0.3573
train epoch 189/200 batch 65/66 (98%) running_loss=0.3552
train epoch 189/200 batch 66/66 (100%) running_loss=0.3555
epoch 189/200 done: train_loss=0.3555 val_loss=0.1784 val_accuracy=0.9754 val_macro_f1=0.9644 val_macro_auc=0.9976 (checkpoint_metric=macro_auc)
train epoch 190/200 batch 13/66 (20%) running_loss=0.3636
train epoch 190/200 batch 26/66 (39%) running_loss=0.3651
train epoch 190/200 batch 39/66 (59%) running_loss=0.3644
train epoch 190/200 batch 52/66 (79%) running_loss=0.3651
train epoch 190/200 batch 65/66 (98%) running_loss=0.3622
train epoch 190/200 batch 66/66 (100%) running_loss=0.3630
epoch 190/200 done: train_loss=0.3630 val_loss=0.1775 val_accuracy=0.9693 val_macro_f1=0.9547 val_macro_auc=0.9976 (checkpoint_metric=macro_auc)
train epoch 191/200 batch 13/66 (20%) running_loss=0.3373
train epoch 191/200 batch 26/66 (39%) running_loss=0.3544
train epoch 191/200 batch 39/66 (59%) running_loss=0.3495
train epoch 191/200 batch 52/66 (79%) running_loss=0.3518
train epoch 191/200 batch 65/66 (98%) running_loss=0.3537
train epoch 191/200 batch 66/66 (100%) running_loss=0.3535
epoch 191/200 done: train_loss=0.3535 val_loss=0.1851 val_accuracy=0.9754 val_macro_f1=0.9644 val_macro_auc=0.9978 (checkpoint_metric=macro_auc)
train epoch 192/200 batch 13/66 (20%) running_loss=0.3759
train epoch 192/200 batch 26/66 (39%) running_loss=0.3667
train epoch 192/200 batch 39/66 (59%) running_loss=0.3663
train epoch 192/200 batch 52/66 (79%) running_loss=0.3621
train epoch 192/200 batch 65/66 (98%) running_loss=0.3636
train epoch 192/200 batch 66/66 (100%) running_loss=0.3639
epoch 192/200 done: train_loss=0.3639 val_loss=0.1787 val_accuracy=0.9754 val_macro_f1=0.9629 val_macro_auc=0.9977 (checkpoint_metric=macro_auc)
train epoch 193/200 batch 13/66 (20%) running_loss=0.3612
train epoch 193/200 batch 26/66 (39%) running_loss=0.3639
train epoch 193/200 batch 39/66 (59%) running_loss=0.3607
train epoch 193/200 batch 52/66 (79%) running_loss=0.3564
train epoch 193/200 batch 65/66 (98%) running_loss=0.3576
train epoch 193/200 batch 66/66 (100%) running_loss=0.3583
epoch 193/200 done: train_loss=0.3583 val_loss=0.1807 val_accuracy=0.9775 val_macro_f1=0.9675 val_macro_auc=0.9977 (checkpoint_metric=macro_auc)
train epoch 194/200 batch 13/66 (20%) running_loss=0.3707
train epoch 194/200 batch 26/66 (39%) running_loss=0.3670
train epoch 194/200 batch 39/66 (59%) running_loss=0.3610
train epoch 194/200 batch 52/66 (79%) running_loss=0.3593
train epoch 194/200 batch 65/66 (98%) running_loss=0.3588
train epoch 194/200 batch 66/66 (100%) running_loss=0.3586
epoch 194/200 done: train_loss=0.3586 val_loss=0.1736 val_accuracy=0.9754 val_macro_f1=0.9644 val_macro_auc=0.9977 (checkpoint_metric=macro_auc)
train epoch 195/200 batch 13/66 (20%) running_loss=0.3866
train epoch 195/200 batch 26/66 (39%) running_loss=0.3640
train epoch 195/200 batch 39/66 (59%) running_loss=0.3557
train epoch 195/200 batch 52/66 (79%) running_loss=0.3562
train epoch 195/200 batch 65/66 (98%) running_loss=0.3559
train epoch 195/200 batch 66/66 (100%) running_loss=0.3567
epoch 195/200 done: train_loss=0.3567 val_loss=0.1786 val_accuracy=0.9754 val_macro_f1=0.9644 val_macro_auc=0.9977 (checkpoint_metric=macro_auc)
train epoch 196/200 batch 13/66 (20%) running_loss=0.3575
train epoch 196/200 batch 26/66 (39%) running_loss=0.3552
train epoch 196/200 batch 39/66 (59%) running_loss=0.3544
train epoch 196/200 batch 52/66 (79%) running_loss=0.3577
train epoch 196/200 batch 65/66 (98%) running_loss=0.3619
train epoch 196/200 batch 66/66 (100%) running_loss=0.3616
epoch 196/200 done: train_loss=0.3616 val_loss=0.1700 val_accuracy=0.9713 val_macro_f1=0.9579 val_macro_auc=0.9977 (checkpoint_metric=macro_auc)
train epoch 197/200 batch 13/66 (20%) running_loss=0.3632
train epoch 197/200 batch 26/66 (39%) running_loss=0.3554
train epoch 197/200 batch 39/66 (59%) running_loss=0.3548
train epoch 197/200 batch 52/66 (79%) running_loss=0.3546
train epoch 197/200 batch 65/66 (98%) running_loss=0.3557
train epoch 197/200 batch 66/66 (100%) running_loss=0.3553
epoch 197/200 done: train_loss=0.3553 val_loss=0.1770 val_accuracy=0.9754 val_macro_f1=0.9644 val_macro_auc=0.9977 (checkpoint_metric=macro_auc)
train epoch 198/200 batch 13/66 (20%) running_loss=0.3549
train epoch 198/200 batch 26/66 (39%) running_loss=0.3593
train epoch 198/200 batch 39/66 (59%) running_loss=0.3534
train epoch 198/200 batch 52/66 (79%) running_loss=0.3550
train epoch 198/200 batch 65/66 (98%) running_loss=0.3550
train epoch 198/200 batch 66/66 (100%) running_loss=0.3548
epoch 198/200 done: train_loss=0.3548 val_loss=0.1754 val_accuracy=0.9795 val_macro_f1=0.9707 val_macro_auc=0.9977 (checkpoint_metric=macro_auc)
train epoch 199/200 batch 13/66 (20%) running_loss=0.3519
train epoch 199/200 batch 26/66 (39%) running_loss=0.3543
train epoch 199/200 batch 39/66 (59%) running_loss=0.3515
train epoch 199/200 batch 52/66 (79%) running_loss=0.3467
train epoch 199/200 batch 65/66 (98%) running_loss=0.3471
train epoch 199/200 batch 66/66 (100%) running_loss=0.3470
epoch 199/200 done: train_loss=0.3470 val_loss=0.1729 val_accuracy=0.9754 val_macro_f1=0.9644 val_macro_auc=0.9978 (checkpoint_metric=macro_auc)
train epoch 200/200 batch 13/66 (20%) running_loss=0.3546
train epoch 200/200 batch 26/66 (39%) running_loss=0.3486
train epoch 200/200 batch 39/66 (59%) running_loss=0.3571
train epoch 200/200 batch 52/66 (79%) running_loss=0.3577
train epoch 200/200 batch 65/66 (98%) running_loss=0.3597
train epoch 200/200 batch 66/66 (100%) running_loss=0.3592
epoch 200/200 done: train_loss=0.3592 val_loss=0.1677 val_accuracy=0.9693 val_macro_f1=0.9547 val_macro_auc=0.9976 (checkpoint_metric=macro_auc)
Training finished. Best epoch=141, smoothed macro_auc=0.9983 (window=3)
Test set evaluated once: accuracy=0.8819 macro_f1=0.8710 macro_auc=0.9769
Best epoch: 141
Test accuracy: 0.8819
Test macro F1: 0.8710
Test macro AUC: 0.9769
