Starting final training on device=cuda, amp=True, physical_batch_size=32, accumulation_steps=1, effective_batch_size=32
Augmentation policy: sample-adaptive, from outputs/main1/augmentation_run/selected_policy.json
Classes: {'glioma_tumor': 0, 'meningioma_tumor': 1, 'pituitary_tumor': 2}
Regularization: weight_decay=7.0e-04 classifier_dropout=0.30 label_smoothing=0.10 drop_path=0.20
Magnitude bounds from configs/bounds_wide.json: {'rotation': [0.0, 45.0], 'affine_translation': [0.0, 0.16], 'random_resized_crop': [0.0, 0.35]}
train epoch 1/200 batch 13/66 (20%) running_loss=1.1347
train epoch 1/200 batch 26/66 (39%) running_loss=1.1472
train epoch 1/200 batch 39/66 (59%) running_loss=1.1525
train epoch 1/200 batch 52/66 (79%) running_loss=1.1596
train epoch 1/200 batch 65/66 (98%) running_loss=1.1693
train epoch 1/200 batch 66/66 (100%) running_loss=1.1719
epoch 1/200 done: train_loss=1.1719 val_loss=1.0913 val_accuracy=0.5061 val_macro_f1=0.2240 val_macro_auc=0.7017 (checkpoint_metric=macro_auc) [new best]
train epoch 2/200 batch 13/66 (20%) running_loss=1.1481
train epoch 2/200 batch 26/66 (39%) running_loss=1.1720
train epoch 2/200 batch 39/66 (59%) running_loss=1.1586
train epoch 2/200 batch 52/66 (79%) running_loss=1.1437
train epoch 2/200 batch 65/66 (98%) running_loss=1.1347
train epoch 2/200 batch 66/66 (100%) running_loss=1.1325
epoch 2/200 done: train_loss=1.1325 val_loss=1.0340 val_accuracy=0.5061 val_macro_f1=0.2240 val_macro_auc=0.5967 (checkpoint_metric=macro_auc)
train epoch 3/200 batch 13/66 (20%) running_loss=1.0625
train epoch 3/200 batch 26/66 (39%) running_loss=1.0624
train epoch 3/200 batch 39/66 (59%) running_loss=1.0558
train epoch 3/200 batch 52/66 (79%) running_loss=1.0526
train epoch 3/200 batch 65/66 (98%) running_loss=1.0444
train epoch 3/200 batch 66/66 (100%) running_loss=1.0449
epoch 3/200 done: train_loss=1.0449 val_loss=1.1767 val_accuracy=0.5061 val_macro_f1=0.2240 val_macro_auc=0.6625 (checkpoint_metric=macro_auc)
train epoch 4/200 batch 13/66 (20%) running_loss=1.0477
train epoch 4/200 batch 26/66 (39%) running_loss=1.0215
train epoch 4/200 batch 39/66 (59%) running_loss=1.0141
train epoch 4/200 batch 52/66 (79%) running_loss=0.9977
train epoch 4/200 batch 65/66 (98%) running_loss=1.0014
train epoch 4/200 batch 66/66 (100%) running_loss=1.0020
epoch 4/200 done: train_loss=1.0020 val_loss=1.0304 val_accuracy=0.5307 val_macro_f1=0.2717 val_macro_auc=0.7317 (checkpoint_metric=macro_auc)
train epoch 5/200 batch 13/66 (20%) running_loss=0.9367
train epoch 5/200 batch 26/66 (39%) running_loss=0.9650
train epoch 5/200 batch 39/66 (59%) running_loss=0.9715
train epoch 5/200 batch 52/66 (79%) running_loss=0.9682
train epoch 5/200 batch 65/66 (98%) running_loss=0.9601
train epoch 5/200 batch 66/66 (100%) running_loss=0.9612
epoch 5/200 done: train_loss=0.9612 val_loss=1.0859 val_accuracy=0.5512 val_macro_f1=0.3073 val_macro_auc=0.7092 (checkpoint_metric=macro_auc)
train epoch 6/200 batch 13/66 (20%) running_loss=0.9921
train epoch 6/200 batch 26/66 (39%) running_loss=0.9735
train epoch 6/200 batch 39/66 (59%) running_loss=0.9583
train epoch 6/200 batch 52/66 (79%) running_loss=0.9460
train epoch 6/200 batch 65/66 (98%) running_loss=0.9461
train epoch 6/200 batch 66/66 (100%) running_loss=0.9453
epoch 6/200 done: train_loss=0.9453 val_loss=1.0162 val_accuracy=0.5820 val_macro_f1=0.3568 val_macro_auc=0.7982 (checkpoint_metric=macro_auc) [new best]
train epoch 7/200 batch 13/66 (20%) running_loss=0.9803
train epoch 7/200 batch 26/66 (39%) running_loss=0.9596
train epoch 7/200 batch 39/66 (59%) running_loss=0.9448
train epoch 7/200 batch 52/66 (79%) running_loss=0.9343
train epoch 7/200 batch 65/66 (98%) running_loss=0.9380
train epoch 7/200 batch 66/66 (100%) running_loss=0.9388
epoch 7/200 done: train_loss=0.9388 val_loss=0.9175 val_accuracy=0.6373 val_macro_f1=0.4277 val_macro_auc=0.8106 (checkpoint_metric=macro_auc) [new best]
train epoch 8/200 batch 13/66 (20%) running_loss=0.9060
train epoch 8/200 batch 26/66 (39%) running_loss=0.9331
train epoch 8/200 batch 39/66 (59%) running_loss=0.9277
train epoch 8/200 batch 52/66 (79%) running_loss=0.9131
train epoch 8/200 batch 65/66 (98%) running_loss=0.9014
train epoch 8/200 batch 66/66 (100%) running_loss=0.9011
epoch 8/200 done: train_loss=0.9011 val_loss=0.9235 val_accuracy=0.6066 val_macro_f1=0.3892 val_macro_auc=0.8276 (checkpoint_metric=macro_auc) [new best]
train epoch 9/200 batch 13/66 (20%) running_loss=0.8897
train epoch 9/200 batch 26/66 (39%) running_loss=0.8942
train epoch 9/200 batch 39/66 (59%) running_loss=0.8811
train epoch 9/200 batch 52/66 (79%) running_loss=0.8859
train epoch 9/200 batch 65/66 (98%) running_loss=0.8918
train epoch 9/200 batch 66/66 (100%) running_loss=0.8904
epoch 9/200 done: train_loss=0.8904 val_loss=0.7099 val_accuracy=0.7439 val_macro_f1=0.5370 val_macro_auc=0.7788 (checkpoint_metric=macro_auc)
train epoch 10/200 batch 13/66 (20%) running_loss=0.8882
train epoch 10/200 batch 26/66 (39%) running_loss=0.8479
train epoch 10/200 batch 39/66 (59%) running_loss=0.8599
train epoch 10/200 batch 52/66 (79%) running_loss=0.8579
train epoch 10/200 batch 65/66 (98%) running_loss=0.8642
train epoch 10/200 batch 66/66 (100%) running_loss=0.8625
epoch 10/200 done: train_loss=0.8625 val_loss=0.6710 val_accuracy=0.7500 val_macro_f1=0.5408 val_macro_auc=0.8126 (checkpoint_metric=macro_auc)
train epoch 11/200 batch 13/66 (20%) running_loss=0.8933
train epoch 11/200 batch 26/66 (39%) running_loss=0.8910
train epoch 11/200 batch 39/66 (59%) running_loss=0.8812
train epoch 11/200 batch 52/66 (79%) running_loss=0.8779
train epoch 11/200 batch 65/66 (98%) running_loss=0.8672
train epoch 11/200 batch 66/66 (100%) running_loss=0.8680
epoch 11/200 done: train_loss=0.8680 val_loss=0.6973 val_accuracy=0.7439 val_macro_f1=0.5358 val_macro_auc=0.8392 (checkpoint_metric=macro_auc)
train epoch 12/200 batch 13/66 (20%) running_loss=0.8502
train epoch 12/200 batch 26/66 (39%) running_loss=0.8454
train epoch 12/200 batch 39/66 (59%) running_loss=0.8516
train epoch 12/200 batch 52/66 (79%) running_loss=0.8441
train epoch 12/200 batch 65/66 (98%) running_loss=0.8416
train epoch 12/200 batch 66/66 (100%) running_loss=0.8424
epoch 12/200 done: train_loss=0.8424 val_loss=0.7534 val_accuracy=0.7070 val_macro_f1=0.5023 val_macro_auc=0.8119 (checkpoint_metric=macro_auc) [new best]
train epoch 13/200 batch 13/66 (20%) running_loss=0.8676
train epoch 13/200 batch 26/66 (39%) running_loss=0.8706
train epoch 13/200 batch 39/66 (59%) running_loss=0.8555
train epoch 13/200 batch 52/66 (79%) running_loss=0.8371
train epoch 13/200 batch 65/66 (98%) running_loss=0.8370
train epoch 13/200 batch 66/66 (100%) running_loss=0.8364
epoch 13/200 done: train_loss=0.8364 val_loss=0.6561 val_accuracy=0.7766 val_macro_f1=0.5799 val_macro_auc=0.8363 (checkpoint_metric=macro_auc) [new best]
train epoch 14/200 batch 13/66 (20%) running_loss=0.8360
train epoch 14/200 batch 26/66 (39%) running_loss=0.8295
train epoch 14/200 batch 39/66 (59%) running_loss=0.8285
train epoch 14/200 batch 52/66 (79%) running_loss=0.8244
train epoch 14/200 batch 65/66 (98%) running_loss=0.8252
train epoch 14/200 batch 66/66 (100%) running_loss=0.8262
epoch 14/200 done: train_loss=0.8262 val_loss=0.6843 val_accuracy=0.7766 val_macro_f1=0.5632 val_macro_auc=0.8430 (checkpoint_metric=macro_auc) [new best]
train epoch 15/200 batch 13/66 (20%) running_loss=0.8158
train epoch 15/200 batch 26/66 (39%) running_loss=0.7951
train epoch 15/200 batch 39/66 (59%) running_loss=0.8061
train epoch 15/200 batch 52/66 (79%) running_loss=0.8103
train epoch 15/200 batch 65/66 (98%) running_loss=0.8071
train epoch 15/200 batch 66/66 (100%) running_loss=0.8075
epoch 15/200 done: train_loss=0.8075 val_loss=0.7442 val_accuracy=0.7377 val_macro_f1=0.5309 val_macro_auc=0.8617 (checkpoint_metric=macro_auc) [new best]
train epoch 16/200 batch 13/66 (20%) running_loss=0.8029
train epoch 16/200 batch 26/66 (39%) running_loss=0.8069
train epoch 16/200 batch 39/66 (59%) running_loss=0.7899
train epoch 16/200 batch 52/66 (79%) running_loss=0.8001
train epoch 16/200 batch 65/66 (98%) running_loss=0.8020
train epoch 16/200 batch 66/66 (100%) running_loss=0.8017
epoch 16/200 done: train_loss=0.8017 val_loss=0.7769 val_accuracy=0.6332 val_macro_f1=0.4545 val_macro_auc=0.8542 (checkpoint_metric=macro_auc) [new best]
train epoch 17/200 batch 13/66 (20%) running_loss=0.7715
train epoch 17/200 batch 26/66 (39%) running_loss=0.7895
train epoch 17/200 batch 39/66 (59%) running_loss=0.8089
train epoch 17/200 batch 52/66 (79%) running_loss=0.8091
train epoch 17/200 batch 65/66 (98%) running_loss=0.8081
train epoch 17/200 batch 66/66 (100%) running_loss=0.8101
epoch 17/200 done: train_loss=0.8101 val_loss=0.6314 val_accuracy=0.7848 val_macro_f1=0.6066 val_macro_auc=0.8660 (checkpoint_metric=macro_auc) [new best]
train epoch 18/200 batch 13/66 (20%) running_loss=0.7976
train epoch 18/200 batch 26/66 (39%) running_loss=0.7931
train epoch 18/200 batch 39/66 (59%) running_loss=0.7983
train epoch 18/200 batch 52/66 (79%) running_loss=0.7974
train epoch 18/200 batch 65/66 (98%) running_loss=0.7922
train epoch 18/200 batch 66/66 (100%) running_loss=0.7922
epoch 18/200 done: train_loss=0.7922 val_loss=0.5889 val_accuracy=0.7992 val_macro_f1=0.6052 val_macro_auc=0.8982 (checkpoint_metric=macro_auc) [new best]
train epoch 19/200 batch 13/66 (20%) running_loss=0.7835
train epoch 19/200 batch 26/66 (39%) running_loss=0.7887
train epoch 19/200 batch 39/66 (59%) running_loss=0.7772
train epoch 19/200 batch 52/66 (79%) running_loss=0.7722
train epoch 19/200 batch 65/66 (98%) running_loss=0.7711
train epoch 19/200 batch 66/66 (100%) running_loss=0.7709
epoch 19/200 done: train_loss=0.7709 val_loss=0.5905 val_accuracy=0.8033 val_macro_f1=0.5859 val_macro_auc=0.8966 (checkpoint_metric=macro_auc) [new best]
train epoch 20/200 batch 13/66 (20%) running_loss=0.7913
train epoch 20/200 batch 26/66 (39%) running_loss=0.7927
train epoch 20/200 batch 39/66 (59%) running_loss=0.7881
train epoch 20/200 batch 52/66 (79%) running_loss=0.7841
train epoch 20/200 batch 65/66 (98%) running_loss=0.7831
train epoch 20/200 batch 66/66 (100%) running_loss=0.7850
epoch 20/200 done: train_loss=0.7850 val_loss=0.5790 val_accuracy=0.8115 val_macro_f1=0.5904 val_macro_auc=0.8945 (checkpoint_metric=macro_auc) [new best]
train epoch 21/200 batch 13/66 (20%) running_loss=0.7595
train epoch 21/200 batch 26/66 (39%) running_loss=0.7612
train epoch 21/200 batch 39/66 (59%) running_loss=0.7616
train epoch 21/200 batch 52/66 (79%) running_loss=0.7633
train epoch 21/200 batch 65/66 (98%) running_loss=0.7677
train epoch 21/200 batch 66/66 (100%) running_loss=0.7687
epoch 21/200 done: train_loss=0.7687 val_loss=0.6320 val_accuracy=0.7623 val_macro_f1=0.5533 val_macro_auc=0.8880 (checkpoint_metric=macro_auc)
train epoch 22/200 batch 13/66 (20%) running_loss=0.7674
train epoch 22/200 batch 26/66 (39%) running_loss=0.7600
train epoch 22/200 batch 39/66 (59%) running_loss=0.7717
train epoch 22/200 batch 52/66 (79%) running_loss=0.7645
train epoch 22/200 batch 65/66 (98%) running_loss=0.7626
train epoch 22/200 batch 66/66 (100%) running_loss=0.7629
epoch 22/200 done: train_loss=0.7629 val_loss=1.2127 val_accuracy=0.5758 val_macro_f1=0.3865 val_macro_auc=0.7883 (checkpoint_metric=macro_auc)
train epoch 23/200 batch 13/66 (20%) running_loss=0.7565
train epoch 23/200 batch 26/66 (39%) running_loss=0.7899
train epoch 23/200 batch 39/66 (59%) running_loss=0.7891
train epoch 23/200 batch 52/66 (79%) running_loss=0.7751
train epoch 23/200 batch 65/66 (98%) running_loss=0.7609
train epoch 23/200 batch 66/66 (100%) running_loss=0.7613
epoch 23/200 done: train_loss=0.7613 val_loss=0.5794 val_accuracy=0.7992 val_macro_f1=0.7116 val_macro_auc=0.9132 (checkpoint_metric=macro_auc)
train epoch 24/200 batch 13/66 (20%) running_loss=0.7468
train epoch 24/200 batch 26/66 (39%) running_loss=0.7496
train epoch 24/200 batch 39/66 (59%) running_loss=0.7460
train epoch 24/200 batch 52/66 (79%) running_loss=0.7410
train epoch 24/200 batch 65/66 (98%) running_loss=0.7453
train epoch 24/200 batch 66/66 (100%) running_loss=0.7436
epoch 24/200 done: train_loss=0.7436 val_loss=0.5702 val_accuracy=0.8258 val_macro_f1=0.7044 val_macro_auc=0.9207 (checkpoint_metric=macro_auc)
train epoch 25/200 batch 13/66 (20%) running_loss=0.6970
train epoch 25/200 batch 26/66 (39%) running_loss=0.7058
train epoch 25/200 batch 39/66 (59%) running_loss=0.7191
train epoch 25/200 batch 52/66 (79%) running_loss=0.7253
train epoch 25/200 batch 65/66 (98%) running_loss=0.7254
train epoch 25/200 batch 66/66 (100%) running_loss=0.7250
epoch 25/200 done: train_loss=0.7250 val_loss=0.5909 val_accuracy=0.7930 val_macro_f1=0.6930 val_macro_auc=0.8789 (checkpoint_metric=macro_auc) [new best]
train epoch 26/200 batch 13/66 (20%) running_loss=0.7353
train epoch 26/200 batch 26/66 (39%) running_loss=0.7400
train epoch 26/200 batch 39/66 (59%) running_loss=0.7216
train epoch 26/200 batch 52/66 (79%) running_loss=0.7225
train epoch 26/200 batch 65/66 (98%) running_loss=0.7228
train epoch 26/200 batch 66/66 (100%) running_loss=0.7242
epoch 26/200 done: train_loss=0.7242 val_loss=0.8132 val_accuracy=0.6906 val_macro_f1=0.5158 val_macro_auc=0.8301 (checkpoint_metric=macro_auc)
train epoch 27/200 batch 13/66 (20%) running_loss=0.7576
train epoch 27/200 batch 26/66 (39%) running_loss=0.7623
train epoch 27/200 batch 39/66 (59%) running_loss=0.7415
train epoch 27/200 batch 52/66 (79%) running_loss=0.7394
train epoch 27/200 batch 65/66 (98%) running_loss=0.7381
train epoch 27/200 batch 66/66 (100%) running_loss=0.7384
epoch 27/200 done: train_loss=0.7384 val_loss=0.5434 val_accuracy=0.8094 val_macro_f1=0.6798 val_macro_auc=0.9291 (checkpoint_metric=macro_auc)
train epoch 28/200 batch 13/66 (20%) running_loss=0.6785
train epoch 28/200 batch 26/66 (39%) running_loss=0.7015
train epoch 28/200 batch 39/66 (59%) running_loss=0.7178
train epoch 28/200 batch 52/66 (79%) running_loss=0.7260
train epoch 28/200 batch 65/66 (98%) running_loss=0.7264
train epoch 28/200 batch 66/66 (100%) running_loss=0.7263
epoch 28/200 done: train_loss=0.7263 val_loss=0.5893 val_accuracy=0.7848 val_macro_f1=0.6385 val_macro_auc=0.9375 (checkpoint_metric=macro_auc)
train epoch 29/200 batch 13/66 (20%) running_loss=0.7282
train epoch 29/200 batch 26/66 (39%) running_loss=0.7227
train epoch 29/200 batch 39/66 (59%) running_loss=0.7155
train epoch 29/200 batch 52/66 (79%) running_loss=0.7118
train epoch 29/200 batch 65/66 (98%) running_loss=0.7120
train epoch 29/200 batch 66/66 (100%) running_loss=0.7113
epoch 29/200 done: train_loss=0.7113 val_loss=0.4792 val_accuracy=0.8443 val_macro_f1=0.7033 val_macro_auc=0.9022 (checkpoint_metric=macro_auc) [new best]
train epoch 30/200 batch 13/66 (20%) running_loss=0.7224
train epoch 30/200 batch 26/66 (39%) running_loss=0.7107
train epoch 30/200 batch 39/66 (59%) running_loss=0.7116
train epoch 30/200 batch 52/66 (79%) running_loss=0.7051
train epoch 30/200 batch 65/66 (98%) running_loss=0.7041
train epoch 30/200 batch 66/66 (100%) running_loss=0.7041
epoch 30/200 done: train_loss=0.7041 val_loss=0.6305 val_accuracy=0.7643 val_macro_f1=0.6857 val_macro_auc=0.9377 (checkpoint_metric=macro_auc) [new best]
train epoch 31/200 batch 13/66 (20%) running_loss=0.6852
train epoch 31/200 batch 26/66 (39%) running_loss=0.6855
train epoch 31/200 batch 39/66 (59%) running_loss=0.6974
train epoch 31/200 batch 52/66 (79%) running_loss=0.6998
train epoch 31/200 batch 65/66 (98%) running_loss=0.6956
train epoch 31/200 batch 66/66 (100%) running_loss=0.6953
epoch 31/200 done: train_loss=0.6953 val_loss=0.4978 val_accuracy=0.8525 val_macro_f1=0.7889 val_macro_auc=0.9523 (checkpoint_metric=macro_auc) [new best]
train epoch 32/200 batch 13/66 (20%) running_loss=0.6596
train epoch 32/200 batch 26/66 (39%) running_loss=0.6663
train epoch 32/200 batch 39/66 (59%) running_loss=0.6798
train epoch 32/200 batch 52/66 (79%) running_loss=0.6831
train epoch 32/200 batch 65/66 (98%) running_loss=0.6834
train epoch 32/200 batch 66/66 (100%) running_loss=0.6834
epoch 32/200 done: train_loss=0.6834 val_loss=0.5180 val_accuracy=0.8361 val_macro_f1=0.7935 val_macro_auc=0.9461 (checkpoint_metric=macro_auc) [new best]
train epoch 33/200 batch 13/66 (20%) running_loss=0.6897
train epoch 33/200 batch 26/66 (39%) running_loss=0.6821
train epoch 33/200 batch 39/66 (59%) running_loss=0.6834
train epoch 33/200 batch 52/66 (79%) running_loss=0.6767
train epoch 33/200 batch 65/66 (98%) running_loss=0.6710
train epoch 33/200 batch 66/66 (100%) running_loss=0.6734
epoch 33/200 done: train_loss=0.6734 val_loss=0.4504 val_accuracy=0.8627 val_macro_f1=0.7834 val_macro_auc=0.9494 (checkpoint_metric=macro_auc) [new best]
train epoch 34/200 batch 13/66 (20%) running_loss=0.7110
train epoch 34/200 batch 26/66 (39%) running_loss=0.6774
train epoch 34/200 batch 39/66 (59%) running_loss=0.6757
train epoch 34/200 batch 52/66 (79%) running_loss=0.6780
train epoch 34/200 batch 65/66 (98%) running_loss=0.6748
train epoch 34/200 batch 66/66 (100%) running_loss=0.6737
epoch 34/200 done: train_loss=0.6737 val_loss=0.4537 val_accuracy=0.8279 val_macro_f1=0.7085 val_macro_auc=0.9391 (checkpoint_metric=macro_auc)
train epoch 35/200 batch 13/66 (20%) running_loss=0.6956
train epoch 35/200 batch 26/66 (39%) running_loss=0.6641
train epoch 35/200 batch 39/66 (59%) running_loss=0.6612
train epoch 35/200 batch 52/66 (79%) running_loss=0.6678
train epoch 35/200 batch 65/66 (98%) running_loss=0.6740
train epoch 35/200 batch 66/66 (100%) running_loss=0.6765
epoch 35/200 done: train_loss=0.6765 val_loss=0.4581 val_accuracy=0.8279 val_macro_f1=0.6982 val_macro_auc=0.9389 (checkpoint_metric=macro_auc)
train epoch 36/200 batch 13/66 (20%) running_loss=0.6658
train epoch 36/200 batch 26/66 (39%) running_loss=0.6567
train epoch 36/200 batch 39/66 (59%) running_loss=0.6686
train epoch 36/200 batch 52/66 (79%) running_loss=0.6735
train epoch 36/200 batch 65/66 (98%) running_loss=0.6661
train epoch 36/200 batch 66/66 (100%) running_loss=0.6670
epoch 36/200 done: train_loss=0.6670 val_loss=0.3998 val_accuracy=0.8566 val_macro_f1=0.7326 val_macro_auc=0.9507 (checkpoint_metric=macro_auc)
train epoch 37/200 batch 13/66 (20%) running_loss=0.6382
train epoch 37/200 batch 26/66 (39%) running_loss=0.6498
train epoch 37/200 batch 39/66 (59%) running_loss=0.6507
train epoch 37/200 batch 52/66 (79%) running_loss=0.6514
train epoch 37/200 batch 65/66 (98%) running_loss=0.6551
train epoch 37/200 batch 66/66 (100%) running_loss=0.6552
epoch 37/200 done: train_loss=0.6552 val_loss=0.4523 val_accuracy=0.8443 val_macro_f1=0.7559 val_macro_auc=0.9505 (checkpoint_metric=macro_auc)
train epoch 38/200 batch 13/66 (20%) running_loss=0.6737
train epoch 38/200 batch 26/66 (39%) running_loss=0.6576
train epoch 38/200 batch 39/66 (59%) running_loss=0.6562
train epoch 38/200 batch 52/66 (79%) running_loss=0.6487
train epoch 38/200 batch 65/66 (98%) running_loss=0.6478
train epoch 38/200 batch 66/66 (100%) running_loss=0.6496
epoch 38/200 done: train_loss=0.6496 val_loss=0.3660 val_accuracy=0.8668 val_macro_f1=0.7578 val_macro_auc=0.9536 (checkpoint_metric=macro_auc) [new best]
train epoch 39/200 batch 13/66 (20%) running_loss=0.6813
train epoch 39/200 batch 26/66 (39%) running_loss=0.6709
train epoch 39/200 batch 39/66 (59%) running_loss=0.6686
train epoch 39/200 batch 52/66 (79%) running_loss=0.6680
train epoch 39/200 batch 65/66 (98%) running_loss=0.6649
train epoch 39/200 batch 66/66 (100%) running_loss=0.6660
epoch 39/200 done: train_loss=0.6660 val_loss=0.3929 val_accuracy=0.8648 val_macro_f1=0.7349 val_macro_auc=0.9508 (checkpoint_metric=macro_auc) [new best]
train epoch 40/200 batch 13/66 (20%) running_loss=0.6419
train epoch 40/200 batch 26/66 (39%) running_loss=0.6505
train epoch 40/200 batch 39/66 (59%) running_loss=0.6430
train epoch 40/200 batch 52/66 (79%) running_loss=0.6483
train epoch 40/200 batch 65/66 (98%) running_loss=0.6456
train epoch 40/200 batch 66/66 (100%) running_loss=0.6438
epoch 40/200 done: train_loss=0.6438 val_loss=0.4245 val_accuracy=0.8791 val_macro_f1=0.8101 val_macro_auc=0.9546 (checkpoint_metric=macro_auc) [new best]
train epoch 41/200 batch 13/66 (20%) running_loss=0.6272
train epoch 41/200 batch 26/66 (39%) running_loss=0.6211
train epoch 41/200 batch 39/66 (59%) running_loss=0.6266
train epoch 41/200 batch 52/66 (79%) running_loss=0.6175
train epoch 41/200 batch 65/66 (98%) running_loss=0.6183
train epoch 41/200 batch 66/66 (100%) running_loss=0.6183
epoch 41/200 done: train_loss=0.6183 val_loss=0.4238 val_accuracy=0.8504 val_macro_f1=0.7460 val_macro_auc=0.9511 (checkpoint_metric=macro_auc)
train epoch 42/200 batch 13/66 (20%) running_loss=0.6345
train epoch 42/200 batch 26/66 (39%) running_loss=0.6529
train epoch 42/200 batch 39/66 (59%) running_loss=0.6514
train epoch 42/200 batch 52/66 (79%) running_loss=0.6404
train epoch 42/200 batch 65/66 (98%) running_loss=0.6382
train epoch 42/200 batch 66/66 (100%) running_loss=0.6368
epoch 42/200 done: train_loss=0.6368 val_loss=0.4519 val_accuracy=0.8094 val_macro_f1=0.6643 val_macro_auc=0.9551 (checkpoint_metric=macro_auc) [new best]
train epoch 43/200 batch 13/66 (20%) running_loss=0.6162
train epoch 43/200 batch 26/66 (39%) running_loss=0.6079
train epoch 43/200 batch 39/66 (59%) running_loss=0.6093
train epoch 43/200 batch 52/66 (79%) running_loss=0.6073
train epoch 43/200 batch 65/66 (98%) running_loss=0.6171
train epoch 43/200 batch 66/66 (100%) running_loss=0.6166
epoch 43/200 done: train_loss=0.6166 val_loss=0.5511 val_accuracy=0.7582 val_macro_f1=0.6149 val_macro_auc=0.9469 (checkpoint_metric=macro_auc)
train epoch 44/200 batch 13/66 (20%) running_loss=0.6328
train epoch 44/200 batch 26/66 (39%) running_loss=0.6249
train epoch 44/200 batch 39/66 (59%) running_loss=0.6137
train epoch 44/200 batch 52/66 (79%) running_loss=0.6066
train epoch 44/200 batch 65/66 (98%) running_loss=0.6082
train epoch 44/200 batch 66/66 (100%) running_loss=0.6083
epoch 44/200 done: train_loss=0.6083 val_loss=0.3594 val_accuracy=0.8975 val_macro_f1=0.8503 val_macro_auc=0.9772 (checkpoint_metric=macro_auc) [new best]
train epoch 45/200 batch 13/66 (20%) running_loss=0.6722
train epoch 45/200 batch 26/66 (39%) running_loss=0.6428
train epoch 45/200 batch 39/66 (59%) running_loss=0.6490
train epoch 45/200 batch 52/66 (79%) running_loss=0.6492
train epoch 45/200 batch 65/66 (98%) running_loss=0.6422
train epoch 45/200 batch 66/66 (100%) running_loss=0.6425
epoch 45/200 done: train_loss=0.6425 val_loss=0.4921 val_accuracy=0.8217 val_macro_f1=0.6816 val_macro_auc=0.9323 (checkpoint_metric=macro_auc)
train epoch 46/200 batch 13/66 (20%) running_loss=0.6552
train epoch 46/200 batch 26/66 (39%) running_loss=0.6354
train epoch 46/200 batch 39/66 (59%) running_loss=0.6239
train epoch 46/200 batch 52/66 (79%) running_loss=0.6336
train epoch 46/200 batch 65/66 (98%) running_loss=0.6192
train epoch 46/200 batch 66/66 (100%) running_loss=0.6184
epoch 46/200 done: train_loss=0.6184 val_loss=0.3618 val_accuracy=0.8852 val_macro_f1=0.8152 val_macro_auc=0.9623 (checkpoint_metric=macro_auc)
train epoch 47/200 batch 13/66 (20%) running_loss=0.5648
train epoch 47/200 batch 26/66 (39%) running_loss=0.5897
train epoch 47/200 batch 39/66 (59%) running_loss=0.5867
train epoch 47/200 batch 52/66 (79%) running_loss=0.5894
train epoch 47/200 batch 65/66 (98%) running_loss=0.5834
train epoch 47/200 batch 66/66 (100%) running_loss=0.5849
epoch 47/200 done: train_loss=0.5849 val_loss=0.3515 val_accuracy=0.8750 val_macro_f1=0.8256 val_macro_auc=0.9728 (checkpoint_metric=macro_auc)
train epoch 48/200 batch 13/66 (20%) running_loss=0.5970
train epoch 48/200 batch 26/66 (39%) running_loss=0.5836
train epoch 48/200 batch 39/66 (59%) running_loss=0.6017
train epoch 48/200 batch 52/66 (79%) running_loss=0.5953
train epoch 48/200 batch 65/66 (98%) running_loss=0.5998
train epoch 48/200 batch 66/66 (100%) running_loss=0.5988
epoch 48/200 done: train_loss=0.5988 val_loss=0.3388 val_accuracy=0.9283 val_macro_f1=0.8918 val_macro_auc=0.9820 (checkpoint_metric=macro_auc) [new best]
train epoch 49/200 batch 13/66 (20%) running_loss=0.5650
train epoch 49/200 batch 26/66 (39%) running_loss=0.5512
train epoch 49/200 batch 39/66 (59%) running_loss=0.5710
train epoch 49/200 batch 52/66 (79%) running_loss=0.5893
train epoch 49/200 batch 65/66 (98%) running_loss=0.5918
train epoch 49/200 batch 66/66 (100%) running_loss=0.5909
epoch 49/200 done: train_loss=0.5909 val_loss=0.4271 val_accuracy=0.8525 val_macro_f1=0.7806 val_macro_auc=0.9692 (checkpoint_metric=macro_auc) [new best]
train epoch 50/200 batch 13/66 (20%) running_loss=0.5778
train epoch 50/200 batch 26/66 (39%) running_loss=0.5778
train epoch 50/200 batch 39/66 (59%) running_loss=0.5889
train epoch 50/200 batch 52/66 (79%) running_loss=0.6001
train epoch 50/200 batch 65/66 (98%) running_loss=0.5985
train epoch 50/200 batch 66/66 (100%) running_loss=0.5979
epoch 50/200 done: train_loss=0.5979 val_loss=0.3691 val_accuracy=0.8648 val_macro_f1=0.7236 val_macro_auc=0.9564 (checkpoint_metric=macro_auc)
train epoch 51/200 batch 13/66 (20%) running_loss=0.6032
train epoch 51/200 batch 26/66 (39%) running_loss=0.6019
train epoch 51/200 batch 39/66 (59%) running_loss=0.5813
train epoch 51/200 batch 52/66 (79%) running_loss=0.5813
train epoch 51/200 batch 65/66 (98%) running_loss=0.5800
train epoch 51/200 batch 66/66 (100%) running_loss=0.5817
epoch 51/200 done: train_loss=0.5817 val_loss=0.3126 val_accuracy=0.9139 val_macro_f1=0.8565 val_macro_auc=0.9749 (checkpoint_metric=macro_auc)
train epoch 52/200 batch 13/66 (20%) running_loss=0.5475
train epoch 52/200 batch 26/66 (39%) running_loss=0.5690
train epoch 52/200 batch 39/66 (59%) running_loss=0.5843
train epoch 52/200 batch 52/66 (79%) running_loss=0.5763
train epoch 52/200 batch 65/66 (98%) running_loss=0.5771
train epoch 52/200 batch 66/66 (100%) running_loss=0.5770
epoch 52/200 done: train_loss=0.5770 val_loss=0.3481 val_accuracy=0.8791 val_macro_f1=0.7652 val_macro_auc=0.9714 (checkpoint_metric=macro_auc)
train epoch 53/200 batch 13/66 (20%) running_loss=0.6386
train epoch 53/200 batch 26/66 (39%) running_loss=0.6175
train epoch 53/200 batch 39/66 (59%) running_loss=0.6029
train epoch 53/200 batch 52/66 (79%) running_loss=0.6007
train epoch 53/200 batch 65/66 (98%) running_loss=0.5927
train epoch 53/200 batch 66/66 (100%) running_loss=0.5919
epoch 53/200 done: train_loss=0.5919 val_loss=0.3612 val_accuracy=0.8586 val_macro_f1=0.7614 val_macro_auc=0.9706 (checkpoint_metric=macro_auc)
train epoch 54/200 batch 13/66 (20%) running_loss=0.5970
train epoch 54/200 batch 26/66 (39%) running_loss=0.5847
train epoch 54/200 batch 39/66 (59%) running_loss=0.5842
train epoch 54/200 batch 52/66 (79%) running_loss=0.5826
train epoch 54/200 batch 65/66 (98%) running_loss=0.5807
train epoch 54/200 batch 66/66 (100%) running_loss=0.5832
epoch 54/200 done: train_loss=0.5832 val_loss=0.5466 val_accuracy=0.7541 val_macro_f1=0.6182 val_macro_auc=0.9429 (checkpoint_metric=macro_auc)
train epoch 55/200 batch 13/66 (20%) running_loss=0.5838
train epoch 55/200 batch 26/66 (39%) running_loss=0.5888
train epoch 55/200 batch 39/66 (59%) running_loss=0.5718
train epoch 55/200 batch 52/66 (79%) running_loss=0.5711
train epoch 55/200 batch 65/66 (98%) running_loss=0.5693
train epoch 55/200 batch 66/66 (100%) running_loss=0.5695
epoch 55/200 done: train_loss=0.5695 val_loss=0.3252 val_accuracy=0.9037 val_macro_f1=0.8600 val_macro_auc=0.9779 (checkpoint_metric=macro_auc)
train epoch 56/200 batch 13/66 (20%) running_loss=0.5425
train epoch 56/200 batch 26/66 (39%) running_loss=0.5579
train epoch 56/200 batch 39/66 (59%) running_loss=0.5564
train epoch 56/200 batch 52/66 (79%) running_loss=0.5585
train epoch 56/200 batch 65/66 (98%) running_loss=0.5590
train epoch 56/200 batch 66/66 (100%) running_loss=0.5595
epoch 56/200 done: train_loss=0.5595 val_loss=0.2892 val_accuracy=0.9344 val_macro_f1=0.9054 val_macro_auc=0.9876 (checkpoint_metric=macro_auc)
train epoch 57/200 batch 13/66 (20%) running_loss=0.5522
train epoch 57/200 batch 26/66 (39%) running_loss=0.5521
train epoch 57/200 batch 39/66 (59%) running_loss=0.5599
train epoch 57/200 batch 52/66 (79%) running_loss=0.5593
train epoch 57/200 batch 65/66 (98%) running_loss=0.5655
train epoch 57/200 batch 66/66 (100%) running_loss=0.5669
epoch 57/200 done: train_loss=0.5669 val_loss=0.3125 val_accuracy=0.9324 val_macro_f1=0.9035 val_macro_auc=0.9854 (checkpoint_metric=macro_auc) [new best]
train epoch 58/200 batch 13/66 (20%) running_loss=0.5724
train epoch 58/200 batch 26/66 (39%) running_loss=0.5543
train epoch 58/200 batch 39/66 (59%) running_loss=0.5652
train epoch 58/200 batch 52/66 (79%) running_loss=0.5625
train epoch 58/200 batch 65/66 (98%) running_loss=0.5581
train epoch 58/200 batch 66/66 (100%) running_loss=0.5585
epoch 58/200 done: train_loss=0.5585 val_loss=0.2788 val_accuracy=0.9221 val_macro_f1=0.8817 val_macro_auc=0.9843 (checkpoint_metric=macro_auc) [new best]
train epoch 59/200 batch 13/66 (20%) running_loss=0.5488
train epoch 59/200 batch 26/66 (39%) running_loss=0.5468
train epoch 59/200 batch 39/66 (59%) running_loss=0.5572
train epoch 59/200 batch 52/66 (79%) running_loss=0.5613
train epoch 59/200 batch 65/66 (98%) running_loss=0.5607
train epoch 59/200 batch 66/66 (100%) running_loss=0.5594
epoch 59/200 done: train_loss=0.5594 val_loss=0.3019 val_accuracy=0.8873 val_macro_f1=0.7980 val_macro_auc=0.9833 (checkpoint_metric=macro_auc)
train epoch 60/200 batch 13/66 (20%) running_loss=0.5673
train epoch 60/200 batch 26/66 (39%) running_loss=0.5450
train epoch 60/200 batch 39/66 (59%) running_loss=0.5587
train epoch 60/200 batch 52/66 (79%) running_loss=0.5547
train epoch 60/200 batch 65/66 (98%) running_loss=0.5554
train epoch 60/200 batch 66/66 (100%) running_loss=0.5540
epoch 60/200 done: train_loss=0.5540 val_loss=0.3004 val_accuracy=0.9016 val_macro_f1=0.8508 val_macro_auc=0.9883 (checkpoint_metric=macro_auc)
train epoch 61/200 batch 13/66 (20%) running_loss=0.5503
train epoch 61/200 batch 26/66 (39%) running_loss=0.5411
train epoch 61/200 batch 39/66 (59%) running_loss=0.5429
train epoch 61/200 batch 52/66 (79%) running_loss=0.5469
train epoch 61/200 batch 65/66 (98%) running_loss=0.5454
train epoch 61/200 batch 66/66 (100%) running_loss=0.5453
epoch 61/200 done: train_loss=0.5453 val_loss=0.3286 val_accuracy=0.8832 val_macro_f1=0.8532 val_macro_auc=0.9831 (checkpoint_metric=macro_auc)
train epoch 62/200 batch 13/66 (20%) running_loss=0.5326
train epoch 62/200 batch 26/66 (39%) running_loss=0.5522
train epoch 62/200 batch 39/66 (59%) running_loss=0.5432
train epoch 62/200 batch 52/66 (79%) running_loss=0.5490
train epoch 62/200 batch 65/66 (98%) running_loss=0.5493
train epoch 62/200 batch 66/66 (100%) running_loss=0.5491
epoch 62/200 done: train_loss=0.5491 val_loss=0.2550 val_accuracy=0.9324 val_macro_f1=0.8920 val_macro_auc=0.9894 (checkpoint_metric=macro_auc) [new best]
train epoch 63/200 batch 13/66 (20%) running_loss=0.5613
train epoch 63/200 batch 26/66 (39%) running_loss=0.5571
train epoch 63/200 batch 39/66 (59%) running_loss=0.5462
train epoch 63/200 batch 52/66 (79%) running_loss=0.5418
train epoch 63/200 batch 65/66 (98%) running_loss=0.5416
train epoch 63/200 batch 66/66 (100%) running_loss=0.5411
epoch 63/200 done: train_loss=0.5411 val_loss=0.3177 val_accuracy=0.9057 val_macro_f1=0.8588 val_macro_auc=0.9839 (checkpoint_metric=macro_auc)
train epoch 64/200 batch 13/66 (20%) running_loss=0.5533
train epoch 64/200 batch 26/66 (39%) running_loss=0.5444
train epoch 64/200 batch 39/66 (59%) running_loss=0.5380
train epoch 64/200 batch 52/66 (79%) running_loss=0.5495
train epoch 64/200 batch 65/66 (98%) running_loss=0.5493
train epoch 64/200 batch 66/66 (100%) running_loss=0.5489
epoch 64/200 done: train_loss=0.5489 val_loss=0.3291 val_accuracy=0.9262 val_macro_f1=0.8913 val_macro_auc=0.9873 (checkpoint_metric=macro_auc)
train epoch 65/200 batch 13/66 (20%) running_loss=0.5000
train epoch 65/200 batch 26/66 (39%) running_loss=0.5211
train epoch 65/200 batch 39/66 (59%) running_loss=0.5235
train epoch 65/200 batch 52/66 (79%) running_loss=0.5244
train epoch 65/200 batch 65/66 (98%) running_loss=0.5248
train epoch 65/200 batch 66/66 (100%) running_loss=0.5237
epoch 65/200 done: train_loss=0.5237 val_loss=0.3208 val_accuracy=0.8996 val_macro_f1=0.8670 val_macro_auc=0.9841 (checkpoint_metric=macro_auc)
train epoch 66/200 batch 13/66 (20%) running_loss=0.5129
train epoch 66/200 batch 26/66 (39%) running_loss=0.5177
train epoch 66/200 batch 39/66 (59%) running_loss=0.5269
train epoch 66/200 batch 52/66 (79%) running_loss=0.5282
train epoch 66/200 batch 65/66 (98%) running_loss=0.5353
train epoch 66/200 batch 66/66 (100%) running_loss=0.5361
epoch 66/200 done: train_loss=0.5361 val_loss=0.3202 val_accuracy=0.8975 val_macro_f1=0.8578 val_macro_auc=0.9844 (checkpoint_metric=macro_auc)
train epoch 67/200 batch 13/66 (20%) running_loss=0.5150
train epoch 67/200 batch 26/66 (39%) running_loss=0.5337
train epoch 67/200 batch 39/66 (59%) running_loss=0.5291
train epoch 67/200 batch 52/66 (79%) running_loss=0.5269
train epoch 67/200 batch 65/66 (98%) running_loss=0.5224
train epoch 67/200 batch 66/66 (100%) running_loss=0.5242
epoch 67/200 done: train_loss=0.5242 val_loss=0.2798 val_accuracy=0.9324 val_macro_f1=0.8964 val_macro_auc=0.9840 (checkpoint_metric=macro_auc)
train epoch 68/200 batch 13/66 (20%) running_loss=0.5406
train epoch 68/200 batch 26/66 (39%) running_loss=0.5302
train epoch 68/200 batch 39/66 (59%) running_loss=0.5192
train epoch 68/200 batch 52/66 (79%) running_loss=0.5220
train epoch 68/200 batch 65/66 (98%) running_loss=0.5144
train epoch 68/200 batch 66/66 (100%) running_loss=0.5148
epoch 68/200 done: train_loss=0.5148 val_loss=0.4067 val_accuracy=0.8402 val_macro_f1=0.7714 val_macro_auc=0.9703 (checkpoint_metric=macro_auc)
train epoch 69/200 batch 13/66 (20%) running_loss=0.5237
train epoch 69/200 batch 26/66 (39%) running_loss=0.5192
train epoch 69/200 batch 39/66 (59%) running_loss=0.5215
train epoch 69/200 batch 52/66 (79%) running_loss=0.5120
train epoch 69/200 batch 65/66 (98%) running_loss=0.5124
train epoch 69/200 batch 66/66 (100%) running_loss=0.5115
epoch 69/200 done: train_loss=0.5115 val_loss=0.2660 val_accuracy=0.9344 val_macro_f1=0.9062 val_macro_auc=0.9898 (checkpoint_metric=macro_auc)
train epoch 70/200 batch 13/66 (20%) running_loss=0.5087
train epoch 70/200 batch 26/66 (39%) running_loss=0.5159
train epoch 70/200 batch 39/66 (59%) running_loss=0.5227
train epoch 70/200 batch 52/66 (79%) running_loss=0.5200
train epoch 70/200 batch 65/66 (98%) running_loss=0.5186
train epoch 70/200 batch 66/66 (100%) running_loss=0.5198
epoch 70/200 done: train_loss=0.5198 val_loss=0.2516 val_accuracy=0.9324 val_macro_f1=0.8996 val_macro_auc=0.9870 (checkpoint_metric=macro_auc)
train epoch 71/200 batch 13/66 (20%) running_loss=0.5562
train epoch 71/200 batch 26/66 (39%) running_loss=0.5300
train epoch 71/200 batch 39/66 (59%) running_loss=0.5310
train epoch 71/200 batch 52/66 (79%) running_loss=0.5272
train epoch 71/200 batch 65/66 (98%) running_loss=0.5211
train epoch 71/200 batch 66/66 (100%) running_loss=0.5225
epoch 71/200 done: train_loss=0.5225 val_loss=0.2624 val_accuracy=0.9385 val_macro_f1=0.9111 val_macro_auc=0.9881 (checkpoint_metric=macro_auc) [new best]
train epoch 72/200 batch 13/66 (20%) running_loss=0.5040
train epoch 72/200 batch 26/66 (39%) running_loss=0.5222
train epoch 72/200 batch 39/66 (59%) running_loss=0.5184
train epoch 72/200 batch 52/66 (79%) running_loss=0.5246
train epoch 72/200 batch 65/66 (98%) running_loss=0.5197
train epoch 72/200 batch 66/66 (100%) running_loss=0.5191
epoch 72/200 done: train_loss=0.5191 val_loss=0.2913 val_accuracy=0.9344 val_macro_f1=0.8996 val_macro_auc=0.9874 (checkpoint_metric=macro_auc)
train epoch 73/200 batch 13/66 (20%) running_loss=0.5103
train epoch 73/200 batch 26/66 (39%) running_loss=0.5188
train epoch 73/200 batch 39/66 (59%) running_loss=0.5205
train epoch 73/200 batch 52/66 (79%) running_loss=0.5169
train epoch 73/200 batch 65/66 (98%) running_loss=0.5214
train epoch 73/200 batch 66/66 (100%) running_loss=0.5224
epoch 73/200 done: train_loss=0.5224 val_loss=0.2953 val_accuracy=0.9508 val_macro_f1=0.9361 val_macro_auc=0.9892 (checkpoint_metric=macro_auc)
train epoch 74/200 batch 13/66 (20%) running_loss=0.5414
train epoch 74/200 batch 26/66 (39%) running_loss=0.5191
train epoch 74/200 batch 39/66 (59%) running_loss=0.5108
train epoch 74/200 batch 52/66 (79%) running_loss=0.5060
train epoch 74/200 batch 65/66 (98%) running_loss=0.5176
train epoch 74/200 batch 66/66 (100%) running_loss=0.5175
epoch 74/200 done: train_loss=0.5175 val_loss=0.3340 val_accuracy=0.9365 val_macro_f1=0.9104 val_macro_auc=0.9900 (checkpoint_metric=macro_auc) [new best]
train epoch 75/200 batch 13/66 (20%) running_loss=0.4937
train epoch 75/200 batch 26/66 (39%) running_loss=0.5012
train epoch 75/200 batch 39/66 (59%) running_loss=0.5086
train epoch 75/200 batch 52/66 (79%) running_loss=0.5045
train epoch 75/200 batch 65/66 (98%) running_loss=0.5018
train epoch 75/200 batch 66/66 (100%) running_loss=0.5010
epoch 75/200 done: train_loss=0.5010 val_loss=0.2327 val_accuracy=0.9570 val_macro_f1=0.9388 val_macro_auc=0.9909 (checkpoint_metric=macro_auc) [new best]
train epoch 76/200 batch 13/66 (20%) running_loss=0.5124
train epoch 76/200 batch 26/66 (39%) running_loss=0.5040
train epoch 76/200 batch 39/66 (59%) running_loss=0.5061
train epoch 76/200 batch 52/66 (79%) running_loss=0.4985
train epoch 76/200 batch 65/66 (98%) running_loss=0.5003
train epoch 76/200 batch 66/66 (100%) running_loss=0.4997
epoch 76/200 done: train_loss=0.4997 val_loss=0.2318 val_accuracy=0.9406 val_macro_f1=0.9177 val_macro_auc=0.9935 (checkpoint_metric=macro_auc) [new best]
train epoch 77/200 batch 13/66 (20%) running_loss=0.4641
train epoch 77/200 batch 26/66 (39%) running_loss=0.4891
train epoch 77/200 batch 39/66 (59%) running_loss=0.4902
train epoch 77/200 batch 52/66 (79%) running_loss=0.4938
train epoch 77/200 batch 65/66 (98%) running_loss=0.4940
train epoch 77/200 batch 66/66 (100%) running_loss=0.4948
epoch 77/200 done: train_loss=0.4948 val_loss=0.2499 val_accuracy=0.9385 val_macro_f1=0.9083 val_macro_auc=0.9871 (checkpoint_metric=macro_auc)
train epoch 78/200 batch 13/66 (20%) running_loss=0.4844
train epoch 78/200 batch 26/66 (39%) running_loss=0.4758
train epoch 78/200 batch 39/66 (59%) running_loss=0.4785
train epoch 78/200 batch 52/66 (79%) running_loss=0.4878
train epoch 78/200 batch 65/66 (98%) running_loss=0.4971
train epoch 78/200 batch 66/66 (100%) running_loss=0.4973
epoch 78/200 done: train_loss=0.4973 val_loss=0.2469 val_accuracy=0.9324 val_macro_f1=0.9011 val_macro_auc=0.9886 (checkpoint_metric=macro_auc)
train epoch 79/200 batch 13/66 (20%) running_loss=0.4622
train epoch 79/200 batch 26/66 (39%) running_loss=0.4833
train epoch 79/200 batch 39/66 (59%) running_loss=0.4987
train epoch 79/200 batch 52/66 (79%) running_loss=0.4942
train epoch 79/200 batch 65/66 (98%) running_loss=0.4923
train epoch 79/200 batch 66/66 (100%) running_loss=0.4910
epoch 79/200 done: train_loss=0.4910 val_loss=0.2286 val_accuracy=0.9467 val_macro_f1=0.9178 val_macro_auc=0.9915 (checkpoint_metric=macro_auc)
train epoch 80/200 batch 13/66 (20%) running_loss=0.4943
train epoch 80/200 batch 26/66 (39%) running_loss=0.5100
train epoch 80/200 batch 39/66 (59%) running_loss=0.5024
train epoch 80/200 batch 52/66 (79%) running_loss=0.5036
train epoch 80/200 batch 65/66 (98%) running_loss=0.5115
train epoch 80/200 batch 66/66 (100%) running_loss=0.5119
epoch 80/200 done: train_loss=0.5119 val_loss=0.3215 val_accuracy=0.9324 val_macro_f1=0.9225 val_macro_auc=0.9931 (checkpoint_metric=macro_auc)
train epoch 81/200 batch 13/66 (20%) running_loss=0.4850
train epoch 81/200 batch 26/66 (39%) running_loss=0.4928
train epoch 81/200 batch 39/66 (59%) running_loss=0.4828
train epoch 81/200 batch 52/66 (79%) running_loss=0.4939
train epoch 81/200 batch 65/66 (98%) running_loss=0.4908
train epoch 81/200 batch 66/66 (100%) running_loss=0.4923
epoch 81/200 done: train_loss=0.4923 val_loss=0.2992 val_accuracy=0.8893 val_macro_f1=0.8333 val_macro_auc=0.9849 (checkpoint_metric=macro_auc)
train epoch 82/200 batch 13/66 (20%) running_loss=0.5105
train epoch 82/200 batch 26/66 (39%) running_loss=0.4795
train epoch 82/200 batch 39/66 (59%) running_loss=0.4847
train epoch 82/200 batch 52/66 (79%) running_loss=0.4794
train epoch 82/200 batch 65/66 (98%) running_loss=0.4783
train epoch 82/200 batch 66/66 (100%) running_loss=0.4791
epoch 82/200 done: train_loss=0.4791 val_loss=0.2040 val_accuracy=0.9611 val_macro_f1=0.9475 val_macro_auc=0.9927 (checkpoint_metric=macro_auc)
train epoch 83/200 batch 13/66 (20%) running_loss=0.4898
train epoch 83/200 batch 26/66 (39%) running_loss=0.4886
train epoch 83/200 batch 39/66 (59%) running_loss=0.4855
train epoch 83/200 batch 52/66 (79%) running_loss=0.4803
train epoch 83/200 batch 65/66 (98%) running_loss=0.4857
train epoch 83/200 batch 66/66 (100%) running_loss=0.4853
epoch 83/200 done: train_loss=0.4853 val_loss=0.2919 val_accuracy=0.9242 val_macro_f1=0.8863 val_macro_auc=0.9833 (checkpoint_metric=macro_auc)
train epoch 84/200 batch 13/66 (20%) running_loss=0.5067
train epoch 84/200 batch 26/66 (39%) running_loss=0.4990
train epoch 84/200 batch 39/66 (59%) running_loss=0.4861
train epoch 84/200 batch 52/66 (79%) running_loss=0.4875
train epoch 84/200 batch 65/66 (98%) running_loss=0.4811
train epoch 84/200 batch 66/66 (100%) running_loss=0.4804
epoch 84/200 done: train_loss=0.4804 val_loss=0.2085 val_accuracy=0.9529 val_macro_f1=0.9311 val_macro_auc=0.9950 (checkpoint_metric=macro_auc)
train epoch 85/200 batch 13/66 (20%) running_loss=0.4530
train epoch 85/200 batch 26/66 (39%) running_loss=0.4484
train epoch 85/200 batch 39/66 (59%) running_loss=0.4615
train epoch 85/200 batch 52/66 (79%) running_loss=0.4716
train epoch 85/200 batch 65/66 (98%) running_loss=0.4712
train epoch 85/200 batch 66/66 (100%) running_loss=0.4718
epoch 85/200 done: train_loss=0.4718 val_loss=0.1952 val_accuracy=0.9508 val_macro_f1=0.9251 val_macro_auc=0.9949 (checkpoint_metric=macro_auc)
train epoch 86/200 batch 13/66 (20%) running_loss=0.4856
train epoch 86/200 batch 26/66 (39%) running_loss=0.4720
train epoch 86/200 batch 39/66 (59%) running_loss=0.4685
train epoch 86/200 batch 52/66 (79%) running_loss=0.4729
train epoch 86/200 batch 65/66 (98%) running_loss=0.4727
train epoch 86/200 batch 66/66 (100%) running_loss=0.4732
epoch 86/200 done: train_loss=0.4732 val_loss=0.2239 val_accuracy=0.9467 val_macro_f1=0.9243 val_macro_auc=0.9900 (checkpoint_metric=macro_auc) [new best]
train epoch 87/200 batch 13/66 (20%) running_loss=0.4991
train epoch 87/200 batch 26/66 (39%) running_loss=0.4967
train epoch 87/200 batch 39/66 (59%) running_loss=0.4869
train epoch 87/200 batch 52/66 (79%) running_loss=0.4845
train epoch 87/200 batch 65/66 (98%) running_loss=0.4884
train epoch 87/200 batch 66/66 (100%) running_loss=0.4873
epoch 87/200 done: train_loss=0.4873 val_loss=0.2672 val_accuracy=0.9180 val_macro_f1=0.8740 val_macro_auc=0.9880 (checkpoint_metric=macro_auc)
train epoch 88/200 batch 13/66 (20%) running_loss=0.4865
train epoch 88/200 batch 26/66 (39%) running_loss=0.4818
train epoch 88/200 batch 39/66 (59%) running_loss=0.4719
train epoch 88/200 batch 52/66 (79%) running_loss=0.4698
train epoch 88/200 batch 65/66 (98%) running_loss=0.4698
train epoch 88/200 batch 66/66 (100%) running_loss=0.4698
epoch 88/200 done: train_loss=0.4698 val_loss=0.2625 val_accuracy=0.9262 val_macro_f1=0.8941 val_macro_auc=0.9915 (checkpoint_metric=macro_auc)
train epoch 89/200 batch 13/66 (20%) running_loss=0.4709
train epoch 89/200 batch 26/66 (39%) running_loss=0.4570
train epoch 89/200 batch 39/66 (59%) running_loss=0.4600
train epoch 89/200 batch 52/66 (79%) running_loss=0.4700
train epoch 89/200 batch 65/66 (98%) running_loss=0.4789
train epoch 89/200 batch 66/66 (100%) running_loss=0.4787
epoch 89/200 done: train_loss=0.4787 val_loss=0.3147 val_accuracy=0.8934 val_macro_f1=0.8526 val_macro_auc=0.9859 (checkpoint_metric=macro_auc)
train epoch 90/200 batch 13/66 (20%) running_loss=0.4626
train epoch 90/200 batch 26/66 (39%) running_loss=0.4497
train epoch 90/200 batch 39/66 (59%) running_loss=0.4543
train epoch 90/200 batch 52/66 (79%) running_loss=0.4634
train epoch 90/200 batch 65/66 (98%) running_loss=0.4644
train epoch 90/200 batch 66/66 (100%) running_loss=0.4650
epoch 90/200 done: train_loss=0.4650 val_loss=0.2355 val_accuracy=0.9467 val_macro_f1=0.9233 val_macro_auc=0.9925 (checkpoint_metric=macro_auc)
train epoch 91/200 batch 13/66 (20%) running_loss=0.4822
train epoch 91/200 batch 26/66 (39%) running_loss=0.4810
train epoch 91/200 batch 39/66 (59%) running_loss=0.4688
train epoch 91/200 batch 52/66 (79%) running_loss=0.4629
train epoch 91/200 batch 65/66 (98%) running_loss=0.4629
train epoch 91/200 batch 66/66 (100%) running_loss=0.4625
epoch 91/200 done: train_loss=0.4625 val_loss=0.2529 val_accuracy=0.9467 val_macro_f1=0.9252 val_macro_auc=0.9925 (checkpoint_metric=macro_auc)
train epoch 92/200 batch 13/66 (20%) running_loss=0.4445
train epoch 92/200 batch 26/66 (39%) running_loss=0.4489
train epoch 92/200 batch 39/66 (59%) running_loss=0.4548
train epoch 92/200 batch 52/66 (79%) running_loss=0.4498
train epoch 92/200 batch 65/66 (98%) running_loss=0.4527
train epoch 92/200 batch 66/66 (100%) running_loss=0.4533
epoch 92/200 done: train_loss=0.4533 val_loss=0.2379 val_accuracy=0.9590 val_macro_f1=0.9382 val_macro_auc=0.9937 (checkpoint_metric=macro_auc)
train epoch 93/200 batch 13/66 (20%) running_loss=0.4389
train epoch 93/200 batch 26/66 (39%) running_loss=0.4462
train epoch 93/200 batch 39/66 (59%) running_loss=0.4441
train epoch 93/200 batch 52/66 (79%) running_loss=0.4515
train epoch 93/200 batch 65/66 (98%) running_loss=0.4559
train epoch 93/200 batch 66/66 (100%) running_loss=0.4571
epoch 93/200 done: train_loss=0.4571 val_loss=0.2906 val_accuracy=0.9201 val_macro_f1=0.8892 val_macro_auc=0.9929 (checkpoint_metric=macro_auc)
train epoch 94/200 batch 13/66 (20%) running_loss=0.4705
train epoch 94/200 batch 26/66 (39%) running_loss=0.4609
train epoch 94/200 batch 39/66 (59%) running_loss=0.4675
train epoch 94/200 batch 52/66 (79%) running_loss=0.4656
train epoch 94/200 batch 65/66 (98%) running_loss=0.4631
train epoch 94/200 batch 66/66 (100%) running_loss=0.4651
epoch 94/200 done: train_loss=0.4651 val_loss=0.2376 val_accuracy=0.9467 val_macro_f1=0.9237 val_macro_auc=0.9934 (checkpoint_metric=macro_auc)
train epoch 95/200 batch 13/66 (20%) running_loss=0.4362
train epoch 95/200 batch 26/66 (39%) running_loss=0.4527
train epoch 95/200 batch 39/66 (59%) running_loss=0.4584
train epoch 95/200 batch 52/66 (79%) running_loss=0.4609
train epoch 95/200 batch 65/66 (98%) running_loss=0.4603
train epoch 95/200 batch 66/66 (100%) running_loss=0.4600
epoch 95/200 done: train_loss=0.4600 val_loss=0.2623 val_accuracy=0.9529 val_macro_f1=0.9369 val_macro_auc=0.9962 (checkpoint_metric=macro_auc) [new best]
train epoch 96/200 batch 13/66 (20%) running_loss=0.4698
train epoch 96/200 batch 26/66 (39%) running_loss=0.4530
train epoch 96/200 batch 39/66 (59%) running_loss=0.4553
train epoch 96/200 batch 52/66 (79%) running_loss=0.4564
train epoch 96/200 batch 65/66 (98%) running_loss=0.4589
train epoch 96/200 batch 66/66 (100%) running_loss=0.4585
epoch 96/200 done: train_loss=0.4585 val_loss=0.1918 val_accuracy=0.9570 val_macro_f1=0.9339 val_macro_auc=0.9955 (checkpoint_metric=macro_auc) [new best]
train epoch 97/200 batch 13/66 (20%) running_loss=0.4401
train epoch 97/200 batch 26/66 (39%) running_loss=0.4606
train epoch 97/200 batch 39/66 (59%) running_loss=0.4489
train epoch 97/200 batch 52/66 (79%) running_loss=0.4588
train epoch 97/200 batch 65/66 (98%) running_loss=0.4611
train epoch 97/200 batch 66/66 (100%) running_loss=0.4616
epoch 97/200 done: train_loss=0.4616 val_loss=0.2400 val_accuracy=0.9549 val_macro_f1=0.9348 val_macro_auc=0.9949 (checkpoint_metric=macro_auc) [new best]
train epoch 98/200 batch 13/66 (20%) running_loss=0.4555
train epoch 98/200 batch 26/66 (39%) running_loss=0.4587
train epoch 98/200 batch 39/66 (59%) running_loss=0.4526
train epoch 98/200 batch 52/66 (79%) running_loss=0.4555
train epoch 98/200 batch 65/66 (98%) running_loss=0.4519
train epoch 98/200 batch 66/66 (100%) running_loss=0.4518
epoch 98/200 done: train_loss=0.4518 val_loss=0.2519 val_accuracy=0.9221 val_macro_f1=0.8898 val_macro_auc=0.9923 (checkpoint_metric=macro_auc)
train epoch 99/200 batch 13/66 (20%) running_loss=0.4684
train epoch 99/200 batch 26/66 (39%) running_loss=0.4704
train epoch 99/200 batch 39/66 (59%) running_loss=0.4543
train epoch 99/200 batch 52/66 (79%) running_loss=0.4464
train epoch 99/200 batch 65/66 (98%) running_loss=0.4438
train epoch 99/200 batch 66/66 (100%) running_loss=0.4432
epoch 99/200 done: train_loss=0.4432 val_loss=0.2336 val_accuracy=0.9467 val_macro_f1=0.9255 val_macro_auc=0.9939 (checkpoint_metric=macro_auc)
train epoch 100/200 batch 13/66 (20%) running_loss=0.4492
train epoch 100/200 batch 26/66 (39%) running_loss=0.4699
train epoch 100/200 batch 39/66 (59%) running_loss=0.4708
train epoch 100/200 batch 52/66 (79%) running_loss=0.4673
train epoch 100/200 batch 65/66 (98%) running_loss=0.4683
train epoch 100/200 batch 66/66 (100%) running_loss=0.4683
epoch 100/200 done: train_loss=0.4683 val_loss=0.2232 val_accuracy=0.9426 val_macro_f1=0.9193 val_macro_auc=0.9931 (checkpoint_metric=macro_auc)
train epoch 101/200 batch 13/66 (20%) running_loss=0.4583
train epoch 101/200 batch 26/66 (39%) running_loss=0.4517
train epoch 101/200 batch 39/66 (59%) running_loss=0.4455
train epoch 101/200 batch 52/66 (79%) running_loss=0.4504
train epoch 101/200 batch 65/66 (98%) running_loss=0.4443
train epoch 101/200 batch 66/66 (100%) running_loss=0.4448
epoch 101/200 done: train_loss=0.4448 val_loss=0.2204 val_accuracy=0.9611 val_macro_f1=0.9455 val_macro_auc=0.9939 (checkpoint_metric=macro_auc)
train epoch 102/200 batch 13/66 (20%) running_loss=0.4481
train epoch 102/200 batch 26/66 (39%) running_loss=0.4540
train epoch 102/200 batch 39/66 (59%) running_loss=0.4565
train epoch 102/200 batch 52/66 (79%) running_loss=0.4521
train epoch 102/200 batch 65/66 (98%) running_loss=0.4494
train epoch 102/200 batch 66/66 (100%) running_loss=0.4503
epoch 102/200 done: train_loss=0.4503 val_loss=0.2387 val_accuracy=0.9406 val_macro_f1=0.9167 val_macro_auc=0.9918 (checkpoint_metric=macro_auc)
train epoch 103/200 batch 13/66 (20%) running_loss=0.4448
train epoch 103/200 batch 26/66 (39%) running_loss=0.4269
train epoch 103/200 batch 39/66 (59%) running_loss=0.4348
train epoch 103/200 batch 52/66 (79%) running_loss=0.4459
train epoch 103/200 batch 65/66 (98%) running_loss=0.4464
train epoch 103/200 batch 66/66 (100%) running_loss=0.4474
epoch 103/200 done: train_loss=0.4474 val_loss=0.2168 val_accuracy=0.9508 val_macro_f1=0.9278 val_macro_auc=0.9962 (checkpoint_metric=macro_auc)
train epoch 104/200 batch 13/66 (20%) running_loss=0.4786
train epoch 104/200 batch 26/66 (39%) running_loss=0.4511
train epoch 104/200 batch 39/66 (59%) running_loss=0.4510
train epoch 104/200 batch 52/66 (79%) running_loss=0.4627
train epoch 104/200 batch 65/66 (98%) running_loss=0.4561
train epoch 104/200 batch 66/66 (100%) running_loss=0.4561
epoch 104/200 done: train_loss=0.4561 val_loss=0.2003 val_accuracy=0.9467 val_macro_f1=0.9223 val_macro_auc=0.9945 (checkpoint_metric=macro_auc)
train epoch 105/200 batch 13/66 (20%) running_loss=0.4068
train epoch 105/200 batch 26/66 (39%) running_loss=0.4193
train epoch 105/200 batch 39/66 (59%) running_loss=0.4228
train epoch 105/200 batch 52/66 (79%) running_loss=0.4367
train epoch 105/200 batch 65/66 (98%) running_loss=0.4441
train epoch 105/200 batch 66/66 (100%) running_loss=0.4440
epoch 105/200 done: train_loss=0.4440 val_loss=0.2015 val_accuracy=0.9508 val_macro_f1=0.9273 val_macro_auc=0.9940 (checkpoint_metric=macro_auc)
train epoch 106/200 batch 13/66 (20%) running_loss=0.4464
train epoch 106/200 batch 26/66 (39%) running_loss=0.4585
train epoch 106/200 batch 39/66 (59%) running_loss=0.4536
train epoch 106/200 batch 52/66 (79%) running_loss=0.4522
train epoch 106/200 batch 65/66 (98%) running_loss=0.4496
train epoch 106/200 batch 66/66 (100%) running_loss=0.4498
epoch 106/200 done: train_loss=0.4498 val_loss=0.2392 val_accuracy=0.9242 val_macro_f1=0.8926 val_macro_auc=0.9919 (checkpoint_metric=macro_auc)
train epoch 107/200 batch 13/66 (20%) running_loss=0.4391
train epoch 107/200 batch 26/66 (39%) running_loss=0.4475
train epoch 107/200 batch 39/66 (59%) running_loss=0.4429
train epoch 107/200 batch 52/66 (79%) running_loss=0.4343
train epoch 107/200 batch 65/66 (98%) running_loss=0.4346
train epoch 107/200 batch 66/66 (100%) running_loss=0.4338
epoch 107/200 done: train_loss=0.4338 val_loss=0.1933 val_accuracy=0.9590 val_macro_f1=0.9390 val_macro_auc=0.9953 (checkpoint_metric=macro_auc)
train epoch 108/200 batch 13/66 (20%) running_loss=0.4202
train epoch 108/200 batch 26/66 (39%) running_loss=0.4357
train epoch 108/200 batch 39/66 (59%) running_loss=0.4471
train epoch 108/200 batch 52/66 (79%) running_loss=0.4456
train epoch 108/200 batch 65/66 (98%) running_loss=0.4464
train epoch 108/200 batch 66/66 (100%) running_loss=0.4458
epoch 108/200 done: train_loss=0.4458 val_loss=0.2059 val_accuracy=0.9488 val_macro_f1=0.9266 val_macro_auc=0.9937 (checkpoint_metric=macro_auc)
train epoch 109/200 batch 13/66 (20%) running_loss=0.4071
train epoch 109/200 batch 26/66 (39%) running_loss=0.4233
train epoch 109/200 batch 39/66 (59%) running_loss=0.4257
train epoch 109/200 batch 52/66 (79%) running_loss=0.4319
train epoch 109/200 batch 65/66 (98%) running_loss=0.4341
train epoch 109/200 batch 66/66 (100%) running_loss=0.4342
epoch 109/200 done: train_loss=0.4342 val_loss=0.2196 val_accuracy=0.9590 val_macro_f1=0.9414 val_macro_auc=0.9941 (checkpoint_metric=macro_auc)
train epoch 110/200 batch 13/66 (20%) running_loss=0.4361
train epoch 110/200 batch 26/66 (39%) running_loss=0.4291
train epoch 110/200 batch 39/66 (59%) running_loss=0.4264
train epoch 110/200 batch 52/66 (79%) running_loss=0.4291
train epoch 110/200 batch 65/66 (98%) running_loss=0.4308
train epoch 110/200 batch 66/66 (100%) running_loss=0.4312
epoch 110/200 done: train_loss=0.4312 val_loss=0.2595 val_accuracy=0.9324 val_macro_f1=0.9039 val_macro_auc=0.9913 (checkpoint_metric=macro_auc)
train epoch 111/200 batch 13/66 (20%) running_loss=0.4325
train epoch 111/200 batch 26/66 (39%) running_loss=0.4263
train epoch 111/200 batch 39/66 (59%) running_loss=0.4309
train epoch 111/200 batch 52/66 (79%) running_loss=0.4307
train epoch 111/200 batch 65/66 (98%) running_loss=0.4257
train epoch 111/200 batch 66/66 (100%) running_loss=0.4254
epoch 111/200 done: train_loss=0.4254 val_loss=0.2112 val_accuracy=0.9303 val_macro_f1=0.9022 val_macro_auc=0.9949 (checkpoint_metric=macro_auc)
train epoch 112/200 batch 13/66 (20%) running_loss=0.4407
train epoch 112/200 batch 26/66 (39%) running_loss=0.4434
train epoch 112/200 batch 39/66 (59%) running_loss=0.4418
train epoch 112/200 batch 52/66 (79%) running_loss=0.4322
train epoch 112/200 batch 65/66 (98%) running_loss=0.4279
train epoch 112/200 batch 66/66 (100%) running_loss=0.4275
epoch 112/200 done: train_loss=0.4275 val_loss=0.1989 val_accuracy=0.9447 val_macro_f1=0.9199 val_macro_auc=0.9956 (checkpoint_metric=macro_auc)
train epoch 113/200 batch 13/66 (20%) running_loss=0.4385
train epoch 113/200 batch 26/66 (39%) running_loss=0.4331
train epoch 113/200 batch 39/66 (59%) running_loss=0.4307
train epoch 113/200 batch 52/66 (79%) running_loss=0.4317
train epoch 113/200 batch 65/66 (98%) running_loss=0.4310
train epoch 113/200 batch 66/66 (100%) running_loss=0.4298
epoch 113/200 done: train_loss=0.4298 val_loss=0.1964 val_accuracy=0.9549 val_macro_f1=0.9358 val_macro_auc=0.9958 (checkpoint_metric=macro_auc)
train epoch 114/200 batch 13/66 (20%) running_loss=0.4324
train epoch 114/200 batch 26/66 (39%) running_loss=0.4256
train epoch 114/200 batch 39/66 (59%) running_loss=0.4259
train epoch 114/200 batch 52/66 (79%) running_loss=0.4263
train epoch 114/200 batch 65/66 (98%) running_loss=0.4268
train epoch 114/200 batch 66/66 (100%) running_loss=0.4278
epoch 114/200 done: train_loss=0.4278 val_loss=0.1966 val_accuracy=0.9611 val_macro_f1=0.9461 val_macro_auc=0.9964 (checkpoint_metric=macro_auc) [new best]
train epoch 115/200 batch 13/66 (20%) running_loss=0.4274
train epoch 115/200 batch 26/66 (39%) running_loss=0.4274
train epoch 115/200 batch 39/66 (59%) running_loss=0.4332
train epoch 115/200 batch 52/66 (79%) running_loss=0.4381
train epoch 115/200 batch 65/66 (98%) running_loss=0.4336
train epoch 115/200 batch 66/66 (100%) running_loss=0.4331
epoch 115/200 done: train_loss=0.4331 val_loss=0.2227 val_accuracy=0.9631 val_macro_f1=0.9489 val_macro_auc=0.9948 (checkpoint_metric=macro_auc)
train epoch 116/200 batch 13/66 (20%) running_loss=0.4231
train epoch 116/200 batch 26/66 (39%) running_loss=0.4232
train epoch 116/200 batch 39/66 (59%) running_loss=0.4282
train epoch 116/200 batch 52/66 (79%) running_loss=0.4227
train epoch 116/200 batch 65/66 (98%) running_loss=0.4248
train epoch 116/200 batch 66/66 (100%) running_loss=0.4240
epoch 116/200 done: train_loss=0.4240 val_loss=0.2141 val_accuracy=0.9590 val_macro_f1=0.9428 val_macro_auc=0.9968 (checkpoint_metric=macro_auc) [new best]
train epoch 117/200 batch 13/66 (20%) running_loss=0.4208
train epoch 117/200 batch 26/66 (39%) running_loss=0.4216
train epoch 117/200 batch 39/66 (59%) running_loss=0.4275
train epoch 117/200 batch 52/66 (79%) running_loss=0.4285
train epoch 117/200 batch 65/66 (98%) running_loss=0.4282
train epoch 117/200 batch 66/66 (100%) running_loss=0.4277
epoch 117/200 done: train_loss=0.4277 val_loss=0.2093 val_accuracy=0.9549 val_macro_f1=0.9383 val_macro_auc=0.9964 (checkpoint_metric=macro_auc)
train epoch 118/200 batch 13/66 (20%) running_loss=0.3968
train epoch 118/200 batch 26/66 (39%) running_loss=0.4181
train epoch 118/200 batch 39/66 (59%) running_loss=0.4148
train epoch 118/200 batch 52/66 (79%) running_loss=0.4183
train epoch 118/200 batch 65/66 (98%) running_loss=0.4189
train epoch 118/200 batch 66/66 (100%) running_loss=0.4185
epoch 118/200 done: train_loss=0.4185 val_loss=0.1976 val_accuracy=0.9549 val_macro_f1=0.9334 val_macro_auc=0.9968 (checkpoint_metric=macro_auc) [new best]
train epoch 119/200 batch 13/66 (20%) running_loss=0.3988
train epoch 119/200 batch 26/66 (39%) running_loss=0.4111
train epoch 119/200 batch 39/66 (59%) running_loss=0.4103
train epoch 119/200 batch 52/66 (79%) running_loss=0.4079
train epoch 119/200 batch 65/66 (98%) running_loss=0.4087
train epoch 119/200 batch 66/66 (100%) running_loss=0.4082
epoch 119/200 done: train_loss=0.4082 val_loss=0.2393 val_accuracy=0.9508 val_macro_f1=0.9292 val_macro_auc=0.9927 (checkpoint_metric=macro_auc)
train epoch 120/200 batch 13/66 (20%) running_loss=0.4062
train epoch 120/200 batch 26/66 (39%) running_loss=0.4097
train epoch 120/200 batch 39/66 (59%) running_loss=0.4168
train epoch 120/200 batch 52/66 (79%) running_loss=0.4148
train epoch 120/200 batch 65/66 (98%) running_loss=0.4154
train epoch 120/200 batch 66/66 (100%) running_loss=0.4150
epoch 120/200 done: train_loss=0.4150 val_loss=0.1834 val_accuracy=0.9693 val_macro_f1=0.9600 val_macro_auc=0.9971 (checkpoint_metric=macro_auc)
train epoch 121/200 batch 13/66 (20%) running_loss=0.4075
train epoch 121/200 batch 26/66 (39%) running_loss=0.3950
train epoch 121/200 batch 39/66 (59%) running_loss=0.4034
train epoch 121/200 batch 52/66 (79%) running_loss=0.4052
train epoch 121/200 batch 65/66 (98%) running_loss=0.4091
train epoch 121/200 batch 66/66 (100%) running_loss=0.4105
epoch 121/200 done: train_loss=0.4105 val_loss=0.2043 val_accuracy=0.9570 val_macro_f1=0.9407 val_macro_auc=0.9950 (checkpoint_metric=macro_auc)
train epoch 122/200 batch 13/66 (20%) running_loss=0.4239
train epoch 122/200 batch 26/66 (39%) running_loss=0.4327
train epoch 122/200 batch 39/66 (59%) running_loss=0.4298
train epoch 122/200 batch 52/66 (79%) running_loss=0.4261
train epoch 122/200 batch 65/66 (98%) running_loss=0.4263
train epoch 122/200 batch 66/66 (100%) running_loss=0.4271
epoch 122/200 done: train_loss=0.4271 val_loss=0.1935 val_accuracy=0.9672 val_macro_f1=0.9531 val_macro_auc=0.9977 (checkpoint_metric=macro_auc)
train epoch 123/200 batch 13/66 (20%) running_loss=0.3947
train epoch 123/200 batch 26/66 (39%) running_loss=0.3986
train epoch 123/200 batch 39/66 (59%) running_loss=0.3966
train epoch 123/200 batch 52/66 (79%) running_loss=0.3983
train epoch 123/200 batch 65/66 (98%) running_loss=0.4057
train epoch 123/200 batch 66/66 (100%) running_loss=0.4053
epoch 123/200 done: train_loss=0.4053 val_loss=0.1762 val_accuracy=0.9754 val_macro_f1=0.9664 val_macro_auc=0.9978 (checkpoint_metric=macro_auc) [new best]
train epoch 124/200 batch 13/66 (20%) running_loss=0.3904
train epoch 124/200 batch 26/66 (39%) running_loss=0.3915
train epoch 124/200 batch 39/66 (59%) running_loss=0.3954
train epoch 124/200 batch 52/66 (79%) running_loss=0.3967
train epoch 124/200 batch 65/66 (98%) running_loss=0.3997
train epoch 124/200 batch 66/66 (100%) running_loss=0.4025
epoch 124/200 done: train_loss=0.4025 val_loss=0.2394 val_accuracy=0.9324 val_macro_f1=0.9033 val_macro_auc=0.9909 (checkpoint_metric=macro_auc)
train epoch 125/200 batch 13/66 (20%) running_loss=0.4076
train epoch 125/200 batch 26/66 (39%) running_loss=0.4042
train epoch 125/200 batch 39/66 (59%) running_loss=0.4114
train epoch 125/200 batch 52/66 (79%) running_loss=0.4111
train epoch 125/200 batch 65/66 (98%) running_loss=0.4126
train epoch 125/200 batch 66/66 (100%) running_loss=0.4126
epoch 125/200 done: train_loss=0.4126 val_loss=0.2024 val_accuracy=0.9549 val_macro_f1=0.9389 val_macro_auc=0.9969 (checkpoint_metric=macro_auc)
train epoch 126/200 batch 13/66 (20%) running_loss=0.3999
train epoch 126/200 batch 26/66 (39%) running_loss=0.3992
train epoch 126/200 batch 39/66 (59%) running_loss=0.3953
train epoch 126/200 batch 52/66 (79%) running_loss=0.3969
train epoch 126/200 batch 65/66 (98%) running_loss=0.3983
train epoch 126/200 batch 66/66 (100%) running_loss=0.3983
epoch 126/200 done: train_loss=0.3983 val_loss=0.1830 val_accuracy=0.9570 val_macro_f1=0.9393 val_macro_auc=0.9964 (checkpoint_metric=macro_auc)
train epoch 127/200 batch 13/66 (20%) running_loss=0.4082
train epoch 127/200 batch 26/66 (39%) running_loss=0.4069
train epoch 127/200 batch 39/66 (59%) running_loss=0.4106
train epoch 127/200 batch 52/66 (79%) running_loss=0.4175
train epoch 127/200 batch 65/66 (98%) running_loss=0.4137
train epoch 127/200 batch 66/66 (100%) running_loss=0.4137
epoch 127/200 done: train_loss=0.4137 val_loss=0.2092 val_accuracy=0.9447 val_macro_f1=0.9238 val_macro_auc=0.9953 (checkpoint_metric=macro_auc)
train epoch 128/200 batch 13/66 (20%) running_loss=0.3958
train epoch 128/200 batch 26/66 (39%) running_loss=0.4084
train epoch 128/200 batch 39/66 (59%) running_loss=0.3996
train epoch 128/200 batch 52/66 (79%) running_loss=0.4029
train epoch 128/200 batch 65/66 (98%) running_loss=0.4044
train epoch 128/200 batch 66/66 (100%) running_loss=0.4040
epoch 128/200 done: train_loss=0.4040 val_loss=0.1714 val_accuracy=0.9672 val_macro_f1=0.9543 val_macro_auc=0.9976 (checkpoint_metric=macro_auc)
train epoch 129/200 batch 13/66 (20%) running_loss=0.3901
train epoch 129/200 batch 26/66 (39%) running_loss=0.3950
train epoch 129/200 batch 39/66 (59%) running_loss=0.4017
train epoch 129/200 batch 52/66 (79%) running_loss=0.4040
train epoch 129/200 batch 65/66 (98%) running_loss=0.3998
train epoch 129/200 batch 66/66 (100%) running_loss=0.3999
epoch 129/200 done: train_loss=0.3999 val_loss=0.1815 val_accuracy=0.9590 val_macro_f1=0.9410 val_macro_auc=0.9970 (checkpoint_metric=macro_auc)
train epoch 130/200 batch 13/66 (20%) running_loss=0.4115
train epoch 130/200 batch 26/66 (39%) running_loss=0.4095
train epoch 130/200 batch 39/66 (59%) running_loss=0.4059
train epoch 130/200 batch 52/66 (79%) running_loss=0.4081
train epoch 130/200 batch 65/66 (98%) running_loss=0.4014
train epoch 130/200 batch 66/66 (100%) running_loss=0.4019
epoch 130/200 done: train_loss=0.4019 val_loss=0.1699 val_accuracy=0.9693 val_macro_f1=0.9551 val_macro_auc=0.9972 (checkpoint_metric=macro_auc) [new best]
train epoch 131/200 batch 13/66 (20%) running_loss=0.3827
train epoch 131/200 batch 26/66 (39%) running_loss=0.3974
train epoch 131/200 batch 39/66 (59%) running_loss=0.4063
train epoch 131/200 batch 52/66 (79%) running_loss=0.4116
train epoch 131/200 batch 65/66 (98%) running_loss=0.4090
train epoch 131/200 batch 66/66 (100%) running_loss=0.4087
epoch 131/200 done: train_loss=0.4087 val_loss=0.1787 val_accuracy=0.9693 val_macro_f1=0.9568 val_macro_auc=0.9971 (checkpoint_metric=macro_auc)
train epoch 132/200 batch 13/66 (20%) running_loss=0.4074
train epoch 132/200 batch 26/66 (39%) running_loss=0.4074
train epoch 132/200 batch 39/66 (59%) running_loss=0.4037
train epoch 132/200 batch 52/66 (79%) running_loss=0.4052
train epoch 132/200 batch 65/66 (98%) running_loss=0.3976
train epoch 132/200 batch 66/66 (100%) running_loss=0.3976
epoch 132/200 done: train_loss=0.3976 val_loss=0.2035 val_accuracy=0.9570 val_macro_f1=0.9410 val_macro_auc=0.9961 (checkpoint_metric=macro_auc)
train epoch 133/200 batch 13/66 (20%) running_loss=0.4041
train epoch 133/200 batch 26/66 (39%) running_loss=0.3951
train epoch 133/200 batch 39/66 (59%) running_loss=0.3988
train epoch 133/200 batch 52/66 (79%) running_loss=0.3984
train epoch 133/200 batch 65/66 (98%) running_loss=0.4001
train epoch 133/200 batch 66/66 (100%) running_loss=0.3998
epoch 133/200 done: train_loss=0.3998 val_loss=0.1741 val_accuracy=0.9631 val_macro_f1=0.9469 val_macro_auc=0.9962 (checkpoint_metric=macro_auc)
train epoch 134/200 batch 13/66 (20%) running_loss=0.3935
train epoch 134/200 batch 26/66 (39%) running_loss=0.3972
train epoch 134/200 batch 39/66 (59%) running_loss=0.3927
train epoch 134/200 batch 52/66 (79%) running_loss=0.3905
train epoch 134/200 batch 65/66 (98%) running_loss=0.3935
train epoch 134/200 batch 66/66 (100%) running_loss=0.3938
epoch 134/200 done: train_loss=0.3938 val_loss=0.1979 val_accuracy=0.9447 val_macro_f1=0.9204 val_macro_auc=0.9954 (checkpoint_metric=macro_auc)
train epoch 135/200 batch 13/66 (20%) running_loss=0.4151
train epoch 135/200 batch 26/66 (39%) running_loss=0.4037
train epoch 135/200 batch 39/66 (59%) running_loss=0.3907
train epoch 135/200 batch 52/66 (79%) running_loss=0.3943
train epoch 135/200 batch 65/66 (98%) running_loss=0.3972
train epoch 135/200 batch 66/66 (100%) running_loss=0.3973
epoch 135/200 done: train_loss=0.3973 val_loss=0.2177 val_accuracy=0.9570 val_macro_f1=0.9400 val_macro_auc=0.9960 (checkpoint_metric=macro_auc)
train epoch 136/200 batch 13/66 (20%) running_loss=0.3786
train epoch 136/200 batch 26/66 (39%) running_loss=0.3828
train epoch 136/200 batch 39/66 (59%) running_loss=0.3850
train epoch 136/200 batch 52/66 (79%) running_loss=0.3897
train epoch 136/200 batch 65/66 (98%) running_loss=0.3916
train epoch 136/200 batch 66/66 (100%) running_loss=0.3913
epoch 136/200 done: train_loss=0.3913 val_loss=0.1978 val_accuracy=0.9590 val_macro_f1=0.9437 val_macro_auc=0.9963 (checkpoint_metric=macro_auc)
train epoch 137/200 batch 13/66 (20%) running_loss=0.3787
train epoch 137/200 batch 26/66 (39%) running_loss=0.3818
train epoch 137/200 batch 39/66 (59%) running_loss=0.3805
train epoch 137/200 batch 52/66 (79%) running_loss=0.3884
train epoch 137/200 batch 65/66 (98%) running_loss=0.3970
train epoch 137/200 batch 66/66 (100%) running_loss=0.3968
epoch 137/200 done: train_loss=0.3968 val_loss=0.1690 val_accuracy=0.9672 val_macro_f1=0.9546 val_macro_auc=0.9968 (checkpoint_metric=macro_auc)
train epoch 138/200 batch 13/66 (20%) running_loss=0.3886
train epoch 138/200 batch 26/66 (39%) running_loss=0.3956
train epoch 138/200 batch 39/66 (59%) running_loss=0.3918
train epoch 138/200 batch 52/66 (79%) running_loss=0.3858
train epoch 138/200 batch 65/66 (98%) running_loss=0.3824
train epoch 138/200 batch 66/66 (100%) running_loss=0.3821
epoch 138/200 done: train_loss=0.3821 val_loss=0.1980 val_accuracy=0.9611 val_macro_f1=0.9481 val_macro_auc=0.9966 (checkpoint_metric=macro_auc)
train epoch 139/200 batch 13/66 (20%) running_loss=0.3995
train epoch 139/200 batch 26/66 (39%) running_loss=0.3828
train epoch 139/200 batch 39/66 (59%) running_loss=0.3788
train epoch 139/200 batch 52/66 (79%) running_loss=0.3861
train epoch 139/200 batch 65/66 (98%) running_loss=0.3860
train epoch 139/200 batch 66/66 (100%) running_loss=0.3869
epoch 139/200 done: train_loss=0.3869 val_loss=0.1715 val_accuracy=0.9652 val_macro_f1=0.9526 val_macro_auc=0.9974 (checkpoint_metric=macro_auc)
train epoch 140/200 batch 13/66 (20%) running_loss=0.4040
train epoch 140/200 batch 26/66 (39%) running_loss=0.3957
train epoch 140/200 batch 39/66 (59%) running_loss=0.3962
train epoch 140/200 batch 52/66 (79%) running_loss=0.3910
train epoch 140/200 batch 65/66 (98%) running_loss=0.3924
train epoch 140/200 batch 66/66 (100%) running_loss=0.3915
epoch 140/200 done: train_loss=0.3915 val_loss=0.1833 val_accuracy=0.9611 val_macro_f1=0.9461 val_macro_auc=0.9973 (checkpoint_metric=macro_auc)
train epoch 141/200 batch 13/66 (20%) running_loss=0.4087
train epoch 141/200 batch 26/66 (39%) running_loss=0.3920
train epoch 141/200 batch 39/66 (59%) running_loss=0.3909
train epoch 141/200 batch 52/66 (79%) running_loss=0.3933
train epoch 141/200 batch 65/66 (98%) running_loss=0.3885
train epoch 141/200 batch 66/66 (100%) running_loss=0.3888
epoch 141/200 done: train_loss=0.3888 val_loss=0.1752 val_accuracy=0.9672 val_macro_f1=0.9537 val_macro_auc=0.9963 (checkpoint_metric=macro_auc)
train epoch 142/200 batch 13/66 (20%) running_loss=0.3685
train epoch 142/200 batch 26/66 (39%) running_loss=0.3661
train epoch 142/200 batch 39/66 (59%) running_loss=0.3647
train epoch 142/200 batch 52/66 (79%) running_loss=0.3671
train epoch 142/200 batch 65/66 (98%) running_loss=0.3720
train epoch 142/200 batch 66/66 (100%) running_loss=0.3743
epoch 142/200 done: train_loss=0.3743 val_loss=0.1746 val_accuracy=0.9611 val_macro_f1=0.9476 val_macro_auc=0.9968 (checkpoint_metric=macro_auc)
train epoch 143/200 batch 13/66 (20%) running_loss=0.3799
train epoch 143/200 batch 26/66 (39%) running_loss=0.3801
train epoch 143/200 batch 39/66 (59%) running_loss=0.3822
train epoch 143/200 batch 52/66 (79%) running_loss=0.3795
train epoch 143/200 batch 65/66 (98%) running_loss=0.3814
train epoch 143/200 batch 66/66 (100%) running_loss=0.3814
epoch 143/200 done: train_loss=0.3814 val_loss=0.1879 val_accuracy=0.9652 val_macro_f1=0.9509 val_macro_auc=0.9967 (checkpoint_metric=macro_auc)
train epoch 144/200 batch 13/66 (20%) running_loss=0.3768
train epoch 144/200 batch 26/66 (39%) running_loss=0.3845
train epoch 144/200 batch 39/66 (59%) running_loss=0.3893
train epoch 144/200 batch 52/66 (79%) running_loss=0.3905
train epoch 144/200 batch 65/66 (98%) running_loss=0.3928
train epoch 144/200 batch 66/66 (100%) running_loss=0.3925
epoch 144/200 done: train_loss=0.3925 val_loss=0.1840 val_accuracy=0.9672 val_macro_f1=0.9558 val_macro_auc=0.9967 (checkpoint_metric=macro_auc)
train epoch 145/200 batch 13/66 (20%) running_loss=0.3933
train epoch 145/200 batch 26/66 (39%) running_loss=0.3842
train epoch 145/200 batch 39/66 (59%) running_loss=0.3804
train epoch 145/200 batch 52/66 (79%) running_loss=0.3746
train epoch 145/200 batch 65/66 (98%) running_loss=0.3796
train epoch 145/200 batch 66/66 (100%) running_loss=0.3793
epoch 145/200 done: train_loss=0.3793 val_loss=0.1940 val_accuracy=0.9672 val_macro_f1=0.9555 val_macro_auc=0.9968 (checkpoint_metric=macro_auc)
train epoch 146/200 batch 13/66 (20%) running_loss=0.3638
train epoch 146/200 batch 26/66 (39%) running_loss=0.3582
train epoch 146/200 batch 39/66 (59%) running_loss=0.3648
train epoch 146/200 batch 52/66 (79%) running_loss=0.3666
train epoch 146/200 batch 65/66 (98%) running_loss=0.3708
train epoch 146/200 batch 66/66 (100%) running_loss=0.3703
epoch 146/200 done: train_loss=0.3703 val_loss=0.2007 val_accuracy=0.9549 val_macro_f1=0.9378 val_macro_auc=0.9933 (checkpoint_metric=macro_auc)
train epoch 147/200 batch 13/66 (20%) running_loss=0.3622
train epoch 147/200 batch 26/66 (39%) running_loss=0.3660
train epoch 147/200 batch 39/66 (59%) running_loss=0.3700
train epoch 147/200 batch 52/66 (79%) running_loss=0.3710
train epoch 147/200 batch 65/66 (98%) running_loss=0.3737
train epoch 147/200 batch 66/66 (100%) running_loss=0.3738
epoch 147/200 done: train_loss=0.3738 val_loss=0.1855 val_accuracy=0.9631 val_macro_f1=0.9499 val_macro_auc=0.9966 (checkpoint_metric=macro_auc)
train epoch 148/200 batch 13/66 (20%) running_loss=0.3619
train epoch 148/200 batch 26/66 (39%) running_loss=0.3737
train epoch 148/200 batch 39/66 (59%) running_loss=0.3670
train epoch 148/200 batch 52/66 (79%) running_loss=0.3716
train epoch 148/200 batch 65/66 (98%) running_loss=0.3677
train epoch 148/200 batch 66/66 (100%) running_loss=0.3672
epoch 148/200 done: train_loss=0.3672 val_loss=0.1939 val_accuracy=0.9590 val_macro_f1=0.9418 val_macro_auc=0.9951 (checkpoint_metric=macro_auc)
train epoch 149/200 batch 13/66 (20%) running_loss=0.3888
train epoch 149/200 batch 26/66 (39%) running_loss=0.3856
train epoch 149/200 batch 39/66 (59%) running_loss=0.3796
train epoch 149/200 batch 52/66 (79%) running_loss=0.3786
train epoch 149/200 batch 65/66 (98%) running_loss=0.3794
train epoch 149/200 batch 66/66 (100%) running_loss=0.3789
epoch 149/200 done: train_loss=0.3789 val_loss=0.2077 val_accuracy=0.9549 val_macro_f1=0.9370 val_macro_auc=0.9945 (checkpoint_metric=macro_auc)
train epoch 150/200 batch 13/66 (20%) running_loss=0.3742
train epoch 150/200 batch 26/66 (39%) running_loss=0.3831
train epoch 150/200 batch 39/66 (59%) running_loss=0.3763
train epoch 150/200 batch 52/66 (79%) running_loss=0.3776
train epoch 150/200 batch 65/66 (98%) running_loss=0.3771
train epoch 150/200 batch 66/66 (100%) running_loss=0.3765
epoch 150/200 done: train_loss=0.3765 val_loss=0.1810 val_accuracy=0.9631 val_macro_f1=0.9495 val_macro_auc=0.9965 (checkpoint_metric=macro_auc)
train epoch 151/200 batch 13/66 (20%) running_loss=0.3744
train epoch 151/200 batch 26/66 (39%) running_loss=0.3804
train epoch 151/200 batch 39/66 (59%) running_loss=0.3787
train epoch 151/200 batch 52/66 (79%) running_loss=0.3812
train epoch 151/200 batch 65/66 (98%) running_loss=0.3796
train epoch 151/200 batch 66/66 (100%) running_loss=0.3798
epoch 151/200 done: train_loss=0.3798 val_loss=0.1881 val_accuracy=0.9631 val_macro_f1=0.9485 val_macro_auc=0.9971 (checkpoint_metric=macro_auc)
train epoch 152/200 batch 13/66 (20%) running_loss=0.3746
train epoch 152/200 batch 26/66 (39%) running_loss=0.3807
train epoch 152/200 batch 39/66 (59%) running_loss=0.3744
train epoch 152/200 batch 52/66 (79%) running_loss=0.3764
train epoch 152/200 batch 65/66 (98%) running_loss=0.3777
train epoch 152/200 batch 66/66 (100%) running_loss=0.3773
epoch 152/200 done: train_loss=0.3773 val_loss=0.1857 val_accuracy=0.9652 val_macro_f1=0.9549 val_macro_auc=0.9975 (checkpoint_metric=macro_auc)
train epoch 153/200 batch 13/66 (20%) running_loss=0.3819
train epoch 153/200 batch 26/66 (39%) running_loss=0.3685
train epoch 153/200 batch 39/66 (59%) running_loss=0.3711
train epoch 153/200 batch 52/66 (79%) running_loss=0.3729
train epoch 153/200 batch 65/66 (98%) running_loss=0.3686
train epoch 153/200 batch 66/66 (100%) running_loss=0.3681
epoch 153/200 done: train_loss=0.3681 val_loss=0.1767 val_accuracy=0.9693 val_macro_f1=0.9579 val_macro_auc=0.9976 (checkpoint_metric=macro_auc) [new best]
train epoch 154/200 batch 13/66 (20%) running_loss=0.3814
train epoch 154/200 batch 26/66 (39%) running_loss=0.3783
train epoch 154/200 batch 39/66 (59%) running_loss=0.3753
train epoch 154/200 batch 52/66 (79%) running_loss=0.3728
train epoch 154/200 batch 65/66 (98%) running_loss=0.3732
train epoch 154/200 batch 66/66 (100%) running_loss=0.3727
epoch 154/200 done: train_loss=0.3727 val_loss=0.1686 val_accuracy=0.9693 val_macro_f1=0.9596 val_macro_auc=0.9974 (checkpoint_metric=macro_auc) [new best]
train epoch 155/200 batch 13/66 (20%) running_loss=0.3654
train epoch 155/200 batch 26/66 (39%) running_loss=0.3669
train epoch 155/200 batch 39/66 (59%) running_loss=0.3691
train epoch 155/200 batch 52/66 (79%) running_loss=0.3711
train epoch 155/200 batch 65/66 (98%) running_loss=0.3681
train epoch 155/200 batch 66/66 (100%) running_loss=0.3681
epoch 155/200 done: train_loss=0.3681 val_loss=0.1778 val_accuracy=0.9631 val_macro_f1=0.9509 val_macro_auc=0.9974 (checkpoint_metric=macro_auc)
train epoch 156/200 batch 13/66 (20%) running_loss=0.3661
train epoch 156/200 batch 26/66 (39%) running_loss=0.3701
train epoch 156/200 batch 39/66 (59%) running_loss=0.3684
train epoch 156/200 batch 52/66 (79%) running_loss=0.3647
train epoch 156/200 batch 65/66 (98%) running_loss=0.3675
train epoch 156/200 batch 66/66 (100%) running_loss=0.3672
epoch 156/200 done: train_loss=0.3672 val_loss=0.1759 val_accuracy=0.9672 val_macro_f1=0.9537 val_macro_auc=0.9966 (checkpoint_metric=macro_auc)
train epoch 157/200 batch 13/66 (20%) running_loss=0.3914
train epoch 157/200 batch 26/66 (39%) running_loss=0.3729
train epoch 157/200 batch 39/66 (59%) running_loss=0.3718
train epoch 157/200 batch 52/66 (79%) running_loss=0.3699
train epoch 157/200 batch 65/66 (98%) running_loss=0.3708
train epoch 157/200 batch 66/66 (100%) running_loss=0.3703
epoch 157/200 done: train_loss=0.3703 val_loss=0.1823 val_accuracy=0.9693 val_macro_f1=0.9574 val_macro_auc=0.9968 (checkpoint_metric=macro_auc)
train epoch 158/200 batch 13/66 (20%) running_loss=0.3796
train epoch 158/200 batch 26/66 (39%) running_loss=0.3742
train epoch 158/200 batch 39/66 (59%) running_loss=0.3722
train epoch 158/200 batch 52/66 (79%) running_loss=0.3733
train epoch 158/200 batch 65/66 (98%) running_loss=0.3669
train epoch 158/200 batch 66/66 (100%) running_loss=0.3664
epoch 158/200 done: train_loss=0.3664 val_loss=0.1671 val_accuracy=0.9631 val_macro_f1=0.9465 val_macro_auc=0.9966 (checkpoint_metric=macro_auc)
train epoch 159/200 batch 13/66 (20%) running_loss=0.3676
train epoch 159/200 batch 26/66 (39%) running_loss=0.3765
train epoch 159/200 batch 39/66 (59%) running_loss=0.3758
train epoch 159/200 batch 52/66 (79%) running_loss=0.3764
train epoch 159/200 batch 65/66 (98%) running_loss=0.3738
train epoch 159/200 batch 66/66 (100%) running_loss=0.3732
epoch 159/200 done: train_loss=0.3732 val_loss=0.1836 val_accuracy=0.9631 val_macro_f1=0.9521 val_macro_auc=0.9966 (checkpoint_metric=macro_auc)
train epoch 160/200 batch 13/66 (20%) running_loss=0.3752
train epoch 160/200 batch 26/66 (39%) running_loss=0.3640
train epoch 160/200 batch 39/66 (59%) running_loss=0.3643
train epoch 160/200 batch 52/66 (79%) running_loss=0.3703
train epoch 160/200 batch 65/66 (98%) running_loss=0.3731
train epoch 160/200 batch 66/66 (100%) running_loss=0.3724
epoch 160/200 done: train_loss=0.3724 val_loss=0.1893 val_accuracy=0.9713 val_macro_f1=0.9595 val_macro_auc=0.9955 (checkpoint_metric=macro_auc)
train epoch 161/200 batch 13/66 (20%) running_loss=0.3763
train epoch 161/200 batch 26/66 (39%) running_loss=0.3744
train epoch 161/200 batch 39/66 (59%) running_loss=0.3689
train epoch 161/200 batch 52/66 (79%) running_loss=0.3632
train epoch 161/200 batch 65/66 (98%) running_loss=0.3656
train epoch 161/200 batch 66/66 (100%) running_loss=0.3658
epoch 161/200 done: train_loss=0.3658 val_loss=0.1793 val_accuracy=0.9652 val_macro_f1=0.9503 val_macro_auc=0.9960 (checkpoint_metric=macro_auc)
train epoch 162/200 batch 13/66 (20%) running_loss=0.3797
train epoch 162/200 batch 26/66 (39%) running_loss=0.3705
train epoch 162/200 batch 39/66 (59%) running_loss=0.3706
train epoch 162/200 batch 52/66 (79%) running_loss=0.3692
train epoch 162/200 batch 65/66 (98%) running_loss=0.3669
train epoch 162/200 batch 66/66 (100%) running_loss=0.3671
epoch 162/200 done: train_loss=0.3671 val_loss=0.1902 val_accuracy=0.9590 val_macro_f1=0.9417 val_macro_auc=0.9957 (checkpoint_metric=macro_auc)
train epoch 163/200 batch 13/66 (20%) running_loss=0.3569
train epoch 163/200 batch 26/66 (39%) running_loss=0.3548
train epoch 163/200 batch 39/66 (59%) running_loss=0.3588
train epoch 163/200 batch 52/66 (79%) running_loss=0.3606
train epoch 163/200 batch 65/66 (98%) running_loss=0.3580
train epoch 163/200 batch 66/66 (100%) running_loss=0.3593
epoch 163/200 done: train_loss=0.3593 val_loss=0.1736 val_accuracy=0.9693 val_macro_f1=0.9590 val_macro_auc=0.9965 (checkpoint_metric=macro_auc)
train epoch 164/200 batch 13/66 (20%) running_loss=0.3645
train epoch 164/200 batch 26/66 (39%) running_loss=0.3655
train epoch 164/200 batch 39/66 (59%) running_loss=0.3637
train epoch 164/200 batch 52/66 (79%) running_loss=0.3624
train epoch 164/200 batch 65/66 (98%) running_loss=0.3639
train epoch 164/200 batch 66/66 (100%) running_loss=0.3634
epoch 164/200 done: train_loss=0.3634 val_loss=0.1649 val_accuracy=0.9672 val_macro_f1=0.9535 val_macro_auc=0.9961 (checkpoint_metric=macro_auc)
train epoch 165/200 batch 13/66 (20%) running_loss=0.3593
train epoch 165/200 batch 26/66 (39%) running_loss=0.3608
train epoch 165/200 batch 39/66 (59%) running_loss=0.3574
train epoch 165/200 batch 52/66 (79%) running_loss=0.3590
train epoch 165/200 batch 65/66 (98%) running_loss=0.3575
train epoch 165/200 batch 66/66 (100%) running_loss=0.3575
epoch 165/200 done: train_loss=0.3575 val_loss=0.1768 val_accuracy=0.9693 val_macro_f1=0.9570 val_macro_auc=0.9959 (checkpoint_metric=macro_auc)
train epoch 166/200 batch 13/66 (20%) running_loss=0.3869
train epoch 166/200 batch 26/66 (39%) running_loss=0.3716
train epoch 166/200 batch 39/66 (59%) running_loss=0.3682
train epoch 166/200 batch 52/66 (79%) running_loss=0.3614
train epoch 166/200 batch 65/66 (98%) running_loss=0.3644
train epoch 166/200 batch 66/66 (100%) running_loss=0.3647
epoch 166/200 done: train_loss=0.3647 val_loss=0.1692 val_accuracy=0.9713 val_macro_f1=0.9616 val_macro_auc=0.9972 (checkpoint_metric=macro_auc)
train epoch 167/200 batch 13/66 (20%) running_loss=0.3594
train epoch 167/200 batch 26/66 (39%) running_loss=0.3516
train epoch 167/200 batch 39/66 (59%) running_loss=0.3500
train epoch 167/200 batch 52/66 (79%) running_loss=0.3480
train epoch 167/200 batch 65/66 (98%) running_loss=0.3500
train epoch 167/200 batch 66/66 (100%) running_loss=0.3500
epoch 167/200 done: train_loss=0.3500 val_loss=0.1696 val_accuracy=0.9672 val_macro_f1=0.9558 val_macro_auc=0.9970 (checkpoint_metric=macro_auc)
train epoch 168/200 batch 13/66 (20%) running_loss=0.3575
train epoch 168/200 batch 26/66 (39%) running_loss=0.3603
train epoch 168/200 batch 39/66 (59%) running_loss=0.3593
train epoch 168/200 batch 52/66 (79%) running_loss=0.3602
train epoch 168/200 batch 65/66 (98%) running_loss=0.3600
train epoch 168/200 batch 66/66 (100%) running_loss=0.3609
epoch 168/200 done: train_loss=0.3609 val_loss=0.1791 val_accuracy=0.9693 val_macro_f1=0.9594 val_macro_auc=0.9959 (checkpoint_metric=macro_auc)
train epoch 169/200 batch 13/66 (20%) running_loss=0.3631
train epoch 169/200 batch 26/66 (39%) running_loss=0.3538
train epoch 169/200 batch 39/66 (59%) running_loss=0.3509
train epoch 169/200 batch 52/66 (79%) running_loss=0.3551
train epoch 169/200 batch 65/66 (98%) running_loss=0.3590
train epoch 169/200 batch 66/66 (100%) running_loss=0.3594
epoch 169/200 done: train_loss=0.3594 val_loss=0.1655 val_accuracy=0.9693 val_macro_f1=0.9580 val_macro_auc=0.9961 (checkpoint_metric=macro_auc)
train epoch 170/200 batch 13/66 (20%) running_loss=0.3558
train epoch 170/200 batch 26/66 (39%) running_loss=0.3503
train epoch 170/200 batch 39/66 (59%) running_loss=0.3575
train epoch 170/200 batch 52/66 (79%) running_loss=0.3565
train epoch 170/200 batch 65/66 (98%) running_loss=0.3560
train epoch 170/200 batch 66/66 (100%) running_loss=0.3558
epoch 170/200 done: train_loss=0.3558 val_loss=0.1701 val_accuracy=0.9693 val_macro_f1=0.9590 val_macro_auc=0.9963 (checkpoint_metric=macro_auc)
train epoch 171/200 batch 13/66 (20%) running_loss=0.3422
train epoch 171/200 batch 26/66 (39%) running_loss=0.3534
train epoch 171/200 batch 39/66 (59%) running_loss=0.3482
train epoch 171/200 batch 52/66 (79%) running_loss=0.3535
train epoch 171/200 batch 65/66 (98%) running_loss=0.3565
train epoch 171/200 batch 66/66 (100%) running_loss=0.3575
epoch 171/200 done: train_loss=0.3575 val_loss=0.1742 val_accuracy=0.9611 val_macro_f1=0.9482 val_macro_auc=0.9968 (checkpoint_metric=macro_auc)
train epoch 172/200 batch 13/66 (20%) running_loss=0.3701
train epoch 172/200 batch 26/66 (39%) running_loss=0.3605
train epoch 172/200 batch 39/66 (59%) running_loss=0.3637
train epoch 172/200 batch 52/66 (79%) running_loss=0.3655
train epoch 172/200 batch 65/66 (98%) running_loss=0.3637
train epoch 172/200 batch 66/66 (100%) running_loss=0.3634
epoch 172/200 done: train_loss=0.3634 val_loss=0.1665 val_accuracy=0.9672 val_macro_f1=0.9559 val_macro_auc=0.9971 (checkpoint_metric=macro_auc)
train epoch 173/200 batch 13/66 (20%) running_loss=0.3597
train epoch 173/200 batch 26/66 (39%) running_loss=0.3587
train epoch 173/200 batch 39/66 (59%) running_loss=0.3525
train epoch 173/200 batch 52/66 (79%) running_loss=0.3537
train epoch 173/200 batch 65/66 (98%) running_loss=0.3576
train epoch 173/200 batch 66/66 (100%) running_loss=0.3577
epoch 173/200 done: train_loss=0.3577 val_loss=0.1729 val_accuracy=0.9631 val_macro_f1=0.9499 val_macro_auc=0.9970 (checkpoint_metric=macro_auc)
train epoch 174/200 batch 13/66 (20%) running_loss=0.3292
train epoch 174/200 batch 26/66 (39%) running_loss=0.3416
train epoch 174/200 batch 39/66 (59%) running_loss=0.3503
train epoch 174/200 batch 52/66 (79%) running_loss=0.3566
train epoch 174/200 batch 65/66 (98%) running_loss=0.3547
train epoch 174/200 batch 66/66 (100%) running_loss=0.3543
epoch 174/200 done: train_loss=0.3543 val_loss=0.1629 val_accuracy=0.9693 val_macro_f1=0.9578 val_macro_auc=0.9973 (checkpoint_metric=macro_auc)
train epoch 175/200 batch 13/66 (20%) running_loss=0.3407
train epoch 175/200 batch 26/66 (39%) running_loss=0.3511
train epoch 175/200 batch 39/66 (59%) running_loss=0.3519
train epoch 175/200 batch 52/66 (79%) running_loss=0.3533
train epoch 175/200 batch 65/66 (98%) running_loss=0.3546
train epoch 175/200 batch 66/66 (100%) running_loss=0.3546
epoch 175/200 done: train_loss=0.3546 val_loss=0.1553 val_accuracy=0.9693 val_macro_f1=0.9584 val_macro_auc=0.9975 (checkpoint_metric=macro_auc)
train epoch 176/200 batch 13/66 (20%) running_loss=0.3495
train epoch 176/200 batch 26/66 (39%) running_loss=0.3540
train epoch 176/200 batch 39/66 (59%) running_loss=0.3530
train epoch 176/200 batch 52/66 (79%) running_loss=0.3542
train epoch 176/200 batch 65/66 (98%) running_loss=0.3528
train epoch 176/200 batch 66/66 (100%) running_loss=0.3532
epoch 176/200 done: train_loss=0.3532 val_loss=0.1640 val_accuracy=0.9713 val_macro_f1=0.9600 val_macro_auc=0.9969 (checkpoint_metric=macro_auc)
train epoch 177/200 batch 13/66 (20%) running_loss=0.3552
train epoch 177/200 batch 26/66 (39%) running_loss=0.3547
train epoch 177/200 batch 39/66 (59%) running_loss=0.3573
train epoch 177/200 batch 52/66 (79%) running_loss=0.3613
train epoch 177/200 batch 65/66 (98%) running_loss=0.3624
train epoch 177/200 batch 66/66 (100%) running_loss=0.3621
epoch 177/200 done: train_loss=0.3621 val_loss=0.1655 val_accuracy=0.9713 val_macro_f1=0.9607 val_macro_auc=0.9971 (checkpoint_metric=macro_auc)
train epoch 178/200 batch 13/66 (20%) running_loss=0.3412
train epoch 178/200 batch 26/66 (39%) running_loss=0.3496
train epoch 178/200 batch 39/66 (59%) running_loss=0.3511
train epoch 178/200 batch 52/66 (79%) running_loss=0.3542
train epoch 178/200 batch 65/66 (98%) running_loss=0.3538
train epoch 178/200 batch 66/66 (100%) running_loss=0.3548
epoch 178/200 done: train_loss=0.3548 val_loss=0.1590 val_accuracy=0.9734 val_macro_f1=0.9639 val_macro_auc=0.9973 (checkpoint_metric=macro_auc)
train epoch 179/200 batch 13/66 (20%) running_loss=0.3641
train epoch 179/200 batch 26/66 (39%) running_loss=0.3572
train epoch 179/200 batch 39/66 (59%) running_loss=0.3568
train epoch 179/200 batch 52/66 (79%) running_loss=0.3553
train epoch 179/200 batch 65/66 (98%) running_loss=0.3557
train epoch 179/200 batch 66/66 (100%) running_loss=0.3557
epoch 179/200 done: train_loss=0.3557 val_loss=0.1647 val_accuracy=0.9713 val_macro_f1=0.9610 val_macro_auc=0.9973 (checkpoint_metric=macro_auc)
train epoch 180/200 batch 13/66 (20%) running_loss=0.3529
train epoch 180/200 batch 26/66 (39%) running_loss=0.3471
train epoch 180/200 batch 39/66 (59%) running_loss=0.3514
train epoch 180/200 batch 52/66 (79%) running_loss=0.3512
train epoch 180/200 batch 65/66 (98%) running_loss=0.3471
train epoch 180/200 batch 66/66 (100%) running_loss=0.3476
epoch 180/200 done: train_loss=0.3476 val_loss=0.1629 val_accuracy=0.9693 val_macro_f1=0.9578 val_macro_auc=0.9973 (checkpoint_metric=macro_auc)
train epoch 181/200 batch 13/66 (20%) running_loss=0.3451
train epoch 181/200 batch 26/66 (39%) running_loss=0.3439
train epoch 181/200 batch 39/66 (59%) running_loss=0.3460
train epoch 181/200 batch 52/66 (79%) running_loss=0.3467
train epoch 181/200 batch 65/66 (98%) running_loss=0.3515
train epoch 181/200 batch 66/66 (100%) running_loss=0.3511
epoch 181/200 done: train_loss=0.3511 val_loss=0.1562 val_accuracy=0.9754 val_macro_f1=0.9671 val_macro_auc=0.9975 (checkpoint_metric=macro_auc)
train epoch 182/200 batch 13/66 (20%) running_loss=0.3655
train epoch 182/200 batch 26/66 (39%) running_loss=0.3521
train epoch 182/200 batch 39/66 (59%) running_loss=0.3507
train epoch 182/200 batch 52/66 (79%) running_loss=0.3557
train epoch 182/200 batch 65/66 (98%) running_loss=0.3577
train epoch 182/200 batch 66/66 (100%) running_loss=0.3576
epoch 182/200 done: train_loss=0.3576 val_loss=0.1620 val_accuracy=0.9775 val_macro_f1=0.9702 val_macro_auc=0.9976 (checkpoint_metric=macro_auc)
train epoch 183/200 batch 13/66 (20%) running_loss=0.3485
train epoch 183/200 batch 26/66 (39%) running_loss=0.3468
train epoch 183/200 batch 39/66 (59%) running_loss=0.3564
train epoch 183/200 batch 52/66 (79%) running_loss=0.3534
train epoch 183/200 batch 65/66 (98%) running_loss=0.3531
train epoch 183/200 batch 66/66 (100%) running_loss=0.3527
epoch 183/200 done: train_loss=0.3527 val_loss=0.1563 val_accuracy=0.9754 val_macro_f1=0.9674 val_macro_auc=0.9976 (checkpoint_metric=macro_auc) [new best]
train epoch 184/200 batch 13/66 (20%) running_loss=0.3574
train epoch 184/200 batch 26/66 (39%) running_loss=0.3454
train epoch 184/200 batch 39/66 (59%) running_loss=0.3458
train epoch 184/200 batch 52/66 (79%) running_loss=0.3487
train epoch 184/200 batch 65/66 (98%) running_loss=0.3502
train epoch 184/200 batch 66/66 (100%) running_loss=0.3503
epoch 184/200 done: train_loss=0.3503 val_loss=0.1557 val_accuracy=0.9713 val_macro_f1=0.9607 val_macro_auc=0.9975 (checkpoint_metric=macro_auc)
train epoch 185/200 batch 13/66 (20%) running_loss=0.3485
train epoch 185/200 batch 26/66 (39%) running_loss=0.3565
train epoch 185/200 batch 39/66 (59%) running_loss=0.3561
train epoch 185/200 batch 52/66 (79%) running_loss=0.3543
train epoch 185/200 batch 65/66 (98%) running_loss=0.3554
train epoch 185/200 batch 66/66 (100%) running_loss=0.3551
epoch 185/200 done: train_loss=0.3551 val_loss=0.1573 val_accuracy=0.9734 val_macro_f1=0.9642 val_macro_auc=0.9974 (checkpoint_metric=macro_auc)
train epoch 186/200 batch 13/66 (20%) running_loss=0.3491
train epoch 186/200 batch 26/66 (39%) running_loss=0.3570
train epoch 186/200 batch 39/66 (59%) running_loss=0.3588
train epoch 186/200 batch 52/66 (79%) running_loss=0.3543
train epoch 186/200 batch 65/66 (98%) running_loss=0.3578
train epoch 186/200 batch 66/66 (100%) running_loss=0.3577
epoch 186/200 done: train_loss=0.3577 val_loss=0.1557 val_accuracy=0.9713 val_macro_f1=0.9607 val_macro_auc=0.9974 (checkpoint_metric=macro_auc)
train epoch 187/200 batch 13/66 (20%) running_loss=0.3376
train epoch 187/200 batch 26/66 (39%) running_loss=0.3453
train epoch 187/200 batch 39/66 (59%) running_loss=0.3478
train epoch 187/200 batch 52/66 (79%) running_loss=0.3463
train epoch 187/200 batch 65/66 (98%) running_loss=0.3485
train epoch 187/200 batch 66/66 (100%) running_loss=0.3482
epoch 187/200 done: train_loss=0.3482 val_loss=0.1581 val_accuracy=0.9713 val_macro_f1=0.9604 val_macro_auc=0.9974 (checkpoint_metric=macro_auc)
train epoch 188/200 batch 13/66 (20%) running_loss=0.3658
train epoch 188/200 batch 26/66 (39%) running_loss=0.3627
train epoch 188/200 batch 39/66 (59%) running_loss=0.3614
train epoch 188/200 batch 52/66 (79%) running_loss=0.3645
train epoch 188/200 batch 65/66 (98%) running_loss=0.3621
train epoch 188/200 batch 66/66 (100%) running_loss=0.3620
epoch 188/200 done: train_loss=0.3620 val_loss=0.1605 val_accuracy=0.9713 val_macro_f1=0.9607 val_macro_auc=0.9975 (checkpoint_metric=macro_auc)
train epoch 189/200 batch 13/66 (20%) running_loss=0.3588
train epoch 189/200 batch 26/66 (39%) running_loss=0.3542
train epoch 189/200 batch 39/66 (59%) running_loss=0.3581
train epoch 189/200 batch 52/66 (79%) running_loss=0.3585
train epoch 189/200 batch 65/66 (98%) running_loss=0.3602
train epoch 189/200 batch 66/66 (100%) running_loss=0.3602
epoch 189/200 done: train_loss=0.3602 val_loss=0.1615 val_accuracy=0.9713 val_macro_f1=0.9622 val_macro_auc=0.9973 (checkpoint_metric=macro_auc)
train epoch 190/200 batch 13/66 (20%) running_loss=0.3558
train epoch 190/200 batch 26/66 (39%) running_loss=0.3524
train epoch 190/200 batch 39/66 (59%) running_loss=0.3529
train epoch 190/200 batch 52/66 (79%) running_loss=0.3508
train epoch 190/200 batch 65/66 (98%) running_loss=0.3533
train epoch 190/200 batch 66/66 (100%) running_loss=0.3530
epoch 190/200 done: train_loss=0.3530 val_loss=0.1578 val_accuracy=0.9754 val_macro_f1=0.9670 val_macro_auc=0.9976 (checkpoint_metric=macro_auc)
train epoch 191/200 batch 13/66 (20%) running_loss=0.3590
train epoch 191/200 batch 26/66 (39%) running_loss=0.3530
train epoch 191/200 batch 39/66 (59%) running_loss=0.3475
train epoch 191/200 batch 52/66 (79%) running_loss=0.3508
train epoch 191/200 batch 65/66 (98%) running_loss=0.3483
train epoch 191/200 batch 66/66 (100%) running_loss=0.3494
epoch 191/200 done: train_loss=0.3494 val_loss=0.1559 val_accuracy=0.9713 val_macro_f1=0.9607 val_macro_auc=0.9975 (checkpoint_metric=macro_auc)
train epoch 192/200 batch 13/66 (20%) running_loss=0.3623
train epoch 192/200 batch 26/66 (39%) running_loss=0.3560
train epoch 192/200 batch 39/66 (59%) running_loss=0.3533
train epoch 192/200 batch 52/66 (79%) running_loss=0.3544
train epoch 192/200 batch 65/66 (98%) running_loss=0.3523
train epoch 192/200 batch 66/66 (100%) running_loss=0.3520
epoch 192/200 done: train_loss=0.3520 val_loss=0.1561 val_accuracy=0.9693 val_macro_f1=0.9575 val_macro_auc=0.9975 (checkpoint_metric=macro_auc)
train epoch 193/200 batch 13/66 (20%) running_loss=0.3433
train epoch 193/200 batch 26/66 (39%) running_loss=0.3476
train epoch 193/200 batch 39/66 (59%) running_loss=0.3453
train epoch 193/200 batch 52/66 (79%) running_loss=0.3458
train epoch 193/200 batch 65/66 (98%) running_loss=0.3503
train epoch 193/200 batch 66/66 (100%) running_loss=0.3501
epoch 193/200 done: train_loss=0.3501 val_loss=0.1561 val_accuracy=0.9775 val_macro_f1=0.9705 val_macro_auc=0.9974 (checkpoint_metric=macro_auc)
train epoch 194/200 batch 13/66 (20%) running_loss=0.3481
train epoch 194/200 batch 26/66 (39%) running_loss=0.3418
train epoch 194/200 batch 39/66 (59%) running_loss=0.3450
train epoch 194/200 batch 52/66 (79%) running_loss=0.3433
train epoch 194/200 batch 65/66 (98%) running_loss=0.3461
train epoch 194/200 batch 66/66 (100%) running_loss=0.3464
epoch 194/200 done: train_loss=0.3464 val_loss=0.1586 val_accuracy=0.9713 val_macro_f1=0.9610 val_macro_auc=0.9975 (checkpoint_metric=macro_auc)
train epoch 195/200 batch 13/66 (20%) running_loss=0.3636
train epoch 195/200 batch 26/66 (39%) running_loss=0.3592
train epoch 195/200 batch 39/66 (59%) running_loss=0.3524
train epoch 195/200 batch 52/66 (79%) running_loss=0.3501
train epoch 195/200 batch 65/66 (98%) running_loss=0.3484
train epoch 195/200 batch 66/66 (100%) running_loss=0.3488
epoch 195/200 done: train_loss=0.3488 val_loss=0.1604 val_accuracy=0.9775 val_macro_f1=0.9705 val_macro_auc=0.9975 (checkpoint_metric=macro_auc)
train epoch 196/200 batch 13/66 (20%) running_loss=0.3620
train epoch 196/200 batch 26/66 (39%) running_loss=0.3499
train epoch 196/200 batch 39/66 (59%) running_loss=0.3503
train epoch 196/200 batch 52/66 (79%) running_loss=0.3548
train epoch 196/200 batch 65/66 (98%) running_loss=0.3536
train epoch 196/200 batch 66/66 (100%) running_loss=0.3535
epoch 196/200 done: train_loss=0.3535 val_loss=0.1558 val_accuracy=0.9775 val_macro_f1=0.9702 val_macro_auc=0.9975 (checkpoint_metric=macro_auc)
train epoch 197/200 batch 13/66 (20%) running_loss=0.3595
train epoch 197/200 batch 26/66 (39%) running_loss=0.3580
train epoch 197/200 batch 39/66 (59%) running_loss=0.3561
train epoch 197/200 batch 52/66 (79%) running_loss=0.3522
train epoch 197/200 batch 65/66 (98%) running_loss=0.3539
train epoch 197/200 batch 66/66 (100%) running_loss=0.3535
epoch 197/200 done: train_loss=0.3535 val_loss=0.1596 val_accuracy=0.9734 val_macro_f1=0.9642 val_macro_auc=0.9975 (checkpoint_metric=macro_auc)
train epoch 198/200 batch 13/66 (20%) running_loss=0.3666
train epoch 198/200 batch 26/66 (39%) running_loss=0.3613
train epoch 198/200 batch 39/66 (59%) running_loss=0.3548
train epoch 198/200 batch 52/66 (79%) running_loss=0.3550
train epoch 198/200 batch 65/66 (98%) running_loss=0.3562
train epoch 198/200 batch 66/66 (100%) running_loss=0.3562
epoch 198/200 done: train_loss=0.3562 val_loss=0.1601 val_accuracy=0.9734 val_macro_f1=0.9654 val_macro_auc=0.9975 (checkpoint_metric=macro_auc)
train epoch 199/200 batch 13/66 (20%) running_loss=0.3550
train epoch 199/200 batch 26/66 (39%) running_loss=0.3552
train epoch 199/200 batch 39/66 (59%) running_loss=0.3545
train epoch 199/200 batch 52/66 (79%) running_loss=0.3552
train epoch 199/200 batch 65/66 (98%) running_loss=0.3534
train epoch 199/200 batch 66/66 (100%) running_loss=0.3528
epoch 199/200 done: train_loss=0.3528 val_loss=0.1565 val_accuracy=0.9734 val_macro_f1=0.9639 val_macro_auc=0.9975 (checkpoint_metric=macro_auc)
train epoch 200/200 batch 13/66 (20%) running_loss=0.3494
train epoch 200/200 batch 26/66 (39%) running_loss=0.3571
train epoch 200/200 batch 39/66 (59%) running_loss=0.3549
train epoch 200/200 batch 52/66 (79%) running_loss=0.3528
train epoch 200/200 batch 65/66 (98%) running_loss=0.3530
train epoch 200/200 batch 66/66 (100%) running_loss=0.3526
epoch 200/200 done: train_loss=0.3526 val_loss=0.1568 val_accuracy=0.9754 val_macro_f1=0.9674 val_macro_auc=0.9975 (checkpoint_metric=macro_auc)
Training finished. Best epoch=183, smoothed macro_auc=0.9976 (window=3)
Test set evaluated once: accuracy=0.8987 macro_f1=0.8876 macro_auc=0.9788
Best epoch: 183
Test accuracy: 0.8987
Test macro F1: 0.8876
Test macro AUC: 0.9788
