Starting baseline training: model=resnet34 device=cuda amp=True image_size=96 epochs=50 lr=0.001 optimizer=sgd
Dataset ready: 3 classes, 2102 train / 488 val samples (split reused from outputs/baseline_resnet34_96_adaptive/split_indices.json)
Augmentation policy: sample-adaptive, from outputs/main1/augmentation_run/selected_policy.json
Downloading: "https://download.pytorch.org/models/resnet34-b627a593.pth" to /home/nisha/.cache/torch/hub/checkpoints/resnet34-b627a593.pth
  0%|          | 0.00/83.3M [00:00<?, ?B/s]  3%|▎         | 2.12M/83.3M [00:00<00:03, 22.0MB/s] 26%|██▌       | 21.8M/83.3M [00:00<00:00, 129MB/s]  51%|█████▏    | 42.9M/83.3M [00:00<00:00, 171MB/s] 77%|███████▋  | 63.9M/83.3M [00:00<00:00, 190MB/s]100%|██████████| 83.3M/83.3M [00:00<00:00, 176MB/s]
Classes: {'glioma_tumor': 0, 'meningioma_tumor': 1, 'pituitary_tumor': 2}
Regularization: weight_decay=7.0e-04 label_smoothing=0.10 grad_clip_norm=5.0
train epoch 1/50 batch 13/66 (20%) running_loss=1.2387
train epoch 1/50 batch 26/66 (39%) running_loss=1.0690
train epoch 1/50 batch 39/66 (59%) running_loss=0.9468
train epoch 1/50 batch 52/66 (79%) running_loss=0.8708
train epoch 1/50 batch 65/66 (98%) running_loss=0.8125
train epoch 1/50 batch 66/66 (100%) running_loss=0.8085
epoch 1/50 done: train_loss=0.8085 val_loss=0.3061 val_accuracy=0.8975 val_macro_f1=0.8560 val_macro_auc=0.9776 (checkpoint_metric=macro_auc) [new best]
train epoch 2/50 batch 13/66 (20%) running_loss=0.5780
train epoch 2/50 batch 26/66 (39%) running_loss=0.5633
train epoch 2/50 batch 39/66 (59%) running_loss=0.5545
train epoch 2/50 batch 52/66 (79%) running_loss=0.5346
train epoch 2/50 batch 65/66 (98%) running_loss=0.5299
train epoch 2/50 batch 66/66 (100%) running_loss=0.5299
epoch 2/50 done: train_loss=0.5299 val_loss=0.2912 val_accuracy=0.9098 val_macro_f1=0.8762 val_macro_auc=0.9780 (checkpoint_metric=macro_auc) [new best]
train epoch 3/50 batch 13/66 (20%) running_loss=0.4610
train epoch 3/50 batch 26/66 (39%) running_loss=0.4536
train epoch 3/50 batch 39/66 (59%) running_loss=0.4449
train epoch 3/50 batch 52/66 (79%) running_loss=0.4398
train epoch 3/50 batch 65/66 (98%) running_loss=0.4367
train epoch 3/50 batch 66/66 (100%) running_loss=0.4362
epoch 3/50 done: train_loss=0.4362 val_loss=0.2632 val_accuracy=0.9242 val_macro_f1=0.8897 val_macro_auc=0.9759 (checkpoint_metric=macro_auc)
train epoch 4/50 batch 13/66 (20%) running_loss=0.3834
train epoch 4/50 batch 26/66 (39%) running_loss=0.3795
train epoch 4/50 batch 39/66 (59%) running_loss=0.3821
train epoch 4/50 batch 52/66 (79%) running_loss=0.3867
train epoch 4/50 batch 65/66 (98%) running_loss=0.3868
train epoch 4/50 batch 66/66 (100%) running_loss=0.3866
epoch 4/50 done: train_loss=0.3866 val_loss=0.2194 val_accuracy=0.9385 val_macro_f1=0.9166 val_macro_auc=0.9871 (checkpoint_metric=macro_auc) [new best]
train epoch 5/50 batch 13/66 (20%) running_loss=0.3585
train epoch 5/50 batch 26/66 (39%) running_loss=0.3687
train epoch 5/50 batch 39/66 (59%) running_loss=0.3670
train epoch 5/50 batch 52/66 (79%) running_loss=0.3719
train epoch 5/50 batch 65/66 (98%) running_loss=0.3704
train epoch 5/50 batch 66/66 (100%) running_loss=0.3708
epoch 5/50 done: train_loss=0.3708 val_loss=0.2442 val_accuracy=0.9324 val_macro_f1=0.9075 val_macro_auc=0.9847 (checkpoint_metric=macro_auc) [new best]
train epoch 6/50 batch 13/66 (20%) running_loss=0.3695
train epoch 6/50 batch 26/66 (39%) running_loss=0.3644
train epoch 6/50 batch 39/66 (59%) running_loss=0.3637
train epoch 6/50 batch 52/66 (79%) running_loss=0.3666
train epoch 6/50 batch 65/66 (98%) running_loss=0.3660
train epoch 6/50 batch 66/66 (100%) running_loss=0.3659
epoch 6/50 done: train_loss=0.3659 val_loss=0.2811 val_accuracy=0.9139 val_macro_f1=0.8907 val_macro_auc=0.9835 (checkpoint_metric=macro_auc) [new best]
train epoch 7/50 batch 13/66 (20%) running_loss=0.3585
train epoch 7/50 batch 26/66 (39%) running_loss=0.3551
train epoch 7/50 batch 39/66 (59%) running_loss=0.3570
train epoch 7/50 batch 52/66 (79%) running_loss=0.3568
train epoch 7/50 batch 65/66 (98%) running_loss=0.3535
train epoch 7/50 batch 66/66 (100%) running_loss=0.3532
epoch 7/50 done: train_loss=0.3532 val_loss=0.2351 val_accuracy=0.9324 val_macro_f1=0.9050 val_macro_auc=0.9853 (checkpoint_metric=macro_auc)
train epoch 8/50 batch 13/66 (20%) running_loss=0.3704
train epoch 8/50 batch 26/66 (39%) running_loss=0.3566
train epoch 8/50 batch 39/66 (59%) running_loss=0.3550
train epoch 8/50 batch 52/66 (79%) running_loss=0.3534
train epoch 8/50 batch 65/66 (98%) running_loss=0.3539
train epoch 8/50 batch 66/66 (100%) running_loss=0.3538
epoch 8/50 done: train_loss=0.3538 val_loss=0.2301 val_accuracy=0.9385 val_macro_f1=0.9159 val_macro_auc=0.9857 (checkpoint_metric=macro_auc)
train epoch 9/50 batch 13/66 (20%) running_loss=0.3453
train epoch 9/50 batch 26/66 (39%) running_loss=0.3540
train epoch 9/50 batch 39/66 (59%) running_loss=0.3525
train epoch 9/50 batch 52/66 (79%) running_loss=0.3492
train epoch 9/50 batch 65/66 (98%) running_loss=0.3470
train epoch 9/50 batch 66/66 (100%) running_loss=0.3470
epoch 9/50 done: train_loss=0.3470 val_loss=0.2412 val_accuracy=0.9344 val_macro_f1=0.9085 val_macro_auc=0.9836 (checkpoint_metric=macro_auc)
train epoch 10/50 batch 13/66 (20%) running_loss=0.3449
train epoch 10/50 batch 26/66 (39%) running_loss=0.3477
train epoch 10/50 batch 39/66 (59%) running_loss=0.3445
train epoch 10/50 batch 52/66 (79%) running_loss=0.3454
train epoch 10/50 batch 65/66 (98%) running_loss=0.3434
train epoch 10/50 batch 66/66 (100%) running_loss=0.3436
epoch 10/50 done: train_loss=0.3436 val_loss=0.2493 val_accuracy=0.9201 val_macro_f1=0.8910 val_macro_auc=0.9844 (checkpoint_metric=macro_auc)
train epoch 11/50 batch 13/66 (20%) running_loss=0.3353
train epoch 11/50 batch 26/66 (39%) running_loss=0.3389
train epoch 11/50 batch 39/66 (59%) running_loss=0.3449
train epoch 11/50 batch 52/66 (79%) running_loss=0.3431
train epoch 11/50 batch 65/66 (98%) running_loss=0.3471
train epoch 11/50 batch 66/66 (100%) running_loss=0.3467
epoch 11/50 done: train_loss=0.3467 val_loss=0.2032 val_accuracy=0.9447 val_macro_f1=0.9195 val_macro_auc=0.9879 (checkpoint_metric=macro_auc) [new best]
train epoch 12/50 batch 13/66 (20%) running_loss=0.3410
train epoch 12/50 batch 26/66 (39%) running_loss=0.3452
train epoch 12/50 batch 39/66 (59%) running_loss=0.3415
train epoch 12/50 batch 52/66 (79%) running_loss=0.3407
train epoch 12/50 batch 65/66 (98%) running_loss=0.3422
train epoch 12/50 batch 66/66 (100%) running_loss=0.3418
epoch 12/50 done: train_loss=0.3418 val_loss=0.2138 val_accuracy=0.9406 val_macro_f1=0.9165 val_macro_auc=0.9868 (checkpoint_metric=macro_auc) [new best]
train epoch 13/50 batch 13/66 (20%) running_loss=0.3417
train epoch 13/50 batch 26/66 (39%) running_loss=0.3378
train epoch 13/50 batch 39/66 (59%) running_loss=0.3345
train epoch 13/50 batch 52/66 (79%) running_loss=0.3342
train epoch 13/50 batch 65/66 (98%) running_loss=0.3340
train epoch 13/50 batch 66/66 (100%) running_loss=0.3338
epoch 13/50 done: train_loss=0.3338 val_loss=0.2229 val_accuracy=0.9447 val_macro_f1=0.9231 val_macro_auc=0.9870 (checkpoint_metric=macro_auc) [new best]
train epoch 14/50 batch 13/66 (20%) running_loss=0.3349
train epoch 14/50 batch 26/66 (39%) running_loss=0.3378
train epoch 14/50 batch 39/66 (59%) running_loss=0.3410
train epoch 14/50 batch 52/66 (79%) running_loss=0.3407
train epoch 14/50 batch 65/66 (98%) running_loss=0.3387
train epoch 14/50 batch 66/66 (100%) running_loss=0.3385
epoch 14/50 done: train_loss=0.3385 val_loss=0.2304 val_accuracy=0.9385 val_macro_f1=0.9137 val_macro_auc=0.9867 (checkpoint_metric=macro_auc)
train epoch 15/50 batch 13/66 (20%) running_loss=0.3496
train epoch 15/50 batch 26/66 (39%) running_loss=0.3454
train epoch 15/50 batch 39/66 (59%) running_loss=0.3435
train epoch 15/50 batch 52/66 (79%) running_loss=0.3420
train epoch 15/50 batch 65/66 (98%) running_loss=0.3386
train epoch 15/50 batch 66/66 (100%) running_loss=0.3391
epoch 15/50 done: train_loss=0.3391 val_loss=0.2135 val_accuracy=0.9447 val_macro_f1=0.9214 val_macro_auc=0.9883 (checkpoint_metric=macro_auc) [new best]
train epoch 16/50 batch 13/66 (20%) running_loss=0.3261
train epoch 16/50 batch 26/66 (39%) running_loss=0.3396
train epoch 16/50 batch 39/66 (59%) running_loss=0.3392
train epoch 16/50 batch 52/66 (79%) running_loss=0.3375
train epoch 16/50 batch 65/66 (98%) running_loss=0.3426
train epoch 16/50 batch 66/66 (100%) running_loss=0.3423
epoch 16/50 done: train_loss=0.3423 val_loss=0.2140 val_accuracy=0.9447 val_macro_f1=0.9228 val_macro_auc=0.9859 (checkpoint_metric=macro_auc)
train epoch 17/50 batch 13/66 (20%) running_loss=0.3240
train epoch 17/50 batch 26/66 (39%) running_loss=0.3268
train epoch 17/50 batch 39/66 (59%) running_loss=0.3266
train epoch 17/50 batch 52/66 (79%) running_loss=0.3275
train epoch 17/50 batch 65/66 (98%) running_loss=0.3269
train epoch 17/50 batch 66/66 (100%) running_loss=0.3267
epoch 17/50 done: train_loss=0.3267 val_loss=0.2233 val_accuracy=0.9385 val_macro_f1=0.9151 val_macro_auc=0.9871 (checkpoint_metric=macro_auc)
train epoch 18/50 batch 13/66 (20%) running_loss=0.3204
train epoch 18/50 batch 26/66 (39%) running_loss=0.3239
train epoch 18/50 batch 39/66 (59%) running_loss=0.3259
train epoch 18/50 batch 52/66 (79%) running_loss=0.3257
train epoch 18/50 batch 65/66 (98%) running_loss=0.3249
train epoch 18/50 batch 66/66 (100%) running_loss=0.3248
epoch 18/50 done: train_loss=0.3248 val_loss=0.2182 val_accuracy=0.9426 val_macro_f1=0.9196 val_macro_auc=0.9883 (checkpoint_metric=macro_auc)
train epoch 19/50 batch 13/66 (20%) running_loss=0.3229
train epoch 19/50 batch 26/66 (39%) running_loss=0.3252
train epoch 19/50 batch 39/66 (59%) running_loss=0.3326
train epoch 19/50 batch 52/66 (79%) running_loss=0.3331
train epoch 19/50 batch 65/66 (98%) running_loss=0.3310
train epoch 19/50 batch 66/66 (100%) running_loss=0.3309
epoch 19/50 done: train_loss=0.3309 val_loss=0.2062 val_accuracy=0.9385 val_macro_f1=0.9152 val_macro_auc=0.9898 (checkpoint_metric=macro_auc) [new best]
train epoch 20/50 batch 13/66 (20%) running_loss=0.3205
train epoch 20/50 batch 26/66 (39%) running_loss=0.3231
train epoch 20/50 batch 39/66 (59%) running_loss=0.3260
train epoch 20/50 batch 52/66 (79%) running_loss=0.3253
train epoch 20/50 batch 65/66 (98%) running_loss=0.3266
train epoch 20/50 batch 66/66 (100%) running_loss=0.3267
epoch 20/50 done: train_loss=0.3267 val_loss=0.2090 val_accuracy=0.9365 val_macro_f1=0.9130 val_macro_auc=0.9905 (checkpoint_metric=macro_auc) [new best]
train epoch 21/50 batch 13/66 (20%) running_loss=0.3143
train epoch 21/50 batch 26/66 (39%) running_loss=0.3219
train epoch 21/50 batch 39/66 (59%) running_loss=0.3236
train epoch 21/50 batch 52/66 (79%) running_loss=0.3235
train epoch 21/50 batch 65/66 (98%) running_loss=0.3230
train epoch 21/50 batch 66/66 (100%) running_loss=0.3230
epoch 21/50 done: train_loss=0.3230 val_loss=0.2056 val_accuracy=0.9447 val_macro_f1=0.9218 val_macro_auc=0.9902 (checkpoint_metric=macro_auc) [new best]
train epoch 22/50 batch 13/66 (20%) running_loss=0.3178
train epoch 22/50 batch 26/66 (39%) running_loss=0.3264
train epoch 22/50 batch 39/66 (59%) running_loss=0.3263
train epoch 22/50 batch 52/66 (79%) running_loss=0.3243
train epoch 22/50 batch 65/66 (98%) running_loss=0.3249
train epoch 22/50 batch 66/66 (100%) running_loss=0.3251
epoch 22/50 done: train_loss=0.3251 val_loss=0.2396 val_accuracy=0.9344 val_macro_f1=0.9114 val_macro_auc=0.9872 (checkpoint_metric=macro_auc)
train epoch 23/50 batch 13/66 (20%) running_loss=0.3187
train epoch 23/50 batch 26/66 (39%) running_loss=0.3205
train epoch 23/50 batch 39/66 (59%) running_loss=0.3233
train epoch 23/50 batch 52/66 (79%) running_loss=0.3236
train epoch 23/50 batch 65/66 (98%) running_loss=0.3240
train epoch 23/50 batch 66/66 (100%) running_loss=0.3246
epoch 23/50 done: train_loss=0.3246 val_loss=0.2195 val_accuracy=0.9426 val_macro_f1=0.9206 val_macro_auc=0.9888 (checkpoint_metric=macro_auc)
train epoch 24/50 batch 13/66 (20%) running_loss=0.3328
train epoch 24/50 batch 26/66 (39%) running_loss=0.3228
train epoch 24/50 batch 39/66 (59%) running_loss=0.3240
train epoch 24/50 batch 52/66 (79%) running_loss=0.3232
train epoch 24/50 batch 65/66 (98%) running_loss=0.3240
train epoch 24/50 batch 66/66 (100%) running_loss=0.3238
epoch 24/50 done: train_loss=0.3238 val_loss=0.1961 val_accuracy=0.9529 val_macro_f1=0.9352 val_macro_auc=0.9921 (checkpoint_metric=macro_auc)
train epoch 25/50 batch 13/66 (20%) running_loss=0.3227
train epoch 25/50 batch 26/66 (39%) running_loss=0.3186
train epoch 25/50 batch 39/66 (59%) running_loss=0.3178
train epoch 25/50 batch 52/66 (79%) running_loss=0.3197
train epoch 25/50 batch 65/66 (98%) running_loss=0.3207
train epoch 25/50 batch 66/66 (100%) running_loss=0.3209
epoch 25/50 done: train_loss=0.3209 val_loss=0.2170 val_accuracy=0.9426 val_macro_f1=0.9223 val_macro_auc=0.9907 (checkpoint_metric=macro_auc) [new best]
train epoch 26/50 batch 13/66 (20%) running_loss=0.3113
train epoch 26/50 batch 26/66 (39%) running_loss=0.3132
train epoch 26/50 batch 39/66 (59%) running_loss=0.3148
train epoch 26/50 batch 52/66 (79%) running_loss=0.3164
train epoch 26/50 batch 65/66 (98%) running_loss=0.3175
train epoch 26/50 batch 66/66 (100%) running_loss=0.3174
epoch 26/50 done: train_loss=0.3174 val_loss=0.1862 val_accuracy=0.9426 val_macro_f1=0.9190 val_macro_auc=0.9922 (checkpoint_metric=macro_auc) [new best]
train epoch 27/50 batch 13/66 (20%) running_loss=0.3137
train epoch 27/50 batch 26/66 (39%) running_loss=0.3177
train epoch 27/50 batch 39/66 (59%) running_loss=0.3178
train epoch 27/50 batch 52/66 (79%) running_loss=0.3175
train epoch 27/50 batch 65/66 (98%) running_loss=0.3180
train epoch 27/50 batch 66/66 (100%) running_loss=0.3186
epoch 27/50 done: train_loss=0.3186 val_loss=0.2083 val_accuracy=0.9406 val_macro_f1=0.9185 val_macro_auc=0.9913 (checkpoint_metric=macro_auc)
train epoch 28/50 batch 13/66 (20%) running_loss=0.3305
train epoch 28/50 batch 26/66 (39%) running_loss=0.3278
train epoch 28/50 batch 39/66 (59%) running_loss=0.3283
train epoch 28/50 batch 52/66 (79%) running_loss=0.3265
train epoch 28/50 batch 65/66 (98%) running_loss=0.3251
train epoch 28/50 batch 66/66 (100%) running_loss=0.3256
epoch 28/50 done: train_loss=0.3256 val_loss=0.2098 val_accuracy=0.9406 val_macro_f1=0.9170 val_macro_auc=0.9903 (checkpoint_metric=macro_auc)
train epoch 29/50 batch 13/66 (20%) running_loss=0.3113
train epoch 29/50 batch 26/66 (39%) running_loss=0.3116
train epoch 29/50 batch 39/66 (59%) running_loss=0.3131
train epoch 29/50 batch 52/66 (79%) running_loss=0.3155
train epoch 29/50 batch 65/66 (98%) running_loss=0.3160
train epoch 29/50 batch 66/66 (100%) running_loss=0.3158
epoch 29/50 done: train_loss=0.3158 val_loss=0.2117 val_accuracy=0.9406 val_macro_f1=0.9188 val_macro_auc=0.9899 (checkpoint_metric=macro_auc)
train epoch 30/50 batch 13/66 (20%) running_loss=0.3170
train epoch 30/50 batch 26/66 (39%) running_loss=0.3140
train epoch 30/50 batch 39/66 (59%) running_loss=0.3161
train epoch 30/50 batch 52/66 (79%) running_loss=0.3168
train epoch 30/50 batch 65/66 (98%) running_loss=0.3169
train epoch 30/50 batch 66/66 (100%) running_loss=0.3171
epoch 30/50 done: train_loss=0.3171 val_loss=0.2365 val_accuracy=0.9262 val_macro_f1=0.8998 val_macro_auc=0.9883 (checkpoint_metric=macro_auc)
train epoch 31/50 batch 13/66 (20%) running_loss=0.3184
train epoch 31/50 batch 26/66 (39%) running_loss=0.3270
train epoch 31/50 batch 39/66 (59%) running_loss=0.3237
train epoch 31/50 batch 52/66 (79%) running_loss=0.3211
train epoch 31/50 batch 65/66 (98%) running_loss=0.3199
train epoch 31/50 batch 66/66 (100%) running_loss=0.3197
epoch 31/50 done: train_loss=0.3197 val_loss=0.2170 val_accuracy=0.9365 val_macro_f1=0.9123 val_macro_auc=0.9890 (checkpoint_metric=macro_auc)
train epoch 32/50 batch 13/66 (20%) running_loss=0.3145
train epoch 32/50 batch 26/66 (39%) running_loss=0.3160
train epoch 32/50 batch 39/66 (59%) running_loss=0.3165
train epoch 32/50 batch 52/66 (79%) running_loss=0.3175
train epoch 32/50 batch 65/66 (98%) running_loss=0.3170
train epoch 32/50 batch 66/66 (100%) running_loss=0.3176
epoch 32/50 done: train_loss=0.3176 val_loss=0.2087 val_accuracy=0.9385 val_macro_f1=0.9150 val_macro_auc=0.9916 (checkpoint_metric=macro_auc)
train epoch 33/50 batch 13/66 (20%) running_loss=0.3097
train epoch 33/50 batch 26/66 (39%) running_loss=0.3119
train epoch 33/50 batch 39/66 (59%) running_loss=0.3163
train epoch 33/50 batch 52/66 (79%) running_loss=0.3149
train epoch 33/50 batch 65/66 (98%) running_loss=0.3157
train epoch 33/50 batch 66/66 (100%) running_loss=0.3165
epoch 33/50 done: train_loss=0.3165 val_loss=0.2185 val_accuracy=0.9344 val_macro_f1=0.9102 val_macro_auc=0.9904 (checkpoint_metric=macro_auc)
train epoch 34/50 batch 13/66 (20%) running_loss=0.3186
train epoch 34/50 batch 26/66 (39%) running_loss=0.3164
train epoch 34/50 batch 39/66 (59%) running_loss=0.3160
train epoch 34/50 batch 52/66 (79%) running_loss=0.3173
train epoch 34/50 batch 65/66 (98%) running_loss=0.3172
train epoch 34/50 batch 66/66 (100%) running_loss=0.3171
epoch 34/50 done: train_loss=0.3171 val_loss=0.2110 val_accuracy=0.9406 val_macro_f1=0.9164 val_macro_auc=0.9905 (checkpoint_metric=macro_auc)
train epoch 35/50 batch 13/66 (20%) running_loss=0.3218
train epoch 35/50 batch 26/66 (39%) running_loss=0.3234
train epoch 35/50 batch 39/66 (59%) running_loss=0.3187
train epoch 35/50 batch 52/66 (79%) running_loss=0.3178
train epoch 35/50 batch 65/66 (98%) running_loss=0.3171
train epoch 35/50 batch 66/66 (100%) running_loss=0.3170
epoch 35/50 done: train_loss=0.3170 val_loss=0.2109 val_accuracy=0.9426 val_macro_f1=0.9196 val_macro_auc=0.9904 (checkpoint_metric=macro_auc)
train epoch 36/50 batch 13/66 (20%) running_loss=0.3148
train epoch 36/50 batch 26/66 (39%) running_loss=0.3163
train epoch 36/50 batch 39/66 (59%) running_loss=0.3143
train epoch 36/50 batch 52/66 (79%) running_loss=0.3154
train epoch 36/50 batch 65/66 (98%) running_loss=0.3151
train epoch 36/50 batch 66/66 (100%) running_loss=0.3150
epoch 36/50 done: train_loss=0.3150 val_loss=0.2073 val_accuracy=0.9426 val_macro_f1=0.9196 val_macro_auc=0.9912 (checkpoint_metric=macro_auc)
train epoch 37/50 batch 13/66 (20%) running_loss=0.3139
train epoch 37/50 batch 26/66 (39%) running_loss=0.3178
train epoch 37/50 batch 39/66 (59%) running_loss=0.3190
train epoch 37/50 batch 52/66 (79%) running_loss=0.3204
train epoch 37/50 batch 65/66 (98%) running_loss=0.3181
train epoch 37/50 batch 66/66 (100%) running_loss=0.3186
epoch 37/50 done: train_loss=0.3186 val_loss=0.2316 val_accuracy=0.9283 val_macro_f1=0.9042 val_macro_auc=0.9893 (checkpoint_metric=macro_auc)
train epoch 38/50 batch 13/66 (20%) running_loss=0.3144
train epoch 38/50 batch 26/66 (39%) running_loss=0.3144
train epoch 38/50 batch 39/66 (59%) running_loss=0.3158
train epoch 38/50 batch 52/66 (79%) running_loss=0.3156
train epoch 38/50 batch 65/66 (98%) running_loss=0.3153
train epoch 38/50 batch 66/66 (100%) running_loss=0.3153
epoch 38/50 done: train_loss=0.3153 val_loss=0.2058 val_accuracy=0.9365 val_macro_f1=0.9124 val_macro_auc=0.9917 (checkpoint_metric=macro_auc)
train epoch 39/50 batch 13/66 (20%) running_loss=0.3063
train epoch 39/50 batch 26/66 (39%) running_loss=0.3081
train epoch 39/50 batch 39/66 (59%) running_loss=0.3101
train epoch 39/50 batch 52/66 (79%) running_loss=0.3112
train epoch 39/50 batch 65/66 (98%) running_loss=0.3109
train epoch 39/50 batch 66/66 (100%) running_loss=0.3110
epoch 39/50 done: train_loss=0.3110 val_loss=0.2169 val_accuracy=0.9426 val_macro_f1=0.9212 val_macro_auc=0.9912 (checkpoint_metric=macro_auc)
train epoch 40/50 batch 13/66 (20%) running_loss=0.3323
train epoch 40/50 batch 26/66 (39%) running_loss=0.3224
train epoch 40/50 batch 39/66 (59%) running_loss=0.3196
train epoch 40/50 batch 52/66 (79%) running_loss=0.3191
train epoch 40/50 batch 65/66 (98%) running_loss=0.3176
train epoch 40/50 batch 66/66 (100%) running_loss=0.3174
epoch 40/50 done: train_loss=0.3174 val_loss=0.2058 val_accuracy=0.9467 val_macro_f1=0.9259 val_macro_auc=0.9920 (checkpoint_metric=macro_auc)
train epoch 41/50 batch 13/66 (20%) running_loss=0.3087
train epoch 41/50 batch 26/66 (39%) running_loss=0.3093
train epoch 41/50 batch 39/66 (59%) running_loss=0.3156
train epoch 41/50 batch 52/66 (79%) running_loss=0.3148
train epoch 41/50 batch 65/66 (98%) running_loss=0.3159
train epoch 41/50 batch 66/66 (100%) running_loss=0.3158
epoch 41/50 done: train_loss=0.3158 val_loss=0.2103 val_accuracy=0.9365 val_macro_f1=0.9124 val_macro_auc=0.9915 (checkpoint_metric=macro_auc)
train epoch 42/50 batch 13/66 (20%) running_loss=0.3097
train epoch 42/50 batch 26/66 (39%) running_loss=0.3139
train epoch 42/50 batch 39/66 (59%) running_loss=0.3146
train epoch 42/50 batch 52/66 (79%) running_loss=0.3143
train epoch 42/50 batch 65/66 (98%) running_loss=0.3156
train epoch 42/50 batch 66/66 (100%) running_loss=0.3155
epoch 42/50 done: train_loss=0.3155 val_loss=0.2124 val_accuracy=0.9406 val_macro_f1=0.9175 val_macro_auc=0.9909 (checkpoint_metric=macro_auc)
train epoch 43/50 batch 13/66 (20%) running_loss=0.3123
train epoch 43/50 batch 26/66 (39%) running_loss=0.3144
train epoch 43/50 batch 39/66 (59%) running_loss=0.3175
train epoch 43/50 batch 52/66 (79%) running_loss=0.3176
train epoch 43/50 batch 65/66 (98%) running_loss=0.3163
train epoch 43/50 batch 66/66 (100%) running_loss=0.3162
epoch 43/50 done: train_loss=0.3162 val_loss=0.2030 val_accuracy=0.9447 val_macro_f1=0.9236 val_macro_auc=0.9917 (checkpoint_metric=macro_auc)
train epoch 44/50 batch 13/66 (20%) running_loss=0.3199
train epoch 44/50 batch 26/66 (39%) running_loss=0.3152
train epoch 44/50 batch 39/66 (59%) running_loss=0.3141
train epoch 44/50 batch 52/66 (79%) running_loss=0.3145
train epoch 44/50 batch 65/66 (98%) running_loss=0.3151
train epoch 44/50 batch 66/66 (100%) running_loss=0.3152
epoch 44/50 done: train_loss=0.3152 val_loss=0.2156 val_accuracy=0.9385 val_macro_f1=0.9158 val_macro_auc=0.9909 (checkpoint_metric=macro_auc)
train epoch 45/50 batch 13/66 (20%) running_loss=0.3185
train epoch 45/50 batch 26/66 (39%) running_loss=0.3180
train epoch 45/50 batch 39/66 (59%) running_loss=0.3166
train epoch 45/50 batch 52/66 (79%) running_loss=0.3158
train epoch 45/50 batch 65/66 (98%) running_loss=0.3159
train epoch 45/50 batch 66/66 (100%) running_loss=0.3159
epoch 45/50 done: train_loss=0.3159 val_loss=0.2067 val_accuracy=0.9406 val_macro_f1=0.9158 val_macro_auc=0.9908 (checkpoint_metric=macro_auc)
train epoch 46/50 batch 13/66 (20%) running_loss=0.3078
train epoch 46/50 batch 26/66 (39%) running_loss=0.3103
train epoch 46/50 batch 39/66 (59%) running_loss=0.3144
train epoch 46/50 batch 52/66 (79%) running_loss=0.3139
train epoch 46/50 batch 65/66 (98%) running_loss=0.3126
train epoch 46/50 batch 66/66 (100%) running_loss=0.3135
epoch 46/50 done: train_loss=0.3135 val_loss=0.2131 val_accuracy=0.9447 val_macro_f1=0.9240 val_macro_auc=0.9909 (checkpoint_metric=macro_auc)
train epoch 47/50 batch 13/66 (20%) running_loss=0.3170
train epoch 47/50 batch 26/66 (39%) running_loss=0.3140
train epoch 47/50 batch 39/66 (59%) running_loss=0.3148
train epoch 47/50 batch 52/66 (79%) running_loss=0.3160
train epoch 47/50 batch 65/66 (98%) running_loss=0.3141
train epoch 47/50 batch 66/66 (100%) running_loss=0.3143
epoch 47/50 done: train_loss=0.3143 val_loss=0.2161 val_accuracy=0.9365 val_macro_f1=0.9134 val_macro_auc=0.9909 (checkpoint_metric=macro_auc)
train epoch 48/50 batch 13/66 (20%) running_loss=0.3209
train epoch 48/50 batch 26/66 (39%) running_loss=0.3190
train epoch 48/50 batch 39/66 (59%) running_loss=0.3171
train epoch 48/50 batch 52/66 (79%) running_loss=0.3182
train epoch 48/50 batch 65/66 (98%) running_loss=0.3170
train epoch 48/50 batch 66/66 (100%) running_loss=0.3170
epoch 48/50 done: train_loss=0.3170 val_loss=0.2248 val_accuracy=0.9406 val_macro_f1=0.9191 val_macro_auc=0.9904 (checkpoint_metric=macro_auc)
train epoch 49/50 batch 13/66 (20%) running_loss=0.3169
train epoch 49/50 batch 26/66 (39%) running_loss=0.3203
train epoch 49/50 batch 39/66 (59%) running_loss=0.3196
train epoch 49/50 batch 52/66 (79%) running_loss=0.3177
train epoch 49/50 batch 65/66 (98%) running_loss=0.3174
train epoch 49/50 batch 66/66 (100%) running_loss=0.3172
epoch 49/50 done: train_loss=0.3172 val_loss=0.2197 val_accuracy=0.9324 val_macro_f1=0.9083 val_macro_auc=0.9902 (checkpoint_metric=macro_auc)
train epoch 50/50 batch 13/66 (20%) running_loss=0.3076
train epoch 50/50 batch 26/66 (39%) running_loss=0.3137
train epoch 50/50 batch 39/66 (59%) running_loss=0.3234
train epoch 50/50 batch 52/66 (79%) running_loss=0.3206
train epoch 50/50 batch 65/66 (98%) running_loss=0.3196
train epoch 50/50 batch 66/66 (100%) running_loss=0.3193
epoch 50/50 done: train_loss=0.3193 val_loss=0.2111 val_accuracy=0.9426 val_macro_f1=0.9199 val_macro_auc=0.9912 (checkpoint_metric=macro_auc)
Training finished. Best epoch=26, smoothed macro_auc=0.9916 (window=3)
Test set evaluated once: accuracy=0.8945 macro_f1=0.8845 macro_auc=0.9794
Model size: 21.29M params, 0.676 GFLOPs at 96x96

Best epoch: 26
Test accuracy:  0.8945
Test macro F1:  0.8845
Test macro AUC: 0.9794
Model size: 21.29M params, 0.676 GFLOPs
