Starting baseline training: model=resnet34 device=cuda amp=True image_size=96 epochs=50 lr=0.001 optimizer=sgd
Dataset ready: 3 classes, 2102 train / 488 val samples (split reused from outputs/baseline_resnet34_96_constant_s1/split_indices.json)
Augmentation policy: constant strength (rank-averaged), from outputs/main1/augmentation_run/selected_policy.json; strengths {'rotation': 0.0675, 'affine_translation': 0.2256, 'random_resized_crop': 0.516, 'brightness': 0.4195, 'contrast': 0.123, 'horizontal_flip': 0.5366, 'random_erasing': 0.1828}
Classes: {'glioma_tumor': 0, 'meningioma_tumor': 1, 'pituitary_tumor': 2}
Regularization: weight_decay=7.0e-04 label_smoothing=0.10 grad_clip_norm=5.0
train epoch 1/50 batch 13/66 (20%) running_loss=1.2368
train epoch 1/50 batch 26/66 (39%) running_loss=1.0783
train epoch 1/50 batch 39/66 (59%) running_loss=0.9582
train epoch 1/50 batch 52/66 (79%) running_loss=0.8785
train epoch 1/50 batch 65/66 (98%) running_loss=0.8185
train epoch 1/50 batch 66/66 (100%) running_loss=0.8155
epoch 1/50 done: train_loss=0.8155 val_loss=0.3325 val_accuracy=0.8914 val_macro_f1=0.8495 val_macro_auc=0.9700 (checkpoint_metric=macro_auc) [new best]
train epoch 2/50 batch 13/66 (20%) running_loss=0.5667
train epoch 2/50 batch 26/66 (39%) running_loss=0.5575
train epoch 2/50 batch 39/66 (59%) running_loss=0.5509
train epoch 2/50 batch 52/66 (79%) running_loss=0.5414
train epoch 2/50 batch 65/66 (98%) running_loss=0.5267
train epoch 2/50 batch 66/66 (100%) running_loss=0.5256
epoch 2/50 done: train_loss=0.5256 val_loss=0.2640 val_accuracy=0.9139 val_macro_f1=0.8755 val_macro_auc=0.9804 (checkpoint_metric=macro_auc) [new best]
train epoch 3/50 batch 13/66 (20%) running_loss=0.4831
train epoch 3/50 batch 26/66 (39%) running_loss=0.4693
train epoch 3/50 batch 39/66 (59%) running_loss=0.4594
train epoch 3/50 batch 52/66 (79%) running_loss=0.4577
train epoch 3/50 batch 65/66 (98%) running_loss=0.4539
train epoch 3/50 batch 66/66 (100%) running_loss=0.4538
epoch 3/50 done: train_loss=0.4538 val_loss=0.2681 val_accuracy=0.9098 val_macro_f1=0.8683 val_macro_auc=0.9779 (checkpoint_metric=macro_auc) [new best]
train epoch 4/50 batch 13/66 (20%) running_loss=0.3986
train epoch 4/50 batch 26/66 (39%) running_loss=0.3976
train epoch 4/50 batch 39/66 (59%) running_loss=0.4022
train epoch 4/50 batch 52/66 (79%) running_loss=0.4084
train epoch 4/50 batch 65/66 (98%) running_loss=0.4083
train epoch 4/50 batch 66/66 (100%) running_loss=0.4078
epoch 4/50 done: train_loss=0.4078 val_loss=0.2378 val_accuracy=0.9344 val_macro_f1=0.9105 val_macro_auc=0.9863 (checkpoint_metric=macro_auc) [new best]
train epoch 5/50 batch 13/66 (20%) running_loss=0.3748
train epoch 5/50 batch 26/66 (39%) running_loss=0.3813
train epoch 5/50 batch 39/66 (59%) running_loss=0.3770
train epoch 5/50 batch 52/66 (79%) running_loss=0.3773
train epoch 5/50 batch 65/66 (98%) running_loss=0.3772
train epoch 5/50 batch 66/66 (100%) running_loss=0.3772
epoch 5/50 done: train_loss=0.3772 val_loss=0.2567 val_accuracy=0.9201 val_macro_f1=0.8909 val_macro_auc=0.9835 (checkpoint_metric=macro_auc) [new best]
train epoch 6/50 batch 13/66 (20%) running_loss=0.3615
train epoch 6/50 batch 26/66 (39%) running_loss=0.3614
train epoch 6/50 batch 39/66 (59%) running_loss=0.3602
train epoch 6/50 batch 52/66 (79%) running_loss=0.3685
train epoch 6/50 batch 65/66 (98%) running_loss=0.3673
train epoch 6/50 batch 66/66 (100%) running_loss=0.3675
epoch 6/50 done: train_loss=0.3675 val_loss=0.3066 val_accuracy=0.9057 val_macro_f1=0.8774 val_macro_auc=0.9778 (checkpoint_metric=macro_auc)
train epoch 7/50 batch 13/66 (20%) running_loss=0.3517
train epoch 7/50 batch 26/66 (39%) running_loss=0.3509
train epoch 7/50 batch 39/66 (59%) running_loss=0.3532
train epoch 7/50 batch 52/66 (79%) running_loss=0.3563
train epoch 7/50 batch 65/66 (98%) running_loss=0.3538
train epoch 7/50 batch 66/66 (100%) running_loss=0.3535
epoch 7/50 done: train_loss=0.3535 val_loss=0.2347 val_accuracy=0.9303 val_macro_f1=0.9057 val_macro_auc=0.9848 (checkpoint_metric=macro_auc)
train epoch 8/50 batch 13/66 (20%) running_loss=0.3636
train epoch 8/50 batch 26/66 (39%) running_loss=0.3602
train epoch 8/50 batch 39/66 (59%) running_loss=0.3576
train epoch 8/50 batch 52/66 (79%) running_loss=0.3551
train epoch 8/50 batch 65/66 (98%) running_loss=0.3562
train epoch 8/50 batch 66/66 (100%) running_loss=0.3559
epoch 8/50 done: train_loss=0.3559 val_loss=0.2592 val_accuracy=0.9180 val_macro_f1=0.8881 val_macro_auc=0.9829 (checkpoint_metric=macro_auc)
train epoch 9/50 batch 13/66 (20%) running_loss=0.3424
train epoch 9/50 batch 26/66 (39%) running_loss=0.3433
train epoch 9/50 batch 39/66 (59%) running_loss=0.3418
train epoch 9/50 batch 52/66 (79%) running_loss=0.3405
train epoch 9/50 batch 65/66 (98%) running_loss=0.3400
train epoch 9/50 batch 66/66 (100%) running_loss=0.3398
epoch 9/50 done: train_loss=0.3398 val_loss=0.2464 val_accuracy=0.9180 val_macro_f1=0.8901 val_macro_auc=0.9853 (checkpoint_metric=macro_auc) [new best]
train epoch 10/50 batch 13/66 (20%) running_loss=0.3366
train epoch 10/50 batch 26/66 (39%) running_loss=0.3376
train epoch 10/50 batch 39/66 (59%) running_loss=0.3358
train epoch 10/50 batch 52/66 (79%) running_loss=0.3366
train epoch 10/50 batch 65/66 (98%) running_loss=0.3355
train epoch 10/50 batch 66/66 (100%) running_loss=0.3358
epoch 10/50 done: train_loss=0.3358 val_loss=0.2411 val_accuracy=0.9201 val_macro_f1=0.8910 val_macro_auc=0.9859 (checkpoint_metric=macro_auc) [new best]
train epoch 11/50 batch 13/66 (20%) running_loss=0.3240
train epoch 11/50 batch 26/66 (39%) running_loss=0.3297
train epoch 11/50 batch 39/66 (59%) running_loss=0.3362
train epoch 11/50 batch 52/66 (79%) running_loss=0.3349
train epoch 11/50 batch 65/66 (98%) running_loss=0.3367
train epoch 11/50 batch 66/66 (100%) running_loss=0.3365
epoch 11/50 done: train_loss=0.3365 val_loss=0.2167 val_accuracy=0.9283 val_macro_f1=0.8996 val_macro_auc=0.9894 (checkpoint_metric=macro_auc) [new best]
train epoch 12/50 batch 13/66 (20%) running_loss=0.3307
train epoch 12/50 batch 26/66 (39%) running_loss=0.3318
train epoch 12/50 batch 39/66 (59%) running_loss=0.3286
train epoch 12/50 batch 52/66 (79%) running_loss=0.3276
train epoch 12/50 batch 65/66 (98%) running_loss=0.3296
train epoch 12/50 batch 66/66 (100%) running_loss=0.3294
epoch 12/50 done: train_loss=0.3294 val_loss=0.2337 val_accuracy=0.9221 val_macro_f1=0.8926 val_macro_auc=0.9867 (checkpoint_metric=macro_auc) [new best]
train epoch 13/50 batch 13/66 (20%) running_loss=0.3346
train epoch 13/50 batch 26/66 (39%) running_loss=0.3285
train epoch 13/50 batch 39/66 (59%) running_loss=0.3259
train epoch 13/50 batch 52/66 (79%) running_loss=0.3270
train epoch 13/50 batch 65/66 (98%) running_loss=0.3267
train epoch 13/50 batch 66/66 (100%) running_loss=0.3274
epoch 13/50 done: train_loss=0.3274 val_loss=0.2440 val_accuracy=0.9324 val_macro_f1=0.9093 val_macro_auc=0.9888 (checkpoint_metric=macro_auc) [new best]
train epoch 14/50 batch 13/66 (20%) running_loss=0.3215
train epoch 14/50 batch 26/66 (39%) running_loss=0.3221
train epoch 14/50 batch 39/66 (59%) running_loss=0.3279
train epoch 14/50 batch 52/66 (79%) running_loss=0.3271
train epoch 14/50 batch 65/66 (98%) running_loss=0.3277
train epoch 14/50 batch 66/66 (100%) running_loss=0.3275
epoch 14/50 done: train_loss=0.3275 val_loss=0.2607 val_accuracy=0.9201 val_macro_f1=0.8916 val_macro_auc=0.9814 (checkpoint_metric=macro_auc)
train epoch 15/50 batch 13/66 (20%) running_loss=0.3428
train epoch 15/50 batch 26/66 (39%) running_loss=0.3350
train epoch 15/50 batch 39/66 (59%) running_loss=0.3314
train epoch 15/50 batch 52/66 (79%) running_loss=0.3315
train epoch 15/50 batch 65/66 (98%) running_loss=0.3310
train epoch 15/50 batch 66/66 (100%) running_loss=0.3310
epoch 15/50 done: train_loss=0.3310 val_loss=0.2555 val_accuracy=0.9262 val_macro_f1=0.8990 val_macro_auc=0.9833 (checkpoint_metric=macro_auc)
train epoch 16/50 batch 13/66 (20%) running_loss=0.3257
train epoch 16/50 batch 26/66 (39%) running_loss=0.3359
train epoch 16/50 batch 39/66 (59%) running_loss=0.3352
train epoch 16/50 batch 52/66 (79%) running_loss=0.3323
train epoch 16/50 batch 65/66 (98%) running_loss=0.3355
train epoch 16/50 batch 66/66 (100%) running_loss=0.3352
epoch 16/50 done: train_loss=0.3352 val_loss=0.2390 val_accuracy=0.9262 val_macro_f1=0.8992 val_macro_auc=0.9862 (checkpoint_metric=macro_auc)
train epoch 17/50 batch 13/66 (20%) running_loss=0.3128
train epoch 17/50 batch 26/66 (39%) running_loss=0.3186
train epoch 17/50 batch 39/66 (59%) running_loss=0.3192
train epoch 17/50 batch 52/66 (79%) running_loss=0.3193
train epoch 17/50 batch 65/66 (98%) running_loss=0.3192
train epoch 17/50 batch 66/66 (100%) running_loss=0.3192
epoch 17/50 done: train_loss=0.3192 val_loss=0.2376 val_accuracy=0.9242 val_macro_f1=0.8977 val_macro_auc=0.9852 (checkpoint_metric=macro_auc)
train epoch 18/50 batch 13/66 (20%) running_loss=0.3177
train epoch 18/50 batch 26/66 (39%) running_loss=0.3193
train epoch 18/50 batch 39/66 (59%) running_loss=0.3220
train epoch 18/50 batch 52/66 (79%) running_loss=0.3224
train epoch 18/50 batch 65/66 (98%) running_loss=0.3220
train epoch 18/50 batch 66/66 (100%) running_loss=0.3220
epoch 18/50 done: train_loss=0.3220 val_loss=0.2510 val_accuracy=0.9242 val_macro_f1=0.8965 val_macro_auc=0.9848 (checkpoint_metric=macro_auc)
train epoch 19/50 batch 13/66 (20%) running_loss=0.3167
train epoch 19/50 batch 26/66 (39%) running_loss=0.3203
train epoch 19/50 batch 39/66 (59%) running_loss=0.3219
train epoch 19/50 batch 52/66 (79%) running_loss=0.3221
train epoch 19/50 batch 65/66 (98%) running_loss=0.3218
train epoch 19/50 batch 66/66 (100%) running_loss=0.3218
epoch 19/50 done: train_loss=0.3218 val_loss=0.2291 val_accuracy=0.9283 val_macro_f1=0.8996 val_macro_auc=0.9864 (checkpoint_metric=macro_auc)
train epoch 20/50 batch 13/66 (20%) running_loss=0.3142
train epoch 20/50 batch 26/66 (39%) running_loss=0.3175
train epoch 20/50 batch 39/66 (59%) running_loss=0.3221
train epoch 20/50 batch 52/66 (79%) running_loss=0.3215
train epoch 20/50 batch 65/66 (98%) running_loss=0.3199
train epoch 20/50 batch 66/66 (100%) running_loss=0.3199
epoch 20/50 done: train_loss=0.3199 val_loss=0.2441 val_accuracy=0.9242 val_macro_f1=0.8976 val_macro_auc=0.9871 (checkpoint_metric=macro_auc)
train epoch 21/50 batch 13/66 (20%) running_loss=0.3147
train epoch 21/50 batch 26/66 (39%) running_loss=0.3189
train epoch 21/50 batch 39/66 (59%) running_loss=0.3196
train epoch 21/50 batch 52/66 (79%) running_loss=0.3189
train epoch 21/50 batch 65/66 (98%) running_loss=0.3196
train epoch 21/50 batch 66/66 (100%) running_loss=0.3195
epoch 21/50 done: train_loss=0.3195 val_loss=0.2314 val_accuracy=0.9303 val_macro_f1=0.9039 val_macro_auc=0.9872 (checkpoint_metric=macro_auc)
train epoch 22/50 batch 13/66 (20%) running_loss=0.3128
train epoch 22/50 batch 26/66 (39%) running_loss=0.3172
train epoch 22/50 batch 39/66 (59%) running_loss=0.3174
train epoch 22/50 batch 52/66 (79%) running_loss=0.3188
train epoch 22/50 batch 65/66 (98%) running_loss=0.3184
train epoch 22/50 batch 66/66 (100%) running_loss=0.3184
epoch 22/50 done: train_loss=0.3184 val_loss=0.2518 val_accuracy=0.9221 val_macro_f1=0.8964 val_macro_auc=0.9849 (checkpoint_metric=macro_auc)
train epoch 23/50 batch 13/66 (20%) running_loss=0.3123
train epoch 23/50 batch 26/66 (39%) running_loss=0.3175
train epoch 23/50 batch 39/66 (59%) running_loss=0.3198
train epoch 23/50 batch 52/66 (79%) running_loss=0.3190
train epoch 23/50 batch 65/66 (98%) running_loss=0.3182
train epoch 23/50 batch 66/66 (100%) running_loss=0.3186
epoch 23/50 done: train_loss=0.3186 val_loss=0.2616 val_accuracy=0.9201 val_macro_f1=0.8930 val_macro_auc=0.9858 (checkpoint_metric=macro_auc)
train epoch 24/50 batch 13/66 (20%) running_loss=0.3180
train epoch 24/50 batch 26/66 (39%) running_loss=0.3142
train epoch 24/50 batch 39/66 (59%) running_loss=0.3149
train epoch 24/50 batch 52/66 (79%) running_loss=0.3155
train epoch 24/50 batch 65/66 (98%) running_loss=0.3154
train epoch 24/50 batch 66/66 (100%) running_loss=0.3154
epoch 24/50 done: train_loss=0.3154 val_loss=0.2415 val_accuracy=0.9303 val_macro_f1=0.9041 val_macro_auc=0.9861 (checkpoint_metric=macro_auc)
train epoch 25/50 batch 13/66 (20%) running_loss=0.3220
train epoch 25/50 batch 26/66 (39%) running_loss=0.3172
train epoch 25/50 batch 39/66 (59%) running_loss=0.3151
train epoch 25/50 batch 52/66 (79%) running_loss=0.3156
train epoch 25/50 batch 65/66 (98%) running_loss=0.3172
train epoch 25/50 batch 66/66 (100%) running_loss=0.3172
epoch 25/50 done: train_loss=0.3172 val_loss=0.2564 val_accuracy=0.9221 val_macro_f1=0.8947 val_macro_auc=0.9843 (checkpoint_metric=macro_auc)
train epoch 26/50 batch 13/66 (20%) running_loss=0.3078
train epoch 26/50 batch 26/66 (39%) running_loss=0.3079
train epoch 26/50 batch 39/66 (59%) running_loss=0.3099
train epoch 26/50 batch 52/66 (79%) running_loss=0.3119
train epoch 26/50 batch 65/66 (98%) running_loss=0.3134
train epoch 26/50 batch 66/66 (100%) running_loss=0.3134
epoch 26/50 done: train_loss=0.3134 val_loss=0.2328 val_accuracy=0.9242 val_macro_f1=0.8943 val_macro_auc=0.9877 (checkpoint_metric=macro_auc)
train epoch 27/50 batch 13/66 (20%) running_loss=0.3165
train epoch 27/50 batch 26/66 (39%) running_loss=0.3145
train epoch 27/50 batch 39/66 (59%) running_loss=0.3140
train epoch 27/50 batch 52/66 (79%) running_loss=0.3138
train epoch 27/50 batch 65/66 (98%) running_loss=0.3127
train epoch 27/50 batch 66/66 (100%) running_loss=0.3131
epoch 27/50 done: train_loss=0.3131 val_loss=0.2359 val_accuracy=0.9221 val_macro_f1=0.8939 val_macro_auc=0.9871 (checkpoint_metric=macro_auc)
train epoch 28/50 batch 13/66 (20%) running_loss=0.3089
train epoch 28/50 batch 26/66 (39%) running_loss=0.3121
train epoch 28/50 batch 39/66 (59%) running_loss=0.3157
train epoch 28/50 batch 52/66 (79%) running_loss=0.3144
train epoch 28/50 batch 65/66 (98%) running_loss=0.3142
train epoch 28/50 batch 66/66 (100%) running_loss=0.3146
epoch 28/50 done: train_loss=0.3146 val_loss=0.2321 val_accuracy=0.9283 val_macro_f1=0.9001 val_macro_auc=0.9873 (checkpoint_metric=macro_auc)
train epoch 29/50 batch 13/66 (20%) running_loss=0.3044
train epoch 29/50 batch 26/66 (39%) running_loss=0.3071
train epoch 29/50 batch 39/66 (59%) running_loss=0.3087
train epoch 29/50 batch 52/66 (79%) running_loss=0.3106
train epoch 29/50 batch 65/66 (98%) running_loss=0.3110
train epoch 29/50 batch 66/66 (100%) running_loss=0.3109
epoch 29/50 done: train_loss=0.3109 val_loss=0.2311 val_accuracy=0.9262 val_macro_f1=0.8977 val_macro_auc=0.9878 (checkpoint_metric=macro_auc)
train epoch 30/50 batch 13/66 (20%) running_loss=0.3118
train epoch 30/50 batch 26/66 (39%) running_loss=0.3106
train epoch 30/50 batch 39/66 (59%) running_loss=0.3116
train epoch 30/50 batch 52/66 (79%) running_loss=0.3121
train epoch 30/50 batch 65/66 (98%) running_loss=0.3114
train epoch 30/50 batch 66/66 (100%) running_loss=0.3118
epoch 30/50 done: train_loss=0.3118 val_loss=0.2538 val_accuracy=0.9221 val_macro_f1=0.8947 val_macro_auc=0.9850 (checkpoint_metric=macro_auc)
train epoch 31/50 batch 13/66 (20%) running_loss=0.3193
train epoch 31/50 batch 26/66 (39%) running_loss=0.3184
train epoch 31/50 batch 39/66 (59%) running_loss=0.3165
train epoch 31/50 batch 52/66 (79%) running_loss=0.3143
train epoch 31/50 batch 65/66 (98%) running_loss=0.3135
train epoch 31/50 batch 66/66 (100%) running_loss=0.3134
epoch 31/50 done: train_loss=0.3134 val_loss=0.2402 val_accuracy=0.9283 val_macro_f1=0.9017 val_macro_auc=0.9859 (checkpoint_metric=macro_auc)
train epoch 32/50 batch 13/66 (20%) running_loss=0.3093
train epoch 32/50 batch 26/66 (39%) running_loss=0.3096
train epoch 32/50 batch 39/66 (59%) running_loss=0.3090
train epoch 32/50 batch 52/66 (79%) running_loss=0.3105
train epoch 32/50 batch 65/66 (98%) running_loss=0.3103
train epoch 32/50 batch 66/66 (100%) running_loss=0.3103
epoch 32/50 done: train_loss=0.3103 val_loss=0.2359 val_accuracy=0.9221 val_macro_f1=0.8947 val_macro_auc=0.9872 (checkpoint_metric=macro_auc)
train epoch 33/50 batch 13/66 (20%) running_loss=0.3070
train epoch 33/50 batch 26/66 (39%) running_loss=0.3080
train epoch 33/50 batch 39/66 (59%) running_loss=0.3110
train epoch 33/50 batch 52/66 (79%) running_loss=0.3113
train epoch 33/50 batch 65/66 (98%) running_loss=0.3125
train epoch 33/50 batch 66/66 (100%) running_loss=0.3128
epoch 33/50 done: train_loss=0.3128 val_loss=0.2369 val_accuracy=0.9201 val_macro_f1=0.8925 val_macro_auc=0.9874 (checkpoint_metric=macro_auc)
train epoch 34/50 batch 13/66 (20%) running_loss=0.3085
train epoch 34/50 batch 26/66 (39%) running_loss=0.3094
train epoch 34/50 batch 39/66 (59%) running_loss=0.3090
train epoch 34/50 batch 52/66 (79%) running_loss=0.3102
train epoch 34/50 batch 65/66 (98%) running_loss=0.3106
train epoch 34/50 batch 66/66 (100%) running_loss=0.3105
epoch 34/50 done: train_loss=0.3105 val_loss=0.2412 val_accuracy=0.9242 val_macro_f1=0.8971 val_macro_auc=0.9867 (checkpoint_metric=macro_auc)
train epoch 35/50 batch 13/66 (20%) running_loss=0.3137
train epoch 35/50 batch 26/66 (39%) running_loss=0.3132
train epoch 35/50 batch 39/66 (59%) running_loss=0.3103
train epoch 35/50 batch 52/66 (79%) running_loss=0.3106
train epoch 35/50 batch 65/66 (98%) running_loss=0.3119
train epoch 35/50 batch 66/66 (100%) running_loss=0.3119
epoch 35/50 done: train_loss=0.3119 val_loss=0.2366 val_accuracy=0.9303 val_macro_f1=0.9033 val_macro_auc=0.9873 (checkpoint_metric=macro_auc)
train epoch 36/50 batch 13/66 (20%) running_loss=0.3090
train epoch 36/50 batch 26/66 (39%) running_loss=0.3105
train epoch 36/50 batch 39/66 (59%) running_loss=0.3110
train epoch 36/50 batch 52/66 (79%) running_loss=0.3114
train epoch 36/50 batch 65/66 (98%) running_loss=0.3109
train epoch 36/50 batch 66/66 (100%) running_loss=0.3108
epoch 36/50 done: train_loss=0.3108 val_loss=0.2384 val_accuracy=0.9201 val_macro_f1=0.8907 val_macro_auc=0.9867 (checkpoint_metric=macro_auc)
train epoch 37/50 batch 13/66 (20%) running_loss=0.3058
train epoch 37/50 batch 26/66 (39%) running_loss=0.3111
train epoch 37/50 batch 39/66 (59%) running_loss=0.3119
train epoch 37/50 batch 52/66 (79%) running_loss=0.3130
train epoch 37/50 batch 65/66 (98%) running_loss=0.3122
train epoch 37/50 batch 66/66 (100%) running_loss=0.3126
epoch 37/50 done: train_loss=0.3126 val_loss=0.2559 val_accuracy=0.9221 val_macro_f1=0.8955 val_macro_auc=0.9857 (checkpoint_metric=macro_auc)
train epoch 38/50 batch 13/66 (20%) running_loss=0.3133
train epoch 38/50 batch 26/66 (39%) running_loss=0.3133
train epoch 38/50 batch 39/66 (59%) running_loss=0.3132
train epoch 38/50 batch 52/66 (79%) running_loss=0.3136
train epoch 38/50 batch 65/66 (98%) running_loss=0.3127
train epoch 38/50 batch 66/66 (100%) running_loss=0.3128
epoch 38/50 done: train_loss=0.3128 val_loss=0.2366 val_accuracy=0.9283 val_macro_f1=0.8991 val_macro_auc=0.9866 (checkpoint_metric=macro_auc)
train epoch 39/50 batch 13/66 (20%) running_loss=0.3051
train epoch 39/50 batch 26/66 (39%) running_loss=0.3066
train epoch 39/50 batch 39/66 (59%) running_loss=0.3063
train epoch 39/50 batch 52/66 (79%) running_loss=0.3075
train epoch 39/50 batch 65/66 (98%) running_loss=0.3073
train epoch 39/50 batch 66/66 (100%) running_loss=0.3073
epoch 39/50 done: train_loss=0.3073 val_loss=0.2465 val_accuracy=0.9262 val_macro_f1=0.9000 val_macro_auc=0.9866 (checkpoint_metric=macro_auc)
train epoch 40/50 batch 13/66 (20%) running_loss=0.3146
train epoch 40/50 batch 26/66 (39%) running_loss=0.3109
train epoch 40/50 batch 39/66 (59%) running_loss=0.3097
train epoch 40/50 batch 52/66 (79%) running_loss=0.3099
train epoch 40/50 batch 65/66 (98%) running_loss=0.3095
train epoch 40/50 batch 66/66 (100%) running_loss=0.3095
epoch 40/50 done: train_loss=0.3095 val_loss=0.2367 val_accuracy=0.9221 val_macro_f1=0.8930 val_macro_auc=0.9870 (checkpoint_metric=macro_auc)
train epoch 41/50 batch 13/66 (20%) running_loss=0.3078
train epoch 41/50 batch 26/66 (39%) running_loss=0.3066
train epoch 41/50 batch 39/66 (59%) running_loss=0.3145
train epoch 41/50 batch 52/66 (79%) running_loss=0.3128
train epoch 41/50 batch 65/66 (98%) running_loss=0.3127
train epoch 41/50 batch 66/66 (100%) running_loss=0.3126
epoch 41/50 done: train_loss=0.3126 val_loss=0.2339 val_accuracy=0.9262 val_macro_f1=0.8975 val_macro_auc=0.9873 (checkpoint_metric=macro_auc)
train epoch 42/50 batch 13/66 (20%) running_loss=0.3130
train epoch 42/50 batch 26/66 (39%) running_loss=0.3115
train epoch 42/50 batch 39/66 (59%) running_loss=0.3102
train epoch 42/50 batch 52/66 (79%) running_loss=0.3108
train epoch 42/50 batch 65/66 (98%) running_loss=0.3107
train epoch 42/50 batch 66/66 (100%) running_loss=0.3106
epoch 42/50 done: train_loss=0.3106 val_loss=0.2450 val_accuracy=0.9221 val_macro_f1=0.8938 val_macro_auc=0.9860 (checkpoint_metric=macro_auc)
train epoch 43/50 batch 13/66 (20%) running_loss=0.3098
train epoch 43/50 batch 26/66 (39%) running_loss=0.3092
train epoch 43/50 batch 39/66 (59%) running_loss=0.3097
train epoch 43/50 batch 52/66 (79%) running_loss=0.3104
train epoch 43/50 batch 65/66 (98%) running_loss=0.3097
train epoch 43/50 batch 66/66 (100%) running_loss=0.3095
epoch 43/50 done: train_loss=0.3095 val_loss=0.2381 val_accuracy=0.9262 val_macro_f1=0.8977 val_macro_auc=0.9859 (checkpoint_metric=macro_auc)
train epoch 44/50 batch 13/66 (20%) running_loss=0.3175
train epoch 44/50 batch 26/66 (39%) running_loss=0.3129
train epoch 44/50 batch 39/66 (59%) running_loss=0.3113
train epoch 44/50 batch 52/66 (79%) running_loss=0.3115
train epoch 44/50 batch 65/66 (98%) running_loss=0.3111
train epoch 44/50 batch 66/66 (100%) running_loss=0.3110
epoch 44/50 done: train_loss=0.3110 val_loss=0.2435 val_accuracy=0.9221 val_macro_f1=0.8938 val_macro_auc=0.9862 (checkpoint_metric=macro_auc)
train epoch 45/50 batch 13/66 (20%) running_loss=0.3143
train epoch 45/50 batch 26/66 (39%) running_loss=0.3118
train epoch 45/50 batch 39/66 (59%) running_loss=0.3104
train epoch 45/50 batch 52/66 (79%) running_loss=0.3097
train epoch 45/50 batch 65/66 (98%) running_loss=0.3111
train epoch 45/50 batch 66/66 (100%) running_loss=0.3112
epoch 45/50 done: train_loss=0.3112 val_loss=0.2320 val_accuracy=0.9262 val_macro_f1=0.8967 val_macro_auc=0.9873 (checkpoint_metric=macro_auc)
train epoch 46/50 batch 13/66 (20%) running_loss=0.3086
train epoch 46/50 batch 26/66 (39%) running_loss=0.3089
train epoch 46/50 batch 39/66 (59%) running_loss=0.3102
train epoch 46/50 batch 52/66 (79%) running_loss=0.3091
train epoch 46/50 batch 65/66 (98%) running_loss=0.3091
train epoch 46/50 batch 66/66 (100%) running_loss=0.3103
epoch 46/50 done: train_loss=0.3103 val_loss=0.2399 val_accuracy=0.9221 val_macro_f1=0.8938 val_macro_auc=0.9860 (checkpoint_metric=macro_auc)
train epoch 47/50 batch 13/66 (20%) running_loss=0.3107
train epoch 47/50 batch 26/66 (39%) running_loss=0.3107
train epoch 47/50 batch 39/66 (59%) running_loss=0.3136
train epoch 47/50 batch 52/66 (79%) running_loss=0.3126
train epoch 47/50 batch 65/66 (98%) running_loss=0.3110
train epoch 47/50 batch 66/66 (100%) running_loss=0.3111
epoch 47/50 done: train_loss=0.3111 val_loss=0.2478 val_accuracy=0.9221 val_macro_f1=0.8938 val_macro_auc=0.9855 (checkpoint_metric=macro_auc)
train epoch 48/50 batch 13/66 (20%) running_loss=0.3120
train epoch 48/50 batch 26/66 (39%) running_loss=0.3126
train epoch 48/50 batch 39/66 (59%) running_loss=0.3115
train epoch 48/50 batch 52/66 (79%) running_loss=0.3112
train epoch 48/50 batch 65/66 (98%) running_loss=0.3102
train epoch 48/50 batch 66/66 (100%) running_loss=0.3102
epoch 48/50 done: train_loss=0.3102 val_loss=0.2584 val_accuracy=0.9201 val_macro_f1=0.8924 val_macro_auc=0.9849 (checkpoint_metric=macro_auc)
train epoch 49/50 batch 13/66 (20%) running_loss=0.3121
train epoch 49/50 batch 26/66 (39%) running_loss=0.3111
train epoch 49/50 batch 39/66 (59%) running_loss=0.3124
train epoch 49/50 batch 52/66 (79%) running_loss=0.3115
train epoch 49/50 batch 65/66 (98%) running_loss=0.3108
train epoch 49/50 batch 66/66 (100%) running_loss=0.3108
epoch 49/50 done: train_loss=0.3108 val_loss=0.2535 val_accuracy=0.9201 val_macro_f1=0.8916 val_macro_auc=0.9853 (checkpoint_metric=macro_auc)
train epoch 50/50 batch 13/66 (20%) running_loss=0.3030
train epoch 50/50 batch 26/66 (39%) running_loss=0.3090
train epoch 50/50 batch 39/66 (59%) running_loss=0.3139
train epoch 50/50 batch 52/66 (79%) running_loss=0.3125
train epoch 50/50 batch 65/66 (98%) running_loss=0.3114
train epoch 50/50 batch 66/66 (100%) running_loss=0.3112
epoch 50/50 done: train_loss=0.3112 val_loss=0.2441 val_accuracy=0.9221 val_macro_f1=0.8938 val_macro_auc=0.9858 (checkpoint_metric=macro_auc)
Training finished. Best epoch=13, smoothed macro_auc=0.9883 (window=3)
Test set evaluated once: accuracy=0.8861 macro_f1=0.8790 macro_auc=0.9640
Model size: 21.29M params, 0.676 GFLOPs at 96x96

Best epoch: 13
Test accuracy:  0.8861
Test macro F1:  0.8790
Test macro AUC: 0.9640
Model size: 21.29M params, 0.676 GFLOPs
