Starting baseline training: model=deit_small device=cuda amp=True image_size=96 epochs=100 lr=0.001 optimizer=sgd
Dataset ready: 3 classes, 2102 train / 488 val samples (split reused from outputs/baseline_deit_small_96_none_ep100_s2/split_indices.json)
Augmentation policy: none (identity)
Classes: {'glioma_tumor': 0, 'meningioma_tumor': 1, 'pituitary_tumor': 2}
Regularization: weight_decay=7.0e-04 label_smoothing=0.10 grad_clip_norm=5.0
train epoch 1/100 batch 13/66 (20%) running_loss=1.0459
train epoch 1/100 batch 26/66 (39%) running_loss=0.9516
train epoch 1/100 batch 39/66 (59%) running_loss=0.8598
train epoch 1/100 batch 52/66 (79%) running_loss=0.7995
train epoch 1/100 batch 65/66 (98%) running_loss=0.7486
train epoch 1/100 batch 66/66 (100%) running_loss=0.7475
epoch 1/100 done: train_loss=0.7475 val_loss=0.3451 val_accuracy=0.9057 val_macro_f1=0.8655 val_macro_auc=0.9738 (checkpoint_metric=macro_auc) [new best]
train epoch 2/100 batch 13/66 (20%) running_loss=0.4699
train epoch 2/100 batch 26/66 (39%) running_loss=0.4579
train epoch 2/100 batch 39/66 (59%) running_loss=0.4521
train epoch 2/100 batch 52/66 (79%) running_loss=0.4480
train epoch 2/100 batch 65/66 (98%) running_loss=0.4414
train epoch 2/100 batch 66/66 (100%) running_loss=0.4413
epoch 2/100 done: train_loss=0.4413 val_loss=0.2873 val_accuracy=0.9160 val_macro_f1=0.8810 val_macro_auc=0.9819 (checkpoint_metric=macro_auc) [new best]
train epoch 3/100 batch 13/66 (20%) running_loss=0.3639
train epoch 3/100 batch 26/66 (39%) running_loss=0.3831
train epoch 3/100 batch 39/66 (59%) running_loss=0.3764
train epoch 3/100 batch 52/66 (79%) running_loss=0.3723
train epoch 3/100 batch 65/66 (98%) running_loss=0.3651
train epoch 3/100 batch 66/66 (100%) running_loss=0.3648
epoch 3/100 done: train_loss=0.3648 val_loss=0.2616 val_accuracy=0.9119 val_macro_f1=0.8810 val_macro_auc=0.9813 (checkpoint_metric=macro_auc) [new best]
train epoch 4/100 batch 13/66 (20%) running_loss=0.3272
train epoch 4/100 batch 26/66 (39%) running_loss=0.3263
train epoch 4/100 batch 39/66 (59%) running_loss=0.3220
train epoch 4/100 batch 52/66 (79%) running_loss=0.3198
train epoch 4/100 batch 65/66 (98%) running_loss=0.3195
train epoch 4/100 batch 66/66 (100%) running_loss=0.3195
epoch 4/100 done: train_loss=0.3195 val_loss=0.2608 val_accuracy=0.9139 val_macro_f1=0.8836 val_macro_auc=0.9832 (checkpoint_metric=macro_auc) [new best]
train epoch 5/100 batch 13/66 (20%) running_loss=0.3075
train epoch 5/100 batch 26/66 (39%) running_loss=0.3062
train epoch 5/100 batch 39/66 (59%) running_loss=0.3066
train epoch 5/100 batch 52/66 (79%) running_loss=0.3059
train epoch 5/100 batch 65/66 (98%) running_loss=0.3050
train epoch 5/100 batch 66/66 (100%) running_loss=0.3050
epoch 5/100 done: train_loss=0.3050 val_loss=0.2478 val_accuracy=0.9303 val_macro_f1=0.9064 val_macro_auc=0.9843 (checkpoint_metric=macro_auc) [new best]
train epoch 6/100 batch 13/66 (20%) running_loss=0.2988
train epoch 6/100 batch 26/66 (39%) running_loss=0.2990
train epoch 6/100 batch 39/66 (59%) running_loss=0.2986
train epoch 6/100 batch 52/66 (79%) running_loss=0.2982
train epoch 6/100 batch 65/66 (98%) running_loss=0.2979
train epoch 6/100 batch 66/66 (100%) running_loss=0.2978
epoch 6/100 done: train_loss=0.2978 val_loss=0.2548 val_accuracy=0.9303 val_macro_f1=0.9066 val_macro_auc=0.9862 (checkpoint_metric=macro_auc) [new best]
train epoch 7/100 batch 13/66 (20%) running_loss=0.2955
train epoch 7/100 batch 26/66 (39%) running_loss=0.2953
train epoch 7/100 batch 39/66 (59%) running_loss=0.2953
train epoch 7/100 batch 52/66 (79%) running_loss=0.2951
train epoch 7/100 batch 65/66 (98%) running_loss=0.2950
train epoch 7/100 batch 66/66 (100%) running_loss=0.2950
epoch 7/100 done: train_loss=0.2950 val_loss=0.2669 val_accuracy=0.9221 val_macro_f1=0.8994 val_macro_auc=0.9850 (checkpoint_metric=macro_auc) [new best]
train epoch 8/100 batch 13/66 (20%) running_loss=0.2939
train epoch 8/100 batch 26/66 (39%) running_loss=0.2940
train epoch 8/100 batch 39/66 (59%) running_loss=0.2940
train epoch 8/100 batch 52/66 (79%) running_loss=0.2939
train epoch 8/100 batch 65/66 (98%) running_loss=0.2940
train epoch 8/100 batch 66/66 (100%) running_loss=0.2940
epoch 8/100 done: train_loss=0.2940 val_loss=0.2662 val_accuracy=0.9221 val_macro_f1=0.9000 val_macro_auc=0.9850 (checkpoint_metric=macro_auc) [new best]
train epoch 9/100 batch 13/66 (20%) running_loss=0.2935
train epoch 9/100 batch 26/66 (39%) running_loss=0.2934
train epoch 9/100 batch 39/66 (59%) running_loss=0.2935
train epoch 9/100 batch 52/66 (79%) running_loss=0.2935
train epoch 9/100 batch 65/66 (98%) running_loss=0.2934
train epoch 9/100 batch 66/66 (100%) running_loss=0.2934
epoch 9/100 done: train_loss=0.2934 val_loss=0.2731 val_accuracy=0.9098 val_macro_f1=0.8838 val_macro_auc=0.9840 (checkpoint_metric=macro_auc)
train epoch 10/100 batch 13/66 (20%) running_loss=0.2932
train epoch 10/100 batch 26/66 (39%) running_loss=0.2931
train epoch 10/100 batch 39/66 (59%) running_loss=0.2931
train epoch 10/100 batch 52/66 (79%) running_loss=0.2930
train epoch 10/100 batch 65/66 (98%) running_loss=0.2930
train epoch 10/100 batch 66/66 (100%) running_loss=0.2931
epoch 10/100 done: train_loss=0.2931 val_loss=0.2684 val_accuracy=0.9160 val_macro_f1=0.8913 val_macro_auc=0.9842 (checkpoint_metric=macro_auc)
train epoch 11/100 batch 13/66 (20%) running_loss=0.2929
train epoch 11/100 batch 26/66 (39%) running_loss=0.2928
train epoch 11/100 batch 39/66 (59%) running_loss=0.2928
train epoch 11/100 batch 52/66 (79%) running_loss=0.2928
train epoch 11/100 batch 65/66 (98%) running_loss=0.2928
train epoch 11/100 batch 66/66 (100%) running_loss=0.2928
epoch 11/100 done: train_loss=0.2928 val_loss=0.2684 val_accuracy=0.9119 val_macro_f1=0.8861 val_macro_auc=0.9839 (checkpoint_metric=macro_auc)
train epoch 12/100 batch 13/66 (20%) running_loss=0.2925
train epoch 12/100 batch 26/66 (39%) running_loss=0.2926
train epoch 12/100 batch 39/66 (59%) running_loss=0.2926
train epoch 12/100 batch 52/66 (79%) running_loss=0.2926
train epoch 12/100 batch 65/66 (98%) running_loss=0.2926
train epoch 12/100 batch 66/66 (100%) running_loss=0.2926
epoch 12/100 done: train_loss=0.2926 val_loss=0.2674 val_accuracy=0.9180 val_macro_f1=0.8937 val_macro_auc=0.9841 (checkpoint_metric=macro_auc)
train epoch 13/100 batch 13/66 (20%) running_loss=0.2924
train epoch 13/100 batch 26/66 (39%) running_loss=0.2924
train epoch 13/100 batch 39/66 (59%) running_loss=0.2924
train epoch 13/100 batch 52/66 (79%) running_loss=0.2924
train epoch 13/100 batch 65/66 (98%) running_loss=0.2924
train epoch 13/100 batch 66/66 (100%) running_loss=0.2924
epoch 13/100 done: train_loss=0.2924 val_loss=0.2689 val_accuracy=0.9180 val_macro_f1=0.8929 val_macro_auc=0.9839 (checkpoint_metric=macro_auc)
train epoch 14/100 batch 13/66 (20%) running_loss=0.2923
train epoch 14/100 batch 26/66 (39%) running_loss=0.2924
train epoch 14/100 batch 39/66 (59%) running_loss=0.2923
train epoch 14/100 batch 52/66 (79%) running_loss=0.2923
train epoch 14/100 batch 65/66 (98%) running_loss=0.2923
train epoch 14/100 batch 66/66 (100%) running_loss=0.2923
epoch 14/100 done: train_loss=0.2923 val_loss=0.2685 val_accuracy=0.9160 val_macro_f1=0.8905 val_macro_auc=0.9837 (checkpoint_metric=macro_auc)
train epoch 15/100 batch 13/66 (20%) running_loss=0.2922
train epoch 15/100 batch 26/66 (39%) running_loss=0.2922
train epoch 15/100 batch 39/66 (59%) running_loss=0.2922
train epoch 15/100 batch 52/66 (79%) running_loss=0.2922
train epoch 15/100 batch 65/66 (98%) running_loss=0.2922
train epoch 15/100 batch 66/66 (100%) running_loss=0.2922
epoch 15/100 done: train_loss=0.2922 val_loss=0.2676 val_accuracy=0.9160 val_macro_f1=0.8913 val_macro_auc=0.9840 (checkpoint_metric=macro_auc)
train epoch 16/100 batch 13/66 (20%) running_loss=0.2921
train epoch 16/100 batch 26/66 (39%) running_loss=0.2921
train epoch 16/100 batch 39/66 (59%) running_loss=0.2921
train epoch 16/100 batch 52/66 (79%) running_loss=0.2921
train epoch 16/100 batch 65/66 (98%) running_loss=0.2921
train epoch 16/100 batch 66/66 (100%) running_loss=0.2921
epoch 16/100 done: train_loss=0.2921 val_loss=0.2676 val_accuracy=0.9160 val_macro_f1=0.8910 val_macro_auc=0.9839 (checkpoint_metric=macro_auc)
train epoch 17/100 batch 13/66 (20%) running_loss=0.2921
train epoch 17/100 batch 26/66 (39%) running_loss=0.2920
train epoch 17/100 batch 39/66 (59%) running_loss=0.2920
train epoch 17/100 batch 52/66 (79%) running_loss=0.2920
train epoch 17/100 batch 65/66 (98%) running_loss=0.2920
train epoch 17/100 batch 66/66 (100%) running_loss=0.2920
epoch 17/100 done: train_loss=0.2920 val_loss=0.2708 val_accuracy=0.9139 val_macro_f1=0.8889 val_macro_auc=0.9834 (checkpoint_metric=macro_auc)
train epoch 18/100 batch 13/66 (20%) running_loss=0.2920
train epoch 18/100 batch 26/66 (39%) running_loss=0.2919
train epoch 18/100 batch 39/66 (59%) running_loss=0.2919
train epoch 18/100 batch 52/66 (79%) running_loss=0.2919
train epoch 18/100 batch 65/66 (98%) running_loss=0.2919
train epoch 18/100 batch 66/66 (100%) running_loss=0.2919
epoch 18/100 done: train_loss=0.2919 val_loss=0.2701 val_accuracy=0.9119 val_macro_f1=0.8857 val_macro_auc=0.9835 (checkpoint_metric=macro_auc)
train epoch 19/100 batch 13/66 (20%) running_loss=0.2919
train epoch 19/100 batch 26/66 (39%) running_loss=0.2919
train epoch 19/100 batch 39/66 (59%) running_loss=0.2919
train epoch 19/100 batch 52/66 (79%) running_loss=0.2919
train epoch 19/100 batch 65/66 (98%) running_loss=0.2919
train epoch 19/100 batch 66/66 (100%) running_loss=0.2919
epoch 19/100 done: train_loss=0.2919 val_loss=0.2688 val_accuracy=0.9139 val_macro_f1=0.8879 val_macro_auc=0.9836 (checkpoint_metric=macro_auc)
train epoch 20/100 batch 13/66 (20%) running_loss=0.2918
train epoch 20/100 batch 26/66 (39%) running_loss=0.2918
train epoch 20/100 batch 39/66 (59%) running_loss=0.2918
train epoch 20/100 batch 52/66 (79%) running_loss=0.2918
train epoch 20/100 batch 65/66 (98%) running_loss=0.2918
train epoch 20/100 batch 66/66 (100%) running_loss=0.2918
epoch 20/100 done: train_loss=0.2918 val_loss=0.2721 val_accuracy=0.9119 val_macro_f1=0.8852 val_macro_auc=0.9833 (checkpoint_metric=macro_auc)
train epoch 21/100 batch 13/66 (20%) running_loss=0.2918
train epoch 21/100 batch 26/66 (39%) running_loss=0.2918
train epoch 21/100 batch 39/66 (59%) running_loss=0.2918
train epoch 21/100 batch 52/66 (79%) running_loss=0.2918
train epoch 21/100 batch 65/66 (98%) running_loss=0.2918
train epoch 21/100 batch 66/66 (100%) running_loss=0.2918
epoch 21/100 done: train_loss=0.2918 val_loss=0.2683 val_accuracy=0.9119 val_macro_f1=0.8857 val_macro_auc=0.9836 (checkpoint_metric=macro_auc)
train epoch 22/100 batch 13/66 (20%) running_loss=0.2917
train epoch 22/100 batch 26/66 (39%) running_loss=0.2918
train epoch 22/100 batch 39/66 (59%) running_loss=0.2918
train epoch 22/100 batch 52/66 (79%) running_loss=0.2918
train epoch 22/100 batch 65/66 (98%) running_loss=0.2918
train epoch 22/100 batch 66/66 (100%) running_loss=0.2918
epoch 22/100 done: train_loss=0.2918 val_loss=0.2670 val_accuracy=0.9139 val_macro_f1=0.8879 val_macro_auc=0.9837 (checkpoint_metric=macro_auc)
train epoch 23/100 batch 13/66 (20%) running_loss=0.2918
train epoch 23/100 batch 26/66 (39%) running_loss=0.2917
train epoch 23/100 batch 39/66 (59%) running_loss=0.2917
train epoch 23/100 batch 52/66 (79%) running_loss=0.2917
train epoch 23/100 batch 65/66 (98%) running_loss=0.2917
train epoch 23/100 batch 66/66 (100%) running_loss=0.2917
epoch 23/100 done: train_loss=0.2917 val_loss=0.2697 val_accuracy=0.9078 val_macro_f1=0.8774 val_macro_auc=0.9834 (checkpoint_metric=macro_auc)
train epoch 24/100 batch 13/66 (20%) running_loss=0.2917
train epoch 24/100 batch 26/66 (39%) running_loss=0.2917
train epoch 24/100 batch 39/66 (59%) running_loss=0.2917
train epoch 24/100 batch 52/66 (79%) running_loss=0.2917
train epoch 24/100 batch 65/66 (98%) running_loss=0.2917
train epoch 24/100 batch 66/66 (100%) running_loss=0.2917
epoch 24/100 done: train_loss=0.2917 val_loss=0.2686 val_accuracy=0.9057 val_macro_f1=0.8740 val_macro_auc=0.9836 (checkpoint_metric=macro_auc)
train epoch 25/100 batch 13/66 (20%) running_loss=0.2917
train epoch 25/100 batch 26/66 (39%) running_loss=0.2917
train epoch 25/100 batch 39/66 (59%) running_loss=0.2917
train epoch 25/100 batch 52/66 (79%) running_loss=0.2917
train epoch 25/100 batch 65/66 (98%) running_loss=0.2917
train epoch 25/100 batch 66/66 (100%) running_loss=0.2917
epoch 25/100 done: train_loss=0.2917 val_loss=0.2704 val_accuracy=0.9057 val_macro_f1=0.8740 val_macro_auc=0.9834 (checkpoint_metric=macro_auc)
train epoch 26/100 batch 13/66 (20%) running_loss=0.2916
train epoch 26/100 batch 26/66 (39%) running_loss=0.2916
train epoch 26/100 batch 39/66 (59%) running_loss=0.2916
train epoch 26/100 batch 52/66 (79%) running_loss=0.2916
train epoch 26/100 batch 65/66 (98%) running_loss=0.2916
train epoch 26/100 batch 66/66 (100%) running_loss=0.2916
epoch 26/100 done: train_loss=0.2916 val_loss=0.2714 val_accuracy=0.9037 val_macro_f1=0.8713 val_macro_auc=0.9832 (checkpoint_metric=macro_auc)
train epoch 27/100 batch 13/66 (20%) running_loss=0.2916
train epoch 27/100 batch 26/66 (39%) running_loss=0.2916
train epoch 27/100 batch 39/66 (59%) running_loss=0.2916
train epoch 27/100 batch 52/66 (79%) running_loss=0.2916
train epoch 27/100 batch 65/66 (98%) running_loss=0.2916
train epoch 27/100 batch 66/66 (100%) running_loss=0.2916
epoch 27/100 done: train_loss=0.2916 val_loss=0.2711 val_accuracy=0.9057 val_macro_f1=0.8747 val_macro_auc=0.9831 (checkpoint_metric=macro_auc)
train epoch 28/100 batch 13/66 (20%) running_loss=0.2916
train epoch 28/100 batch 26/66 (39%) running_loss=0.2916
train epoch 28/100 batch 39/66 (59%) running_loss=0.2916
train epoch 28/100 batch 52/66 (79%) running_loss=0.2916
train epoch 28/100 batch 65/66 (98%) running_loss=0.2916
train epoch 28/100 batch 66/66 (100%) running_loss=0.2916
epoch 28/100 done: train_loss=0.2916 val_loss=0.2714 val_accuracy=0.9057 val_macro_f1=0.8736 val_macro_auc=0.9832 (checkpoint_metric=macro_auc)
train epoch 29/100 batch 13/66 (20%) running_loss=0.2915
train epoch 29/100 batch 26/66 (39%) running_loss=0.2916
train epoch 29/100 batch 39/66 (59%) running_loss=0.2916
train epoch 29/100 batch 52/66 (79%) running_loss=0.2916
train epoch 29/100 batch 65/66 (98%) running_loss=0.2916
train epoch 29/100 batch 66/66 (100%) running_loss=0.2916
epoch 29/100 done: train_loss=0.2916 val_loss=0.2715 val_accuracy=0.9057 val_macro_f1=0.8736 val_macro_auc=0.9831 (checkpoint_metric=macro_auc)
train epoch 30/100 batch 13/66 (20%) running_loss=0.2916
train epoch 30/100 batch 26/66 (39%) running_loss=0.2916
train epoch 30/100 batch 39/66 (59%) running_loss=0.2916
train epoch 30/100 batch 52/66 (79%) running_loss=0.2916
train epoch 30/100 batch 65/66 (98%) running_loss=0.2916
train epoch 30/100 batch 66/66 (100%) running_loss=0.2916
epoch 30/100 done: train_loss=0.2916 val_loss=0.2710 val_accuracy=0.9016 val_macro_f1=0.8667 val_macro_auc=0.9831 (checkpoint_metric=macro_auc)
train epoch 31/100 batch 13/66 (20%) running_loss=0.2915
train epoch 31/100 batch 26/66 (39%) running_loss=0.2915
train epoch 31/100 batch 39/66 (59%) running_loss=0.2916
train epoch 31/100 batch 52/66 (79%) running_loss=0.2915
train epoch 31/100 batch 65/66 (98%) running_loss=0.2915
train epoch 31/100 batch 66/66 (100%) running_loss=0.2915
epoch 31/100 done: train_loss=0.2915 val_loss=0.2711 val_accuracy=0.9037 val_macro_f1=0.8690 val_macro_auc=0.9831 (checkpoint_metric=macro_auc)
train epoch 32/100 batch 13/66 (20%) running_loss=0.2915
train epoch 32/100 batch 26/66 (39%) running_loss=0.2915
train epoch 32/100 batch 39/66 (59%) running_loss=0.2915
train epoch 32/100 batch 52/66 (79%) running_loss=0.2915
train epoch 32/100 batch 65/66 (98%) running_loss=0.2915
train epoch 32/100 batch 66/66 (100%) running_loss=0.2915
epoch 32/100 done: train_loss=0.2915 val_loss=0.2713 val_accuracy=0.9037 val_macro_f1=0.8700 val_macro_auc=0.9830 (checkpoint_metric=macro_auc)
train epoch 33/100 batch 13/66 (20%) running_loss=0.2915
train epoch 33/100 batch 26/66 (39%) running_loss=0.2915
train epoch 33/100 batch 39/66 (59%) running_loss=0.2915
train epoch 33/100 batch 52/66 (79%) running_loss=0.2915
train epoch 33/100 batch 65/66 (98%) running_loss=0.2915
train epoch 33/100 batch 66/66 (100%) running_loss=0.2915
epoch 33/100 done: train_loss=0.2915 val_loss=0.2709 val_accuracy=0.9037 val_macro_f1=0.8690 val_macro_auc=0.9830 (checkpoint_metric=macro_auc)
train epoch 34/100 batch 13/66 (20%) running_loss=0.2915
train epoch 34/100 batch 26/66 (39%) running_loss=0.2915
train epoch 34/100 batch 39/66 (59%) running_loss=0.2915
train epoch 34/100 batch 52/66 (79%) running_loss=0.2915
train epoch 34/100 batch 65/66 (98%) running_loss=0.2915
train epoch 34/100 batch 66/66 (100%) running_loss=0.2915
epoch 34/100 done: train_loss=0.2915 val_loss=0.2701 val_accuracy=0.9037 val_macro_f1=0.8690 val_macro_auc=0.9832 (checkpoint_metric=macro_auc)
train epoch 35/100 batch 13/66 (20%) running_loss=0.2915
train epoch 35/100 batch 26/66 (39%) running_loss=0.2915
train epoch 35/100 batch 39/66 (59%) running_loss=0.2915
train epoch 35/100 batch 52/66 (79%) running_loss=0.2915
train epoch 35/100 batch 65/66 (98%) running_loss=0.2915
train epoch 35/100 batch 66/66 (100%) running_loss=0.2915
epoch 35/100 done: train_loss=0.2915 val_loss=0.2713 val_accuracy=0.9037 val_macro_f1=0.8690 val_macro_auc=0.9830 (checkpoint_metric=macro_auc)
train epoch 36/100 batch 13/66 (20%) running_loss=0.2915
train epoch 36/100 batch 26/66 (39%) running_loss=0.2915
train epoch 36/100 batch 39/66 (59%) running_loss=0.2915
train epoch 36/100 batch 52/66 (79%) running_loss=0.2915
train epoch 36/100 batch 65/66 (98%) running_loss=0.2915
train epoch 36/100 batch 66/66 (100%) running_loss=0.2915
epoch 36/100 done: train_loss=0.2915 val_loss=0.2726 val_accuracy=0.9037 val_macro_f1=0.8690 val_macro_auc=0.9829 (checkpoint_metric=macro_auc)
train epoch 37/100 batch 13/66 (20%) running_loss=0.2915
train epoch 37/100 batch 26/66 (39%) running_loss=0.2915
train epoch 37/100 batch 39/66 (59%) running_loss=0.2915
train epoch 37/100 batch 52/66 (79%) running_loss=0.2915
train epoch 37/100 batch 65/66 (98%) running_loss=0.2915
train epoch 37/100 batch 66/66 (100%) running_loss=0.2915
epoch 37/100 done: train_loss=0.2915 val_loss=0.2717 val_accuracy=0.9037 val_macro_f1=0.8690 val_macro_auc=0.9830 (checkpoint_metric=macro_auc)
train epoch 38/100 batch 13/66 (20%) running_loss=0.2915
train epoch 38/100 batch 26/66 (39%) running_loss=0.2915
train epoch 38/100 batch 39/66 (59%) running_loss=0.2915
train epoch 38/100 batch 52/66 (79%) running_loss=0.2915
train epoch 38/100 batch 65/66 (98%) running_loss=0.2915
train epoch 38/100 batch 66/66 (100%) running_loss=0.2915
epoch 38/100 done: train_loss=0.2915 val_loss=0.2725 val_accuracy=0.9037 val_macro_f1=0.8690 val_macro_auc=0.9828 (checkpoint_metric=macro_auc)
train epoch 39/100 batch 13/66 (20%) running_loss=0.2915
train epoch 39/100 batch 26/66 (39%) running_loss=0.2915
train epoch 39/100 batch 39/66 (59%) running_loss=0.2915
train epoch 39/100 batch 52/66 (79%) running_loss=0.2915
train epoch 39/100 batch 65/66 (98%) running_loss=0.2915
train epoch 39/100 batch 66/66 (100%) running_loss=0.2915
epoch 39/100 done: train_loss=0.2915 val_loss=0.2715 val_accuracy=0.9037 val_macro_f1=0.8690 val_macro_auc=0.9829 (checkpoint_metric=macro_auc)
train epoch 40/100 batch 13/66 (20%) running_loss=0.2915
train epoch 40/100 batch 26/66 (39%) running_loss=0.2915
train epoch 40/100 batch 39/66 (59%) running_loss=0.2915
train epoch 40/100 batch 52/66 (79%) running_loss=0.2915
train epoch 40/100 batch 65/66 (98%) running_loss=0.2915
train epoch 40/100 batch 66/66 (100%) running_loss=0.2915
epoch 40/100 done: train_loss=0.2915 val_loss=0.2713 val_accuracy=0.9037 val_macro_f1=0.8690 val_macro_auc=0.9829 (checkpoint_metric=macro_auc)
train epoch 41/100 batch 13/66 (20%) running_loss=0.2914
train epoch 41/100 batch 26/66 (39%) running_loss=0.2915
train epoch 41/100 batch 39/66 (59%) running_loss=0.2914
train epoch 41/100 batch 52/66 (79%) running_loss=0.2914
train epoch 41/100 batch 65/66 (98%) running_loss=0.2915
train epoch 41/100 batch 66/66 (100%) running_loss=0.2914
epoch 41/100 done: train_loss=0.2914 val_loss=0.2700 val_accuracy=0.9037 val_macro_f1=0.8690 val_macro_auc=0.9831 (checkpoint_metric=macro_auc)
train epoch 42/100 batch 13/66 (20%) running_loss=0.2915
train epoch 42/100 batch 26/66 (39%) running_loss=0.2915
train epoch 42/100 batch 39/66 (59%) running_loss=0.2915
train epoch 42/100 batch 52/66 (79%) running_loss=0.2915
train epoch 42/100 batch 65/66 (98%) running_loss=0.2914
train epoch 42/100 batch 66/66 (100%) running_loss=0.2914
epoch 42/100 done: train_loss=0.2914 val_loss=0.2712 val_accuracy=0.9016 val_macro_f1=0.8667 val_macro_auc=0.9830 (checkpoint_metric=macro_auc)
train epoch 43/100 batch 13/66 (20%) running_loss=0.2915
train epoch 43/100 batch 26/66 (39%) running_loss=0.2914
train epoch 43/100 batch 39/66 (59%) running_loss=0.2914
train epoch 43/100 batch 52/66 (79%) running_loss=0.2914
train epoch 43/100 batch 65/66 (98%) running_loss=0.2914
train epoch 43/100 batch 66/66 (100%) running_loss=0.2914
epoch 43/100 done: train_loss=0.2914 val_loss=0.2710 val_accuracy=0.9016 val_macro_f1=0.8667 val_macro_auc=0.9830 (checkpoint_metric=macro_auc)
train epoch 44/100 batch 13/66 (20%) running_loss=0.2914
train epoch 44/100 batch 26/66 (39%) running_loss=0.2914
train epoch 44/100 batch 39/66 (59%) running_loss=0.2914
train epoch 44/100 batch 52/66 (79%) running_loss=0.2914
train epoch 44/100 batch 65/66 (98%) running_loss=0.2914
train epoch 44/100 batch 66/66 (100%) running_loss=0.2914
epoch 44/100 done: train_loss=0.2914 val_loss=0.2709 val_accuracy=0.9037 val_macro_f1=0.8690 val_macro_auc=0.9830 (checkpoint_metric=macro_auc)
train epoch 45/100 batch 13/66 (20%) running_loss=0.2914
train epoch 45/100 batch 26/66 (39%) running_loss=0.2914
train epoch 45/100 batch 39/66 (59%) running_loss=0.2914
train epoch 45/100 batch 52/66 (79%) running_loss=0.2914
train epoch 45/100 batch 65/66 (98%) running_loss=0.2914
train epoch 45/100 batch 66/66 (100%) running_loss=0.2914
epoch 45/100 done: train_loss=0.2914 val_loss=0.2716 val_accuracy=0.9016 val_macro_f1=0.8667 val_macro_auc=0.9830 (checkpoint_metric=macro_auc)
train epoch 46/100 batch 13/66 (20%) running_loss=0.2914
train epoch 46/100 batch 26/66 (39%) running_loss=0.2914
train epoch 46/100 batch 39/66 (59%) running_loss=0.2914
train epoch 46/100 batch 52/66 (79%) running_loss=0.2914
train epoch 46/100 batch 65/66 (98%) running_loss=0.2914
train epoch 46/100 batch 66/66 (100%) running_loss=0.2914
epoch 46/100 done: train_loss=0.2914 val_loss=0.2714 val_accuracy=0.9016 val_macro_f1=0.8667 val_macro_auc=0.9830 (checkpoint_metric=macro_auc)
train epoch 47/100 batch 13/66 (20%) running_loss=0.2914
train epoch 47/100 batch 26/66 (39%) running_loss=0.2914
train epoch 47/100 batch 39/66 (59%) running_loss=0.2914
train epoch 47/100 batch 52/66 (79%) running_loss=0.2914
train epoch 47/100 batch 65/66 (98%) running_loss=0.2914
train epoch 47/100 batch 66/66 (100%) running_loss=0.2914
epoch 47/100 done: train_loss=0.2914 val_loss=0.2716 val_accuracy=0.9016 val_macro_f1=0.8667 val_macro_auc=0.9830 (checkpoint_metric=macro_auc)
train epoch 48/100 batch 13/66 (20%) running_loss=0.2914
train epoch 48/100 batch 26/66 (39%) running_loss=0.2914
train epoch 48/100 batch 39/66 (59%) running_loss=0.2914
train epoch 48/100 batch 52/66 (79%) running_loss=0.2914
train epoch 48/100 batch 65/66 (98%) running_loss=0.2914
train epoch 48/100 batch 66/66 (100%) running_loss=0.2914
epoch 48/100 done: train_loss=0.2914 val_loss=0.2711 val_accuracy=0.9016 val_macro_f1=0.8667 val_macro_auc=0.9830 (checkpoint_metric=macro_auc)
train epoch 49/100 batch 13/66 (20%) running_loss=0.2914
train epoch 49/100 batch 26/66 (39%) running_loss=0.2914
train epoch 49/100 batch 39/66 (59%) running_loss=0.2914
train epoch 49/100 batch 52/66 (79%) running_loss=0.2914
train epoch 49/100 batch 65/66 (98%) running_loss=0.2914
train epoch 49/100 batch 66/66 (100%) running_loss=0.2914
epoch 49/100 done: train_loss=0.2914 val_loss=0.2708 val_accuracy=0.9016 val_macro_f1=0.8667 val_macro_auc=0.9831 (checkpoint_metric=macro_auc)
train epoch 50/100 batch 13/66 (20%) running_loss=0.2914
train epoch 50/100 batch 26/66 (39%) running_loss=0.2914
train epoch 50/100 batch 39/66 (59%) running_loss=0.2914
train epoch 50/100 batch 52/66 (79%) running_loss=0.2914
train epoch 50/100 batch 65/66 (98%) running_loss=0.2914
train epoch 50/100 batch 66/66 (100%) running_loss=0.2914
epoch 50/100 done: train_loss=0.2914 val_loss=0.2712 val_accuracy=0.9016 val_macro_f1=0.8667 val_macro_auc=0.9830 (checkpoint_metric=macro_auc)
train epoch 51/100 batch 13/66 (20%) running_loss=0.2914
train epoch 51/100 batch 26/66 (39%) running_loss=0.2914
train epoch 51/100 batch 39/66 (59%) running_loss=0.2914
train epoch 51/100 batch 52/66 (79%) running_loss=0.2914
train epoch 51/100 batch 65/66 (98%) running_loss=0.2914
train epoch 51/100 batch 66/66 (100%) running_loss=0.2914
epoch 51/100 done: train_loss=0.2914 val_loss=0.2721 val_accuracy=0.9037 val_macro_f1=0.8690 val_macro_auc=0.9829 (checkpoint_metric=macro_auc)
train epoch 52/100 batch 13/66 (20%) running_loss=0.2914
train epoch 52/100 batch 26/66 (39%) running_loss=0.2914
train epoch 52/100 batch 39/66 (59%) running_loss=0.2914
train epoch 52/100 batch 52/66 (79%) running_loss=0.2914
train epoch 52/100 batch 65/66 (98%) running_loss=0.2914
train epoch 52/100 batch 66/66 (100%) running_loss=0.2914
epoch 52/100 done: train_loss=0.2914 val_loss=0.2718 val_accuracy=0.9037 val_macro_f1=0.8690 val_macro_auc=0.9830 (checkpoint_metric=macro_auc)
train epoch 53/100 batch 13/66 (20%) running_loss=0.2914
train epoch 53/100 batch 26/66 (39%) running_loss=0.2914
train epoch 53/100 batch 39/66 (59%) running_loss=0.2914
train epoch 53/100 batch 52/66 (79%) running_loss=0.2914
train epoch 53/100 batch 65/66 (98%) running_loss=0.2914
train epoch 53/100 batch 66/66 (100%) running_loss=0.2914
epoch 53/100 done: train_loss=0.2914 val_loss=0.2718 val_accuracy=0.9037 val_macro_f1=0.8690 val_macro_auc=0.9830 (checkpoint_metric=macro_auc)
train epoch 54/100 batch 13/66 (20%) running_loss=0.2914
train epoch 54/100 batch 26/66 (39%) running_loss=0.2914
train epoch 54/100 batch 39/66 (59%) running_loss=0.2914
train epoch 54/100 batch 52/66 (79%) running_loss=0.2914
train epoch 54/100 batch 65/66 (98%) running_loss=0.2914
train epoch 54/100 batch 66/66 (100%) running_loss=0.2914
epoch 54/100 done: train_loss=0.2914 val_loss=0.2718 val_accuracy=0.9037 val_macro_f1=0.8690 val_macro_auc=0.9830 (checkpoint_metric=macro_auc)
train epoch 55/100 batch 13/66 (20%) running_loss=0.2914
train epoch 55/100 batch 26/66 (39%) running_loss=0.2914
train epoch 55/100 batch 39/66 (59%) running_loss=0.2914
train epoch 55/100 batch 52/66 (79%) running_loss=0.2914
train epoch 55/100 batch 65/66 (98%) running_loss=0.2914
train epoch 55/100 batch 66/66 (100%) running_loss=0.2914
epoch 55/100 done: train_loss=0.2914 val_loss=0.2724 val_accuracy=0.9037 val_macro_f1=0.8690 val_macro_auc=0.9829 (checkpoint_metric=macro_auc)
train epoch 56/100 batch 13/66 (20%) running_loss=0.2914
train epoch 56/100 batch 26/66 (39%) running_loss=0.2914
train epoch 56/100 batch 39/66 (59%) running_loss=0.2914
train epoch 56/100 batch 52/66 (79%) running_loss=0.2914
train epoch 56/100 batch 65/66 (98%) running_loss=0.2914
train epoch 56/100 batch 66/66 (100%) running_loss=0.2914
epoch 56/100 done: train_loss=0.2914 val_loss=0.2714 val_accuracy=0.9037 val_macro_f1=0.8690 val_macro_auc=0.9830 (checkpoint_metric=macro_auc)
train epoch 57/100 batch 13/66 (20%) running_loss=0.2914
train epoch 57/100 batch 26/66 (39%) running_loss=0.2914
train epoch 57/100 batch 39/66 (59%) running_loss=0.2914
train epoch 57/100 batch 52/66 (79%) running_loss=0.2914
train epoch 57/100 batch 65/66 (98%) running_loss=0.2914
train epoch 57/100 batch 66/66 (100%) running_loss=0.2914
epoch 57/100 done: train_loss=0.2914 val_loss=0.2710 val_accuracy=0.9037 val_macro_f1=0.8690 val_macro_auc=0.9830 (checkpoint_metric=macro_auc)
train epoch 58/100 batch 13/66 (20%) running_loss=0.2914
train epoch 58/100 batch 26/66 (39%) running_loss=0.2914
train epoch 58/100 batch 39/66 (59%) running_loss=0.2914
train epoch 58/100 batch 52/66 (79%) running_loss=0.2914
train epoch 58/100 batch 65/66 (98%) running_loss=0.2914
train epoch 58/100 batch 66/66 (100%) running_loss=0.2914
epoch 58/100 done: train_loss=0.2914 val_loss=0.2713 val_accuracy=0.9037 val_macro_f1=0.8690 val_macro_auc=0.9830 (checkpoint_metric=macro_auc)
train epoch 59/100 batch 13/66 (20%) running_loss=0.2914
train epoch 59/100 batch 26/66 (39%) running_loss=0.2914
train epoch 59/100 batch 39/66 (59%) running_loss=0.2914
train epoch 59/100 batch 52/66 (79%) running_loss=0.2914
train epoch 59/100 batch 65/66 (98%) running_loss=0.2914
train epoch 59/100 batch 66/66 (100%) running_loss=0.2914
epoch 59/100 done: train_loss=0.2914 val_loss=0.2712 val_accuracy=0.9037 val_macro_f1=0.8690 val_macro_auc=0.9830 (checkpoint_metric=macro_auc)
train epoch 60/100 batch 13/66 (20%) running_loss=0.2914
train epoch 60/100 batch 26/66 (39%) running_loss=0.2914
train epoch 60/100 batch 39/66 (59%) running_loss=0.2914
train epoch 60/100 batch 52/66 (79%) running_loss=0.2914
train epoch 60/100 batch 65/66 (98%) running_loss=0.2914
train epoch 60/100 batch 66/66 (100%) running_loss=0.2914
epoch 60/100 done: train_loss=0.2914 val_loss=0.2717 val_accuracy=0.9037 val_macro_f1=0.8690 val_macro_auc=0.9829 (checkpoint_metric=macro_auc)
train epoch 61/100 batch 13/66 (20%) running_loss=0.2914
train epoch 61/100 batch 26/66 (39%) running_loss=0.2914
train epoch 61/100 batch 39/66 (59%) running_loss=0.2914
train epoch 61/100 batch 52/66 (79%) running_loss=0.2914
train epoch 61/100 batch 65/66 (98%) running_loss=0.2914
train epoch 61/100 batch 66/66 (100%) running_loss=0.2914
epoch 61/100 done: train_loss=0.2914 val_loss=0.2720 val_accuracy=0.9037 val_macro_f1=0.8690 val_macro_auc=0.9829 (checkpoint_metric=macro_auc)
train epoch 62/100 batch 13/66 (20%) running_loss=0.2914
train epoch 62/100 batch 26/66 (39%) running_loss=0.2914
train epoch 62/100 batch 39/66 (59%) running_loss=0.2914
train epoch 62/100 batch 52/66 (79%) running_loss=0.2914
train epoch 62/100 batch 65/66 (98%) running_loss=0.2914
train epoch 62/100 batch 66/66 (100%) running_loss=0.2914
epoch 62/100 done: train_loss=0.2914 val_loss=0.2721 val_accuracy=0.9037 val_macro_f1=0.8690 val_macro_auc=0.9829 (checkpoint_metric=macro_auc)
train epoch 63/100 batch 13/66 (20%) running_loss=0.2914
train epoch 63/100 batch 26/66 (39%) running_loss=0.2914
train epoch 63/100 batch 39/66 (59%) running_loss=0.2914
train epoch 63/100 batch 52/66 (79%) running_loss=0.2914
train epoch 63/100 batch 65/66 (98%) running_loss=0.2914
train epoch 63/100 batch 66/66 (100%) running_loss=0.2914
epoch 63/100 done: train_loss=0.2914 val_loss=0.2714 val_accuracy=0.9037 val_macro_f1=0.8690 val_macro_auc=0.9829 (checkpoint_metric=macro_auc)
train epoch 64/100 batch 13/66 (20%) running_loss=0.2914
train epoch 64/100 batch 26/66 (39%) running_loss=0.2914
train epoch 64/100 batch 39/66 (59%) running_loss=0.2914
train epoch 64/100 batch 52/66 (79%) running_loss=0.2914
train epoch 64/100 batch 65/66 (98%) running_loss=0.2914
train epoch 64/100 batch 66/66 (100%) running_loss=0.2914
epoch 64/100 done: train_loss=0.2914 val_loss=0.2714 val_accuracy=0.9037 val_macro_f1=0.8690 val_macro_auc=0.9830 (checkpoint_metric=macro_auc)
train epoch 65/100 batch 13/66 (20%) running_loss=0.2914
train epoch 65/100 batch 26/66 (39%) running_loss=0.2914
train epoch 65/100 batch 39/66 (59%) running_loss=0.2914
train epoch 65/100 batch 52/66 (79%) running_loss=0.2914
train epoch 65/100 batch 65/66 (98%) running_loss=0.2914
train epoch 65/100 batch 66/66 (100%) running_loss=0.2914
epoch 65/100 done: train_loss=0.2914 val_loss=0.2717 val_accuracy=0.9037 val_macro_f1=0.8690 val_macro_auc=0.9830 (checkpoint_metric=macro_auc)
train epoch 66/100 batch 13/66 (20%) running_loss=0.2914
train epoch 66/100 batch 26/66 (39%) running_loss=0.2914
train epoch 66/100 batch 39/66 (59%) running_loss=0.2914
train epoch 66/100 batch 52/66 (79%) running_loss=0.2914
train epoch 66/100 batch 65/66 (98%) running_loss=0.2914
train epoch 66/100 batch 66/66 (100%) running_loss=0.2914
epoch 66/100 done: train_loss=0.2914 val_loss=0.2717 val_accuracy=0.9037 val_macro_f1=0.8690 val_macro_auc=0.9829 (checkpoint_metric=macro_auc)
train epoch 67/100 batch 13/66 (20%) running_loss=0.2914
train epoch 67/100 batch 26/66 (39%) running_loss=0.2914
train epoch 67/100 batch 39/66 (59%) running_loss=0.2914
train epoch 67/100 batch 52/66 (79%) running_loss=0.2914
train epoch 67/100 batch 65/66 (98%) running_loss=0.2914
train epoch 67/100 batch 66/66 (100%) running_loss=0.2914
epoch 67/100 done: train_loss=0.2914 val_loss=0.2717 val_accuracy=0.9037 val_macro_f1=0.8690 val_macro_auc=0.9830 (checkpoint_metric=macro_auc)
train epoch 68/100 batch 13/66 (20%) running_loss=0.2913
train epoch 68/100 batch 26/66 (39%) running_loss=0.2914
train epoch 68/100 batch 39/66 (59%) running_loss=0.2914
train epoch 68/100 batch 52/66 (79%) running_loss=0.2914
train epoch 68/100 batch 65/66 (98%) running_loss=0.2914
train epoch 68/100 batch 66/66 (100%) running_loss=0.2914
epoch 68/100 done: train_loss=0.2914 val_loss=0.2718 val_accuracy=0.9037 val_macro_f1=0.8690 val_macro_auc=0.9829 (checkpoint_metric=macro_auc)
train epoch 69/100 batch 13/66 (20%) running_loss=0.2914
train epoch 69/100 batch 26/66 (39%) running_loss=0.2914
train epoch 69/100 batch 39/66 (59%) running_loss=0.2914
train epoch 69/100 batch 52/66 (79%) running_loss=0.2914
train epoch 69/100 batch 65/66 (98%) running_loss=0.2914
train epoch 69/100 batch 66/66 (100%) running_loss=0.2914
epoch 69/100 done: train_loss=0.2914 val_loss=0.2719 val_accuracy=0.9037 val_macro_f1=0.8690 val_macro_auc=0.9829 (checkpoint_metric=macro_auc)
train epoch 70/100 batch 13/66 (20%) running_loss=0.2914
train epoch 70/100 batch 26/66 (39%) running_loss=0.2914
train epoch 70/100 batch 39/66 (59%) running_loss=0.2914
train epoch 70/100 batch 52/66 (79%) running_loss=0.2914
train epoch 70/100 batch 65/66 (98%) running_loss=0.2914
train epoch 70/100 batch 66/66 (100%) running_loss=0.2914
epoch 70/100 done: train_loss=0.2914 val_loss=0.2719 val_accuracy=0.9037 val_macro_f1=0.8690 val_macro_auc=0.9829 (checkpoint_metric=macro_auc)
train epoch 71/100 batch 13/66 (20%) running_loss=0.2914
train epoch 71/100 batch 26/66 (39%) running_loss=0.2914
train epoch 71/100 batch 39/66 (59%) running_loss=0.2914
train epoch 71/100 batch 52/66 (79%) running_loss=0.2914
train epoch 71/100 batch 65/66 (98%) running_loss=0.2914
train epoch 71/100 batch 66/66 (100%) running_loss=0.2914
epoch 71/100 done: train_loss=0.2914 val_loss=0.2715 val_accuracy=0.9037 val_macro_f1=0.8690 val_macro_auc=0.9830 (checkpoint_metric=macro_auc)
train epoch 72/100 batch 13/66 (20%) running_loss=0.2913
train epoch 72/100 batch 26/66 (39%) running_loss=0.2913
train epoch 72/100 batch 39/66 (59%) running_loss=0.2914
train epoch 72/100 batch 52/66 (79%) running_loss=0.2914
train epoch 72/100 batch 65/66 (98%) running_loss=0.2914
train epoch 72/100 batch 66/66 (100%) running_loss=0.2914
epoch 72/100 done: train_loss=0.2914 val_loss=0.2719 val_accuracy=0.9037 val_macro_f1=0.8690 val_macro_auc=0.9829 (checkpoint_metric=macro_auc)
train epoch 73/100 batch 13/66 (20%) running_loss=0.2914
train epoch 73/100 batch 26/66 (39%) running_loss=0.2914
train epoch 73/100 batch 39/66 (59%) running_loss=0.2914
train epoch 73/100 batch 52/66 (79%) running_loss=0.2914
train epoch 73/100 batch 65/66 (98%) running_loss=0.2914
train epoch 73/100 batch 66/66 (100%) running_loss=0.2914
epoch 73/100 done: train_loss=0.2914 val_loss=0.2718 val_accuracy=0.9037 val_macro_f1=0.8690 val_macro_auc=0.9830 (checkpoint_metric=macro_auc)
train epoch 74/100 batch 13/66 (20%) running_loss=0.2913
train epoch 74/100 batch 26/66 (39%) running_loss=0.2914
train epoch 74/100 batch 39/66 (59%) running_loss=0.2914
train epoch 74/100 batch 52/66 (79%) running_loss=0.2914
train epoch 74/100 batch 65/66 (98%) running_loss=0.2914
train epoch 74/100 batch 66/66 (100%) running_loss=0.2914
epoch 74/100 done: train_loss=0.2914 val_loss=0.2717 val_accuracy=0.9037 val_macro_f1=0.8690 val_macro_auc=0.9830 (checkpoint_metric=macro_auc)
train epoch 75/100 batch 13/66 (20%) running_loss=0.2914
train epoch 75/100 batch 26/66 (39%) running_loss=0.2914
train epoch 75/100 batch 39/66 (59%) running_loss=0.2914
train epoch 75/100 batch 52/66 (79%) running_loss=0.2914
train epoch 75/100 batch 65/66 (98%) running_loss=0.2914
train epoch 75/100 batch 66/66 (100%) running_loss=0.2914
epoch 75/100 done: train_loss=0.2914 val_loss=0.2718 val_accuracy=0.9037 val_macro_f1=0.8690 val_macro_auc=0.9830 (checkpoint_metric=macro_auc)
train epoch 76/100 batch 13/66 (20%) running_loss=0.2913
train epoch 76/100 batch 26/66 (39%) running_loss=0.2913
train epoch 76/100 batch 39/66 (59%) running_loss=0.2914
train epoch 76/100 batch 52/66 (79%) running_loss=0.2914
train epoch 76/100 batch 65/66 (98%) running_loss=0.2914
train epoch 76/100 batch 66/66 (100%) running_loss=0.2914
epoch 76/100 done: train_loss=0.2914 val_loss=0.2716 val_accuracy=0.9037 val_macro_f1=0.8690 val_macro_auc=0.9830 (checkpoint_metric=macro_auc)
train epoch 77/100 batch 13/66 (20%) running_loss=0.2913
train epoch 77/100 batch 26/66 (39%) running_loss=0.2914
train epoch 77/100 batch 39/66 (59%) running_loss=0.2914
train epoch 77/100 batch 52/66 (79%) running_loss=0.2914
train epoch 77/100 batch 65/66 (98%) running_loss=0.2914
train epoch 77/100 batch 66/66 (100%) running_loss=0.2914
epoch 77/100 done: train_loss=0.2914 val_loss=0.2716 val_accuracy=0.9037 val_macro_f1=0.8690 val_macro_auc=0.9830 (checkpoint_metric=macro_auc)
train epoch 78/100 batch 13/66 (20%) running_loss=0.2913
train epoch 78/100 batch 26/66 (39%) running_loss=0.2913
train epoch 78/100 batch 39/66 (59%) running_loss=0.2914
train epoch 78/100 batch 52/66 (79%) running_loss=0.2914
train epoch 78/100 batch 65/66 (98%) running_loss=0.2914
train epoch 78/100 batch 66/66 (100%) running_loss=0.2914
epoch 78/100 done: train_loss=0.2914 val_loss=0.2718 val_accuracy=0.9037 val_macro_f1=0.8690 val_macro_auc=0.9829 (checkpoint_metric=macro_auc)
train epoch 79/100 batch 13/66 (20%) running_loss=0.2914
train epoch 79/100 batch 26/66 (39%) running_loss=0.2914
train epoch 79/100 batch 39/66 (59%) running_loss=0.2914
train epoch 79/100 batch 52/66 (79%) running_loss=0.2914
train epoch 79/100 batch 65/66 (98%) running_loss=0.2914
train epoch 79/100 batch 66/66 (100%) running_loss=0.2914
epoch 79/100 done: train_loss=0.2914 val_loss=0.2718 val_accuracy=0.9037 val_macro_f1=0.8690 val_macro_auc=0.9830 (checkpoint_metric=macro_auc)
train epoch 80/100 batch 13/66 (20%) running_loss=0.2914
train epoch 80/100 batch 26/66 (39%) running_loss=0.2913
train epoch 80/100 batch 39/66 (59%) running_loss=0.2913
train epoch 80/100 batch 52/66 (79%) running_loss=0.2914
train epoch 80/100 batch 65/66 (98%) running_loss=0.2914
train epoch 80/100 batch 66/66 (100%) running_loss=0.2914
epoch 80/100 done: train_loss=0.2914 val_loss=0.2719 val_accuracy=0.9037 val_macro_f1=0.8690 val_macro_auc=0.9830 (checkpoint_metric=macro_auc)
train epoch 81/100 batch 13/66 (20%) running_loss=0.2914
train epoch 81/100 batch 26/66 (39%) running_loss=0.2914
train epoch 81/100 batch 39/66 (59%) running_loss=0.2913
train epoch 81/100 batch 52/66 (79%) running_loss=0.2913
train epoch 81/100 batch 65/66 (98%) running_loss=0.2913
train epoch 81/100 batch 66/66 (100%) running_loss=0.2913
epoch 81/100 done: train_loss=0.2913 val_loss=0.2718 val_accuracy=0.9037 val_macro_f1=0.8690 val_macro_auc=0.9829 (checkpoint_metric=macro_auc)
train epoch 82/100 batch 13/66 (20%) running_loss=0.2913
train epoch 82/100 batch 26/66 (39%) running_loss=0.2913
train epoch 82/100 batch 39/66 (59%) running_loss=0.2913
train epoch 82/100 batch 52/66 (79%) running_loss=0.2914
train epoch 82/100 batch 65/66 (98%) running_loss=0.2913
train epoch 82/100 batch 66/66 (100%) running_loss=0.2914
epoch 82/100 done: train_loss=0.2914 val_loss=0.2719 val_accuracy=0.9037 val_macro_f1=0.8690 val_macro_auc=0.9829 (checkpoint_metric=macro_auc)
train epoch 83/100 batch 13/66 (20%) running_loss=0.2913
train epoch 83/100 batch 26/66 (39%) running_loss=0.2913
train epoch 83/100 batch 39/66 (59%) running_loss=0.2914
train epoch 83/100 batch 52/66 (79%) running_loss=0.2914
train epoch 83/100 batch 65/66 (98%) running_loss=0.2914
train epoch 83/100 batch 66/66 (100%) running_loss=0.2913
epoch 83/100 done: train_loss=0.2913 val_loss=0.2719 val_accuracy=0.9037 val_macro_f1=0.8690 val_macro_auc=0.9829 (checkpoint_metric=macro_auc)
train epoch 84/100 batch 13/66 (20%) running_loss=0.2914
train epoch 84/100 batch 26/66 (39%) running_loss=0.2913
train epoch 84/100 batch 39/66 (59%) running_loss=0.2913
train epoch 84/100 batch 52/66 (79%) running_loss=0.2914
train epoch 84/100 batch 65/66 (98%) running_loss=0.2913
train epoch 84/100 batch 66/66 (100%) running_loss=0.2913
epoch 84/100 done: train_loss=0.2913 val_loss=0.2720 val_accuracy=0.9037 val_macro_f1=0.8690 val_macro_auc=0.9829 (checkpoint_metric=macro_auc)
train epoch 85/100 batch 13/66 (20%) running_loss=0.2913
train epoch 85/100 batch 26/66 (39%) running_loss=0.2913
train epoch 85/100 batch 39/66 (59%) running_loss=0.2914
train epoch 85/100 batch 52/66 (79%) running_loss=0.2913
train epoch 85/100 batch 65/66 (98%) running_loss=0.2913
train epoch 85/100 batch 66/66 (100%) running_loss=0.2913
epoch 85/100 done: train_loss=0.2913 val_loss=0.2720 val_accuracy=0.9037 val_macro_f1=0.8690 val_macro_auc=0.9829 (checkpoint_metric=macro_auc)
train epoch 86/100 batch 13/66 (20%) running_loss=0.2914
train epoch 86/100 batch 26/66 (39%) running_loss=0.2914
train epoch 86/100 batch 39/66 (59%) running_loss=0.2914
train epoch 86/100 batch 52/66 (79%) running_loss=0.2914
train epoch 86/100 batch 65/66 (98%) running_loss=0.2913
train epoch 86/100 batch 66/66 (100%) running_loss=0.2913
epoch 86/100 done: train_loss=0.2913 val_loss=0.2719 val_accuracy=0.9037 val_macro_f1=0.8690 val_macro_auc=0.9829 (checkpoint_metric=macro_auc)
train epoch 87/100 batch 13/66 (20%) running_loss=0.2913
train epoch 87/100 batch 26/66 (39%) running_loss=0.2913
train epoch 87/100 batch 39/66 (59%) running_loss=0.2913
train epoch 87/100 batch 52/66 (79%) running_loss=0.2913
train epoch 87/100 batch 65/66 (98%) running_loss=0.2913
train epoch 87/100 batch 66/66 (100%) running_loss=0.2913
epoch 87/100 done: train_loss=0.2913 val_loss=0.2718 val_accuracy=0.9037 val_macro_f1=0.8690 val_macro_auc=0.9829 (checkpoint_metric=macro_auc)
train epoch 88/100 batch 13/66 (20%) running_loss=0.2913
train epoch 88/100 batch 26/66 (39%) running_loss=0.2913
train epoch 88/100 batch 39/66 (59%) running_loss=0.2914
train epoch 88/100 batch 52/66 (79%) running_loss=0.2914
train epoch 88/100 batch 65/66 (98%) running_loss=0.2913
train epoch 88/100 batch 66/66 (100%) running_loss=0.2913
epoch 88/100 done: train_loss=0.2913 val_loss=0.2718 val_accuracy=0.9037 val_macro_f1=0.8690 val_macro_auc=0.9829 (checkpoint_metric=macro_auc)
train epoch 89/100 batch 13/66 (20%) running_loss=0.2913
train epoch 89/100 batch 26/66 (39%) running_loss=0.2913
train epoch 89/100 batch 39/66 (59%) running_loss=0.2913
train epoch 89/100 batch 52/66 (79%) running_loss=0.2913
train epoch 89/100 batch 65/66 (98%) running_loss=0.2913
train epoch 89/100 batch 66/66 (100%) running_loss=0.2913
epoch 89/100 done: train_loss=0.2913 val_loss=0.2718 val_accuracy=0.9037 val_macro_f1=0.8690 val_macro_auc=0.9829 (checkpoint_metric=macro_auc)
train epoch 90/100 batch 13/66 (20%) running_loss=0.2914
train epoch 90/100 batch 26/66 (39%) running_loss=0.2913
train epoch 90/100 batch 39/66 (59%) running_loss=0.2913
train epoch 90/100 batch 52/66 (79%) running_loss=0.2914
train epoch 90/100 batch 65/66 (98%) running_loss=0.2913
train epoch 90/100 batch 66/66 (100%) running_loss=0.2913
epoch 90/100 done: train_loss=0.2913 val_loss=0.2718 val_accuracy=0.9037 val_macro_f1=0.8690 val_macro_auc=0.9829 (checkpoint_metric=macro_auc)
train epoch 91/100 batch 13/66 (20%) running_loss=0.2913
train epoch 91/100 batch 26/66 (39%) running_loss=0.2913
train epoch 91/100 batch 39/66 (59%) running_loss=0.2913
train epoch 91/100 batch 52/66 (79%) running_loss=0.2913
train epoch 91/100 batch 65/66 (98%) running_loss=0.2913
train epoch 91/100 batch 66/66 (100%) running_loss=0.2913
epoch 91/100 done: train_loss=0.2913 val_loss=0.2718 val_accuracy=0.9037 val_macro_f1=0.8690 val_macro_auc=0.9829 (checkpoint_metric=macro_auc)
train epoch 92/100 batch 13/66 (20%) running_loss=0.2914
train epoch 92/100 batch 26/66 (39%) running_loss=0.2914
train epoch 92/100 batch 39/66 (59%) running_loss=0.2913
train epoch 92/100 batch 52/66 (79%) running_loss=0.2913
train epoch 92/100 batch 65/66 (98%) running_loss=0.2913
train epoch 92/100 batch 66/66 (100%) running_loss=0.2913
epoch 92/100 done: train_loss=0.2913 val_loss=0.2718 val_accuracy=0.9037 val_macro_f1=0.8690 val_macro_auc=0.9829 (checkpoint_metric=macro_auc)
train epoch 93/100 batch 13/66 (20%) running_loss=0.2914
train epoch 93/100 batch 26/66 (39%) running_loss=0.2914
train epoch 93/100 batch 39/66 (59%) running_loss=0.2914
train epoch 93/100 batch 52/66 (79%) running_loss=0.2914
train epoch 93/100 batch 65/66 (98%) running_loss=0.2913
train epoch 93/100 batch 66/66 (100%) running_loss=0.2913
epoch 93/100 done: train_loss=0.2913 val_loss=0.2718 val_accuracy=0.9037 val_macro_f1=0.8690 val_macro_auc=0.9829 (checkpoint_metric=macro_auc)
train epoch 94/100 batch 13/66 (20%) running_loss=0.2913
train epoch 94/100 batch 26/66 (39%) running_loss=0.2914
train epoch 94/100 batch 39/66 (59%) running_loss=0.2914
train epoch 94/100 batch 52/66 (79%) running_loss=0.2913
train epoch 94/100 batch 65/66 (98%) running_loss=0.2913
train epoch 94/100 batch 66/66 (100%) running_loss=0.2913
epoch 94/100 done: train_loss=0.2913 val_loss=0.2718 val_accuracy=0.9037 val_macro_f1=0.8690 val_macro_auc=0.9829 (checkpoint_metric=macro_auc)
train epoch 95/100 batch 13/66 (20%) running_loss=0.2913
train epoch 95/100 batch 26/66 (39%) running_loss=0.2913
train epoch 95/100 batch 39/66 (59%) running_loss=0.2913
train epoch 95/100 batch 52/66 (79%) running_loss=0.2913
train epoch 95/100 batch 65/66 (98%) running_loss=0.2913
train epoch 95/100 batch 66/66 (100%) running_loss=0.2913
epoch 95/100 done: train_loss=0.2913 val_loss=0.2717 val_accuracy=0.9037 val_macro_f1=0.8690 val_macro_auc=0.9830 (checkpoint_metric=macro_auc)
train epoch 96/100 batch 13/66 (20%) running_loss=0.2914
train epoch 96/100 batch 26/66 (39%) running_loss=0.2914
train epoch 96/100 batch 39/66 (59%) running_loss=0.2914
train epoch 96/100 batch 52/66 (79%) running_loss=0.2913
train epoch 96/100 batch 65/66 (98%) running_loss=0.2913
train epoch 96/100 batch 66/66 (100%) running_loss=0.2913
epoch 96/100 done: train_loss=0.2913 val_loss=0.2717 val_accuracy=0.9037 val_macro_f1=0.8690 val_macro_auc=0.9830 (checkpoint_metric=macro_auc)
train epoch 97/100 batch 13/66 (20%) running_loss=0.2913
train epoch 97/100 batch 26/66 (39%) running_loss=0.2913
train epoch 97/100 batch 39/66 (59%) running_loss=0.2913
train epoch 97/100 batch 52/66 (79%) running_loss=0.2913
train epoch 97/100 batch 65/66 (98%) running_loss=0.2913
train epoch 97/100 batch 66/66 (100%) running_loss=0.2913
epoch 97/100 done: train_loss=0.2913 val_loss=0.2717 val_accuracy=0.9037 val_macro_f1=0.8690 val_macro_auc=0.9830 (checkpoint_metric=macro_auc)
train epoch 98/100 batch 13/66 (20%) running_loss=0.2913
train epoch 98/100 batch 26/66 (39%) running_loss=0.2913
train epoch 98/100 batch 39/66 (59%) running_loss=0.2914
train epoch 98/100 batch 52/66 (79%) running_loss=0.2913
train epoch 98/100 batch 65/66 (98%) running_loss=0.2913
train epoch 98/100 batch 66/66 (100%) running_loss=0.2913
epoch 98/100 done: train_loss=0.2913 val_loss=0.2717 val_accuracy=0.9037 val_macro_f1=0.8690 val_macro_auc=0.9830 (checkpoint_metric=macro_auc)
train epoch 99/100 batch 13/66 (20%) running_loss=0.2913
train epoch 99/100 batch 26/66 (39%) running_loss=0.2913
train epoch 99/100 batch 39/66 (59%) running_loss=0.2913
train epoch 99/100 batch 52/66 (79%) running_loss=0.2913
train epoch 99/100 batch 65/66 (98%) running_loss=0.2913
train epoch 99/100 batch 66/66 (100%) running_loss=0.2913
epoch 99/100 done: train_loss=0.2913 val_loss=0.2717 val_accuracy=0.9037 val_macro_f1=0.8690 val_macro_auc=0.9830 (checkpoint_metric=macro_auc)
train epoch 100/100 batch 13/66 (20%) running_loss=0.2913
train epoch 100/100 batch 26/66 (39%) running_loss=0.2913
train epoch 100/100 batch 39/66 (59%) running_loss=0.2913
train epoch 100/100 batch 52/66 (79%) running_loss=0.2913
train epoch 100/100 batch 65/66 (98%) running_loss=0.2913
train epoch 100/100 batch 66/66 (100%) running_loss=0.2913
epoch 100/100 done: train_loss=0.2913 val_loss=0.2717 val_accuracy=0.9037 val_macro_f1=0.8690 val_macro_auc=0.9830 (checkpoint_metric=macro_auc)
Training finished. Best epoch=8, smoothed macro_auc=0.9854 (window=3)
Warning: You are sending unauthenticated requests to the HF Hub. Please set a HF_TOKEN to enable higher rate limits and faster downloads.
Test set evaluated once: accuracy=0.8734 macro_f1=0.8635 macro_auc=0.9642
Model size: 21.57M params, 0.796 GFLOPs at 96x96

Best epoch: 8
Test accuracy:  0.8734
Test macro F1:  0.8635
Test macro AUC: 0.9642
Model size: 21.57M params, 0.796 GFLOPs
