Starting baseline training: model=vgg16 device=cuda amp=True image_size=96 epochs=50 lr=0.001 optimizer=sgd
Dataset ready: 3 classes, 2102 train / 488 val samples (split reused from outputs/baseline_vgg16_96_constant_s3/split_indices.json)
Augmentation policy: constant strength (rank-averaged), from outputs/main1/augmentation_run/selected_policy.json; strengths {'rotation': 0.0675, 'affine_translation': 0.2256, 'random_resized_crop': 0.516, 'brightness': 0.4195, 'contrast': 0.123, 'horizontal_flip': 0.5366, 'random_erasing': 0.1828}
Classes: {'glioma_tumor': 0, 'meningioma_tumor': 1, 'pituitary_tumor': 2}
Regularization: weight_decay=7.0e-04 label_smoothing=0.10 grad_clip_norm=5.0
train epoch 1/50 batch 13/66 (20%) running_loss=1.1084
train epoch 1/50 batch 26/66 (39%) running_loss=0.9715
train epoch 1/50 batch 39/66 (59%) running_loss=0.8956
train epoch 1/50 batch 52/66 (79%) running_loss=0.8474
train epoch 1/50 batch 65/66 (98%) running_loss=0.8047
train epoch 1/50 batch 66/66 (100%) running_loss=0.8008
epoch 1/50 done: train_loss=0.8008 val_loss=0.2968 val_accuracy=0.8955 val_macro_f1=0.8553 val_macro_auc=0.9767 (checkpoint_metric=macro_auc) [new best]
train epoch 2/50 batch 13/66 (20%) running_loss=0.5942
train epoch 2/50 batch 26/66 (39%) running_loss=0.5805
train epoch 2/50 batch 39/66 (59%) running_loss=0.5651
train epoch 2/50 batch 52/66 (79%) running_loss=0.5525
train epoch 2/50 batch 65/66 (98%) running_loss=0.5491
train epoch 2/50 batch 66/66 (100%) running_loss=0.5493
epoch 2/50 done: train_loss=0.5493 val_loss=0.2717 val_accuracy=0.9344 val_macro_f1=0.9097 val_macro_auc=0.9867 (checkpoint_metric=macro_auc) [new best]
train epoch 3/50 batch 13/66 (20%) running_loss=0.4926
train epoch 3/50 batch 26/66 (39%) running_loss=0.5111
train epoch 3/50 batch 39/66 (59%) running_loss=0.4897
train epoch 3/50 batch 52/66 (79%) running_loss=0.4807
train epoch 3/50 batch 65/66 (98%) running_loss=0.4841
train epoch 3/50 batch 66/66 (100%) running_loss=0.4837
epoch 3/50 done: train_loss=0.4837 val_loss=0.3357 val_accuracy=0.8873 val_macro_f1=0.8504 val_macro_auc=0.9800 (checkpoint_metric=macro_auc)
train epoch 4/50 batch 13/66 (20%) running_loss=0.4577
train epoch 4/50 batch 26/66 (39%) running_loss=0.4378
train epoch 4/50 batch 39/66 (59%) running_loss=0.4270
train epoch 4/50 batch 52/66 (79%) running_loss=0.4308
train epoch 4/50 batch 65/66 (98%) running_loss=0.4253
train epoch 4/50 batch 66/66 (100%) running_loss=0.4253
epoch 4/50 done: train_loss=0.4253 val_loss=0.2796 val_accuracy=0.9201 val_macro_f1=0.8925 val_macro_auc=0.9874 (checkpoint_metric=macro_auc) [new best]
train epoch 5/50 batch 13/66 (20%) running_loss=0.3903
train epoch 5/50 batch 26/66 (39%) running_loss=0.3942
train epoch 5/50 batch 39/66 (59%) running_loss=0.4101
train epoch 5/50 batch 52/66 (79%) running_loss=0.4073
train epoch 5/50 batch 65/66 (98%) running_loss=0.4072
train epoch 5/50 batch 66/66 (100%) running_loss=0.4069
epoch 5/50 done: train_loss=0.4069 val_loss=0.1865 val_accuracy=0.9549 val_macro_f1=0.9389 val_macro_auc=0.9932 (checkpoint_metric=macro_auc) [new best]
train epoch 6/50 batch 13/66 (20%) running_loss=0.3958
train epoch 6/50 batch 26/66 (39%) running_loss=0.3794
train epoch 6/50 batch 39/66 (59%) running_loss=0.3833
train epoch 6/50 batch 52/66 (79%) running_loss=0.3801
train epoch 6/50 batch 65/66 (98%) running_loss=0.3782
train epoch 6/50 batch 66/66 (100%) running_loss=0.3779
epoch 6/50 done: train_loss=0.3779 val_loss=0.2211 val_accuracy=0.9426 val_macro_f1=0.9221 val_macro_auc=0.9911 (checkpoint_metric=macro_auc) [new best]
train epoch 7/50 batch 13/66 (20%) running_loss=0.3667
train epoch 7/50 batch 26/66 (39%) running_loss=0.3711
train epoch 7/50 batch 39/66 (59%) running_loss=0.3689
train epoch 7/50 batch 52/66 (79%) running_loss=0.3650
train epoch 7/50 batch 65/66 (98%) running_loss=0.3674
train epoch 7/50 batch 66/66 (100%) running_loss=0.3674
epoch 7/50 done: train_loss=0.3674 val_loss=0.1944 val_accuracy=0.9488 val_macro_f1=0.9237 val_macro_auc=0.9899 (checkpoint_metric=macro_auc) [new best]
train epoch 8/50 batch 13/66 (20%) running_loss=0.3650
train epoch 8/50 batch 26/66 (39%) running_loss=0.3536
train epoch 8/50 batch 39/66 (59%) running_loss=0.3520
train epoch 8/50 batch 52/66 (79%) running_loss=0.3513
train epoch 8/50 batch 65/66 (98%) running_loss=0.3519
train epoch 8/50 batch 66/66 (100%) running_loss=0.3516
epoch 8/50 done: train_loss=0.3516 val_loss=0.2129 val_accuracy=0.9426 val_macro_f1=0.9206 val_macro_auc=0.9905 (checkpoint_metric=macro_auc)
train epoch 9/50 batch 13/66 (20%) running_loss=0.3329
train epoch 9/50 batch 26/66 (39%) running_loss=0.3366
train epoch 9/50 batch 39/66 (59%) running_loss=0.3360
train epoch 9/50 batch 52/66 (79%) running_loss=0.3395
train epoch 9/50 batch 65/66 (98%) running_loss=0.3395
train epoch 9/50 batch 66/66 (100%) running_loss=0.3394
epoch 9/50 done: train_loss=0.3394 val_loss=0.2235 val_accuracy=0.9447 val_macro_f1=0.9228 val_macro_auc=0.9888 (checkpoint_metric=macro_auc)
train epoch 10/50 batch 13/66 (20%) running_loss=0.3212
train epoch 10/50 batch 26/66 (39%) running_loss=0.3237
train epoch 10/50 batch 39/66 (59%) running_loss=0.3313
train epoch 10/50 batch 52/66 (79%) running_loss=0.3301
train epoch 10/50 batch 65/66 (98%) running_loss=0.3303
train epoch 10/50 batch 66/66 (100%) running_loss=0.3303
epoch 10/50 done: train_loss=0.3303 val_loss=0.2315 val_accuracy=0.9385 val_macro_f1=0.9164 val_macro_auc=0.9893 (checkpoint_metric=macro_auc)
train epoch 11/50 batch 13/66 (20%) running_loss=0.3272
train epoch 11/50 batch 26/66 (39%) running_loss=0.3291
train epoch 11/50 batch 39/66 (59%) running_loss=0.3294
train epoch 11/50 batch 52/66 (79%) running_loss=0.3272
train epoch 11/50 batch 65/66 (98%) running_loss=0.3270
train epoch 11/50 batch 66/66 (100%) running_loss=0.3268
epoch 11/50 done: train_loss=0.3268 val_loss=0.1925 val_accuracy=0.9467 val_macro_f1=0.9239 val_macro_auc=0.9914 (checkpoint_metric=macro_auc)
train epoch 12/50 batch 13/66 (20%) running_loss=0.3308
train epoch 12/50 batch 26/66 (39%) running_loss=0.3249
train epoch 12/50 batch 39/66 (59%) running_loss=0.3249
train epoch 12/50 batch 52/66 (79%) running_loss=0.3236
train epoch 12/50 batch 65/66 (98%) running_loss=0.3225
train epoch 12/50 batch 66/66 (100%) running_loss=0.3224
epoch 12/50 done: train_loss=0.3224 val_loss=0.2861 val_accuracy=0.9201 val_macro_f1=0.8981 val_macro_auc=0.9857 (checkpoint_metric=macro_auc)
train epoch 13/50 batch 13/66 (20%) running_loss=0.3263
train epoch 13/50 batch 26/66 (39%) running_loss=0.3217
train epoch 13/50 batch 39/66 (59%) running_loss=0.3232
train epoch 13/50 batch 52/66 (79%) running_loss=0.3262
train epoch 13/50 batch 65/66 (98%) running_loss=0.3286
train epoch 13/50 batch 66/66 (100%) running_loss=0.3283
epoch 13/50 done: train_loss=0.3283 val_loss=0.2215 val_accuracy=0.9447 val_macro_f1=0.9237 val_macro_auc=0.9897 (checkpoint_metric=macro_auc)
train epoch 14/50 batch 13/66 (20%) running_loss=0.3163
train epoch 14/50 batch 26/66 (39%) running_loss=0.3174
train epoch 14/50 batch 39/66 (59%) running_loss=0.3181
train epoch 14/50 batch 52/66 (79%) running_loss=0.3208
train epoch 14/50 batch 65/66 (98%) running_loss=0.3190
train epoch 14/50 batch 66/66 (100%) running_loss=0.3190
epoch 14/50 done: train_loss=0.3190 val_loss=0.2018 val_accuracy=0.9488 val_macro_f1=0.9292 val_macro_auc=0.9910 (checkpoint_metric=macro_auc)
train epoch 15/50 batch 13/66 (20%) running_loss=0.3098
train epoch 15/50 batch 26/66 (39%) running_loss=0.3134
train epoch 15/50 batch 39/66 (59%) running_loss=0.3139
train epoch 15/50 batch 52/66 (79%) running_loss=0.3129
train epoch 15/50 batch 65/66 (98%) running_loss=0.3171
train epoch 15/50 batch 66/66 (100%) running_loss=0.3170
epoch 15/50 done: train_loss=0.3170 val_loss=0.1964 val_accuracy=0.9508 val_macro_f1=0.9292 val_macro_auc=0.9900 (checkpoint_metric=macro_auc)
train epoch 16/50 batch 13/66 (20%) running_loss=0.3086
train epoch 16/50 batch 26/66 (39%) running_loss=0.3121
train epoch 16/50 batch 39/66 (59%) running_loss=0.3119
train epoch 16/50 batch 52/66 (79%) running_loss=0.3105
train epoch 16/50 batch 65/66 (98%) running_loss=0.3097
train epoch 16/50 batch 66/66 (100%) running_loss=0.3096
epoch 16/50 done: train_loss=0.3096 val_loss=0.1966 val_accuracy=0.9529 val_macro_f1=0.9341 val_macro_auc=0.9908 (checkpoint_metric=macro_auc)
train epoch 17/50 batch 13/66 (20%) running_loss=0.3127
train epoch 17/50 batch 26/66 (39%) running_loss=0.3135
train epoch 17/50 batch 39/66 (59%) running_loss=0.3124
train epoch 17/50 batch 52/66 (79%) running_loss=0.3112
train epoch 17/50 batch 65/66 (98%) running_loss=0.3121
train epoch 17/50 batch 66/66 (100%) running_loss=0.3121
epoch 17/50 done: train_loss=0.3121 val_loss=0.2022 val_accuracy=0.9508 val_macro_f1=0.9334 val_macro_auc=0.9918 (checkpoint_metric=macro_auc)
train epoch 18/50 batch 13/66 (20%) running_loss=0.3048
train epoch 18/50 batch 26/66 (39%) running_loss=0.3054
train epoch 18/50 batch 39/66 (59%) running_loss=0.3078
train epoch 18/50 batch 52/66 (79%) running_loss=0.3073
train epoch 18/50 batch 65/66 (98%) running_loss=0.3071
train epoch 18/50 batch 66/66 (100%) running_loss=0.3070
epoch 18/50 done: train_loss=0.3070 val_loss=0.2121 val_accuracy=0.9426 val_macro_f1=0.9196 val_macro_auc=0.9890 (checkpoint_metric=macro_auc)
train epoch 19/50 batch 13/66 (20%) running_loss=0.3048
train epoch 19/50 batch 26/66 (39%) running_loss=0.3064
train epoch 19/50 batch 39/66 (59%) running_loss=0.3089
train epoch 19/50 batch 52/66 (79%) running_loss=0.3081
train epoch 19/50 batch 65/66 (98%) running_loss=0.3080
train epoch 19/50 batch 66/66 (100%) running_loss=0.3079
epoch 19/50 done: train_loss=0.3079 val_loss=0.2301 val_accuracy=0.9385 val_macro_f1=0.9158 val_macro_auc=0.9848 (checkpoint_metric=macro_auc)
train epoch 20/50 batch 13/66 (20%) running_loss=0.3088
train epoch 20/50 batch 26/66 (39%) running_loss=0.3075
train epoch 20/50 batch 39/66 (59%) running_loss=0.3063
train epoch 20/50 batch 52/66 (79%) running_loss=0.3067
train epoch 20/50 batch 65/66 (98%) running_loss=0.3065
train epoch 20/50 batch 66/66 (100%) running_loss=0.3065
epoch 20/50 done: train_loss=0.3065 val_loss=0.2148 val_accuracy=0.9426 val_macro_f1=0.9189 val_macro_auc=0.9870 (checkpoint_metric=macro_auc)
train epoch 21/50 batch 13/66 (20%) running_loss=0.3093
train epoch 21/50 batch 26/66 (39%) running_loss=0.3074
train epoch 21/50 batch 39/66 (59%) running_loss=0.3072
train epoch 21/50 batch 52/66 (79%) running_loss=0.3074
train epoch 21/50 batch 65/66 (98%) running_loss=0.3064
train epoch 21/50 batch 66/66 (100%) running_loss=0.3063
epoch 21/50 done: train_loss=0.3063 val_loss=0.1932 val_accuracy=0.9447 val_macro_f1=0.9218 val_macro_auc=0.9926 (checkpoint_metric=macro_auc)
train epoch 22/50 batch 13/66 (20%) running_loss=0.3063
train epoch 22/50 batch 26/66 (39%) running_loss=0.3065
train epoch 22/50 batch 39/66 (59%) running_loss=0.3060
train epoch 22/50 batch 52/66 (79%) running_loss=0.3065
train epoch 22/50 batch 65/66 (98%) running_loss=0.3062
train epoch 22/50 batch 66/66 (100%) running_loss=0.3062
epoch 22/50 done: train_loss=0.3062 val_loss=0.2156 val_accuracy=0.9447 val_macro_f1=0.9223 val_macro_auc=0.9884 (checkpoint_metric=macro_auc)
train epoch 23/50 batch 13/66 (20%) running_loss=0.2999
train epoch 23/50 batch 26/66 (39%) running_loss=0.3003
train epoch 23/50 batch 39/66 (59%) running_loss=0.3014
train epoch 23/50 batch 52/66 (79%) running_loss=0.3016
train epoch 23/50 batch 65/66 (98%) running_loss=0.3018
train epoch 23/50 batch 66/66 (100%) running_loss=0.3018
epoch 23/50 done: train_loss=0.3018 val_loss=0.2149 val_accuracy=0.9467 val_macro_f1=0.9249 val_macro_auc=0.9875 (checkpoint_metric=macro_auc)
train epoch 24/50 batch 13/66 (20%) running_loss=0.3029
train epoch 24/50 batch 26/66 (39%) running_loss=0.3038
train epoch 24/50 batch 39/66 (59%) running_loss=0.3031
train epoch 24/50 batch 52/66 (79%) running_loss=0.3036
train epoch 24/50 batch 65/66 (98%) running_loss=0.3037
train epoch 24/50 batch 66/66 (100%) running_loss=0.3037
epoch 24/50 done: train_loss=0.3037 val_loss=0.2143 val_accuracy=0.9467 val_macro_f1=0.9242 val_macro_auc=0.9857 (checkpoint_metric=macro_auc)
train epoch 25/50 batch 13/66 (20%) running_loss=0.3073
train epoch 25/50 batch 26/66 (39%) running_loss=0.3056
train epoch 25/50 batch 39/66 (59%) running_loss=0.3066
train epoch 25/50 batch 52/66 (79%) running_loss=0.3063
train epoch 25/50 batch 65/66 (98%) running_loss=0.3060
train epoch 25/50 batch 66/66 (100%) running_loss=0.3059
epoch 25/50 done: train_loss=0.3059 val_loss=0.2182 val_accuracy=0.9447 val_macro_f1=0.9224 val_macro_auc=0.9841 (checkpoint_metric=macro_auc)
train epoch 26/50 batch 13/66 (20%) running_loss=0.3013
train epoch 26/50 batch 26/66 (39%) running_loss=0.3022
train epoch 26/50 batch 39/66 (59%) running_loss=0.3013
train epoch 26/50 batch 52/66 (79%) running_loss=0.3016
train epoch 26/50 batch 65/66 (98%) running_loss=0.3019
train epoch 26/50 batch 66/66 (100%) running_loss=0.3019
epoch 26/50 done: train_loss=0.3019 val_loss=0.2155 val_accuracy=0.9426 val_macro_f1=0.9199 val_macro_auc=0.9863 (checkpoint_metric=macro_auc)
train epoch 27/50 batch 13/66 (20%) running_loss=0.3136
train epoch 27/50 batch 26/66 (39%) running_loss=0.3078
train epoch 27/50 batch 39/66 (59%) running_loss=0.3069
train epoch 27/50 batch 52/66 (79%) running_loss=0.3058
train epoch 27/50 batch 65/66 (98%) running_loss=0.3050
train epoch 27/50 batch 66/66 (100%) running_loss=0.3050
epoch 27/50 done: train_loss=0.3050 val_loss=0.2313 val_accuracy=0.9365 val_macro_f1=0.9134 val_macro_auc=0.9875 (checkpoint_metric=macro_auc)
train epoch 28/50 batch 13/66 (20%) running_loss=0.3032
train epoch 28/50 batch 26/66 (39%) running_loss=0.3045
train epoch 28/50 batch 39/66 (59%) running_loss=0.3029
train epoch 28/50 batch 52/66 (79%) running_loss=0.3028
train epoch 28/50 batch 65/66 (98%) running_loss=0.3028
train epoch 28/50 batch 66/66 (100%) running_loss=0.3028
epoch 28/50 done: train_loss=0.3028 val_loss=0.2038 val_accuracy=0.9447 val_macro_f1=0.9221 val_macro_auc=0.9912 (checkpoint_metric=macro_auc)
train epoch 29/50 batch 13/66 (20%) running_loss=0.3019
train epoch 29/50 batch 26/66 (39%) running_loss=0.3021
train epoch 29/50 batch 39/66 (59%) running_loss=0.3026
train epoch 29/50 batch 52/66 (79%) running_loss=0.3020
train epoch 29/50 batch 65/66 (98%) running_loss=0.3018
train epoch 29/50 batch 66/66 (100%) running_loss=0.3018
epoch 29/50 done: train_loss=0.3018 val_loss=0.2018 val_accuracy=0.9467 val_macro_f1=0.9252 val_macro_auc=0.9913 (checkpoint_metric=macro_auc)
train epoch 30/50 batch 13/66 (20%) running_loss=0.3000
train epoch 30/50 batch 26/66 (39%) running_loss=0.3007
train epoch 30/50 batch 39/66 (59%) running_loss=0.3004
train epoch 30/50 batch 52/66 (79%) running_loss=0.3008
train epoch 30/50 batch 65/66 (98%) running_loss=0.3006
train epoch 30/50 batch 66/66 (100%) running_loss=0.3006
epoch 30/50 done: train_loss=0.3006 val_loss=0.2351 val_accuracy=0.9385 val_macro_f1=0.9158 val_macro_auc=0.9864 (checkpoint_metric=macro_auc)
train epoch 31/50 batch 13/66 (20%) running_loss=0.3004
train epoch 31/50 batch 26/66 (39%) running_loss=0.3008
train epoch 31/50 batch 39/66 (59%) running_loss=0.3013
train epoch 31/50 batch 52/66 (79%) running_loss=0.3009
train epoch 31/50 batch 65/66 (98%) running_loss=0.3009
train epoch 31/50 batch 66/66 (100%) running_loss=0.3008
epoch 31/50 done: train_loss=0.3008 val_loss=0.2113 val_accuracy=0.9447 val_macro_f1=0.9230 val_macro_auc=0.9893 (checkpoint_metric=macro_auc)
train epoch 32/50 batch 13/66 (20%) running_loss=0.2993
train epoch 32/50 batch 26/66 (39%) running_loss=0.2991
train epoch 32/50 batch 39/66 (59%) running_loss=0.3001
train epoch 32/50 batch 52/66 (79%) running_loss=0.3000
train epoch 32/50 batch 65/66 (98%) running_loss=0.3003
train epoch 32/50 batch 66/66 (100%) running_loss=0.3003
epoch 32/50 done: train_loss=0.3003 val_loss=0.1988 val_accuracy=0.9467 val_macro_f1=0.9245 val_macro_auc=0.9911 (checkpoint_metric=macro_auc)
train epoch 33/50 batch 13/66 (20%) running_loss=0.3008
train epoch 33/50 batch 26/66 (39%) running_loss=0.3008
train epoch 33/50 batch 39/66 (59%) running_loss=0.3016
train epoch 33/50 batch 52/66 (79%) running_loss=0.3016
train epoch 33/50 batch 65/66 (98%) running_loss=0.3011
train epoch 33/50 batch 66/66 (100%) running_loss=0.3010
epoch 33/50 done: train_loss=0.3010 val_loss=0.2233 val_accuracy=0.9426 val_macro_f1=0.9202 val_macro_auc=0.9877 (checkpoint_metric=macro_auc)
train epoch 34/50 batch 13/66 (20%) running_loss=0.2996
train epoch 34/50 batch 26/66 (39%) running_loss=0.2994
train epoch 34/50 batch 39/66 (59%) running_loss=0.2999
train epoch 34/50 batch 52/66 (79%) running_loss=0.2999
train epoch 34/50 batch 65/66 (98%) running_loss=0.3001
train epoch 34/50 batch 66/66 (100%) running_loss=0.3001
epoch 34/50 done: train_loss=0.3001 val_loss=0.2198 val_accuracy=0.9426 val_macro_f1=0.9202 val_macro_auc=0.9885 (checkpoint_metric=macro_auc)
train epoch 35/50 batch 13/66 (20%) running_loss=0.2997
train epoch 35/50 batch 26/66 (39%) running_loss=0.2995
train epoch 35/50 batch 39/66 (59%) running_loss=0.3002
train epoch 35/50 batch 52/66 (79%) running_loss=0.2999
train epoch 35/50 batch 65/66 (98%) running_loss=0.3000
train epoch 35/50 batch 66/66 (100%) running_loss=0.3001
epoch 35/50 done: train_loss=0.3001 val_loss=0.2222 val_accuracy=0.9406 val_macro_f1=0.9172 val_macro_auc=0.9878 (checkpoint_metric=macro_auc)
train epoch 36/50 batch 13/66 (20%) running_loss=0.2992
train epoch 36/50 batch 26/66 (39%) running_loss=0.3004
train epoch 36/50 batch 39/66 (59%) running_loss=0.3004
train epoch 36/50 batch 52/66 (79%) running_loss=0.3009
train epoch 36/50 batch 65/66 (98%) running_loss=0.3005
train epoch 36/50 batch 66/66 (100%) running_loss=0.3011
epoch 36/50 done: train_loss=0.3011 val_loss=0.2170 val_accuracy=0.9467 val_macro_f1=0.9250 val_macro_auc=0.9885 (checkpoint_metric=macro_auc)
train epoch 37/50 batch 13/66 (20%) running_loss=0.2996
train epoch 37/50 batch 26/66 (39%) running_loss=0.2996
train epoch 37/50 batch 39/66 (59%) running_loss=0.2994
train epoch 37/50 batch 52/66 (79%) running_loss=0.2998
train epoch 37/50 batch 65/66 (98%) running_loss=0.3000
train epoch 37/50 batch 66/66 (100%) running_loss=0.2999
epoch 37/50 done: train_loss=0.2999 val_loss=0.2165 val_accuracy=0.9447 val_macro_f1=0.9226 val_macro_auc=0.9892 (checkpoint_metric=macro_auc)
train epoch 38/50 batch 13/66 (20%) running_loss=0.3006
train epoch 38/50 batch 26/66 (39%) running_loss=0.3014
train epoch 38/50 batch 39/66 (59%) running_loss=0.3005
train epoch 38/50 batch 52/66 (79%) running_loss=0.3004
train epoch 38/50 batch 65/66 (98%) running_loss=0.3007
train epoch 38/50 batch 66/66 (100%) running_loss=0.3007
epoch 38/50 done: train_loss=0.3007 val_loss=0.2101 val_accuracy=0.9447 val_macro_f1=0.9221 val_macro_auc=0.9896 (checkpoint_metric=macro_auc)
train epoch 39/50 batch 13/66 (20%) running_loss=0.3000
train epoch 39/50 batch 26/66 (39%) running_loss=0.3003
train epoch 39/50 batch 39/66 (59%) running_loss=0.3005
train epoch 39/50 batch 52/66 (79%) running_loss=0.3002
train epoch 39/50 batch 65/66 (98%) running_loss=0.3008
train epoch 39/50 batch 66/66 (100%) running_loss=0.3008
epoch 39/50 done: train_loss=0.3008 val_loss=0.2153 val_accuracy=0.9467 val_macro_f1=0.9258 val_macro_auc=0.9886 (checkpoint_metric=macro_auc)
train epoch 40/50 batch 13/66 (20%) running_loss=0.2991
train epoch 40/50 batch 26/66 (39%) running_loss=0.3008
train epoch 40/50 batch 39/66 (59%) running_loss=0.3011
train epoch 40/50 batch 52/66 (79%) running_loss=0.3013
train epoch 40/50 batch 65/66 (98%) running_loss=0.3007
train epoch 40/50 batch 66/66 (100%) running_loss=0.3007
epoch 40/50 done: train_loss=0.3007 val_loss=0.2101 val_accuracy=0.9488 val_macro_f1=0.9275 val_macro_auc=0.9898 (checkpoint_metric=macro_auc)
train epoch 41/50 batch 13/66 (20%) running_loss=0.2987
train epoch 41/50 batch 26/66 (39%) running_loss=0.3000
train epoch 41/50 batch 39/66 (59%) running_loss=0.3016
train epoch 41/50 batch 52/66 (79%) running_loss=0.3011
train epoch 41/50 batch 65/66 (98%) running_loss=0.3008
train epoch 41/50 batch 66/66 (100%) running_loss=0.3008
epoch 41/50 done: train_loss=0.3008 val_loss=0.2072 val_accuracy=0.9467 val_macro_f1=0.9245 val_macro_auc=0.9902 (checkpoint_metric=macro_auc)
train epoch 42/50 batch 13/66 (20%) running_loss=0.2998
train epoch 42/50 batch 26/66 (39%) running_loss=0.3009
train epoch 42/50 batch 39/66 (59%) running_loss=0.3002
train epoch 42/50 batch 52/66 (79%) running_loss=0.3004
train epoch 42/50 batch 65/66 (98%) running_loss=0.3009
train epoch 42/50 batch 66/66 (100%) running_loss=0.3009
epoch 42/50 done: train_loss=0.3009 val_loss=0.2161 val_accuracy=0.9467 val_macro_f1=0.9250 val_macro_auc=0.9886 (checkpoint_metric=macro_auc)
train epoch 43/50 batch 13/66 (20%) running_loss=0.3011
train epoch 43/50 batch 26/66 (39%) running_loss=0.3000
train epoch 43/50 batch 39/66 (59%) running_loss=0.3004
train epoch 43/50 batch 52/66 (79%) running_loss=0.2998
train epoch 43/50 batch 65/66 (98%) running_loss=0.2998
train epoch 43/50 batch 66/66 (100%) running_loss=0.2998
epoch 43/50 done: train_loss=0.2998 val_loss=0.2144 val_accuracy=0.9447 val_macro_f1=0.9230 val_macro_auc=0.9885 (checkpoint_metric=macro_auc)
train epoch 44/50 batch 13/66 (20%) running_loss=0.2994
train epoch 44/50 batch 26/66 (39%) running_loss=0.3018
train epoch 44/50 batch 39/66 (59%) running_loss=0.3007
train epoch 44/50 batch 52/66 (79%) running_loss=0.3000
train epoch 44/50 batch 65/66 (98%) running_loss=0.3004
train epoch 44/50 batch 66/66 (100%) running_loss=0.3003
epoch 44/50 done: train_loss=0.3003 val_loss=0.2163 val_accuracy=0.9426 val_macro_f1=0.9206 val_macro_auc=0.9884 (checkpoint_metric=macro_auc)
train epoch 45/50 batch 13/66 (20%) running_loss=0.2997
train epoch 45/50 batch 26/66 (39%) running_loss=0.2998
train epoch 45/50 batch 39/66 (59%) running_loss=0.2994
train epoch 45/50 batch 52/66 (79%) running_loss=0.2992
train epoch 45/50 batch 65/66 (98%) running_loss=0.2992
train epoch 45/50 batch 66/66 (100%) running_loss=0.2992
epoch 45/50 done: train_loss=0.2992 val_loss=0.2158 val_accuracy=0.9426 val_macro_f1=0.9206 val_macro_auc=0.9887 (checkpoint_metric=macro_auc)
train epoch 46/50 batch 13/66 (20%) running_loss=0.3001
train epoch 46/50 batch 26/66 (39%) running_loss=0.2991
train epoch 46/50 batch 39/66 (59%) running_loss=0.2995
train epoch 46/50 batch 52/66 (79%) running_loss=0.2993
train epoch 46/50 batch 65/66 (98%) running_loss=0.2992
train epoch 46/50 batch 66/66 (100%) running_loss=0.2993
epoch 46/50 done: train_loss=0.2993 val_loss=0.2097 val_accuracy=0.9447 val_macro_f1=0.9227 val_macro_auc=0.9895 (checkpoint_metric=macro_auc)
train epoch 47/50 batch 13/66 (20%) running_loss=0.3012
train epoch 47/50 batch 26/66 (39%) running_loss=0.2998
train epoch 47/50 batch 39/66 (59%) running_loss=0.2996
train epoch 47/50 batch 52/66 (79%) running_loss=0.3013
train epoch 47/50 batch 65/66 (98%) running_loss=0.3011
train epoch 47/50 batch 66/66 (100%) running_loss=0.3011
epoch 47/50 done: train_loss=0.3011 val_loss=0.2103 val_accuracy=0.9467 val_macro_f1=0.9258 val_macro_auc=0.9895 (checkpoint_metric=macro_auc)
train epoch 48/50 batch 13/66 (20%) running_loss=0.2995
train epoch 48/50 batch 26/66 (39%) running_loss=0.3000
train epoch 48/50 batch 39/66 (59%) running_loss=0.2995
train epoch 48/50 batch 52/66 (79%) running_loss=0.2995
train epoch 48/50 batch 65/66 (98%) running_loss=0.3001
train epoch 48/50 batch 66/66 (100%) running_loss=0.3001
epoch 48/50 done: train_loss=0.3001 val_loss=0.2083 val_accuracy=0.9488 val_macro_f1=0.9276 val_macro_auc=0.9895 (checkpoint_metric=macro_auc)
train epoch 49/50 batch 13/66 (20%) running_loss=0.2985
train epoch 49/50 batch 26/66 (39%) running_loss=0.2990
train epoch 49/50 batch 39/66 (59%) running_loss=0.2989
train epoch 49/50 batch 52/66 (79%) running_loss=0.2996
train epoch 49/50 batch 65/66 (98%) running_loss=0.2994
train epoch 49/50 batch 66/66 (100%) running_loss=0.2994
epoch 49/50 done: train_loss=0.2994 val_loss=0.2087 val_accuracy=0.9488 val_macro_f1=0.9276 val_macro_auc=0.9895 (checkpoint_metric=macro_auc)
train epoch 50/50 batch 13/66 (20%) running_loss=0.2977
train epoch 50/50 batch 26/66 (39%) running_loss=0.2998
train epoch 50/50 batch 39/66 (59%) running_loss=0.2995
train epoch 50/50 batch 52/66 (79%) running_loss=0.2999
train epoch 50/50 batch 65/66 (98%) running_loss=0.3001
train epoch 50/50 batch 66/66 (100%) running_loss=0.3001
epoch 50/50 done: train_loss=0.3001 val_loss=0.2091 val_accuracy=0.9467 val_macro_f1=0.9252 val_macro_auc=0.9895 (checkpoint_metric=macro_auc)
Training finished. Best epoch=7, smoothed macro_auc=0.9914 (window=3)
Test set evaluated once: accuracy=0.8966 macro_f1=0.8813 macro_auc=0.9862
Model size: 134.27M params, 2.938 GFLOPs at 96x96

Best epoch: 7
Test accuracy:  0.8966
Test macro F1:  0.8813
Test macro AUC: 0.9862
Model size: 134.27M params, 2.938 GFLOPs
