Starting baseline training: model=deit_small device=cuda amp=True image_size=96 epochs=100 lr=0.001 optimizer=sgd
Dataset ready: 3 classes, 2102 train / 488 val samples (split reused from outputs/baseline_deit_small_96_fixed_ep100_s3/split_indices.json)
Augmentation policy: legacy fixed ops ('brightness', 'rotation'), from outputs/fixedda_run/augmentation_run/selected_legacy_policy.json
Warning: You are sending unauthenticated requests to the HF Hub. Please set a HF_TOKEN to enable higher rate limits and faster downloads.
Classes: {'glioma_tumor': 0, 'meningioma_tumor': 1, 'pituitary_tumor': 2}
Regularization: weight_decay=7.0e-04 label_smoothing=0.10 grad_clip_norm=5.0
train epoch 1/100 batch 13/66 (20%) running_loss=1.1173
train epoch 1/100 batch 26/66 (39%) running_loss=1.0397
train epoch 1/100 batch 39/66 (59%) running_loss=0.9467
train epoch 1/100 batch 52/66 (79%) running_loss=0.8812
train epoch 1/100 batch 65/66 (98%) running_loss=0.8371
train epoch 1/100 batch 66/66 (100%) running_loss=0.8356
epoch 1/100 done: train_loss=0.8356 val_loss=0.4445 val_accuracy=0.8320 val_macro_f1=0.6891 val_macro_auc=0.9432 (checkpoint_metric=macro_auc) [new best]
train epoch 2/100 batch 13/66 (20%) running_loss=0.6069
train epoch 2/100 batch 26/66 (39%) running_loss=0.5718
train epoch 2/100 batch 39/66 (59%) running_loss=0.5639
train epoch 2/100 batch 52/66 (79%) running_loss=0.5454
train epoch 2/100 batch 65/66 (98%) running_loss=0.5441
train epoch 2/100 batch 66/66 (100%) running_loss=0.5434
epoch 2/100 done: train_loss=0.5434 val_loss=0.3143 val_accuracy=0.8955 val_macro_f1=0.8379 val_macro_auc=0.9719 (checkpoint_metric=macro_auc) [new best]
train epoch 3/100 batch 13/66 (20%) running_loss=0.4449
train epoch 3/100 batch 26/66 (39%) running_loss=0.4469
train epoch 3/100 batch 39/66 (59%) running_loss=0.4515
train epoch 3/100 batch 52/66 (79%) running_loss=0.4542
train epoch 3/100 batch 65/66 (98%) running_loss=0.4507
train epoch 3/100 batch 66/66 (100%) running_loss=0.4507
epoch 3/100 done: train_loss=0.4507 val_loss=0.3696 val_accuracy=0.8689 val_macro_f1=0.8404 val_macro_auc=0.9779 (checkpoint_metric=macro_auc) [new best]
train epoch 4/100 batch 13/66 (20%) running_loss=0.4390
train epoch 4/100 batch 26/66 (39%) running_loss=0.4228
train epoch 4/100 batch 39/66 (59%) running_loss=0.4226
train epoch 4/100 batch 52/66 (79%) running_loss=0.4202
train epoch 4/100 batch 65/66 (98%) running_loss=0.4167
train epoch 4/100 batch 66/66 (100%) running_loss=0.4174
epoch 4/100 done: train_loss=0.4174 val_loss=0.2438 val_accuracy=0.9139 val_macro_f1=0.8788 val_macro_auc=0.9840 (checkpoint_metric=macro_auc) [new best]
train epoch 5/100 batch 13/66 (20%) running_loss=0.3700
train epoch 5/100 batch 26/66 (39%) running_loss=0.3743
train epoch 5/100 batch 39/66 (59%) running_loss=0.3851
train epoch 5/100 batch 52/66 (79%) running_loss=0.3807
train epoch 5/100 batch 65/66 (98%) running_loss=0.3804
train epoch 5/100 batch 66/66 (100%) running_loss=0.3814
epoch 5/100 done: train_loss=0.3814 val_loss=0.2867 val_accuracy=0.9078 val_macro_f1=0.8753 val_macro_auc=0.9759 (checkpoint_metric=macro_auc) [new best]
train epoch 6/100 batch 13/66 (20%) running_loss=0.3446
train epoch 6/100 batch 26/66 (39%) running_loss=0.3547
train epoch 6/100 batch 39/66 (59%) running_loss=0.3639
train epoch 6/100 batch 52/66 (79%) running_loss=0.3670
train epoch 6/100 batch 65/66 (98%) running_loss=0.3663
train epoch 6/100 batch 66/66 (100%) running_loss=0.3662
epoch 6/100 done: train_loss=0.3662 val_loss=0.2583 val_accuracy=0.9180 val_macro_f1=0.8893 val_macro_auc=0.9818 (checkpoint_metric=macro_auc) [new best]
train epoch 7/100 batch 13/66 (20%) running_loss=0.3530
train epoch 7/100 batch 26/66 (39%) running_loss=0.3562
train epoch 7/100 batch 39/66 (59%) running_loss=0.3511
train epoch 7/100 batch 52/66 (79%) running_loss=0.3517
train epoch 7/100 batch 65/66 (98%) running_loss=0.3536
train epoch 7/100 batch 66/66 (100%) running_loss=0.3533
epoch 7/100 done: train_loss=0.3533 val_loss=0.3350 val_accuracy=0.8893 val_macro_f1=0.8570 val_macro_auc=0.9760 (checkpoint_metric=macro_auc)
train epoch 8/100 batch 13/66 (20%) running_loss=0.3562
train epoch 8/100 batch 26/66 (39%) running_loss=0.3536
train epoch 8/100 batch 39/66 (59%) running_loss=0.3484
train epoch 8/100 batch 52/66 (79%) running_loss=0.3467
train epoch 8/100 batch 65/66 (98%) running_loss=0.3477
train epoch 8/100 batch 66/66 (100%) running_loss=0.3473
epoch 8/100 done: train_loss=0.3473 val_loss=0.2541 val_accuracy=0.9160 val_macro_f1=0.8873 val_macro_auc=0.9838 (checkpoint_metric=macro_auc) [new best]
train epoch 9/100 batch 13/66 (20%) running_loss=0.3434
train epoch 9/100 batch 26/66 (39%) running_loss=0.3450
train epoch 9/100 batch 39/66 (59%) running_loss=0.3424
train epoch 9/100 batch 52/66 (79%) running_loss=0.3407
train epoch 9/100 batch 65/66 (98%) running_loss=0.3382
train epoch 9/100 batch 66/66 (100%) running_loss=0.3387
epoch 9/100 done: train_loss=0.3387 val_loss=0.2735 val_accuracy=0.9016 val_macro_f1=0.8720 val_macro_auc=0.9819 (checkpoint_metric=macro_auc) [new best]
train epoch 10/100 batch 13/66 (20%) running_loss=0.3252
train epoch 10/100 batch 26/66 (39%) running_loss=0.3210
train epoch 10/100 batch 39/66 (59%) running_loss=0.3252
train epoch 10/100 batch 52/66 (79%) running_loss=0.3221
train epoch 10/100 batch 65/66 (98%) running_loss=0.3213
train epoch 10/100 batch 66/66 (100%) running_loss=0.3213
epoch 10/100 done: train_loss=0.3213 val_loss=0.2718 val_accuracy=0.9119 val_macro_f1=0.8836 val_macro_auc=0.9810 (checkpoint_metric=macro_auc) [new best]
train epoch 11/100 batch 13/66 (20%) running_loss=0.3246
train epoch 11/100 batch 26/66 (39%) running_loss=0.3190
train epoch 11/100 batch 39/66 (59%) running_loss=0.3239
train epoch 11/100 batch 52/66 (79%) running_loss=0.3232
train epoch 11/100 batch 65/66 (98%) running_loss=0.3217
train epoch 11/100 batch 66/66 (100%) running_loss=0.3214
epoch 11/100 done: train_loss=0.3214 val_loss=0.2824 val_accuracy=0.8955 val_macro_f1=0.8567 val_macro_auc=0.9768 (checkpoint_metric=macro_auc)
train epoch 12/100 batch 13/66 (20%) running_loss=0.3052
train epoch 12/100 batch 26/66 (39%) running_loss=0.3098
train epoch 12/100 batch 39/66 (59%) running_loss=0.3142
train epoch 12/100 batch 52/66 (79%) running_loss=0.3167
train epoch 12/100 batch 65/66 (98%) running_loss=0.3199
train epoch 12/100 batch 66/66 (100%) running_loss=0.3206
epoch 12/100 done: train_loss=0.3206 val_loss=0.2438 val_accuracy=0.9262 val_macro_f1=0.8985 val_macro_auc=0.9825 (checkpoint_metric=macro_auc)
train epoch 13/100 batch 13/66 (20%) running_loss=0.3043
train epoch 13/100 batch 26/66 (39%) running_loss=0.3152
train epoch 13/100 batch 39/66 (59%) running_loss=0.3161
train epoch 13/100 batch 52/66 (79%) running_loss=0.3173
train epoch 13/100 batch 65/66 (98%) running_loss=0.3151
train epoch 13/100 batch 66/66 (100%) running_loss=0.3150
epoch 13/100 done: train_loss=0.3150 val_loss=0.2802 val_accuracy=0.9160 val_macro_f1=0.8876 val_macro_auc=0.9789 (checkpoint_metric=macro_auc)
train epoch 14/100 batch 13/66 (20%) running_loss=0.3038
train epoch 14/100 batch 26/66 (39%) running_loss=0.3062
train epoch 14/100 batch 39/66 (59%) running_loss=0.3080
train epoch 14/100 batch 52/66 (79%) running_loss=0.3087
train epoch 14/100 batch 65/66 (98%) running_loss=0.3115
train epoch 14/100 batch 66/66 (100%) running_loss=0.3123
epoch 14/100 done: train_loss=0.3123 val_loss=0.2704 val_accuracy=0.9180 val_macro_f1=0.8899 val_macro_auc=0.9792 (checkpoint_metric=macro_auc)
train epoch 15/100 batch 13/66 (20%) running_loss=0.3090
train epoch 15/100 batch 26/66 (39%) running_loss=0.3089
train epoch 15/100 batch 39/66 (59%) running_loss=0.3068
train epoch 15/100 batch 52/66 (79%) running_loss=0.3080
train epoch 15/100 batch 65/66 (98%) running_loss=0.3083
train epoch 15/100 batch 66/66 (100%) running_loss=0.3083
epoch 15/100 done: train_loss=0.3083 val_loss=0.3047 val_accuracy=0.8996 val_macro_f1=0.8690 val_macro_auc=0.9773 (checkpoint_metric=macro_auc)
train epoch 16/100 batch 13/66 (20%) running_loss=0.3113
train epoch 16/100 batch 26/66 (39%) running_loss=0.3084
train epoch 16/100 batch 39/66 (59%) running_loss=0.3088
train epoch 16/100 batch 52/66 (79%) running_loss=0.3111
train epoch 16/100 batch 65/66 (98%) running_loss=0.3099
train epoch 16/100 batch 66/66 (100%) running_loss=0.3098
epoch 16/100 done: train_loss=0.3098 val_loss=0.3104 val_accuracy=0.9016 val_macro_f1=0.8765 val_macro_auc=0.9780 (checkpoint_metric=macro_auc)
train epoch 17/100 batch 13/66 (20%) running_loss=0.2998
train epoch 17/100 batch 26/66 (39%) running_loss=0.3039
train epoch 17/100 batch 39/66 (59%) running_loss=0.3034
train epoch 17/100 batch 52/66 (79%) running_loss=0.3048
train epoch 17/100 batch 65/66 (98%) running_loss=0.3056
train epoch 17/100 batch 66/66 (100%) running_loss=0.3055
epoch 17/100 done: train_loss=0.3055 val_loss=0.2392 val_accuracy=0.9221 val_macro_f1=0.8953 val_macro_auc=0.9833 (checkpoint_metric=macro_auc)
train epoch 18/100 batch 13/66 (20%) running_loss=0.3031
train epoch 18/100 batch 26/66 (39%) running_loss=0.3131
train epoch 18/100 batch 39/66 (59%) running_loss=0.3098
train epoch 18/100 batch 52/66 (79%) running_loss=0.3089
train epoch 18/100 batch 65/66 (98%) running_loss=0.3093
train epoch 18/100 batch 66/66 (100%) running_loss=0.3092
epoch 18/100 done: train_loss=0.3092 val_loss=0.2622 val_accuracy=0.9221 val_macro_f1=0.8978 val_macro_auc=0.9816 (checkpoint_metric=macro_auc)
train epoch 19/100 batch 13/66 (20%) running_loss=0.3115
train epoch 19/100 batch 26/66 (39%) running_loss=0.3062
train epoch 19/100 batch 39/66 (59%) running_loss=0.3030
train epoch 19/100 batch 52/66 (79%) running_loss=0.3057
train epoch 19/100 batch 65/66 (98%) running_loss=0.3047
train epoch 19/100 batch 66/66 (100%) running_loss=0.3046
epoch 19/100 done: train_loss=0.3046 val_loss=0.2476 val_accuracy=0.9180 val_macro_f1=0.8922 val_macro_auc=0.9830 (checkpoint_metric=macro_auc) [new best]
train epoch 20/100 batch 13/66 (20%) running_loss=0.2963
train epoch 20/100 batch 26/66 (39%) running_loss=0.2957
train epoch 20/100 batch 39/66 (59%) running_loss=0.2954
train epoch 20/100 batch 52/66 (79%) running_loss=0.2975
train epoch 20/100 batch 65/66 (98%) running_loss=0.2997
train epoch 20/100 batch 66/66 (100%) running_loss=0.2997
epoch 20/100 done: train_loss=0.2997 val_loss=0.2543 val_accuracy=0.9160 val_macro_f1=0.8885 val_macro_auc=0.9812 (checkpoint_metric=macro_auc)
train epoch 21/100 batch 13/66 (20%) running_loss=0.2952
train epoch 21/100 batch 26/66 (39%) running_loss=0.2970
train epoch 21/100 batch 39/66 (59%) running_loss=0.2961
train epoch 21/100 batch 52/66 (79%) running_loss=0.2963
train epoch 21/100 batch 65/66 (98%) running_loss=0.2962
train epoch 21/100 batch 66/66 (100%) running_loss=0.2962
epoch 21/100 done: train_loss=0.2962 val_loss=0.3129 val_accuracy=0.9016 val_macro_f1=0.8720 val_macro_auc=0.9778 (checkpoint_metric=macro_auc)
train epoch 22/100 batch 13/66 (20%) running_loss=0.3009
train epoch 22/100 batch 26/66 (39%) running_loss=0.2984
train epoch 22/100 batch 39/66 (59%) running_loss=0.2993
train epoch 22/100 batch 52/66 (79%) running_loss=0.2982
train epoch 22/100 batch 65/66 (98%) running_loss=0.2990
train epoch 22/100 batch 66/66 (100%) running_loss=0.2989
epoch 22/100 done: train_loss=0.2989 val_loss=0.2647 val_accuracy=0.9180 val_macro_f1=0.8920 val_macro_auc=0.9809 (checkpoint_metric=macro_auc)
train epoch 23/100 batch 13/66 (20%) running_loss=0.2987
train epoch 23/100 batch 26/66 (39%) running_loss=0.2983
train epoch 23/100 batch 39/66 (59%) running_loss=0.3010
train epoch 23/100 batch 52/66 (79%) running_loss=0.3034
train epoch 23/100 batch 65/66 (98%) running_loss=0.3061
train epoch 23/100 batch 66/66 (100%) running_loss=0.3060
epoch 23/100 done: train_loss=0.3060 val_loss=0.2438 val_accuracy=0.9385 val_macro_f1=0.9186 val_macro_auc=0.9802 (checkpoint_metric=macro_auc)
train epoch 24/100 batch 13/66 (20%) running_loss=0.2963
train epoch 24/100 batch 26/66 (39%) running_loss=0.2963
train epoch 24/100 batch 39/66 (59%) running_loss=0.2972
train epoch 24/100 batch 52/66 (79%) running_loss=0.2963
train epoch 24/100 batch 65/66 (98%) running_loss=0.2971
train epoch 24/100 batch 66/66 (100%) running_loss=0.2971
epoch 24/100 done: train_loss=0.2971 val_loss=0.2515 val_accuracy=0.9201 val_macro_f1=0.8923 val_macro_auc=0.9762 (checkpoint_metric=macro_auc)
train epoch 25/100 batch 13/66 (20%) running_loss=0.2999
train epoch 25/100 batch 26/66 (39%) running_loss=0.3024
train epoch 25/100 batch 39/66 (59%) running_loss=0.3018
train epoch 25/100 batch 52/66 (79%) running_loss=0.3011
train epoch 25/100 batch 65/66 (98%) running_loss=0.2999
train epoch 25/100 batch 66/66 (100%) running_loss=0.2998
epoch 25/100 done: train_loss=0.2998 val_loss=0.2401 val_accuracy=0.9221 val_macro_f1=0.8958 val_macro_auc=0.9807 (checkpoint_metric=macro_auc)
train epoch 26/100 batch 13/66 (20%) running_loss=0.2945
train epoch 26/100 batch 26/66 (39%) running_loss=0.2974
train epoch 26/100 batch 39/66 (59%) running_loss=0.2971
train epoch 26/100 batch 52/66 (79%) running_loss=0.2968
train epoch 26/100 batch 65/66 (98%) running_loss=0.2962
train epoch 26/100 batch 66/66 (100%) running_loss=0.2964
epoch 26/100 done: train_loss=0.2964 val_loss=0.2451 val_accuracy=0.9180 val_macro_f1=0.8913 val_macro_auc=0.9795 (checkpoint_metric=macro_auc)
train epoch 27/100 batch 13/66 (20%) running_loss=0.2957
train epoch 27/100 batch 26/66 (39%) running_loss=0.2949
train epoch 27/100 batch 39/66 (59%) running_loss=0.2953
train epoch 27/100 batch 52/66 (79%) running_loss=0.2948
train epoch 27/100 batch 65/66 (98%) running_loss=0.2948
train epoch 27/100 batch 66/66 (100%) running_loss=0.2947
epoch 27/100 done: train_loss=0.2947 val_loss=0.2378 val_accuracy=0.9303 val_macro_f1=0.9075 val_macro_auc=0.9795 (checkpoint_metric=macro_auc)
train epoch 28/100 batch 13/66 (20%) running_loss=0.2974
train epoch 28/100 batch 26/66 (39%) running_loss=0.2955
train epoch 28/100 batch 39/66 (59%) running_loss=0.2972
train epoch 28/100 batch 52/66 (79%) running_loss=0.2963
train epoch 28/100 batch 65/66 (98%) running_loss=0.2959
train epoch 28/100 batch 66/66 (100%) running_loss=0.2959
epoch 28/100 done: train_loss=0.2959 val_loss=0.2390 val_accuracy=0.9303 val_macro_f1=0.9089 val_macro_auc=0.9817 (checkpoint_metric=macro_auc)
train epoch 29/100 batch 13/66 (20%) running_loss=0.2946
train epoch 29/100 batch 26/66 (39%) running_loss=0.2940
train epoch 29/100 batch 39/66 (59%) running_loss=0.2945
train epoch 29/100 batch 52/66 (79%) running_loss=0.2957
train epoch 29/100 batch 65/66 (98%) running_loss=0.2952
train epoch 29/100 batch 66/66 (100%) running_loss=0.2951
epoch 29/100 done: train_loss=0.2951 val_loss=0.2729 val_accuracy=0.9098 val_macro_f1=0.8840 val_macro_auc=0.9834 (checkpoint_metric=macro_auc)
train epoch 30/100 batch 13/66 (20%) running_loss=0.2962
train epoch 30/100 batch 26/66 (39%) running_loss=0.2981
train epoch 30/100 batch 39/66 (59%) running_loss=0.2969
train epoch 30/100 batch 52/66 (79%) running_loss=0.2969
train epoch 30/100 batch 65/66 (98%) running_loss=0.2975
train epoch 30/100 batch 66/66 (100%) running_loss=0.2975
epoch 30/100 done: train_loss=0.2975 val_loss=0.2693 val_accuracy=0.9139 val_macro_f1=0.8867 val_macro_auc=0.9827 (checkpoint_metric=macro_auc)
train epoch 31/100 batch 13/66 (20%) running_loss=0.2971
train epoch 31/100 batch 26/66 (39%) running_loss=0.2970
train epoch 31/100 batch 39/66 (59%) running_loss=0.2964
train epoch 31/100 batch 52/66 (79%) running_loss=0.2956
train epoch 31/100 batch 65/66 (98%) running_loss=0.2952
train epoch 31/100 batch 66/66 (100%) running_loss=0.2952
epoch 31/100 done: train_loss=0.2952 val_loss=0.2501 val_accuracy=0.9221 val_macro_f1=0.8941 val_macro_auc=0.9792 (checkpoint_metric=macro_auc)
train epoch 32/100 batch 13/66 (20%) running_loss=0.2925
train epoch 32/100 batch 26/66 (39%) running_loss=0.2939
train epoch 32/100 batch 39/66 (59%) running_loss=0.2947
train epoch 32/100 batch 52/66 (79%) running_loss=0.2950
train epoch 32/100 batch 65/66 (98%) running_loss=0.2948
train epoch 32/100 batch 66/66 (100%) running_loss=0.2948
epoch 32/100 done: train_loss=0.2948 val_loss=0.2331 val_accuracy=0.9303 val_macro_f1=0.9057 val_macro_auc=0.9833 (checkpoint_metric=macro_auc)
train epoch 33/100 batch 13/66 (20%) running_loss=0.2934
train epoch 33/100 batch 26/66 (39%) running_loss=0.2949
train epoch 33/100 batch 39/66 (59%) running_loss=0.2974
train epoch 33/100 batch 52/66 (79%) running_loss=0.2963
train epoch 33/100 batch 65/66 (98%) running_loss=0.2955
train epoch 33/100 batch 66/66 (100%) running_loss=0.2955
epoch 33/100 done: train_loss=0.2955 val_loss=0.2464 val_accuracy=0.9242 val_macro_f1=0.8981 val_macro_auc=0.9808 (checkpoint_metric=macro_auc)
train epoch 34/100 batch 13/66 (20%) running_loss=0.2942
train epoch 34/100 batch 26/66 (39%) running_loss=0.2936
train epoch 34/100 batch 39/66 (59%) running_loss=0.2939
train epoch 34/100 batch 52/66 (79%) running_loss=0.2952
train epoch 34/100 batch 65/66 (98%) running_loss=0.2947
train epoch 34/100 batch 66/66 (100%) running_loss=0.2947
epoch 34/100 done: train_loss=0.2947 val_loss=0.2200 val_accuracy=0.9385 val_macro_f1=0.9147 val_macro_auc=0.9808 (checkpoint_metric=macro_auc)
train epoch 35/100 batch 13/66 (20%) running_loss=0.2926
train epoch 35/100 batch 26/66 (39%) running_loss=0.2929
train epoch 35/100 batch 39/66 (59%) running_loss=0.2928
train epoch 35/100 batch 52/66 (79%) running_loss=0.2927
train epoch 35/100 batch 65/66 (98%) running_loss=0.2927
train epoch 35/100 batch 66/66 (100%) running_loss=0.2927
epoch 35/100 done: train_loss=0.2927 val_loss=0.2379 val_accuracy=0.9324 val_macro_f1=0.9081 val_macro_auc=0.9822 (checkpoint_metric=macro_auc)
train epoch 36/100 batch 13/66 (20%) running_loss=0.2922
train epoch 36/100 batch 26/66 (39%) running_loss=0.2922
train epoch 36/100 batch 39/66 (59%) running_loss=0.2923
train epoch 36/100 batch 52/66 (79%) running_loss=0.2923
train epoch 36/100 batch 65/66 (98%) running_loss=0.2926
train epoch 36/100 batch 66/66 (100%) running_loss=0.2932
epoch 36/100 done: train_loss=0.2932 val_loss=0.2770 val_accuracy=0.9119 val_macro_f1=0.8857 val_macro_auc=0.9816 (checkpoint_metric=macro_auc)
train epoch 37/100 batch 13/66 (20%) running_loss=0.2925
train epoch 37/100 batch 26/66 (39%) running_loss=0.2926
train epoch 37/100 batch 39/66 (59%) running_loss=0.2927
train epoch 37/100 batch 52/66 (79%) running_loss=0.2926
train epoch 37/100 batch 65/66 (98%) running_loss=0.2934
train epoch 37/100 batch 66/66 (100%) running_loss=0.2934
epoch 37/100 done: train_loss=0.2934 val_loss=0.2907 val_accuracy=0.9119 val_macro_f1=0.8847 val_macro_auc=0.9815 (checkpoint_metric=macro_auc)
train epoch 38/100 batch 13/66 (20%) running_loss=0.2924
train epoch 38/100 batch 26/66 (39%) running_loss=0.2926
train epoch 38/100 batch 39/66 (59%) running_loss=0.2932
train epoch 38/100 batch 52/66 (79%) running_loss=0.2931
train epoch 38/100 batch 65/66 (98%) running_loss=0.2929
train epoch 38/100 batch 66/66 (100%) running_loss=0.2929
epoch 38/100 done: train_loss=0.2929 val_loss=0.2618 val_accuracy=0.9180 val_macro_f1=0.8906 val_macro_auc=0.9827 (checkpoint_metric=macro_auc)
train epoch 39/100 batch 13/66 (20%) running_loss=0.2926
train epoch 39/100 batch 26/66 (39%) running_loss=0.2923
train epoch 39/100 batch 39/66 (59%) running_loss=0.2922
train epoch 39/100 batch 52/66 (79%) running_loss=0.2923
train epoch 39/100 batch 65/66 (98%) running_loss=0.2923
train epoch 39/100 batch 66/66 (100%) running_loss=0.2923
epoch 39/100 done: train_loss=0.2923 val_loss=0.2620 val_accuracy=0.9180 val_macro_f1=0.8924 val_macro_auc=0.9844 (checkpoint_metric=macro_auc) [new best]
train epoch 40/100 batch 13/66 (20%) running_loss=0.2923
train epoch 40/100 batch 26/66 (39%) running_loss=0.2921
train epoch 40/100 batch 39/66 (59%) running_loss=0.2921
train epoch 40/100 batch 52/66 (79%) running_loss=0.2921
train epoch 40/100 batch 65/66 (98%) running_loss=0.2920
train epoch 40/100 batch 66/66 (100%) running_loss=0.2920
epoch 40/100 done: train_loss=0.2920 val_loss=0.2360 val_accuracy=0.9221 val_macro_f1=0.8960 val_macro_auc=0.9842 (checkpoint_metric=macro_auc) [new best]
train epoch 41/100 batch 13/66 (20%) running_loss=0.2921
train epoch 41/100 batch 26/66 (39%) running_loss=0.2920
train epoch 41/100 batch 39/66 (59%) running_loss=0.2921
train epoch 41/100 batch 52/66 (79%) running_loss=0.2936
train epoch 41/100 batch 65/66 (98%) running_loss=0.2933
train epoch 41/100 batch 66/66 (100%) running_loss=0.2933
epoch 41/100 done: train_loss=0.2933 val_loss=0.2319 val_accuracy=0.9303 val_macro_f1=0.9057 val_macro_auc=0.9836 (checkpoint_metric=macro_auc) [new best]
train epoch 42/100 batch 13/66 (20%) running_loss=0.2920
train epoch 42/100 batch 26/66 (39%) running_loss=0.2919
train epoch 42/100 batch 39/66 (59%) running_loss=0.2919
train epoch 42/100 batch 52/66 (79%) running_loss=0.2919
train epoch 42/100 batch 65/66 (98%) running_loss=0.2919
train epoch 42/100 batch 66/66 (100%) running_loss=0.2919
epoch 42/100 done: train_loss=0.2919 val_loss=0.2454 val_accuracy=0.9221 val_macro_f1=0.8950 val_macro_auc=0.9830 (checkpoint_metric=macro_auc)
train epoch 43/100 batch 13/66 (20%) running_loss=0.2919
train epoch 43/100 batch 26/66 (39%) running_loss=0.2919
train epoch 43/100 batch 39/66 (59%) running_loss=0.2919
train epoch 43/100 batch 52/66 (79%) running_loss=0.2924
train epoch 43/100 batch 65/66 (98%) running_loss=0.2923
train epoch 43/100 batch 66/66 (100%) running_loss=0.2923
epoch 43/100 done: train_loss=0.2923 val_loss=0.2295 val_accuracy=0.9324 val_macro_f1=0.9088 val_macro_auc=0.9827 (checkpoint_metric=macro_auc)
train epoch 44/100 batch 13/66 (20%) running_loss=0.2918
train epoch 44/100 batch 26/66 (39%) running_loss=0.2920
train epoch 44/100 batch 39/66 (59%) running_loss=0.2919
train epoch 44/100 batch 52/66 (79%) running_loss=0.2919
train epoch 44/100 batch 65/66 (98%) running_loss=0.2919
train epoch 44/100 batch 66/66 (100%) running_loss=0.2919
epoch 44/100 done: train_loss=0.2919 val_loss=0.2331 val_accuracy=0.9324 val_macro_f1=0.9088 val_macro_auc=0.9844 (checkpoint_metric=macro_auc)
train epoch 45/100 batch 13/66 (20%) running_loss=0.2923
train epoch 45/100 batch 26/66 (39%) running_loss=0.2920
train epoch 45/100 batch 39/66 (59%) running_loss=0.2926
train epoch 45/100 batch 52/66 (79%) running_loss=0.2930
train epoch 45/100 batch 65/66 (98%) running_loss=0.2928
train epoch 45/100 batch 66/66 (100%) running_loss=0.2928
epoch 45/100 done: train_loss=0.2928 val_loss=0.2096 val_accuracy=0.9467 val_macro_f1=0.9276 val_macro_auc=0.9825 (checkpoint_metric=macro_auc)
train epoch 46/100 batch 13/66 (20%) running_loss=0.2918
train epoch 46/100 batch 26/66 (39%) running_loss=0.2919
train epoch 46/100 batch 39/66 (59%) running_loss=0.2919
train epoch 46/100 batch 52/66 (79%) running_loss=0.2920
train epoch 46/100 batch 65/66 (98%) running_loss=0.2920
train epoch 46/100 batch 66/66 (100%) running_loss=0.2920
epoch 46/100 done: train_loss=0.2920 val_loss=0.2574 val_accuracy=0.9160 val_macro_f1=0.8885 val_macro_auc=0.9850 (checkpoint_metric=macro_auc)
train epoch 47/100 batch 13/66 (20%) running_loss=0.2919
train epoch 47/100 batch 26/66 (39%) running_loss=0.2918
train epoch 47/100 batch 39/66 (59%) running_loss=0.2919
train epoch 47/100 batch 52/66 (79%) running_loss=0.2920
train epoch 47/100 batch 65/66 (98%) running_loss=0.2931
train epoch 47/100 batch 66/66 (100%) running_loss=0.2931
epoch 47/100 done: train_loss=0.2931 val_loss=0.2674 val_accuracy=0.9160 val_macro_f1=0.8885 val_macro_auc=0.9831 (checkpoint_metric=macro_auc)
train epoch 48/100 batch 13/66 (20%) running_loss=0.2921
train epoch 48/100 batch 26/66 (39%) running_loss=0.2923
train epoch 48/100 batch 39/66 (59%) running_loss=0.2924
train epoch 48/100 batch 52/66 (79%) running_loss=0.2923
train epoch 48/100 batch 65/66 (98%) running_loss=0.2922
train epoch 48/100 batch 66/66 (100%) running_loss=0.2922
epoch 48/100 done: train_loss=0.2922 val_loss=0.2314 val_accuracy=0.9324 val_macro_f1=0.9092 val_macro_auc=0.9844 (checkpoint_metric=macro_auc) [new best]
train epoch 49/100 batch 13/66 (20%) running_loss=0.2973
train epoch 49/100 batch 26/66 (39%) running_loss=0.2945
train epoch 49/100 batch 39/66 (59%) running_loss=0.2941
train epoch 49/100 batch 52/66 (79%) running_loss=0.2937
train epoch 49/100 batch 65/66 (98%) running_loss=0.2942
train epoch 49/100 batch 66/66 (100%) running_loss=0.2942
epoch 49/100 done: train_loss=0.2942 val_loss=0.2449 val_accuracy=0.9283 val_macro_f1=0.9052 val_macro_auc=0.9861 (checkpoint_metric=macro_auc) [new best]
train epoch 50/100 batch 13/66 (20%) running_loss=0.2965
train epoch 50/100 batch 26/66 (39%) running_loss=0.2945
train epoch 50/100 batch 39/66 (59%) running_loss=0.2939
train epoch 50/100 batch 52/66 (79%) running_loss=0.2933
train epoch 50/100 batch 65/66 (98%) running_loss=0.2931
train epoch 50/100 batch 66/66 (100%) running_loss=0.2931
epoch 50/100 done: train_loss=0.2931 val_loss=0.2526 val_accuracy=0.9221 val_macro_f1=0.8967 val_macro_auc=0.9845 (checkpoint_metric=macro_auc) [new best]
train epoch 51/100 batch 13/66 (20%) running_loss=0.2984
train epoch 51/100 batch 26/66 (39%) running_loss=0.2952
train epoch 51/100 batch 39/66 (59%) running_loss=0.2940
train epoch 51/100 batch 52/66 (79%) running_loss=0.2935
train epoch 51/100 batch 65/66 (98%) running_loss=0.2932
train epoch 51/100 batch 66/66 (100%) running_loss=0.2932
epoch 51/100 done: train_loss=0.2932 val_loss=0.2131 val_accuracy=0.9385 val_macro_f1=0.9164 val_macro_auc=0.9845 (checkpoint_metric=macro_auc) [new best]
train epoch 52/100 batch 13/66 (20%) running_loss=0.2919
train epoch 52/100 batch 26/66 (39%) running_loss=0.2918
train epoch 52/100 batch 39/66 (59%) running_loss=0.2917
train epoch 52/100 batch 52/66 (79%) running_loss=0.2917
train epoch 52/100 batch 65/66 (98%) running_loss=0.2917
train epoch 52/100 batch 66/66 (100%) running_loss=0.2917
epoch 52/100 done: train_loss=0.2917 val_loss=0.2249 val_accuracy=0.9365 val_macro_f1=0.9136 val_macro_auc=0.9846 (checkpoint_metric=macro_auc)
train epoch 53/100 batch 13/66 (20%) running_loss=0.2917
train epoch 53/100 batch 26/66 (39%) running_loss=0.2917
train epoch 53/100 batch 39/66 (59%) running_loss=0.2917
train epoch 53/100 batch 52/66 (79%) running_loss=0.2917
train epoch 53/100 batch 65/66 (98%) running_loss=0.2917
train epoch 53/100 batch 66/66 (100%) running_loss=0.2917
epoch 53/100 done: train_loss=0.2917 val_loss=0.2366 val_accuracy=0.9303 val_macro_f1=0.9068 val_macro_auc=0.9850 (checkpoint_metric=macro_auc)
train epoch 54/100 batch 13/66 (20%) running_loss=0.2917
train epoch 54/100 batch 26/66 (39%) running_loss=0.2917
train epoch 54/100 batch 39/66 (59%) running_loss=0.2918
train epoch 54/100 batch 52/66 (79%) running_loss=0.2918
train epoch 54/100 batch 65/66 (98%) running_loss=0.2917
train epoch 54/100 batch 66/66 (100%) running_loss=0.2917
epoch 54/100 done: train_loss=0.2917 val_loss=0.2242 val_accuracy=0.9344 val_macro_f1=0.9111 val_macro_auc=0.9845 (checkpoint_metric=macro_auc)
train epoch 55/100 batch 13/66 (20%) running_loss=0.2917
train epoch 55/100 batch 26/66 (39%) running_loss=0.2918
train epoch 55/100 batch 39/66 (59%) running_loss=0.2918
train epoch 55/100 batch 52/66 (79%) running_loss=0.2918
train epoch 55/100 batch 65/66 (98%) running_loss=0.2918
train epoch 55/100 batch 66/66 (100%) running_loss=0.2918
epoch 55/100 done: train_loss=0.2918 val_loss=0.2292 val_accuracy=0.9344 val_macro_f1=0.9111 val_macro_auc=0.9848 (checkpoint_metric=macro_auc)
train epoch 56/100 batch 13/66 (20%) running_loss=0.2925
train epoch 56/100 batch 26/66 (39%) running_loss=0.2921
train epoch 56/100 batch 39/66 (59%) running_loss=0.2925
train epoch 56/100 batch 52/66 (79%) running_loss=0.2925
train epoch 56/100 batch 65/66 (98%) running_loss=0.2923
train epoch 56/100 batch 66/66 (100%) running_loss=0.2923
epoch 56/100 done: train_loss=0.2923 val_loss=0.2381 val_accuracy=0.9344 val_macro_f1=0.9107 val_macro_auc=0.9849 (checkpoint_metric=macro_auc)
train epoch 57/100 batch 13/66 (20%) running_loss=0.2917
train epoch 57/100 batch 26/66 (39%) running_loss=0.2917
train epoch 57/100 batch 39/66 (59%) running_loss=0.2917
train epoch 57/100 batch 52/66 (79%) running_loss=0.2917
train epoch 57/100 batch 65/66 (98%) running_loss=0.2917
train epoch 57/100 batch 66/66 (100%) running_loss=0.2917
epoch 57/100 done: train_loss=0.2917 val_loss=0.2322 val_accuracy=0.9365 val_macro_f1=0.9138 val_macro_auc=0.9848 (checkpoint_metric=macro_auc)
train epoch 58/100 batch 13/66 (20%) running_loss=0.2918
train epoch 58/100 batch 26/66 (39%) running_loss=0.2918
train epoch 58/100 batch 39/66 (59%) running_loss=0.2918
train epoch 58/100 batch 52/66 (79%) running_loss=0.2922
train epoch 58/100 batch 65/66 (98%) running_loss=0.2921
train epoch 58/100 batch 66/66 (100%) running_loss=0.2921
epoch 58/100 done: train_loss=0.2921 val_loss=0.2715 val_accuracy=0.9180 val_macro_f1=0.8928 val_macro_auc=0.9833 (checkpoint_metric=macro_auc)
train epoch 59/100 batch 13/66 (20%) running_loss=0.2920
train epoch 59/100 batch 26/66 (39%) running_loss=0.2919
train epoch 59/100 batch 39/66 (59%) running_loss=0.2918
train epoch 59/100 batch 52/66 (79%) running_loss=0.2918
train epoch 59/100 batch 65/66 (98%) running_loss=0.2918
train epoch 59/100 batch 66/66 (100%) running_loss=0.2918
epoch 59/100 done: train_loss=0.2918 val_loss=0.2207 val_accuracy=0.9303 val_macro_f1=0.9058 val_macro_auc=0.9836 (checkpoint_metric=macro_auc)
train epoch 60/100 batch 13/66 (20%) running_loss=0.2917
train epoch 60/100 batch 26/66 (39%) running_loss=0.2917
train epoch 60/100 batch 39/66 (59%) running_loss=0.2917
train epoch 60/100 batch 52/66 (79%) running_loss=0.2917
train epoch 60/100 batch 65/66 (98%) running_loss=0.2917
train epoch 60/100 batch 66/66 (100%) running_loss=0.2917
epoch 60/100 done: train_loss=0.2917 val_loss=0.2246 val_accuracy=0.9344 val_macro_f1=0.9107 val_macro_auc=0.9840 (checkpoint_metric=macro_auc)
train epoch 61/100 batch 13/66 (20%) running_loss=0.2916
train epoch 61/100 batch 26/66 (39%) running_loss=0.2916
train epoch 61/100 batch 39/66 (59%) running_loss=0.2916
train epoch 61/100 batch 52/66 (79%) running_loss=0.2916
train epoch 61/100 batch 65/66 (98%) running_loss=0.2917
train epoch 61/100 batch 66/66 (100%) running_loss=0.2917
epoch 61/100 done: train_loss=0.2917 val_loss=0.2365 val_accuracy=0.9303 val_macro_f1=0.9067 val_macro_auc=0.9839 (checkpoint_metric=macro_auc)
train epoch 62/100 batch 13/66 (20%) running_loss=0.2916
train epoch 62/100 batch 26/66 (39%) running_loss=0.2916
train epoch 62/100 batch 39/66 (59%) running_loss=0.2917
train epoch 62/100 batch 52/66 (79%) running_loss=0.2917
train epoch 62/100 batch 65/66 (98%) running_loss=0.2917
train epoch 62/100 batch 66/66 (100%) running_loss=0.2917
epoch 62/100 done: train_loss=0.2917 val_loss=0.2392 val_accuracy=0.9283 val_macro_f1=0.9040 val_macro_auc=0.9842 (checkpoint_metric=macro_auc)
train epoch 63/100 batch 13/66 (20%) running_loss=0.2917
train epoch 63/100 batch 26/66 (39%) running_loss=0.2918
train epoch 63/100 batch 39/66 (59%) running_loss=0.2918
train epoch 63/100 batch 52/66 (79%) running_loss=0.2921
train epoch 63/100 batch 65/66 (98%) running_loss=0.2920
train epoch 63/100 batch 66/66 (100%) running_loss=0.2920
epoch 63/100 done: train_loss=0.2920 val_loss=0.2161 val_accuracy=0.9385 val_macro_f1=0.9158 val_macro_auc=0.9821 (checkpoint_metric=macro_auc)
train epoch 64/100 batch 13/66 (20%) running_loss=0.2916
train epoch 64/100 batch 26/66 (39%) running_loss=0.2916
train epoch 64/100 batch 39/66 (59%) running_loss=0.2917
train epoch 64/100 batch 52/66 (79%) running_loss=0.2917
train epoch 64/100 batch 65/66 (98%) running_loss=0.2917
train epoch 64/100 batch 66/66 (100%) running_loss=0.2917
epoch 64/100 done: train_loss=0.2917 val_loss=0.2243 val_accuracy=0.9344 val_macro_f1=0.9115 val_macro_auc=0.9831 (checkpoint_metric=macro_auc)
train epoch 65/100 batch 13/66 (20%) running_loss=0.2916
train epoch 65/100 batch 26/66 (39%) running_loss=0.2916
train epoch 65/100 batch 39/66 (59%) running_loss=0.2916
train epoch 65/100 batch 52/66 (79%) running_loss=0.2917
train epoch 65/100 batch 65/66 (98%) running_loss=0.2917
train epoch 65/100 batch 66/66 (100%) running_loss=0.2917
epoch 65/100 done: train_loss=0.2917 val_loss=0.2332 val_accuracy=0.9365 val_macro_f1=0.9146 val_macro_auc=0.9842 (checkpoint_metric=macro_auc)
train epoch 66/100 batch 13/66 (20%) running_loss=0.2916
train epoch 66/100 batch 26/66 (39%) running_loss=0.2916
train epoch 66/100 batch 39/66 (59%) running_loss=0.2916
train epoch 66/100 batch 52/66 (79%) running_loss=0.2916
train epoch 66/100 batch 65/66 (98%) running_loss=0.2916
train epoch 66/100 batch 66/66 (100%) running_loss=0.2916
epoch 66/100 done: train_loss=0.2916 val_loss=0.2336 val_accuracy=0.9365 val_macro_f1=0.9146 val_macro_auc=0.9843 (checkpoint_metric=macro_auc)
train epoch 67/100 batch 13/66 (20%) running_loss=0.2917
train epoch 67/100 batch 26/66 (39%) running_loss=0.2917
train epoch 67/100 batch 39/66 (59%) running_loss=0.2916
train epoch 67/100 batch 52/66 (79%) running_loss=0.2916
train epoch 67/100 batch 65/66 (98%) running_loss=0.2917
train epoch 67/100 batch 66/66 (100%) running_loss=0.2917
epoch 67/100 done: train_loss=0.2917 val_loss=0.2334 val_accuracy=0.9365 val_macro_f1=0.9143 val_macro_auc=0.9843 (checkpoint_metric=macro_auc)
train epoch 68/100 batch 13/66 (20%) running_loss=0.2920
train epoch 68/100 batch 26/66 (39%) running_loss=0.2920
train epoch 68/100 batch 39/66 (59%) running_loss=0.2919
train epoch 68/100 batch 52/66 (79%) running_loss=0.2918
train epoch 68/100 batch 65/66 (98%) running_loss=0.2918
train epoch 68/100 batch 66/66 (100%) running_loss=0.2918
epoch 68/100 done: train_loss=0.2918 val_loss=0.2388 val_accuracy=0.9283 val_macro_f1=0.9040 val_macro_auc=0.9836 (checkpoint_metric=macro_auc)
train epoch 69/100 batch 13/66 (20%) running_loss=0.2916
train epoch 69/100 batch 26/66 (39%) running_loss=0.2916
train epoch 69/100 batch 39/66 (59%) running_loss=0.2916
train epoch 69/100 batch 52/66 (79%) running_loss=0.2916
train epoch 69/100 batch 65/66 (98%) running_loss=0.2917
train epoch 69/100 batch 66/66 (100%) running_loss=0.2917
epoch 69/100 done: train_loss=0.2917 val_loss=0.2367 val_accuracy=0.9303 val_macro_f1=0.9070 val_macro_auc=0.9838 (checkpoint_metric=macro_auc)
train epoch 70/100 batch 13/66 (20%) running_loss=0.2916
train epoch 70/100 batch 26/66 (39%) running_loss=0.2917
train epoch 70/100 batch 39/66 (59%) running_loss=0.2917
train epoch 70/100 batch 52/66 (79%) running_loss=0.2917
train epoch 70/100 batch 65/66 (98%) running_loss=0.2917
train epoch 70/100 batch 66/66 (100%) running_loss=0.2917
epoch 70/100 done: train_loss=0.2917 val_loss=0.2299 val_accuracy=0.9303 val_macro_f1=0.9074 val_macro_auc=0.9834 (checkpoint_metric=macro_auc)
train epoch 71/100 batch 13/66 (20%) running_loss=0.2916
train epoch 71/100 batch 26/66 (39%) running_loss=0.2916
train epoch 71/100 batch 39/66 (59%) running_loss=0.2916
train epoch 71/100 batch 52/66 (79%) running_loss=0.2916
train epoch 71/100 batch 65/66 (98%) running_loss=0.2916
train epoch 71/100 batch 66/66 (100%) running_loss=0.2916
epoch 71/100 done: train_loss=0.2916 val_loss=0.2298 val_accuracy=0.9324 val_macro_f1=0.9098 val_macro_auc=0.9832 (checkpoint_metric=macro_auc)
train epoch 72/100 batch 13/66 (20%) running_loss=0.2916
train epoch 72/100 batch 26/66 (39%) running_loss=0.2916
train epoch 72/100 batch 39/66 (59%) running_loss=0.2916
train epoch 72/100 batch 52/66 (79%) running_loss=0.2916
train epoch 72/100 batch 65/66 (98%) running_loss=0.2916
train epoch 72/100 batch 66/66 (100%) running_loss=0.2916
epoch 72/100 done: train_loss=0.2916 val_loss=0.2322 val_accuracy=0.9303 val_macro_f1=0.9074 val_macro_auc=0.9833 (checkpoint_metric=macro_auc)
train epoch 73/100 batch 13/66 (20%) running_loss=0.2917
train epoch 73/100 batch 26/66 (39%) running_loss=0.2916
train epoch 73/100 batch 39/66 (59%) running_loss=0.2916
train epoch 73/100 batch 52/66 (79%) running_loss=0.2916
train epoch 73/100 batch 65/66 (98%) running_loss=0.2920
train epoch 73/100 batch 66/66 (100%) running_loss=0.2920
epoch 73/100 done: train_loss=0.2920 val_loss=0.2335 val_accuracy=0.9283 val_macro_f1=0.9049 val_macro_auc=0.9839 (checkpoint_metric=macro_auc)
train epoch 74/100 batch 13/66 (20%) running_loss=0.2916
train epoch 74/100 batch 26/66 (39%) running_loss=0.2916
train epoch 74/100 batch 39/66 (59%) running_loss=0.2916
train epoch 74/100 batch 52/66 (79%) running_loss=0.2917
train epoch 74/100 batch 65/66 (98%) running_loss=0.2917
train epoch 74/100 batch 66/66 (100%) running_loss=0.2917
epoch 74/100 done: train_loss=0.2917 val_loss=0.2331 val_accuracy=0.9344 val_macro_f1=0.9114 val_macro_auc=0.9842 (checkpoint_metric=macro_auc)
train epoch 75/100 batch 13/66 (20%) running_loss=0.2917
train epoch 75/100 batch 26/66 (39%) running_loss=0.2917
train epoch 75/100 batch 39/66 (59%) running_loss=0.2916
train epoch 75/100 batch 52/66 (79%) running_loss=0.2916
train epoch 75/100 batch 65/66 (98%) running_loss=0.2916
train epoch 75/100 batch 66/66 (100%) running_loss=0.2916
epoch 75/100 done: train_loss=0.2916 val_loss=0.2332 val_accuracy=0.9283 val_macro_f1=0.9049 val_macro_auc=0.9841 (checkpoint_metric=macro_auc)
train epoch 76/100 batch 13/66 (20%) running_loss=0.2916
train epoch 76/100 batch 26/66 (39%) running_loss=0.2916
train epoch 76/100 batch 39/66 (59%) running_loss=0.2916
train epoch 76/100 batch 52/66 (79%) running_loss=0.2916
train epoch 76/100 batch 65/66 (98%) running_loss=0.2916
train epoch 76/100 batch 66/66 (100%) running_loss=0.2916
epoch 76/100 done: train_loss=0.2916 val_loss=0.2332 val_accuracy=0.9262 val_macro_f1=0.9022 val_macro_auc=0.9843 (checkpoint_metric=macro_auc)
train epoch 77/100 batch 13/66 (20%) running_loss=0.2915
train epoch 77/100 batch 26/66 (39%) running_loss=0.2916
train epoch 77/100 batch 39/66 (59%) running_loss=0.2916
train epoch 77/100 batch 52/66 (79%) running_loss=0.2917
train epoch 77/100 batch 65/66 (98%) running_loss=0.2917
train epoch 77/100 batch 66/66 (100%) running_loss=0.2917
epoch 77/100 done: train_loss=0.2917 val_loss=0.2282 val_accuracy=0.9324 val_macro_f1=0.9091 val_macro_auc=0.9834 (checkpoint_metric=macro_auc)
train epoch 78/100 batch 13/66 (20%) running_loss=0.2916
train epoch 78/100 batch 26/66 (39%) running_loss=0.2916
train epoch 78/100 batch 39/66 (59%) running_loss=0.2916
train epoch 78/100 batch 52/66 (79%) running_loss=0.2916
train epoch 78/100 batch 65/66 (98%) running_loss=0.2916
train epoch 78/100 batch 66/66 (100%) running_loss=0.2916
epoch 78/100 done: train_loss=0.2916 val_loss=0.2300 val_accuracy=0.9324 val_macro_f1=0.9091 val_macro_auc=0.9834 (checkpoint_metric=macro_auc)
train epoch 79/100 batch 13/66 (20%) running_loss=0.2916
train epoch 79/100 batch 26/66 (39%) running_loss=0.2916
train epoch 79/100 batch 39/66 (59%) running_loss=0.2916
train epoch 79/100 batch 52/66 (79%) running_loss=0.2916
train epoch 79/100 batch 65/66 (98%) running_loss=0.2916
train epoch 79/100 batch 66/66 (100%) running_loss=0.2916
epoch 79/100 done: train_loss=0.2916 val_loss=0.2324 val_accuracy=0.9303 val_macro_f1=0.9066 val_macro_auc=0.9832 (checkpoint_metric=macro_auc)
train epoch 80/100 batch 13/66 (20%) running_loss=0.2916
train epoch 80/100 batch 26/66 (39%) running_loss=0.2916
train epoch 80/100 batch 39/66 (59%) running_loss=0.2916
train epoch 80/100 batch 52/66 (79%) running_loss=0.2916
train epoch 80/100 batch 65/66 (98%) running_loss=0.2916
train epoch 80/100 batch 66/66 (100%) running_loss=0.2916
epoch 80/100 done: train_loss=0.2916 val_loss=0.2334 val_accuracy=0.9283 val_macro_f1=0.9039 val_macro_auc=0.9835 (checkpoint_metric=macro_auc)
train epoch 81/100 batch 13/66 (20%) running_loss=0.2916
train epoch 81/100 batch 26/66 (39%) running_loss=0.2916
train epoch 81/100 batch 39/66 (59%) running_loss=0.2916
train epoch 81/100 batch 52/66 (79%) running_loss=0.2916
train epoch 81/100 batch 65/66 (98%) running_loss=0.2916
train epoch 81/100 batch 66/66 (100%) running_loss=0.2916
epoch 81/100 done: train_loss=0.2916 val_loss=0.2337 val_accuracy=0.9283 val_macro_f1=0.9039 val_macro_auc=0.9836 (checkpoint_metric=macro_auc)
train epoch 82/100 batch 13/66 (20%) running_loss=0.2916
train epoch 82/100 batch 26/66 (39%) running_loss=0.2917
train epoch 82/100 batch 39/66 (59%) running_loss=0.2917
train epoch 82/100 batch 52/66 (79%) running_loss=0.2917
train epoch 82/100 batch 65/66 (98%) running_loss=0.2917
train epoch 82/100 batch 66/66 (100%) running_loss=0.2917
epoch 82/100 done: train_loss=0.2917 val_loss=0.2375 val_accuracy=0.9262 val_macro_f1=0.9012 val_macro_auc=0.9839 (checkpoint_metric=macro_auc)
train epoch 83/100 batch 13/66 (20%) running_loss=0.2916
train epoch 83/100 batch 26/66 (39%) running_loss=0.2917
train epoch 83/100 batch 39/66 (59%) running_loss=0.2918
train epoch 83/100 batch 52/66 (79%) running_loss=0.2918
train epoch 83/100 batch 65/66 (98%) running_loss=0.2917
train epoch 83/100 batch 66/66 (100%) running_loss=0.2917
epoch 83/100 done: train_loss=0.2917 val_loss=0.2360 val_accuracy=0.9303 val_macro_f1=0.9071 val_macro_auc=0.9834 (checkpoint_metric=macro_auc)
train epoch 84/100 batch 13/66 (20%) running_loss=0.2919
train epoch 84/100 batch 26/66 (39%) running_loss=0.2918
train epoch 84/100 batch 39/66 (59%) running_loss=0.2917
train epoch 84/100 batch 52/66 (79%) running_loss=0.2917
train epoch 84/100 batch 65/66 (98%) running_loss=0.2917
train epoch 84/100 batch 66/66 (100%) running_loss=0.2917
epoch 84/100 done: train_loss=0.2917 val_loss=0.2406 val_accuracy=0.9221 val_macro_f1=0.8965 val_macro_auc=0.9833 (checkpoint_metric=macro_auc)
train epoch 85/100 batch 13/66 (20%) running_loss=0.2916
train epoch 85/100 batch 26/66 (39%) running_loss=0.2916
train epoch 85/100 batch 39/66 (59%) running_loss=0.2916
train epoch 85/100 batch 52/66 (79%) running_loss=0.2916
train epoch 85/100 batch 65/66 (98%) running_loss=0.2916
train epoch 85/100 batch 66/66 (100%) running_loss=0.2916
epoch 85/100 done: train_loss=0.2916 val_loss=0.2374 val_accuracy=0.9303 val_macro_f1=0.9060 val_macro_auc=0.9835 (checkpoint_metric=macro_auc)
train epoch 86/100 batch 13/66 (20%) running_loss=0.2916
train epoch 86/100 batch 26/66 (39%) running_loss=0.2916
train epoch 86/100 batch 39/66 (59%) running_loss=0.2916
train epoch 86/100 batch 52/66 (79%) running_loss=0.2916
train epoch 86/100 batch 65/66 (98%) running_loss=0.2916
train epoch 86/100 batch 66/66 (100%) running_loss=0.2916
epoch 86/100 done: train_loss=0.2916 val_loss=0.2371 val_accuracy=0.9303 val_macro_f1=0.9060 val_macro_auc=0.9835 (checkpoint_metric=macro_auc)
train epoch 87/100 batch 13/66 (20%) running_loss=0.2916
train epoch 87/100 batch 26/66 (39%) running_loss=0.2917
train epoch 87/100 batch 39/66 (59%) running_loss=0.2916
train epoch 87/100 batch 52/66 (79%) running_loss=0.2916
train epoch 87/100 batch 65/66 (98%) running_loss=0.2916
train epoch 87/100 batch 66/66 (100%) running_loss=0.2916
epoch 87/100 done: train_loss=0.2916 val_loss=0.2358 val_accuracy=0.9303 val_macro_f1=0.9071 val_macro_auc=0.9834 (checkpoint_metric=macro_auc)
train epoch 88/100 batch 13/66 (20%) running_loss=0.2916
train epoch 88/100 batch 26/66 (39%) running_loss=0.2916
train epoch 88/100 batch 39/66 (59%) running_loss=0.2916
train epoch 88/100 batch 52/66 (79%) running_loss=0.2916
train epoch 88/100 batch 65/66 (98%) running_loss=0.2916
train epoch 88/100 batch 66/66 (100%) running_loss=0.2916
epoch 88/100 done: train_loss=0.2916 val_loss=0.2350 val_accuracy=0.9303 val_macro_f1=0.9071 val_macro_auc=0.9835 (checkpoint_metric=macro_auc)
train epoch 89/100 batch 13/66 (20%) running_loss=0.2917
train epoch 89/100 batch 26/66 (39%) running_loss=0.2916
train epoch 89/100 batch 39/66 (59%) running_loss=0.2916
train epoch 89/100 batch 52/66 (79%) running_loss=0.2916
train epoch 89/100 batch 65/66 (98%) running_loss=0.2916
train epoch 89/100 batch 66/66 (100%) running_loss=0.2916
epoch 89/100 done: train_loss=0.2916 val_loss=0.2353 val_accuracy=0.9303 val_macro_f1=0.9071 val_macro_auc=0.9836 (checkpoint_metric=macro_auc)
train epoch 90/100 batch 13/66 (20%) running_loss=0.2916
train epoch 90/100 batch 26/66 (39%) running_loss=0.2916
train epoch 90/100 batch 39/66 (59%) running_loss=0.2916
train epoch 90/100 batch 52/66 (79%) running_loss=0.2916
train epoch 90/100 batch 65/66 (98%) running_loss=0.2916
train epoch 90/100 batch 66/66 (100%) running_loss=0.2916
epoch 90/100 done: train_loss=0.2916 val_loss=0.2356 val_accuracy=0.9303 val_macro_f1=0.9071 val_macro_auc=0.9836 (checkpoint_metric=macro_auc)
train epoch 91/100 batch 13/66 (20%) running_loss=0.2916
train epoch 91/100 batch 26/66 (39%) running_loss=0.2916
train epoch 91/100 batch 39/66 (59%) running_loss=0.2916
train epoch 91/100 batch 52/66 (79%) running_loss=0.2916
train epoch 91/100 batch 65/66 (98%) running_loss=0.2916
train epoch 91/100 batch 66/66 (100%) running_loss=0.2916
epoch 91/100 done: train_loss=0.2916 val_loss=0.2359 val_accuracy=0.9303 val_macro_f1=0.9071 val_macro_auc=0.9836 (checkpoint_metric=macro_auc)
train epoch 92/100 batch 13/66 (20%) running_loss=0.2915
train epoch 92/100 batch 26/66 (39%) running_loss=0.2915
train epoch 92/100 batch 39/66 (59%) running_loss=0.2916
train epoch 92/100 batch 52/66 (79%) running_loss=0.2916
train epoch 92/100 batch 65/66 (98%) running_loss=0.2916
train epoch 92/100 batch 66/66 (100%) running_loss=0.2916
epoch 92/100 done: train_loss=0.2916 val_loss=0.2359 val_accuracy=0.9283 val_macro_f1=0.9036 val_macro_auc=0.9837 (checkpoint_metric=macro_auc)
train epoch 93/100 batch 13/66 (20%) running_loss=0.2916
train epoch 93/100 batch 26/66 (39%) running_loss=0.2916
train epoch 93/100 batch 39/66 (59%) running_loss=0.2916
train epoch 93/100 batch 52/66 (79%) running_loss=0.2916
train epoch 93/100 batch 65/66 (98%) running_loss=0.2916
train epoch 93/100 batch 66/66 (100%) running_loss=0.2916
epoch 93/100 done: train_loss=0.2916 val_loss=0.2355 val_accuracy=0.9283 val_macro_f1=0.9046 val_macro_auc=0.9837 (checkpoint_metric=macro_auc)
train epoch 94/100 batch 13/66 (20%) running_loss=0.2916
train epoch 94/100 batch 26/66 (39%) running_loss=0.2916
train epoch 94/100 batch 39/66 (59%) running_loss=0.2916
train epoch 94/100 batch 52/66 (79%) running_loss=0.2916
train epoch 94/100 batch 65/66 (98%) running_loss=0.2916
train epoch 94/100 batch 66/66 (100%) running_loss=0.2916
epoch 94/100 done: train_loss=0.2916 val_loss=0.2355 val_accuracy=0.9283 val_macro_f1=0.9046 val_macro_auc=0.9837 (checkpoint_metric=macro_auc)
train epoch 95/100 batch 13/66 (20%) running_loss=0.2916
train epoch 95/100 batch 26/66 (39%) running_loss=0.2916
train epoch 95/100 batch 39/66 (59%) running_loss=0.2916
train epoch 95/100 batch 52/66 (79%) running_loss=0.2916
train epoch 95/100 batch 65/66 (98%) running_loss=0.2916
train epoch 95/100 batch 66/66 (100%) running_loss=0.2916
epoch 95/100 done: train_loss=0.2916 val_loss=0.2351 val_accuracy=0.9303 val_macro_f1=0.9071 val_macro_auc=0.9837 (checkpoint_metric=macro_auc)
train epoch 96/100 batch 13/66 (20%) running_loss=0.2915
train epoch 96/100 batch 26/66 (39%) running_loss=0.2916
train epoch 96/100 batch 39/66 (59%) running_loss=0.2917
train epoch 96/100 batch 52/66 (79%) running_loss=0.2917
train epoch 96/100 batch 65/66 (98%) running_loss=0.2916
train epoch 96/100 batch 66/66 (100%) running_loss=0.2916
epoch 96/100 done: train_loss=0.2916 val_loss=0.2348 val_accuracy=0.9303 val_macro_f1=0.9071 val_macro_auc=0.9837 (checkpoint_metric=macro_auc)
train epoch 97/100 batch 13/66 (20%) running_loss=0.2915
train epoch 97/100 batch 26/66 (39%) running_loss=0.2915
train epoch 97/100 batch 39/66 (59%) running_loss=0.2916
train epoch 97/100 batch 52/66 (79%) running_loss=0.2916
train epoch 97/100 batch 65/66 (98%) running_loss=0.2916
train epoch 97/100 batch 66/66 (100%) running_loss=0.2916
epoch 97/100 done: train_loss=0.2916 val_loss=0.2348 val_accuracy=0.9303 val_macro_f1=0.9071 val_macro_auc=0.9837 (checkpoint_metric=macro_auc)
train epoch 98/100 batch 13/66 (20%) running_loss=0.2916
train epoch 98/100 batch 26/66 (39%) running_loss=0.2916
train epoch 98/100 batch 39/66 (59%) running_loss=0.2916
train epoch 98/100 batch 52/66 (79%) running_loss=0.2916
train epoch 98/100 batch 65/66 (98%) running_loss=0.2916
train epoch 98/100 batch 66/66 (100%) running_loss=0.2916
epoch 98/100 done: train_loss=0.2916 val_loss=0.2348 val_accuracy=0.9303 val_macro_f1=0.9071 val_macro_auc=0.9837 (checkpoint_metric=macro_auc)
train epoch 99/100 batch 13/66 (20%) running_loss=0.2917
train epoch 99/100 batch 26/66 (39%) running_loss=0.2917
train epoch 99/100 batch 39/66 (59%) running_loss=0.2916
train epoch 99/100 batch 52/66 (79%) running_loss=0.2916
train epoch 99/100 batch 65/66 (98%) running_loss=0.2916
train epoch 99/100 batch 66/66 (100%) running_loss=0.2916
epoch 99/100 done: train_loss=0.2916 val_loss=0.2348 val_accuracy=0.9303 val_macro_f1=0.9071 val_macro_auc=0.9837 (checkpoint_metric=macro_auc)
train epoch 100/100 batch 13/66 (20%) running_loss=0.2916
train epoch 100/100 batch 26/66 (39%) running_loss=0.2916
train epoch 100/100 batch 39/66 (59%) running_loss=0.2915
train epoch 100/100 batch 52/66 (79%) running_loss=0.2916
train epoch 100/100 batch 65/66 (98%) running_loss=0.2916
train epoch 100/100 batch 66/66 (100%) running_loss=0.2916
epoch 100/100 done: train_loss=0.2916 val_loss=0.2348 val_accuracy=0.9303 val_macro_f1=0.9071 val_macro_auc=0.9837 (checkpoint_metric=macro_auc)
Training finished. Best epoch=51, smoothed macro_auc=0.9850 (window=3)
Test set evaluated once: accuracy=0.8861 macro_f1=0.8737 macro_auc=0.9594
Model size: 21.57M params, 0.796 GFLOPs at 96x96

Best epoch: 51
Test accuracy:  0.8861
Test macro F1:  0.8737
Test macro AUC: 0.9594
Model size: 21.57M params, 0.796 GFLOPs
