Starting baseline training: model=senet device=cuda amp=True image_size=96 epochs=50 lr=0.001 optimizer=sgd
Dataset ready: 3 classes, 2102 train / 488 val samples (split reused from outputs/baseline_senet_96_constant_s2/split_indices.json)
Augmentation policy: constant strength (rank-averaged), from outputs/main1/augmentation_run/selected_policy.json; strengths {'rotation': 0.0675, 'affine_translation': 0.2256, 'random_resized_crop': 0.516, 'brightness': 0.4195, 'contrast': 0.123, 'horizontal_flip': 0.5366, 'random_erasing': 0.1828}
Classes: {'glioma_tumor': 0, 'meningioma_tumor': 1, 'pituitary_tumor': 2}
Regularization: weight_decay=7.0e-04 label_smoothing=0.10 grad_clip_norm=5.0
train epoch 1/50 batch 13/66 (20%) running_loss=1.1080
train epoch 1/50 batch 26/66 (39%) running_loss=1.0254
train epoch 1/50 batch 39/66 (59%) running_loss=0.9726
train epoch 1/50 batch 52/66 (79%) running_loss=0.9185
train epoch 1/50 batch 65/66 (98%) running_loss=0.8785
train epoch 1/50 batch 66/66 (100%) running_loss=0.8768
epoch 1/50 done: train_loss=0.8768 val_loss=0.5022 val_accuracy=0.8299 val_macro_f1=0.7313 val_macro_auc=0.9451 (checkpoint_metric=macro_auc) [new best]
train epoch 2/50 batch 13/66 (20%) running_loss=0.6162
train epoch 2/50 batch 26/66 (39%) running_loss=0.6179
train epoch 2/50 batch 39/66 (59%) running_loss=0.6134
train epoch 2/50 batch 52/66 (79%) running_loss=0.5993
train epoch 2/50 batch 65/66 (98%) running_loss=0.6001
train epoch 2/50 batch 66/66 (100%) running_loss=0.6013
epoch 2/50 done: train_loss=0.6013 val_loss=0.3072 val_accuracy=0.9098 val_macro_f1=0.8708 val_macro_auc=0.9805 (checkpoint_metric=macro_auc) [new best]
train epoch 3/50 batch 13/66 (20%) running_loss=0.4816
train epoch 3/50 batch 26/66 (39%) running_loss=0.4859
train epoch 3/50 batch 39/66 (59%) running_loss=0.4856
train epoch 3/50 batch 52/66 (79%) running_loss=0.4885
train epoch 3/50 batch 65/66 (98%) running_loss=0.4949
train epoch 3/50 batch 66/66 (100%) running_loss=0.4942
epoch 3/50 done: train_loss=0.4942 val_loss=0.2774 val_accuracy=0.9098 val_macro_f1=0.8783 val_macro_auc=0.9870 (checkpoint_metric=macro_auc) [new best]
train epoch 4/50 batch 13/66 (20%) running_loss=0.4353
train epoch 4/50 batch 26/66 (39%) running_loss=0.4539
train epoch 4/50 batch 39/66 (59%) running_loss=0.4495
train epoch 4/50 batch 52/66 (79%) running_loss=0.4572
train epoch 4/50 batch 65/66 (98%) running_loss=0.4552
train epoch 4/50 batch 66/66 (100%) running_loss=0.4560
epoch 4/50 done: train_loss=0.4560 val_loss=0.2534 val_accuracy=0.9180 val_macro_f1=0.8883 val_macro_auc=0.9878 (checkpoint_metric=macro_auc) [new best]
train epoch 5/50 batch 13/66 (20%) running_loss=0.4055
train epoch 5/50 batch 26/66 (39%) running_loss=0.4119
train epoch 5/50 batch 39/66 (59%) running_loss=0.4096
train epoch 5/50 batch 52/66 (79%) running_loss=0.4105
train epoch 5/50 batch 65/66 (98%) running_loss=0.4143
train epoch 5/50 batch 66/66 (100%) running_loss=0.4136
epoch 5/50 done: train_loss=0.4136 val_loss=0.2178 val_accuracy=0.9344 val_macro_f1=0.9068 val_macro_auc=0.9894 (checkpoint_metric=macro_auc) [new best]
train epoch 6/50 batch 13/66 (20%) running_loss=0.3840
train epoch 6/50 batch 26/66 (39%) running_loss=0.3869
train epoch 6/50 batch 39/66 (59%) running_loss=0.3862
train epoch 6/50 batch 52/66 (79%) running_loss=0.3875
train epoch 6/50 batch 65/66 (98%) running_loss=0.3921
train epoch 6/50 batch 66/66 (100%) running_loss=0.3920
epoch 6/50 done: train_loss=0.3920 val_loss=0.2623 val_accuracy=0.9180 val_macro_f1=0.8883 val_macro_auc=0.9833 (checkpoint_metric=macro_auc)
train epoch 7/50 batch 13/66 (20%) running_loss=0.3929
train epoch 7/50 batch 26/66 (39%) running_loss=0.3922
train epoch 7/50 batch 39/66 (59%) running_loss=0.3846
train epoch 7/50 batch 52/66 (79%) running_loss=0.3779
train epoch 7/50 batch 65/66 (98%) running_loss=0.3791
train epoch 7/50 batch 66/66 (100%) running_loss=0.3790
epoch 7/50 done: train_loss=0.3790 val_loss=0.2336 val_accuracy=0.9283 val_macro_f1=0.9001 val_macro_auc=0.9855 (checkpoint_metric=macro_auc)
train epoch 8/50 batch 13/66 (20%) running_loss=0.3530
train epoch 8/50 batch 26/66 (39%) running_loss=0.3615
train epoch 8/50 batch 39/66 (59%) running_loss=0.3609
train epoch 8/50 batch 52/66 (79%) running_loss=0.3630
train epoch 8/50 batch 65/66 (98%) running_loss=0.3641
train epoch 8/50 batch 66/66 (100%) running_loss=0.3638
epoch 8/50 done: train_loss=0.3638 val_loss=0.2535 val_accuracy=0.9303 val_macro_f1=0.9049 val_macro_auc=0.9811 (checkpoint_metric=macro_auc)
train epoch 9/50 batch 13/66 (20%) running_loss=0.3544
train epoch 9/50 batch 26/66 (39%) running_loss=0.3552
train epoch 9/50 batch 39/66 (59%) running_loss=0.3577
train epoch 9/50 batch 52/66 (79%) running_loss=0.3563
train epoch 9/50 batch 65/66 (98%) running_loss=0.3565
train epoch 9/50 batch 66/66 (100%) running_loss=0.3568
epoch 9/50 done: train_loss=0.3568 val_loss=0.2422 val_accuracy=0.9385 val_macro_f1=0.9148 val_macro_auc=0.9829 (checkpoint_metric=macro_auc)
train epoch 10/50 batch 13/66 (20%) running_loss=0.3403
train epoch 10/50 batch 26/66 (39%) running_loss=0.3417
train epoch 10/50 batch 39/66 (59%) running_loss=0.3446
train epoch 10/50 batch 52/66 (79%) running_loss=0.3413
train epoch 10/50 batch 65/66 (98%) running_loss=0.3409
train epoch 10/50 batch 66/66 (100%) running_loss=0.3421
epoch 10/50 done: train_loss=0.3421 val_loss=0.2189 val_accuracy=0.9447 val_macro_f1=0.9223 val_macro_auc=0.9852 (checkpoint_metric=macro_auc)
train epoch 11/50 batch 13/66 (20%) running_loss=0.3538
train epoch 11/50 batch 26/66 (39%) running_loss=0.3477
train epoch 11/50 batch 39/66 (59%) running_loss=0.3473
train epoch 11/50 batch 52/66 (79%) running_loss=0.3526
train epoch 11/50 batch 65/66 (98%) running_loss=0.3515
train epoch 11/50 batch 66/66 (100%) running_loss=0.3514
epoch 11/50 done: train_loss=0.3514 val_loss=0.2070 val_accuracy=0.9508 val_macro_f1=0.9311 val_macro_auc=0.9857 (checkpoint_metric=macro_auc)
train epoch 12/50 batch 13/66 (20%) running_loss=0.3384
train epoch 12/50 batch 26/66 (39%) running_loss=0.3365
train epoch 12/50 batch 39/66 (59%) running_loss=0.3381
train epoch 12/50 batch 52/66 (79%) running_loss=0.3392
train epoch 12/50 batch 65/66 (98%) running_loss=0.3370
train epoch 12/50 batch 66/66 (100%) running_loss=0.3369
epoch 12/50 done: train_loss=0.3369 val_loss=0.2342 val_accuracy=0.9344 val_macro_f1=0.9110 val_macro_auc=0.9832 (checkpoint_metric=macro_auc)
train epoch 13/50 batch 13/66 (20%) running_loss=0.3300
train epoch 13/50 batch 26/66 (39%) running_loss=0.3296
train epoch 13/50 batch 39/66 (59%) running_loss=0.3328
train epoch 13/50 batch 52/66 (79%) running_loss=0.3305
train epoch 13/50 batch 65/66 (98%) running_loss=0.3283
train epoch 13/50 batch 66/66 (100%) running_loss=0.3295
epoch 13/50 done: train_loss=0.3295 val_loss=0.2207 val_accuracy=0.9406 val_macro_f1=0.9175 val_macro_auc=0.9844 (checkpoint_metric=macro_auc)
train epoch 14/50 batch 13/66 (20%) running_loss=0.3357
train epoch 14/50 batch 26/66 (39%) running_loss=0.3276
train epoch 14/50 batch 39/66 (59%) running_loss=0.3266
train epoch 14/50 batch 52/66 (79%) running_loss=0.3293
train epoch 14/50 batch 65/66 (98%) running_loss=0.3276
train epoch 14/50 batch 66/66 (100%) running_loss=0.3275
epoch 14/50 done: train_loss=0.3275 val_loss=0.2183 val_accuracy=0.9324 val_macro_f1=0.9093 val_macro_auc=0.9845 (checkpoint_metric=macro_auc)
train epoch 15/50 batch 13/66 (20%) running_loss=0.3268
train epoch 15/50 batch 26/66 (39%) running_loss=0.3296
train epoch 15/50 batch 39/66 (59%) running_loss=0.3302
train epoch 15/50 batch 52/66 (79%) running_loss=0.3290
train epoch 15/50 batch 65/66 (98%) running_loss=0.3268
train epoch 15/50 batch 66/66 (100%) running_loss=0.3273
epoch 15/50 done: train_loss=0.3273 val_loss=0.2220 val_accuracy=0.9447 val_macro_f1=0.9257 val_macro_auc=0.9821 (checkpoint_metric=macro_auc)
train epoch 16/50 batch 13/66 (20%) running_loss=0.3180
train epoch 16/50 batch 26/66 (39%) running_loss=0.3153
train epoch 16/50 batch 39/66 (59%) running_loss=0.3173
train epoch 16/50 batch 52/66 (79%) running_loss=0.3196
train epoch 16/50 batch 65/66 (98%) running_loss=0.3210
train epoch 16/50 batch 66/66 (100%) running_loss=0.3210
epoch 16/50 done: train_loss=0.3210 val_loss=0.2277 val_accuracy=0.9385 val_macro_f1=0.9161 val_macro_auc=0.9829 (checkpoint_metric=macro_auc)
train epoch 17/50 batch 13/66 (20%) running_loss=0.3342
train epoch 17/50 batch 26/66 (39%) running_loss=0.3289
train epoch 17/50 batch 39/66 (59%) running_loss=0.3241
train epoch 17/50 batch 52/66 (79%) running_loss=0.3227
train epoch 17/50 batch 65/66 (98%) running_loss=0.3208
train epoch 17/50 batch 66/66 (100%) running_loss=0.3212
epoch 17/50 done: train_loss=0.3212 val_loss=0.2133 val_accuracy=0.9365 val_macro_f1=0.9109 val_macro_auc=0.9847 (checkpoint_metric=macro_auc)
train epoch 18/50 batch 13/66 (20%) running_loss=0.3136
train epoch 18/50 batch 26/66 (39%) running_loss=0.3179
train epoch 18/50 batch 39/66 (59%) running_loss=0.3156
train epoch 18/50 batch 52/66 (79%) running_loss=0.3159
train epoch 18/50 batch 65/66 (98%) running_loss=0.3161
train epoch 18/50 batch 66/66 (100%) running_loss=0.3160
epoch 18/50 done: train_loss=0.3160 val_loss=0.2394 val_accuracy=0.9365 val_macro_f1=0.9110 val_macro_auc=0.9828 (checkpoint_metric=macro_auc)
train epoch 19/50 batch 13/66 (20%) running_loss=0.3346
train epoch 19/50 batch 26/66 (39%) running_loss=0.3238
train epoch 19/50 batch 39/66 (59%) running_loss=0.3234
train epoch 19/50 batch 52/66 (79%) running_loss=0.3212
train epoch 19/50 batch 65/66 (98%) running_loss=0.3250
train epoch 19/50 batch 66/66 (100%) running_loss=0.3247
epoch 19/50 done: train_loss=0.3247 val_loss=0.2322 val_accuracy=0.9385 val_macro_f1=0.9137 val_macro_auc=0.9817 (checkpoint_metric=macro_auc)
train epoch 20/50 batch 13/66 (20%) running_loss=0.3271
train epoch 20/50 batch 26/66 (39%) running_loss=0.3294
train epoch 20/50 batch 39/66 (59%) running_loss=0.3238
train epoch 20/50 batch 52/66 (79%) running_loss=0.3218
train epoch 20/50 batch 65/66 (98%) running_loss=0.3214
train epoch 20/50 batch 66/66 (100%) running_loss=0.3221
epoch 20/50 done: train_loss=0.3221 val_loss=0.2225 val_accuracy=0.9406 val_macro_f1=0.9171 val_macro_auc=0.9836 (checkpoint_metric=macro_auc)
train epoch 21/50 batch 13/66 (20%) running_loss=0.3122
train epoch 21/50 batch 26/66 (39%) running_loss=0.3149
train epoch 21/50 batch 39/66 (59%) running_loss=0.3139
train epoch 21/50 batch 52/66 (79%) running_loss=0.3171
train epoch 21/50 batch 65/66 (98%) running_loss=0.3164
train epoch 21/50 batch 66/66 (100%) running_loss=0.3178
epoch 21/50 done: train_loss=0.3178 val_loss=0.2220 val_accuracy=0.9365 val_macro_f1=0.9116 val_macro_auc=0.9821 (checkpoint_metric=macro_auc)
train epoch 22/50 batch 13/66 (20%) running_loss=0.3111
train epoch 22/50 batch 26/66 (39%) running_loss=0.3104
train epoch 22/50 batch 39/66 (59%) running_loss=0.3130
train epoch 22/50 batch 52/66 (79%) running_loss=0.3151
train epoch 22/50 batch 65/66 (98%) running_loss=0.3165
train epoch 22/50 batch 66/66 (100%) running_loss=0.3163
epoch 22/50 done: train_loss=0.3163 val_loss=0.2143 val_accuracy=0.9426 val_macro_f1=0.9192 val_macro_auc=0.9837 (checkpoint_metric=macro_auc)
train epoch 23/50 batch 13/66 (20%) running_loss=0.3262
train epoch 23/50 batch 26/66 (39%) running_loss=0.3222
train epoch 23/50 batch 39/66 (59%) running_loss=0.3191
train epoch 23/50 batch 52/66 (79%) running_loss=0.3187
train epoch 23/50 batch 65/66 (98%) running_loss=0.3186
train epoch 23/50 batch 66/66 (100%) running_loss=0.3190
epoch 23/50 done: train_loss=0.3190 val_loss=0.2188 val_accuracy=0.9426 val_macro_f1=0.9203 val_macro_auc=0.9835 (checkpoint_metric=macro_auc)
train epoch 24/50 batch 13/66 (20%) running_loss=0.3095
train epoch 24/50 batch 26/66 (39%) running_loss=0.3111
train epoch 24/50 batch 39/66 (59%) running_loss=0.3112
train epoch 24/50 batch 52/66 (79%) running_loss=0.3130
train epoch 24/50 batch 65/66 (98%) running_loss=0.3120
train epoch 24/50 batch 66/66 (100%) running_loss=0.3118
epoch 24/50 done: train_loss=0.3118 val_loss=0.2116 val_accuracy=0.9467 val_macro_f1=0.9270 val_macro_auc=0.9833 (checkpoint_metric=macro_auc)
train epoch 25/50 batch 13/66 (20%) running_loss=0.3086
train epoch 25/50 batch 26/66 (39%) running_loss=0.3131
train epoch 25/50 batch 39/66 (59%) running_loss=0.3145
train epoch 25/50 batch 52/66 (79%) running_loss=0.3152
train epoch 25/50 batch 65/66 (98%) running_loss=0.3154
train epoch 25/50 batch 66/66 (100%) running_loss=0.3153
epoch 25/50 done: train_loss=0.3153 val_loss=0.2100 val_accuracy=0.9549 val_macro_f1=0.9381 val_macro_auc=0.9830 (checkpoint_metric=macro_auc)
train epoch 26/50 batch 13/66 (20%) running_loss=0.3202
train epoch 26/50 batch 26/66 (39%) running_loss=0.3155
train epoch 26/50 batch 39/66 (59%) running_loss=0.3165
train epoch 26/50 batch 52/66 (79%) running_loss=0.3154
train epoch 26/50 batch 65/66 (98%) running_loss=0.3157
train epoch 26/50 batch 66/66 (100%) running_loss=0.3156
epoch 26/50 done: train_loss=0.3156 val_loss=0.2244 val_accuracy=0.9467 val_macro_f1=0.9263 val_macro_auc=0.9826 (checkpoint_metric=macro_auc)
train epoch 27/50 batch 13/66 (20%) running_loss=0.3055
train epoch 27/50 batch 26/66 (39%) running_loss=0.3051
train epoch 27/50 batch 39/66 (59%) running_loss=0.3078
train epoch 27/50 batch 52/66 (79%) running_loss=0.3098
train epoch 27/50 batch 65/66 (98%) running_loss=0.3084
train epoch 27/50 batch 66/66 (100%) running_loss=0.3084
epoch 27/50 done: train_loss=0.3084 val_loss=0.2052 val_accuracy=0.9467 val_macro_f1=0.9270 val_macro_auc=0.9869 (checkpoint_metric=macro_auc)
train epoch 28/50 batch 13/66 (20%) running_loss=0.3110
train epoch 28/50 batch 26/66 (39%) running_loss=0.3087
train epoch 28/50 batch 39/66 (59%) running_loss=0.3081
train epoch 28/50 batch 52/66 (79%) running_loss=0.3077
train epoch 28/50 batch 65/66 (98%) running_loss=0.3083
train epoch 28/50 batch 66/66 (100%) running_loss=0.3084
epoch 28/50 done: train_loss=0.3084 val_loss=0.2131 val_accuracy=0.9467 val_macro_f1=0.9278 val_macro_auc=0.9834 (checkpoint_metric=macro_auc)
train epoch 29/50 batch 13/66 (20%) running_loss=0.3227
train epoch 29/50 batch 26/66 (39%) running_loss=0.3164
train epoch 29/50 batch 39/66 (59%) running_loss=0.3139
train epoch 29/50 batch 52/66 (79%) running_loss=0.3134
train epoch 29/50 batch 65/66 (98%) running_loss=0.3113
train epoch 29/50 batch 66/66 (100%) running_loss=0.3112
epoch 29/50 done: train_loss=0.3112 val_loss=0.2083 val_accuracy=0.9488 val_macro_f1=0.9292 val_macro_auc=0.9841 (checkpoint_metric=macro_auc)
train epoch 30/50 batch 13/66 (20%) running_loss=0.3083
train epoch 30/50 batch 26/66 (39%) running_loss=0.3109
train epoch 30/50 batch 39/66 (59%) running_loss=0.3132
train epoch 30/50 batch 52/66 (79%) running_loss=0.3124
train epoch 30/50 batch 65/66 (98%) running_loss=0.3129
train epoch 30/50 batch 66/66 (100%) running_loss=0.3127
epoch 30/50 done: train_loss=0.3127 val_loss=0.2114 val_accuracy=0.9508 val_macro_f1=0.9323 val_macro_auc=0.9842 (checkpoint_metric=macro_auc)
train epoch 31/50 batch 13/66 (20%) running_loss=0.3077
train epoch 31/50 batch 26/66 (39%) running_loss=0.3086
train epoch 31/50 batch 39/66 (59%) running_loss=0.3068
train epoch 31/50 batch 52/66 (79%) running_loss=0.3068
train epoch 31/50 batch 65/66 (98%) running_loss=0.3072
train epoch 31/50 batch 66/66 (100%) running_loss=0.3073
epoch 31/50 done: train_loss=0.3073 val_loss=0.2164 val_accuracy=0.9467 val_macro_f1=0.9265 val_macro_auc=0.9843 (checkpoint_metric=macro_auc)
train epoch 32/50 batch 13/66 (20%) running_loss=0.3143
train epoch 32/50 batch 26/66 (39%) running_loss=0.3135
train epoch 32/50 batch 39/66 (59%) running_loss=0.3128
train epoch 32/50 batch 52/66 (79%) running_loss=0.3122
train epoch 32/50 batch 65/66 (98%) running_loss=0.3110
train epoch 32/50 batch 66/66 (100%) running_loss=0.3109
epoch 32/50 done: train_loss=0.3109 val_loss=0.2139 val_accuracy=0.9426 val_macro_f1=0.9209 val_macro_auc=0.9832 (checkpoint_metric=macro_auc)
train epoch 33/50 batch 13/66 (20%) running_loss=0.3147
train epoch 33/50 batch 26/66 (39%) running_loss=0.3121
train epoch 33/50 batch 39/66 (59%) running_loss=0.3141
train epoch 33/50 batch 52/66 (79%) running_loss=0.3154
train epoch 33/50 batch 65/66 (98%) running_loss=0.3134
train epoch 33/50 batch 66/66 (100%) running_loss=0.3132
epoch 33/50 done: train_loss=0.3132 val_loss=0.2121 val_accuracy=0.9467 val_macro_f1=0.9264 val_macro_auc=0.9839 (checkpoint_metric=macro_auc)
train epoch 34/50 batch 13/66 (20%) running_loss=0.3125
train epoch 34/50 batch 26/66 (39%) running_loss=0.3101
train epoch 34/50 batch 39/66 (59%) running_loss=0.3091
train epoch 34/50 batch 52/66 (79%) running_loss=0.3088
train epoch 34/50 batch 65/66 (98%) running_loss=0.3102
train epoch 34/50 batch 66/66 (100%) running_loss=0.3101
epoch 34/50 done: train_loss=0.3101 val_loss=0.2119 val_accuracy=0.9508 val_macro_f1=0.9309 val_macro_auc=0.9837 (checkpoint_metric=macro_auc)
train epoch 35/50 batch 13/66 (20%) running_loss=0.3047
train epoch 35/50 batch 26/66 (39%) running_loss=0.3157
train epoch 35/50 batch 39/66 (59%) running_loss=0.3149
train epoch 35/50 batch 52/66 (79%) running_loss=0.3126
train epoch 35/50 batch 65/66 (98%) running_loss=0.3114
train epoch 35/50 batch 66/66 (100%) running_loss=0.3117
epoch 35/50 done: train_loss=0.3117 val_loss=0.2064 val_accuracy=0.9508 val_macro_f1=0.9317 val_macro_auc=0.9851 (checkpoint_metric=macro_auc)
train epoch 36/50 batch 13/66 (20%) running_loss=0.3091
train epoch 36/50 batch 26/66 (39%) running_loss=0.3079
train epoch 36/50 batch 39/66 (59%) running_loss=0.3071
train epoch 36/50 batch 52/66 (79%) running_loss=0.3073
train epoch 36/50 batch 65/66 (98%) running_loss=0.3087
train epoch 36/50 batch 66/66 (100%) running_loss=0.3087
epoch 36/50 done: train_loss=0.3087 val_loss=0.2122 val_accuracy=0.9447 val_macro_f1=0.9235 val_macro_auc=0.9829 (checkpoint_metric=macro_auc)
train epoch 37/50 batch 13/66 (20%) running_loss=0.3061
train epoch 37/50 batch 26/66 (39%) running_loss=0.3109
train epoch 37/50 batch 39/66 (59%) running_loss=0.3089
train epoch 37/50 batch 52/66 (79%) running_loss=0.3074
train epoch 37/50 batch 65/66 (98%) running_loss=0.3064
train epoch 37/50 batch 66/66 (100%) running_loss=0.3064
epoch 37/50 done: train_loss=0.3064 val_loss=0.2137 val_accuracy=0.9426 val_macro_f1=0.9200 val_macro_auc=0.9837 (checkpoint_metric=macro_auc)
train epoch 38/50 batch 13/66 (20%) running_loss=0.3034
train epoch 38/50 batch 26/66 (39%) running_loss=0.3068
train epoch 38/50 batch 39/66 (59%) running_loss=0.3097
train epoch 38/50 batch 52/66 (79%) running_loss=0.3079
train epoch 38/50 batch 65/66 (98%) running_loss=0.3077
train epoch 38/50 batch 66/66 (100%) running_loss=0.3076
epoch 38/50 done: train_loss=0.3076 val_loss=0.2294 val_accuracy=0.9385 val_macro_f1=0.9164 val_macro_auc=0.9817 (checkpoint_metric=macro_auc)
train epoch 39/50 batch 13/66 (20%) running_loss=0.3049
train epoch 39/50 batch 26/66 (39%) running_loss=0.3062
train epoch 39/50 batch 39/66 (59%) running_loss=0.3070
train epoch 39/50 batch 52/66 (79%) running_loss=0.3059
train epoch 39/50 batch 65/66 (98%) running_loss=0.3056
train epoch 39/50 batch 66/66 (100%) running_loss=0.3055
epoch 39/50 done: train_loss=0.3055 val_loss=0.2126 val_accuracy=0.9426 val_macro_f1=0.9215 val_macro_auc=0.9839 (checkpoint_metric=macro_auc)
train epoch 40/50 batch 13/66 (20%) running_loss=0.3083
train epoch 40/50 batch 26/66 (39%) running_loss=0.3047
train epoch 40/50 batch 39/66 (59%) running_loss=0.3059
train epoch 40/50 batch 52/66 (79%) running_loss=0.3051
train epoch 40/50 batch 65/66 (98%) running_loss=0.3052
train epoch 40/50 batch 66/66 (100%) running_loss=0.3051
epoch 40/50 done: train_loss=0.3051 val_loss=0.2127 val_accuracy=0.9426 val_macro_f1=0.9212 val_macro_auc=0.9836 (checkpoint_metric=macro_auc)
train epoch 41/50 batch 13/66 (20%) running_loss=0.3089
train epoch 41/50 batch 26/66 (39%) running_loss=0.3103
train epoch 41/50 batch 39/66 (59%) running_loss=0.3093
train epoch 41/50 batch 52/66 (79%) running_loss=0.3104
train epoch 41/50 batch 65/66 (98%) running_loss=0.3094
train epoch 41/50 batch 66/66 (100%) running_loss=0.3093
epoch 41/50 done: train_loss=0.3093 val_loss=0.2103 val_accuracy=0.9488 val_macro_f1=0.9280 val_macro_auc=0.9836 (checkpoint_metric=macro_auc)
train epoch 42/50 batch 13/66 (20%) running_loss=0.3019
train epoch 42/50 batch 26/66 (39%) running_loss=0.3039
train epoch 42/50 batch 39/66 (59%) running_loss=0.3063
train epoch 42/50 batch 52/66 (79%) running_loss=0.3061
train epoch 42/50 batch 65/66 (98%) running_loss=0.3075
train epoch 42/50 batch 66/66 (100%) running_loss=0.3075
epoch 42/50 done: train_loss=0.3075 val_loss=0.2176 val_accuracy=0.9426 val_macro_f1=0.9206 val_macro_auc=0.9833 (checkpoint_metric=macro_auc)
train epoch 43/50 batch 13/66 (20%) running_loss=0.3029
train epoch 43/50 batch 26/66 (39%) running_loss=0.3035
train epoch 43/50 batch 39/66 (59%) running_loss=0.3046
train epoch 43/50 batch 52/66 (79%) running_loss=0.3049
train epoch 43/50 batch 65/66 (98%) running_loss=0.3058
train epoch 43/50 batch 66/66 (100%) running_loss=0.3060
epoch 43/50 done: train_loss=0.3060 val_loss=0.1995 val_accuracy=0.9529 val_macro_f1=0.9330 val_macro_auc=0.9856 (checkpoint_metric=macro_auc)
train epoch 44/50 batch 13/66 (20%) running_loss=0.3133
train epoch 44/50 batch 26/66 (39%) running_loss=0.3111
train epoch 44/50 batch 39/66 (59%) running_loss=0.3080
train epoch 44/50 batch 52/66 (79%) running_loss=0.3071
train epoch 44/50 batch 65/66 (98%) running_loss=0.3058
train epoch 44/50 batch 66/66 (100%) running_loss=0.3058
epoch 44/50 done: train_loss=0.3058 val_loss=0.2260 val_accuracy=0.9385 val_macro_f1=0.9157 val_macro_auc=0.9818 (checkpoint_metric=macro_auc)
train epoch 45/50 batch 13/66 (20%) running_loss=0.3081
train epoch 45/50 batch 26/66 (39%) running_loss=0.3065
train epoch 45/50 batch 39/66 (59%) running_loss=0.3050
train epoch 45/50 batch 52/66 (79%) running_loss=0.3064
train epoch 45/50 batch 65/66 (98%) running_loss=0.3069
train epoch 45/50 batch 66/66 (100%) running_loss=0.3068
epoch 45/50 done: train_loss=0.3068 val_loss=0.2025 val_accuracy=0.9508 val_macro_f1=0.9303 val_macro_auc=0.9853 (checkpoint_metric=macro_auc)
train epoch 46/50 batch 13/66 (20%) running_loss=0.3101
train epoch 46/50 batch 26/66 (39%) running_loss=0.3101
train epoch 46/50 batch 39/66 (59%) running_loss=0.3080
train epoch 46/50 batch 52/66 (79%) running_loss=0.3072
train epoch 46/50 batch 65/66 (98%) running_loss=0.3067
train epoch 46/50 batch 66/66 (100%) running_loss=0.3068
epoch 46/50 done: train_loss=0.3068 val_loss=0.2178 val_accuracy=0.9426 val_macro_f1=0.9206 val_macro_auc=0.9821 (checkpoint_metric=macro_auc)
train epoch 47/50 batch 13/66 (20%) running_loss=0.3087
train epoch 47/50 batch 26/66 (39%) running_loss=0.3081
train epoch 47/50 batch 39/66 (59%) running_loss=0.3093
train epoch 47/50 batch 52/66 (79%) running_loss=0.3105
train epoch 47/50 batch 65/66 (98%) running_loss=0.3107
train epoch 47/50 batch 66/66 (100%) running_loss=0.3106
epoch 47/50 done: train_loss=0.3106 val_loss=0.2128 val_accuracy=0.9447 val_macro_f1=0.9233 val_macro_auc=0.9831 (checkpoint_metric=macro_auc)
train epoch 48/50 batch 13/66 (20%) running_loss=0.3069
train epoch 48/50 batch 26/66 (39%) running_loss=0.3058
train epoch 48/50 batch 39/66 (59%) running_loss=0.3056
train epoch 48/50 batch 52/66 (79%) running_loss=0.3045
train epoch 48/50 batch 65/66 (98%) running_loss=0.3053
train epoch 48/50 batch 66/66 (100%) running_loss=0.3052
epoch 48/50 done: train_loss=0.3052 val_loss=0.2175 val_accuracy=0.9447 val_macro_f1=0.9227 val_macro_auc=0.9824 (checkpoint_metric=macro_auc)
train epoch 49/50 batch 13/66 (20%) running_loss=0.3172
train epoch 49/50 batch 26/66 (39%) running_loss=0.3094
train epoch 49/50 batch 39/66 (59%) running_loss=0.3093
train epoch 49/50 batch 52/66 (79%) running_loss=0.3085
train epoch 49/50 batch 65/66 (98%) running_loss=0.3085
train epoch 49/50 batch 66/66 (100%) running_loss=0.3084
epoch 49/50 done: train_loss=0.3084 val_loss=0.2188 val_accuracy=0.9426 val_macro_f1=0.9208 val_macro_auc=0.9824 (checkpoint_metric=macro_auc)
train epoch 50/50 batch 13/66 (20%) running_loss=0.3038
train epoch 50/50 batch 26/66 (39%) running_loss=0.3030
train epoch 50/50 batch 39/66 (59%) running_loss=0.3054
train epoch 50/50 batch 52/66 (79%) running_loss=0.3061
train epoch 50/50 batch 65/66 (98%) running_loss=0.3075
train epoch 50/50 batch 66/66 (100%) running_loss=0.3075
epoch 50/50 done: train_loss=0.3075 val_loss=0.2092 val_accuracy=0.9447 val_macro_f1=0.9230 val_macro_auc=0.9841 (checkpoint_metric=macro_auc)
Training finished. Best epoch=5, smoothed macro_auc=0.9881 (window=3)
Test set evaluated once: accuracy=0.8523 macro_f1=0.8353 macro_auc=0.9619
Model size: 26.05M params, 0.719 GFLOPs at 96x96

Best epoch: 5
Test accuracy:  0.8523
Test macro F1:  0.8353
Test macro AUC: 0.9619
Model size: 26.05M params, 0.719 GFLOPs
