Starting baseline training: model=vgg16 device=cuda amp=True image_size=96 epochs=50 lr=0.001 optimizer=sgd
Dataset ready: 3 classes, 2102 train / 488 val samples (split reused from outputs/baseline_vgg16_96_none_s2/split_indices.json)
Augmentation policy: none (identity)
Classes: {'glioma_tumor': 0, 'meningioma_tumor': 1, 'pituitary_tumor': 2}
Regularization: weight_decay=7.0e-04 label_smoothing=0.10 grad_clip_norm=5.0
train epoch 1/50 batch 13/66 (20%) running_loss=1.2611
train epoch 1/50 batch 26/66 (39%) running_loss=1.0644
train epoch 1/50 batch 39/66 (59%) running_loss=0.9525
train epoch 1/50 batch 52/66 (79%) running_loss=0.8806
train epoch 1/50 batch 65/66 (98%) running_loss=0.8335
train epoch 1/50 batch 66/66 (100%) running_loss=0.8306
epoch 1/50 done: train_loss=0.8306 val_loss=0.3913 val_accuracy=0.8770 val_macro_f1=0.8416 val_macro_auc=0.9757 (checkpoint_metric=macro_auc) [new best]
train epoch 2/50 batch 13/66 (20%) running_loss=0.5655
train epoch 2/50 batch 26/66 (39%) running_loss=0.5453
train epoch 2/50 batch 39/66 (59%) running_loss=0.5404
train epoch 2/50 batch 52/66 (79%) running_loss=0.5536
train epoch 2/50 batch 65/66 (98%) running_loss=0.5456
train epoch 2/50 batch 66/66 (100%) running_loss=0.5464
epoch 2/50 done: train_loss=0.5464 val_loss=0.2702 val_accuracy=0.9201 val_macro_f1=0.8865 val_macro_auc=0.9864 (checkpoint_metric=macro_auc) [new best]
train epoch 3/50 batch 13/66 (20%) running_loss=0.4552
train epoch 3/50 batch 26/66 (39%) running_loss=0.4386
train epoch 3/50 batch 39/66 (59%) running_loss=0.4277
train epoch 3/50 batch 52/66 (79%) running_loss=0.4348
train epoch 3/50 batch 65/66 (98%) running_loss=0.4350
train epoch 3/50 batch 66/66 (100%) running_loss=0.4341
epoch 3/50 done: train_loss=0.4341 val_loss=0.2236 val_accuracy=0.9221 val_macro_f1=0.8928 val_macro_auc=0.9883 (checkpoint_metric=macro_auc) [new best]
train epoch 4/50 batch 13/66 (20%) running_loss=0.4243
train epoch 4/50 batch 26/66 (39%) running_loss=0.4066
train epoch 4/50 batch 39/66 (59%) running_loss=0.3981
train epoch 4/50 batch 52/66 (79%) running_loss=0.3955
train epoch 4/50 batch 65/66 (98%) running_loss=0.3927
train epoch 4/50 batch 66/66 (100%) running_loss=0.3930
epoch 4/50 done: train_loss=0.3930 val_loss=0.2714 val_accuracy=0.9078 val_macro_f1=0.8810 val_macro_auc=0.9896 (checkpoint_metric=macro_auc) [new best]
train epoch 5/50 batch 13/66 (20%) running_loss=0.3620
train epoch 5/50 batch 26/66 (39%) running_loss=0.3768
train epoch 5/50 batch 39/66 (59%) running_loss=0.3639
train epoch 5/50 batch 52/66 (79%) running_loss=0.3553
train epoch 5/50 batch 65/66 (98%) running_loss=0.3534
train epoch 5/50 batch 66/66 (100%) running_loss=0.3531
epoch 5/50 done: train_loss=0.3531 val_loss=0.2084 val_accuracy=0.9529 val_macro_f1=0.9344 val_macro_auc=0.9926 (checkpoint_metric=macro_auc) [new best]
train epoch 6/50 batch 13/66 (20%) running_loss=0.3217
train epoch 6/50 batch 26/66 (39%) running_loss=0.3348
train epoch 6/50 batch 39/66 (59%) running_loss=0.3353
train epoch 6/50 batch 52/66 (79%) running_loss=0.3375
train epoch 6/50 batch 65/66 (98%) running_loss=0.3334
train epoch 6/50 batch 66/66 (100%) running_loss=0.3332
epoch 6/50 done: train_loss=0.3332 val_loss=0.2397 val_accuracy=0.9221 val_macro_f1=0.8962 val_macro_auc=0.9885 (checkpoint_metric=macro_auc) [new best]
train epoch 7/50 batch 13/66 (20%) running_loss=0.3136
train epoch 7/50 batch 26/66 (39%) running_loss=0.3143
train epoch 7/50 batch 39/66 (59%) running_loss=0.3162
train epoch 7/50 batch 52/66 (79%) running_loss=0.3167
train epoch 7/50 batch 65/66 (98%) running_loss=0.3167
train epoch 7/50 batch 66/66 (100%) running_loss=0.3166
epoch 7/50 done: train_loss=0.3166 val_loss=0.2352 val_accuracy=0.9283 val_macro_f1=0.9053 val_macro_auc=0.9919 (checkpoint_metric=macro_auc) [new best]
train epoch 8/50 batch 13/66 (20%) running_loss=0.3115
train epoch 8/50 batch 26/66 (39%) running_loss=0.3132
train epoch 8/50 batch 39/66 (59%) running_loss=0.3142
train epoch 8/50 batch 52/66 (79%) running_loss=0.3130
train epoch 8/50 batch 65/66 (98%) running_loss=0.3128
train epoch 8/50 batch 66/66 (100%) running_loss=0.3128
epoch 8/50 done: train_loss=0.3128 val_loss=0.2085 val_accuracy=0.9447 val_macro_f1=0.9224 val_macro_auc=0.9908 (checkpoint_metric=macro_auc)
train epoch 9/50 batch 13/66 (20%) running_loss=0.3115
train epoch 9/50 batch 26/66 (39%) running_loss=0.3085
train epoch 9/50 batch 39/66 (59%) running_loss=0.3088
train epoch 9/50 batch 52/66 (79%) running_loss=0.3087
train epoch 9/50 batch 65/66 (98%) running_loss=0.3084
train epoch 9/50 batch 66/66 (100%) running_loss=0.3084
epoch 9/50 done: train_loss=0.3084 val_loss=0.2255 val_accuracy=0.9283 val_macro_f1=0.9047 val_macro_auc=0.9937 (checkpoint_metric=macro_auc) [new best]
train epoch 10/50 batch 13/66 (20%) running_loss=0.3049
train epoch 10/50 batch 26/66 (39%) running_loss=0.3060
train epoch 10/50 batch 39/66 (59%) running_loss=0.3074
train epoch 10/50 batch 52/66 (79%) running_loss=0.3076
train epoch 10/50 batch 65/66 (98%) running_loss=0.3071
train epoch 10/50 batch 66/66 (100%) running_loss=0.3071
epoch 10/50 done: train_loss=0.3071 val_loss=0.2154 val_accuracy=0.9488 val_macro_f1=0.9280 val_macro_auc=0.9925 (checkpoint_metric=macro_auc) [new best]
train epoch 11/50 batch 13/66 (20%) running_loss=0.3043
train epoch 11/50 batch 26/66 (39%) running_loss=0.3048
train epoch 11/50 batch 39/66 (59%) running_loss=0.3042
train epoch 11/50 batch 52/66 (79%) running_loss=0.3037
train epoch 11/50 batch 65/66 (98%) running_loss=0.3037
train epoch 11/50 batch 66/66 (100%) running_loss=0.3037
epoch 11/50 done: train_loss=0.3037 val_loss=0.2134 val_accuracy=0.9467 val_macro_f1=0.9252 val_macro_auc=0.9934 (checkpoint_metric=macro_auc) [new best]
train epoch 12/50 batch 13/66 (20%) running_loss=0.3043
train epoch 12/50 batch 26/66 (39%) running_loss=0.3035
train epoch 12/50 batch 39/66 (59%) running_loss=0.3035
train epoch 12/50 batch 52/66 (79%) running_loss=0.3029
train epoch 12/50 batch 65/66 (98%) running_loss=0.3030
train epoch 12/50 batch 66/66 (100%) running_loss=0.3029
epoch 12/50 done: train_loss=0.3029 val_loss=0.2183 val_accuracy=0.9406 val_macro_f1=0.9185 val_macro_auc=0.9925 (checkpoint_metric=macro_auc)
train epoch 13/50 batch 13/66 (20%) running_loss=0.3017
train epoch 13/50 batch 26/66 (39%) running_loss=0.3013
train epoch 13/50 batch 39/66 (59%) running_loss=0.3016
train epoch 13/50 batch 52/66 (79%) running_loss=0.3018
train epoch 13/50 batch 65/66 (98%) running_loss=0.3018
train epoch 13/50 batch 66/66 (100%) running_loss=0.3018
epoch 13/50 done: train_loss=0.3018 val_loss=0.2222 val_accuracy=0.9406 val_macro_f1=0.9188 val_macro_auc=0.9910 (checkpoint_metric=macro_auc)
train epoch 14/50 batch 13/66 (20%) running_loss=0.3008
train epoch 14/50 batch 26/66 (39%) running_loss=0.3006
train epoch 14/50 batch 39/66 (59%) running_loss=0.3009
train epoch 14/50 batch 52/66 (79%) running_loss=0.3009
train epoch 14/50 batch 65/66 (98%) running_loss=0.3010
train epoch 14/50 batch 66/66 (100%) running_loss=0.3010
epoch 14/50 done: train_loss=0.3010 val_loss=0.2161 val_accuracy=0.9447 val_macro_f1=0.9243 val_macro_auc=0.9921 (checkpoint_metric=macro_auc)
train epoch 15/50 batch 13/66 (20%) running_loss=0.3000
train epoch 15/50 batch 26/66 (39%) running_loss=0.3004
train epoch 15/50 batch 39/66 (59%) running_loss=0.3004
train epoch 15/50 batch 52/66 (79%) running_loss=0.3006
train epoch 15/50 batch 65/66 (98%) running_loss=0.3006
train epoch 15/50 batch 66/66 (100%) running_loss=0.3006
epoch 15/50 done: train_loss=0.3006 val_loss=0.2221 val_accuracy=0.9447 val_macro_f1=0.9243 val_macro_auc=0.9921 (checkpoint_metric=macro_auc)
train epoch 16/50 batch 13/66 (20%) running_loss=0.2997
train epoch 16/50 batch 26/66 (39%) running_loss=0.2996
train epoch 16/50 batch 39/66 (59%) running_loss=0.2999
train epoch 16/50 batch 52/66 (79%) running_loss=0.2999
train epoch 16/50 batch 65/66 (98%) running_loss=0.3000
train epoch 16/50 batch 66/66 (100%) running_loss=0.2999
epoch 16/50 done: train_loss=0.2999 val_loss=0.2209 val_accuracy=0.9406 val_macro_f1=0.9191 val_macro_auc=0.9915 (checkpoint_metric=macro_auc)
train epoch 17/50 batch 13/66 (20%) running_loss=0.3003
train epoch 17/50 batch 26/66 (39%) running_loss=0.2998
train epoch 17/50 batch 39/66 (59%) running_loss=0.2999
train epoch 17/50 batch 52/66 (79%) running_loss=0.2997
train epoch 17/50 batch 65/66 (98%) running_loss=0.2997
train epoch 17/50 batch 66/66 (100%) running_loss=0.2998
epoch 17/50 done: train_loss=0.2998 val_loss=0.2235 val_accuracy=0.9406 val_macro_f1=0.9189 val_macro_auc=0.9914 (checkpoint_metric=macro_auc)
train epoch 18/50 batch 13/66 (20%) running_loss=0.2994
train epoch 18/50 batch 26/66 (39%) running_loss=0.2990
train epoch 18/50 batch 39/66 (59%) running_loss=0.2990
train epoch 18/50 batch 52/66 (79%) running_loss=0.2990
train epoch 18/50 batch 65/66 (98%) running_loss=0.2987
train epoch 18/50 batch 66/66 (100%) running_loss=0.2987
epoch 18/50 done: train_loss=0.2987 val_loss=0.2200 val_accuracy=0.9426 val_macro_f1=0.9217 val_macro_auc=0.9922 (checkpoint_metric=macro_auc)
train epoch 19/50 batch 13/66 (20%) running_loss=0.2993
train epoch 19/50 batch 26/66 (39%) running_loss=0.2991
train epoch 19/50 batch 39/66 (59%) running_loss=0.2991
train epoch 19/50 batch 52/66 (79%) running_loss=0.2989
train epoch 19/50 batch 65/66 (98%) running_loss=0.2989
train epoch 19/50 batch 66/66 (100%) running_loss=0.2989
epoch 19/50 done: train_loss=0.2989 val_loss=0.2323 val_accuracy=0.9303 val_macro_f1=0.9073 val_macro_auc=0.9913 (checkpoint_metric=macro_auc)
train epoch 20/50 batch 13/66 (20%) running_loss=0.2990
train epoch 20/50 batch 26/66 (39%) running_loss=0.2992
train epoch 20/50 batch 39/66 (59%) running_loss=0.2993
train epoch 20/50 batch 52/66 (79%) running_loss=0.2992
train epoch 20/50 batch 65/66 (98%) running_loss=0.2992
train epoch 20/50 batch 66/66 (100%) running_loss=0.2992
epoch 20/50 done: train_loss=0.2992 val_loss=0.2280 val_accuracy=0.9406 val_macro_f1=0.9188 val_macro_auc=0.9904 (checkpoint_metric=macro_auc)
train epoch 21/50 batch 13/66 (20%) running_loss=0.2989
train epoch 21/50 batch 26/66 (39%) running_loss=0.2984
train epoch 21/50 batch 39/66 (59%) running_loss=0.2984
train epoch 21/50 batch 52/66 (79%) running_loss=0.2985
train epoch 21/50 batch 65/66 (98%) running_loss=0.2987
train epoch 21/50 batch 66/66 (100%) running_loss=0.2987
epoch 21/50 done: train_loss=0.2987 val_loss=0.2155 val_accuracy=0.9447 val_macro_f1=0.9241 val_macro_auc=0.9926 (checkpoint_metric=macro_auc)
train epoch 22/50 batch 13/66 (20%) running_loss=0.2986
train epoch 22/50 batch 26/66 (39%) running_loss=0.2986
train epoch 22/50 batch 39/66 (59%) running_loss=0.2987
train epoch 22/50 batch 52/66 (79%) running_loss=0.2987
train epoch 22/50 batch 65/66 (98%) running_loss=0.2986
train epoch 22/50 batch 66/66 (100%) running_loss=0.2986
epoch 22/50 done: train_loss=0.2986 val_loss=0.2253 val_accuracy=0.9365 val_macro_f1=0.9134 val_macro_auc=0.9916 (checkpoint_metric=macro_auc)
train epoch 23/50 batch 13/66 (20%) running_loss=0.2980
train epoch 23/50 batch 26/66 (39%) running_loss=0.2977
train epoch 23/50 batch 39/66 (59%) running_loss=0.2979
train epoch 23/50 batch 52/66 (79%) running_loss=0.2979
train epoch 23/50 batch 65/66 (98%) running_loss=0.2981
train epoch 23/50 batch 66/66 (100%) running_loss=0.2981
epoch 23/50 done: train_loss=0.2981 val_loss=0.2154 val_accuracy=0.9447 val_macro_f1=0.9235 val_macro_auc=0.9927 (checkpoint_metric=macro_auc)
train epoch 24/50 batch 13/66 (20%) running_loss=0.2975
train epoch 24/50 batch 26/66 (39%) running_loss=0.2976
train epoch 24/50 batch 39/66 (59%) running_loss=0.2977
train epoch 24/50 batch 52/66 (79%) running_loss=0.2979
train epoch 24/50 batch 65/66 (98%) running_loss=0.2980
train epoch 24/50 batch 66/66 (100%) running_loss=0.2980
epoch 24/50 done: train_loss=0.2980 val_loss=0.2147 val_accuracy=0.9406 val_macro_f1=0.9193 val_macro_auc=0.9926 (checkpoint_metric=macro_auc)
train epoch 25/50 batch 13/66 (20%) running_loss=0.2976
train epoch 25/50 batch 26/66 (39%) running_loss=0.2976
train epoch 25/50 batch 39/66 (59%) running_loss=0.2977
train epoch 25/50 batch 52/66 (79%) running_loss=0.2979
train epoch 25/50 batch 65/66 (98%) running_loss=0.2980
train epoch 25/50 batch 66/66 (100%) running_loss=0.2980
epoch 25/50 done: train_loss=0.2980 val_loss=0.2132 val_accuracy=0.9447 val_macro_f1=0.9249 val_macro_auc=0.9927 (checkpoint_metric=macro_auc)
train epoch 26/50 batch 13/66 (20%) running_loss=0.2989
train epoch 26/50 batch 26/66 (39%) running_loss=0.2985
train epoch 26/50 batch 39/66 (59%) running_loss=0.2985
train epoch 26/50 batch 52/66 (79%) running_loss=0.2985
train epoch 26/50 batch 65/66 (98%) running_loss=0.2983
train epoch 26/50 batch 66/66 (100%) running_loss=0.2983
epoch 26/50 done: train_loss=0.2983 val_loss=0.2221 val_accuracy=0.9385 val_macro_f1=0.9172 val_macro_auc=0.9911 (checkpoint_metric=macro_auc)
train epoch 27/50 batch 13/66 (20%) running_loss=0.2986
train epoch 27/50 batch 26/66 (39%) running_loss=0.2984
train epoch 27/50 batch 39/66 (59%) running_loss=0.2982
train epoch 27/50 batch 52/66 (79%) running_loss=0.2981
train epoch 27/50 batch 65/66 (98%) running_loss=0.2981
train epoch 27/50 batch 66/66 (100%) running_loss=0.2980
epoch 27/50 done: train_loss=0.2980 val_loss=0.2128 val_accuracy=0.9406 val_macro_f1=0.9190 val_macro_auc=0.9916 (checkpoint_metric=macro_auc)
train epoch 28/50 batch 13/66 (20%) running_loss=0.2973
train epoch 28/50 batch 26/66 (39%) running_loss=0.2975
train epoch 28/50 batch 39/66 (59%) running_loss=0.2977
train epoch 28/50 batch 52/66 (79%) running_loss=0.2976
train epoch 28/50 batch 65/66 (98%) running_loss=0.2975
train epoch 28/50 batch 66/66 (100%) running_loss=0.2975
epoch 28/50 done: train_loss=0.2975 val_loss=0.2230 val_accuracy=0.9385 val_macro_f1=0.9158 val_macro_auc=0.9909 (checkpoint_metric=macro_auc)
train epoch 29/50 batch 13/66 (20%) running_loss=0.2982
train epoch 29/50 batch 26/66 (39%) running_loss=0.2980
train epoch 29/50 batch 39/66 (59%) running_loss=0.2978
train epoch 29/50 batch 52/66 (79%) running_loss=0.2980
train epoch 29/50 batch 65/66 (98%) running_loss=0.2979
train epoch 29/50 batch 66/66 (100%) running_loss=0.2980
epoch 29/50 done: train_loss=0.2980 val_loss=0.2208 val_accuracy=0.9426 val_macro_f1=0.9216 val_macro_auc=0.9919 (checkpoint_metric=macro_auc)
train epoch 30/50 batch 13/66 (20%) running_loss=0.2977
train epoch 30/50 batch 26/66 (39%) running_loss=0.2974
train epoch 30/50 batch 39/66 (59%) running_loss=0.2975
train epoch 30/50 batch 52/66 (79%) running_loss=0.2975
train epoch 30/50 batch 65/66 (98%) running_loss=0.2976
train epoch 30/50 batch 66/66 (100%) running_loss=0.2976
epoch 30/50 done: train_loss=0.2976 val_loss=0.2211 val_accuracy=0.9406 val_macro_f1=0.9192 val_macro_auc=0.9917 (checkpoint_metric=macro_auc)
train epoch 31/50 batch 13/66 (20%) running_loss=0.2979
train epoch 31/50 batch 26/66 (39%) running_loss=0.2978
train epoch 31/50 batch 39/66 (59%) running_loss=0.2975
train epoch 31/50 batch 52/66 (79%) running_loss=0.2973
train epoch 31/50 batch 65/66 (98%) running_loss=0.2974
train epoch 31/50 batch 66/66 (100%) running_loss=0.2973
epoch 31/50 done: train_loss=0.2973 val_loss=0.2234 val_accuracy=0.9406 val_macro_f1=0.9185 val_macro_auc=0.9914 (checkpoint_metric=macro_auc)
train epoch 32/50 batch 13/66 (20%) running_loss=0.2973
train epoch 32/50 batch 26/66 (39%) running_loss=0.2971
train epoch 32/50 batch 39/66 (59%) running_loss=0.2971
train epoch 32/50 batch 52/66 (79%) running_loss=0.2972
train epoch 32/50 batch 65/66 (98%) running_loss=0.2972
train epoch 32/50 batch 66/66 (100%) running_loss=0.2972
epoch 32/50 done: train_loss=0.2972 val_loss=0.2177 val_accuracy=0.9447 val_macro_f1=0.9241 val_macro_auc=0.9918 (checkpoint_metric=macro_auc)
train epoch 33/50 batch 13/66 (20%) running_loss=0.2969
train epoch 33/50 batch 26/66 (39%) running_loss=0.2971
train epoch 33/50 batch 39/66 (59%) running_loss=0.2971
train epoch 33/50 batch 52/66 (79%) running_loss=0.2970
train epoch 33/50 batch 65/66 (98%) running_loss=0.2971
train epoch 33/50 batch 66/66 (100%) running_loss=0.2971
epoch 33/50 done: train_loss=0.2971 val_loss=0.2225 val_accuracy=0.9406 val_macro_f1=0.9185 val_macro_auc=0.9916 (checkpoint_metric=macro_auc)
train epoch 34/50 batch 13/66 (20%) running_loss=0.2970
train epoch 34/50 batch 26/66 (39%) running_loss=0.2972
train epoch 34/50 batch 39/66 (59%) running_loss=0.2972
train epoch 34/50 batch 52/66 (79%) running_loss=0.2970
train epoch 34/50 batch 65/66 (98%) running_loss=0.2970
train epoch 34/50 batch 66/66 (100%) running_loss=0.2970
epoch 34/50 done: train_loss=0.2970 val_loss=0.2272 val_accuracy=0.9385 val_macro_f1=0.9158 val_macro_auc=0.9911 (checkpoint_metric=macro_auc)
train epoch 35/50 batch 13/66 (20%) running_loss=0.2974
train epoch 35/50 batch 26/66 (39%) running_loss=0.2971
train epoch 35/50 batch 39/66 (59%) running_loss=0.2971
train epoch 35/50 batch 52/66 (79%) running_loss=0.2971
train epoch 35/50 batch 65/66 (98%) running_loss=0.2970
train epoch 35/50 batch 66/66 (100%) running_loss=0.2970
epoch 35/50 done: train_loss=0.2970 val_loss=0.2211 val_accuracy=0.9406 val_macro_f1=0.9189 val_macro_auc=0.9912 (checkpoint_metric=macro_auc)
train epoch 36/50 batch 13/66 (20%) running_loss=0.2962
train epoch 36/50 batch 26/66 (39%) running_loss=0.2967
train epoch 36/50 batch 39/66 (59%) running_loss=0.2968
train epoch 36/50 batch 52/66 (79%) running_loss=0.2967
train epoch 36/50 batch 65/66 (98%) running_loss=0.2969
train epoch 36/50 batch 66/66 (100%) running_loss=0.2969
epoch 36/50 done: train_loss=0.2969 val_loss=0.2215 val_accuracy=0.9406 val_macro_f1=0.9192 val_macro_auc=0.9920 (checkpoint_metric=macro_auc)
train epoch 37/50 batch 13/66 (20%) running_loss=0.2975
train epoch 37/50 batch 26/66 (39%) running_loss=0.2972
train epoch 37/50 batch 39/66 (59%) running_loss=0.2972
train epoch 37/50 batch 52/66 (79%) running_loss=0.2973
train epoch 37/50 batch 65/66 (98%) running_loss=0.2972
train epoch 37/50 batch 66/66 (100%) running_loss=0.2972
epoch 37/50 done: train_loss=0.2972 val_loss=0.2176 val_accuracy=0.9447 val_macro_f1=0.9241 val_macro_auc=0.9915 (checkpoint_metric=macro_auc)
train epoch 38/50 batch 13/66 (20%) running_loss=0.2971
train epoch 38/50 batch 26/66 (39%) running_loss=0.2971
train epoch 38/50 batch 39/66 (59%) running_loss=0.2970
train epoch 38/50 batch 52/66 (79%) running_loss=0.2970
train epoch 38/50 batch 65/66 (98%) running_loss=0.2969
train epoch 38/50 batch 66/66 (100%) running_loss=0.2969
epoch 38/50 done: train_loss=0.2969 val_loss=0.2214 val_accuracy=0.9426 val_macro_f1=0.9216 val_macro_auc=0.9913 (checkpoint_metric=macro_auc)
train epoch 39/50 batch 13/66 (20%) running_loss=0.2972
train epoch 39/50 batch 26/66 (39%) running_loss=0.2972
train epoch 39/50 batch 39/66 (59%) running_loss=0.2971
train epoch 39/50 batch 52/66 (79%) running_loss=0.2969
train epoch 39/50 batch 65/66 (98%) running_loss=0.2969
train epoch 39/50 batch 66/66 (100%) running_loss=0.2970
epoch 39/50 done: train_loss=0.2970 val_loss=0.2231 val_accuracy=0.9365 val_macro_f1=0.9148 val_macro_auc=0.9911 (checkpoint_metric=macro_auc)
train epoch 40/50 batch 13/66 (20%) running_loss=0.2972
train epoch 40/50 batch 26/66 (39%) running_loss=0.2971
train epoch 40/50 batch 39/66 (59%) running_loss=0.2970
train epoch 40/50 batch 52/66 (79%) running_loss=0.2971
train epoch 40/50 batch 65/66 (98%) running_loss=0.2971
train epoch 40/50 batch 66/66 (100%) running_loss=0.2971
epoch 40/50 done: train_loss=0.2971 val_loss=0.2207 val_accuracy=0.9406 val_macro_f1=0.9200 val_macro_auc=0.9912 (checkpoint_metric=macro_auc)
train epoch 41/50 batch 13/66 (20%) running_loss=0.2974
train epoch 41/50 batch 26/66 (39%) running_loss=0.2970
train epoch 41/50 batch 39/66 (59%) running_loss=0.2969
train epoch 41/50 batch 52/66 (79%) running_loss=0.2970
train epoch 41/50 batch 65/66 (98%) running_loss=0.2969
train epoch 41/50 batch 66/66 (100%) running_loss=0.2969
epoch 41/50 done: train_loss=0.2969 val_loss=0.2183 val_accuracy=0.9447 val_macro_f1=0.9249 val_macro_auc=0.9914 (checkpoint_metric=macro_auc)
train epoch 42/50 batch 13/66 (20%) running_loss=0.2965
train epoch 42/50 batch 26/66 (39%) running_loss=0.2962
train epoch 42/50 batch 39/66 (59%) running_loss=0.2964
train epoch 42/50 batch 52/66 (79%) running_loss=0.2965
train epoch 42/50 batch 65/66 (98%) running_loss=0.2966
train epoch 42/50 batch 66/66 (100%) running_loss=0.2965
epoch 42/50 done: train_loss=0.2965 val_loss=0.2206 val_accuracy=0.9406 val_macro_f1=0.9192 val_macro_auc=0.9913 (checkpoint_metric=macro_auc)
train epoch 43/50 batch 13/66 (20%) running_loss=0.2970
train epoch 43/50 batch 26/66 (39%) running_loss=0.2970
train epoch 43/50 batch 39/66 (59%) running_loss=0.2969
train epoch 43/50 batch 52/66 (79%) running_loss=0.2968
train epoch 43/50 batch 65/66 (98%) running_loss=0.2969
train epoch 43/50 batch 66/66 (100%) running_loss=0.2969
epoch 43/50 done: train_loss=0.2969 val_loss=0.2185 val_accuracy=0.9447 val_macro_f1=0.9249 val_macro_auc=0.9913 (checkpoint_metric=macro_auc)
train epoch 44/50 batch 13/66 (20%) running_loss=0.2972
train epoch 44/50 batch 26/66 (39%) running_loss=0.2972
train epoch 44/50 batch 39/66 (59%) running_loss=0.2971
train epoch 44/50 batch 52/66 (79%) running_loss=0.2971
train epoch 44/50 batch 65/66 (98%) running_loss=0.2970
train epoch 44/50 batch 66/66 (100%) running_loss=0.2971
epoch 44/50 done: train_loss=0.2971 val_loss=0.2206 val_accuracy=0.9406 val_macro_f1=0.9192 val_macro_auc=0.9913 (checkpoint_metric=macro_auc)
train epoch 45/50 batch 13/66 (20%) running_loss=0.2968
train epoch 45/50 batch 26/66 (39%) running_loss=0.2971
train epoch 45/50 batch 39/66 (59%) running_loss=0.2968
train epoch 45/50 batch 52/66 (79%) running_loss=0.2969
train epoch 45/50 batch 65/66 (98%) running_loss=0.2970
train epoch 45/50 batch 66/66 (100%) running_loss=0.2970
epoch 45/50 done: train_loss=0.2970 val_loss=0.2208 val_accuracy=0.9426 val_macro_f1=0.9217 val_macro_auc=0.9913 (checkpoint_metric=macro_auc)
train epoch 46/50 batch 13/66 (20%) running_loss=0.2967
train epoch 46/50 batch 26/66 (39%) running_loss=0.2969
train epoch 46/50 batch 39/66 (59%) running_loss=0.2969
train epoch 46/50 batch 52/66 (79%) running_loss=0.2970
train epoch 46/50 batch 65/66 (98%) running_loss=0.2969
train epoch 46/50 batch 66/66 (100%) running_loss=0.2969
epoch 46/50 done: train_loss=0.2969 val_loss=0.2207 val_accuracy=0.9426 val_macro_f1=0.9217 val_macro_auc=0.9913 (checkpoint_metric=macro_auc)
train epoch 47/50 batch 13/66 (20%) running_loss=0.2972
train epoch 47/50 batch 26/66 (39%) running_loss=0.2972
train epoch 47/50 batch 39/66 (59%) running_loss=0.2973
train epoch 47/50 batch 52/66 (79%) running_loss=0.2972
train epoch 47/50 batch 65/66 (98%) running_loss=0.2973
train epoch 47/50 batch 66/66 (100%) running_loss=0.2973
epoch 47/50 done: train_loss=0.2973 val_loss=0.2220 val_accuracy=0.9406 val_macro_f1=0.9192 val_macro_auc=0.9912 (checkpoint_metric=macro_auc)
train epoch 48/50 batch 13/66 (20%) running_loss=0.2967
train epoch 48/50 batch 26/66 (39%) running_loss=0.2969
train epoch 48/50 batch 39/66 (59%) running_loss=0.2967
train epoch 48/50 batch 52/66 (79%) running_loss=0.2968
train epoch 48/50 batch 65/66 (98%) running_loss=0.2968
train epoch 48/50 batch 66/66 (100%) running_loss=0.2968
epoch 48/50 done: train_loss=0.2968 val_loss=0.2216 val_accuracy=0.9406 val_macro_f1=0.9192 val_macro_auc=0.9912 (checkpoint_metric=macro_auc)
train epoch 49/50 batch 13/66 (20%) running_loss=0.2966
train epoch 49/50 batch 26/66 (39%) running_loss=0.2969
train epoch 49/50 batch 39/66 (59%) running_loss=0.2969
train epoch 49/50 batch 52/66 (79%) running_loss=0.2969
train epoch 49/50 batch 65/66 (98%) running_loss=0.2968
train epoch 49/50 batch 66/66 (100%) running_loss=0.2968
epoch 49/50 done: train_loss=0.2968 val_loss=0.2216 val_accuracy=0.9406 val_macro_f1=0.9192 val_macro_auc=0.9912 (checkpoint_metric=macro_auc)
train epoch 50/50 batch 13/66 (20%) running_loss=0.2969
train epoch 50/50 batch 26/66 (39%) running_loss=0.2971
train epoch 50/50 batch 39/66 (59%) running_loss=0.2971
train epoch 50/50 batch 52/66 (79%) running_loss=0.2968
train epoch 50/50 batch 65/66 (98%) running_loss=0.2967
train epoch 50/50 batch 66/66 (100%) running_loss=0.2967
epoch 50/50 done: train_loss=0.2967 val_loss=0.2216 val_accuracy=0.9406 val_macro_f1=0.9192 val_macro_auc=0.9912 (checkpoint_metric=macro_auc)
Training finished. Best epoch=11, smoothed macro_auc=0.9932 (window=3)
Test set evaluated once: accuracy=0.8924 macro_f1=0.8822 macro_auc=0.9789
Model size: 134.27M params, 2.938 GFLOPs at 96x96

Best epoch: 11
Test accuracy:  0.8924
Test macro F1:  0.8822
Test macro AUC: 0.9789
Model size: 134.27M params, 2.938 GFLOPs
