Starting final training on device=cuda, amp=True, physical_batch_size=32, accumulation_steps=1, effective_batch_size=32
Augmentation policy: sample-adaptive, from outputs/main1/augmentation_run/selected_policy.json
Classes: {'glioma_tumor': 0, 'meningioma_tumor': 1, 'pituitary_tumor': 2}
Regularization: weight_decay=7.0e-04 classifier_dropout=0.30 label_smoothing=0.10 drop_path=0.20
Magnitude bounds from configs/bounds_wide.json: {'rotation': [0.0, 45.0], 'affine_translation': [0.0, 0.16], 'random_resized_crop': [0.0, 0.35]}
train epoch 1/200 batch 13/66 (20%) running_loss=1.1177
train epoch 1/200 batch 26/66 (39%) running_loss=1.1374
train epoch 1/200 batch 39/66 (59%) running_loss=1.1519
train epoch 1/200 batch 52/66 (79%) running_loss=1.1446
train epoch 1/200 batch 65/66 (98%) running_loss=1.1452
train epoch 1/200 batch 66/66 (100%) running_loss=1.1443
epoch 1/200 done: train_loss=1.1443 val_loss=1.0295 val_accuracy=0.5061 val_macro_f1=0.2240 val_macro_auc=0.6713 (checkpoint_metric=macro_auc) [new best]
train epoch 2/200 batch 13/66 (20%) running_loss=1.0869
train epoch 2/200 batch 26/66 (39%) running_loss=1.1103
train epoch 2/200 batch 39/66 (59%) running_loss=1.1042
train epoch 2/200 batch 52/66 (79%) running_loss=1.0991
train epoch 2/200 batch 65/66 (98%) running_loss=1.0982
train epoch 2/200 batch 66/66 (100%) running_loss=1.0977
epoch 2/200 done: train_loss=1.0977 val_loss=1.0094 val_accuracy=0.5553 val_macro_f1=0.3183 val_macro_auc=0.7124 (checkpoint_metric=macro_auc) [new best]
train epoch 3/200 batch 13/66 (20%) running_loss=1.0175
train epoch 3/200 batch 26/66 (39%) running_loss=1.0307
train epoch 3/200 batch 39/66 (59%) running_loss=1.0300
train epoch 3/200 batch 52/66 (79%) running_loss=1.0177
train epoch 3/200 batch 65/66 (98%) running_loss=1.0229
train epoch 3/200 batch 66/66 (100%) running_loss=1.0231
epoch 3/200 done: train_loss=1.0231 val_loss=0.9678 val_accuracy=0.5902 val_macro_f1=0.3695 val_macro_auc=0.7513 (checkpoint_metric=macro_auc) [new best]
train epoch 4/200 batch 13/66 (20%) running_loss=1.0014
train epoch 4/200 batch 26/66 (39%) running_loss=1.0023
train epoch 4/200 batch 39/66 (59%) running_loss=0.9943
train epoch 4/200 batch 52/66 (79%) running_loss=0.9912
train epoch 4/200 batch 65/66 (98%) running_loss=0.9841
train epoch 4/200 batch 66/66 (100%) running_loss=0.9869
epoch 4/200 done: train_loss=0.9869 val_loss=0.8796 val_accuracy=0.6701 val_macro_f1=0.4650 val_macro_auc=0.7801 (checkpoint_metric=macro_auc) [new best]
train epoch 5/200 batch 13/66 (20%) running_loss=0.9821
train epoch 5/200 batch 26/66 (39%) running_loss=0.9689
train epoch 5/200 batch 39/66 (59%) running_loss=0.9604
train epoch 5/200 batch 52/66 (79%) running_loss=0.9586
train epoch 5/200 batch 65/66 (98%) running_loss=0.9554
train epoch 5/200 batch 66/66 (100%) running_loss=0.9567
epoch 5/200 done: train_loss=0.9567 val_loss=0.8602 val_accuracy=0.6721 val_macro_f1=0.4685 val_macro_auc=0.7592 (checkpoint_metric=macro_auc) [new best]
train epoch 6/200 batch 13/66 (20%) running_loss=0.9873
train epoch 6/200 batch 26/66 (39%) running_loss=0.9884
train epoch 6/200 batch 39/66 (59%) running_loss=0.9758
train epoch 6/200 batch 52/66 (79%) running_loss=0.9731
train epoch 6/200 batch 65/66 (98%) running_loss=0.9680
train epoch 6/200 batch 66/66 (100%) running_loss=0.9686
epoch 6/200 done: train_loss=0.9686 val_loss=1.1551 val_accuracy=0.5594 val_macro_f1=0.3207 val_macro_auc=0.7772 (checkpoint_metric=macro_auc) [new best]
train epoch 7/200 batch 13/66 (20%) running_loss=0.9630
train epoch 7/200 batch 26/66 (39%) running_loss=0.9308
train epoch 7/200 batch 39/66 (59%) running_loss=0.9271
train epoch 7/200 batch 52/66 (79%) running_loss=0.9307
train epoch 7/200 batch 65/66 (98%) running_loss=0.9238
train epoch 7/200 batch 66/66 (100%) running_loss=0.9248
epoch 7/200 done: train_loss=0.9248 val_loss=0.8501 val_accuracy=0.6578 val_macro_f1=0.4513 val_macro_auc=0.8024 (checkpoint_metric=macro_auc) [new best]
train epoch 8/200 batch 13/66 (20%) running_loss=0.8994
train epoch 8/200 batch 26/66 (39%) running_loss=0.9032
train epoch 8/200 batch 39/66 (59%) running_loss=0.9059
train epoch 8/200 batch 52/66 (79%) running_loss=0.8999
train epoch 8/200 batch 65/66 (98%) running_loss=0.9081
train epoch 8/200 batch 66/66 (100%) running_loss=0.9082
epoch 8/200 done: train_loss=0.9082 val_loss=0.8178 val_accuracy=0.6721 val_macro_f1=0.4669 val_macro_auc=0.8290 (checkpoint_metric=macro_auc) [new best]
train epoch 9/200 batch 13/66 (20%) running_loss=0.8978
train epoch 9/200 batch 26/66 (39%) running_loss=0.9083
train epoch 9/200 batch 39/66 (59%) running_loss=0.9219
train epoch 9/200 batch 52/66 (79%) running_loss=0.9240
train epoch 9/200 batch 65/66 (98%) running_loss=0.9199
train epoch 9/200 batch 66/66 (100%) running_loss=0.9204
epoch 9/200 done: train_loss=0.9204 val_loss=0.7717 val_accuracy=0.7254 val_macro_f1=0.5195 val_macro_auc=0.8235 (checkpoint_metric=macro_auc) [new best]
train epoch 10/200 batch 13/66 (20%) running_loss=0.9316
train epoch 10/200 batch 26/66 (39%) running_loss=0.9066
train epoch 10/200 batch 39/66 (59%) running_loss=0.9034
train epoch 10/200 batch 52/66 (79%) running_loss=0.8978
train epoch 10/200 batch 65/66 (98%) running_loss=0.8958
train epoch 10/200 batch 66/66 (100%) running_loss=0.8959
epoch 10/200 done: train_loss=0.8959 val_loss=0.6640 val_accuracy=0.7582 val_macro_f1=0.5492 val_macro_auc=0.8409 (checkpoint_metric=macro_auc) [new best]
train epoch 11/200 batch 13/66 (20%) running_loss=0.9090
train epoch 11/200 batch 26/66 (39%) running_loss=0.8932
train epoch 11/200 batch 39/66 (59%) running_loss=0.8804
train epoch 11/200 batch 52/66 (79%) running_loss=0.8712
train epoch 11/200 batch 65/66 (98%) running_loss=0.8774
train epoch 11/200 batch 66/66 (100%) running_loss=0.8784
epoch 11/200 done: train_loss=0.8784 val_loss=0.6300 val_accuracy=0.7705 val_macro_f1=0.5589 val_macro_auc=0.8409 (checkpoint_metric=macro_auc) [new best]
train epoch 12/200 batch 13/66 (20%) running_loss=0.8724
train epoch 12/200 batch 26/66 (39%) running_loss=0.8637
train epoch 12/200 batch 39/66 (59%) running_loss=0.8653
train epoch 12/200 batch 52/66 (79%) running_loss=0.8594
train epoch 12/200 batch 65/66 (98%) running_loss=0.8668
train epoch 12/200 batch 66/66 (100%) running_loss=0.8676
epoch 12/200 done: train_loss=0.8676 val_loss=0.6875 val_accuracy=0.7787 val_macro_f1=0.5648 val_macro_auc=0.8368 (checkpoint_metric=macro_auc) [new best]
train epoch 13/200 batch 13/66 (20%) running_loss=0.8927
train epoch 13/200 batch 26/66 (39%) running_loss=0.8659
train epoch 13/200 batch 39/66 (59%) running_loss=0.8581
train epoch 13/200 batch 52/66 (79%) running_loss=0.8516
train epoch 13/200 batch 65/66 (98%) running_loss=0.8561
train epoch 13/200 batch 66/66 (100%) running_loss=0.8550
epoch 13/200 done: train_loss=0.8550 val_loss=0.7629 val_accuracy=0.6762 val_macro_f1=0.4713 val_macro_auc=0.8658 (checkpoint_metric=macro_auc) [new best]
train epoch 14/200 batch 13/66 (20%) running_loss=0.8607
train epoch 14/200 batch 26/66 (39%) running_loss=0.8437
train epoch 14/200 batch 39/66 (59%) running_loss=0.8464
train epoch 14/200 batch 52/66 (79%) running_loss=0.8505
train epoch 14/200 batch 65/66 (98%) running_loss=0.8416
train epoch 14/200 batch 66/66 (100%) running_loss=0.8405
epoch 14/200 done: train_loss=0.8405 val_loss=0.6223 val_accuracy=0.7561 val_macro_f1=0.5473 val_macro_auc=0.8610 (checkpoint_metric=macro_auc) [new best]
train epoch 15/200 batch 13/66 (20%) running_loss=0.7994
train epoch 15/200 batch 26/66 (39%) running_loss=0.8144
train epoch 15/200 batch 39/66 (59%) running_loss=0.8298
train epoch 15/200 batch 52/66 (79%) running_loss=0.8349
train epoch 15/200 batch 65/66 (98%) running_loss=0.8296
train epoch 15/200 batch 66/66 (100%) running_loss=0.8292
epoch 15/200 done: train_loss=0.8292 val_loss=0.6030 val_accuracy=0.8094 val_macro_f1=0.5882 val_macro_auc=0.8633 (checkpoint_metric=macro_auc) [new best]
train epoch 16/200 batch 13/66 (20%) running_loss=0.8177
train epoch 16/200 batch 26/66 (39%) running_loss=0.8196
train epoch 16/200 batch 39/66 (59%) running_loss=0.8211
train epoch 16/200 batch 52/66 (79%) running_loss=0.8182
train epoch 16/200 batch 65/66 (98%) running_loss=0.8156
train epoch 16/200 batch 66/66 (100%) running_loss=0.8147
epoch 16/200 done: train_loss=0.8147 val_loss=0.6116 val_accuracy=0.7951 val_macro_f1=0.5790 val_macro_auc=0.8898 (checkpoint_metric=macro_auc) [new best]
train epoch 17/200 batch 13/66 (20%) running_loss=0.8405
train epoch 17/200 batch 26/66 (39%) running_loss=0.8216
train epoch 17/200 batch 39/66 (59%) running_loss=0.8115
train epoch 17/200 batch 52/66 (79%) running_loss=0.8129
train epoch 17/200 batch 65/66 (98%) running_loss=0.8205
train epoch 17/200 batch 66/66 (100%) running_loss=0.8204
epoch 17/200 done: train_loss=0.8204 val_loss=0.7209 val_accuracy=0.7295 val_macro_f1=0.5235 val_macro_auc=0.8815 (checkpoint_metric=macro_auc) [new best]
train epoch 18/200 batch 13/66 (20%) running_loss=0.8010
train epoch 18/200 batch 26/66 (39%) running_loss=0.8158
train epoch 18/200 batch 39/66 (59%) running_loss=0.8185
train epoch 18/200 batch 52/66 (79%) running_loss=0.8247
train epoch 18/200 batch 65/66 (98%) running_loss=0.8191
train epoch 18/200 batch 66/66 (100%) running_loss=0.8192
epoch 18/200 done: train_loss=0.8192 val_loss=0.5896 val_accuracy=0.7787 val_macro_f1=0.5622 val_macro_auc=0.8560 (checkpoint_metric=macro_auc)
train epoch 19/200 batch 13/66 (20%) running_loss=0.8759
train epoch 19/200 batch 26/66 (39%) running_loss=0.8271
train epoch 19/200 batch 39/66 (59%) running_loss=0.8164
train epoch 19/200 batch 52/66 (79%) running_loss=0.8176
train epoch 19/200 batch 65/66 (98%) running_loss=0.8134
train epoch 19/200 batch 66/66 (100%) running_loss=0.8125
epoch 19/200 done: train_loss=0.8125 val_loss=0.5536 val_accuracy=0.8176 val_macro_f1=0.5955 val_macro_auc=0.9043 (checkpoint_metric=macro_auc) [new best]
train epoch 20/200 batch 13/66 (20%) running_loss=0.8099
train epoch 20/200 batch 26/66 (39%) running_loss=0.8070
train epoch 20/200 batch 39/66 (59%) running_loss=0.7932
train epoch 20/200 batch 52/66 (79%) running_loss=0.7889
train epoch 20/200 batch 65/66 (98%) running_loss=0.7958
train epoch 20/200 batch 66/66 (100%) running_loss=0.7988
epoch 20/200 done: train_loss=0.7988 val_loss=0.5480 val_accuracy=0.8320 val_macro_f1=0.6153 val_macro_auc=0.8987 (checkpoint_metric=macro_auc) [new best]
train epoch 21/200 batch 13/66 (20%) running_loss=0.8008
train epoch 21/200 batch 26/66 (39%) running_loss=0.8066
train epoch 21/200 batch 39/66 (59%) running_loss=0.8034
train epoch 21/200 batch 52/66 (79%) running_loss=0.8066
train epoch 21/200 batch 65/66 (98%) running_loss=0.8038
train epoch 21/200 batch 66/66 (100%) running_loss=0.8031
epoch 21/200 done: train_loss=0.8031 val_loss=0.6013 val_accuracy=0.7828 val_macro_f1=0.5807 val_macro_auc=0.9033 (checkpoint_metric=macro_auc) [new best]
train epoch 22/200 batch 13/66 (20%) running_loss=0.7307
train epoch 22/200 batch 26/66 (39%) running_loss=0.7568
train epoch 22/200 batch 39/66 (59%) running_loss=0.7719
train epoch 22/200 batch 52/66 (79%) running_loss=0.7856
train epoch 22/200 batch 65/66 (98%) running_loss=0.7885
train epoch 22/200 batch 66/66 (100%) running_loss=0.7866
epoch 22/200 done: train_loss=0.7866 val_loss=0.6459 val_accuracy=0.7725 val_macro_f1=0.6215 val_macro_auc=0.8769 (checkpoint_metric=macro_auc)
train epoch 23/200 batch 13/66 (20%) running_loss=0.7526
train epoch 23/200 batch 26/66 (39%) running_loss=0.7777
train epoch 23/200 batch 39/66 (59%) running_loss=0.7851
train epoch 23/200 batch 52/66 (79%) running_loss=0.7744
train epoch 23/200 batch 65/66 (98%) running_loss=0.7740
train epoch 23/200 batch 66/66 (100%) running_loss=0.7737
epoch 23/200 done: train_loss=0.7737 val_loss=0.9673 val_accuracy=0.5902 val_macro_f1=0.3706 val_macro_auc=0.8107 (checkpoint_metric=macro_auc)
train epoch 24/200 batch 13/66 (20%) running_loss=0.8076
train epoch 24/200 batch 26/66 (39%) running_loss=0.7818
train epoch 24/200 batch 39/66 (59%) running_loss=0.7676
train epoch 24/200 batch 52/66 (79%) running_loss=0.7648
train epoch 24/200 batch 65/66 (98%) running_loss=0.7657
train epoch 24/200 batch 66/66 (100%) running_loss=0.7654
epoch 24/200 done: train_loss=0.7654 val_loss=0.6330 val_accuracy=0.7439 val_macro_f1=0.5489 val_macro_auc=0.9147 (checkpoint_metric=macro_auc)
train epoch 25/200 batch 13/66 (20%) running_loss=0.7449
train epoch 25/200 batch 26/66 (39%) running_loss=0.7493
train epoch 25/200 batch 39/66 (59%) running_loss=0.7456
train epoch 25/200 batch 52/66 (79%) running_loss=0.7479
train epoch 25/200 batch 65/66 (98%) running_loss=0.7513
train epoch 25/200 batch 66/66 (100%) running_loss=0.7507
epoch 25/200 done: train_loss=0.7507 val_loss=0.5517 val_accuracy=0.8504 val_macro_f1=0.8047 val_macro_auc=0.9530 (checkpoint_metric=macro_auc)
train epoch 26/200 batch 13/66 (20%) running_loss=0.7438
train epoch 26/200 batch 26/66 (39%) running_loss=0.7484
train epoch 26/200 batch 39/66 (59%) running_loss=0.7595
train epoch 26/200 batch 52/66 (79%) running_loss=0.7646
train epoch 26/200 batch 65/66 (98%) running_loss=0.7629
train epoch 26/200 batch 66/66 (100%) running_loss=0.7636
epoch 26/200 done: train_loss=0.7636 val_loss=0.5221 val_accuracy=0.8381 val_macro_f1=0.7652 val_macro_auc=0.9559 (checkpoint_metric=macro_auc) [new best]
train epoch 27/200 batch 13/66 (20%) running_loss=0.7728
train epoch 27/200 batch 26/66 (39%) running_loss=0.7711
train epoch 27/200 batch 39/66 (59%) running_loss=0.7614
train epoch 27/200 batch 52/66 (79%) running_loss=0.7502
train epoch 27/200 batch 65/66 (98%) running_loss=0.7421
train epoch 27/200 batch 66/66 (100%) running_loss=0.7408
epoch 27/200 done: train_loss=0.7408 val_loss=0.7498 val_accuracy=0.6434 val_macro_f1=0.6371 val_macro_auc=0.9437 (checkpoint_metric=macro_auc) [new best]
train epoch 28/200 batch 13/66 (20%) running_loss=0.7204
train epoch 28/200 batch 26/66 (39%) running_loss=0.7252
train epoch 28/200 batch 39/66 (59%) running_loss=0.7289
train epoch 28/200 batch 52/66 (79%) running_loss=0.7349
train epoch 28/200 batch 65/66 (98%) running_loss=0.7393
train epoch 28/200 batch 66/66 (100%) running_loss=0.7377
epoch 28/200 done: train_loss=0.7377 val_loss=0.8070 val_accuracy=0.6148 val_macro_f1=0.4258 val_macro_auc=0.8703 (checkpoint_metric=macro_auc)
train epoch 29/200 batch 13/66 (20%) running_loss=0.7378
train epoch 29/200 batch 26/66 (39%) running_loss=0.7488
train epoch 29/200 batch 39/66 (59%) running_loss=0.7423
train epoch 29/200 batch 52/66 (79%) running_loss=0.7283
train epoch 29/200 batch 65/66 (98%) running_loss=0.7332
train epoch 29/200 batch 66/66 (100%) running_loss=0.7324
epoch 29/200 done: train_loss=0.7324 val_loss=0.9306 val_accuracy=0.5615 val_macro_f1=0.3303 val_macro_auc=0.8543 (checkpoint_metric=macro_auc)
train epoch 30/200 batch 13/66 (20%) running_loss=0.7303
train epoch 30/200 batch 26/66 (39%) running_loss=0.7276
train epoch 30/200 batch 39/66 (59%) running_loss=0.7272
train epoch 30/200 batch 52/66 (79%) running_loss=0.7279
train epoch 30/200 batch 65/66 (98%) running_loss=0.7217
train epoch 30/200 batch 66/66 (100%) running_loss=0.7207
epoch 30/200 done: train_loss=0.7207 val_loss=0.5588 val_accuracy=0.7254 val_macro_f1=0.6077 val_macro_auc=0.9225 (checkpoint_metric=macro_auc)
train epoch 31/200 batch 13/66 (20%) running_loss=0.7390
train epoch 31/200 batch 26/66 (39%) running_loss=0.7267
train epoch 31/200 batch 39/66 (59%) running_loss=0.7335
train epoch 31/200 batch 52/66 (79%) running_loss=0.7306
train epoch 31/200 batch 65/66 (98%) running_loss=0.7175
train epoch 31/200 batch 66/66 (100%) running_loss=0.7161
epoch 31/200 done: train_loss=0.7161 val_loss=0.4934 val_accuracy=0.8115 val_macro_f1=0.6856 val_macro_auc=0.9177 (checkpoint_metric=macro_auc)
train epoch 32/200 batch 13/66 (20%) running_loss=0.7054
train epoch 32/200 batch 26/66 (39%) running_loss=0.7194
train epoch 32/200 batch 39/66 (59%) running_loss=0.7293
train epoch 32/200 batch 52/66 (79%) running_loss=0.7254
train epoch 32/200 batch 65/66 (98%) running_loss=0.7311
train epoch 32/200 batch 66/66 (100%) running_loss=0.7308
epoch 32/200 done: train_loss=0.7308 val_loss=0.7334 val_accuracy=0.6660 val_macro_f1=0.4807 val_macro_auc=0.8751 (checkpoint_metric=macro_auc)
train epoch 33/200 batch 13/66 (20%) running_loss=0.7205
train epoch 33/200 batch 26/66 (39%) running_loss=0.7109
train epoch 33/200 batch 39/66 (59%) running_loss=0.7133
train epoch 33/200 batch 52/66 (79%) running_loss=0.7144
train epoch 33/200 batch 65/66 (98%) running_loss=0.7137
train epoch 33/200 batch 66/66 (100%) running_loss=0.7135
epoch 33/200 done: train_loss=0.7135 val_loss=0.4332 val_accuracy=0.8709 val_macro_f1=0.7901 val_macro_auc=0.9628 (checkpoint_metric=macro_auc)
train epoch 34/200 batch 13/66 (20%) running_loss=0.7167
train epoch 34/200 batch 26/66 (39%) running_loss=0.7236
train epoch 34/200 batch 39/66 (59%) running_loss=0.7132
train epoch 34/200 batch 52/66 (79%) running_loss=0.6981
train epoch 34/200 batch 65/66 (98%) running_loss=0.6973
train epoch 34/200 batch 66/66 (100%) running_loss=0.6980
epoch 34/200 done: train_loss=0.6980 val_loss=0.6004 val_accuracy=0.7480 val_macro_f1=0.7149 val_macro_auc=0.9499 (checkpoint_metric=macro_auc)
train epoch 35/200 batch 13/66 (20%) running_loss=0.7347
train epoch 35/200 batch 26/66 (39%) running_loss=0.7177
train epoch 35/200 batch 39/66 (59%) running_loss=0.7127
train epoch 35/200 batch 52/66 (79%) running_loss=0.7082
train epoch 35/200 batch 65/66 (98%) running_loss=0.7054
train epoch 35/200 batch 66/66 (100%) running_loss=0.7049
epoch 35/200 done: train_loss=0.7049 val_loss=0.9188 val_accuracy=0.6373 val_macro_f1=0.4562 val_macro_auc=0.8483 (checkpoint_metric=macro_auc)
train epoch 36/200 batch 13/66 (20%) running_loss=0.6871
train epoch 36/200 batch 26/66 (39%) running_loss=0.7037
train epoch 36/200 batch 39/66 (59%) running_loss=0.7040
train epoch 36/200 batch 52/66 (79%) running_loss=0.6876
train epoch 36/200 batch 65/66 (98%) running_loss=0.6871
train epoch 36/200 batch 66/66 (100%) running_loss=0.6860
epoch 36/200 done: train_loss=0.6860 val_loss=0.4661 val_accuracy=0.8873 val_macro_f1=0.8453 val_macro_auc=0.9740 (checkpoint_metric=macro_auc)
train epoch 37/200 batch 13/66 (20%) running_loss=0.7340
train epoch 37/200 batch 26/66 (39%) running_loss=0.7180
train epoch 37/200 batch 39/66 (59%) running_loss=0.7116
train epoch 37/200 batch 52/66 (79%) running_loss=0.7054
train epoch 37/200 batch 65/66 (98%) running_loss=0.7003
train epoch 37/200 batch 66/66 (100%) running_loss=0.6993
epoch 37/200 done: train_loss=0.6993 val_loss=0.3713 val_accuracy=0.8893 val_macro_f1=0.8402 val_macro_auc=0.9723 (checkpoint_metric=macro_auc)
train epoch 38/200 batch 13/66 (20%) running_loss=0.6379
train epoch 38/200 batch 26/66 (39%) running_loss=0.6795
train epoch 38/200 batch 39/66 (59%) running_loss=0.6767
train epoch 38/200 batch 52/66 (79%) running_loss=0.6883
train epoch 38/200 batch 65/66 (98%) running_loss=0.6859
train epoch 38/200 batch 66/66 (100%) running_loss=0.6845
epoch 38/200 done: train_loss=0.6845 val_loss=0.3991 val_accuracy=0.9180 val_macro_f1=0.8791 val_macro_auc=0.9675 (checkpoint_metric=macro_auc) [new best]
train epoch 39/200 batch 13/66 (20%) running_loss=0.6694
train epoch 39/200 batch 26/66 (39%) running_loss=0.6533
train epoch 39/200 batch 39/66 (59%) running_loss=0.6687
train epoch 39/200 batch 52/66 (79%) running_loss=0.6653
train epoch 39/200 batch 65/66 (98%) running_loss=0.6691
train epoch 39/200 batch 66/66 (100%) running_loss=0.6686
epoch 39/200 done: train_loss=0.6686 val_loss=0.5569 val_accuracy=0.8197 val_macro_f1=0.7934 val_macro_auc=0.9693 (checkpoint_metric=macro_auc)
train epoch 40/200 batch 13/66 (20%) running_loss=0.6643
train epoch 40/200 batch 26/66 (39%) running_loss=0.6734
train epoch 40/200 batch 39/66 (59%) running_loss=0.6968
train epoch 40/200 batch 52/66 (79%) running_loss=0.6976
train epoch 40/200 batch 65/66 (98%) running_loss=0.6970
train epoch 40/200 batch 66/66 (100%) running_loss=0.6971
epoch 40/200 done: train_loss=0.6971 val_loss=0.4362 val_accuracy=0.8914 val_macro_f1=0.8507 val_macro_auc=0.9801 (checkpoint_metric=macro_auc) [new best]
train epoch 41/200 batch 13/66 (20%) running_loss=0.6572
train epoch 41/200 batch 26/66 (39%) running_loss=0.6668
train epoch 41/200 batch 39/66 (59%) running_loss=0.6672
train epoch 41/200 batch 52/66 (79%) running_loss=0.6695
train epoch 41/200 batch 65/66 (98%) running_loss=0.6673
train epoch 41/200 batch 66/66 (100%) running_loss=0.6656
epoch 41/200 done: train_loss=0.6656 val_loss=0.3891 val_accuracy=0.8955 val_macro_f1=0.8599 val_macro_auc=0.9807 (checkpoint_metric=macro_auc) [new best]
train epoch 42/200 batch 13/66 (20%) running_loss=0.6181
train epoch 42/200 batch 26/66 (39%) running_loss=0.6357
train epoch 42/200 batch 39/66 (59%) running_loss=0.6587
train epoch 42/200 batch 52/66 (79%) running_loss=0.6678
train epoch 42/200 batch 65/66 (98%) running_loss=0.6650
train epoch 42/200 batch 66/66 (100%) running_loss=0.6667
epoch 42/200 done: train_loss=0.6667 val_loss=0.4925 val_accuracy=0.8135 val_macro_f1=0.7884 val_macro_auc=0.9862 (checkpoint_metric=macro_auc) [new best]
train epoch 43/200 batch 13/66 (20%) running_loss=0.6832
train epoch 43/200 batch 26/66 (39%) running_loss=0.6805
train epoch 43/200 batch 39/66 (59%) running_loss=0.6837
train epoch 43/200 batch 52/66 (79%) running_loss=0.6770
train epoch 43/200 batch 65/66 (98%) running_loss=0.6689
train epoch 43/200 batch 66/66 (100%) running_loss=0.6686
epoch 43/200 done: train_loss=0.6686 val_loss=0.4066 val_accuracy=0.9016 val_macro_f1=0.8672 val_macro_auc=0.9824 (checkpoint_metric=macro_auc) [new best]
train epoch 44/200 batch 13/66 (20%) running_loss=0.6589
train epoch 44/200 batch 26/66 (39%) running_loss=0.6768
train epoch 44/200 batch 39/66 (59%) running_loss=0.6470
train epoch 44/200 batch 52/66 (79%) running_loss=0.6464
train epoch 44/200 batch 65/66 (98%) running_loss=0.6485
train epoch 44/200 batch 66/66 (100%) running_loss=0.6481
epoch 44/200 done: train_loss=0.6481 val_loss=0.4560 val_accuracy=0.8545 val_macro_f1=0.8284 val_macro_auc=0.9822 (checkpoint_metric=macro_auc) [new best]
train epoch 45/200 batch 13/66 (20%) running_loss=0.6358
train epoch 45/200 batch 26/66 (39%) running_loss=0.6399
train epoch 45/200 batch 39/66 (59%) running_loss=0.6316
train epoch 45/200 batch 52/66 (79%) running_loss=0.6356
train epoch 45/200 batch 65/66 (98%) running_loss=0.6413
train epoch 45/200 batch 66/66 (100%) running_loss=0.6402
epoch 45/200 done: train_loss=0.6402 val_loss=0.5970 val_accuracy=0.7602 val_macro_f1=0.6258 val_macro_auc=0.9285 (checkpoint_metric=macro_auc)
train epoch 46/200 batch 13/66 (20%) running_loss=0.6415
train epoch 46/200 batch 26/66 (39%) running_loss=0.6431
train epoch 46/200 batch 39/66 (59%) running_loss=0.6348
train epoch 46/200 batch 52/66 (79%) running_loss=0.6383
train epoch 46/200 batch 65/66 (98%) running_loss=0.6351
train epoch 46/200 batch 66/66 (100%) running_loss=0.6357
epoch 46/200 done: train_loss=0.6357 val_loss=0.7317 val_accuracy=0.7049 val_macro_f1=0.5154 val_macro_auc=0.8959 (checkpoint_metric=macro_auc)
train epoch 47/200 batch 13/66 (20%) running_loss=0.6051
train epoch 47/200 batch 26/66 (39%) running_loss=0.6251
train epoch 47/200 batch 39/66 (59%) running_loss=0.6369
train epoch 47/200 batch 52/66 (79%) running_loss=0.6257
train epoch 47/200 batch 65/66 (98%) running_loss=0.6308
train epoch 47/200 batch 66/66 (100%) running_loss=0.6306
epoch 47/200 done: train_loss=0.6306 val_loss=0.3727 val_accuracy=0.9057 val_macro_f1=0.8793 val_macro_auc=0.9853 (checkpoint_metric=macro_auc)
train epoch 48/200 batch 13/66 (20%) running_loss=0.5983
train epoch 48/200 batch 26/66 (39%) running_loss=0.6238
train epoch 48/200 batch 39/66 (59%) running_loss=0.6271
train epoch 48/200 batch 52/66 (79%) running_loss=0.6201
train epoch 48/200 batch 65/66 (98%) running_loss=0.6205
train epoch 48/200 batch 66/66 (100%) running_loss=0.6203
epoch 48/200 done: train_loss=0.6203 val_loss=0.3640 val_accuracy=0.9324 val_macro_f1=0.9065 val_macro_auc=0.9904 (checkpoint_metric=macro_auc)
train epoch 49/200 batch 13/66 (20%) running_loss=0.6350
train epoch 49/200 batch 26/66 (39%) running_loss=0.6353
train epoch 49/200 batch 39/66 (59%) running_loss=0.6385
train epoch 49/200 batch 52/66 (79%) running_loss=0.6316
train epoch 49/200 batch 65/66 (98%) running_loss=0.6337
train epoch 49/200 batch 66/66 (100%) running_loss=0.6331
epoch 49/200 done: train_loss=0.6331 val_loss=0.4707 val_accuracy=0.8053 val_macro_f1=0.7196 val_macro_auc=0.9692 (checkpoint_metric=macro_auc)
train epoch 50/200 batch 13/66 (20%) running_loss=0.6088
train epoch 50/200 batch 26/66 (39%) running_loss=0.6054
train epoch 50/200 batch 39/66 (59%) running_loss=0.6149
train epoch 50/200 batch 52/66 (79%) running_loss=0.6145
train epoch 50/200 batch 65/66 (98%) running_loss=0.6189
train epoch 50/200 batch 66/66 (100%) running_loss=0.6191
epoch 50/200 done: train_loss=0.6191 val_loss=0.3606 val_accuracy=0.8750 val_macro_f1=0.8413 val_macro_auc=0.9813 (checkpoint_metric=macro_auc)
train epoch 51/200 batch 13/66 (20%) running_loss=0.6685
train epoch 51/200 batch 26/66 (39%) running_loss=0.6451
train epoch 51/200 batch 39/66 (59%) running_loss=0.6336
train epoch 51/200 batch 52/66 (79%) running_loss=0.6320
train epoch 51/200 batch 65/66 (98%) running_loss=0.6305
train epoch 51/200 batch 66/66 (100%) running_loss=0.6306
epoch 51/200 done: train_loss=0.6306 val_loss=0.3617 val_accuracy=0.9221 val_macro_f1=0.8952 val_macro_auc=0.9892 (checkpoint_metric=macro_auc)
train epoch 52/200 batch 13/66 (20%) running_loss=0.6129
train epoch 52/200 batch 26/66 (39%) running_loss=0.6309
train epoch 52/200 batch 39/66 (59%) running_loss=0.6178
train epoch 52/200 batch 52/66 (79%) running_loss=0.6162
train epoch 52/200 batch 65/66 (98%) running_loss=0.6067
train epoch 52/200 batch 66/66 (100%) running_loss=0.6078
epoch 52/200 done: train_loss=0.6078 val_loss=0.3382 val_accuracy=0.9242 val_macro_f1=0.8972 val_macro_auc=0.9883 (checkpoint_metric=macro_auc) [new best]
train epoch 53/200 batch 13/66 (20%) running_loss=0.5979
train epoch 53/200 batch 26/66 (39%) running_loss=0.6128
train epoch 53/200 batch 39/66 (59%) running_loss=0.6066
train epoch 53/200 batch 52/66 (79%) running_loss=0.6120
train epoch 53/200 batch 65/66 (98%) running_loss=0.6102
train epoch 53/200 batch 66/66 (100%) running_loss=0.6110
epoch 53/200 done: train_loss=0.6110 val_loss=0.3437 val_accuracy=0.8668 val_macro_f1=0.7845 val_macro_auc=0.9744 (checkpoint_metric=macro_auc)
train epoch 54/200 batch 13/66 (20%) running_loss=0.5991
train epoch 54/200 batch 26/66 (39%) running_loss=0.5991
train epoch 54/200 batch 39/66 (59%) running_loss=0.6161
train epoch 54/200 batch 52/66 (79%) running_loss=0.6083
train epoch 54/200 batch 65/66 (98%) running_loss=0.6059
train epoch 54/200 batch 66/66 (100%) running_loss=0.6047
epoch 54/200 done: train_loss=0.6047 val_loss=0.6078 val_accuracy=0.7520 val_macro_f1=0.7336 val_macro_auc=0.9778 (checkpoint_metric=macro_auc)
train epoch 55/200 batch 13/66 (20%) running_loss=0.5690
train epoch 55/200 batch 26/66 (39%) running_loss=0.6085
train epoch 55/200 batch 39/66 (59%) running_loss=0.5968
train epoch 55/200 batch 52/66 (79%) running_loss=0.6119
train epoch 55/200 batch 65/66 (98%) running_loss=0.6089
train epoch 55/200 batch 66/66 (100%) running_loss=0.6075
epoch 55/200 done: train_loss=0.6075 val_loss=0.3055 val_accuracy=0.9201 val_macro_f1=0.8881 val_macro_auc=0.9902 (checkpoint_metric=macro_auc)
train epoch 56/200 batch 13/66 (20%) running_loss=0.5952
train epoch 56/200 batch 26/66 (39%) running_loss=0.6051
train epoch 56/200 batch 39/66 (59%) running_loss=0.6031
train epoch 56/200 batch 52/66 (79%) running_loss=0.6079
train epoch 56/200 batch 65/66 (98%) running_loss=0.6112
train epoch 56/200 batch 66/66 (100%) running_loss=0.6102
epoch 56/200 done: train_loss=0.6102 val_loss=0.2664 val_accuracy=0.9549 val_macro_f1=0.9351 val_macro_auc=0.9923 (checkpoint_metric=macro_auc) [new best]
train epoch 57/200 batch 13/66 (20%) running_loss=0.5832
train epoch 57/200 batch 26/66 (39%) running_loss=0.5854
train epoch 57/200 batch 39/66 (59%) running_loss=0.5858
train epoch 57/200 batch 52/66 (79%) running_loss=0.5877
train epoch 57/200 batch 65/66 (98%) running_loss=0.5887
train epoch 57/200 batch 66/66 (100%) running_loss=0.5894
epoch 57/200 done: train_loss=0.5894 val_loss=0.3425 val_accuracy=0.8914 val_macro_f1=0.8348 val_macro_auc=0.9778 (checkpoint_metric=macro_auc)
train epoch 58/200 batch 13/66 (20%) running_loss=0.6500
train epoch 58/200 batch 26/66 (39%) running_loss=0.6313
train epoch 58/200 batch 39/66 (59%) running_loss=0.6092
train epoch 58/200 batch 52/66 (79%) running_loss=0.5996
train epoch 58/200 batch 65/66 (98%) running_loss=0.5922
train epoch 58/200 batch 66/66 (100%) running_loss=0.5911
epoch 58/200 done: train_loss=0.5911 val_loss=0.3109 val_accuracy=0.8934 val_macro_f1=0.8261 val_macro_auc=0.9815 (checkpoint_metric=macro_auc)
train epoch 59/200 batch 13/66 (20%) running_loss=0.6004
train epoch 59/200 batch 26/66 (39%) running_loss=0.6217
train epoch 59/200 batch 39/66 (59%) running_loss=0.6104
train epoch 59/200 batch 52/66 (79%) running_loss=0.6058
train epoch 59/200 batch 65/66 (98%) running_loss=0.6079
train epoch 59/200 batch 66/66 (100%) running_loss=0.6088
epoch 59/200 done: train_loss=0.6088 val_loss=0.3564 val_accuracy=0.8975 val_macro_f1=0.8509 val_macro_auc=0.9831 (checkpoint_metric=macro_auc)
train epoch 60/200 batch 13/66 (20%) running_loss=0.6008
train epoch 60/200 batch 26/66 (39%) running_loss=0.6125
train epoch 60/200 batch 39/66 (59%) running_loss=0.6038
train epoch 60/200 batch 52/66 (79%) running_loss=0.6059
train epoch 60/200 batch 65/66 (98%) running_loss=0.6085
train epoch 60/200 batch 66/66 (100%) running_loss=0.6074
epoch 60/200 done: train_loss=0.6074 val_loss=0.2966 val_accuracy=0.9385 val_macro_f1=0.9183 val_macro_auc=0.9896 (checkpoint_metric=macro_auc)
train epoch 61/200 batch 13/66 (20%) running_loss=0.6164
train epoch 61/200 batch 26/66 (39%) running_loss=0.6109
train epoch 61/200 batch 39/66 (59%) running_loss=0.5936
train epoch 61/200 batch 52/66 (79%) running_loss=0.5952
train epoch 61/200 batch 65/66 (98%) running_loss=0.5898
train epoch 61/200 batch 66/66 (100%) running_loss=0.5891
epoch 61/200 done: train_loss=0.5891 val_loss=0.3306 val_accuracy=0.9324 val_macro_f1=0.9026 val_macro_auc=0.9865 (checkpoint_metric=macro_auc)
train epoch 62/200 batch 13/66 (20%) running_loss=0.5801
train epoch 62/200 batch 26/66 (39%) running_loss=0.5569
train epoch 62/200 batch 39/66 (59%) running_loss=0.5580
train epoch 62/200 batch 52/66 (79%) running_loss=0.5833
train epoch 62/200 batch 65/66 (98%) running_loss=0.5851
train epoch 62/200 batch 66/66 (100%) running_loss=0.5848
epoch 62/200 done: train_loss=0.5848 val_loss=0.2904 val_accuracy=0.9262 val_macro_f1=0.8895 val_macro_auc=0.9885 (checkpoint_metric=macro_auc) [new best]
train epoch 63/200 batch 13/66 (20%) running_loss=0.5353
train epoch 63/200 batch 26/66 (39%) running_loss=0.5483
train epoch 63/200 batch 39/66 (59%) running_loss=0.5623
train epoch 63/200 batch 52/66 (79%) running_loss=0.5592
train epoch 63/200 batch 65/66 (98%) running_loss=0.5626
train epoch 63/200 batch 66/66 (100%) running_loss=0.5641
epoch 63/200 done: train_loss=0.5641 val_loss=0.3732 val_accuracy=0.8832 val_macro_f1=0.8581 val_macro_auc=0.9951 (checkpoint_metric=macro_auc) [new best]
train epoch 64/200 batch 13/66 (20%) running_loss=0.5573
train epoch 64/200 batch 26/66 (39%) running_loss=0.5784
train epoch 64/200 batch 39/66 (59%) running_loss=0.5833
train epoch 64/200 batch 52/66 (79%) running_loss=0.5928
train epoch 64/200 batch 65/66 (98%) running_loss=0.5874
train epoch 64/200 batch 66/66 (100%) running_loss=0.5865
epoch 64/200 done: train_loss=0.5865 val_loss=0.2994 val_accuracy=0.9303 val_macro_f1=0.9031 val_macro_auc=0.9930 (checkpoint_metric=macro_auc) [new best]
train epoch 65/200 batch 13/66 (20%) running_loss=0.5578
train epoch 65/200 batch 26/66 (39%) running_loss=0.5822
train epoch 65/200 batch 39/66 (59%) running_loss=0.5684
train epoch 65/200 batch 52/66 (79%) running_loss=0.5684
train epoch 65/200 batch 65/66 (98%) running_loss=0.5634
train epoch 65/200 batch 66/66 (100%) running_loss=0.5636
epoch 65/200 done: train_loss=0.5636 val_loss=0.3676 val_accuracy=0.8893 val_macro_f1=0.8672 val_macro_auc=0.9907 (checkpoint_metric=macro_auc) [new best]
train epoch 66/200 batch 13/66 (20%) running_loss=0.5718
train epoch 66/200 batch 26/66 (39%) running_loss=0.5765
train epoch 66/200 batch 39/66 (59%) running_loss=0.5688
train epoch 66/200 batch 52/66 (79%) running_loss=0.5659
train epoch 66/200 batch 65/66 (98%) running_loss=0.5739
train epoch 66/200 batch 66/66 (100%) running_loss=0.5726
epoch 66/200 done: train_loss=0.5726 val_loss=0.3272 val_accuracy=0.9139 val_macro_f1=0.8812 val_macro_auc=0.9905 (checkpoint_metric=macro_auc)
train epoch 67/200 batch 13/66 (20%) running_loss=0.5462
train epoch 67/200 batch 26/66 (39%) running_loss=0.5591
train epoch 67/200 batch 39/66 (59%) running_loss=0.5546
train epoch 67/200 batch 52/66 (79%) running_loss=0.5676
train epoch 67/200 batch 65/66 (98%) running_loss=0.5754
train epoch 67/200 batch 66/66 (100%) running_loss=0.5757
epoch 67/200 done: train_loss=0.5757 val_loss=0.3435 val_accuracy=0.9078 val_macro_f1=0.8500 val_macro_auc=0.9825 (checkpoint_metric=macro_auc)
train epoch 68/200 batch 13/66 (20%) running_loss=0.5268
train epoch 68/200 batch 26/66 (39%) running_loss=0.5558
train epoch 68/200 batch 39/66 (59%) running_loss=0.5557
train epoch 68/200 batch 52/66 (79%) running_loss=0.5611
train epoch 68/200 batch 65/66 (98%) running_loss=0.5644
train epoch 68/200 batch 66/66 (100%) running_loss=0.5636
epoch 68/200 done: train_loss=0.5636 val_loss=0.2768 val_accuracy=0.9508 val_macro_f1=0.9294 val_macro_auc=0.9940 (checkpoint_metric=macro_auc)
train epoch 69/200 batch 13/66 (20%) running_loss=0.5600
train epoch 69/200 batch 26/66 (39%) running_loss=0.5660
train epoch 69/200 batch 39/66 (59%) running_loss=0.5650
train epoch 69/200 batch 52/66 (79%) running_loss=0.5581
train epoch 69/200 batch 65/66 (98%) running_loss=0.5551
train epoch 69/200 batch 66/66 (100%) running_loss=0.5554
epoch 69/200 done: train_loss=0.5554 val_loss=0.3059 val_accuracy=0.9078 val_macro_f1=0.8847 val_macro_auc=0.9933 (checkpoint_metric=macro_auc)
train epoch 70/200 batch 13/66 (20%) running_loss=0.5191
train epoch 70/200 batch 26/66 (39%) running_loss=0.5204
train epoch 70/200 batch 39/66 (59%) running_loss=0.5293
train epoch 70/200 batch 52/66 (79%) running_loss=0.5335
train epoch 70/200 batch 65/66 (98%) running_loss=0.5385
train epoch 70/200 batch 66/66 (100%) running_loss=0.5395
epoch 70/200 done: train_loss=0.5395 val_loss=0.3229 val_accuracy=0.9467 val_macro_f1=0.9258 val_macro_auc=0.9927 (checkpoint_metric=macro_auc) [new best]
train epoch 71/200 batch 13/66 (20%) running_loss=0.5522
train epoch 71/200 batch 26/66 (39%) running_loss=0.5597
train epoch 71/200 batch 39/66 (59%) running_loss=0.5692
train epoch 71/200 batch 52/66 (79%) running_loss=0.5682
train epoch 71/200 batch 65/66 (98%) running_loss=0.5624
train epoch 71/200 batch 66/66 (100%) running_loss=0.5625
epoch 71/200 done: train_loss=0.5625 val_loss=0.4966 val_accuracy=0.7951 val_macro_f1=0.7673 val_macro_auc=0.9806 (checkpoint_metric=macro_auc)
train epoch 72/200 batch 13/66 (20%) running_loss=0.5945
train epoch 72/200 batch 26/66 (39%) running_loss=0.5838
train epoch 72/200 batch 39/66 (59%) running_loss=0.5902
train epoch 72/200 batch 52/66 (79%) running_loss=0.5768
train epoch 72/200 batch 65/66 (98%) running_loss=0.5725
train epoch 72/200 batch 66/66 (100%) running_loss=0.5727
epoch 72/200 done: train_loss=0.5727 val_loss=0.2354 val_accuracy=0.9488 val_macro_f1=0.9288 val_macro_auc=0.9947 (checkpoint_metric=macro_auc)
train epoch 73/200 batch 13/66 (20%) running_loss=0.5661
train epoch 73/200 batch 26/66 (39%) running_loss=0.5603
train epoch 73/200 batch 39/66 (59%) running_loss=0.5540
train epoch 73/200 batch 52/66 (79%) running_loss=0.5550
train epoch 73/200 batch 65/66 (98%) running_loss=0.5591
train epoch 73/200 batch 66/66 (100%) running_loss=0.5597
epoch 73/200 done: train_loss=0.5597 val_loss=0.2535 val_accuracy=0.9365 val_macro_f1=0.9110 val_macro_auc=0.9922 (checkpoint_metric=macro_auc)
train epoch 74/200 batch 13/66 (20%) running_loss=0.5351
train epoch 74/200 batch 26/66 (39%) running_loss=0.5484
train epoch 74/200 batch 39/66 (59%) running_loss=0.5535
train epoch 74/200 batch 52/66 (79%) running_loss=0.5515
train epoch 74/200 batch 65/66 (98%) running_loss=0.5580
train epoch 74/200 batch 66/66 (100%) running_loss=0.5582
epoch 74/200 done: train_loss=0.5582 val_loss=0.3057 val_accuracy=0.9324 val_macro_f1=0.9134 val_macro_auc=0.9951 (checkpoint_metric=macro_auc) [new best]
train epoch 75/200 batch 13/66 (20%) running_loss=0.5632
train epoch 75/200 batch 26/66 (39%) running_loss=0.5548
train epoch 75/200 batch 39/66 (59%) running_loss=0.5478
train epoch 75/200 batch 52/66 (79%) running_loss=0.5480
train epoch 75/200 batch 65/66 (98%) running_loss=0.5437
train epoch 75/200 batch 66/66 (100%) running_loss=0.5447
epoch 75/200 done: train_loss=0.5447 val_loss=0.3616 val_accuracy=0.8955 val_macro_f1=0.8785 val_macro_auc=0.9932 (checkpoint_metric=macro_auc)
train epoch 76/200 batch 13/66 (20%) running_loss=0.5544
train epoch 76/200 batch 26/66 (39%) running_loss=0.5558
train epoch 76/200 batch 39/66 (59%) running_loss=0.5573
train epoch 76/200 batch 52/66 (79%) running_loss=0.5575
train epoch 76/200 batch 65/66 (98%) running_loss=0.5607
train epoch 76/200 batch 66/66 (100%) running_loss=0.5606
epoch 76/200 done: train_loss=0.5606 val_loss=0.2889 val_accuracy=0.9324 val_macro_f1=0.9026 val_macro_auc=0.9912 (checkpoint_metric=macro_auc)
train epoch 77/200 batch 13/66 (20%) running_loss=0.5279
train epoch 77/200 batch 26/66 (39%) running_loss=0.5513
train epoch 77/200 batch 39/66 (59%) running_loss=0.5518
train epoch 77/200 batch 52/66 (79%) running_loss=0.5582
train epoch 77/200 batch 65/66 (98%) running_loss=0.5494
train epoch 77/200 batch 66/66 (100%) running_loss=0.5487
epoch 77/200 done: train_loss=0.5487 val_loss=0.2368 val_accuracy=0.9631 val_macro_f1=0.9442 val_macro_auc=0.9933 (checkpoint_metric=macro_auc)
train epoch 78/200 batch 13/66 (20%) running_loss=0.5379
train epoch 78/200 batch 26/66 (39%) running_loss=0.5457
train epoch 78/200 batch 39/66 (59%) running_loss=0.5354
train epoch 78/200 batch 52/66 (79%) running_loss=0.5464
train epoch 78/200 batch 65/66 (98%) running_loss=0.5437
train epoch 78/200 batch 66/66 (100%) running_loss=0.5430
epoch 78/200 done: train_loss=0.5430 val_loss=0.2302 val_accuracy=0.9611 val_macro_f1=0.9471 val_macro_auc=0.9944 (checkpoint_metric=macro_auc)
train epoch 79/200 batch 13/66 (20%) running_loss=0.5435
train epoch 79/200 batch 26/66 (39%) running_loss=0.5672
train epoch 79/200 batch 39/66 (59%) running_loss=0.5466
train epoch 79/200 batch 52/66 (79%) running_loss=0.5441
train epoch 79/200 batch 65/66 (98%) running_loss=0.5476
train epoch 79/200 batch 66/66 (100%) running_loss=0.5476
epoch 79/200 done: train_loss=0.5476 val_loss=0.2663 val_accuracy=0.9570 val_macro_f1=0.9420 val_macro_auc=0.9926 (checkpoint_metric=macro_auc)
train epoch 80/200 batch 13/66 (20%) running_loss=0.5412
train epoch 80/200 batch 26/66 (39%) running_loss=0.5308
train epoch 80/200 batch 39/66 (59%) running_loss=0.5344
train epoch 80/200 batch 52/66 (79%) running_loss=0.5355
train epoch 80/200 batch 65/66 (98%) running_loss=0.5291
train epoch 80/200 batch 66/66 (100%) running_loss=0.5285
epoch 80/200 done: train_loss=0.5285 val_loss=0.4279 val_accuracy=0.8443 val_macro_f1=0.8229 val_macro_auc=0.9919 (checkpoint_metric=macro_auc)
train epoch 81/200 batch 13/66 (20%) running_loss=0.5420
train epoch 81/200 batch 26/66 (39%) running_loss=0.5269
train epoch 81/200 batch 39/66 (59%) running_loss=0.5404
train epoch 81/200 batch 52/66 (79%) running_loss=0.5380
train epoch 81/200 batch 65/66 (98%) running_loss=0.5321
train epoch 81/200 batch 66/66 (100%) running_loss=0.5341
epoch 81/200 done: train_loss=0.5341 val_loss=0.2808 val_accuracy=0.9057 val_macro_f1=0.8792 val_macro_auc=0.9903 (checkpoint_metric=macro_auc)
train epoch 82/200 batch 13/66 (20%) running_loss=0.5841
train epoch 82/200 batch 26/66 (39%) running_loss=0.5566
train epoch 82/200 batch 39/66 (59%) running_loss=0.5387
train epoch 82/200 batch 52/66 (79%) running_loss=0.5414
train epoch 82/200 batch 65/66 (98%) running_loss=0.5378
train epoch 82/200 batch 66/66 (100%) running_loss=0.5372
epoch 82/200 done: train_loss=0.5372 val_loss=0.2646 val_accuracy=0.9385 val_macro_f1=0.9184 val_macro_auc=0.9959 (checkpoint_metric=macro_auc)
train epoch 83/200 batch 13/66 (20%) running_loss=0.5088
train epoch 83/200 batch 26/66 (39%) running_loss=0.5023
train epoch 83/200 batch 39/66 (59%) running_loss=0.5165
train epoch 83/200 batch 52/66 (79%) running_loss=0.5168
train epoch 83/200 batch 65/66 (98%) running_loss=0.5199
train epoch 83/200 batch 66/66 (100%) running_loss=0.5201
epoch 83/200 done: train_loss=0.5201 val_loss=0.2537 val_accuracy=0.9529 val_macro_f1=0.9332 val_macro_auc=0.9912 (checkpoint_metric=macro_auc)
train epoch 84/200 batch 13/66 (20%) running_loss=0.5426
train epoch 84/200 batch 26/66 (39%) running_loss=0.5300
train epoch 84/200 batch 39/66 (59%) running_loss=0.5214
train epoch 84/200 batch 52/66 (79%) running_loss=0.5165
train epoch 84/200 batch 65/66 (98%) running_loss=0.5172
train epoch 84/200 batch 66/66 (100%) running_loss=0.5164
epoch 84/200 done: train_loss=0.5164 val_loss=0.2962 val_accuracy=0.9447 val_macro_f1=0.9168 val_macro_auc=0.9843 (checkpoint_metric=macro_auc)
train epoch 85/200 batch 13/66 (20%) running_loss=0.5060
train epoch 85/200 batch 26/66 (39%) running_loss=0.5133
train epoch 85/200 batch 39/66 (59%) running_loss=0.5127
train epoch 85/200 batch 52/66 (79%) running_loss=0.5136
train epoch 85/200 batch 65/66 (98%) running_loss=0.5092
train epoch 85/200 batch 66/66 (100%) running_loss=0.5099
epoch 85/200 done: train_loss=0.5099 val_loss=0.2727 val_accuracy=0.9201 val_macro_f1=0.8957 val_macro_auc=0.9939 (checkpoint_metric=macro_auc)
train epoch 86/200 batch 13/66 (20%) running_loss=0.5236
train epoch 86/200 batch 26/66 (39%) running_loss=0.5255
train epoch 86/200 batch 39/66 (59%) running_loss=0.5202
train epoch 86/200 batch 52/66 (79%) running_loss=0.5343
train epoch 86/200 batch 65/66 (98%) running_loss=0.5311
train epoch 86/200 batch 66/66 (100%) running_loss=0.5308
epoch 86/200 done: train_loss=0.5308 val_loss=0.3273 val_accuracy=0.9119 val_macro_f1=0.8901 val_macro_auc=0.9958 (checkpoint_metric=macro_auc)
train epoch 87/200 batch 13/66 (20%) running_loss=0.5492
train epoch 87/200 batch 26/66 (39%) running_loss=0.5404
train epoch 87/200 batch 39/66 (59%) running_loss=0.5327
train epoch 87/200 batch 52/66 (79%) running_loss=0.5340
train epoch 87/200 batch 65/66 (98%) running_loss=0.5251
train epoch 87/200 batch 66/66 (100%) running_loss=0.5255
epoch 87/200 done: train_loss=0.5255 val_loss=0.2486 val_accuracy=0.9447 val_macro_f1=0.9197 val_macro_auc=0.9925 (checkpoint_metric=macro_auc) [new best]
train epoch 88/200 batch 13/66 (20%) running_loss=0.5066
train epoch 88/200 batch 26/66 (39%) running_loss=0.5086
train epoch 88/200 batch 39/66 (59%) running_loss=0.5064
train epoch 88/200 batch 52/66 (79%) running_loss=0.5052
train epoch 88/200 batch 65/66 (98%) running_loss=0.5115
train epoch 88/200 batch 66/66 (100%) running_loss=0.5110
epoch 88/200 done: train_loss=0.5110 val_loss=0.4812 val_accuracy=0.8094 val_macro_f1=0.7565 val_macro_auc=0.9766 (checkpoint_metric=macro_auc)
train epoch 89/200 batch 13/66 (20%) running_loss=0.5261
train epoch 89/200 batch 26/66 (39%) running_loss=0.5135
train epoch 89/200 batch 39/66 (59%) running_loss=0.4988
train epoch 89/200 batch 52/66 (79%) running_loss=0.5051
train epoch 89/200 batch 65/66 (98%) running_loss=0.5127
train epoch 89/200 batch 66/66 (100%) running_loss=0.5139
epoch 89/200 done: train_loss=0.5139 val_loss=0.2539 val_accuracy=0.9529 val_macro_f1=0.9311 val_macro_auc=0.9919 (checkpoint_metric=macro_auc)
train epoch 90/200 batch 13/66 (20%) running_loss=0.5050
train epoch 90/200 batch 26/66 (39%) running_loss=0.5146
train epoch 90/200 batch 39/66 (59%) running_loss=0.5052
train epoch 90/200 batch 52/66 (79%) running_loss=0.5039
train epoch 90/200 batch 65/66 (98%) running_loss=0.5079
train epoch 90/200 batch 66/66 (100%) running_loss=0.5083
epoch 90/200 done: train_loss=0.5083 val_loss=0.2542 val_accuracy=0.9570 val_macro_f1=0.9449 val_macro_auc=0.9968 (checkpoint_metric=macro_auc)
train epoch 91/200 batch 13/66 (20%) running_loss=0.5165
train epoch 91/200 batch 26/66 (39%) running_loss=0.5388
train epoch 91/200 batch 39/66 (59%) running_loss=0.5323
train epoch 91/200 batch 52/66 (79%) running_loss=0.5179
train epoch 91/200 batch 65/66 (98%) running_loss=0.5178
train epoch 91/200 batch 66/66 (100%) running_loss=0.5180
epoch 91/200 done: train_loss=0.5180 val_loss=0.2274 val_accuracy=0.9303 val_macro_f1=0.9084 val_macro_auc=0.9940 (checkpoint_metric=macro_auc) [new best]
train epoch 92/200 batch 13/66 (20%) running_loss=0.5421
train epoch 92/200 batch 26/66 (39%) running_loss=0.5429
train epoch 92/200 batch 39/66 (59%) running_loss=0.5415
train epoch 92/200 batch 52/66 (79%) running_loss=0.5346
train epoch 92/200 batch 65/66 (98%) running_loss=0.5288
train epoch 92/200 batch 66/66 (100%) running_loss=0.5307
epoch 92/200 done: train_loss=0.5307 val_loss=0.2630 val_accuracy=0.9119 val_macro_f1=0.8550 val_macro_auc=0.9904 (checkpoint_metric=macro_auc)
train epoch 93/200 batch 13/66 (20%) running_loss=0.5212
train epoch 93/200 batch 26/66 (39%) running_loss=0.5287
train epoch 93/200 batch 39/66 (59%) running_loss=0.5167
train epoch 93/200 batch 52/66 (79%) running_loss=0.5241
train epoch 93/200 batch 65/66 (98%) running_loss=0.5195
train epoch 93/200 batch 66/66 (100%) running_loss=0.5200
epoch 93/200 done: train_loss=0.5200 val_loss=0.2499 val_accuracy=0.9283 val_macro_f1=0.8971 val_macro_auc=0.9871 (checkpoint_metric=macro_auc)
train epoch 94/200 batch 13/66 (20%) running_loss=0.5393
train epoch 94/200 batch 26/66 (39%) running_loss=0.5164
train epoch 94/200 batch 39/66 (59%) running_loss=0.5125
train epoch 94/200 batch 52/66 (79%) running_loss=0.5238
train epoch 94/200 batch 65/66 (98%) running_loss=0.5270
train epoch 94/200 batch 66/66 (100%) running_loss=0.5255
epoch 94/200 done: train_loss=0.5255 val_loss=0.2720 val_accuracy=0.9324 val_macro_f1=0.9088 val_macro_auc=0.9953 (checkpoint_metric=macro_auc)
train epoch 95/200 batch 13/66 (20%) running_loss=0.5488
train epoch 95/200 batch 26/66 (39%) running_loss=0.5336
train epoch 95/200 batch 39/66 (59%) running_loss=0.5198
train epoch 95/200 batch 52/66 (79%) running_loss=0.5246
train epoch 95/200 batch 65/66 (98%) running_loss=0.5208
train epoch 95/200 batch 66/66 (100%) running_loss=0.5199
epoch 95/200 done: train_loss=0.5199 val_loss=0.2101 val_accuracy=0.9488 val_macro_f1=0.9267 val_macro_auc=0.9923 (checkpoint_metric=macro_auc)
train epoch 96/200 batch 13/66 (20%) running_loss=0.5288
train epoch 96/200 batch 26/66 (39%) running_loss=0.5093
train epoch 96/200 batch 39/66 (59%) running_loss=0.5188
train epoch 96/200 batch 52/66 (79%) running_loss=0.5121
train epoch 96/200 batch 65/66 (98%) running_loss=0.5079
train epoch 96/200 batch 66/66 (100%) running_loss=0.5072
epoch 96/200 done: train_loss=0.5072 val_loss=0.2535 val_accuracy=0.9385 val_macro_f1=0.9158 val_macro_auc=0.9965 (checkpoint_metric=macro_auc) [new best]
train epoch 97/200 batch 13/66 (20%) running_loss=0.5038
train epoch 97/200 batch 26/66 (39%) running_loss=0.4947
train epoch 97/200 batch 39/66 (59%) running_loss=0.5083
train epoch 97/200 batch 52/66 (79%) running_loss=0.5066
train epoch 97/200 batch 65/66 (98%) running_loss=0.5090
train epoch 97/200 batch 66/66 (100%) running_loss=0.5087
epoch 97/200 done: train_loss=0.5087 val_loss=0.2195 val_accuracy=0.9652 val_macro_f1=0.9486 val_macro_auc=0.9951 (checkpoint_metric=macro_auc)
train epoch 98/200 batch 13/66 (20%) running_loss=0.5001
train epoch 98/200 batch 26/66 (39%) running_loss=0.5095
train epoch 98/200 batch 39/66 (59%) running_loss=0.5064
train epoch 98/200 batch 52/66 (79%) running_loss=0.5102
train epoch 98/200 batch 65/66 (98%) running_loss=0.5054
train epoch 98/200 batch 66/66 (100%) running_loss=0.5061
epoch 98/200 done: train_loss=0.5061 val_loss=0.2566 val_accuracy=0.9447 val_macro_f1=0.9295 val_macro_auc=0.9953 (checkpoint_metric=macro_auc) [new best]
train epoch 99/200 batch 13/66 (20%) running_loss=0.4799
train epoch 99/200 batch 26/66 (39%) running_loss=0.4929
train epoch 99/200 batch 39/66 (59%) running_loss=0.5035
train epoch 99/200 batch 52/66 (79%) running_loss=0.5124
train epoch 99/200 batch 65/66 (98%) running_loss=0.5092
train epoch 99/200 batch 66/66 (100%) running_loss=0.5088
epoch 99/200 done: train_loss=0.5088 val_loss=0.2411 val_accuracy=0.9426 val_macro_f1=0.9229 val_macro_auc=0.9943 (checkpoint_metric=macro_auc)
train epoch 100/200 batch 13/66 (20%) running_loss=0.5174
train epoch 100/200 batch 26/66 (39%) running_loss=0.4937
train epoch 100/200 batch 39/66 (59%) running_loss=0.4948
train epoch 100/200 batch 52/66 (79%) running_loss=0.4965
train epoch 100/200 batch 65/66 (98%) running_loss=0.5016
train epoch 100/200 batch 66/66 (100%) running_loss=0.5015
epoch 100/200 done: train_loss=0.5015 val_loss=0.2943 val_accuracy=0.9037 val_macro_f1=0.8687 val_macro_auc=0.9834 (checkpoint_metric=macro_auc)
train epoch 101/200 batch 13/66 (20%) running_loss=0.5003
train epoch 101/200 batch 26/66 (39%) running_loss=0.5143
train epoch 101/200 batch 39/66 (59%) running_loss=0.5126
train epoch 101/200 batch 52/66 (79%) running_loss=0.5007
train epoch 101/200 batch 65/66 (98%) running_loss=0.5004
train epoch 101/200 batch 66/66 (100%) running_loss=0.5004
epoch 101/200 done: train_loss=0.5004 val_loss=0.2590 val_accuracy=0.9324 val_macro_f1=0.9122 val_macro_auc=0.9973 (checkpoint_metric=macro_auc)
train epoch 102/200 batch 13/66 (20%) running_loss=0.5530
train epoch 102/200 batch 26/66 (39%) running_loss=0.5269
train epoch 102/200 batch 39/66 (59%) running_loss=0.5105
train epoch 102/200 batch 52/66 (79%) running_loss=0.5161
train epoch 102/200 batch 65/66 (98%) running_loss=0.5085
train epoch 102/200 batch 66/66 (100%) running_loss=0.5099
epoch 102/200 done: train_loss=0.5099 val_loss=0.2847 val_accuracy=0.9303 val_macro_f1=0.9141 val_macro_auc=0.9961 (checkpoint_metric=macro_auc)
train epoch 103/200 batch 13/66 (20%) running_loss=0.4754
train epoch 103/200 batch 26/66 (39%) running_loss=0.4915
train epoch 103/200 batch 39/66 (59%) running_loss=0.4908
train epoch 103/200 batch 52/66 (79%) running_loss=0.4972
train epoch 103/200 batch 65/66 (98%) running_loss=0.4889
train epoch 103/200 batch 66/66 (100%) running_loss=0.4883
epoch 103/200 done: train_loss=0.4883 val_loss=0.2436 val_accuracy=0.9488 val_macro_f1=0.9304 val_macro_auc=0.9945 (checkpoint_metric=macro_auc) [new best]
train epoch 104/200 batch 13/66 (20%) running_loss=0.4962
train epoch 104/200 batch 26/66 (39%) running_loss=0.5037
train epoch 104/200 batch 39/66 (59%) running_loss=0.5192
train epoch 104/200 batch 52/66 (79%) running_loss=0.5120
train epoch 104/200 batch 65/66 (98%) running_loss=0.5117
train epoch 104/200 batch 66/66 (100%) running_loss=0.5107
epoch 104/200 done: train_loss=0.5107 val_loss=0.2164 val_accuracy=0.9529 val_macro_f1=0.9352 val_macro_auc=0.9967 (checkpoint_metric=macro_auc)
train epoch 105/200 batch 13/66 (20%) running_loss=0.4643
train epoch 105/200 batch 26/66 (39%) running_loss=0.4746
train epoch 105/200 batch 39/66 (59%) running_loss=0.4743
train epoch 105/200 batch 52/66 (79%) running_loss=0.4826
train epoch 105/200 batch 65/66 (98%) running_loss=0.4770
train epoch 105/200 batch 66/66 (100%) running_loss=0.4777
epoch 105/200 done: train_loss=0.4777 val_loss=0.2071 val_accuracy=0.9590 val_macro_f1=0.9407 val_macro_auc=0.9953 (checkpoint_metric=macro_auc)
train epoch 106/200 batch 13/66 (20%) running_loss=0.4642
train epoch 106/200 batch 26/66 (39%) running_loss=0.4787
train epoch 106/200 batch 39/66 (59%) running_loss=0.4757
train epoch 106/200 batch 52/66 (79%) running_loss=0.4762
train epoch 106/200 batch 65/66 (98%) running_loss=0.4863
train epoch 106/200 batch 66/66 (100%) running_loss=0.4869
epoch 106/200 done: train_loss=0.4869 val_loss=0.2094 val_accuracy=0.9467 val_macro_f1=0.9237 val_macro_auc=0.9924 (checkpoint_metric=macro_auc)
train epoch 107/200 batch 13/66 (20%) running_loss=0.4674
train epoch 107/200 batch 26/66 (39%) running_loss=0.4741
train epoch 107/200 batch 39/66 (59%) running_loss=0.4879
train epoch 107/200 batch 52/66 (79%) running_loss=0.4858
train epoch 107/200 batch 65/66 (98%) running_loss=0.4902
train epoch 107/200 batch 66/66 (100%) running_loss=0.4902
epoch 107/200 done: train_loss=0.4902 val_loss=0.1948 val_accuracy=0.9590 val_macro_f1=0.9442 val_macro_auc=0.9961 (checkpoint_metric=macro_auc)
train epoch 108/200 batch 13/66 (20%) running_loss=0.4859
train epoch 108/200 batch 26/66 (39%) running_loss=0.4679
train epoch 108/200 batch 39/66 (59%) running_loss=0.4669
train epoch 108/200 batch 52/66 (79%) running_loss=0.4734
train epoch 108/200 batch 65/66 (98%) running_loss=0.4789
train epoch 108/200 batch 66/66 (100%) running_loss=0.4807
epoch 108/200 done: train_loss=0.4807 val_loss=0.2325 val_accuracy=0.9406 val_macro_f1=0.9183 val_macro_auc=0.9949 (checkpoint_metric=macro_auc)
train epoch 109/200 batch 13/66 (20%) running_loss=0.5015
train epoch 109/200 batch 26/66 (39%) running_loss=0.4909
train epoch 109/200 batch 39/66 (59%) running_loss=0.4783
train epoch 109/200 batch 52/66 (79%) running_loss=0.4728
train epoch 109/200 batch 65/66 (98%) running_loss=0.4747
train epoch 109/200 batch 66/66 (100%) running_loss=0.4752
epoch 109/200 done: train_loss=0.4752 val_loss=0.2156 val_accuracy=0.9570 val_macro_f1=0.9461 val_macro_auc=0.9980 (checkpoint_metric=macro_auc) [new best]
train epoch 110/200 batch 13/66 (20%) running_loss=0.5167
train epoch 110/200 batch 26/66 (39%) running_loss=0.4975
train epoch 110/200 batch 39/66 (59%) running_loss=0.4946
train epoch 110/200 batch 52/66 (79%) running_loss=0.4964
train epoch 110/200 batch 65/66 (98%) running_loss=0.5053
train epoch 110/200 batch 66/66 (100%) running_loss=0.5042
epoch 110/200 done: train_loss=0.5042 val_loss=0.2842 val_accuracy=0.9221 val_macro_f1=0.9018 val_macro_auc=0.9951 (checkpoint_metric=macro_auc)
train epoch 111/200 batch 13/66 (20%) running_loss=0.4895
train epoch 111/200 batch 26/66 (39%) running_loss=0.4889
train epoch 111/200 batch 39/66 (59%) running_loss=0.4928
train epoch 111/200 batch 52/66 (79%) running_loss=0.4961
train epoch 111/200 batch 65/66 (98%) running_loss=0.4947
train epoch 111/200 batch 66/66 (100%) running_loss=0.4941
epoch 111/200 done: train_loss=0.4941 val_loss=0.2067 val_accuracy=0.9652 val_macro_f1=0.9504 val_macro_auc=0.9957 (checkpoint_metric=macro_auc)
train epoch 112/200 batch 13/66 (20%) running_loss=0.4399
train epoch 112/200 batch 26/66 (39%) running_loss=0.4494
train epoch 112/200 batch 39/66 (59%) running_loss=0.4697
train epoch 112/200 batch 52/66 (79%) running_loss=0.4740
train epoch 112/200 batch 65/66 (98%) running_loss=0.4727
train epoch 112/200 batch 66/66 (100%) running_loss=0.4732
epoch 112/200 done: train_loss=0.4732 val_loss=0.2431 val_accuracy=0.9508 val_macro_f1=0.9323 val_macro_auc=0.9927 (checkpoint_metric=macro_auc)
train epoch 113/200 batch 13/66 (20%) running_loss=0.4819
train epoch 113/200 batch 26/66 (39%) running_loss=0.4713
train epoch 113/200 batch 39/66 (59%) running_loss=0.4688
train epoch 113/200 batch 52/66 (79%) running_loss=0.4719
train epoch 113/200 batch 65/66 (98%) running_loss=0.4823
train epoch 113/200 batch 66/66 (100%) running_loss=0.4815
epoch 113/200 done: train_loss=0.4815 val_loss=0.2225 val_accuracy=0.9303 val_macro_f1=0.9051 val_macro_auc=0.9959 (checkpoint_metric=macro_auc)
train epoch 114/200 batch 13/66 (20%) running_loss=0.4828
train epoch 114/200 batch 26/66 (39%) running_loss=0.4591
train epoch 114/200 batch 39/66 (59%) running_loss=0.4676
train epoch 114/200 batch 52/66 (79%) running_loss=0.4755
train epoch 114/200 batch 65/66 (98%) running_loss=0.4741
train epoch 114/200 batch 66/66 (100%) running_loss=0.4733
epoch 114/200 done: train_loss=0.4733 val_loss=0.2106 val_accuracy=0.9529 val_macro_f1=0.9340 val_macro_auc=0.9962 (checkpoint_metric=macro_auc)
train epoch 115/200 batch 13/66 (20%) running_loss=0.4613
train epoch 115/200 batch 26/66 (39%) running_loss=0.4699
train epoch 115/200 batch 39/66 (59%) running_loss=0.4698
train epoch 115/200 batch 52/66 (79%) running_loss=0.4621
train epoch 115/200 batch 65/66 (98%) running_loss=0.4593
train epoch 115/200 batch 66/66 (100%) running_loss=0.4614
epoch 115/200 done: train_loss=0.4614 val_loss=0.2209 val_accuracy=0.9385 val_macro_f1=0.9154 val_macro_auc=0.9969 (checkpoint_metric=macro_auc) [new best]
train epoch 116/200 batch 13/66 (20%) running_loss=0.4343
train epoch 116/200 batch 26/66 (39%) running_loss=0.4437
train epoch 116/200 batch 39/66 (59%) running_loss=0.4461
train epoch 116/200 batch 52/66 (79%) running_loss=0.4480
train epoch 116/200 batch 65/66 (98%) running_loss=0.4527
train epoch 116/200 batch 66/66 (100%) running_loss=0.4530
epoch 116/200 done: train_loss=0.4530 val_loss=0.1991 val_accuracy=0.9529 val_macro_f1=0.9343 val_macro_auc=0.9967 (checkpoint_metric=macro_auc) [new best]
train epoch 117/200 batch 13/66 (20%) running_loss=0.4783
train epoch 117/200 batch 26/66 (39%) running_loss=0.4769
train epoch 117/200 batch 39/66 (59%) running_loss=0.4704
train epoch 117/200 batch 52/66 (79%) running_loss=0.4646
train epoch 117/200 batch 65/66 (98%) running_loss=0.4577
train epoch 117/200 batch 66/66 (100%) running_loss=0.4591
epoch 117/200 done: train_loss=0.4591 val_loss=0.2757 val_accuracy=0.9119 val_macro_f1=0.8877 val_macro_auc=0.9921 (checkpoint_metric=macro_auc)
train epoch 118/200 batch 13/66 (20%) running_loss=0.5010
train epoch 118/200 batch 26/66 (39%) running_loss=0.4869
train epoch 118/200 batch 39/66 (59%) running_loss=0.4755
train epoch 118/200 batch 52/66 (79%) running_loss=0.4746
train epoch 118/200 batch 65/66 (98%) running_loss=0.4792
train epoch 118/200 batch 66/66 (100%) running_loss=0.4804
epoch 118/200 done: train_loss=0.4804 val_loss=0.3024 val_accuracy=0.8934 val_macro_f1=0.8655 val_macro_auc=0.9938 (checkpoint_metric=macro_auc)
train epoch 119/200 batch 13/66 (20%) running_loss=0.4947
train epoch 119/200 batch 26/66 (39%) running_loss=0.4815
train epoch 119/200 batch 39/66 (59%) running_loss=0.4828
train epoch 119/200 batch 52/66 (79%) running_loss=0.4800
train epoch 119/200 batch 65/66 (98%) running_loss=0.4742
train epoch 119/200 batch 66/66 (100%) running_loss=0.4735
epoch 119/200 done: train_loss=0.4735 val_loss=0.1899 val_accuracy=0.9529 val_macro_f1=0.9338 val_macro_auc=0.9954 (checkpoint_metric=macro_auc)
train epoch 120/200 batch 13/66 (20%) running_loss=0.4768
train epoch 120/200 batch 26/66 (39%) running_loss=0.4789
train epoch 120/200 batch 39/66 (59%) running_loss=0.4766
train epoch 120/200 batch 52/66 (79%) running_loss=0.4795
train epoch 120/200 batch 65/66 (98%) running_loss=0.4781
train epoch 120/200 batch 66/66 (100%) running_loss=0.4779
epoch 120/200 done: train_loss=0.4779 val_loss=0.1844 val_accuracy=0.9590 val_macro_f1=0.9393 val_macro_auc=0.9964 (checkpoint_metric=macro_auc)
train epoch 121/200 batch 13/66 (20%) running_loss=0.4573
train epoch 121/200 batch 26/66 (39%) running_loss=0.4510
train epoch 121/200 batch 39/66 (59%) running_loss=0.4600
train epoch 121/200 batch 52/66 (79%) running_loss=0.4692
train epoch 121/200 batch 65/66 (98%) running_loss=0.4737
train epoch 121/200 batch 66/66 (100%) running_loss=0.4748
epoch 121/200 done: train_loss=0.4748 val_loss=0.1804 val_accuracy=0.9713 val_macro_f1=0.9598 val_macro_auc=0.9973 (checkpoint_metric=macro_auc)
train epoch 122/200 batch 13/66 (20%) running_loss=0.4412
train epoch 122/200 batch 26/66 (39%) running_loss=0.4404
train epoch 122/200 batch 39/66 (59%) running_loss=0.4503
train epoch 122/200 batch 52/66 (79%) running_loss=0.4538
train epoch 122/200 batch 65/66 (98%) running_loss=0.4566
train epoch 122/200 batch 66/66 (100%) running_loss=0.4575
epoch 122/200 done: train_loss=0.4575 val_loss=0.2371 val_accuracy=0.9324 val_macro_f1=0.9068 val_macro_auc=0.9942 (checkpoint_metric=macro_auc)
train epoch 123/200 batch 13/66 (20%) running_loss=0.4489
train epoch 123/200 batch 26/66 (39%) running_loss=0.4635
train epoch 123/200 batch 39/66 (59%) running_loss=0.4684
train epoch 123/200 batch 52/66 (79%) running_loss=0.4551
train epoch 123/200 batch 65/66 (98%) running_loss=0.4608
train epoch 123/200 batch 66/66 (100%) running_loss=0.4602
epoch 123/200 done: train_loss=0.4602 val_loss=0.2031 val_accuracy=0.9549 val_macro_f1=0.9393 val_macro_auc=0.9953 (checkpoint_metric=macro_auc)
train epoch 124/200 batch 13/66 (20%) running_loss=0.4954
train epoch 124/200 batch 26/66 (39%) running_loss=0.4780
train epoch 124/200 batch 39/66 (59%) running_loss=0.4756
train epoch 124/200 batch 52/66 (79%) running_loss=0.4749
train epoch 124/200 batch 65/66 (98%) running_loss=0.4732
train epoch 124/200 batch 66/66 (100%) running_loss=0.4725
epoch 124/200 done: train_loss=0.4725 val_loss=0.2098 val_accuracy=0.9488 val_macro_f1=0.9275 val_macro_auc=0.9965 (checkpoint_metric=macro_auc)
train epoch 125/200 batch 13/66 (20%) running_loss=0.4645
train epoch 125/200 batch 26/66 (39%) running_loss=0.4604
train epoch 125/200 batch 39/66 (59%) running_loss=0.4634
train epoch 125/200 batch 52/66 (79%) running_loss=0.4710
train epoch 125/200 batch 65/66 (98%) running_loss=0.4683
train epoch 125/200 batch 66/66 (100%) running_loss=0.4685
epoch 125/200 done: train_loss=0.4685 val_loss=0.2240 val_accuracy=0.9385 val_macro_f1=0.9174 val_macro_auc=0.9958 (checkpoint_metric=macro_auc)
train epoch 126/200 batch 13/66 (20%) running_loss=0.4492
train epoch 126/200 batch 26/66 (39%) running_loss=0.4349
train epoch 126/200 batch 39/66 (59%) running_loss=0.4425
train epoch 126/200 batch 52/66 (79%) running_loss=0.4385
train epoch 126/200 batch 65/66 (98%) running_loss=0.4522
train epoch 126/200 batch 66/66 (100%) running_loss=0.4533
epoch 126/200 done: train_loss=0.4533 val_loss=0.1865 val_accuracy=0.9693 val_macro_f1=0.9557 val_macro_auc=0.9973 (checkpoint_metric=macro_auc)
train epoch 127/200 batch 13/66 (20%) running_loss=0.4731
train epoch 127/200 batch 26/66 (39%) running_loss=0.4724
train epoch 127/200 batch 39/66 (59%) running_loss=0.4744
train epoch 127/200 batch 52/66 (79%) running_loss=0.4683
train epoch 127/200 batch 65/66 (98%) running_loss=0.4617
train epoch 127/200 batch 66/66 (100%) running_loss=0.4609
epoch 127/200 done: train_loss=0.4609 val_loss=0.1893 val_accuracy=0.9631 val_macro_f1=0.9504 val_macro_auc=0.9977 (checkpoint_metric=macro_auc) [new best]
train epoch 128/200 batch 13/66 (20%) running_loss=0.4630
train epoch 128/200 batch 26/66 (39%) running_loss=0.4608
train epoch 128/200 batch 39/66 (59%) running_loss=0.4745
train epoch 128/200 batch 52/66 (79%) running_loss=0.4695
train epoch 128/200 batch 65/66 (98%) running_loss=0.4676
train epoch 128/200 batch 66/66 (100%) running_loss=0.4688
epoch 128/200 done: train_loss=0.4688 val_loss=0.1748 val_accuracy=0.9631 val_macro_f1=0.9460 val_macro_auc=0.9966 (checkpoint_metric=macro_auc) [new best]
train epoch 129/200 batch 13/66 (20%) running_loss=0.4264
train epoch 129/200 batch 26/66 (39%) running_loss=0.4251
train epoch 129/200 batch 39/66 (59%) running_loss=0.4378
train epoch 129/200 batch 52/66 (79%) running_loss=0.4404
train epoch 129/200 batch 65/66 (98%) running_loss=0.4474
train epoch 129/200 batch 66/66 (100%) running_loss=0.4471
epoch 129/200 done: train_loss=0.4471 val_loss=0.2562 val_accuracy=0.9303 val_macro_f1=0.9116 val_macro_auc=0.9953 (checkpoint_metric=macro_auc)
train epoch 130/200 batch 13/66 (20%) running_loss=0.4644
train epoch 130/200 batch 26/66 (39%) running_loss=0.4433
train epoch 130/200 batch 39/66 (59%) running_loss=0.4425
train epoch 130/200 batch 52/66 (79%) running_loss=0.4387
train epoch 130/200 batch 65/66 (98%) running_loss=0.4467
train epoch 130/200 batch 66/66 (100%) running_loss=0.4487
epoch 130/200 done: train_loss=0.4487 val_loss=0.2487 val_accuracy=0.9447 val_macro_f1=0.9294 val_macro_auc=0.9957 (checkpoint_metric=macro_auc)
train epoch 131/200 batch 13/66 (20%) running_loss=0.4745
train epoch 131/200 batch 26/66 (39%) running_loss=0.4686
train epoch 131/200 batch 39/66 (59%) running_loss=0.4690
train epoch 131/200 batch 52/66 (79%) running_loss=0.4651
train epoch 131/200 batch 65/66 (98%) running_loss=0.4646
train epoch 131/200 batch 66/66 (100%) running_loss=0.4633
epoch 131/200 done: train_loss=0.4633 val_loss=0.2175 val_accuracy=0.9529 val_macro_f1=0.9371 val_macro_auc=0.9968 (checkpoint_metric=macro_auc)
train epoch 132/200 batch 13/66 (20%) running_loss=0.4367
train epoch 132/200 batch 26/66 (39%) running_loss=0.4283
train epoch 132/200 batch 39/66 (59%) running_loss=0.4440
train epoch 132/200 batch 52/66 (79%) running_loss=0.4517
train epoch 132/200 batch 65/66 (98%) running_loss=0.4454
train epoch 132/200 batch 66/66 (100%) running_loss=0.4451
epoch 132/200 done: train_loss=0.4451 val_loss=0.2308 val_accuracy=0.9242 val_macro_f1=0.9036 val_macro_auc=0.9969 (checkpoint_metric=macro_auc)
train epoch 133/200 batch 13/66 (20%) running_loss=0.4279
train epoch 133/200 batch 26/66 (39%) running_loss=0.4406
train epoch 133/200 batch 39/66 (59%) running_loss=0.4378
train epoch 133/200 batch 52/66 (79%) running_loss=0.4391
train epoch 133/200 batch 65/66 (98%) running_loss=0.4370
train epoch 133/200 batch 66/66 (100%) running_loss=0.4368
epoch 133/200 done: train_loss=0.4368 val_loss=0.1731 val_accuracy=0.9734 val_macro_f1=0.9621 val_macro_auc=0.9976 (checkpoint_metric=macro_auc)
train epoch 134/200 batch 13/66 (20%) running_loss=0.4295
train epoch 134/200 batch 26/66 (39%) running_loss=0.4261
train epoch 134/200 batch 39/66 (59%) running_loss=0.4271
train epoch 134/200 batch 52/66 (79%) running_loss=0.4313
train epoch 134/200 batch 65/66 (98%) running_loss=0.4344
train epoch 134/200 batch 66/66 (100%) running_loss=0.4339
epoch 134/200 done: train_loss=0.4339 val_loss=0.1646 val_accuracy=0.9775 val_macro_f1=0.9673 val_macro_auc=0.9971 (checkpoint_metric=macro_auc) [new best]
train epoch 135/200 batch 13/66 (20%) running_loss=0.4427
train epoch 135/200 batch 26/66 (39%) running_loss=0.4347
train epoch 135/200 batch 39/66 (59%) running_loss=0.4352
train epoch 135/200 batch 52/66 (79%) running_loss=0.4351
train epoch 135/200 batch 65/66 (98%) running_loss=0.4408
train epoch 135/200 batch 66/66 (100%) running_loss=0.4399
epoch 135/200 done: train_loss=0.4399 val_loss=0.2066 val_accuracy=0.9549 val_macro_f1=0.9382 val_macro_auc=0.9958 (checkpoint_metric=macro_auc)
train epoch 136/200 batch 13/66 (20%) running_loss=0.4148
train epoch 136/200 batch 26/66 (39%) running_loss=0.4222
train epoch 136/200 batch 39/66 (59%) running_loss=0.4187
train epoch 136/200 batch 52/66 (79%) running_loss=0.4187
train epoch 136/200 batch 65/66 (98%) running_loss=0.4226
train epoch 136/200 batch 66/66 (100%) running_loss=0.4223
epoch 136/200 done: train_loss=0.4223 val_loss=0.2109 val_accuracy=0.9508 val_macro_f1=0.9345 val_macro_auc=0.9957 (checkpoint_metric=macro_auc)
train epoch 137/200 batch 13/66 (20%) running_loss=0.4222
train epoch 137/200 batch 26/66 (39%) running_loss=0.4259
train epoch 137/200 batch 39/66 (59%) running_loss=0.4199
train epoch 137/200 batch 52/66 (79%) running_loss=0.4182
train epoch 137/200 batch 65/66 (98%) running_loss=0.4194
train epoch 137/200 batch 66/66 (100%) running_loss=0.4204
epoch 137/200 done: train_loss=0.4204 val_loss=0.1975 val_accuracy=0.9508 val_macro_f1=0.9334 val_macro_auc=0.9962 (checkpoint_metric=macro_auc)
train epoch 138/200 batch 13/66 (20%) running_loss=0.4346
train epoch 138/200 batch 26/66 (39%) running_loss=0.4309
train epoch 138/200 batch 39/66 (59%) running_loss=0.4293
train epoch 138/200 batch 52/66 (79%) running_loss=0.4406
train epoch 138/200 batch 65/66 (98%) running_loss=0.4383
train epoch 138/200 batch 66/66 (100%) running_loss=0.4379
epoch 138/200 done: train_loss=0.4379 val_loss=0.2154 val_accuracy=0.9549 val_macro_f1=0.9409 val_macro_auc=0.9975 (checkpoint_metric=macro_auc)
train epoch 139/200 batch 13/66 (20%) running_loss=0.4536
train epoch 139/200 batch 26/66 (39%) running_loss=0.4327
train epoch 139/200 batch 39/66 (59%) running_loss=0.4295
train epoch 139/200 batch 52/66 (79%) running_loss=0.4311
train epoch 139/200 batch 65/66 (98%) running_loss=0.4349
train epoch 139/200 batch 66/66 (100%) running_loss=0.4373
epoch 139/200 done: train_loss=0.4373 val_loss=0.1783 val_accuracy=0.9652 val_macro_f1=0.9510 val_macro_auc=0.9977 (checkpoint_metric=macro_auc)
train epoch 140/200 batch 13/66 (20%) running_loss=0.4246
train epoch 140/200 batch 26/66 (39%) running_loss=0.4270
train epoch 140/200 batch 39/66 (59%) running_loss=0.4320
train epoch 140/200 batch 52/66 (79%) running_loss=0.4293
train epoch 140/200 batch 65/66 (98%) running_loss=0.4352
train epoch 140/200 batch 66/66 (100%) running_loss=0.4372
epoch 140/200 done: train_loss=0.4372 val_loss=0.1836 val_accuracy=0.9652 val_macro_f1=0.9523 val_macro_auc=0.9967 (checkpoint_metric=macro_auc) [new best]
train epoch 141/200 batch 13/66 (20%) running_loss=0.4552
train epoch 141/200 batch 26/66 (39%) running_loss=0.4703
train epoch 141/200 batch 39/66 (59%) running_loss=0.4614
train epoch 141/200 batch 52/66 (79%) running_loss=0.4553
train epoch 141/200 batch 65/66 (98%) running_loss=0.4472
train epoch 141/200 batch 66/66 (100%) running_loss=0.4464
epoch 141/200 done: train_loss=0.4464 val_loss=0.1837 val_accuracy=0.9570 val_macro_f1=0.9398 val_macro_auc=0.9976 (checkpoint_metric=macro_auc) [new best]
train epoch 142/200 batch 13/66 (20%) running_loss=0.4260
train epoch 142/200 batch 26/66 (39%) running_loss=0.4256
train epoch 142/200 batch 39/66 (59%) running_loss=0.4319
train epoch 142/200 batch 52/66 (79%) running_loss=0.4328
train epoch 142/200 batch 65/66 (98%) running_loss=0.4384
train epoch 142/200 batch 66/66 (100%) running_loss=0.4393
epoch 142/200 done: train_loss=0.4393 val_loss=0.2151 val_accuracy=0.9385 val_macro_f1=0.9203 val_macro_auc=0.9962 (checkpoint_metric=macro_auc)
train epoch 143/200 batch 13/66 (20%) running_loss=0.4571
train epoch 143/200 batch 26/66 (39%) running_loss=0.4346
train epoch 143/200 batch 39/66 (59%) running_loss=0.4350
train epoch 143/200 batch 52/66 (79%) running_loss=0.4337
train epoch 143/200 batch 65/66 (98%) running_loss=0.4332
train epoch 143/200 batch 66/66 (100%) running_loss=0.4340
epoch 143/200 done: train_loss=0.4340 val_loss=0.2196 val_accuracy=0.9365 val_macro_f1=0.9224 val_macro_auc=0.9973 (checkpoint_metric=macro_auc)
train epoch 144/200 batch 13/66 (20%) running_loss=0.4319
train epoch 144/200 batch 26/66 (39%) running_loss=0.4280
train epoch 144/200 batch 39/66 (59%) running_loss=0.4271
train epoch 144/200 batch 52/66 (79%) running_loss=0.4212
train epoch 144/200 batch 65/66 (98%) running_loss=0.4209
train epoch 144/200 batch 66/66 (100%) running_loss=0.4208
epoch 144/200 done: train_loss=0.4208 val_loss=0.1681 val_accuracy=0.9631 val_macro_f1=0.9485 val_macro_auc=0.9967 (checkpoint_metric=macro_auc)
train epoch 145/200 batch 13/66 (20%) running_loss=0.4217
train epoch 145/200 batch 26/66 (39%) running_loss=0.4179
train epoch 145/200 batch 39/66 (59%) running_loss=0.4210
train epoch 145/200 batch 52/66 (79%) running_loss=0.4284
train epoch 145/200 batch 65/66 (98%) running_loss=0.4247
train epoch 145/200 batch 66/66 (100%) running_loss=0.4258
epoch 145/200 done: train_loss=0.4258 val_loss=0.1939 val_accuracy=0.9590 val_macro_f1=0.9448 val_macro_auc=0.9959 (checkpoint_metric=macro_auc)
train epoch 146/200 batch 13/66 (20%) running_loss=0.4004
train epoch 146/200 batch 26/66 (39%) running_loss=0.4130
train epoch 146/200 batch 39/66 (59%) running_loss=0.4182
train epoch 146/200 batch 52/66 (79%) running_loss=0.4192
train epoch 146/200 batch 65/66 (98%) running_loss=0.4220
train epoch 146/200 batch 66/66 (100%) running_loss=0.4220
epoch 146/200 done: train_loss=0.4220 val_loss=0.2061 val_accuracy=0.9549 val_macro_f1=0.9392 val_macro_auc=0.9950 (checkpoint_metric=macro_auc)
train epoch 147/200 batch 13/66 (20%) running_loss=0.4460
train epoch 147/200 batch 26/66 (39%) running_loss=0.4341
train epoch 147/200 batch 39/66 (59%) running_loss=0.4434
train epoch 147/200 batch 52/66 (79%) running_loss=0.4345
train epoch 147/200 batch 65/66 (98%) running_loss=0.4316
train epoch 147/200 batch 66/66 (100%) running_loss=0.4325
epoch 147/200 done: train_loss=0.4325 val_loss=0.1802 val_accuracy=0.9631 val_macro_f1=0.9485 val_macro_auc=0.9957 (checkpoint_metric=macro_auc)
train epoch 148/200 batch 13/66 (20%) running_loss=0.4056
train epoch 148/200 batch 26/66 (39%) running_loss=0.4203
train epoch 148/200 batch 39/66 (59%) running_loss=0.4178
train epoch 148/200 batch 52/66 (79%) running_loss=0.4116
train epoch 148/200 batch 65/66 (98%) running_loss=0.4089
train epoch 148/200 batch 66/66 (100%) running_loss=0.4085
epoch 148/200 done: train_loss=0.4085 val_loss=0.1882 val_accuracy=0.9508 val_macro_f1=0.9396 val_macro_auc=0.9972 (checkpoint_metric=macro_auc)
train epoch 149/200 batch 13/66 (20%) running_loss=0.4259
train epoch 149/200 batch 26/66 (39%) running_loss=0.4136
train epoch 149/200 batch 39/66 (59%) running_loss=0.4134
train epoch 149/200 batch 52/66 (79%) running_loss=0.4178
train epoch 149/200 batch 65/66 (98%) running_loss=0.4253
train epoch 149/200 batch 66/66 (100%) running_loss=0.4248
epoch 149/200 done: train_loss=0.4248 val_loss=0.1821 val_accuracy=0.9590 val_macro_f1=0.9437 val_macro_auc=0.9979 (checkpoint_metric=macro_auc)
train epoch 150/200 batch 13/66 (20%) running_loss=0.4243
train epoch 150/200 batch 26/66 (39%) running_loss=0.4189
train epoch 150/200 batch 39/66 (59%) running_loss=0.4202
train epoch 150/200 batch 52/66 (79%) running_loss=0.4231
train epoch 150/200 batch 65/66 (98%) running_loss=0.4249
train epoch 150/200 batch 66/66 (100%) running_loss=0.4251
epoch 150/200 done: train_loss=0.4251 val_loss=0.1686 val_accuracy=0.9611 val_macro_f1=0.9439 val_macro_auc=0.9961 (checkpoint_metric=macro_auc)
train epoch 151/200 batch 13/66 (20%) running_loss=0.4150
train epoch 151/200 batch 26/66 (39%) running_loss=0.4049
train epoch 151/200 batch 39/66 (59%) running_loss=0.4083
train epoch 151/200 batch 52/66 (79%) running_loss=0.4078
train epoch 151/200 batch 65/66 (98%) running_loss=0.4123
train epoch 151/200 batch 66/66 (100%) running_loss=0.4130
epoch 151/200 done: train_loss=0.4130 val_loss=0.1893 val_accuracy=0.9549 val_macro_f1=0.9388 val_macro_auc=0.9959 (checkpoint_metric=macro_auc)
train epoch 152/200 batch 13/66 (20%) running_loss=0.4052
train epoch 152/200 batch 26/66 (39%) running_loss=0.4222
train epoch 152/200 batch 39/66 (59%) running_loss=0.4191
train epoch 152/200 batch 52/66 (79%) running_loss=0.4132
train epoch 152/200 batch 65/66 (98%) running_loss=0.4095
train epoch 152/200 batch 66/66 (100%) running_loss=0.4094
epoch 152/200 done: train_loss=0.4094 val_loss=0.1700 val_accuracy=0.9611 val_macro_f1=0.9475 val_macro_auc=0.9966 (checkpoint_metric=macro_auc)
train epoch 153/200 batch 13/66 (20%) running_loss=0.4093
train epoch 153/200 batch 26/66 (39%) running_loss=0.4209
train epoch 153/200 batch 39/66 (59%) running_loss=0.4138
train epoch 153/200 batch 52/66 (79%) running_loss=0.4138
train epoch 153/200 batch 65/66 (98%) running_loss=0.4168
train epoch 153/200 batch 66/66 (100%) running_loss=0.4162
epoch 153/200 done: train_loss=0.4162 val_loss=0.1865 val_accuracy=0.9549 val_macro_f1=0.9375 val_macro_auc=0.9961 (checkpoint_metric=macro_auc)
train epoch 154/200 batch 13/66 (20%) running_loss=0.4281
train epoch 154/200 batch 26/66 (39%) running_loss=0.4207
train epoch 154/200 batch 39/66 (59%) running_loss=0.4145
train epoch 154/200 batch 52/66 (79%) running_loss=0.4175
train epoch 154/200 batch 65/66 (98%) running_loss=0.4158
train epoch 154/200 batch 66/66 (100%) running_loss=0.4154
epoch 154/200 done: train_loss=0.4154 val_loss=0.1856 val_accuracy=0.9529 val_macro_f1=0.9366 val_macro_auc=0.9947 (checkpoint_metric=macro_auc)
train epoch 155/200 batch 13/66 (20%) running_loss=0.3849
train epoch 155/200 batch 26/66 (39%) running_loss=0.4008
train epoch 155/200 batch 39/66 (59%) running_loss=0.4110
train epoch 155/200 batch 52/66 (79%) running_loss=0.4165
train epoch 155/200 batch 65/66 (98%) running_loss=0.4163
train epoch 155/200 batch 66/66 (100%) running_loss=0.4162
epoch 155/200 done: train_loss=0.4162 val_loss=0.1705 val_accuracy=0.9693 val_macro_f1=0.9588 val_macro_auc=0.9961 (checkpoint_metric=macro_auc)
train epoch 156/200 batch 13/66 (20%) running_loss=0.3923
train epoch 156/200 batch 26/66 (39%) running_loss=0.3912
train epoch 156/200 batch 39/66 (59%) running_loss=0.3904
train epoch 156/200 batch 52/66 (79%) running_loss=0.3951
train epoch 156/200 batch 65/66 (98%) running_loss=0.4035
train epoch 156/200 batch 66/66 (100%) running_loss=0.4036
epoch 156/200 done: train_loss=0.4036 val_loss=0.1679 val_accuracy=0.9713 val_macro_f1=0.9562 val_macro_auc=0.9967 (checkpoint_metric=macro_auc)
train epoch 157/200 batch 13/66 (20%) running_loss=0.3970
train epoch 157/200 batch 26/66 (39%) running_loss=0.4067
train epoch 157/200 batch 39/66 (59%) running_loss=0.3994
train epoch 157/200 batch 52/66 (79%) running_loss=0.3998
train epoch 157/200 batch 65/66 (98%) running_loss=0.3997
train epoch 157/200 batch 66/66 (100%) running_loss=0.4018
epoch 157/200 done: train_loss=0.4018 val_loss=0.1812 val_accuracy=0.9652 val_macro_f1=0.9522 val_macro_auc=0.9965 (checkpoint_metric=macro_auc)
train epoch 158/200 batch 13/66 (20%) running_loss=0.4113
train epoch 158/200 batch 26/66 (39%) running_loss=0.4026
train epoch 158/200 batch 39/66 (59%) running_loss=0.4069
train epoch 158/200 batch 52/66 (79%) running_loss=0.4077
train epoch 158/200 batch 65/66 (98%) running_loss=0.4059
train epoch 158/200 batch 66/66 (100%) running_loss=0.4053
epoch 158/200 done: train_loss=0.4053 val_loss=0.1759 val_accuracy=0.9549 val_macro_f1=0.9362 val_macro_auc=0.9963 (checkpoint_metric=macro_auc)
train epoch 159/200 batch 13/66 (20%) running_loss=0.4002
train epoch 159/200 batch 26/66 (39%) running_loss=0.3981
train epoch 159/200 batch 39/66 (59%) running_loss=0.3926
train epoch 159/200 batch 52/66 (79%) running_loss=0.3974
train epoch 159/200 batch 65/66 (98%) running_loss=0.3996
train epoch 159/200 batch 66/66 (100%) running_loss=0.3994
epoch 159/200 done: train_loss=0.3994 val_loss=0.1882 val_accuracy=0.9570 val_macro_f1=0.9407 val_macro_auc=0.9957 (checkpoint_metric=macro_auc)
train epoch 160/200 batch 13/66 (20%) running_loss=0.3852
train epoch 160/200 batch 26/66 (39%) running_loss=0.3916
train epoch 160/200 batch 39/66 (59%) running_loss=0.3996
train epoch 160/200 batch 52/66 (79%) running_loss=0.4016
train epoch 160/200 batch 65/66 (98%) running_loss=0.4013
train epoch 160/200 batch 66/66 (100%) running_loss=0.4023
epoch 160/200 done: train_loss=0.4023 val_loss=0.1639 val_accuracy=0.9713 val_macro_f1=0.9585 val_macro_auc=0.9964 (checkpoint_metric=macro_auc)
train epoch 161/200 batch 13/66 (20%) running_loss=0.4102
train epoch 161/200 batch 26/66 (39%) running_loss=0.4040
train epoch 161/200 batch 39/66 (59%) running_loss=0.3960
train epoch 161/200 batch 52/66 (79%) running_loss=0.3979
train epoch 161/200 batch 65/66 (98%) running_loss=0.3968
train epoch 161/200 batch 66/66 (100%) running_loss=0.3972
epoch 161/200 done: train_loss=0.3972 val_loss=0.1787 val_accuracy=0.9570 val_macro_f1=0.9400 val_macro_auc=0.9967 (checkpoint_metric=macro_auc)
train epoch 162/200 batch 13/66 (20%) running_loss=0.4078
train epoch 162/200 batch 26/66 (39%) running_loss=0.4116
train epoch 162/200 batch 39/66 (59%) running_loss=0.4110
train epoch 162/200 batch 52/66 (79%) running_loss=0.4080
train epoch 162/200 batch 65/66 (98%) running_loss=0.4036
train epoch 162/200 batch 66/66 (100%) running_loss=0.4040
epoch 162/200 done: train_loss=0.4040 val_loss=0.1658 val_accuracy=0.9672 val_macro_f1=0.9530 val_macro_auc=0.9967 (checkpoint_metric=macro_auc)
train epoch 163/200 batch 13/66 (20%) running_loss=0.3985
train epoch 163/200 batch 26/66 (39%) running_loss=0.4021
train epoch 163/200 batch 39/66 (59%) running_loss=0.3995
train epoch 163/200 batch 52/66 (79%) running_loss=0.3968
train epoch 163/200 batch 65/66 (98%) running_loss=0.3945
train epoch 163/200 batch 66/66 (100%) running_loss=0.3951
epoch 163/200 done: train_loss=0.3951 val_loss=0.1580 val_accuracy=0.9754 val_macro_f1=0.9662 val_macro_auc=0.9972 (checkpoint_metric=macro_auc)
train epoch 164/200 batch 13/66 (20%) running_loss=0.3948
train epoch 164/200 batch 26/66 (39%) running_loss=0.3939
train epoch 164/200 batch 39/66 (59%) running_loss=0.3990
train epoch 164/200 batch 52/66 (79%) running_loss=0.4006
train epoch 164/200 batch 65/66 (98%) running_loss=0.3982
train epoch 164/200 batch 66/66 (100%) running_loss=0.3987
epoch 164/200 done: train_loss=0.3987 val_loss=0.2019 val_accuracy=0.9549 val_macro_f1=0.9385 val_macro_auc=0.9948 (checkpoint_metric=macro_auc)
train epoch 165/200 batch 13/66 (20%) running_loss=0.3940
train epoch 165/200 batch 26/66 (39%) running_loss=0.3882
train epoch 165/200 batch 39/66 (59%) running_loss=0.3865
train epoch 165/200 batch 52/66 (79%) running_loss=0.3850
train epoch 165/200 batch 65/66 (98%) running_loss=0.3847
train epoch 165/200 batch 66/66 (100%) running_loss=0.3853
epoch 165/200 done: train_loss=0.3853 val_loss=0.1548 val_accuracy=0.9652 val_macro_f1=0.9502 val_macro_auc=0.9969 (checkpoint_metric=macro_auc)
train epoch 166/200 batch 13/66 (20%) running_loss=0.4023
train epoch 166/200 batch 26/66 (39%) running_loss=0.3967
train epoch 166/200 batch 39/66 (59%) running_loss=0.3976
train epoch 166/200 batch 52/66 (79%) running_loss=0.3997
train epoch 166/200 batch 65/66 (98%) running_loss=0.4013
train epoch 166/200 batch 66/66 (100%) running_loss=0.4007
epoch 166/200 done: train_loss=0.4007 val_loss=0.1793 val_accuracy=0.9611 val_macro_f1=0.9458 val_macro_auc=0.9966 (checkpoint_metric=macro_auc)
train epoch 167/200 batch 13/66 (20%) running_loss=0.3856
train epoch 167/200 batch 26/66 (39%) running_loss=0.3853
train epoch 167/200 batch 39/66 (59%) running_loss=0.3869
train epoch 167/200 batch 52/66 (79%) running_loss=0.3830
train epoch 167/200 batch 65/66 (98%) running_loss=0.3850
train epoch 167/200 batch 66/66 (100%) running_loss=0.3862
epoch 167/200 done: train_loss=0.3862 val_loss=0.1574 val_accuracy=0.9734 val_macro_f1=0.9615 val_macro_auc=0.9968 (checkpoint_metric=macro_auc)
train epoch 168/200 batch 13/66 (20%) running_loss=0.4108
train epoch 168/200 batch 26/66 (39%) running_loss=0.4032
train epoch 168/200 batch 39/66 (59%) running_loss=0.3986
train epoch 168/200 batch 52/66 (79%) running_loss=0.3959
train epoch 168/200 batch 65/66 (98%) running_loss=0.3975
train epoch 168/200 batch 66/66 (100%) running_loss=0.3973
epoch 168/200 done: train_loss=0.3973 val_loss=0.1785 val_accuracy=0.9652 val_macro_f1=0.9511 val_macro_auc=0.9965 (checkpoint_metric=macro_auc)
train epoch 169/200 batch 13/66 (20%) running_loss=0.3904
train epoch 169/200 batch 26/66 (39%) running_loss=0.4038
train epoch 169/200 batch 39/66 (59%) running_loss=0.3997
train epoch 169/200 batch 52/66 (79%) running_loss=0.4012
train epoch 169/200 batch 65/66 (98%) running_loss=0.4012
train epoch 169/200 batch 66/66 (100%) running_loss=0.4020
epoch 169/200 done: train_loss=0.4020 val_loss=0.1985 val_accuracy=0.9549 val_macro_f1=0.9387 val_macro_auc=0.9959 (checkpoint_metric=macro_auc)
train epoch 170/200 batch 13/66 (20%) running_loss=0.4172
train epoch 170/200 batch 26/66 (39%) running_loss=0.4010
train epoch 170/200 batch 39/66 (59%) running_loss=0.4015
train epoch 170/200 batch 52/66 (79%) running_loss=0.3951
train epoch 170/200 batch 65/66 (98%) running_loss=0.3989
train epoch 170/200 batch 66/66 (100%) running_loss=0.3996
epoch 170/200 done: train_loss=0.3996 val_loss=0.1644 val_accuracy=0.9672 val_macro_f1=0.9542 val_macro_auc=0.9967 (checkpoint_metric=macro_auc)
train epoch 171/200 batch 13/66 (20%) running_loss=0.3963
train epoch 171/200 batch 26/66 (39%) running_loss=0.3894
train epoch 171/200 batch 39/66 (59%) running_loss=0.3899
train epoch 171/200 batch 52/66 (79%) running_loss=0.3941
train epoch 171/200 batch 65/66 (98%) running_loss=0.3925
train epoch 171/200 batch 66/66 (100%) running_loss=0.3928
epoch 171/200 done: train_loss=0.3928 val_loss=0.1917 val_accuracy=0.9611 val_macro_f1=0.9477 val_macro_auc=0.9952 (checkpoint_metric=macro_auc)
train epoch 172/200 batch 13/66 (20%) running_loss=0.3737
train epoch 172/200 batch 26/66 (39%) running_loss=0.3702
train epoch 172/200 batch 39/66 (59%) running_loss=0.3817
train epoch 172/200 batch 52/66 (79%) running_loss=0.3881
train epoch 172/200 batch 65/66 (98%) running_loss=0.3871
train epoch 172/200 batch 66/66 (100%) running_loss=0.3881
epoch 172/200 done: train_loss=0.3881 val_loss=0.1740 val_accuracy=0.9652 val_macro_f1=0.9523 val_macro_auc=0.9963 (checkpoint_metric=macro_auc)
train epoch 173/200 batch 13/66 (20%) running_loss=0.3867
train epoch 173/200 batch 26/66 (39%) running_loss=0.3937
train epoch 173/200 batch 39/66 (59%) running_loss=0.3895
train epoch 173/200 batch 52/66 (79%) running_loss=0.3945
train epoch 173/200 batch 65/66 (98%) running_loss=0.3915
train epoch 173/200 batch 66/66 (100%) running_loss=0.3922
epoch 173/200 done: train_loss=0.3922 val_loss=0.1729 val_accuracy=0.9672 val_macro_f1=0.9538 val_macro_auc=0.9960 (checkpoint_metric=macro_auc)
train epoch 174/200 batch 13/66 (20%) running_loss=0.3918
train epoch 174/200 batch 26/66 (39%) running_loss=0.3867
train epoch 174/200 batch 39/66 (59%) running_loss=0.3918
train epoch 174/200 batch 52/66 (79%) running_loss=0.3964
train epoch 174/200 batch 65/66 (98%) running_loss=0.3971
train epoch 174/200 batch 66/66 (100%) running_loss=0.3968
epoch 174/200 done: train_loss=0.3968 val_loss=0.1747 val_accuracy=0.9611 val_macro_f1=0.9459 val_macro_auc=0.9967 (checkpoint_metric=macro_auc)
train epoch 175/200 batch 13/66 (20%) running_loss=0.4091
train epoch 175/200 batch 26/66 (39%) running_loss=0.3965
train epoch 175/200 batch 39/66 (59%) running_loss=0.3822
train epoch 175/200 batch 52/66 (79%) running_loss=0.3826
train epoch 175/200 batch 65/66 (98%) running_loss=0.3829
train epoch 175/200 batch 66/66 (100%) running_loss=0.3838
epoch 175/200 done: train_loss=0.3838 val_loss=0.1679 val_accuracy=0.9611 val_macro_f1=0.9459 val_macro_auc=0.9962 (checkpoint_metric=macro_auc)
train epoch 176/200 batch 13/66 (20%) running_loss=0.3802
train epoch 176/200 batch 26/66 (39%) running_loss=0.3959
train epoch 176/200 batch 39/66 (59%) running_loss=0.3931
train epoch 176/200 batch 52/66 (79%) running_loss=0.3919
train epoch 176/200 batch 65/66 (98%) running_loss=0.3907
train epoch 176/200 batch 66/66 (100%) running_loss=0.3902
epoch 176/200 done: train_loss=0.3902 val_loss=0.1774 val_accuracy=0.9590 val_macro_f1=0.9438 val_macro_auc=0.9956 (checkpoint_metric=macro_auc)
train epoch 177/200 batch 13/66 (20%) running_loss=0.3635
train epoch 177/200 batch 26/66 (39%) running_loss=0.3754
train epoch 177/200 batch 39/66 (59%) running_loss=0.3782
train epoch 177/200 batch 52/66 (79%) running_loss=0.3814
train epoch 177/200 batch 65/66 (98%) running_loss=0.3778
train epoch 177/200 batch 66/66 (100%) running_loss=0.3777
epoch 177/200 done: train_loss=0.3777 val_loss=0.1759 val_accuracy=0.9570 val_macro_f1=0.9408 val_macro_auc=0.9955 (checkpoint_metric=macro_auc)
train epoch 178/200 batch 13/66 (20%) running_loss=0.3912
train epoch 178/200 batch 26/66 (39%) running_loss=0.3839
train epoch 178/200 batch 39/66 (59%) running_loss=0.3798
train epoch 178/200 batch 52/66 (79%) running_loss=0.3776
train epoch 178/200 batch 65/66 (98%) running_loss=0.3794
train epoch 178/200 batch 66/66 (100%) running_loss=0.3789
epoch 178/200 done: train_loss=0.3789 val_loss=0.1679 val_accuracy=0.9611 val_macro_f1=0.9451 val_macro_auc=0.9967 (checkpoint_metric=macro_auc)
train epoch 179/200 batch 13/66 (20%) running_loss=0.3827
train epoch 179/200 batch 26/66 (39%) running_loss=0.3722
train epoch 179/200 batch 39/66 (59%) running_loss=0.3812
train epoch 179/200 batch 52/66 (79%) running_loss=0.3787
train epoch 179/200 batch 65/66 (98%) running_loss=0.3749
train epoch 179/200 batch 66/66 (100%) running_loss=0.3755
epoch 179/200 done: train_loss=0.3755 val_loss=0.1680 val_accuracy=0.9652 val_macro_f1=0.9508 val_macro_auc=0.9961 (checkpoint_metric=macro_auc)
train epoch 180/200 batch 13/66 (20%) running_loss=0.4274
train epoch 180/200 batch 26/66 (39%) running_loss=0.4035
train epoch 180/200 batch 39/66 (59%) running_loss=0.3955
train epoch 180/200 batch 52/66 (79%) running_loss=0.3962
train epoch 180/200 batch 65/66 (98%) running_loss=0.3978
train epoch 180/200 batch 66/66 (100%) running_loss=0.3969
epoch 180/200 done: train_loss=0.3969 val_loss=0.1749 val_accuracy=0.9590 val_macro_f1=0.9425 val_macro_auc=0.9959 (checkpoint_metric=macro_auc)
train epoch 181/200 batch 13/66 (20%) running_loss=0.3738
train epoch 181/200 batch 26/66 (39%) running_loss=0.3728
train epoch 181/200 batch 39/66 (59%) running_loss=0.3697
train epoch 181/200 batch 52/66 (79%) running_loss=0.3734
train epoch 181/200 batch 65/66 (98%) running_loss=0.3729
train epoch 181/200 batch 66/66 (100%) running_loss=0.3739
epoch 181/200 done: train_loss=0.3739 val_loss=0.1886 val_accuracy=0.9570 val_macro_f1=0.9410 val_macro_auc=0.9945 (checkpoint_metric=macro_auc)
train epoch 182/200 batch 13/66 (20%) running_loss=0.3895
train epoch 182/200 batch 26/66 (39%) running_loss=0.3797
train epoch 182/200 batch 39/66 (59%) running_loss=0.3747
train epoch 182/200 batch 52/66 (79%) running_loss=0.3737
train epoch 182/200 batch 65/66 (98%) running_loss=0.3741
train epoch 182/200 batch 66/66 (100%) running_loss=0.3736
epoch 182/200 done: train_loss=0.3736 val_loss=0.1750 val_accuracy=0.9549 val_macro_f1=0.9374 val_macro_auc=0.9952 (checkpoint_metric=macro_auc)
train epoch 183/200 batch 13/66 (20%) running_loss=0.3773
train epoch 183/200 batch 26/66 (39%) running_loss=0.3766
train epoch 183/200 batch 39/66 (59%) running_loss=0.3862
train epoch 183/200 batch 52/66 (79%) running_loss=0.3841
train epoch 183/200 batch 65/66 (98%) running_loss=0.3800
train epoch 183/200 batch 66/66 (100%) running_loss=0.3804
epoch 183/200 done: train_loss=0.3804 val_loss=0.1839 val_accuracy=0.9570 val_macro_f1=0.9405 val_macro_auc=0.9947 (checkpoint_metric=macro_auc)
train epoch 184/200 batch 13/66 (20%) running_loss=0.3651
train epoch 184/200 batch 26/66 (39%) running_loss=0.3649
train epoch 184/200 batch 39/66 (59%) running_loss=0.3668
train epoch 184/200 batch 52/66 (79%) running_loss=0.3725
train epoch 184/200 batch 65/66 (98%) running_loss=0.3733
train epoch 184/200 batch 66/66 (100%) running_loss=0.3730
epoch 184/200 done: train_loss=0.3730 val_loss=0.1786 val_accuracy=0.9590 val_macro_f1=0.9425 val_macro_auc=0.9950 (checkpoint_metric=macro_auc)
train epoch 185/200 batch 13/66 (20%) running_loss=0.3687
train epoch 185/200 batch 26/66 (39%) running_loss=0.3796
train epoch 185/200 batch 39/66 (59%) running_loss=0.3883
train epoch 185/200 batch 52/66 (79%) running_loss=0.3890
train epoch 185/200 batch 65/66 (98%) running_loss=0.3836
train epoch 185/200 batch 66/66 (100%) running_loss=0.3846
epoch 185/200 done: train_loss=0.3846 val_loss=0.1875 val_accuracy=0.9590 val_macro_f1=0.9439 val_macro_auc=0.9950 (checkpoint_metric=macro_auc)
train epoch 186/200 batch 13/66 (20%) running_loss=0.3444
train epoch 186/200 batch 26/66 (39%) running_loss=0.3547
train epoch 186/200 batch 39/66 (59%) running_loss=0.3654
train epoch 186/200 batch 52/66 (79%) running_loss=0.3703
train epoch 186/200 batch 65/66 (98%) running_loss=0.3730
train epoch 186/200 batch 66/66 (100%) running_loss=0.3728
epoch 186/200 done: train_loss=0.3728 val_loss=0.1646 val_accuracy=0.9713 val_macro_f1=0.9591 val_macro_auc=0.9956 (checkpoint_metric=macro_auc)
train epoch 187/200 batch 13/66 (20%) running_loss=0.3663
train epoch 187/200 batch 26/66 (39%) running_loss=0.3664
train epoch 187/200 batch 39/66 (59%) running_loss=0.3669
train epoch 187/200 batch 52/66 (79%) running_loss=0.3726
train epoch 187/200 batch 65/66 (98%) running_loss=0.3711
train epoch 187/200 batch 66/66 (100%) running_loss=0.3706
epoch 187/200 done: train_loss=0.3706 val_loss=0.1842 val_accuracy=0.9590 val_macro_f1=0.9433 val_macro_auc=0.9947 (checkpoint_metric=macro_auc)
train epoch 188/200 batch 13/66 (20%) running_loss=0.3809
train epoch 188/200 batch 26/66 (39%) running_loss=0.3720
train epoch 188/200 batch 39/66 (59%) running_loss=0.3823
train epoch 188/200 batch 52/66 (79%) running_loss=0.3750
train epoch 188/200 batch 65/66 (98%) running_loss=0.3734
train epoch 188/200 batch 66/66 (100%) running_loss=0.3728
epoch 188/200 done: train_loss=0.3728 val_loss=0.1750 val_accuracy=0.9570 val_macro_f1=0.9400 val_macro_auc=0.9953 (checkpoint_metric=macro_auc)
train epoch 189/200 batch 13/66 (20%) running_loss=0.3757
train epoch 189/200 batch 26/66 (39%) running_loss=0.3764
train epoch 189/200 batch 39/66 (59%) running_loss=0.3847
train epoch 189/200 batch 52/66 (79%) running_loss=0.3809
train epoch 189/200 batch 65/66 (98%) running_loss=0.3811
train epoch 189/200 batch 66/66 (100%) running_loss=0.3809
epoch 189/200 done: train_loss=0.3809 val_loss=0.1805 val_accuracy=0.9590 val_macro_f1=0.9430 val_macro_auc=0.9953 (checkpoint_metric=macro_auc)
train epoch 190/200 batch 13/66 (20%) running_loss=0.3796
train epoch 190/200 batch 26/66 (39%) running_loss=0.3788
train epoch 190/200 batch 39/66 (59%) running_loss=0.3796
train epoch 190/200 batch 52/66 (79%) running_loss=0.3731
train epoch 190/200 batch 65/66 (98%) running_loss=0.3758
train epoch 190/200 batch 66/66 (100%) running_loss=0.3756
epoch 190/200 done: train_loss=0.3756 val_loss=0.1868 val_accuracy=0.9611 val_macro_f1=0.9464 val_macro_auc=0.9946 (checkpoint_metric=macro_auc)
train epoch 191/200 batch 13/66 (20%) running_loss=0.3800
train epoch 191/200 batch 26/66 (39%) running_loss=0.3814
train epoch 191/200 batch 39/66 (59%) running_loss=0.3786
train epoch 191/200 batch 52/66 (79%) running_loss=0.3807
train epoch 191/200 batch 65/66 (98%) running_loss=0.3764
train epoch 191/200 batch 66/66 (100%) running_loss=0.3775
epoch 191/200 done: train_loss=0.3775 val_loss=0.1814 val_accuracy=0.9590 val_macro_f1=0.9433 val_macro_auc=0.9952 (checkpoint_metric=macro_auc)
train epoch 192/200 batch 13/66 (20%) running_loss=0.3679
train epoch 192/200 batch 26/66 (39%) running_loss=0.3683
train epoch 192/200 batch 39/66 (59%) running_loss=0.3708
train epoch 192/200 batch 52/66 (79%) running_loss=0.3705
train epoch 192/200 batch 65/66 (98%) running_loss=0.3686
train epoch 192/200 batch 66/66 (100%) running_loss=0.3684
epoch 192/200 done: train_loss=0.3684 val_loss=0.1764 val_accuracy=0.9590 val_macro_f1=0.9433 val_macro_auc=0.9955 (checkpoint_metric=macro_auc)
train epoch 193/200 batch 13/66 (20%) running_loss=0.3606
train epoch 193/200 batch 26/66 (39%) running_loss=0.3630
train epoch 193/200 batch 39/66 (59%) running_loss=0.3691
train epoch 193/200 batch 52/66 (79%) running_loss=0.3751
train epoch 193/200 batch 65/66 (98%) running_loss=0.3748
train epoch 193/200 batch 66/66 (100%) running_loss=0.3757
epoch 193/200 done: train_loss=0.3757 val_loss=0.1864 val_accuracy=0.9570 val_macro_f1=0.9405 val_macro_auc=0.9946 (checkpoint_metric=macro_auc)
train epoch 194/200 batch 13/66 (20%) running_loss=0.3660
train epoch 194/200 batch 26/66 (39%) running_loss=0.3684
train epoch 194/200 batch 39/66 (59%) running_loss=0.3699
train epoch 194/200 batch 52/66 (79%) running_loss=0.3665
train epoch 194/200 batch 65/66 (98%) running_loss=0.3687
train epoch 194/200 batch 66/66 (100%) running_loss=0.3682
epoch 194/200 done: train_loss=0.3682 val_loss=0.1758 val_accuracy=0.9590 val_macro_f1=0.9433 val_macro_auc=0.9954 (checkpoint_metric=macro_auc)
train epoch 195/200 batch 13/66 (20%) running_loss=0.3937
train epoch 195/200 batch 26/66 (39%) running_loss=0.3829
train epoch 195/200 batch 39/66 (59%) running_loss=0.3804
train epoch 195/200 batch 52/66 (79%) running_loss=0.3805
train epoch 195/200 batch 65/66 (98%) running_loss=0.3822
train epoch 195/200 batch 66/66 (100%) running_loss=0.3818
epoch 195/200 done: train_loss=0.3818 val_loss=0.1781 val_accuracy=0.9590 val_macro_f1=0.9433 val_macro_auc=0.9951 (checkpoint_metric=macro_auc)
train epoch 196/200 batch 13/66 (20%) running_loss=0.3767
train epoch 196/200 batch 26/66 (39%) running_loss=0.3799
train epoch 196/200 batch 39/66 (59%) running_loss=0.3786
train epoch 196/200 batch 52/66 (79%) running_loss=0.3789
train epoch 196/200 batch 65/66 (98%) running_loss=0.3787
train epoch 196/200 batch 66/66 (100%) running_loss=0.3788
epoch 196/200 done: train_loss=0.3788 val_loss=0.1780 val_accuracy=0.9590 val_macro_f1=0.9433 val_macro_auc=0.9948 (checkpoint_metric=macro_auc)
train epoch 197/200 batch 13/66 (20%) running_loss=0.3756
train epoch 197/200 batch 26/66 (39%) running_loss=0.3738
train epoch 197/200 batch 39/66 (59%) running_loss=0.3783
train epoch 197/200 batch 52/66 (79%) running_loss=0.3771
train epoch 197/200 batch 65/66 (98%) running_loss=0.3748
train epoch 197/200 batch 66/66 (100%) running_loss=0.3759
epoch 197/200 done: train_loss=0.3759 val_loss=0.1849 val_accuracy=0.9611 val_macro_f1=0.9464 val_macro_auc=0.9949 (checkpoint_metric=macro_auc)
train epoch 198/200 batch 13/66 (20%) running_loss=0.3697
train epoch 198/200 batch 26/66 (39%) running_loss=0.3642
train epoch 198/200 batch 39/66 (59%) running_loss=0.3652
train epoch 198/200 batch 52/66 (79%) running_loss=0.3697
train epoch 198/200 batch 65/66 (98%) running_loss=0.3716
train epoch 198/200 batch 66/66 (100%) running_loss=0.3710
epoch 198/200 done: train_loss=0.3710 val_loss=0.1815 val_accuracy=0.9611 val_macro_f1=0.9464 val_macro_auc=0.9945 (checkpoint_metric=macro_auc)
train epoch 199/200 batch 13/66 (20%) running_loss=0.3812
train epoch 199/200 batch 26/66 (39%) running_loss=0.3745
train epoch 199/200 batch 39/66 (59%) running_loss=0.3745
train epoch 199/200 batch 52/66 (79%) running_loss=0.3731
train epoch 199/200 batch 65/66 (98%) running_loss=0.3722
train epoch 199/200 batch 66/66 (100%) running_loss=0.3721
epoch 199/200 done: train_loss=0.3721 val_loss=0.1773 val_accuracy=0.9590 val_macro_f1=0.9433 val_macro_auc=0.9952 (checkpoint_metric=macro_auc)
train epoch 200/200 batch 13/66 (20%) running_loss=0.3817
train epoch 200/200 batch 26/66 (39%) running_loss=0.3699
train epoch 200/200 batch 39/66 (59%) running_loss=0.3702
train epoch 200/200 batch 52/66 (79%) running_loss=0.3695
train epoch 200/200 batch 65/66 (98%) running_loss=0.3689
train epoch 200/200 batch 66/66 (100%) running_loss=0.3685
epoch 200/200 done: train_loss=0.3685 val_loss=0.1726 val_accuracy=0.9590 val_macro_f1=0.9433 val_macro_auc=0.9952 (checkpoint_metric=macro_auc)
Training finished. Best epoch=141, smoothed macro_auc=0.9973 (window=3)
Test set evaluated once: accuracy=0.8840 macro_f1=0.8743 macro_auc=0.9810
Best epoch: 141
Test accuracy: 0.8840
Test macro F1: 0.8743
Test macro AUC: 0.9810
