Starting baseline training: model=resnet18 device=cuda amp=True image_size=96 epochs=50 lr=0.001 optimizer=sgd
Dataset ready: 3 classes, 2102 train / 488 val samples (split reused from outputs/baseline_resnet18_96_adaptive/split_indices.json)
Augmentation policy: sample-adaptive, from outputs/main1/augmentation_run/selected_policy.json
Downloading: "https://download.pytorch.org/models/resnet18-f37072fd.pth" to /home/nisha/.cache/torch/hub/checkpoints/resnet18-f37072fd.pth
  0%|          | 0.00/44.7M [00:00<?, ?B/s]  3%|▎         | 1.38M/44.7M [00:00<00:03, 14.3MB/s] 27%|██▋       | 12.0M/44.7M [00:00<00:00, 71.3MB/s] 52%|█████▏    | 23.2M/44.7M [00:00<00:00, 92.2MB/s] 78%|███████▊  | 34.6M/44.7M [00:00<00:00, 102MB/s] 100%|██████████| 44.7M/44.7M [00:00<00:00, 95.1MB/s]
Classes: {'glioma_tumor': 0, 'meningioma_tumor': 1, 'pituitary_tumor': 2}
Regularization: weight_decay=7.0e-04 label_smoothing=0.10 grad_clip_norm=5.0
train epoch 1/50 batch 13/66 (20%) running_loss=1.1506
train epoch 1/50 batch 26/66 (39%) running_loss=0.9980
train epoch 1/50 batch 39/66 (59%) running_loss=0.8937
train epoch 1/50 batch 52/66 (79%) running_loss=0.8231
train epoch 1/50 batch 65/66 (98%) running_loss=0.7739
train epoch 1/50 batch 66/66 (100%) running_loss=0.7723
epoch 1/50 done: train_loss=0.7723 val_loss=0.3317 val_accuracy=0.8791 val_macro_f1=0.8329 val_macro_auc=0.9659 (checkpoint_metric=macro_auc) [new best]
train epoch 2/50 batch 13/66 (20%) running_loss=0.5248
train epoch 2/50 batch 26/66 (39%) running_loss=0.5309
train epoch 2/50 batch 39/66 (59%) running_loss=0.5250
train epoch 2/50 batch 52/66 (79%) running_loss=0.5305
train epoch 2/50 batch 65/66 (98%) running_loss=0.5243
train epoch 2/50 batch 66/66 (100%) running_loss=0.5235
epoch 2/50 done: train_loss=0.5235 val_loss=0.2951 val_accuracy=0.8852 val_macro_f1=0.8430 val_macro_auc=0.9729 (checkpoint_metric=macro_auc) [new best]
train epoch 3/50 batch 13/66 (20%) running_loss=0.4409
train epoch 3/50 batch 26/66 (39%) running_loss=0.4351
train epoch 3/50 batch 39/66 (59%) running_loss=0.4260
train epoch 3/50 batch 52/66 (79%) running_loss=0.4229
train epoch 3/50 batch 65/66 (98%) running_loss=0.4223
train epoch 3/50 batch 66/66 (100%) running_loss=0.4217
epoch 3/50 done: train_loss=0.4217 val_loss=0.2253 val_accuracy=0.9180 val_macro_f1=0.8904 val_macro_auc=0.9876 (checkpoint_metric=macro_auc) [new best]
train epoch 4/50 batch 13/66 (20%) running_loss=0.3806
train epoch 4/50 batch 26/66 (39%) running_loss=0.3798
train epoch 4/50 batch 39/66 (59%) running_loss=0.3819
train epoch 4/50 batch 52/66 (79%) running_loss=0.3834
train epoch 4/50 batch 65/66 (98%) running_loss=0.3857
train epoch 4/50 batch 66/66 (100%) running_loss=0.3856
epoch 4/50 done: train_loss=0.3856 val_loss=0.2524 val_accuracy=0.9201 val_macro_f1=0.8946 val_macro_auc=0.9841 (checkpoint_metric=macro_auc) [new best]
train epoch 5/50 batch 13/66 (20%) running_loss=0.3703
train epoch 5/50 batch 26/66 (39%) running_loss=0.3690
train epoch 5/50 batch 39/66 (59%) running_loss=0.3684
train epoch 5/50 batch 52/66 (79%) running_loss=0.3704
train epoch 5/50 batch 65/66 (98%) running_loss=0.3697
train epoch 5/50 batch 66/66 (100%) running_loss=0.3698
epoch 5/50 done: train_loss=0.3698 val_loss=0.2443 val_accuracy=0.9303 val_macro_f1=0.9036 val_macro_auc=0.9855 (checkpoint_metric=macro_auc) [new best]
train epoch 6/50 batch 13/66 (20%) running_loss=0.3712
train epoch 6/50 batch 26/66 (39%) running_loss=0.3635
train epoch 6/50 batch 39/66 (59%) running_loss=0.3671
train epoch 6/50 batch 52/66 (79%) running_loss=0.3646
train epoch 6/50 batch 65/66 (98%) running_loss=0.3622
train epoch 6/50 batch 66/66 (100%) running_loss=0.3621
epoch 6/50 done: train_loss=0.3621 val_loss=0.2094 val_accuracy=0.9385 val_macro_f1=0.9165 val_macro_auc=0.9891 (checkpoint_metric=macro_auc) [new best]
train epoch 7/50 batch 13/66 (20%) running_loss=0.3582
train epoch 7/50 batch 26/66 (39%) running_loss=0.3588
train epoch 7/50 batch 39/66 (59%) running_loss=0.3550
train epoch 7/50 batch 52/66 (79%) running_loss=0.3536
train epoch 7/50 batch 65/66 (98%) running_loss=0.3546
train epoch 7/50 batch 66/66 (100%) running_loss=0.3546
epoch 7/50 done: train_loss=0.3546 val_loss=0.2260 val_accuracy=0.9139 val_macro_f1=0.8742 val_macro_auc=0.9868 (checkpoint_metric=macro_auc) [new best]
train epoch 8/50 batch 13/66 (20%) running_loss=0.3428
train epoch 8/50 batch 26/66 (39%) running_loss=0.3418
train epoch 8/50 batch 39/66 (59%) running_loss=0.3432
train epoch 8/50 batch 52/66 (79%) running_loss=0.3434
train epoch 8/50 batch 65/66 (98%) running_loss=0.3464
train epoch 8/50 batch 66/66 (100%) running_loss=0.3464
epoch 8/50 done: train_loss=0.3464 val_loss=0.2325 val_accuracy=0.9385 val_macro_f1=0.9122 val_macro_auc=0.9862 (checkpoint_metric=macro_auc) [new best]
train epoch 9/50 batch 13/66 (20%) running_loss=0.3649
train epoch 9/50 batch 26/66 (39%) running_loss=0.3576
train epoch 9/50 batch 39/66 (59%) running_loss=0.3549
train epoch 9/50 batch 52/66 (79%) running_loss=0.3529
train epoch 9/50 batch 65/66 (98%) running_loss=0.3494
train epoch 9/50 batch 66/66 (100%) running_loss=0.3490
epoch 9/50 done: train_loss=0.3490 val_loss=0.1900 val_accuracy=0.9529 val_macro_f1=0.9334 val_macro_auc=0.9924 (checkpoint_metric=macro_auc) [new best]
train epoch 10/50 batch 13/66 (20%) running_loss=0.3320
train epoch 10/50 batch 26/66 (39%) running_loss=0.3349
train epoch 10/50 batch 39/66 (59%) running_loss=0.3398
train epoch 10/50 batch 52/66 (79%) running_loss=0.3410
train epoch 10/50 batch 65/66 (98%) running_loss=0.3401
train epoch 10/50 batch 66/66 (100%) running_loss=0.3402
epoch 10/50 done: train_loss=0.3402 val_loss=0.1982 val_accuracy=0.9406 val_macro_f1=0.9194 val_macro_auc=0.9924 (checkpoint_metric=macro_auc) [new best]
train epoch 11/50 batch 13/66 (20%) running_loss=0.3275
train epoch 11/50 batch 26/66 (39%) running_loss=0.3339
train epoch 11/50 batch 39/66 (59%) running_loss=0.3416
train epoch 11/50 batch 52/66 (79%) running_loss=0.3394
train epoch 11/50 batch 65/66 (98%) running_loss=0.3383
train epoch 11/50 batch 66/66 (100%) running_loss=0.3386
epoch 11/50 done: train_loss=0.3386 val_loss=0.1934 val_accuracy=0.9365 val_macro_f1=0.9127 val_macro_auc=0.9912 (checkpoint_metric=macro_auc) [new best]
train epoch 12/50 batch 13/66 (20%) running_loss=0.3506
train epoch 12/50 batch 26/66 (39%) running_loss=0.3578
train epoch 12/50 batch 39/66 (59%) running_loss=0.3523
train epoch 12/50 batch 52/66 (79%) running_loss=0.3472
train epoch 12/50 batch 65/66 (98%) running_loss=0.3429
train epoch 12/50 batch 66/66 (100%) running_loss=0.3427
epoch 12/50 done: train_loss=0.3427 val_loss=0.2203 val_accuracy=0.9365 val_macro_f1=0.9145 val_macro_auc=0.9906 (checkpoint_metric=macro_auc)
train epoch 13/50 batch 13/66 (20%) running_loss=0.3465
train epoch 13/50 batch 26/66 (39%) running_loss=0.3420
train epoch 13/50 batch 39/66 (59%) running_loss=0.3398
train epoch 13/50 batch 52/66 (79%) running_loss=0.3388
train epoch 13/50 batch 65/66 (98%) running_loss=0.3371
train epoch 13/50 batch 66/66 (100%) running_loss=0.3373
epoch 13/50 done: train_loss=0.3373 val_loss=0.2179 val_accuracy=0.9344 val_macro_f1=0.9102 val_macro_auc=0.9901 (checkpoint_metric=macro_auc)
train epoch 14/50 batch 13/66 (20%) running_loss=0.3244
train epoch 14/50 batch 26/66 (39%) running_loss=0.3339
train epoch 14/50 batch 39/66 (59%) running_loss=0.3361
train epoch 14/50 batch 52/66 (79%) running_loss=0.3401
train epoch 14/50 batch 65/66 (98%) running_loss=0.3441
train epoch 14/50 batch 66/66 (100%) running_loss=0.3443
epoch 14/50 done: train_loss=0.3443 val_loss=0.2282 val_accuracy=0.9385 val_macro_f1=0.9181 val_macro_auc=0.9916 (checkpoint_metric=macro_auc)
train epoch 15/50 batch 13/66 (20%) running_loss=0.3585
train epoch 15/50 batch 26/66 (39%) running_loss=0.3490
train epoch 15/50 batch 39/66 (59%) running_loss=0.3411
train epoch 15/50 batch 52/66 (79%) running_loss=0.3387
train epoch 15/50 batch 65/66 (98%) running_loss=0.3397
train epoch 15/50 batch 66/66 (100%) running_loss=0.3404
epoch 15/50 done: train_loss=0.3404 val_loss=0.1950 val_accuracy=0.9488 val_macro_f1=0.9298 val_macro_auc=0.9937 (checkpoint_metric=macro_auc)
train epoch 16/50 batch 13/66 (20%) running_loss=0.3434
train epoch 16/50 batch 26/66 (39%) running_loss=0.3405
train epoch 16/50 batch 39/66 (59%) running_loss=0.3425
train epoch 16/50 batch 52/66 (79%) running_loss=0.3385
train epoch 16/50 batch 65/66 (98%) running_loss=0.3389
train epoch 16/50 batch 66/66 (100%) running_loss=0.3390
epoch 16/50 done: train_loss=0.3390 val_loss=0.1950 val_accuracy=0.9447 val_macro_f1=0.9242 val_macro_auc=0.9926 (checkpoint_metric=macro_auc) [new best]
train epoch 17/50 batch 13/66 (20%) running_loss=0.3439
train epoch 17/50 batch 26/66 (39%) running_loss=0.3349
train epoch 17/50 batch 39/66 (59%) running_loss=0.3323
train epoch 17/50 batch 52/66 (79%) running_loss=0.3316
train epoch 17/50 batch 65/66 (98%) running_loss=0.3351
train epoch 17/50 batch 66/66 (100%) running_loss=0.3348
epoch 17/50 done: train_loss=0.3348 val_loss=0.1993 val_accuracy=0.9467 val_macro_f1=0.9278 val_macro_auc=0.9929 (checkpoint_metric=macro_auc) [new best]
train epoch 18/50 batch 13/66 (20%) running_loss=0.3318
train epoch 18/50 batch 26/66 (39%) running_loss=0.3305
train epoch 18/50 batch 39/66 (59%) running_loss=0.3312
train epoch 18/50 batch 52/66 (79%) running_loss=0.3316
train epoch 18/50 batch 65/66 (98%) running_loss=0.3330
train epoch 18/50 batch 66/66 (100%) running_loss=0.3332
epoch 18/50 done: train_loss=0.3332 val_loss=0.1786 val_accuracy=0.9488 val_macro_f1=0.9292 val_macro_auc=0.9944 (checkpoint_metric=macro_auc) [new best]
train epoch 19/50 batch 13/66 (20%) running_loss=0.3313
train epoch 19/50 batch 26/66 (39%) running_loss=0.3302
train epoch 19/50 batch 39/66 (59%) running_loss=0.3316
train epoch 19/50 batch 52/66 (79%) running_loss=0.3344
train epoch 19/50 batch 65/66 (98%) running_loss=0.3358
train epoch 19/50 batch 66/66 (100%) running_loss=0.3359
epoch 19/50 done: train_loss=0.3359 val_loss=0.1897 val_accuracy=0.9508 val_macro_f1=0.9321 val_macro_auc=0.9937 (checkpoint_metric=macro_auc) [new best]
train epoch 20/50 batch 13/66 (20%) running_loss=0.3202
train epoch 20/50 batch 26/66 (39%) running_loss=0.3240
train epoch 20/50 batch 39/66 (59%) running_loss=0.3265
train epoch 20/50 batch 52/66 (79%) running_loss=0.3285
train epoch 20/50 batch 65/66 (98%) running_loss=0.3262
train epoch 20/50 batch 66/66 (100%) running_loss=0.3272
epoch 20/50 done: train_loss=0.3272 val_loss=0.1878 val_accuracy=0.9447 val_macro_f1=0.9232 val_macro_auc=0.9941 (checkpoint_metric=macro_auc) [new best]
train epoch 21/50 batch 13/66 (20%) running_loss=0.3281
train epoch 21/50 batch 26/66 (39%) running_loss=0.3286
train epoch 21/50 batch 39/66 (59%) running_loss=0.3295
train epoch 21/50 batch 52/66 (79%) running_loss=0.3282
train epoch 21/50 batch 65/66 (98%) running_loss=0.3268
train epoch 21/50 batch 66/66 (100%) running_loss=0.3266
epoch 21/50 done: train_loss=0.3266 val_loss=0.1875 val_accuracy=0.9426 val_macro_f1=0.9224 val_macro_auc=0.9934 (checkpoint_metric=macro_auc)
train epoch 22/50 batch 13/66 (20%) running_loss=0.3216
train epoch 22/50 batch 26/66 (39%) running_loss=0.3189
train epoch 22/50 batch 39/66 (59%) running_loss=0.3221
train epoch 22/50 batch 52/66 (79%) running_loss=0.3232
train epoch 22/50 batch 65/66 (98%) running_loss=0.3246
train epoch 22/50 batch 66/66 (100%) running_loss=0.3244
epoch 22/50 done: train_loss=0.3244 val_loss=0.2094 val_accuracy=0.9385 val_macro_f1=0.9155 val_macro_auc=0.9918 (checkpoint_metric=macro_auc)
train epoch 23/50 batch 13/66 (20%) running_loss=0.3335
train epoch 23/50 batch 26/66 (39%) running_loss=0.3363
train epoch 23/50 batch 39/66 (59%) running_loss=0.3368
train epoch 23/50 batch 52/66 (79%) running_loss=0.3337
train epoch 23/50 batch 65/66 (98%) running_loss=0.3339
train epoch 23/50 batch 66/66 (100%) running_loss=0.3340
epoch 23/50 done: train_loss=0.3340 val_loss=0.1948 val_accuracy=0.9488 val_macro_f1=0.9301 val_macro_auc=0.9945 (checkpoint_metric=macro_auc)
train epoch 24/50 batch 13/66 (20%) running_loss=0.3292
train epoch 24/50 batch 26/66 (39%) running_loss=0.3266
train epoch 24/50 batch 39/66 (59%) running_loss=0.3252
train epoch 24/50 batch 52/66 (79%) running_loss=0.3269
train epoch 24/50 batch 65/66 (98%) running_loss=0.3279
train epoch 24/50 batch 66/66 (100%) running_loss=0.3277
epoch 24/50 done: train_loss=0.3277 val_loss=0.2057 val_accuracy=0.9303 val_macro_f1=0.9040 val_macro_auc=0.9918 (checkpoint_metric=macro_auc)
train epoch 25/50 batch 13/66 (20%) running_loss=0.3336
train epoch 25/50 batch 26/66 (39%) running_loss=0.3315
train epoch 25/50 batch 39/66 (59%) running_loss=0.3276
train epoch 25/50 batch 52/66 (79%) running_loss=0.3272
train epoch 25/50 batch 65/66 (98%) running_loss=0.3281
train epoch 25/50 batch 66/66 (100%) running_loss=0.3281
epoch 25/50 done: train_loss=0.3281 val_loss=0.2098 val_accuracy=0.9467 val_macro_f1=0.9263 val_macro_auc=0.9932 (checkpoint_metric=macro_auc)
train epoch 26/50 batch 13/66 (20%) running_loss=0.3260
train epoch 26/50 batch 26/66 (39%) running_loss=0.3253
train epoch 26/50 batch 39/66 (59%) running_loss=0.3276
train epoch 26/50 batch 52/66 (79%) running_loss=0.3254
train epoch 26/50 batch 65/66 (98%) running_loss=0.3248
train epoch 26/50 batch 66/66 (100%) running_loss=0.3246
epoch 26/50 done: train_loss=0.3246 val_loss=0.2050 val_accuracy=0.9324 val_macro_f1=0.9060 val_macro_auc=0.9918 (checkpoint_metric=macro_auc)
train epoch 27/50 batch 13/66 (20%) running_loss=0.3228
train epoch 27/50 batch 26/66 (39%) running_loss=0.3261
train epoch 27/50 batch 39/66 (59%) running_loss=0.3272
train epoch 27/50 batch 52/66 (79%) running_loss=0.3259
train epoch 27/50 batch 65/66 (98%) running_loss=0.3242
train epoch 27/50 batch 66/66 (100%) running_loss=0.3243
epoch 27/50 done: train_loss=0.3243 val_loss=0.2194 val_accuracy=0.9385 val_macro_f1=0.9174 val_macro_auc=0.9917 (checkpoint_metric=macro_auc)
train epoch 28/50 batch 13/66 (20%) running_loss=0.3233
train epoch 28/50 batch 26/66 (39%) running_loss=0.3216
train epoch 28/50 batch 39/66 (59%) running_loss=0.3221
train epoch 28/50 batch 52/66 (79%) running_loss=0.3240
train epoch 28/50 batch 65/66 (98%) running_loss=0.3230
train epoch 28/50 batch 66/66 (100%) running_loss=0.3229
epoch 28/50 done: train_loss=0.3229 val_loss=0.2021 val_accuracy=0.9324 val_macro_f1=0.9064 val_macro_auc=0.9918 (checkpoint_metric=macro_auc)
train epoch 29/50 batch 13/66 (20%) running_loss=0.3216
train epoch 29/50 batch 26/66 (39%) running_loss=0.3244
train epoch 29/50 batch 39/66 (59%) running_loss=0.3233
train epoch 29/50 batch 52/66 (79%) running_loss=0.3226
train epoch 29/50 batch 65/66 (98%) running_loss=0.3226
train epoch 29/50 batch 66/66 (100%) running_loss=0.3226
epoch 29/50 done: train_loss=0.3226 val_loss=0.2078 val_accuracy=0.9344 val_macro_f1=0.9096 val_macro_auc=0.9920 (checkpoint_metric=macro_auc)
train epoch 30/50 batch 13/66 (20%) running_loss=0.3199
train epoch 30/50 batch 26/66 (39%) running_loss=0.3212
train epoch 30/50 batch 39/66 (59%) running_loss=0.3201
train epoch 30/50 batch 52/66 (79%) running_loss=0.3188
train epoch 30/50 batch 65/66 (98%) running_loss=0.3202
train epoch 30/50 batch 66/66 (100%) running_loss=0.3203
epoch 30/50 done: train_loss=0.3203 val_loss=0.1878 val_accuracy=0.9549 val_macro_f1=0.9390 val_macro_auc=0.9934 (checkpoint_metric=macro_auc)
train epoch 31/50 batch 13/66 (20%) running_loss=0.3235
train epoch 31/50 batch 26/66 (39%) running_loss=0.3327
train epoch 31/50 batch 39/66 (59%) running_loss=0.3286
train epoch 31/50 batch 52/66 (79%) running_loss=0.3281
train epoch 31/50 batch 65/66 (98%) running_loss=0.3255
train epoch 31/50 batch 66/66 (100%) running_loss=0.3254
epoch 31/50 done: train_loss=0.3254 val_loss=0.2089 val_accuracy=0.9406 val_macro_f1=0.9192 val_macro_auc=0.9930 (checkpoint_metric=macro_auc)
train epoch 32/50 batch 13/66 (20%) running_loss=0.3181
train epoch 32/50 batch 26/66 (39%) running_loss=0.3210
train epoch 32/50 batch 39/66 (59%) running_loss=0.3194
train epoch 32/50 batch 52/66 (79%) running_loss=0.3193
train epoch 32/50 batch 65/66 (98%) running_loss=0.3211
train epoch 32/50 batch 66/66 (100%) running_loss=0.3210
epoch 32/50 done: train_loss=0.3210 val_loss=0.2154 val_accuracy=0.9344 val_macro_f1=0.9107 val_macro_auc=0.9917 (checkpoint_metric=macro_auc)
train epoch 33/50 batch 13/66 (20%) running_loss=0.3138
train epoch 33/50 batch 26/66 (39%) running_loss=0.3154
train epoch 33/50 batch 39/66 (59%) running_loss=0.3179
train epoch 33/50 batch 52/66 (79%) running_loss=0.3204
train epoch 33/50 batch 65/66 (98%) running_loss=0.3213
train epoch 33/50 batch 66/66 (100%) running_loss=0.3215
epoch 33/50 done: train_loss=0.3215 val_loss=0.1987 val_accuracy=0.9467 val_macro_f1=0.9270 val_macro_auc=0.9930 (checkpoint_metric=macro_auc)
train epoch 34/50 batch 13/66 (20%) running_loss=0.3330
train epoch 34/50 batch 26/66 (39%) running_loss=0.3244
train epoch 34/50 batch 39/66 (59%) running_loss=0.3212
train epoch 34/50 batch 52/66 (79%) running_loss=0.3207
train epoch 34/50 batch 65/66 (98%) running_loss=0.3208
train epoch 34/50 batch 66/66 (100%) running_loss=0.3210
epoch 34/50 done: train_loss=0.3210 val_loss=0.2048 val_accuracy=0.9426 val_macro_f1=0.9214 val_macro_auc=0.9925 (checkpoint_metric=macro_auc)
train epoch 35/50 batch 13/66 (20%) running_loss=0.3119
train epoch 35/50 batch 26/66 (39%) running_loss=0.3174
train epoch 35/50 batch 39/66 (59%) running_loss=0.3177
train epoch 35/50 batch 52/66 (79%) running_loss=0.3178
train epoch 35/50 batch 65/66 (98%) running_loss=0.3190
train epoch 35/50 batch 66/66 (100%) running_loss=0.3188
epoch 35/50 done: train_loss=0.3188 val_loss=0.2127 val_accuracy=0.9467 val_macro_f1=0.9272 val_macro_auc=0.9920 (checkpoint_metric=macro_auc)
train epoch 36/50 batch 13/66 (20%) running_loss=0.3238
train epoch 36/50 batch 26/66 (39%) running_loss=0.3183
train epoch 36/50 batch 39/66 (59%) running_loss=0.3183
train epoch 36/50 batch 52/66 (79%) running_loss=0.3176
train epoch 36/50 batch 65/66 (98%) running_loss=0.3173
train epoch 36/50 batch 66/66 (100%) running_loss=0.3172
epoch 36/50 done: train_loss=0.3172 val_loss=0.2101 val_accuracy=0.9385 val_macro_f1=0.9162 val_macro_auc=0.9908 (checkpoint_metric=macro_auc)
train epoch 37/50 batch 13/66 (20%) running_loss=0.3191
train epoch 37/50 batch 26/66 (39%) running_loss=0.3173
train epoch 37/50 batch 39/66 (59%) running_loss=0.3226
train epoch 37/50 batch 52/66 (79%) running_loss=0.3232
train epoch 37/50 batch 65/66 (98%) running_loss=0.3243
train epoch 37/50 batch 66/66 (100%) running_loss=0.3243
epoch 37/50 done: train_loss=0.3243 val_loss=0.2007 val_accuracy=0.9426 val_macro_f1=0.9207 val_macro_auc=0.9923 (checkpoint_metric=macro_auc)
train epoch 38/50 batch 13/66 (20%) running_loss=0.3149
train epoch 38/50 batch 26/66 (39%) running_loss=0.3215
train epoch 38/50 batch 39/66 (59%) running_loss=0.3211
train epoch 38/50 batch 52/66 (79%) running_loss=0.3241
train epoch 38/50 batch 65/66 (98%) running_loss=0.3233
train epoch 38/50 batch 66/66 (100%) running_loss=0.3235
epoch 38/50 done: train_loss=0.3235 val_loss=0.1877 val_accuracy=0.9488 val_macro_f1=0.9289 val_macro_auc=0.9932 (checkpoint_metric=macro_auc)
train epoch 39/50 batch 13/66 (20%) running_loss=0.3162
train epoch 39/50 batch 26/66 (39%) running_loss=0.3179
train epoch 39/50 batch 39/66 (59%) running_loss=0.3191
train epoch 39/50 batch 52/66 (79%) running_loss=0.3215
train epoch 39/50 batch 65/66 (98%) running_loss=0.3205
train epoch 39/50 batch 66/66 (100%) running_loss=0.3211
epoch 39/50 done: train_loss=0.3211 val_loss=0.1806 val_accuracy=0.9508 val_macro_f1=0.9312 val_macro_auc=0.9940 (checkpoint_metric=macro_auc)
train epoch 40/50 batch 13/66 (20%) running_loss=0.3184
train epoch 40/50 batch 26/66 (39%) running_loss=0.3173
train epoch 40/50 batch 39/66 (59%) running_loss=0.3189
train epoch 40/50 batch 52/66 (79%) running_loss=0.3195
train epoch 40/50 batch 65/66 (98%) running_loss=0.3179
train epoch 40/50 batch 66/66 (100%) running_loss=0.3179
epoch 40/50 done: train_loss=0.3179 val_loss=0.2092 val_accuracy=0.9426 val_macro_f1=0.9220 val_macro_auc=0.9916 (checkpoint_metric=macro_auc)
train epoch 41/50 batch 13/66 (20%) running_loss=0.3210
train epoch 41/50 batch 26/66 (39%) running_loss=0.3253
train epoch 41/50 batch 39/66 (59%) running_loss=0.3224
train epoch 41/50 batch 52/66 (79%) running_loss=0.3254
train epoch 41/50 batch 65/66 (98%) running_loss=0.3237
train epoch 41/50 batch 66/66 (100%) running_loss=0.3238
epoch 41/50 done: train_loss=0.3238 val_loss=0.1964 val_accuracy=0.9467 val_macro_f1=0.9267 val_macro_auc=0.9933 (checkpoint_metric=macro_auc)
train epoch 42/50 batch 13/66 (20%) running_loss=0.3136
train epoch 42/50 batch 26/66 (39%) running_loss=0.3202
train epoch 42/50 batch 39/66 (59%) running_loss=0.3166
train epoch 42/50 batch 52/66 (79%) running_loss=0.3164
train epoch 42/50 batch 65/66 (98%) running_loss=0.3171
train epoch 42/50 batch 66/66 (100%) running_loss=0.3170
epoch 42/50 done: train_loss=0.3170 val_loss=0.1992 val_accuracy=0.9508 val_macro_f1=0.9323 val_macro_auc=0.9930 (checkpoint_metric=macro_auc)
train epoch 43/50 batch 13/66 (20%) running_loss=0.3165
train epoch 43/50 batch 26/66 (39%) running_loss=0.3159
train epoch 43/50 batch 39/66 (59%) running_loss=0.3164
train epoch 43/50 batch 52/66 (79%) running_loss=0.3171
train epoch 43/50 batch 65/66 (98%) running_loss=0.3179
train epoch 43/50 batch 66/66 (100%) running_loss=0.3180
epoch 43/50 done: train_loss=0.3180 val_loss=0.1919 val_accuracy=0.9529 val_macro_f1=0.9352 val_macro_auc=0.9936 (checkpoint_metric=macro_auc)
train epoch 44/50 batch 13/66 (20%) running_loss=0.3266
train epoch 44/50 batch 26/66 (39%) running_loss=0.3260
train epoch 44/50 batch 39/66 (59%) running_loss=0.3222
train epoch 44/50 batch 52/66 (79%) running_loss=0.3209
train epoch 44/50 batch 65/66 (98%) running_loss=0.3205
train epoch 44/50 batch 66/66 (100%) running_loss=0.3207
epoch 44/50 done: train_loss=0.3207 val_loss=0.2113 val_accuracy=0.9406 val_macro_f1=0.9179 val_macro_auc=0.9916 (checkpoint_metric=macro_auc)
train epoch 45/50 batch 13/66 (20%) running_loss=0.3234
train epoch 45/50 batch 26/66 (39%) running_loss=0.3184
train epoch 45/50 batch 39/66 (59%) running_loss=0.3196
train epoch 45/50 batch 52/66 (79%) running_loss=0.3210
train epoch 45/50 batch 65/66 (98%) running_loss=0.3210
train epoch 45/50 batch 66/66 (100%) running_loss=0.3217
epoch 45/50 done: train_loss=0.3217 val_loss=0.2005 val_accuracy=0.9488 val_macro_f1=0.9297 val_macro_auc=0.9925 (checkpoint_metric=macro_auc)
train epoch 46/50 batch 13/66 (20%) running_loss=0.3168
train epoch 46/50 batch 26/66 (39%) running_loss=0.3161
train epoch 46/50 batch 39/66 (59%) running_loss=0.3163
train epoch 46/50 batch 52/66 (79%) running_loss=0.3185
train epoch 46/50 batch 65/66 (98%) running_loss=0.3168
train epoch 46/50 batch 66/66 (100%) running_loss=0.3169
epoch 46/50 done: train_loss=0.3169 val_loss=0.1940 val_accuracy=0.9447 val_macro_f1=0.9244 val_macro_auc=0.9929 (checkpoint_metric=macro_auc)
train epoch 47/50 batch 13/66 (20%) running_loss=0.3190
train epoch 47/50 batch 26/66 (39%) running_loss=0.3169
train epoch 47/50 batch 39/66 (59%) running_loss=0.3191
train epoch 47/50 batch 52/66 (79%) running_loss=0.3175
train epoch 47/50 batch 65/66 (98%) running_loss=0.3174
train epoch 47/50 batch 66/66 (100%) running_loss=0.3173
epoch 47/50 done: train_loss=0.3173 val_loss=0.2119 val_accuracy=0.9406 val_macro_f1=0.9196 val_macro_auc=0.9918 (checkpoint_metric=macro_auc)
train epoch 48/50 batch 13/66 (20%) running_loss=0.3143
train epoch 48/50 batch 26/66 (39%) running_loss=0.3187
train epoch 48/50 batch 39/66 (59%) running_loss=0.3181
train epoch 48/50 batch 52/66 (79%) running_loss=0.3178
train epoch 48/50 batch 65/66 (98%) running_loss=0.3163
train epoch 48/50 batch 66/66 (100%) running_loss=0.3163
epoch 48/50 done: train_loss=0.3163 val_loss=0.1993 val_accuracy=0.9426 val_macro_f1=0.9218 val_macro_auc=0.9927 (checkpoint_metric=macro_auc)
train epoch 49/50 batch 13/66 (20%) running_loss=0.3157
train epoch 49/50 batch 26/66 (39%) running_loss=0.3180
train epoch 49/50 batch 39/66 (59%) running_loss=0.3185
train epoch 49/50 batch 52/66 (79%) running_loss=0.3197
train epoch 49/50 batch 65/66 (98%) running_loss=0.3194
train epoch 49/50 batch 66/66 (100%) running_loss=0.3193
epoch 49/50 done: train_loss=0.3193 val_loss=0.1960 val_accuracy=0.9426 val_macro_f1=0.9218 val_macro_auc=0.9922 (checkpoint_metric=macro_auc)
train epoch 50/50 batch 13/66 (20%) running_loss=0.3243
train epoch 50/50 batch 26/66 (39%) running_loss=0.3223
train epoch 50/50 batch 39/66 (59%) running_loss=0.3198
train epoch 50/50 batch 52/66 (79%) running_loss=0.3223
train epoch 50/50 batch 65/66 (98%) running_loss=0.3222
train epoch 50/50 batch 66/66 (100%) running_loss=0.3229
epoch 50/50 done: train_loss=0.3229 val_loss=0.1895 val_accuracy=0.9508 val_macro_f1=0.9318 val_macro_auc=0.9934 (checkpoint_metric=macro_auc)
Training finished. Best epoch=20, smoothed macro_auc=0.9941 (window=3)
Test set evaluated once: accuracy=0.8924 macro_f1=0.8822 macro_auc=0.9740
Model size: 11.18M params, 0.335 GFLOPs at 96x96

Best epoch: 20
Test accuracy:  0.8924
Test macro F1:  0.8822
Test macro AUC: 0.9740
Model size: 11.18M params, 0.335 GFLOPs
