Starting final training on device=cuda, amp=True, physical_batch_size=32, accumulation_steps=1, effective_batch_size=32
Augmentation policy: sample-adaptive, from outputs/main1/augmentation_run/selected_policy.json
Classes: {'glioma_tumor': 0, 'meningioma_tumor': 1, 'pituitary_tumor': 2}
Regularization: weight_decay=7.0e-04 classifier_dropout=0.30 label_smoothing=0.10 drop_path=0.20
train epoch 1/200 batch 13/66 (20%) running_loss=1.1562
train epoch 1/200 batch 26/66 (39%) running_loss=1.1451
train epoch 1/200 batch 39/66 (59%) running_loss=1.1399
train epoch 1/200 batch 52/66 (79%) running_loss=1.1375
train epoch 1/200 batch 65/66 (98%) running_loss=1.1329
train epoch 1/200 batch 66/66 (100%) running_loss=1.1303
epoch 1/200 done: train_loss=1.1303 val_loss=3.0690 val_accuracy=0.2684 val_macro_f1=0.1578 val_macro_auc=0.3706 (checkpoint_metric=macro_auc) [new best]
train epoch 2/200 batch 13/66 (20%) running_loss=1.1209
train epoch 2/200 batch 26/66 (39%) running_loss=1.1125
train epoch 2/200 batch 39/66 (59%) running_loss=1.0985
train epoch 2/200 batch 52/66 (79%) running_loss=1.1022
train epoch 2/200 batch 65/66 (98%) running_loss=1.1018
train epoch 2/200 batch 66/66 (100%) running_loss=1.1002
epoch 2/200 done: train_loss=1.1002 val_loss=1.0032 val_accuracy=0.5369 val_macro_f1=0.2828 val_macro_auc=0.5666 (checkpoint_metric=macro_auc) [new best]
train epoch 3/200 batch 13/66 (20%) running_loss=1.0927
train epoch 3/200 batch 26/66 (39%) running_loss=1.0800
train epoch 3/200 batch 39/66 (59%) running_loss=1.0703
train epoch 3/200 batch 52/66 (79%) running_loss=1.0664
train epoch 3/200 batch 65/66 (98%) running_loss=1.0556
train epoch 3/200 batch 66/66 (100%) running_loss=1.0560
epoch 3/200 done: train_loss=1.0560 val_loss=1.0816 val_accuracy=0.5102 val_macro_f1=0.2324 val_macro_auc=0.6765 (checkpoint_metric=macro_auc) [new best]
train epoch 4/200 batch 13/66 (20%) running_loss=1.0414
train epoch 4/200 batch 26/66 (39%) running_loss=1.0205
train epoch 4/200 batch 39/66 (59%) running_loss=1.0323
train epoch 4/200 batch 52/66 (79%) running_loss=1.0322
train epoch 4/200 batch 65/66 (98%) running_loss=1.0366
train epoch 4/200 batch 66/66 (100%) running_loss=1.0362
epoch 4/200 done: train_loss=1.0362 val_loss=0.9249 val_accuracy=0.5943 val_macro_f1=0.3741 val_macro_auc=0.7542 (checkpoint_metric=macro_auc) [new best]
train epoch 5/200 batch 13/66 (20%) running_loss=0.9544
train epoch 5/200 batch 26/66 (39%) running_loss=0.9602
train epoch 5/200 batch 39/66 (59%) running_loss=0.9892
train epoch 5/200 batch 52/66 (79%) running_loss=0.9885
train epoch 5/200 batch 65/66 (98%) running_loss=0.9831
train epoch 5/200 batch 66/66 (100%) running_loss=0.9841
epoch 5/200 done: train_loss=0.9841 val_loss=0.9172 val_accuracy=0.6045 val_macro_f1=0.3893 val_macro_auc=0.7703 (checkpoint_metric=macro_auc) [new best]
train epoch 6/200 batch 13/66 (20%) running_loss=0.9760
train epoch 6/200 batch 26/66 (39%) running_loss=0.9636
train epoch 6/200 batch 39/66 (59%) running_loss=0.9517
train epoch 6/200 batch 52/66 (79%) running_loss=0.9493
train epoch 6/200 batch 65/66 (98%) running_loss=0.9481
train epoch 6/200 batch 66/66 (100%) running_loss=0.9475
epoch 6/200 done: train_loss=0.9475 val_loss=0.8104 val_accuracy=0.6783 val_macro_f1=0.4787 val_macro_auc=0.7613 (checkpoint_metric=macro_auc) [new best]
train epoch 7/200 batch 13/66 (20%) running_loss=0.9604
train epoch 7/200 batch 26/66 (39%) running_loss=0.9661
train epoch 7/200 batch 39/66 (59%) running_loss=0.9585
train epoch 7/200 batch 52/66 (79%) running_loss=0.9588
train epoch 7/200 batch 65/66 (98%) running_loss=0.9555
train epoch 7/200 batch 66/66 (100%) running_loss=0.9560
epoch 7/200 done: train_loss=0.9560 val_loss=0.9014 val_accuracy=0.6393 val_macro_f1=0.4308 val_macro_auc=0.7590 (checkpoint_metric=macro_auc) [new best]
train epoch 8/200 batch 13/66 (20%) running_loss=0.9272
train epoch 8/200 batch 26/66 (39%) running_loss=0.9287
train epoch 8/200 batch 39/66 (59%) running_loss=0.9261
train epoch 8/200 batch 52/66 (79%) running_loss=0.9190
train epoch 8/200 batch 65/66 (98%) running_loss=0.9121
train epoch 8/200 batch 66/66 (100%) running_loss=0.9117
epoch 8/200 done: train_loss=0.9117 val_loss=0.7902 val_accuracy=0.6967 val_macro_f1=0.4932 val_macro_auc=0.7784 (checkpoint_metric=macro_auc) [new best]
train epoch 9/200 batch 13/66 (20%) running_loss=0.9042
train epoch 9/200 batch 26/66 (39%) running_loss=0.9081
train epoch 9/200 batch 39/66 (59%) running_loss=0.8934
train epoch 9/200 batch 52/66 (79%) running_loss=0.8931
train epoch 9/200 batch 65/66 (98%) running_loss=0.8944
train epoch 9/200 batch 66/66 (100%) running_loss=0.8937
epoch 9/200 done: train_loss=0.8937 val_loss=0.7571 val_accuracy=0.7234 val_macro_f1=0.5205 val_macro_auc=0.7957 (checkpoint_metric=macro_auc) [new best]
train epoch 10/200 batch 13/66 (20%) running_loss=0.8966
train epoch 10/200 batch 26/66 (39%) running_loss=0.8669
train epoch 10/200 batch 39/66 (59%) running_loss=0.8835
train epoch 10/200 batch 52/66 (79%) running_loss=0.8799
train epoch 10/200 batch 65/66 (98%) running_loss=0.8832
train epoch 10/200 batch 66/66 (100%) running_loss=0.8816
epoch 10/200 done: train_loss=0.8816 val_loss=0.7456 val_accuracy=0.7193 val_macro_f1=0.5142 val_macro_auc=0.7929 (checkpoint_metric=macro_auc) [new best]
train epoch 11/200 batch 13/66 (20%) running_loss=0.8828
train epoch 11/200 batch 26/66 (39%) running_loss=0.8660
train epoch 11/200 batch 39/66 (59%) running_loss=0.8551
train epoch 11/200 batch 52/66 (79%) running_loss=0.8585
train epoch 11/200 batch 65/66 (98%) running_loss=0.8577
train epoch 11/200 batch 66/66 (100%) running_loss=0.8578
epoch 11/200 done: train_loss=0.8578 val_loss=0.7279 val_accuracy=0.7418 val_macro_f1=0.5361 val_macro_auc=0.8228 (checkpoint_metric=macro_auc) [new best]
train epoch 12/200 batch 13/66 (20%) running_loss=0.8751
train epoch 12/200 batch 26/66 (39%) running_loss=0.8812
train epoch 12/200 batch 39/66 (59%) running_loss=0.8796
train epoch 12/200 batch 52/66 (79%) running_loss=0.8610
train epoch 12/200 batch 65/66 (98%) running_loss=0.8509
train epoch 12/200 batch 66/66 (100%) running_loss=0.8517
epoch 12/200 done: train_loss=0.8517 val_loss=0.6973 val_accuracy=0.7725 val_macro_f1=0.5606 val_macro_auc=0.8321 (checkpoint_metric=macro_auc) [new best]
train epoch 13/200 batch 13/66 (20%) running_loss=0.8624
train epoch 13/200 batch 26/66 (39%) running_loss=0.8578
train epoch 13/200 batch 39/66 (59%) running_loss=0.8572
train epoch 13/200 batch 52/66 (79%) running_loss=0.8441
train epoch 13/200 batch 65/66 (98%) running_loss=0.8387
train epoch 13/200 batch 66/66 (100%) running_loss=0.8387
epoch 13/200 done: train_loss=0.8387 val_loss=0.6336 val_accuracy=0.7787 val_macro_f1=0.5652 val_macro_auc=0.8241 (checkpoint_metric=macro_auc) [new best]
train epoch 14/200 batch 13/66 (20%) running_loss=0.8112
train epoch 14/200 batch 26/66 (39%) running_loss=0.8104
train epoch 14/200 batch 39/66 (59%) running_loss=0.8181
train epoch 14/200 batch 52/66 (79%) running_loss=0.8166
train epoch 14/200 batch 65/66 (98%) running_loss=0.8155
train epoch 14/200 batch 66/66 (100%) running_loss=0.8173
epoch 14/200 done: train_loss=0.8173 val_loss=0.6539 val_accuracy=0.7889 val_macro_f1=0.6014 val_macro_auc=0.8297 (checkpoint_metric=macro_auc) [new best]
train epoch 15/200 batch 13/66 (20%) running_loss=0.8250
train epoch 15/200 batch 26/66 (39%) running_loss=0.8047
train epoch 15/200 batch 39/66 (59%) running_loss=0.8104
train epoch 15/200 batch 52/66 (79%) running_loss=0.8131
train epoch 15/200 batch 65/66 (98%) running_loss=0.8075
train epoch 15/200 batch 66/66 (100%) running_loss=0.8080
epoch 15/200 done: train_loss=0.8080 val_loss=0.6573 val_accuracy=0.7561 val_macro_f1=0.5698 val_macro_auc=0.8449 (checkpoint_metric=macro_auc) [new best]
train epoch 16/200 batch 13/66 (20%) running_loss=0.8082
train epoch 16/200 batch 26/66 (39%) running_loss=0.8122
train epoch 16/200 batch 39/66 (59%) running_loss=0.7964
train epoch 16/200 batch 52/66 (79%) running_loss=0.8036
train epoch 16/200 batch 65/66 (98%) running_loss=0.8064
train epoch 16/200 batch 66/66 (100%) running_loss=0.8057
epoch 16/200 done: train_loss=0.8057 val_loss=0.5815 val_accuracy=0.8094 val_macro_f1=0.5902 val_macro_auc=0.8720 (checkpoint_metric=macro_auc) [new best]
train epoch 17/200 batch 13/66 (20%) running_loss=0.7667
train epoch 17/200 batch 26/66 (39%) running_loss=0.7906
train epoch 17/200 batch 39/66 (59%) running_loss=0.8000
train epoch 17/200 batch 52/66 (79%) running_loss=0.7991
train epoch 17/200 batch 65/66 (98%) running_loss=0.7955
train epoch 17/200 batch 66/66 (100%) running_loss=0.7983
epoch 17/200 done: train_loss=0.7983 val_loss=0.7789 val_accuracy=0.6619 val_macro_f1=0.4703 val_macro_auc=0.8203 (checkpoint_metric=macro_auc)
train epoch 18/200 batch 13/66 (20%) running_loss=0.8080
train epoch 18/200 batch 26/66 (39%) running_loss=0.7930
train epoch 18/200 batch 39/66 (59%) running_loss=0.7930
train epoch 18/200 batch 52/66 (79%) running_loss=0.7862
train epoch 18/200 batch 65/66 (98%) running_loss=0.7853
train epoch 18/200 batch 66/66 (100%) running_loss=0.7865
epoch 18/200 done: train_loss=0.7865 val_loss=0.7438 val_accuracy=0.6742 val_macro_f1=0.4750 val_macro_auc=0.8093 (checkpoint_metric=macro_auc)
train epoch 19/200 batch 13/66 (20%) running_loss=0.7658
train epoch 19/200 batch 26/66 (39%) running_loss=0.7915
train epoch 19/200 batch 39/66 (59%) running_loss=0.7782
train epoch 19/200 batch 52/66 (79%) running_loss=0.7671
train epoch 19/200 batch 65/66 (98%) running_loss=0.7700
train epoch 19/200 batch 66/66 (100%) running_loss=0.7696
epoch 19/200 done: train_loss=0.7696 val_loss=0.5978 val_accuracy=0.7541 val_macro_f1=0.5661 val_macro_auc=0.8738 (checkpoint_metric=macro_auc)
train epoch 20/200 batch 13/66 (20%) running_loss=0.7890
train epoch 20/200 batch 26/66 (39%) running_loss=0.7771
train epoch 20/200 batch 39/66 (59%) running_loss=0.7789
train epoch 20/200 batch 52/66 (79%) running_loss=0.7747
train epoch 20/200 batch 65/66 (98%) running_loss=0.7767
train epoch 20/200 batch 66/66 (100%) running_loss=0.7776
epoch 20/200 done: train_loss=0.7776 val_loss=0.6782 val_accuracy=0.7377 val_macro_f1=0.5755 val_macro_auc=0.8806 (checkpoint_metric=macro_auc) [new best]
train epoch 21/200 batch 13/66 (20%) running_loss=0.7767
train epoch 21/200 batch 26/66 (39%) running_loss=0.7743
train epoch 21/200 batch 39/66 (59%) running_loss=0.7675
train epoch 21/200 batch 52/66 (79%) running_loss=0.7584
train epoch 21/200 batch 65/66 (98%) running_loss=0.7653
train epoch 21/200 batch 66/66 (100%) running_loss=0.7651
epoch 21/200 done: train_loss=0.7651 val_loss=0.6298 val_accuracy=0.7480 val_macro_f1=0.5404 val_macro_auc=0.8629 (checkpoint_metric=macro_auc) [new best]
train epoch 22/200 batch 13/66 (20%) running_loss=0.7620
train epoch 22/200 batch 26/66 (39%) running_loss=0.7464
train epoch 22/200 batch 39/66 (59%) running_loss=0.7633
train epoch 22/200 batch 52/66 (79%) running_loss=0.7636
train epoch 22/200 batch 65/66 (98%) running_loss=0.7554
train epoch 22/200 batch 66/66 (100%) running_loss=0.7553
epoch 22/200 done: train_loss=0.7553 val_loss=0.6767 val_accuracy=0.7316 val_macro_f1=0.5345 val_macro_auc=0.8576 (checkpoint_metric=macro_auc)
train epoch 23/200 batch 13/66 (20%) running_loss=0.7679
train epoch 23/200 batch 26/66 (39%) running_loss=0.7969
train epoch 23/200 batch 39/66 (59%) running_loss=0.7838
train epoch 23/200 batch 52/66 (79%) running_loss=0.7688
train epoch 23/200 batch 65/66 (98%) running_loss=0.7588
train epoch 23/200 batch 66/66 (100%) running_loss=0.7577
epoch 23/200 done: train_loss=0.7577 val_loss=0.5562 val_accuracy=0.7992 val_macro_f1=0.6470 val_macro_auc=0.8950 (checkpoint_metric=macro_auc)
train epoch 24/200 batch 13/66 (20%) running_loss=0.7455
train epoch 24/200 batch 26/66 (39%) running_loss=0.7368
train epoch 24/200 batch 39/66 (59%) running_loss=0.7389
train epoch 24/200 batch 52/66 (79%) running_loss=0.7423
train epoch 24/200 batch 65/66 (98%) running_loss=0.7516
train epoch 24/200 batch 66/66 (100%) running_loss=0.7499
epoch 24/200 done: train_loss=0.7499 val_loss=0.5123 val_accuracy=0.8135 val_macro_f1=0.6601 val_macro_auc=0.8956 (checkpoint_metric=macro_auc) [new best]
train epoch 25/200 batch 13/66 (20%) running_loss=0.7015
train epoch 25/200 batch 26/66 (39%) running_loss=0.7121
train epoch 25/200 batch 39/66 (59%) running_loss=0.7255
train epoch 25/200 batch 52/66 (79%) running_loss=0.7239
train epoch 25/200 batch 65/66 (98%) running_loss=0.7208
train epoch 25/200 batch 66/66 (100%) running_loss=0.7193
epoch 25/200 done: train_loss=0.7193 val_loss=0.5795 val_accuracy=0.7971 val_macro_f1=0.6677 val_macro_auc=0.8483 (checkpoint_metric=macro_auc)
train epoch 26/200 batch 13/66 (20%) running_loss=0.7260
train epoch 26/200 batch 26/66 (39%) running_loss=0.7380
train epoch 26/200 batch 39/66 (59%) running_loss=0.7309
train epoch 26/200 batch 52/66 (79%) running_loss=0.7355
train epoch 26/200 batch 65/66 (98%) running_loss=0.7359
train epoch 26/200 batch 66/66 (100%) running_loss=0.7357
epoch 26/200 done: train_loss=0.7357 val_loss=0.9906 val_accuracy=0.6230 val_macro_f1=0.4299 val_macro_auc=0.8089 (checkpoint_metric=macro_auc)
train epoch 27/200 batch 13/66 (20%) running_loss=0.7022
train epoch 27/200 batch 26/66 (39%) running_loss=0.7352
train epoch 27/200 batch 39/66 (59%) running_loss=0.7402
train epoch 27/200 batch 52/66 (79%) running_loss=0.7426
train epoch 27/200 batch 65/66 (98%) running_loss=0.7389
train epoch 27/200 batch 66/66 (100%) running_loss=0.7381
epoch 27/200 done: train_loss=0.7381 val_loss=0.5592 val_accuracy=0.8074 val_macro_f1=0.7048 val_macro_auc=0.8917 (checkpoint_metric=macro_auc)
train epoch 28/200 batch 13/66 (20%) running_loss=0.7164
train epoch 28/200 batch 26/66 (39%) running_loss=0.7298
train epoch 28/200 batch 39/66 (59%) running_loss=0.7283
train epoch 28/200 batch 52/66 (79%) running_loss=0.7285
train epoch 28/200 batch 65/66 (98%) running_loss=0.7295
train epoch 28/200 batch 66/66 (100%) running_loss=0.7289
epoch 28/200 done: train_loss=0.7289 val_loss=0.4920 val_accuracy=0.8484 val_macro_f1=0.7464 val_macro_auc=0.9076 (checkpoint_metric=macro_auc)
train epoch 29/200 batch 13/66 (20%) running_loss=0.7163
train epoch 29/200 batch 26/66 (39%) running_loss=0.7217
train epoch 29/200 batch 39/66 (59%) running_loss=0.7247
train epoch 29/200 batch 52/66 (79%) running_loss=0.7181
train epoch 29/200 batch 65/66 (98%) running_loss=0.7138
train epoch 29/200 batch 66/66 (100%) running_loss=0.7133
epoch 29/200 done: train_loss=0.7133 val_loss=0.5350 val_accuracy=0.7971 val_macro_f1=0.7013 val_macro_auc=0.8982 (checkpoint_metric=macro_auc) [new best]
train epoch 30/200 batch 13/66 (20%) running_loss=0.7227
train epoch 30/200 batch 26/66 (39%) running_loss=0.6975
train epoch 30/200 batch 39/66 (59%) running_loss=0.6958
train epoch 30/200 batch 52/66 (79%) running_loss=0.6996
train epoch 30/200 batch 65/66 (98%) running_loss=0.7020
train epoch 30/200 batch 66/66 (100%) running_loss=0.7026
epoch 30/200 done: train_loss=0.7026 val_loss=0.7493 val_accuracy=0.6762 val_macro_f1=0.5570 val_macro_auc=0.8576 (checkpoint_metric=macro_auc)
train epoch 31/200 batch 13/66 (20%) running_loss=0.6903
train epoch 31/200 batch 26/66 (39%) running_loss=0.6904
train epoch 31/200 batch 39/66 (59%) running_loss=0.6942
train epoch 31/200 batch 52/66 (79%) running_loss=0.6907
train epoch 31/200 batch 65/66 (98%) running_loss=0.6840
train epoch 31/200 batch 66/66 (100%) running_loss=0.6848
epoch 31/200 done: train_loss=0.6848 val_loss=0.5216 val_accuracy=0.8033 val_macro_f1=0.7428 val_macro_auc=0.9039 (checkpoint_metric=macro_auc)
train epoch 32/200 batch 13/66 (20%) running_loss=0.7061
train epoch 32/200 batch 26/66 (39%) running_loss=0.6951
train epoch 32/200 batch 39/66 (59%) running_loss=0.7083
train epoch 32/200 batch 52/66 (79%) running_loss=0.6974
train epoch 32/200 batch 65/66 (98%) running_loss=0.6944
train epoch 32/200 batch 66/66 (100%) running_loss=0.6958
epoch 32/200 done: train_loss=0.6958 val_loss=0.4806 val_accuracy=0.8279 val_macro_f1=0.7667 val_macro_auc=0.9246 (checkpoint_metric=macro_auc)
train epoch 33/200 batch 13/66 (20%) running_loss=0.6857
train epoch 33/200 batch 26/66 (39%) running_loss=0.6894
train epoch 33/200 batch 39/66 (59%) running_loss=0.6915
train epoch 33/200 batch 52/66 (79%) running_loss=0.6849
train epoch 33/200 batch 65/66 (98%) running_loss=0.6795
train epoch 33/200 batch 66/66 (100%) running_loss=0.6813
epoch 33/200 done: train_loss=0.6813 val_loss=0.4210 val_accuracy=0.8545 val_macro_f1=0.7738 val_macro_auc=0.9327 (checkpoint_metric=macro_auc) [new best]
train epoch 34/200 batch 13/66 (20%) running_loss=0.7079
train epoch 34/200 batch 26/66 (39%) running_loss=0.6758
train epoch 34/200 batch 39/66 (59%) running_loss=0.6692
train epoch 34/200 batch 52/66 (79%) running_loss=0.6736
train epoch 34/200 batch 65/66 (98%) running_loss=0.6792
train epoch 34/200 batch 66/66 (100%) running_loss=0.6789
epoch 34/200 done: train_loss=0.6789 val_loss=0.4432 val_accuracy=0.8545 val_macro_f1=0.7593 val_macro_auc=0.9289 (checkpoint_metric=macro_auc) [new best]
train epoch 35/200 batch 13/66 (20%) running_loss=0.7027
train epoch 35/200 batch 26/66 (39%) running_loss=0.6736
train epoch 35/200 batch 39/66 (59%) running_loss=0.6745
train epoch 35/200 batch 52/66 (79%) running_loss=0.6769
train epoch 35/200 batch 65/66 (98%) running_loss=0.6886
train epoch 35/200 batch 66/66 (100%) running_loss=0.6899
epoch 35/200 done: train_loss=0.6899 val_loss=0.4535 val_accuracy=0.8525 val_macro_f1=0.7104 val_macro_auc=0.9205 (checkpoint_metric=macro_auc)
train epoch 36/200 batch 13/66 (20%) running_loss=0.6908
train epoch 36/200 batch 26/66 (39%) running_loss=0.6762
train epoch 36/200 batch 39/66 (59%) running_loss=0.6855
train epoch 36/200 batch 52/66 (79%) running_loss=0.6832
train epoch 36/200 batch 65/66 (98%) running_loss=0.6762
train epoch 36/200 batch 66/66 (100%) running_loss=0.6765
epoch 36/200 done: train_loss=0.6765 val_loss=0.5321 val_accuracy=0.7807 val_macro_f1=0.7028 val_macro_auc=0.9334 (checkpoint_metric=macro_auc)
train epoch 37/200 batch 13/66 (20%) running_loss=0.6333
train epoch 37/200 batch 26/66 (39%) running_loss=0.6564
train epoch 37/200 batch 39/66 (59%) running_loss=0.6581
train epoch 37/200 batch 52/66 (79%) running_loss=0.6676
train epoch 37/200 batch 65/66 (98%) running_loss=0.6655
train epoch 37/200 batch 66/66 (100%) running_loss=0.6654
epoch 37/200 done: train_loss=0.6654 val_loss=0.5455 val_accuracy=0.7807 val_macro_f1=0.7231 val_macro_auc=0.9266 (checkpoint_metric=macro_auc)
train epoch 38/200 batch 13/66 (20%) running_loss=0.6842
train epoch 38/200 batch 26/66 (39%) running_loss=0.6763
train epoch 38/200 batch 39/66 (59%) running_loss=0.6782
train epoch 38/200 batch 52/66 (79%) running_loss=0.6785
train epoch 38/200 batch 65/66 (98%) running_loss=0.6732
train epoch 38/200 batch 66/66 (100%) running_loss=0.6758
epoch 38/200 done: train_loss=0.6758 val_loss=0.4415 val_accuracy=0.8525 val_macro_f1=0.7697 val_macro_auc=0.9434 (checkpoint_metric=macro_auc) [new best]
train epoch 39/200 batch 13/66 (20%) running_loss=0.6666
train epoch 39/200 batch 26/66 (39%) running_loss=0.6925
train epoch 39/200 batch 39/66 (59%) running_loss=0.6840
train epoch 39/200 batch 52/66 (79%) running_loss=0.6769
train epoch 39/200 batch 65/66 (98%) running_loss=0.6753
train epoch 39/200 batch 66/66 (100%) running_loss=0.6758
epoch 39/200 done: train_loss=0.6758 val_loss=0.5138 val_accuracy=0.8197 val_macro_f1=0.7595 val_macro_auc=0.9407 (checkpoint_metric=macro_auc) [new best]
train epoch 40/200 batch 13/66 (20%) running_loss=0.6619
train epoch 40/200 batch 26/66 (39%) running_loss=0.6734
train epoch 40/200 batch 39/66 (59%) running_loss=0.6683
train epoch 40/200 batch 52/66 (79%) running_loss=0.6679
train epoch 40/200 batch 65/66 (98%) running_loss=0.6661
train epoch 40/200 batch 66/66 (100%) running_loss=0.6654
epoch 40/200 done: train_loss=0.6654 val_loss=0.5216 val_accuracy=0.7664 val_macro_f1=0.6954 val_macro_auc=0.9134 (checkpoint_metric=macro_auc)
train epoch 41/200 batch 13/66 (20%) running_loss=0.6574
train epoch 41/200 batch 26/66 (39%) running_loss=0.6373
train epoch 41/200 batch 39/66 (59%) running_loss=0.6513
train epoch 41/200 batch 52/66 (79%) running_loss=0.6453
train epoch 41/200 batch 65/66 (98%) running_loss=0.6526
train epoch 41/200 batch 66/66 (100%) running_loss=0.6534
epoch 41/200 done: train_loss=0.6534 val_loss=0.4938 val_accuracy=0.8422 val_macro_f1=0.7946 val_macro_auc=0.9523 (checkpoint_metric=macro_auc)
train epoch 42/200 batch 13/66 (20%) running_loss=0.6426
train epoch 42/200 batch 26/66 (39%) running_loss=0.6694
train epoch 42/200 batch 39/66 (59%) running_loss=0.6717
train epoch 42/200 batch 52/66 (79%) running_loss=0.6641
train epoch 42/200 batch 65/66 (98%) running_loss=0.6647
train epoch 42/200 batch 66/66 (100%) running_loss=0.6634
epoch 42/200 done: train_loss=0.6634 val_loss=0.4150 val_accuracy=0.8791 val_macro_f1=0.8215 val_macro_auc=0.9518 (checkpoint_metric=macro_auc) [new best]
train epoch 43/200 batch 13/66 (20%) running_loss=0.6471
train epoch 43/200 batch 26/66 (39%) running_loss=0.6413
train epoch 43/200 batch 39/66 (59%) running_loss=0.6433
train epoch 43/200 batch 52/66 (79%) running_loss=0.6480
train epoch 43/200 batch 65/66 (98%) running_loss=0.6592
train epoch 43/200 batch 66/66 (100%) running_loss=0.6585
epoch 43/200 done: train_loss=0.6585 val_loss=0.4483 val_accuracy=0.8545 val_macro_f1=0.7844 val_macro_auc=0.9437 (checkpoint_metric=macro_auc) [new best]
train epoch 44/200 batch 13/66 (20%) running_loss=0.6777
train epoch 44/200 batch 26/66 (39%) running_loss=0.6544
train epoch 44/200 batch 39/66 (59%) running_loss=0.6425
train epoch 44/200 batch 52/66 (79%) running_loss=0.6329
train epoch 44/200 batch 65/66 (98%) running_loss=0.6399
train epoch 44/200 batch 66/66 (100%) running_loss=0.6408
epoch 44/200 done: train_loss=0.6408 val_loss=0.4648 val_accuracy=0.8320 val_macro_f1=0.7945 val_macro_auc=0.9567 (checkpoint_metric=macro_auc) [new best]
train epoch 45/200 batch 13/66 (20%) running_loss=0.6827
train epoch 45/200 batch 26/66 (39%) running_loss=0.6633
train epoch 45/200 batch 39/66 (59%) running_loss=0.6708
train epoch 45/200 batch 52/66 (79%) running_loss=0.6722
train epoch 45/200 batch 65/66 (98%) running_loss=0.6672
train epoch 45/200 batch 66/66 (100%) running_loss=0.6670
epoch 45/200 done: train_loss=0.6670 val_loss=0.4372 val_accuracy=0.8832 val_macro_f1=0.8352 val_macro_auc=0.9706 (checkpoint_metric=macro_auc) [new best]
train epoch 46/200 batch 13/66 (20%) running_loss=0.6448
train epoch 46/200 batch 26/66 (39%) running_loss=0.6484
train epoch 46/200 batch 39/66 (59%) running_loss=0.6382
train epoch 46/200 batch 52/66 (79%) running_loss=0.6380
train epoch 46/200 batch 65/66 (98%) running_loss=0.6341
train epoch 46/200 batch 66/66 (100%) running_loss=0.6326
epoch 46/200 done: train_loss=0.6326 val_loss=0.3183 val_accuracy=0.8996 val_macro_f1=0.8396 val_macro_auc=0.9662 (checkpoint_metric=macro_auc) [new best]
train epoch 47/200 batch 13/66 (20%) running_loss=0.6203
train epoch 47/200 batch 26/66 (39%) running_loss=0.6293
train epoch 47/200 batch 39/66 (59%) running_loss=0.6186
train epoch 47/200 batch 52/66 (79%) running_loss=0.6196
train epoch 47/200 batch 65/66 (98%) running_loss=0.6146
train epoch 47/200 batch 66/66 (100%) running_loss=0.6153
epoch 47/200 done: train_loss=0.6153 val_loss=0.3725 val_accuracy=0.8689 val_macro_f1=0.8237 val_macro_auc=0.9655 (checkpoint_metric=macro_auc) [new best]
train epoch 48/200 batch 13/66 (20%) running_loss=0.6562
train epoch 48/200 batch 26/66 (39%) running_loss=0.6307
train epoch 48/200 batch 39/66 (59%) running_loss=0.6383
train epoch 48/200 batch 52/66 (79%) running_loss=0.6253
train epoch 48/200 batch 65/66 (98%) running_loss=0.6355
train epoch 48/200 batch 66/66 (100%) running_loss=0.6345
epoch 48/200 done: train_loss=0.6345 val_loss=0.4308 val_accuracy=0.8402 val_macro_f1=0.7884 val_macro_auc=0.9685 (checkpoint_metric=macro_auc)
train epoch 49/200 batch 13/66 (20%) running_loss=0.5993
train epoch 49/200 batch 26/66 (39%) running_loss=0.5927
train epoch 49/200 batch 39/66 (59%) running_loss=0.5913
train epoch 49/200 batch 52/66 (79%) running_loss=0.6104
train epoch 49/200 batch 65/66 (98%) running_loss=0.6151
train epoch 49/200 batch 66/66 (100%) running_loss=0.6142
epoch 49/200 done: train_loss=0.6142 val_loss=0.4195 val_accuracy=0.8811 val_macro_f1=0.8306 val_macro_auc=0.9648 (checkpoint_metric=macro_auc)
train epoch 50/200 batch 13/66 (20%) running_loss=0.6099
train epoch 50/200 batch 26/66 (39%) running_loss=0.5957
train epoch 50/200 batch 39/66 (59%) running_loss=0.6055
train epoch 50/200 batch 52/66 (79%) running_loss=0.6192
train epoch 50/200 batch 65/66 (98%) running_loss=0.6172
train epoch 50/200 batch 66/66 (100%) running_loss=0.6180
epoch 50/200 done: train_loss=0.6180 val_loss=0.3962 val_accuracy=0.8627 val_macro_f1=0.8082 val_macro_auc=0.9662 (checkpoint_metric=macro_auc)
train epoch 51/200 batch 13/66 (20%) running_loss=0.6659
train epoch 51/200 batch 26/66 (39%) running_loss=0.6500
train epoch 51/200 batch 39/66 (59%) running_loss=0.6310
train epoch 51/200 batch 52/66 (79%) running_loss=0.6276
train epoch 51/200 batch 65/66 (98%) running_loss=0.6244
train epoch 51/200 batch 66/66 (100%) running_loss=0.6250
epoch 51/200 done: train_loss=0.6250 val_loss=0.3506 val_accuracy=0.8770 val_macro_f1=0.8092 val_macro_auc=0.9573 (checkpoint_metric=macro_auc)
train epoch 52/200 batch 13/66 (20%) running_loss=0.5564
train epoch 52/200 batch 26/66 (39%) running_loss=0.5804
train epoch 52/200 batch 39/66 (59%) running_loss=0.5959
train epoch 52/200 batch 52/66 (79%) running_loss=0.5880
train epoch 52/200 batch 65/66 (98%) running_loss=0.5838
train epoch 52/200 batch 66/66 (100%) running_loss=0.5833
epoch 52/200 done: train_loss=0.5833 val_loss=0.2959 val_accuracy=0.8934 val_macro_f1=0.8439 val_macro_auc=0.9785 (checkpoint_metric=macro_auc)
train epoch 53/200 batch 13/66 (20%) running_loss=0.6507
train epoch 53/200 batch 26/66 (39%) running_loss=0.6457
train epoch 53/200 batch 39/66 (59%) running_loss=0.6365
train epoch 53/200 batch 52/66 (79%) running_loss=0.6268
train epoch 53/200 batch 65/66 (98%) running_loss=0.6268
train epoch 53/200 batch 66/66 (100%) running_loss=0.6265
epoch 53/200 done: train_loss=0.6265 val_loss=0.3439 val_accuracy=0.8955 val_macro_f1=0.8322 val_macro_auc=0.9616 (checkpoint_metric=macro_auc)
train epoch 54/200 batch 13/66 (20%) running_loss=0.6187
train epoch 54/200 batch 26/66 (39%) running_loss=0.6221
train epoch 54/200 batch 39/66 (59%) running_loss=0.6159
train epoch 54/200 batch 52/66 (79%) running_loss=0.6084
train epoch 54/200 batch 65/66 (98%) running_loss=0.6013
train epoch 54/200 batch 66/66 (100%) running_loss=0.6015
epoch 54/200 done: train_loss=0.6015 val_loss=0.4099 val_accuracy=0.8627 val_macro_f1=0.8089 val_macro_auc=0.9492 (checkpoint_metric=macro_auc)
train epoch 55/200 batch 13/66 (20%) running_loss=0.6152
train epoch 55/200 batch 26/66 (39%) running_loss=0.6058
train epoch 55/200 batch 39/66 (59%) running_loss=0.5977
train epoch 55/200 batch 52/66 (79%) running_loss=0.5923
train epoch 55/200 batch 65/66 (98%) running_loss=0.5850
train epoch 55/200 batch 66/66 (100%) running_loss=0.5860
epoch 55/200 done: train_loss=0.5860 val_loss=0.2958 val_accuracy=0.9098 val_macro_f1=0.8717 val_macro_auc=0.9807 (checkpoint_metric=macro_auc)
train epoch 56/200 batch 13/66 (20%) running_loss=0.5936
train epoch 56/200 batch 26/66 (39%) running_loss=0.6091
train epoch 56/200 batch 39/66 (59%) running_loss=0.6207
train epoch 56/200 batch 52/66 (79%) running_loss=0.6186
train epoch 56/200 batch 65/66 (98%) running_loss=0.6147
train epoch 56/200 batch 66/66 (100%) running_loss=0.6158
epoch 56/200 done: train_loss=0.6158 val_loss=0.3024 val_accuracy=0.9098 val_macro_f1=0.8658 val_macro_auc=0.9765 (checkpoint_metric=macro_auc) [new best]
train epoch 57/200 batch 13/66 (20%) running_loss=0.5732
train epoch 57/200 batch 26/66 (39%) running_loss=0.5595
train epoch 57/200 batch 39/66 (59%) running_loss=0.5781
train epoch 57/200 batch 52/66 (79%) running_loss=0.5867
train epoch 57/200 batch 65/66 (98%) running_loss=0.5929
train epoch 57/200 batch 66/66 (100%) running_loss=0.5944
epoch 57/200 done: train_loss=0.5944 val_loss=0.3391 val_accuracy=0.9180 val_macro_f1=0.8797 val_macro_auc=0.9785 (checkpoint_metric=macro_auc) [new best]
train epoch 58/200 batch 13/66 (20%) running_loss=0.5616
train epoch 58/200 batch 26/66 (39%) running_loss=0.5742
train epoch 58/200 batch 39/66 (59%) running_loss=0.5777
train epoch 58/200 batch 52/66 (79%) running_loss=0.5820
train epoch 58/200 batch 65/66 (98%) running_loss=0.5839
train epoch 58/200 batch 66/66 (100%) running_loss=0.5857
epoch 58/200 done: train_loss=0.5857 val_loss=0.3197 val_accuracy=0.9119 val_macro_f1=0.8390 val_macro_auc=0.9806 (checkpoint_metric=macro_auc)
train epoch 59/200 batch 13/66 (20%) running_loss=0.5868
train epoch 59/200 batch 26/66 (39%) running_loss=0.5793
train epoch 59/200 batch 39/66 (59%) running_loss=0.5824
train epoch 59/200 batch 52/66 (79%) running_loss=0.5822
train epoch 59/200 batch 65/66 (98%) running_loss=0.5803
train epoch 59/200 batch 66/66 (100%) running_loss=0.5797
epoch 59/200 done: train_loss=0.5797 val_loss=0.3362 val_accuracy=0.8770 val_macro_f1=0.8087 val_macro_auc=0.9764 (checkpoint_metric=macro_auc)
train epoch 60/200 batch 13/66 (20%) running_loss=0.5754
train epoch 60/200 batch 26/66 (39%) running_loss=0.5607
train epoch 60/200 batch 39/66 (59%) running_loss=0.5735
train epoch 60/200 batch 52/66 (79%) running_loss=0.5766
train epoch 60/200 batch 65/66 (98%) running_loss=0.5788
train epoch 60/200 batch 66/66 (100%) running_loss=0.5776
epoch 60/200 done: train_loss=0.5776 val_loss=0.3236 val_accuracy=0.8914 val_macro_f1=0.8450 val_macro_auc=0.9825 (checkpoint_metric=macro_auc) [new best]
train epoch 61/200 batch 13/66 (20%) running_loss=0.5707
train epoch 61/200 batch 26/66 (39%) running_loss=0.5655
train epoch 61/200 batch 39/66 (59%) running_loss=0.5643
train epoch 61/200 batch 52/66 (79%) running_loss=0.5699
train epoch 61/200 batch 65/66 (98%) running_loss=0.5676
train epoch 61/200 batch 66/66 (100%) running_loss=0.5677
epoch 61/200 done: train_loss=0.5677 val_loss=0.3683 val_accuracy=0.8730 val_macro_f1=0.8248 val_macro_auc=0.9695 (checkpoint_metric=macro_auc)
train epoch 62/200 batch 13/66 (20%) running_loss=0.5432
train epoch 62/200 batch 26/66 (39%) running_loss=0.5677
train epoch 62/200 batch 39/66 (59%) running_loss=0.5635
train epoch 62/200 batch 52/66 (79%) running_loss=0.5688
train epoch 62/200 batch 65/66 (98%) running_loss=0.5689
train epoch 62/200 batch 66/66 (100%) running_loss=0.5680
epoch 62/200 done: train_loss=0.5680 val_loss=0.2693 val_accuracy=0.9201 val_macro_f1=0.8765 val_macro_auc=0.9882 (checkpoint_metric=macro_auc) [new best]
train epoch 63/200 batch 13/66 (20%) running_loss=0.5920
train epoch 63/200 batch 26/66 (39%) running_loss=0.5900
train epoch 63/200 batch 39/66 (59%) running_loss=0.5846
train epoch 63/200 batch 52/66 (79%) running_loss=0.5764
train epoch 63/200 batch 65/66 (98%) running_loss=0.5782
train epoch 63/200 batch 66/66 (100%) running_loss=0.5772
epoch 63/200 done: train_loss=0.5772 val_loss=0.2858 val_accuracy=0.9303 val_macro_f1=0.8913 val_macro_auc=0.9869 (checkpoint_metric=macro_auc) [new best]
train epoch 64/200 batch 13/66 (20%) running_loss=0.5519
train epoch 64/200 batch 26/66 (39%) running_loss=0.5361
train epoch 64/200 batch 39/66 (59%) running_loss=0.5479
train epoch 64/200 batch 52/66 (79%) running_loss=0.5544
train epoch 64/200 batch 65/66 (98%) running_loss=0.5523
train epoch 64/200 batch 66/66 (100%) running_loss=0.5520
epoch 64/200 done: train_loss=0.5520 val_loss=0.2821 val_accuracy=0.9242 val_macro_f1=0.8947 val_macro_auc=0.9879 (checkpoint_metric=macro_auc) [new best]
train epoch 65/200 batch 13/66 (20%) running_loss=0.5208
train epoch 65/200 batch 26/66 (39%) running_loss=0.5516
train epoch 65/200 batch 39/66 (59%) running_loss=0.5483
train epoch 65/200 batch 52/66 (79%) running_loss=0.5456
train epoch 65/200 batch 65/66 (98%) running_loss=0.5429
train epoch 65/200 batch 66/66 (100%) running_loss=0.5417
epoch 65/200 done: train_loss=0.5417 val_loss=0.2858 val_accuracy=0.9180 val_macro_f1=0.8796 val_macro_auc=0.9739 (checkpoint_metric=macro_auc)
train epoch 66/200 batch 13/66 (20%) running_loss=0.5071
train epoch 66/200 batch 26/66 (39%) running_loss=0.5186
train epoch 66/200 batch 39/66 (59%) running_loss=0.5374
train epoch 66/200 batch 52/66 (79%) running_loss=0.5378
train epoch 66/200 batch 65/66 (98%) running_loss=0.5402
train epoch 66/200 batch 66/66 (100%) running_loss=0.5416
epoch 66/200 done: train_loss=0.5416 val_loss=0.2727 val_accuracy=0.9406 val_macro_f1=0.9166 val_macro_auc=0.9850 (checkpoint_metric=macro_auc)
train epoch 67/200 batch 13/66 (20%) running_loss=0.5210
train epoch 67/200 batch 26/66 (39%) running_loss=0.5276
train epoch 67/200 batch 39/66 (59%) running_loss=0.5295
train epoch 67/200 batch 52/66 (79%) running_loss=0.5349
train epoch 67/200 batch 65/66 (98%) running_loss=0.5277
train epoch 67/200 batch 66/66 (100%) running_loss=0.5297
epoch 67/200 done: train_loss=0.5297 val_loss=0.2940 val_accuracy=0.9283 val_macro_f1=0.8945 val_macro_auc=0.9800 (checkpoint_metric=macro_auc)
train epoch 68/200 batch 13/66 (20%) running_loss=0.5660
train epoch 68/200 batch 26/66 (39%) running_loss=0.5600
train epoch 68/200 batch 39/66 (59%) running_loss=0.5453
train epoch 68/200 batch 52/66 (79%) running_loss=0.5475
train epoch 68/200 batch 65/66 (98%) running_loss=0.5405
train epoch 68/200 batch 66/66 (100%) running_loss=0.5401
epoch 68/200 done: train_loss=0.5401 val_loss=0.2480 val_accuracy=0.9406 val_macro_f1=0.9145 val_macro_auc=0.9878 (checkpoint_metric=macro_auc)
train epoch 69/200 batch 13/66 (20%) running_loss=0.5057
train epoch 69/200 batch 26/66 (39%) running_loss=0.5170
train epoch 69/200 batch 39/66 (59%) running_loss=0.5303
train epoch 69/200 batch 52/66 (79%) running_loss=0.5181
train epoch 69/200 batch 65/66 (98%) running_loss=0.5175
train epoch 69/200 batch 66/66 (100%) running_loss=0.5175
epoch 69/200 done: train_loss=0.5175 val_loss=0.3746 val_accuracy=0.8689 val_macro_f1=0.8429 val_macro_auc=0.9858 (checkpoint_metric=macro_auc)
train epoch 70/200 batch 13/66 (20%) running_loss=0.5562
train epoch 70/200 batch 26/66 (39%) running_loss=0.5332
train epoch 70/200 batch 39/66 (59%) running_loss=0.5338
train epoch 70/200 batch 52/66 (79%) running_loss=0.5277
train epoch 70/200 batch 65/66 (98%) running_loss=0.5254
train epoch 70/200 batch 66/66 (100%) running_loss=0.5262
epoch 70/200 done: train_loss=0.5262 val_loss=0.3701 val_accuracy=0.8648 val_macro_f1=0.8159 val_macro_auc=0.9753 (checkpoint_metric=macro_auc)
train epoch 71/200 batch 13/66 (20%) running_loss=0.5640
train epoch 71/200 batch 26/66 (39%) running_loss=0.5332
train epoch 71/200 batch 39/66 (59%) running_loss=0.5297
train epoch 71/200 batch 52/66 (79%) running_loss=0.5382
train epoch 71/200 batch 65/66 (98%) running_loss=0.5385
train epoch 71/200 batch 66/66 (100%) running_loss=0.5381
epoch 71/200 done: train_loss=0.5381 val_loss=0.3287 val_accuracy=0.8893 val_macro_f1=0.8395 val_macro_auc=0.9726 (checkpoint_metric=macro_auc)
train epoch 72/200 batch 13/66 (20%) running_loss=0.4870
train epoch 72/200 batch 26/66 (39%) running_loss=0.5106
train epoch 72/200 batch 39/66 (59%) running_loss=0.5219
train epoch 72/200 batch 52/66 (79%) running_loss=0.5301
train epoch 72/200 batch 65/66 (98%) running_loss=0.5320
train epoch 72/200 batch 66/66 (100%) running_loss=0.5323
epoch 72/200 done: train_loss=0.5323 val_loss=0.2465 val_accuracy=0.9344 val_macro_f1=0.9055 val_macro_auc=0.9866 (checkpoint_metric=macro_auc)
train epoch 73/200 batch 13/66 (20%) running_loss=0.5058
train epoch 73/200 batch 26/66 (39%) running_loss=0.5051
train epoch 73/200 batch 39/66 (59%) running_loss=0.4984
train epoch 73/200 batch 52/66 (79%) running_loss=0.5028
train epoch 73/200 batch 65/66 (98%) running_loss=0.5098
train epoch 73/200 batch 66/66 (100%) running_loss=0.5106
epoch 73/200 done: train_loss=0.5106 val_loss=0.2862 val_accuracy=0.9447 val_macro_f1=0.9272 val_macro_auc=0.9921 (checkpoint_metric=macro_auc)
train epoch 74/200 batch 13/66 (20%) running_loss=0.5624
train epoch 74/200 batch 26/66 (39%) running_loss=0.5389
train epoch 74/200 batch 39/66 (59%) running_loss=0.5275
train epoch 74/200 batch 52/66 (79%) running_loss=0.5254
train epoch 74/200 batch 65/66 (98%) running_loss=0.5281
train epoch 74/200 batch 66/66 (100%) running_loss=0.5281
epoch 74/200 done: train_loss=0.5281 val_loss=0.2610 val_accuracy=0.9303 val_macro_f1=0.8953 val_macro_auc=0.9846 (checkpoint_metric=macro_auc) [new best]
train epoch 75/200 batch 13/66 (20%) running_loss=0.5300
train epoch 75/200 batch 26/66 (39%) running_loss=0.5250
train epoch 75/200 batch 39/66 (59%) running_loss=0.5309
train epoch 75/200 batch 52/66 (79%) running_loss=0.5277
train epoch 75/200 batch 65/66 (98%) running_loss=0.5231
train epoch 75/200 batch 66/66 (100%) running_loss=0.5232
epoch 75/200 done: train_loss=0.5232 val_loss=0.2856 val_accuracy=0.9119 val_macro_f1=0.8755 val_macro_auc=0.9810 (checkpoint_metric=macro_auc)
train epoch 76/200 batch 13/66 (20%) running_loss=0.5373
train epoch 76/200 batch 26/66 (39%) running_loss=0.5203
train epoch 76/200 batch 39/66 (59%) running_loss=0.5193
train epoch 76/200 batch 52/66 (79%) running_loss=0.5144
train epoch 76/200 batch 65/66 (98%) running_loss=0.5225
train epoch 76/200 batch 66/66 (100%) running_loss=0.5235
epoch 76/200 done: train_loss=0.5235 val_loss=0.2742 val_accuracy=0.9324 val_macro_f1=0.8997 val_macro_auc=0.9911 (checkpoint_metric=macro_auc)
train epoch 77/200 batch 13/66 (20%) running_loss=0.4991
train epoch 77/200 batch 26/66 (39%) running_loss=0.5000
train epoch 77/200 batch 39/66 (59%) running_loss=0.5011
train epoch 77/200 batch 52/66 (79%) running_loss=0.4999
train epoch 77/200 batch 65/66 (98%) running_loss=0.4983
train epoch 77/200 batch 66/66 (100%) running_loss=0.4982
epoch 77/200 done: train_loss=0.4982 val_loss=0.2361 val_accuracy=0.9385 val_macro_f1=0.9116 val_macro_auc=0.9897 (checkpoint_metric=macro_auc)
train epoch 78/200 batch 13/66 (20%) running_loss=0.5054
train epoch 78/200 batch 26/66 (39%) running_loss=0.4968
train epoch 78/200 batch 39/66 (59%) running_loss=0.5009
train epoch 78/200 batch 52/66 (79%) running_loss=0.5007
train epoch 78/200 batch 65/66 (98%) running_loss=0.5070
train epoch 78/200 batch 66/66 (100%) running_loss=0.5083
epoch 78/200 done: train_loss=0.5083 val_loss=0.2489 val_accuracy=0.9406 val_macro_f1=0.9093 val_macro_auc=0.9872 (checkpoint_metric=macro_auc) [new best]
train epoch 79/200 batch 13/66 (20%) running_loss=0.4670
train epoch 79/200 batch 26/66 (39%) running_loss=0.4883
train epoch 79/200 batch 39/66 (59%) running_loss=0.5033
train epoch 79/200 batch 52/66 (79%) running_loss=0.5032
train epoch 79/200 batch 65/66 (98%) running_loss=0.4977
train epoch 79/200 batch 66/66 (100%) running_loss=0.4969
epoch 79/200 done: train_loss=0.4969 val_loss=0.2287 val_accuracy=0.9262 val_macro_f1=0.8739 val_macro_auc=0.9904 (checkpoint_metric=macro_auc)
train epoch 80/200 batch 13/66 (20%) running_loss=0.5028
train epoch 80/200 batch 26/66 (39%) running_loss=0.4915
train epoch 80/200 batch 39/66 (59%) running_loss=0.5009
train epoch 80/200 batch 52/66 (79%) running_loss=0.4973
train epoch 80/200 batch 65/66 (98%) running_loss=0.4998
train epoch 80/200 batch 66/66 (100%) running_loss=0.5005
epoch 80/200 done: train_loss=0.5005 val_loss=0.3406 val_accuracy=0.9037 val_macro_f1=0.8736 val_macro_auc=0.9802 (checkpoint_metric=macro_auc)
train epoch 81/200 batch 13/66 (20%) running_loss=0.4759
train epoch 81/200 batch 26/66 (39%) running_loss=0.5094
train epoch 81/200 batch 39/66 (59%) running_loss=0.5137
train epoch 81/200 batch 52/66 (79%) running_loss=0.5080
train epoch 81/200 batch 65/66 (98%) running_loss=0.5068
train epoch 81/200 batch 66/66 (100%) running_loss=0.5062
epoch 81/200 done: train_loss=0.5062 val_loss=0.2527 val_accuracy=0.9365 val_macro_f1=0.9043 val_macro_auc=0.9931 (checkpoint_metric=macro_auc)
train epoch 82/200 batch 13/66 (20%) running_loss=0.5325
train epoch 82/200 batch 26/66 (39%) running_loss=0.4963
train epoch 82/200 batch 39/66 (59%) running_loss=0.5084
train epoch 82/200 batch 52/66 (79%) running_loss=0.4959
train epoch 82/200 batch 65/66 (98%) running_loss=0.4912
train epoch 82/200 batch 66/66 (100%) running_loss=0.4922
epoch 82/200 done: train_loss=0.4922 val_loss=0.2162 val_accuracy=0.9508 val_macro_f1=0.9269 val_macro_auc=0.9908 (checkpoint_metric=macro_auc)
train epoch 83/200 batch 13/66 (20%) running_loss=0.5352
train epoch 83/200 batch 26/66 (39%) running_loss=0.5192
train epoch 83/200 batch 39/66 (59%) running_loss=0.5081
train epoch 83/200 batch 52/66 (79%) running_loss=0.5030
train epoch 83/200 batch 65/66 (98%) running_loss=0.4996
train epoch 83/200 batch 66/66 (100%) running_loss=0.5008
epoch 83/200 done: train_loss=0.5008 val_loss=0.2597 val_accuracy=0.9221 val_macro_f1=0.8823 val_macro_auc=0.9868 (checkpoint_metric=macro_auc) [new best]
train epoch 84/200 batch 13/66 (20%) running_loss=0.5319
train epoch 84/200 batch 26/66 (39%) running_loss=0.5220
train epoch 84/200 batch 39/66 (59%) running_loss=0.5137
train epoch 84/200 batch 52/66 (79%) running_loss=0.5076
train epoch 84/200 batch 65/66 (98%) running_loss=0.4979
train epoch 84/200 batch 66/66 (100%) running_loss=0.4972
epoch 84/200 done: train_loss=0.4972 val_loss=0.2743 val_accuracy=0.9221 val_macro_f1=0.8840 val_macro_auc=0.9711 (checkpoint_metric=macro_auc)
train epoch 85/200 batch 13/66 (20%) running_loss=0.4790
train epoch 85/200 batch 26/66 (39%) running_loss=0.4607
train epoch 85/200 batch 39/66 (59%) running_loss=0.4728
train epoch 85/200 batch 52/66 (79%) running_loss=0.4831
train epoch 85/200 batch 65/66 (98%) running_loss=0.4879
train epoch 85/200 batch 66/66 (100%) running_loss=0.4895
epoch 85/200 done: train_loss=0.4895 val_loss=0.2341 val_accuracy=0.9385 val_macro_f1=0.9100 val_macro_auc=0.9892 (checkpoint_metric=macro_auc)
train epoch 86/200 batch 13/66 (20%) running_loss=0.4904
train epoch 86/200 batch 26/66 (39%) running_loss=0.4762
train epoch 86/200 batch 39/66 (59%) running_loss=0.4762
train epoch 86/200 batch 52/66 (79%) running_loss=0.4718
train epoch 86/200 batch 65/66 (98%) running_loss=0.4722
train epoch 86/200 batch 66/66 (100%) running_loss=0.4718
epoch 86/200 done: train_loss=0.4718 val_loss=0.2410 val_accuracy=0.9426 val_macro_f1=0.9163 val_macro_auc=0.9900 (checkpoint_metric=macro_auc)
train epoch 87/200 batch 13/66 (20%) running_loss=0.5157
train epoch 87/200 batch 26/66 (39%) running_loss=0.5180
train epoch 87/200 batch 39/66 (59%) running_loss=0.4934
train epoch 87/200 batch 52/66 (79%) running_loss=0.4836
train epoch 87/200 batch 65/66 (98%) running_loss=0.4848
train epoch 87/200 batch 66/66 (100%) running_loss=0.4845
epoch 87/200 done: train_loss=0.4845 val_loss=0.2403 val_accuracy=0.9508 val_macro_f1=0.9198 val_macro_auc=0.9924 (checkpoint_metric=macro_auc) [new best]
train epoch 88/200 batch 13/66 (20%) running_loss=0.4738
train epoch 88/200 batch 26/66 (39%) running_loss=0.4721
train epoch 88/200 batch 39/66 (59%) running_loss=0.4676
train epoch 88/200 batch 52/66 (79%) running_loss=0.4696
train epoch 88/200 batch 65/66 (98%) running_loss=0.4735
train epoch 88/200 batch 66/66 (100%) running_loss=0.4749
epoch 88/200 done: train_loss=0.4749 val_loss=0.2373 val_accuracy=0.9385 val_macro_f1=0.9185 val_macro_auc=0.9897 (checkpoint_metric=macro_auc) [new best]
train epoch 89/200 batch 13/66 (20%) running_loss=0.4764
train epoch 89/200 batch 26/66 (39%) running_loss=0.4726
train epoch 89/200 batch 39/66 (59%) running_loss=0.4718
train epoch 89/200 batch 52/66 (79%) running_loss=0.4806
train epoch 89/200 batch 65/66 (98%) running_loss=0.4802
train epoch 89/200 batch 66/66 (100%) running_loss=0.4799
epoch 89/200 done: train_loss=0.4799 val_loss=0.2739 val_accuracy=0.9467 val_macro_f1=0.9279 val_macro_auc=0.9940 (checkpoint_metric=macro_auc) [new best]
train epoch 90/200 batch 13/66 (20%) running_loss=0.4951
train epoch 90/200 batch 26/66 (39%) running_loss=0.4783
train epoch 90/200 batch 39/66 (59%) running_loss=0.4756
train epoch 90/200 batch 52/66 (79%) running_loss=0.4742
train epoch 90/200 batch 65/66 (98%) running_loss=0.4755
train epoch 90/200 batch 66/66 (100%) running_loss=0.4751
epoch 90/200 done: train_loss=0.4751 val_loss=0.2532 val_accuracy=0.9324 val_macro_f1=0.9000 val_macro_auc=0.9870 (checkpoint_metric=macro_auc)
train epoch 91/200 batch 13/66 (20%) running_loss=0.4795
train epoch 91/200 batch 26/66 (39%) running_loss=0.4828
train epoch 91/200 batch 39/66 (59%) running_loss=0.4817
train epoch 91/200 batch 52/66 (79%) running_loss=0.4697
train epoch 91/200 batch 65/66 (98%) running_loss=0.4725
train epoch 91/200 batch 66/66 (100%) running_loss=0.4731
epoch 91/200 done: train_loss=0.4731 val_loss=0.2369 val_accuracy=0.9344 val_macro_f1=0.9010 val_macro_auc=0.9836 (checkpoint_metric=macro_auc)
train epoch 92/200 batch 13/66 (20%) running_loss=0.4572
train epoch 92/200 batch 26/66 (39%) running_loss=0.4552
train epoch 92/200 batch 39/66 (59%) running_loss=0.4524
train epoch 92/200 batch 52/66 (79%) running_loss=0.4554
train epoch 92/200 batch 65/66 (98%) running_loss=0.4519
train epoch 92/200 batch 66/66 (100%) running_loss=0.4526
epoch 92/200 done: train_loss=0.4526 val_loss=0.2182 val_accuracy=0.9447 val_macro_f1=0.9171 val_macro_auc=0.9892 (checkpoint_metric=macro_auc)
train epoch 93/200 batch 13/66 (20%) running_loss=0.4492
train epoch 93/200 batch 26/66 (39%) running_loss=0.4723
train epoch 93/200 batch 39/66 (59%) running_loss=0.4638
train epoch 93/200 batch 52/66 (79%) running_loss=0.4684
train epoch 93/200 batch 65/66 (98%) running_loss=0.4732
train epoch 93/200 batch 66/66 (100%) running_loss=0.4747
epoch 93/200 done: train_loss=0.4747 val_loss=0.2436 val_accuracy=0.9488 val_macro_f1=0.9274 val_macro_auc=0.9915 (checkpoint_metric=macro_auc)
train epoch 94/200 batch 13/66 (20%) running_loss=0.4719
train epoch 94/200 batch 26/66 (39%) running_loss=0.4760
train epoch 94/200 batch 39/66 (59%) running_loss=0.4758
train epoch 94/200 batch 52/66 (79%) running_loss=0.4753
train epoch 94/200 batch 65/66 (98%) running_loss=0.4707
train epoch 94/200 batch 66/66 (100%) running_loss=0.4705
epoch 94/200 done: train_loss=0.4705 val_loss=0.2265 val_accuracy=0.9426 val_macro_f1=0.9156 val_macro_auc=0.9882 (checkpoint_metric=macro_auc)
train epoch 95/200 batch 13/66 (20%) running_loss=0.4892
train epoch 95/200 batch 26/66 (39%) running_loss=0.4667
train epoch 95/200 batch 39/66 (59%) running_loss=0.4770
train epoch 95/200 batch 52/66 (79%) running_loss=0.4838
train epoch 95/200 batch 65/66 (98%) running_loss=0.4807
train epoch 95/200 batch 66/66 (100%) running_loss=0.4810
epoch 95/200 done: train_loss=0.4810 val_loss=0.2356 val_accuracy=0.9488 val_macro_f1=0.9281 val_macro_auc=0.9894 (checkpoint_metric=macro_auc)
train epoch 96/200 batch 13/66 (20%) running_loss=0.4575
train epoch 96/200 batch 26/66 (39%) running_loss=0.4621
train epoch 96/200 batch 39/66 (59%) running_loss=0.4661
train epoch 96/200 batch 52/66 (79%) running_loss=0.4727
train epoch 96/200 batch 65/66 (98%) running_loss=0.4753
train epoch 96/200 batch 66/66 (100%) running_loss=0.4751
epoch 96/200 done: train_loss=0.4751 val_loss=0.1972 val_accuracy=0.9590 val_macro_f1=0.9427 val_macro_auc=0.9942 (checkpoint_metric=macro_auc)
train epoch 97/200 batch 13/66 (20%) running_loss=0.4579
train epoch 97/200 batch 26/66 (39%) running_loss=0.4718
train epoch 97/200 batch 39/66 (59%) running_loss=0.4657
train epoch 97/200 batch 52/66 (79%) running_loss=0.4726
train epoch 97/200 batch 65/66 (98%) running_loss=0.4677
train epoch 97/200 batch 66/66 (100%) running_loss=0.4683
epoch 97/200 done: train_loss=0.4683 val_loss=0.2277 val_accuracy=0.9365 val_macro_f1=0.9077 val_macro_auc=0.9881 (checkpoint_metric=macro_auc)
train epoch 98/200 batch 13/66 (20%) running_loss=0.4593
train epoch 98/200 batch 26/66 (39%) running_loss=0.4521
train epoch 98/200 batch 39/66 (59%) running_loss=0.4491
train epoch 98/200 batch 52/66 (79%) running_loss=0.4578
train epoch 98/200 batch 65/66 (98%) running_loss=0.4517
train epoch 98/200 batch 66/66 (100%) running_loss=0.4528
epoch 98/200 done: train_loss=0.4528 val_loss=0.2378 val_accuracy=0.9344 val_macro_f1=0.9055 val_macro_auc=0.9883 (checkpoint_metric=macro_auc)
train epoch 99/200 batch 13/66 (20%) running_loss=0.4814
train epoch 99/200 batch 26/66 (39%) running_loss=0.4701
train epoch 99/200 batch 39/66 (59%) running_loss=0.4611
train epoch 99/200 batch 52/66 (79%) running_loss=0.4548
train epoch 99/200 batch 65/66 (98%) running_loss=0.4610
train epoch 99/200 batch 66/66 (100%) running_loss=0.4604
epoch 99/200 done: train_loss=0.4604 val_loss=0.3799 val_accuracy=0.8627 val_macro_f1=0.8179 val_macro_auc=0.9758 (checkpoint_metric=macro_auc)
train epoch 100/200 batch 13/66 (20%) running_loss=0.4748
train epoch 100/200 batch 26/66 (39%) running_loss=0.4738
train epoch 100/200 batch 39/66 (59%) running_loss=0.4657
train epoch 100/200 batch 52/66 (79%) running_loss=0.4643
train epoch 100/200 batch 65/66 (98%) running_loss=0.4618
train epoch 100/200 batch 66/66 (100%) running_loss=0.4622
epoch 100/200 done: train_loss=0.4622 val_loss=0.2250 val_accuracy=0.9365 val_macro_f1=0.9188 val_macro_auc=0.9906 (checkpoint_metric=macro_auc)
train epoch 101/200 batch 13/66 (20%) running_loss=0.4273
train epoch 101/200 batch 26/66 (39%) running_loss=0.4369
train epoch 101/200 batch 39/66 (59%) running_loss=0.4342
train epoch 101/200 batch 52/66 (79%) running_loss=0.4385
train epoch 101/200 batch 65/66 (98%) running_loss=0.4417
train epoch 101/200 batch 66/66 (100%) running_loss=0.4434
epoch 101/200 done: train_loss=0.4434 val_loss=0.2522 val_accuracy=0.9324 val_macro_f1=0.9041 val_macro_auc=0.9877 (checkpoint_metric=macro_auc)
train epoch 102/200 batch 13/66 (20%) running_loss=0.4489
train epoch 102/200 batch 26/66 (39%) running_loss=0.4510
train epoch 102/200 batch 39/66 (59%) running_loss=0.4481
train epoch 102/200 batch 52/66 (79%) running_loss=0.4466
train epoch 102/200 batch 65/66 (98%) running_loss=0.4478
train epoch 102/200 batch 66/66 (100%) running_loss=0.4480
epoch 102/200 done: train_loss=0.4480 val_loss=0.2353 val_accuracy=0.9221 val_macro_f1=0.8729 val_macro_auc=0.9916 (checkpoint_metric=macro_auc)
train epoch 103/200 batch 13/66 (20%) running_loss=0.4728
train epoch 103/200 batch 26/66 (39%) running_loss=0.4616
train epoch 103/200 batch 39/66 (59%) running_loss=0.4625
train epoch 103/200 batch 52/66 (79%) running_loss=0.4697
train epoch 103/200 batch 65/66 (98%) running_loss=0.4729
train epoch 103/200 batch 66/66 (100%) running_loss=0.4724
epoch 103/200 done: train_loss=0.4724 val_loss=0.2364 val_accuracy=0.9406 val_macro_f1=0.9172 val_macro_auc=0.9944 (checkpoint_metric=macro_auc)
train epoch 104/200 batch 13/66 (20%) running_loss=0.4720
train epoch 104/200 batch 26/66 (39%) running_loss=0.4555
train epoch 104/200 batch 39/66 (59%) running_loss=0.4500
train epoch 104/200 batch 52/66 (79%) running_loss=0.4560
train epoch 104/200 batch 65/66 (98%) running_loss=0.4551
train epoch 104/200 batch 66/66 (100%) running_loss=0.4549
epoch 104/200 done: train_loss=0.4549 val_loss=0.3550 val_accuracy=0.8791 val_macro_f1=0.8327 val_macro_auc=0.9655 (checkpoint_metric=macro_auc)
train epoch 105/200 batch 13/66 (20%) running_loss=0.4491
train epoch 105/200 batch 26/66 (39%) running_loss=0.4326
train epoch 105/200 batch 39/66 (59%) running_loss=0.4342
train epoch 105/200 batch 52/66 (79%) running_loss=0.4427
train epoch 105/200 batch 65/66 (98%) running_loss=0.4469
train epoch 105/200 batch 66/66 (100%) running_loss=0.4473
epoch 105/200 done: train_loss=0.4473 val_loss=0.1918 val_accuracy=0.9529 val_macro_f1=0.9280 val_macro_auc=0.9905 (checkpoint_metric=macro_auc)
train epoch 106/200 batch 13/66 (20%) running_loss=0.4761
train epoch 106/200 batch 26/66 (39%) running_loss=0.4663
train epoch 106/200 batch 39/66 (59%) running_loss=0.4569
train epoch 106/200 batch 52/66 (79%) running_loss=0.4622
train epoch 106/200 batch 65/66 (98%) running_loss=0.4571
train epoch 106/200 batch 66/66 (100%) running_loss=0.4570
epoch 106/200 done: train_loss=0.4570 val_loss=0.1937 val_accuracy=0.9570 val_macro_f1=0.9380 val_macro_auc=0.9948 (checkpoint_metric=macro_auc)
train epoch 107/200 batch 13/66 (20%) running_loss=0.4686
train epoch 107/200 batch 26/66 (39%) running_loss=0.4648
train epoch 107/200 batch 39/66 (59%) running_loss=0.4508
train epoch 107/200 batch 52/66 (79%) running_loss=0.4462
train epoch 107/200 batch 65/66 (98%) running_loss=0.4463
train epoch 107/200 batch 66/66 (100%) running_loss=0.4463
epoch 107/200 done: train_loss=0.4463 val_loss=0.1796 val_accuracy=0.9549 val_macro_f1=0.9302 val_macro_auc=0.9935 (checkpoint_metric=macro_auc) [new best]
train epoch 108/200 batch 13/66 (20%) running_loss=0.4127
train epoch 108/200 batch 26/66 (39%) running_loss=0.4195
train epoch 108/200 batch 39/66 (59%) running_loss=0.4351
train epoch 108/200 batch 52/66 (79%) running_loss=0.4401
train epoch 108/200 batch 65/66 (98%) running_loss=0.4433
train epoch 108/200 batch 66/66 (100%) running_loss=0.4428
epoch 108/200 done: train_loss=0.4428 val_loss=0.1906 val_accuracy=0.9570 val_macro_f1=0.9356 val_macro_auc=0.9938 (checkpoint_metric=macro_auc) [new best]
train epoch 109/200 batch 13/66 (20%) running_loss=0.4414
train epoch 109/200 batch 26/66 (39%) running_loss=0.4498
train epoch 109/200 batch 39/66 (59%) running_loss=0.4526
train epoch 109/200 batch 52/66 (79%) running_loss=0.4508
train epoch 109/200 batch 65/66 (98%) running_loss=0.4521
train epoch 109/200 batch 66/66 (100%) running_loss=0.4533
epoch 109/200 done: train_loss=0.4533 val_loss=0.1937 val_accuracy=0.9652 val_macro_f1=0.9448 val_macro_auc=0.9928 (checkpoint_metric=macro_auc)
train epoch 110/200 batch 13/66 (20%) running_loss=0.4569
train epoch 110/200 batch 26/66 (39%) running_loss=0.4464
train epoch 110/200 batch 39/66 (59%) running_loss=0.4411
train epoch 110/200 batch 52/66 (79%) running_loss=0.4342
train epoch 110/200 batch 65/66 (98%) running_loss=0.4385
train epoch 110/200 batch 66/66 (100%) running_loss=0.4383
epoch 110/200 done: train_loss=0.4383 val_loss=0.2236 val_accuracy=0.9447 val_macro_f1=0.9233 val_macro_auc=0.9897 (checkpoint_metric=macro_auc)
train epoch 111/200 batch 13/66 (20%) running_loss=0.4532
train epoch 111/200 batch 26/66 (39%) running_loss=0.4371
train epoch 111/200 batch 39/66 (59%) running_loss=0.4381
train epoch 111/200 batch 52/66 (79%) running_loss=0.4348
train epoch 111/200 batch 65/66 (98%) running_loss=0.4304
train epoch 111/200 batch 66/66 (100%) running_loss=0.4316
epoch 111/200 done: train_loss=0.4316 val_loss=0.2323 val_accuracy=0.9344 val_macro_f1=0.9096 val_macro_auc=0.9926 (checkpoint_metric=macro_auc)
train epoch 112/200 batch 13/66 (20%) running_loss=0.4537
train epoch 112/200 batch 26/66 (39%) running_loss=0.4451
train epoch 112/200 batch 39/66 (59%) running_loss=0.4439
train epoch 112/200 batch 52/66 (79%) running_loss=0.4351
train epoch 112/200 batch 65/66 (98%) running_loss=0.4352
train epoch 112/200 batch 66/66 (100%) running_loss=0.4344
epoch 112/200 done: train_loss=0.4344 val_loss=0.1902 val_accuracy=0.9590 val_macro_f1=0.9416 val_macro_auc=0.9918 (checkpoint_metric=macro_auc)
train epoch 113/200 batch 13/66 (20%) running_loss=0.4508
train epoch 113/200 batch 26/66 (39%) running_loss=0.4448
train epoch 113/200 batch 39/66 (59%) running_loss=0.4383
train epoch 113/200 batch 52/66 (79%) running_loss=0.4387
train epoch 113/200 batch 65/66 (98%) running_loss=0.4447
train epoch 113/200 batch 66/66 (100%) running_loss=0.4440
epoch 113/200 done: train_loss=0.4440 val_loss=0.2369 val_accuracy=0.9324 val_macro_f1=0.9044 val_macro_auc=0.9905 (checkpoint_metric=macro_auc)
train epoch 114/200 batch 13/66 (20%) running_loss=0.4316
train epoch 114/200 batch 26/66 (39%) running_loss=0.4241
train epoch 114/200 batch 39/66 (59%) running_loss=0.4326
train epoch 114/200 batch 52/66 (79%) running_loss=0.4293
train epoch 114/200 batch 65/66 (98%) running_loss=0.4256
train epoch 114/200 batch 66/66 (100%) running_loss=0.4272
epoch 114/200 done: train_loss=0.4272 val_loss=0.1815 val_accuracy=0.9529 val_macro_f1=0.9352 val_macro_auc=0.9955 (checkpoint_metric=macro_auc)
train epoch 115/200 batch 13/66 (20%) running_loss=0.4301
train epoch 115/200 batch 26/66 (39%) running_loss=0.4434
train epoch 115/200 batch 39/66 (59%) running_loss=0.4448
train epoch 115/200 batch 52/66 (79%) running_loss=0.4469
train epoch 115/200 batch 65/66 (98%) running_loss=0.4368
train epoch 115/200 batch 66/66 (100%) running_loss=0.4361
epoch 115/200 done: train_loss=0.4361 val_loss=0.1893 val_accuracy=0.9693 val_macro_f1=0.9543 val_macro_auc=0.9956 (checkpoint_metric=macro_auc)
train epoch 116/200 batch 13/66 (20%) running_loss=0.4232
train epoch 116/200 batch 26/66 (39%) running_loss=0.4162
train epoch 116/200 batch 39/66 (59%) running_loss=0.4270
train epoch 116/200 batch 52/66 (79%) running_loss=0.4292
train epoch 116/200 batch 65/66 (98%) running_loss=0.4340
train epoch 116/200 batch 66/66 (100%) running_loss=0.4333
epoch 116/200 done: train_loss=0.4333 val_loss=0.1793 val_accuracy=0.9631 val_macro_f1=0.9493 val_macro_auc=0.9957 (checkpoint_metric=macro_auc) [new best]
train epoch 117/200 batch 13/66 (20%) running_loss=0.4190
train epoch 117/200 batch 26/66 (39%) running_loss=0.4261
train epoch 117/200 batch 39/66 (59%) running_loss=0.4267
train epoch 117/200 batch 52/66 (79%) running_loss=0.4266
train epoch 117/200 batch 65/66 (98%) running_loss=0.4256
train epoch 117/200 batch 66/66 (100%) running_loss=0.4255
epoch 117/200 done: train_loss=0.4255 val_loss=0.1893 val_accuracy=0.9611 val_macro_f1=0.9446 val_macro_auc=0.9936 (checkpoint_metric=macro_auc)
train epoch 118/200 batch 13/66 (20%) running_loss=0.3759
train epoch 118/200 batch 26/66 (39%) running_loss=0.3952
train epoch 118/200 batch 39/66 (59%) running_loss=0.4131
train epoch 118/200 batch 52/66 (79%) running_loss=0.4191
train epoch 118/200 batch 65/66 (98%) running_loss=0.4236
train epoch 118/200 batch 66/66 (100%) running_loss=0.4234
epoch 118/200 done: train_loss=0.4234 val_loss=0.1921 val_accuracy=0.9570 val_macro_f1=0.9374 val_macro_auc=0.9926 (checkpoint_metric=macro_auc)
train epoch 119/200 batch 13/66 (20%) running_loss=0.4018
train epoch 119/200 batch 26/66 (39%) running_loss=0.4153
train epoch 119/200 batch 39/66 (59%) running_loss=0.4144
train epoch 119/200 batch 52/66 (79%) running_loss=0.4139
train epoch 119/200 batch 65/66 (98%) running_loss=0.4156
train epoch 119/200 batch 66/66 (100%) running_loss=0.4165
epoch 119/200 done: train_loss=0.4165 val_loss=0.1690 val_accuracy=0.9652 val_macro_f1=0.9507 val_macro_auc=0.9959 (checkpoint_metric=macro_auc)
train epoch 120/200 batch 13/66 (20%) running_loss=0.4145
train epoch 120/200 batch 26/66 (39%) running_loss=0.4144
train epoch 120/200 batch 39/66 (59%) running_loss=0.4236
train epoch 120/200 batch 52/66 (79%) running_loss=0.4277
train epoch 120/200 batch 65/66 (98%) running_loss=0.4258
train epoch 120/200 batch 66/66 (100%) running_loss=0.4248
epoch 120/200 done: train_loss=0.4248 val_loss=0.1870 val_accuracy=0.9529 val_macro_f1=0.9389 val_macro_auc=0.9937 (checkpoint_metric=macro_auc)
train epoch 121/200 batch 13/66 (20%) running_loss=0.4180
train epoch 121/200 batch 26/66 (39%) running_loss=0.3925
train epoch 121/200 batch 39/66 (59%) running_loss=0.3999
train epoch 121/200 batch 52/66 (79%) running_loss=0.4031
train epoch 121/200 batch 65/66 (98%) running_loss=0.4066
train epoch 121/200 batch 66/66 (100%) running_loss=0.4067
epoch 121/200 done: train_loss=0.4067 val_loss=0.1900 val_accuracy=0.9549 val_macro_f1=0.9394 val_macro_auc=0.9948 (checkpoint_metric=macro_auc)
train epoch 122/200 batch 13/66 (20%) running_loss=0.4144
train epoch 122/200 batch 26/66 (39%) running_loss=0.4373
train epoch 122/200 batch 39/66 (59%) running_loss=0.4347
train epoch 122/200 batch 52/66 (79%) running_loss=0.4299
train epoch 122/200 batch 65/66 (98%) running_loss=0.4261
train epoch 122/200 batch 66/66 (100%) running_loss=0.4264
epoch 122/200 done: train_loss=0.4264 val_loss=0.1798 val_accuracy=0.9631 val_macro_f1=0.9477 val_macro_auc=0.9952 (checkpoint_metric=macro_auc)
train epoch 123/200 batch 13/66 (20%) running_loss=0.4278
train epoch 123/200 batch 26/66 (39%) running_loss=0.4196
train epoch 123/200 batch 39/66 (59%) running_loss=0.4192
train epoch 123/200 batch 52/66 (79%) running_loss=0.4224
train epoch 123/200 batch 65/66 (98%) running_loss=0.4247
train epoch 123/200 batch 66/66 (100%) running_loss=0.4241
epoch 123/200 done: train_loss=0.4241 val_loss=0.1893 val_accuracy=0.9631 val_macro_f1=0.9503 val_macro_auc=0.9951 (checkpoint_metric=macro_auc)
train epoch 124/200 batch 13/66 (20%) running_loss=0.3995
train epoch 124/200 batch 26/66 (39%) running_loss=0.4010
train epoch 124/200 batch 39/66 (59%) running_loss=0.4048
train epoch 124/200 batch 52/66 (79%) running_loss=0.4089
train epoch 124/200 batch 65/66 (98%) running_loss=0.4072
train epoch 124/200 batch 66/66 (100%) running_loss=0.4085
epoch 124/200 done: train_loss=0.4085 val_loss=0.1996 val_accuracy=0.9406 val_macro_f1=0.9175 val_macro_auc=0.9929 (checkpoint_metric=macro_auc)
train epoch 125/200 batch 13/66 (20%) running_loss=0.3878
train epoch 125/200 batch 26/66 (39%) running_loss=0.3916
train epoch 125/200 batch 39/66 (59%) running_loss=0.4006
train epoch 125/200 batch 52/66 (79%) running_loss=0.4047
train epoch 125/200 batch 65/66 (98%) running_loss=0.4110
train epoch 125/200 batch 66/66 (100%) running_loss=0.4113
epoch 125/200 done: train_loss=0.4113 val_loss=0.1674 val_accuracy=0.9734 val_macro_f1=0.9619 val_macro_auc=0.9959 (checkpoint_metric=macro_auc)
train epoch 126/200 batch 13/66 (20%) running_loss=0.4105
train epoch 126/200 batch 26/66 (39%) running_loss=0.4017
train epoch 126/200 batch 39/66 (59%) running_loss=0.4000
train epoch 126/200 batch 52/66 (79%) running_loss=0.4034
train epoch 126/200 batch 65/66 (98%) running_loss=0.4046
train epoch 126/200 batch 66/66 (100%) running_loss=0.4046
epoch 126/200 done: train_loss=0.4046 val_loss=0.1593 val_accuracy=0.9672 val_macro_f1=0.9577 val_macro_auc=0.9962 (checkpoint_metric=macro_auc)
train epoch 127/200 batch 13/66 (20%) running_loss=0.4391
train epoch 127/200 batch 26/66 (39%) running_loss=0.4369
train epoch 127/200 batch 39/66 (59%) running_loss=0.4246
train epoch 127/200 batch 52/66 (79%) running_loss=0.4222
train epoch 127/200 batch 65/66 (98%) running_loss=0.4163
train epoch 127/200 batch 66/66 (100%) running_loss=0.4163
epoch 127/200 done: train_loss=0.4163 val_loss=0.1612 val_accuracy=0.9652 val_macro_f1=0.9483 val_macro_auc=0.9950 (checkpoint_metric=macro_auc) [new best]
train epoch 128/200 batch 13/66 (20%) running_loss=0.3984
train epoch 128/200 batch 26/66 (39%) running_loss=0.4157
train epoch 128/200 batch 39/66 (59%) running_loss=0.4002
train epoch 128/200 batch 52/66 (79%) running_loss=0.3999
train epoch 128/200 batch 65/66 (98%) running_loss=0.4034
train epoch 128/200 batch 66/66 (100%) running_loss=0.4039
epoch 128/200 done: train_loss=0.4039 val_loss=0.1933 val_accuracy=0.9570 val_macro_f1=0.9398 val_macro_auc=0.9935 (checkpoint_metric=macro_auc)
train epoch 129/200 batch 13/66 (20%) running_loss=0.4027
train epoch 129/200 batch 26/66 (39%) running_loss=0.3940
train epoch 129/200 batch 39/66 (59%) running_loss=0.3991
train epoch 129/200 batch 52/66 (79%) running_loss=0.4036
train epoch 129/200 batch 65/66 (98%) running_loss=0.4021
train epoch 129/200 batch 66/66 (100%) running_loss=0.4023
epoch 129/200 done: train_loss=0.4023 val_loss=0.1841 val_accuracy=0.9590 val_macro_f1=0.9466 val_macro_auc=0.9937 (checkpoint_metric=macro_auc)
train epoch 130/200 batch 13/66 (20%) running_loss=0.3951
train epoch 130/200 batch 26/66 (39%) running_loss=0.4046
train epoch 130/200 batch 39/66 (59%) running_loss=0.4015
train epoch 130/200 batch 52/66 (79%) running_loss=0.4025
train epoch 130/200 batch 65/66 (98%) running_loss=0.4018
train epoch 130/200 batch 66/66 (100%) running_loss=0.4026
epoch 130/200 done: train_loss=0.4026 val_loss=0.2139 val_accuracy=0.9303 val_macro_f1=0.9054 val_macro_auc=0.9933 (checkpoint_metric=macro_auc)
train epoch 131/200 batch 13/66 (20%) running_loss=0.4033
train epoch 131/200 batch 26/66 (39%) running_loss=0.4053
train epoch 131/200 batch 39/66 (59%) running_loss=0.4099
train epoch 131/200 batch 52/66 (79%) running_loss=0.4131
train epoch 131/200 batch 65/66 (98%) running_loss=0.4097
train epoch 131/200 batch 66/66 (100%) running_loss=0.4098
epoch 131/200 done: train_loss=0.4098 val_loss=0.1616 val_accuracy=0.9693 val_macro_f1=0.9550 val_macro_auc=0.9958 (checkpoint_metric=macro_auc)
train epoch 132/200 batch 13/66 (20%) running_loss=0.4137
train epoch 132/200 batch 26/66 (39%) running_loss=0.4035
train epoch 132/200 batch 39/66 (59%) running_loss=0.3965
train epoch 132/200 batch 52/66 (79%) running_loss=0.3978
train epoch 132/200 batch 65/66 (98%) running_loss=0.3963
train epoch 132/200 batch 66/66 (100%) running_loss=0.3965
epoch 132/200 done: train_loss=0.3965 val_loss=0.1780 val_accuracy=0.9549 val_macro_f1=0.9379 val_macro_auc=0.9927 (checkpoint_metric=macro_auc)
train epoch 133/200 batch 13/66 (20%) running_loss=0.3978
train epoch 133/200 batch 26/66 (39%) running_loss=0.3889
train epoch 133/200 batch 39/66 (59%) running_loss=0.3921
train epoch 133/200 batch 52/66 (79%) running_loss=0.3946
train epoch 133/200 batch 65/66 (98%) running_loss=0.3954
train epoch 133/200 batch 66/66 (100%) running_loss=0.3965
epoch 133/200 done: train_loss=0.3965 val_loss=0.1487 val_accuracy=0.9672 val_macro_f1=0.9535 val_macro_auc=0.9957 (checkpoint_metric=macro_auc)
train epoch 134/200 batch 13/66 (20%) running_loss=0.3898
train epoch 134/200 batch 26/66 (39%) running_loss=0.3941
train epoch 134/200 batch 39/66 (59%) running_loss=0.3988
train epoch 134/200 batch 52/66 (79%) running_loss=0.3976
train epoch 134/200 batch 65/66 (98%) running_loss=0.3993
train epoch 134/200 batch 66/66 (100%) running_loss=0.3991
epoch 134/200 done: train_loss=0.3991 val_loss=0.1635 val_accuracy=0.9672 val_macro_f1=0.9520 val_macro_auc=0.9954 (checkpoint_metric=macro_auc)
train epoch 135/200 batch 13/66 (20%) running_loss=0.4239
train epoch 135/200 batch 26/66 (39%) running_loss=0.3997
train epoch 135/200 batch 39/66 (59%) running_loss=0.3928
train epoch 135/200 batch 52/66 (79%) running_loss=0.3967
train epoch 135/200 batch 65/66 (98%) running_loss=0.3972
train epoch 135/200 batch 66/66 (100%) running_loss=0.3969
epoch 135/200 done: train_loss=0.3969 val_loss=0.2047 val_accuracy=0.9426 val_macro_f1=0.9225 val_macro_auc=0.9928 (checkpoint_metric=macro_auc)
train epoch 136/200 batch 13/66 (20%) running_loss=0.4022
train epoch 136/200 batch 26/66 (39%) running_loss=0.3944
train epoch 136/200 batch 39/66 (59%) running_loss=0.3949
train epoch 136/200 batch 52/66 (79%) running_loss=0.3961
train epoch 136/200 batch 65/66 (98%) running_loss=0.3977
train epoch 136/200 batch 66/66 (100%) running_loss=0.3977
epoch 136/200 done: train_loss=0.3977 val_loss=0.1646 val_accuracy=0.9652 val_macro_f1=0.9512 val_macro_auc=0.9953 (checkpoint_metric=macro_auc)
train epoch 137/200 batch 13/66 (20%) running_loss=0.3906
train epoch 137/200 batch 26/66 (39%) running_loss=0.3939
train epoch 137/200 batch 39/66 (59%) running_loss=0.3887
train epoch 137/200 batch 52/66 (79%) running_loss=0.3909
train epoch 137/200 batch 65/66 (98%) running_loss=0.3945
train epoch 137/200 batch 66/66 (100%) running_loss=0.3938
epoch 137/200 done: train_loss=0.3938 val_loss=0.1721 val_accuracy=0.9611 val_macro_f1=0.9427 val_macro_auc=0.9947 (checkpoint_metric=macro_auc)
train epoch 138/200 batch 13/66 (20%) running_loss=0.3766
train epoch 138/200 batch 26/66 (39%) running_loss=0.3807
train epoch 138/200 batch 39/66 (59%) running_loss=0.3796
train epoch 138/200 batch 52/66 (79%) running_loss=0.3773
train epoch 138/200 batch 65/66 (98%) running_loss=0.3774
train epoch 138/200 batch 66/66 (100%) running_loss=0.3775
epoch 138/200 done: train_loss=0.3775 val_loss=0.1635 val_accuracy=0.9611 val_macro_f1=0.9449 val_macro_auc=0.9953 (checkpoint_metric=macro_auc)
train epoch 139/200 batch 13/66 (20%) running_loss=0.3886
train epoch 139/200 batch 26/66 (39%) running_loss=0.3869
train epoch 139/200 batch 39/66 (59%) running_loss=0.3904
train epoch 139/200 batch 52/66 (79%) running_loss=0.3929
train epoch 139/200 batch 65/66 (98%) running_loss=0.3909
train epoch 139/200 batch 66/66 (100%) running_loss=0.3912
epoch 139/200 done: train_loss=0.3912 val_loss=0.1615 val_accuracy=0.9713 val_macro_f1=0.9556 val_macro_auc=0.9944 (checkpoint_metric=macro_auc)
train epoch 140/200 batch 13/66 (20%) running_loss=0.3850
train epoch 140/200 batch 26/66 (39%) running_loss=0.3878
train epoch 140/200 batch 39/66 (59%) running_loss=0.3854
train epoch 140/200 batch 52/66 (79%) running_loss=0.3811
train epoch 140/200 batch 65/66 (98%) running_loss=0.3830
train epoch 140/200 batch 66/66 (100%) running_loss=0.3826
epoch 140/200 done: train_loss=0.3826 val_loss=0.1472 val_accuracy=0.9734 val_macro_f1=0.9586 val_macro_auc=0.9964 (checkpoint_metric=macro_auc)
train epoch 141/200 batch 13/66 (20%) running_loss=0.4166
train epoch 141/200 batch 26/66 (39%) running_loss=0.3968
train epoch 141/200 batch 39/66 (59%) running_loss=0.3975
train epoch 141/200 batch 52/66 (79%) running_loss=0.3989
train epoch 141/200 batch 65/66 (98%) running_loss=0.3972
train epoch 141/200 batch 66/66 (100%) running_loss=0.3978
epoch 141/200 done: train_loss=0.3978 val_loss=0.1775 val_accuracy=0.9734 val_macro_f1=0.9618 val_macro_auc=0.9947 (checkpoint_metric=macro_auc)
train epoch 142/200 batch 13/66 (20%) running_loss=0.3625
train epoch 142/200 batch 26/66 (39%) running_loss=0.3767
train epoch 142/200 batch 39/66 (59%) running_loss=0.3818
train epoch 142/200 batch 52/66 (79%) running_loss=0.3849
train epoch 142/200 batch 65/66 (98%) running_loss=0.3883
train epoch 142/200 batch 66/66 (100%) running_loss=0.3889
epoch 142/200 done: train_loss=0.3889 val_loss=0.1880 val_accuracy=0.9447 val_macro_f1=0.9230 val_macro_auc=0.9929 (checkpoint_metric=macro_auc)
train epoch 143/200 batch 13/66 (20%) running_loss=0.3592
train epoch 143/200 batch 26/66 (39%) running_loss=0.3680
train epoch 143/200 batch 39/66 (59%) running_loss=0.3729
train epoch 143/200 batch 52/66 (79%) running_loss=0.3725
train epoch 143/200 batch 65/66 (98%) running_loss=0.3785
train epoch 143/200 batch 66/66 (100%) running_loss=0.3779
epoch 143/200 done: train_loss=0.3779 val_loss=0.1556 val_accuracy=0.9795 val_macro_f1=0.9704 val_macro_auc=0.9962 (checkpoint_metric=macro_auc)
train epoch 144/200 batch 13/66 (20%) running_loss=0.3651
train epoch 144/200 batch 26/66 (39%) running_loss=0.3748
train epoch 144/200 batch 39/66 (59%) running_loss=0.3740
train epoch 144/200 batch 52/66 (79%) running_loss=0.3781
train epoch 144/200 batch 65/66 (98%) running_loss=0.3809
train epoch 144/200 batch 66/66 (100%) running_loss=0.3811
epoch 144/200 done: train_loss=0.3811 val_loss=0.1563 val_accuracy=0.9754 val_macro_f1=0.9640 val_macro_auc=0.9961 (checkpoint_metric=macro_auc)
train epoch 145/200 batch 13/66 (20%) running_loss=0.3970
train epoch 145/200 batch 26/66 (39%) running_loss=0.3839
train epoch 145/200 batch 39/66 (59%) running_loss=0.3860
train epoch 145/200 batch 52/66 (79%) running_loss=0.3793
train epoch 145/200 batch 65/66 (98%) running_loss=0.3850
train epoch 145/200 batch 66/66 (100%) running_loss=0.3860
epoch 145/200 done: train_loss=0.3860 val_loss=0.1677 val_accuracy=0.9652 val_macro_f1=0.9510 val_macro_auc=0.9956 (checkpoint_metric=macro_auc) [new best]
train epoch 146/200 batch 13/66 (20%) running_loss=0.3689
train epoch 146/200 batch 26/66 (39%) running_loss=0.3737
train epoch 146/200 batch 39/66 (59%) running_loss=0.3758
train epoch 146/200 batch 52/66 (79%) running_loss=0.3781
train epoch 146/200 batch 65/66 (98%) running_loss=0.3799
train epoch 146/200 batch 66/66 (100%) running_loss=0.3794
epoch 146/200 done: train_loss=0.3794 val_loss=0.1562 val_accuracy=0.9754 val_macro_f1=0.9640 val_macro_auc=0.9959 (checkpoint_metric=macro_auc)
train epoch 147/200 batch 13/66 (20%) running_loss=0.3748
train epoch 147/200 batch 26/66 (39%) running_loss=0.3750
train epoch 147/200 batch 39/66 (59%) running_loss=0.3816
train epoch 147/200 batch 52/66 (79%) running_loss=0.3816
train epoch 147/200 batch 65/66 (98%) running_loss=0.3845
train epoch 147/200 batch 66/66 (100%) running_loss=0.3843
epoch 147/200 done: train_loss=0.3843 val_loss=0.1612 val_accuracy=0.9672 val_macro_f1=0.9561 val_macro_auc=0.9944 (checkpoint_metric=macro_auc)
train epoch 148/200 batch 13/66 (20%) running_loss=0.3676
train epoch 148/200 batch 26/66 (39%) running_loss=0.3724
train epoch 148/200 batch 39/66 (59%) running_loss=0.3719
train epoch 148/200 batch 52/66 (79%) running_loss=0.3718
train epoch 148/200 batch 65/66 (98%) running_loss=0.3687
train epoch 148/200 batch 66/66 (100%) running_loss=0.3680
epoch 148/200 done: train_loss=0.3680 val_loss=0.1572 val_accuracy=0.9652 val_macro_f1=0.9510 val_macro_auc=0.9959 (checkpoint_metric=macro_auc)
train epoch 149/200 batch 13/66 (20%) running_loss=0.3586
train epoch 149/200 batch 26/66 (39%) running_loss=0.3632
train epoch 149/200 batch 39/66 (59%) running_loss=0.3646
train epoch 149/200 batch 52/66 (79%) running_loss=0.3701
train epoch 149/200 batch 65/66 (98%) running_loss=0.3737
train epoch 149/200 batch 66/66 (100%) running_loss=0.3735
epoch 149/200 done: train_loss=0.3735 val_loss=0.1733 val_accuracy=0.9631 val_macro_f1=0.9496 val_macro_auc=0.9950 (checkpoint_metric=macro_auc)
train epoch 150/200 batch 13/66 (20%) running_loss=0.3790
train epoch 150/200 batch 26/66 (39%) running_loss=0.3875
train epoch 150/200 batch 39/66 (59%) running_loss=0.3770
train epoch 150/200 batch 52/66 (79%) running_loss=0.3768
train epoch 150/200 batch 65/66 (98%) running_loss=0.3750
train epoch 150/200 batch 66/66 (100%) running_loss=0.3746
epoch 150/200 done: train_loss=0.3746 val_loss=0.1625 val_accuracy=0.9734 val_macro_f1=0.9625 val_macro_auc=0.9939 (checkpoint_metric=macro_auc)
train epoch 151/200 batch 13/66 (20%) running_loss=0.3579
train epoch 151/200 batch 26/66 (39%) running_loss=0.3755
train epoch 151/200 batch 39/66 (59%) running_loss=0.3729
train epoch 151/200 batch 52/66 (79%) running_loss=0.3754
train epoch 151/200 batch 65/66 (98%) running_loss=0.3740
train epoch 151/200 batch 66/66 (100%) running_loss=0.3747
epoch 151/200 done: train_loss=0.3747 val_loss=0.1621 val_accuracy=0.9713 val_macro_f1=0.9610 val_macro_auc=0.9943 (checkpoint_metric=macro_auc)
train epoch 152/200 batch 13/66 (20%) running_loss=0.3784
train epoch 152/200 batch 26/66 (39%) running_loss=0.3830
train epoch 152/200 batch 39/66 (59%) running_loss=0.3772
train epoch 152/200 batch 52/66 (79%) running_loss=0.3758
train epoch 152/200 batch 65/66 (98%) running_loss=0.3755
train epoch 152/200 batch 66/66 (100%) running_loss=0.3749
epoch 152/200 done: train_loss=0.3749 val_loss=0.1587 val_accuracy=0.9611 val_macro_f1=0.9461 val_macro_auc=0.9964 (checkpoint_metric=macro_auc)
train epoch 153/200 batch 13/66 (20%) running_loss=0.3687
train epoch 153/200 batch 26/66 (39%) running_loss=0.3685
train epoch 153/200 batch 39/66 (59%) running_loss=0.3731
train epoch 153/200 batch 52/66 (79%) running_loss=0.3726
train epoch 153/200 batch 65/66 (98%) running_loss=0.3679
train epoch 153/200 batch 66/66 (100%) running_loss=0.3676
epoch 153/200 done: train_loss=0.3676 val_loss=0.1638 val_accuracy=0.9652 val_macro_f1=0.9533 val_macro_auc=0.9954 (checkpoint_metric=macro_auc)
train epoch 154/200 batch 13/66 (20%) running_loss=0.3582
train epoch 154/200 batch 26/66 (39%) running_loss=0.3640
train epoch 154/200 batch 39/66 (59%) running_loss=0.3681
train epoch 154/200 batch 52/66 (79%) running_loss=0.3676
train epoch 154/200 batch 65/66 (98%) running_loss=0.3675
train epoch 154/200 batch 66/66 (100%) running_loss=0.3671
epoch 154/200 done: train_loss=0.3671 val_loss=0.1551 val_accuracy=0.9672 val_macro_f1=0.9526 val_macro_auc=0.9961 (checkpoint_metric=macro_auc)
train epoch 155/200 batch 13/66 (20%) running_loss=0.3609
train epoch 155/200 batch 26/66 (39%) running_loss=0.3630
train epoch 155/200 batch 39/66 (59%) running_loss=0.3630
train epoch 155/200 batch 52/66 (79%) running_loss=0.3666
train epoch 155/200 batch 65/66 (98%) running_loss=0.3648
train epoch 155/200 batch 66/66 (100%) running_loss=0.3649
epoch 155/200 done: train_loss=0.3649 val_loss=0.1650 val_accuracy=0.9652 val_macro_f1=0.9493 val_macro_auc=0.9950 (checkpoint_metric=macro_auc)
train epoch 156/200 batch 13/66 (20%) running_loss=0.3533
train epoch 156/200 batch 26/66 (39%) running_loss=0.3584
train epoch 156/200 batch 39/66 (59%) running_loss=0.3653
train epoch 156/200 batch 52/66 (79%) running_loss=0.3636
train epoch 156/200 batch 65/66 (98%) running_loss=0.3672
train epoch 156/200 batch 66/66 (100%) running_loss=0.3671
epoch 156/200 done: train_loss=0.3671 val_loss=0.1490 val_accuracy=0.9734 val_macro_f1=0.9648 val_macro_auc=0.9959 (checkpoint_metric=macro_auc)
train epoch 157/200 batch 13/66 (20%) running_loss=0.3785
train epoch 157/200 batch 26/66 (39%) running_loss=0.3617
train epoch 157/200 batch 39/66 (59%) running_loss=0.3602
train epoch 157/200 batch 52/66 (79%) running_loss=0.3632
train epoch 157/200 batch 65/66 (98%) running_loss=0.3638
train epoch 157/200 batch 66/66 (100%) running_loss=0.3635
epoch 157/200 done: train_loss=0.3635 val_loss=0.1503 val_accuracy=0.9775 val_macro_f1=0.9678 val_macro_auc=0.9960 (checkpoint_metric=macro_auc)
train epoch 158/200 batch 13/66 (20%) running_loss=0.3784
train epoch 158/200 batch 26/66 (39%) running_loss=0.3769
train epoch 158/200 batch 39/66 (59%) running_loss=0.3687
train epoch 158/200 batch 52/66 (79%) running_loss=0.3736
train epoch 158/200 batch 65/66 (98%) running_loss=0.3696
train epoch 158/200 batch 66/66 (100%) running_loss=0.3691
epoch 158/200 done: train_loss=0.3691 val_loss=0.1539 val_accuracy=0.9816 val_macro_f1=0.9724 val_macro_auc=0.9950 (checkpoint_metric=macro_auc)
train epoch 159/200 batch 13/66 (20%) running_loss=0.3567
train epoch 159/200 batch 26/66 (39%) running_loss=0.3643
train epoch 159/200 batch 39/66 (59%) running_loss=0.3616
train epoch 159/200 batch 52/66 (79%) running_loss=0.3621
train epoch 159/200 batch 65/66 (98%) running_loss=0.3619
train epoch 159/200 batch 66/66 (100%) running_loss=0.3614
epoch 159/200 done: train_loss=0.3614 val_loss=0.1496 val_accuracy=0.9775 val_macro_f1=0.9663 val_macro_auc=0.9956 (checkpoint_metric=macro_auc)
train epoch 160/200 batch 13/66 (20%) running_loss=0.3799
train epoch 160/200 batch 26/66 (39%) running_loss=0.3670
train epoch 160/200 batch 39/66 (59%) running_loss=0.3668
train epoch 160/200 batch 52/66 (79%) running_loss=0.3715
train epoch 160/200 batch 65/66 (98%) running_loss=0.3743
train epoch 160/200 batch 66/66 (100%) running_loss=0.3745
epoch 160/200 done: train_loss=0.3745 val_loss=0.1614 val_accuracy=0.9652 val_macro_f1=0.9526 val_macro_auc=0.9954 (checkpoint_metric=macro_auc)
train epoch 161/200 batch 13/66 (20%) running_loss=0.3679
train epoch 161/200 batch 26/66 (39%) running_loss=0.3624
train epoch 161/200 batch 39/66 (59%) running_loss=0.3586
train epoch 161/200 batch 52/66 (79%) running_loss=0.3554
train epoch 161/200 batch 65/66 (98%) running_loss=0.3565
train epoch 161/200 batch 66/66 (100%) running_loss=0.3575
epoch 161/200 done: train_loss=0.3575 val_loss=0.1524 val_accuracy=0.9693 val_macro_f1=0.9554 val_macro_auc=0.9958 (checkpoint_metric=macro_auc)
train epoch 162/200 batch 13/66 (20%) running_loss=0.3516
train epoch 162/200 batch 26/66 (39%) running_loss=0.3611
train epoch 162/200 batch 39/66 (59%) running_loss=0.3670
train epoch 162/200 batch 52/66 (79%) running_loss=0.3708
train epoch 162/200 batch 65/66 (98%) running_loss=0.3705
train epoch 162/200 batch 66/66 (100%) running_loss=0.3704
epoch 162/200 done: train_loss=0.3704 val_loss=0.1569 val_accuracy=0.9734 val_macro_f1=0.9608 val_macro_auc=0.9943 (checkpoint_metric=macro_auc)
train epoch 163/200 batch 13/66 (20%) running_loss=0.3625
train epoch 163/200 batch 26/66 (39%) running_loss=0.3624
train epoch 163/200 batch 39/66 (59%) running_loss=0.3635
train epoch 163/200 batch 52/66 (79%) running_loss=0.3685
train epoch 163/200 batch 65/66 (98%) running_loss=0.3658
train epoch 163/200 batch 66/66 (100%) running_loss=0.3654
epoch 163/200 done: train_loss=0.3654 val_loss=0.1569 val_accuracy=0.9652 val_macro_f1=0.9541 val_macro_auc=0.9955 (checkpoint_metric=macro_auc)
train epoch 164/200 batch 13/66 (20%) running_loss=0.3679
train epoch 164/200 batch 26/66 (39%) running_loss=0.3652
train epoch 164/200 batch 39/66 (59%) running_loss=0.3670
train epoch 164/200 batch 52/66 (79%) running_loss=0.3641
train epoch 164/200 batch 65/66 (98%) running_loss=0.3643
train epoch 164/200 batch 66/66 (100%) running_loss=0.3638
epoch 164/200 done: train_loss=0.3638 val_loss=0.1541 val_accuracy=0.9652 val_macro_f1=0.9530 val_macro_auc=0.9958 (checkpoint_metric=macro_auc)
train epoch 165/200 batch 13/66 (20%) running_loss=0.3471
train epoch 165/200 batch 26/66 (39%) running_loss=0.3472
train epoch 165/200 batch 39/66 (59%) running_loss=0.3513
train epoch 165/200 batch 52/66 (79%) running_loss=0.3551
train epoch 165/200 batch 65/66 (98%) running_loss=0.3536
train epoch 165/200 batch 66/66 (100%) running_loss=0.3535
epoch 165/200 done: train_loss=0.3535 val_loss=0.1506 val_accuracy=0.9734 val_macro_f1=0.9607 val_macro_auc=0.9959 (checkpoint_metric=macro_auc)
train epoch 166/200 batch 13/66 (20%) running_loss=0.3928
train epoch 166/200 batch 26/66 (39%) running_loss=0.3819
train epoch 166/200 batch 39/66 (59%) running_loss=0.3747
train epoch 166/200 batch 52/66 (79%) running_loss=0.3700
train epoch 166/200 batch 65/66 (98%) running_loss=0.3690
train epoch 166/200 batch 66/66 (100%) running_loss=0.3697
epoch 166/200 done: train_loss=0.3697 val_loss=0.1535 val_accuracy=0.9713 val_macro_f1=0.9588 val_macro_auc=0.9961 (checkpoint_metric=macro_auc)
train epoch 167/200 batch 13/66 (20%) running_loss=0.3701
train epoch 167/200 batch 26/66 (39%) running_loss=0.3552
train epoch 167/200 batch 39/66 (59%) running_loss=0.3553
train epoch 167/200 batch 52/66 (79%) running_loss=0.3548
train epoch 167/200 batch 65/66 (98%) running_loss=0.3526
train epoch 167/200 batch 66/66 (100%) running_loss=0.3526
epoch 167/200 done: train_loss=0.3526 val_loss=0.1358 val_accuracy=0.9795 val_macro_f1=0.9698 val_macro_auc=0.9967 (checkpoint_metric=macro_auc) [new best]
train epoch 168/200 batch 13/66 (20%) running_loss=0.3507
train epoch 168/200 batch 26/66 (39%) running_loss=0.3564
train epoch 168/200 batch 39/66 (59%) running_loss=0.3523
train epoch 168/200 batch 52/66 (79%) running_loss=0.3536
train epoch 168/200 batch 65/66 (98%) running_loss=0.3543
train epoch 168/200 batch 66/66 (100%) running_loss=0.3543
epoch 168/200 done: train_loss=0.3543 val_loss=0.1460 val_accuracy=0.9734 val_macro_f1=0.9633 val_macro_auc=0.9957 (checkpoint_metric=macro_auc)
train epoch 169/200 batch 13/66 (20%) running_loss=0.3728
train epoch 169/200 batch 26/66 (39%) running_loss=0.3625
train epoch 169/200 batch 39/66 (59%) running_loss=0.3664
train epoch 169/200 batch 52/66 (79%) running_loss=0.3646
train epoch 169/200 batch 65/66 (98%) running_loss=0.3662
train epoch 169/200 batch 66/66 (100%) running_loss=0.3666
epoch 169/200 done: train_loss=0.3666 val_loss=0.1535 val_accuracy=0.9795 val_macro_f1=0.9720 val_macro_auc=0.9953 (checkpoint_metric=macro_auc)
train epoch 170/200 batch 13/66 (20%) running_loss=0.3512
train epoch 170/200 batch 26/66 (39%) running_loss=0.3482
train epoch 170/200 batch 39/66 (59%) running_loss=0.3576
train epoch 170/200 batch 52/66 (79%) running_loss=0.3587
train epoch 170/200 batch 65/66 (98%) running_loss=0.3562
train epoch 170/200 batch 66/66 (100%) running_loss=0.3560
epoch 170/200 done: train_loss=0.3560 val_loss=0.1496 val_accuracy=0.9754 val_macro_f1=0.9635 val_macro_auc=0.9958 (checkpoint_metric=macro_auc)
train epoch 171/200 batch 13/66 (20%) running_loss=0.3533
train epoch 171/200 batch 26/66 (39%) running_loss=0.3544
train epoch 171/200 batch 39/66 (59%) running_loss=0.3497
train epoch 171/200 batch 52/66 (79%) running_loss=0.3516
train epoch 171/200 batch 65/66 (98%) running_loss=0.3562
train epoch 171/200 batch 66/66 (100%) running_loss=0.3564
epoch 171/200 done: train_loss=0.3564 val_loss=0.1486 val_accuracy=0.9734 val_macro_f1=0.9622 val_macro_auc=0.9955 (checkpoint_metric=macro_auc)
train epoch 172/200 batch 13/66 (20%) running_loss=0.3765
train epoch 172/200 batch 26/66 (39%) running_loss=0.3654
train epoch 172/200 batch 39/66 (59%) running_loss=0.3615
train epoch 172/200 batch 52/66 (79%) running_loss=0.3564
train epoch 172/200 batch 65/66 (98%) running_loss=0.3528
train epoch 172/200 batch 66/66 (100%) running_loss=0.3529
epoch 172/200 done: train_loss=0.3529 val_loss=0.1470 val_accuracy=0.9734 val_macro_f1=0.9611 val_macro_auc=0.9954 (checkpoint_metric=macro_auc)
train epoch 173/200 batch 13/66 (20%) running_loss=0.3610
train epoch 173/200 batch 26/66 (39%) running_loss=0.3530
train epoch 173/200 batch 39/66 (59%) running_loss=0.3520
train epoch 173/200 batch 52/66 (79%) running_loss=0.3512
train epoch 173/200 batch 65/66 (98%) running_loss=0.3542
train epoch 173/200 batch 66/66 (100%) running_loss=0.3551
epoch 173/200 done: train_loss=0.3551 val_loss=0.1477 val_accuracy=0.9775 val_macro_f1=0.9663 val_macro_auc=0.9957 (checkpoint_metric=macro_auc)
train epoch 174/200 batch 13/66 (20%) running_loss=0.3339
train epoch 174/200 batch 26/66 (39%) running_loss=0.3580
train epoch 174/200 batch 39/66 (59%) running_loss=0.3611
train epoch 174/200 batch 52/66 (79%) running_loss=0.3635
train epoch 174/200 batch 65/66 (98%) running_loss=0.3602
train epoch 174/200 batch 66/66 (100%) running_loss=0.3598
epoch 174/200 done: train_loss=0.3598 val_loss=0.1497 val_accuracy=0.9775 val_macro_f1=0.9667 val_macro_auc=0.9958 (checkpoint_metric=macro_auc)
train epoch 175/200 batch 13/66 (20%) running_loss=0.3526
train epoch 175/200 batch 26/66 (39%) running_loss=0.3539
train epoch 175/200 batch 39/66 (59%) running_loss=0.3536
train epoch 175/200 batch 52/66 (79%) running_loss=0.3547
train epoch 175/200 batch 65/66 (98%) running_loss=0.3542
train epoch 175/200 batch 66/66 (100%) running_loss=0.3539
epoch 175/200 done: train_loss=0.3539 val_loss=0.1458 val_accuracy=0.9734 val_macro_f1=0.9603 val_macro_auc=0.9958 (checkpoint_metric=macro_auc)
train epoch 176/200 batch 13/66 (20%) running_loss=0.3363
train epoch 176/200 batch 26/66 (39%) running_loss=0.3468
train epoch 176/200 batch 39/66 (59%) running_loss=0.3469
train epoch 176/200 batch 52/66 (79%) running_loss=0.3485
train epoch 176/200 batch 65/66 (98%) running_loss=0.3477
train epoch 176/200 batch 66/66 (100%) running_loss=0.3473
epoch 176/200 done: train_loss=0.3473 val_loss=0.1485 val_accuracy=0.9734 val_macro_f1=0.9603 val_macro_auc=0.9958 (checkpoint_metric=macro_auc)
train epoch 177/200 batch 13/66 (20%) running_loss=0.3512
train epoch 177/200 batch 26/66 (39%) running_loss=0.3526
train epoch 177/200 batch 39/66 (59%) running_loss=0.3579
train epoch 177/200 batch 52/66 (79%) running_loss=0.3660
train epoch 177/200 batch 65/66 (98%) running_loss=0.3651
train epoch 177/200 batch 66/66 (100%) running_loss=0.3648
epoch 177/200 done: train_loss=0.3648 val_loss=0.1567 val_accuracy=0.9652 val_macro_f1=0.9526 val_macro_auc=0.9956 (checkpoint_metric=macro_auc)
train epoch 178/200 batch 13/66 (20%) running_loss=0.3615
train epoch 178/200 batch 26/66 (39%) running_loss=0.3557
train epoch 178/200 batch 39/66 (59%) running_loss=0.3573
train epoch 178/200 batch 52/66 (79%) running_loss=0.3549
train epoch 178/200 batch 65/66 (98%) running_loss=0.3548
train epoch 178/200 batch 66/66 (100%) running_loss=0.3547
epoch 178/200 done: train_loss=0.3547 val_loss=0.1536 val_accuracy=0.9713 val_macro_f1=0.9579 val_macro_auc=0.9951 (checkpoint_metric=macro_auc)
train epoch 179/200 batch 13/66 (20%) running_loss=0.3623
train epoch 179/200 batch 26/66 (39%) running_loss=0.3516
train epoch 179/200 batch 39/66 (59%) running_loss=0.3487
train epoch 179/200 batch 52/66 (79%) running_loss=0.3493
train epoch 179/200 batch 65/66 (98%) running_loss=0.3488
train epoch 179/200 batch 66/66 (100%) running_loss=0.3490
epoch 179/200 done: train_loss=0.3490 val_loss=0.1512 val_accuracy=0.9713 val_macro_f1=0.9579 val_macro_auc=0.9955 (checkpoint_metric=macro_auc)
train epoch 180/200 batch 13/66 (20%) running_loss=0.3523
train epoch 180/200 batch 26/66 (39%) running_loss=0.3527
train epoch 180/200 batch 39/66 (59%) running_loss=0.3506
train epoch 180/200 batch 52/66 (79%) running_loss=0.3491
train epoch 180/200 batch 65/66 (98%) running_loss=0.3480
train epoch 180/200 batch 66/66 (100%) running_loss=0.3484
epoch 180/200 done: train_loss=0.3484 val_loss=0.1494 val_accuracy=0.9795 val_macro_f1=0.9695 val_macro_auc=0.9958 (checkpoint_metric=macro_auc)
train epoch 181/200 batch 13/66 (20%) running_loss=0.3518
train epoch 181/200 batch 26/66 (39%) running_loss=0.3535
train epoch 181/200 batch 39/66 (59%) running_loss=0.3512
train epoch 181/200 batch 52/66 (79%) running_loss=0.3485
train epoch 181/200 batch 65/66 (98%) running_loss=0.3528
train epoch 181/200 batch 66/66 (100%) running_loss=0.3525
epoch 181/200 done: train_loss=0.3525 val_loss=0.1472 val_accuracy=0.9775 val_macro_f1=0.9663 val_macro_auc=0.9957 (checkpoint_metric=macro_auc)
train epoch 182/200 batch 13/66 (20%) running_loss=0.3522
train epoch 182/200 batch 26/66 (39%) running_loss=0.3489
train epoch 182/200 batch 39/66 (59%) running_loss=0.3482
train epoch 182/200 batch 52/66 (79%) running_loss=0.3487
train epoch 182/200 batch 65/66 (98%) running_loss=0.3499
train epoch 182/200 batch 66/66 (100%) running_loss=0.3496
epoch 182/200 done: train_loss=0.3496 val_loss=0.1541 val_accuracy=0.9754 val_macro_f1=0.9635 val_macro_auc=0.9952 (checkpoint_metric=macro_auc)
train epoch 183/200 batch 13/66 (20%) running_loss=0.3458
train epoch 183/200 batch 26/66 (39%) running_loss=0.3465
train epoch 183/200 batch 39/66 (59%) running_loss=0.3543
train epoch 183/200 batch 52/66 (79%) running_loss=0.3511
train epoch 183/200 batch 65/66 (98%) running_loss=0.3495
train epoch 183/200 batch 66/66 (100%) running_loss=0.3491
epoch 183/200 done: train_loss=0.3491 val_loss=0.1508 val_accuracy=0.9754 val_macro_f1=0.9639 val_macro_auc=0.9955 (checkpoint_metric=macro_auc)
train epoch 184/200 batch 13/66 (20%) running_loss=0.3583
train epoch 184/200 batch 26/66 (39%) running_loss=0.3581
train epoch 184/200 batch 39/66 (59%) running_loss=0.3543
train epoch 184/200 batch 52/66 (79%) running_loss=0.3577
train epoch 184/200 batch 65/66 (98%) running_loss=0.3580
train epoch 184/200 batch 66/66 (100%) running_loss=0.3576
epoch 184/200 done: train_loss=0.3576 val_loss=0.1502 val_accuracy=0.9754 val_macro_f1=0.9647 val_macro_auc=0.9958 (checkpoint_metric=macro_auc)
train epoch 185/200 batch 13/66 (20%) running_loss=0.3510
train epoch 185/200 batch 26/66 (39%) running_loss=0.3517
train epoch 185/200 batch 39/66 (59%) running_loss=0.3530
train epoch 185/200 batch 52/66 (79%) running_loss=0.3492
train epoch 185/200 batch 65/66 (98%) running_loss=0.3498
train epoch 185/200 batch 66/66 (100%) running_loss=0.3495
epoch 185/200 done: train_loss=0.3495 val_loss=0.1520 val_accuracy=0.9754 val_macro_f1=0.9635 val_macro_auc=0.9956 (checkpoint_metric=macro_auc)
train epoch 186/200 batch 13/66 (20%) running_loss=0.3393
train epoch 186/200 batch 26/66 (39%) running_loss=0.3462
train epoch 186/200 batch 39/66 (59%) running_loss=0.3449
train epoch 186/200 batch 52/66 (79%) running_loss=0.3444
train epoch 186/200 batch 65/66 (98%) running_loss=0.3508
train epoch 186/200 batch 66/66 (100%) running_loss=0.3507
epoch 186/200 done: train_loss=0.3507 val_loss=0.1510 val_accuracy=0.9754 val_macro_f1=0.9639 val_macro_auc=0.9952 (checkpoint_metric=macro_auc)
train epoch 187/200 batch 13/66 (20%) running_loss=0.3422
train epoch 187/200 batch 26/66 (39%) running_loss=0.3464
train epoch 187/200 batch 39/66 (59%) running_loss=0.3465
train epoch 187/200 batch 52/66 (79%) running_loss=0.3449
train epoch 187/200 batch 65/66 (98%) running_loss=0.3467
train epoch 187/200 batch 66/66 (100%) running_loss=0.3469
epoch 187/200 done: train_loss=0.3469 val_loss=0.1523 val_accuracy=0.9754 val_macro_f1=0.9635 val_macro_auc=0.9955 (checkpoint_metric=macro_auc)
train epoch 188/200 batch 13/66 (20%) running_loss=0.3639
train epoch 188/200 batch 26/66 (39%) running_loss=0.3624
train epoch 188/200 batch 39/66 (59%) running_loss=0.3587
train epoch 188/200 batch 52/66 (79%) running_loss=0.3566
train epoch 188/200 batch 65/66 (98%) running_loss=0.3556
train epoch 188/200 batch 66/66 (100%) running_loss=0.3559
epoch 188/200 done: train_loss=0.3559 val_loss=0.1535 val_accuracy=0.9713 val_macro_f1=0.9598 val_macro_auc=0.9955 (checkpoint_metric=macro_auc)
train epoch 189/200 batch 13/66 (20%) running_loss=0.3567
train epoch 189/200 batch 26/66 (39%) running_loss=0.3544
train epoch 189/200 batch 39/66 (59%) running_loss=0.3613
train epoch 189/200 batch 52/66 (79%) running_loss=0.3575
train epoch 189/200 batch 65/66 (98%) running_loss=0.3576
train epoch 189/200 batch 66/66 (100%) running_loss=0.3575
epoch 189/200 done: train_loss=0.3575 val_loss=0.1516 val_accuracy=0.9713 val_macro_f1=0.9598 val_macro_auc=0.9956 (checkpoint_metric=macro_auc)
train epoch 190/200 batch 13/66 (20%) running_loss=0.3601
train epoch 190/200 batch 26/66 (39%) running_loss=0.3520
train epoch 190/200 batch 39/66 (59%) running_loss=0.3521
train epoch 190/200 batch 52/66 (79%) running_loss=0.3485
train epoch 190/200 batch 65/66 (98%) running_loss=0.3483
train epoch 190/200 batch 66/66 (100%) running_loss=0.3483
epoch 190/200 done: train_loss=0.3483 val_loss=0.1466 val_accuracy=0.9775 val_macro_f1=0.9666 val_macro_auc=0.9960 (checkpoint_metric=macro_auc)
train epoch 191/200 batch 13/66 (20%) running_loss=0.3336
train epoch 191/200 batch 26/66 (39%) running_loss=0.3431
train epoch 191/200 batch 39/66 (59%) running_loss=0.3410
train epoch 191/200 batch 52/66 (79%) running_loss=0.3437
train epoch 191/200 batch 65/66 (98%) running_loss=0.3437
train epoch 191/200 batch 66/66 (100%) running_loss=0.3438
epoch 191/200 done: train_loss=0.3438 val_loss=0.1442 val_accuracy=0.9775 val_macro_f1=0.9666 val_macro_auc=0.9961 (checkpoint_metric=macro_auc)
train epoch 192/200 batch 13/66 (20%) running_loss=0.3486
train epoch 192/200 batch 26/66 (39%) running_loss=0.3500
train epoch 192/200 batch 39/66 (59%) running_loss=0.3488
train epoch 192/200 batch 52/66 (79%) running_loss=0.3531
train epoch 192/200 batch 65/66 (98%) running_loss=0.3494
train epoch 192/200 batch 66/66 (100%) running_loss=0.3493
epoch 192/200 done: train_loss=0.3493 val_loss=0.1465 val_accuracy=0.9795 val_macro_f1=0.9695 val_macro_auc=0.9960 (checkpoint_metric=macro_auc)
train epoch 193/200 batch 13/66 (20%) running_loss=0.3317
train epoch 193/200 batch 26/66 (39%) running_loss=0.3390
train epoch 193/200 batch 39/66 (59%) running_loss=0.3407
train epoch 193/200 batch 52/66 (79%) running_loss=0.3464
train epoch 193/200 batch 65/66 (98%) running_loss=0.3467
train epoch 193/200 batch 66/66 (100%) running_loss=0.3464
epoch 193/200 done: train_loss=0.3464 val_loss=0.1474 val_accuracy=0.9754 val_macro_f1=0.9635 val_macro_auc=0.9958 (checkpoint_metric=macro_auc)
train epoch 194/200 batch 13/66 (20%) running_loss=0.3438
train epoch 194/200 batch 26/66 (39%) running_loss=0.3432
train epoch 194/200 batch 39/66 (59%) running_loss=0.3478
train epoch 194/200 batch 52/66 (79%) running_loss=0.3474
train epoch 194/200 batch 65/66 (98%) running_loss=0.3493
train epoch 194/200 batch 66/66 (100%) running_loss=0.3493
epoch 194/200 done: train_loss=0.3493 val_loss=0.1492 val_accuracy=0.9754 val_macro_f1=0.9635 val_macro_auc=0.9959 (checkpoint_metric=macro_auc)
train epoch 195/200 batch 13/66 (20%) running_loss=0.3710
train epoch 195/200 batch 26/66 (39%) running_loss=0.3597
train epoch 195/200 batch 39/66 (59%) running_loss=0.3506
train epoch 195/200 batch 52/66 (79%) running_loss=0.3487
train epoch 195/200 batch 65/66 (98%) running_loss=0.3486
train epoch 195/200 batch 66/66 (100%) running_loss=0.3490
epoch 195/200 done: train_loss=0.3490 val_loss=0.1522 val_accuracy=0.9754 val_macro_f1=0.9635 val_macro_auc=0.9956 (checkpoint_metric=macro_auc)
train epoch 196/200 batch 13/66 (20%) running_loss=0.3513
train epoch 196/200 batch 26/66 (39%) running_loss=0.3477
train epoch 196/200 batch 39/66 (59%) running_loss=0.3451
train epoch 196/200 batch 52/66 (79%) running_loss=0.3423
train epoch 196/200 batch 65/66 (98%) running_loss=0.3453
train epoch 196/200 batch 66/66 (100%) running_loss=0.3454
epoch 196/200 done: train_loss=0.3454 val_loss=0.1479 val_accuracy=0.9754 val_macro_f1=0.9635 val_macro_auc=0.9959 (checkpoint_metric=macro_auc)
train epoch 197/200 batch 13/66 (20%) running_loss=0.3437
train epoch 197/200 batch 26/66 (39%) running_loss=0.3459
train epoch 197/200 batch 39/66 (59%) running_loss=0.3430
train epoch 197/200 batch 52/66 (79%) running_loss=0.3408
train epoch 197/200 batch 65/66 (98%) running_loss=0.3415
train epoch 197/200 batch 66/66 (100%) running_loss=0.3412
epoch 197/200 done: train_loss=0.3412 val_loss=0.1463 val_accuracy=0.9775 val_macro_f1=0.9666 val_macro_auc=0.9960 (checkpoint_metric=macro_auc)
train epoch 198/200 batch 13/66 (20%) running_loss=0.3510
train epoch 198/200 batch 26/66 (39%) running_loss=0.3592
train epoch 198/200 batch 39/66 (59%) running_loss=0.3522
train epoch 198/200 batch 52/66 (79%) running_loss=0.3555
train epoch 198/200 batch 65/66 (98%) running_loss=0.3548
train epoch 198/200 batch 66/66 (100%) running_loss=0.3551
epoch 198/200 done: train_loss=0.3551 val_loss=0.1491 val_accuracy=0.9734 val_macro_f1=0.9630 val_macro_auc=0.9958 (checkpoint_metric=macro_auc)
train epoch 199/200 batch 13/66 (20%) running_loss=0.3558
train epoch 199/200 batch 26/66 (39%) running_loss=0.3533
train epoch 199/200 batch 39/66 (59%) running_loss=0.3513
train epoch 199/200 batch 52/66 (79%) running_loss=0.3515
train epoch 199/200 batch 65/66 (98%) running_loss=0.3510
train epoch 199/200 batch 66/66 (100%) running_loss=0.3510
epoch 199/200 done: train_loss=0.3510 val_loss=0.1471 val_accuracy=0.9754 val_macro_f1=0.9635 val_macro_auc=0.9959 (checkpoint_metric=macro_auc)
train epoch 200/200 batch 13/66 (20%) running_loss=0.3372
train epoch 200/200 batch 26/66 (39%) running_loss=0.3436
train epoch 200/200 batch 39/66 (59%) running_loss=0.3430
train epoch 200/200 batch 52/66 (79%) running_loss=0.3468
train epoch 200/200 batch 65/66 (98%) running_loss=0.3470
train epoch 200/200 batch 66/66 (100%) running_loss=0.3467
epoch 200/200 done: train_loss=0.3467 val_loss=0.1462 val_accuracy=0.9775 val_macro_f1=0.9663 val_macro_auc=0.9960 (checkpoint_metric=macro_auc)
Training finished. Best epoch=167, smoothed macro_auc=0.9962 (window=3)
Test set evaluated once: accuracy=0.8924 macro_f1=0.8802 macro_auc=0.9689
Best epoch: 167
Test accuracy: 0.8924
Test macro F1: 0.8802
Test macro AUC: 0.9689
