Starting baseline training: model=deit_small device=cuda amp=True image_size=96 epochs=100 lr=0.001 optimizer=sgd
Dataset ready: 3 classes, 2102 train / 488 val samples (split reused from outputs/baseline_deit_small_96_constant_ep100_s2/split_indices.json)
Augmentation policy: constant strength (rank-averaged), from outputs/main1/augmentation_run/selected_policy.json; strengths {'rotation': 0.0675, 'affine_translation': 0.2256, 'random_resized_crop': 0.516, 'brightness': 0.4195, 'contrast': 0.123, 'horizontal_flip': 0.5366, 'random_erasing': 0.1828}
Warning: You are sending unauthenticated requests to the HF Hub. Please set a HF_TOKEN to enable higher rate limits and faster downloads.
Classes: {'glioma_tumor': 0, 'meningioma_tumor': 1, 'pituitary_tumor': 2}
Regularization: weight_decay=7.0e-04 label_smoothing=0.10 grad_clip_norm=5.0
train epoch 1/100 batch 13/66 (20%) running_loss=1.0701
train epoch 1/100 batch 26/66 (39%) running_loss=0.9873
train epoch 1/100 batch 39/66 (59%) running_loss=0.9075
train epoch 1/100 batch 52/66 (79%) running_loss=0.8567
train epoch 1/100 batch 65/66 (98%) running_loss=0.8212
train epoch 1/100 batch 66/66 (100%) running_loss=0.8187
epoch 1/100 done: train_loss=0.8187 val_loss=0.4248 val_accuracy=0.8627 val_macro_f1=0.7909 val_macro_auc=0.9551 (checkpoint_metric=macro_auc) [new best]
train epoch 2/100 batch 13/66 (20%) running_loss=0.6017
train epoch 2/100 batch 26/66 (39%) running_loss=0.5995
train epoch 2/100 batch 39/66 (59%) running_loss=0.5944
train epoch 2/100 batch 52/66 (79%) running_loss=0.5791
train epoch 2/100 batch 65/66 (98%) running_loss=0.5669
train epoch 2/100 batch 66/66 (100%) running_loss=0.5661
epoch 2/100 done: train_loss=0.5661 val_loss=0.3015 val_accuracy=0.9180 val_macro_f1=0.8789 val_macro_auc=0.9749 (checkpoint_metric=macro_auc) [new best]
train epoch 3/100 batch 13/66 (20%) running_loss=0.4835
train epoch 3/100 batch 26/66 (39%) running_loss=0.4997
train epoch 3/100 batch 39/66 (59%) running_loss=0.4954
train epoch 3/100 batch 52/66 (79%) running_loss=0.4899
train epoch 3/100 batch 65/66 (98%) running_loss=0.4786
train epoch 3/100 batch 66/66 (100%) running_loss=0.4779
epoch 3/100 done: train_loss=0.4779 val_loss=0.2845 val_accuracy=0.9098 val_macro_f1=0.8771 val_macro_auc=0.9771 (checkpoint_metric=macro_auc) [new best]
train epoch 4/100 batch 13/66 (20%) running_loss=0.4395
train epoch 4/100 batch 26/66 (39%) running_loss=0.4393
train epoch 4/100 batch 39/66 (59%) running_loss=0.4293
train epoch 4/100 batch 52/66 (79%) running_loss=0.4263
train epoch 4/100 batch 65/66 (98%) running_loss=0.4272
train epoch 4/100 batch 66/66 (100%) running_loss=0.4284
epoch 4/100 done: train_loss=0.4284 val_loss=0.3095 val_accuracy=0.8791 val_macro_f1=0.8281 val_macro_auc=0.9782 (checkpoint_metric=macro_auc) [new best]
train epoch 5/100 batch 13/66 (20%) running_loss=0.4296
train epoch 5/100 batch 26/66 (39%) running_loss=0.4292
train epoch 5/100 batch 39/66 (59%) running_loss=0.4265
train epoch 5/100 batch 52/66 (79%) running_loss=0.4157
train epoch 5/100 batch 65/66 (98%) running_loss=0.4161
train epoch 5/100 batch 66/66 (100%) running_loss=0.4152
epoch 5/100 done: train_loss=0.4152 val_loss=0.2951 val_accuracy=0.9098 val_macro_f1=0.8854 val_macro_auc=0.9799 (checkpoint_metric=macro_auc) [new best]
train epoch 6/100 batch 13/66 (20%) running_loss=0.3913
train epoch 6/100 batch 26/66 (39%) running_loss=0.3900
train epoch 6/100 batch 39/66 (59%) running_loss=0.3781
train epoch 6/100 batch 52/66 (79%) running_loss=0.3746
train epoch 6/100 batch 65/66 (98%) running_loss=0.3773
train epoch 6/100 batch 66/66 (100%) running_loss=0.3776
epoch 6/100 done: train_loss=0.3776 val_loss=0.2290 val_accuracy=0.9283 val_macro_f1=0.9004 val_macro_auc=0.9844 (checkpoint_metric=macro_auc) [new best]
train epoch 7/100 batch 13/66 (20%) running_loss=0.3655
train epoch 7/100 batch 26/66 (39%) running_loss=0.3710
train epoch 7/100 batch 39/66 (59%) running_loss=0.3798
train epoch 7/100 batch 52/66 (79%) running_loss=0.3801
train epoch 7/100 batch 65/66 (98%) running_loss=0.3783
train epoch 7/100 batch 66/66 (100%) running_loss=0.3794
epoch 7/100 done: train_loss=0.3794 val_loss=0.2397 val_accuracy=0.9283 val_macro_f1=0.9008 val_macro_auc=0.9849 (checkpoint_metric=macro_auc) [new best]
train epoch 8/100 batch 13/66 (20%) running_loss=0.3683
train epoch 8/100 batch 26/66 (39%) running_loss=0.3677
train epoch 8/100 batch 39/66 (59%) running_loss=0.3622
train epoch 8/100 batch 52/66 (79%) running_loss=0.3601
train epoch 8/100 batch 65/66 (98%) running_loss=0.3588
train epoch 8/100 batch 66/66 (100%) running_loss=0.3594
epoch 8/100 done: train_loss=0.3594 val_loss=0.2203 val_accuracy=0.9406 val_macro_f1=0.9222 val_macro_auc=0.9861 (checkpoint_metric=macro_auc) [new best]
train epoch 9/100 batch 13/66 (20%) running_loss=0.3469
train epoch 9/100 batch 26/66 (39%) running_loss=0.3518
train epoch 9/100 batch 39/66 (59%) running_loss=0.3545
train epoch 9/100 batch 52/66 (79%) running_loss=0.3539
train epoch 9/100 batch 65/66 (98%) running_loss=0.3531
train epoch 9/100 batch 66/66 (100%) running_loss=0.3530
epoch 9/100 done: train_loss=0.3530 val_loss=0.2753 val_accuracy=0.9078 val_macro_f1=0.8871 val_macro_auc=0.9821 (checkpoint_metric=macro_auc)
train epoch 10/100 batch 13/66 (20%) running_loss=0.3411
train epoch 10/100 batch 26/66 (39%) running_loss=0.3376
train epoch 10/100 batch 39/66 (59%) running_loss=0.3401
train epoch 10/100 batch 52/66 (79%) running_loss=0.3435
train epoch 10/100 batch 65/66 (98%) running_loss=0.3456
train epoch 10/100 batch 66/66 (100%) running_loss=0.3463
epoch 10/100 done: train_loss=0.3463 val_loss=0.2491 val_accuracy=0.9160 val_macro_f1=0.8900 val_macro_auc=0.9777 (checkpoint_metric=macro_auc)
train epoch 11/100 batch 13/66 (20%) running_loss=0.3494
train epoch 11/100 batch 26/66 (39%) running_loss=0.3366
train epoch 11/100 batch 39/66 (59%) running_loss=0.3418
train epoch 11/100 batch 52/66 (79%) running_loss=0.3417
train epoch 11/100 batch 65/66 (98%) running_loss=0.3400
train epoch 11/100 batch 66/66 (100%) running_loss=0.3399
epoch 11/100 done: train_loss=0.3399 val_loss=0.2540 val_accuracy=0.9242 val_macro_f1=0.9008 val_macro_auc=0.9845 (checkpoint_metric=macro_auc)
train epoch 12/100 batch 13/66 (20%) running_loss=0.3344
train epoch 12/100 batch 26/66 (39%) running_loss=0.3321
train epoch 12/100 batch 39/66 (59%) running_loss=0.3375
train epoch 12/100 batch 52/66 (79%) running_loss=0.3398
train epoch 12/100 batch 65/66 (98%) running_loss=0.3403
train epoch 12/100 batch 66/66 (100%) running_loss=0.3403
epoch 12/100 done: train_loss=0.3403 val_loss=0.2565 val_accuracy=0.9324 val_macro_f1=0.9092 val_macro_auc=0.9763 (checkpoint_metric=macro_auc)
train epoch 13/100 batch 13/66 (20%) running_loss=0.3286
train epoch 13/100 batch 26/66 (39%) running_loss=0.3267
train epoch 13/100 batch 39/66 (59%) running_loss=0.3272
train epoch 13/100 batch 52/66 (79%) running_loss=0.3304
train epoch 13/100 batch 65/66 (98%) running_loss=0.3319
train epoch 13/100 batch 66/66 (100%) running_loss=0.3319
epoch 13/100 done: train_loss=0.3319 val_loss=0.2627 val_accuracy=0.9283 val_macro_f1=0.9078 val_macro_auc=0.9822 (checkpoint_metric=macro_auc)
train epoch 14/100 batch 13/66 (20%) running_loss=0.3442
train epoch 14/100 batch 26/66 (39%) running_loss=0.3330
train epoch 14/100 batch 39/66 (59%) running_loss=0.3329
train epoch 14/100 batch 52/66 (79%) running_loss=0.3338
train epoch 14/100 batch 65/66 (98%) running_loss=0.3291
train epoch 14/100 batch 66/66 (100%) running_loss=0.3294
epoch 14/100 done: train_loss=0.3294 val_loss=0.3097 val_accuracy=0.9057 val_macro_f1=0.8810 val_macro_auc=0.9783 (checkpoint_metric=macro_auc)
train epoch 15/100 batch 13/66 (20%) running_loss=0.3255
train epoch 15/100 batch 26/66 (39%) running_loss=0.3317
train epoch 15/100 batch 39/66 (59%) running_loss=0.3302
train epoch 15/100 batch 52/66 (79%) running_loss=0.3300
train epoch 15/100 batch 65/66 (98%) running_loss=0.3282
train epoch 15/100 batch 66/66 (100%) running_loss=0.3279
epoch 15/100 done: train_loss=0.3279 val_loss=0.2274 val_accuracy=0.9406 val_macro_f1=0.9226 val_macro_auc=0.9862 (checkpoint_metric=macro_auc)
train epoch 16/100 batch 13/66 (20%) running_loss=0.3255
train epoch 16/100 batch 26/66 (39%) running_loss=0.3327
train epoch 16/100 batch 39/66 (59%) running_loss=0.3294
train epoch 16/100 batch 52/66 (79%) running_loss=0.3280
train epoch 16/100 batch 65/66 (98%) running_loss=0.3253
train epoch 16/100 batch 66/66 (100%) running_loss=0.3251
epoch 16/100 done: train_loss=0.3251 val_loss=0.2965 val_accuracy=0.9037 val_macro_f1=0.8739 val_macro_auc=0.9781 (checkpoint_metric=macro_auc)
train epoch 17/100 batch 13/66 (20%) running_loss=0.3106
train epoch 17/100 batch 26/66 (39%) running_loss=0.3189
train epoch 17/100 batch 39/66 (59%) running_loss=0.3210
train epoch 17/100 batch 52/66 (79%) running_loss=0.3201
train epoch 17/100 batch 65/66 (98%) running_loss=0.3189
train epoch 17/100 batch 66/66 (100%) running_loss=0.3186
epoch 17/100 done: train_loss=0.3186 val_loss=0.2945 val_accuracy=0.9057 val_macro_f1=0.8813 val_macro_auc=0.9762 (checkpoint_metric=macro_auc)
train epoch 18/100 batch 13/66 (20%) running_loss=0.3102
train epoch 18/100 batch 26/66 (39%) running_loss=0.3194
train epoch 18/100 batch 39/66 (59%) running_loss=0.3263
train epoch 18/100 batch 52/66 (79%) running_loss=0.3263
train epoch 18/100 batch 65/66 (98%) running_loss=0.3243
train epoch 18/100 batch 66/66 (100%) running_loss=0.3240
epoch 18/100 done: train_loss=0.3240 val_loss=0.2895 val_accuracy=0.9078 val_macro_f1=0.8873 val_macro_auc=0.9759 (checkpoint_metric=macro_auc)
train epoch 19/100 batch 13/66 (20%) running_loss=0.3145
train epoch 19/100 batch 26/66 (39%) running_loss=0.3128
train epoch 19/100 batch 39/66 (59%) running_loss=0.3142
train epoch 19/100 batch 52/66 (79%) running_loss=0.3150
train epoch 19/100 batch 65/66 (98%) running_loss=0.3146
train epoch 19/100 batch 66/66 (100%) running_loss=0.3150
epoch 19/100 done: train_loss=0.3150 val_loss=0.2512 val_accuracy=0.9283 val_macro_f1=0.9025 val_macro_auc=0.9765 (checkpoint_metric=macro_auc)
train epoch 20/100 batch 13/66 (20%) running_loss=0.3121
train epoch 20/100 batch 26/66 (39%) running_loss=0.3163
train epoch 20/100 batch 39/66 (59%) running_loss=0.3174
train epoch 20/100 batch 52/66 (79%) running_loss=0.3168
train epoch 20/100 batch 65/66 (98%) running_loss=0.3150
train epoch 20/100 batch 66/66 (100%) running_loss=0.3154
epoch 20/100 done: train_loss=0.3154 val_loss=0.2434 val_accuracy=0.9303 val_macro_f1=0.9070 val_macro_auc=0.9853 (checkpoint_metric=macro_auc)
train epoch 21/100 batch 13/66 (20%) running_loss=0.3074
train epoch 21/100 batch 26/66 (39%) running_loss=0.3108
train epoch 21/100 batch 39/66 (59%) running_loss=0.3102
train epoch 21/100 batch 52/66 (79%) running_loss=0.3103
train epoch 21/100 batch 65/66 (98%) running_loss=0.3123
train epoch 21/100 batch 66/66 (100%) running_loss=0.3121
epoch 21/100 done: train_loss=0.3121 val_loss=0.2437 val_accuracy=0.9303 val_macro_f1=0.9016 val_macro_auc=0.9773 (checkpoint_metric=macro_auc)
train epoch 22/100 batch 13/66 (20%) running_loss=0.3295
train epoch 22/100 batch 26/66 (39%) running_loss=0.3236
train epoch 22/100 batch 39/66 (59%) running_loss=0.3237
train epoch 22/100 batch 52/66 (79%) running_loss=0.3182
train epoch 22/100 batch 65/66 (98%) running_loss=0.3145
train epoch 22/100 batch 66/66 (100%) running_loss=0.3144
epoch 22/100 done: train_loss=0.3144 val_loss=0.2800 val_accuracy=0.9180 val_macro_f1=0.8966 val_macro_auc=0.9767 (checkpoint_metric=macro_auc)
train epoch 23/100 batch 13/66 (20%) running_loss=0.3108
train epoch 23/100 batch 26/66 (39%) running_loss=0.3106
train epoch 23/100 batch 39/66 (59%) running_loss=0.3134
train epoch 23/100 batch 52/66 (79%) running_loss=0.3120
train epoch 23/100 batch 65/66 (98%) running_loss=0.3146
train epoch 23/100 batch 66/66 (100%) running_loss=0.3145
epoch 23/100 done: train_loss=0.3145 val_loss=0.3930 val_accuracy=0.8811 val_macro_f1=0.8566 val_macro_auc=0.9796 (checkpoint_metric=macro_auc)
train epoch 24/100 batch 13/66 (20%) running_loss=0.3105
train epoch 24/100 batch 26/66 (39%) running_loss=0.3120
train epoch 24/100 batch 39/66 (59%) running_loss=0.3126
train epoch 24/100 batch 52/66 (79%) running_loss=0.3127
train epoch 24/100 batch 65/66 (98%) running_loss=0.3119
train epoch 24/100 batch 66/66 (100%) running_loss=0.3127
epoch 24/100 done: train_loss=0.3127 val_loss=0.2310 val_accuracy=0.9447 val_macro_f1=0.9273 val_macro_auc=0.9778 (checkpoint_metric=macro_auc)
train epoch 25/100 batch 13/66 (20%) running_loss=0.3132
train epoch 25/100 batch 26/66 (39%) running_loss=0.3153
train epoch 25/100 batch 39/66 (59%) running_loss=0.3126
train epoch 25/100 batch 52/66 (79%) running_loss=0.3123
train epoch 25/100 batch 65/66 (98%) running_loss=0.3141
train epoch 25/100 batch 66/66 (100%) running_loss=0.3139
epoch 25/100 done: train_loss=0.3139 val_loss=0.2492 val_accuracy=0.9283 val_macro_f1=0.9077 val_macro_auc=0.9826 (checkpoint_metric=macro_auc)
train epoch 26/100 batch 13/66 (20%) running_loss=0.3024
train epoch 26/100 batch 26/66 (39%) running_loss=0.3011
train epoch 26/100 batch 39/66 (59%) running_loss=0.3034
train epoch 26/100 batch 52/66 (79%) running_loss=0.3039
train epoch 26/100 batch 65/66 (98%) running_loss=0.3049
train epoch 26/100 batch 66/66 (100%) running_loss=0.3048
epoch 26/100 done: train_loss=0.3048 val_loss=0.2735 val_accuracy=0.9160 val_macro_f1=0.8923 val_macro_auc=0.9835 (checkpoint_metric=macro_auc)
train epoch 27/100 batch 13/66 (20%) running_loss=0.2968
train epoch 27/100 batch 26/66 (39%) running_loss=0.3019
train epoch 27/100 batch 39/66 (59%) running_loss=0.3050
train epoch 27/100 batch 52/66 (79%) running_loss=0.3064
train epoch 27/100 batch 65/66 (98%) running_loss=0.3059
train epoch 27/100 batch 66/66 (100%) running_loss=0.3058
epoch 27/100 done: train_loss=0.3058 val_loss=0.2456 val_accuracy=0.9262 val_macro_f1=0.9046 val_macro_auc=0.9863 (checkpoint_metric=macro_auc)
train epoch 28/100 batch 13/66 (20%) running_loss=0.3099
train epoch 28/100 batch 26/66 (39%) running_loss=0.3065
train epoch 28/100 batch 39/66 (59%) running_loss=0.3070
train epoch 28/100 batch 52/66 (79%) running_loss=0.3067
train epoch 28/100 batch 65/66 (98%) running_loss=0.3069
train epoch 28/100 batch 66/66 (100%) running_loss=0.3067
epoch 28/100 done: train_loss=0.3067 val_loss=0.2119 val_accuracy=0.9426 val_macro_f1=0.9230 val_macro_auc=0.9869 (checkpoint_metric=macro_auc) [new best]
train epoch 29/100 batch 13/66 (20%) running_loss=0.3097
train epoch 29/100 batch 26/66 (39%) running_loss=0.3044
train epoch 29/100 batch 39/66 (59%) running_loss=0.3023
train epoch 29/100 batch 52/66 (79%) running_loss=0.3027
train epoch 29/100 batch 65/66 (98%) running_loss=0.3037
train epoch 29/100 batch 66/66 (100%) running_loss=0.3041
epoch 29/100 done: train_loss=0.3041 val_loss=0.2290 val_accuracy=0.9406 val_macro_f1=0.9224 val_macro_auc=0.9812 (checkpoint_metric=macro_auc)
train epoch 30/100 batch 13/66 (20%) running_loss=0.3137
train epoch 30/100 batch 26/66 (39%) running_loss=0.3093
train epoch 30/100 batch 39/66 (59%) running_loss=0.3069
train epoch 30/100 batch 52/66 (79%) running_loss=0.3051
train epoch 30/100 batch 65/66 (98%) running_loss=0.3066
train epoch 30/100 batch 66/66 (100%) running_loss=0.3065
epoch 30/100 done: train_loss=0.3065 val_loss=0.2836 val_accuracy=0.9242 val_macro_f1=0.9012 val_macro_auc=0.9796 (checkpoint_metric=macro_auc)
train epoch 31/100 batch 13/66 (20%) running_loss=0.3054
train epoch 31/100 batch 26/66 (39%) running_loss=0.3078
train epoch 31/100 batch 39/66 (59%) running_loss=0.3065
train epoch 31/100 batch 52/66 (79%) running_loss=0.3066
train epoch 31/100 batch 65/66 (98%) running_loss=0.3063
train epoch 31/100 batch 66/66 (100%) running_loss=0.3061
epoch 31/100 done: train_loss=0.3061 val_loss=0.2258 val_accuracy=0.9365 val_macro_f1=0.9166 val_macro_auc=0.9840 (checkpoint_metric=macro_auc)
train epoch 32/100 batch 13/66 (20%) running_loss=0.3008
train epoch 32/100 batch 26/66 (39%) running_loss=0.3040
train epoch 32/100 batch 39/66 (59%) running_loss=0.3023
train epoch 32/100 batch 52/66 (79%) running_loss=0.3024
train epoch 32/100 batch 65/66 (98%) running_loss=0.3012
train epoch 32/100 batch 66/66 (100%) running_loss=0.3012
epoch 32/100 done: train_loss=0.3012 val_loss=0.2502 val_accuracy=0.9324 val_macro_f1=0.9079 val_macro_auc=0.9807 (checkpoint_metric=macro_auc)
train epoch 33/100 batch 13/66 (20%) running_loss=0.2994
train epoch 33/100 batch 26/66 (39%) running_loss=0.3010
train epoch 33/100 batch 39/66 (59%) running_loss=0.2991
train epoch 33/100 batch 52/66 (79%) running_loss=0.3027
train epoch 33/100 batch 65/66 (98%) running_loss=0.3013
train epoch 33/100 batch 66/66 (100%) running_loss=0.3015
epoch 33/100 done: train_loss=0.3015 val_loss=0.2398 val_accuracy=0.9303 val_macro_f1=0.9093 val_macro_auc=0.9856 (checkpoint_metric=macro_auc)
train epoch 34/100 batch 13/66 (20%) running_loss=0.2959
train epoch 34/100 batch 26/66 (39%) running_loss=0.2971
train epoch 34/100 batch 39/66 (59%) running_loss=0.2967
train epoch 34/100 batch 52/66 (79%) running_loss=0.2991
train epoch 34/100 batch 65/66 (98%) running_loss=0.3001
train epoch 34/100 batch 66/66 (100%) running_loss=0.3001
epoch 34/100 done: train_loss=0.3001 val_loss=0.2291 val_accuracy=0.9365 val_macro_f1=0.9147 val_macro_auc=0.9812 (checkpoint_metric=macro_auc)
train epoch 35/100 batch 13/66 (20%) running_loss=0.2968
train epoch 35/100 batch 26/66 (39%) running_loss=0.2984
train epoch 35/100 batch 39/66 (59%) running_loss=0.2992
train epoch 35/100 batch 52/66 (79%) running_loss=0.2995
train epoch 35/100 batch 65/66 (98%) running_loss=0.2990
train epoch 35/100 batch 66/66 (100%) running_loss=0.2989
epoch 35/100 done: train_loss=0.2989 val_loss=0.2224 val_accuracy=0.9426 val_macro_f1=0.9247 val_macro_auc=0.9855 (checkpoint_metric=macro_auc)
train epoch 36/100 batch 13/66 (20%) running_loss=0.3025
train epoch 36/100 batch 26/66 (39%) running_loss=0.3016
train epoch 36/100 batch 39/66 (59%) running_loss=0.3016
train epoch 36/100 batch 52/66 (79%) running_loss=0.3007
train epoch 36/100 batch 65/66 (98%) running_loss=0.3005
train epoch 36/100 batch 66/66 (100%) running_loss=0.3005
epoch 36/100 done: train_loss=0.3005 val_loss=0.3328 val_accuracy=0.9016 val_macro_f1=0.8754 val_macro_auc=0.9783 (checkpoint_metric=macro_auc)
train epoch 37/100 batch 13/66 (20%) running_loss=0.2993
train epoch 37/100 batch 26/66 (39%) running_loss=0.3004
train epoch 37/100 batch 39/66 (59%) running_loss=0.2988
train epoch 37/100 batch 52/66 (79%) running_loss=0.2999
train epoch 37/100 batch 65/66 (98%) running_loss=0.3008
train epoch 37/100 batch 66/66 (100%) running_loss=0.3007
epoch 37/100 done: train_loss=0.3007 val_loss=0.2327 val_accuracy=0.9303 val_macro_f1=0.9133 val_macro_auc=0.9862 (checkpoint_metric=macro_auc)
train epoch 38/100 batch 13/66 (20%) running_loss=0.2941
train epoch 38/100 batch 26/66 (39%) running_loss=0.2994
train epoch 38/100 batch 39/66 (59%) running_loss=0.3009
train epoch 38/100 batch 52/66 (79%) running_loss=0.2994
train epoch 38/100 batch 65/66 (98%) running_loss=0.2993
train epoch 38/100 batch 66/66 (100%) running_loss=0.2993
epoch 38/100 done: train_loss=0.2993 val_loss=0.2666 val_accuracy=0.9201 val_macro_f1=0.8989 val_macro_auc=0.9837 (checkpoint_metric=macro_auc)
train epoch 39/100 batch 13/66 (20%) running_loss=0.2976
train epoch 39/100 batch 26/66 (39%) running_loss=0.3002
train epoch 39/100 batch 39/66 (59%) running_loss=0.3026
train epoch 39/100 batch 52/66 (79%) running_loss=0.3006
train epoch 39/100 batch 65/66 (98%) running_loss=0.2999
train epoch 39/100 batch 66/66 (100%) running_loss=0.2998
epoch 39/100 done: train_loss=0.2998 val_loss=0.2554 val_accuracy=0.9283 val_macro_f1=0.9079 val_macro_auc=0.9801 (checkpoint_metric=macro_auc)
train epoch 40/100 batch 13/66 (20%) running_loss=0.2967
train epoch 40/100 batch 26/66 (39%) running_loss=0.2986
train epoch 40/100 batch 39/66 (59%) running_loss=0.3008
train epoch 40/100 batch 52/66 (79%) running_loss=0.3030
train epoch 40/100 batch 65/66 (98%) running_loss=0.3027
train epoch 40/100 batch 66/66 (100%) running_loss=0.3026
epoch 40/100 done: train_loss=0.3026 val_loss=0.2594 val_accuracy=0.9262 val_macro_f1=0.9065 val_macro_auc=0.9839 (checkpoint_metric=macro_auc)
train epoch 41/100 batch 13/66 (20%) running_loss=0.2988
train epoch 41/100 batch 26/66 (39%) running_loss=0.2980
train epoch 41/100 batch 39/66 (59%) running_loss=0.2990
train epoch 41/100 batch 52/66 (79%) running_loss=0.2999
train epoch 41/100 batch 65/66 (98%) running_loss=0.3007
train epoch 41/100 batch 66/66 (100%) running_loss=0.3006
epoch 41/100 done: train_loss=0.3006 val_loss=0.1977 val_accuracy=0.9529 val_macro_f1=0.9394 val_macro_auc=0.9866 (checkpoint_metric=macro_auc)
train epoch 42/100 batch 13/66 (20%) running_loss=0.3044
train epoch 42/100 batch 26/66 (39%) running_loss=0.2988
train epoch 42/100 batch 39/66 (59%) running_loss=0.2995
train epoch 42/100 batch 52/66 (79%) running_loss=0.2986
train epoch 42/100 batch 65/66 (98%) running_loss=0.2987
train epoch 42/100 batch 66/66 (100%) running_loss=0.2987
epoch 42/100 done: train_loss=0.2987 val_loss=0.2321 val_accuracy=0.9385 val_macro_f1=0.9224 val_macro_auc=0.9848 (checkpoint_metric=macro_auc)
train epoch 43/100 batch 13/66 (20%) running_loss=0.2932
train epoch 43/100 batch 26/66 (39%) running_loss=0.2963
train epoch 43/100 batch 39/66 (59%) running_loss=0.2995
train epoch 43/100 batch 52/66 (79%) running_loss=0.2982
train epoch 43/100 batch 65/66 (98%) running_loss=0.2989
train epoch 43/100 batch 66/66 (100%) running_loss=0.2988
epoch 43/100 done: train_loss=0.2988 val_loss=0.2465 val_accuracy=0.9303 val_macro_f1=0.9109 val_macro_auc=0.9838 (checkpoint_metric=macro_auc)
train epoch 44/100 batch 13/66 (20%) running_loss=0.2982
train epoch 44/100 batch 26/66 (39%) running_loss=0.2967
train epoch 44/100 batch 39/66 (59%) running_loss=0.2957
train epoch 44/100 batch 52/66 (79%) running_loss=0.2964
train epoch 44/100 batch 65/66 (98%) running_loss=0.2974
train epoch 44/100 batch 66/66 (100%) running_loss=0.2973
epoch 44/100 done: train_loss=0.2973 val_loss=0.2225 val_accuracy=0.9467 val_macro_f1=0.9306 val_macro_auc=0.9787 (checkpoint_metric=macro_auc)
train epoch 45/100 batch 13/66 (20%) running_loss=0.2994
train epoch 45/100 batch 26/66 (39%) running_loss=0.2987
train epoch 45/100 batch 39/66 (59%) running_loss=0.2968
train epoch 45/100 batch 52/66 (79%) running_loss=0.2984
train epoch 45/100 batch 65/66 (98%) running_loss=0.2985
train epoch 45/100 batch 66/66 (100%) running_loss=0.2984
epoch 45/100 done: train_loss=0.2984 val_loss=0.2378 val_accuracy=0.9365 val_macro_f1=0.9188 val_macro_auc=0.9787 (checkpoint_metric=macro_auc)
train epoch 46/100 batch 13/66 (20%) running_loss=0.2959
train epoch 46/100 batch 26/66 (39%) running_loss=0.2967
train epoch 46/100 batch 39/66 (59%) running_loss=0.2958
train epoch 46/100 batch 52/66 (79%) running_loss=0.2960
train epoch 46/100 batch 65/66 (98%) running_loss=0.2955
train epoch 46/100 batch 66/66 (100%) running_loss=0.2956
epoch 46/100 done: train_loss=0.2956 val_loss=0.2154 val_accuracy=0.9385 val_macro_f1=0.9249 val_macro_auc=0.9853 (checkpoint_metric=macro_auc)
train epoch 47/100 batch 13/66 (20%) running_loss=0.2986
train epoch 47/100 batch 26/66 (39%) running_loss=0.2964
train epoch 47/100 batch 39/66 (59%) running_loss=0.2952
train epoch 47/100 batch 52/66 (79%) running_loss=0.2954
train epoch 47/100 batch 65/66 (98%) running_loss=0.2948
train epoch 47/100 batch 66/66 (100%) running_loss=0.2948
epoch 47/100 done: train_loss=0.2948 val_loss=0.2403 val_accuracy=0.9365 val_macro_f1=0.9183 val_macro_auc=0.9826 (checkpoint_metric=macro_auc)
train epoch 48/100 batch 13/66 (20%) running_loss=0.2961
train epoch 48/100 batch 26/66 (39%) running_loss=0.2994
train epoch 48/100 batch 39/66 (59%) running_loss=0.2994
train epoch 48/100 batch 52/66 (79%) running_loss=0.2981
train epoch 48/100 batch 65/66 (98%) running_loss=0.2988
train epoch 48/100 batch 66/66 (100%) running_loss=0.2987
epoch 48/100 done: train_loss=0.2987 val_loss=0.2201 val_accuracy=0.9426 val_macro_f1=0.9275 val_macro_auc=0.9880 (checkpoint_metric=macro_auc)
train epoch 49/100 batch 13/66 (20%) running_loss=0.2968
train epoch 49/100 batch 26/66 (39%) running_loss=0.2979
train epoch 49/100 batch 39/66 (59%) running_loss=0.2987
train epoch 49/100 batch 52/66 (79%) running_loss=0.2985
train epoch 49/100 batch 65/66 (98%) running_loss=0.2975
train epoch 49/100 batch 66/66 (100%) running_loss=0.2977
epoch 49/100 done: train_loss=0.2977 val_loss=0.2170 val_accuracy=0.9488 val_macro_f1=0.9334 val_macro_auc=0.9885 (checkpoint_metric=macro_auc) [new best]
train epoch 50/100 batch 13/66 (20%) running_loss=0.2928
train epoch 50/100 batch 26/66 (39%) running_loss=0.2931
train epoch 50/100 batch 39/66 (59%) running_loss=0.2931
train epoch 50/100 batch 52/66 (79%) running_loss=0.2931
train epoch 50/100 batch 65/66 (98%) running_loss=0.2937
train epoch 50/100 batch 66/66 (100%) running_loss=0.2937
epoch 50/100 done: train_loss=0.2937 val_loss=0.2513 val_accuracy=0.9262 val_macro_f1=0.9062 val_macro_auc=0.9849 (checkpoint_metric=macro_auc) [new best]
train epoch 51/100 batch 13/66 (20%) running_loss=0.3015
train epoch 51/100 batch 26/66 (39%) running_loss=0.3015
train epoch 51/100 batch 39/66 (59%) running_loss=0.2989
train epoch 51/100 batch 52/66 (79%) running_loss=0.2986
train epoch 51/100 batch 65/66 (98%) running_loss=0.2975
train epoch 51/100 batch 66/66 (100%) running_loss=0.2975
epoch 51/100 done: train_loss=0.2975 val_loss=0.2382 val_accuracy=0.9365 val_macro_f1=0.9199 val_macro_auc=0.9835 (checkpoint_metric=macro_auc)
train epoch 52/100 batch 13/66 (20%) running_loss=0.2967
train epoch 52/100 batch 26/66 (39%) running_loss=0.2948
train epoch 52/100 batch 39/66 (59%) running_loss=0.2945
train epoch 52/100 batch 52/66 (79%) running_loss=0.2955
train epoch 52/100 batch 65/66 (98%) running_loss=0.2949
train epoch 52/100 batch 66/66 (100%) running_loss=0.2949
epoch 52/100 done: train_loss=0.2949 val_loss=0.2158 val_accuracy=0.9447 val_macro_f1=0.9273 val_macro_auc=0.9865 (checkpoint_metric=macro_auc)
train epoch 53/100 batch 13/66 (20%) running_loss=0.2988
train epoch 53/100 batch 26/66 (39%) running_loss=0.2988
train epoch 53/100 batch 39/66 (59%) running_loss=0.2998
train epoch 53/100 batch 52/66 (79%) running_loss=0.2983
train epoch 53/100 batch 65/66 (98%) running_loss=0.2974
train epoch 53/100 batch 66/66 (100%) running_loss=0.2978
epoch 53/100 done: train_loss=0.2978 val_loss=0.2232 val_accuracy=0.9406 val_macro_f1=0.9239 val_macro_auc=0.9855 (checkpoint_metric=macro_auc)
train epoch 54/100 batch 13/66 (20%) running_loss=0.2955
train epoch 54/100 batch 26/66 (39%) running_loss=0.2972
train epoch 54/100 batch 39/66 (59%) running_loss=0.2965
train epoch 54/100 batch 52/66 (79%) running_loss=0.2957
train epoch 54/100 batch 65/66 (98%) running_loss=0.2955
train epoch 54/100 batch 66/66 (100%) running_loss=0.2954
epoch 54/100 done: train_loss=0.2954 val_loss=0.2243 val_accuracy=0.9406 val_macro_f1=0.9238 val_macro_auc=0.9867 (checkpoint_metric=macro_auc)
train epoch 55/100 batch 13/66 (20%) running_loss=0.2940
train epoch 55/100 batch 26/66 (39%) running_loss=0.2971
train epoch 55/100 batch 39/66 (59%) running_loss=0.2965
train epoch 55/100 batch 52/66 (79%) running_loss=0.2960
train epoch 55/100 batch 65/66 (98%) running_loss=0.2960
train epoch 55/100 batch 66/66 (100%) running_loss=0.2960
epoch 55/100 done: train_loss=0.2960 val_loss=0.2318 val_accuracy=0.9406 val_macro_f1=0.9238 val_macro_auc=0.9865 (checkpoint_metric=macro_auc)
train epoch 56/100 batch 13/66 (20%) running_loss=0.2930
train epoch 56/100 batch 26/66 (39%) running_loss=0.2964
train epoch 56/100 batch 39/66 (59%) running_loss=0.2957
train epoch 56/100 batch 52/66 (79%) running_loss=0.2952
train epoch 56/100 batch 65/66 (98%) running_loss=0.2950
train epoch 56/100 batch 66/66 (100%) running_loss=0.2950
epoch 56/100 done: train_loss=0.2950 val_loss=0.2325 val_accuracy=0.9426 val_macro_f1=0.9263 val_macro_auc=0.9852 (checkpoint_metric=macro_auc)
train epoch 57/100 batch 13/66 (20%) running_loss=0.2928
train epoch 57/100 batch 26/66 (39%) running_loss=0.2929
train epoch 57/100 batch 39/66 (59%) running_loss=0.2928
train epoch 57/100 batch 52/66 (79%) running_loss=0.2934
train epoch 57/100 batch 65/66 (98%) running_loss=0.2944
train epoch 57/100 batch 66/66 (100%) running_loss=0.2944
epoch 57/100 done: train_loss=0.2944 val_loss=0.2424 val_accuracy=0.9303 val_macro_f1=0.9116 val_macro_auc=0.9858 (checkpoint_metric=macro_auc)
train epoch 58/100 batch 13/66 (20%) running_loss=0.2925
train epoch 58/100 batch 26/66 (39%) running_loss=0.2939
train epoch 58/100 batch 39/66 (59%) running_loss=0.2964
train epoch 58/100 batch 52/66 (79%) running_loss=0.2956
train epoch 58/100 batch 65/66 (98%) running_loss=0.2963
train epoch 58/100 batch 66/66 (100%) running_loss=0.2967
epoch 58/100 done: train_loss=0.2967 val_loss=0.2271 val_accuracy=0.9406 val_macro_f1=0.9233 val_macro_auc=0.9812 (checkpoint_metric=macro_auc)
train epoch 59/100 batch 13/66 (20%) running_loss=0.2934
train epoch 59/100 batch 26/66 (39%) running_loss=0.2955
train epoch 59/100 batch 39/66 (59%) running_loss=0.2945
train epoch 59/100 batch 52/66 (79%) running_loss=0.2946
train epoch 59/100 batch 65/66 (98%) running_loss=0.2945
train epoch 59/100 batch 66/66 (100%) running_loss=0.2945
epoch 59/100 done: train_loss=0.2945 val_loss=0.2279 val_accuracy=0.9385 val_macro_f1=0.9224 val_macro_auc=0.9865 (checkpoint_metric=macro_auc)
train epoch 60/100 batch 13/66 (20%) running_loss=0.3000
train epoch 60/100 batch 26/66 (39%) running_loss=0.2975
train epoch 60/100 batch 39/66 (59%) running_loss=0.2960
train epoch 60/100 batch 52/66 (79%) running_loss=0.2952
train epoch 60/100 batch 65/66 (98%) running_loss=0.2950
train epoch 60/100 batch 66/66 (100%) running_loss=0.2950
epoch 60/100 done: train_loss=0.2950 val_loss=0.2417 val_accuracy=0.9324 val_macro_f1=0.9138 val_macro_auc=0.9797 (checkpoint_metric=macro_auc)
train epoch 61/100 batch 13/66 (20%) running_loss=0.2933
train epoch 61/100 batch 26/66 (39%) running_loss=0.2950
train epoch 61/100 batch 39/66 (59%) running_loss=0.2950
train epoch 61/100 batch 52/66 (79%) running_loss=0.2954
train epoch 61/100 batch 65/66 (98%) running_loss=0.2949
train epoch 61/100 batch 66/66 (100%) running_loss=0.2949
epoch 61/100 done: train_loss=0.2949 val_loss=0.2842 val_accuracy=0.9160 val_macro_f1=0.8920 val_macro_auc=0.9819 (checkpoint_metric=macro_auc)
train epoch 62/100 batch 13/66 (20%) running_loss=0.2945
train epoch 62/100 batch 26/66 (39%) running_loss=0.2967
train epoch 62/100 batch 39/66 (59%) running_loss=0.2964
train epoch 62/100 batch 52/66 (79%) running_loss=0.2956
train epoch 62/100 batch 65/66 (98%) running_loss=0.2960
train epoch 62/100 batch 66/66 (100%) running_loss=0.2960
epoch 62/100 done: train_loss=0.2960 val_loss=0.2187 val_accuracy=0.9447 val_macro_f1=0.9291 val_macro_auc=0.9874 (checkpoint_metric=macro_auc)
train epoch 63/100 batch 13/66 (20%) running_loss=0.3001
train epoch 63/100 batch 26/66 (39%) running_loss=0.2971
train epoch 63/100 batch 39/66 (59%) running_loss=0.2959
train epoch 63/100 batch 52/66 (79%) running_loss=0.2951
train epoch 63/100 batch 65/66 (98%) running_loss=0.2954
train epoch 63/100 batch 66/66 (100%) running_loss=0.2954
epoch 63/100 done: train_loss=0.2954 val_loss=0.2189 val_accuracy=0.9406 val_macro_f1=0.9239 val_macro_auc=0.9866 (checkpoint_metric=macro_auc)
train epoch 64/100 batch 13/66 (20%) running_loss=0.2932
train epoch 64/100 batch 26/66 (39%) running_loss=0.2928
train epoch 64/100 batch 39/66 (59%) running_loss=0.2928
train epoch 64/100 batch 52/66 (79%) running_loss=0.2927
train epoch 64/100 batch 65/66 (98%) running_loss=0.2928
train epoch 64/100 batch 66/66 (100%) running_loss=0.2928
epoch 64/100 done: train_loss=0.2928 val_loss=0.2376 val_accuracy=0.9406 val_macro_f1=0.9238 val_macro_auc=0.9842 (checkpoint_metric=macro_auc)
train epoch 65/100 batch 13/66 (20%) running_loss=0.2974
train epoch 65/100 batch 26/66 (39%) running_loss=0.2973
train epoch 65/100 batch 39/66 (59%) running_loss=0.2959
train epoch 65/100 batch 52/66 (79%) running_loss=0.2950
train epoch 65/100 batch 65/66 (98%) running_loss=0.2947
train epoch 65/100 batch 66/66 (100%) running_loss=0.2946
epoch 65/100 done: train_loss=0.2946 val_loss=0.2252 val_accuracy=0.9426 val_macro_f1=0.9255 val_macro_auc=0.9876 (checkpoint_metric=macro_auc)
train epoch 66/100 batch 13/66 (20%) running_loss=0.2921
train epoch 66/100 batch 26/66 (39%) running_loss=0.2954
train epoch 66/100 batch 39/66 (59%) running_loss=0.2968
train epoch 66/100 batch 52/66 (79%) running_loss=0.2958
train epoch 66/100 batch 65/66 (98%) running_loss=0.2951
train epoch 66/100 batch 66/66 (100%) running_loss=0.2951
epoch 66/100 done: train_loss=0.2951 val_loss=0.2234 val_accuracy=0.9426 val_macro_f1=0.9255 val_macro_auc=0.9879 (checkpoint_metric=macro_auc)
train epoch 67/100 batch 13/66 (20%) running_loss=0.2921
train epoch 67/100 batch 26/66 (39%) running_loss=0.2926
train epoch 67/100 batch 39/66 (59%) running_loss=0.2927
train epoch 67/100 batch 52/66 (79%) running_loss=0.2927
train epoch 67/100 batch 65/66 (98%) running_loss=0.2927
train epoch 67/100 batch 66/66 (100%) running_loss=0.2927
epoch 67/100 done: train_loss=0.2927 val_loss=0.2343 val_accuracy=0.9365 val_macro_f1=0.9181 val_macro_auc=0.9860 (checkpoint_metric=macro_auc) [new best]
train epoch 68/100 batch 13/66 (20%) running_loss=0.2928
train epoch 68/100 batch 26/66 (39%) running_loss=0.2954
train epoch 68/100 batch 39/66 (59%) running_loss=0.2943
train epoch 68/100 batch 52/66 (79%) running_loss=0.2940
train epoch 68/100 batch 65/66 (98%) running_loss=0.2957
train epoch 68/100 batch 66/66 (100%) running_loss=0.2956
epoch 68/100 done: train_loss=0.2956 val_loss=0.2245 val_accuracy=0.9365 val_macro_f1=0.9186 val_macro_auc=0.9878 (checkpoint_metric=macro_auc) [new best]
train epoch 69/100 batch 13/66 (20%) running_loss=0.2993
train epoch 69/100 batch 26/66 (39%) running_loss=0.2966
train epoch 69/100 batch 39/66 (59%) running_loss=0.2967
train epoch 69/100 batch 52/66 (79%) running_loss=0.2959
train epoch 69/100 batch 65/66 (98%) running_loss=0.2971
train epoch 69/100 batch 66/66 (100%) running_loss=0.2971
epoch 69/100 done: train_loss=0.2971 val_loss=0.2280 val_accuracy=0.9406 val_macro_f1=0.9241 val_macro_auc=0.9862 (checkpoint_metric=macro_auc)
train epoch 70/100 batch 13/66 (20%) running_loss=0.2939
train epoch 70/100 batch 26/66 (39%) running_loss=0.2956
train epoch 70/100 batch 39/66 (59%) running_loss=0.2955
train epoch 70/100 batch 52/66 (79%) running_loss=0.2949
train epoch 70/100 batch 65/66 (98%) running_loss=0.2944
train epoch 70/100 batch 66/66 (100%) running_loss=0.2943
epoch 70/100 done: train_loss=0.2943 val_loss=0.2331 val_accuracy=0.9426 val_macro_f1=0.9263 val_macro_auc=0.9834 (checkpoint_metric=macro_auc)
train epoch 71/100 batch 13/66 (20%) running_loss=0.2940
train epoch 71/100 batch 26/66 (39%) running_loss=0.2932
train epoch 71/100 batch 39/66 (59%) running_loss=0.2931
train epoch 71/100 batch 52/66 (79%) running_loss=0.2930
train epoch 71/100 batch 65/66 (98%) running_loss=0.2931
train epoch 71/100 batch 66/66 (100%) running_loss=0.2931
epoch 71/100 done: train_loss=0.2931 val_loss=0.2219 val_accuracy=0.9426 val_macro_f1=0.9266 val_macro_auc=0.9875 (checkpoint_metric=macro_auc)
train epoch 72/100 batch 13/66 (20%) running_loss=0.2963
train epoch 72/100 batch 26/66 (39%) running_loss=0.2943
train epoch 72/100 batch 39/66 (59%) running_loss=0.2988
train epoch 72/100 batch 52/66 (79%) running_loss=0.2981
train epoch 72/100 batch 65/66 (98%) running_loss=0.2971
train epoch 72/100 batch 66/66 (100%) running_loss=0.2970
epoch 72/100 done: train_loss=0.2970 val_loss=0.2257 val_accuracy=0.9426 val_macro_f1=0.9250 val_macro_auc=0.9883 (checkpoint_metric=macro_auc)
train epoch 73/100 batch 13/66 (20%) running_loss=0.2925
train epoch 73/100 batch 26/66 (39%) running_loss=0.2929
train epoch 73/100 batch 39/66 (59%) running_loss=0.2956
train epoch 73/100 batch 52/66 (79%) running_loss=0.2948
train epoch 73/100 batch 65/66 (98%) running_loss=0.2947
train epoch 73/100 batch 66/66 (100%) running_loss=0.2947
epoch 73/100 done: train_loss=0.2947 val_loss=0.2092 val_accuracy=0.9447 val_macro_f1=0.9273 val_macro_auc=0.9890 (checkpoint_metric=macro_auc) [new best]
train epoch 74/100 batch 13/66 (20%) running_loss=0.2938
train epoch 74/100 batch 26/66 (39%) running_loss=0.2931
train epoch 74/100 batch 39/66 (59%) running_loss=0.2956
train epoch 74/100 batch 52/66 (79%) running_loss=0.2957
train epoch 74/100 batch 65/66 (98%) running_loss=0.2951
train epoch 74/100 batch 66/66 (100%) running_loss=0.2951
epoch 74/100 done: train_loss=0.2951 val_loss=0.2275 val_accuracy=0.9385 val_macro_f1=0.9208 val_macro_auc=0.9838 (checkpoint_metric=macro_auc)
train epoch 75/100 batch 13/66 (20%) running_loss=0.2965
train epoch 75/100 batch 26/66 (39%) running_loss=0.2946
train epoch 75/100 batch 39/66 (59%) running_loss=0.2944
train epoch 75/100 batch 52/66 (79%) running_loss=0.2971
train epoch 75/100 batch 65/66 (98%) running_loss=0.2966
train epoch 75/100 batch 66/66 (100%) running_loss=0.2965
epoch 75/100 done: train_loss=0.2965 val_loss=0.2630 val_accuracy=0.9262 val_macro_f1=0.9031 val_macro_auc=0.9846 (checkpoint_metric=macro_auc)
train epoch 76/100 batch 13/66 (20%) running_loss=0.2925
train epoch 76/100 batch 26/66 (39%) running_loss=0.2927
train epoch 76/100 batch 39/66 (59%) running_loss=0.2941
train epoch 76/100 batch 52/66 (79%) running_loss=0.2936
train epoch 76/100 batch 65/66 (98%) running_loss=0.2935
train epoch 76/100 batch 66/66 (100%) running_loss=0.2935
epoch 76/100 done: train_loss=0.2935 val_loss=0.2233 val_accuracy=0.9426 val_macro_f1=0.9266 val_macro_auc=0.9875 (checkpoint_metric=macro_auc)
train epoch 77/100 batch 13/66 (20%) running_loss=0.2921
train epoch 77/100 batch 26/66 (39%) running_loss=0.2944
train epoch 77/100 batch 39/66 (59%) running_loss=0.2936
train epoch 77/100 batch 52/66 (79%) running_loss=0.2954
train epoch 77/100 batch 65/66 (98%) running_loss=0.2949
train epoch 77/100 batch 66/66 (100%) running_loss=0.2948
epoch 77/100 done: train_loss=0.2948 val_loss=0.2270 val_accuracy=0.9426 val_macro_f1=0.9274 val_macro_auc=0.9863 (checkpoint_metric=macro_auc)
train epoch 78/100 batch 13/66 (20%) running_loss=0.2925
train epoch 78/100 batch 26/66 (39%) running_loss=0.2929
train epoch 78/100 batch 39/66 (59%) running_loss=0.2926
train epoch 78/100 batch 52/66 (79%) running_loss=0.2927
train epoch 78/100 batch 65/66 (98%) running_loss=0.2927
train epoch 78/100 batch 66/66 (100%) running_loss=0.2927
epoch 78/100 done: train_loss=0.2927 val_loss=0.2276 val_accuracy=0.9406 val_macro_f1=0.9230 val_macro_auc=0.9875 (checkpoint_metric=macro_auc)
train epoch 79/100 batch 13/66 (20%) running_loss=0.2961
train epoch 79/100 batch 26/66 (39%) running_loss=0.2941
train epoch 79/100 batch 39/66 (59%) running_loss=0.2937
train epoch 79/100 batch 52/66 (79%) running_loss=0.2934
train epoch 79/100 batch 65/66 (98%) running_loss=0.2932
train epoch 79/100 batch 66/66 (100%) running_loss=0.2932
epoch 79/100 done: train_loss=0.2932 val_loss=0.2254 val_accuracy=0.9426 val_macro_f1=0.9274 val_macro_auc=0.9867 (checkpoint_metric=macro_auc)
train epoch 80/100 batch 13/66 (20%) running_loss=0.2922
train epoch 80/100 batch 26/66 (39%) running_loss=0.2924
train epoch 80/100 batch 39/66 (59%) running_loss=0.2924
train epoch 80/100 batch 52/66 (79%) running_loss=0.2927
train epoch 80/100 batch 65/66 (98%) running_loss=0.2926
train epoch 80/100 batch 66/66 (100%) running_loss=0.2926
epoch 80/100 done: train_loss=0.2926 val_loss=0.2286 val_accuracy=0.9426 val_macro_f1=0.9263 val_macro_auc=0.9864 (checkpoint_metric=macro_auc)
train epoch 81/100 batch 13/66 (20%) running_loss=0.2922
train epoch 81/100 batch 26/66 (39%) running_loss=0.2954
train epoch 81/100 batch 39/66 (59%) running_loss=0.2942
train epoch 81/100 batch 52/66 (79%) running_loss=0.2955
train epoch 81/100 batch 65/66 (98%) running_loss=0.2948
train epoch 81/100 batch 66/66 (100%) running_loss=0.2948
epoch 81/100 done: train_loss=0.2948 val_loss=0.2300 val_accuracy=0.9406 val_macro_f1=0.9230 val_macro_auc=0.9876 (checkpoint_metric=macro_auc)
train epoch 82/100 batch 13/66 (20%) running_loss=0.2950
train epoch 82/100 batch 26/66 (39%) running_loss=0.2936
train epoch 82/100 batch 39/66 (59%) running_loss=0.2935
train epoch 82/100 batch 52/66 (79%) running_loss=0.2933
train epoch 82/100 batch 65/66 (98%) running_loss=0.2933
train epoch 82/100 batch 66/66 (100%) running_loss=0.2933
epoch 82/100 done: train_loss=0.2933 val_loss=0.2152 val_accuracy=0.9447 val_macro_f1=0.9291 val_macro_auc=0.9891 (checkpoint_metric=macro_auc)
train epoch 83/100 batch 13/66 (20%) running_loss=0.2923
train epoch 83/100 batch 26/66 (39%) running_loss=0.2927
train epoch 83/100 batch 39/66 (59%) running_loss=0.2936
train epoch 83/100 batch 52/66 (79%) running_loss=0.2933
train epoch 83/100 batch 65/66 (98%) running_loss=0.2935
train epoch 83/100 batch 66/66 (100%) running_loss=0.2935
epoch 83/100 done: train_loss=0.2935 val_loss=0.2236 val_accuracy=0.9426 val_macro_f1=0.9274 val_macro_auc=0.9879 (checkpoint_metric=macro_auc)
train epoch 84/100 batch 13/66 (20%) running_loss=0.2925
train epoch 84/100 batch 26/66 (39%) running_loss=0.2925
train epoch 84/100 batch 39/66 (59%) running_loss=0.2924
train epoch 84/100 batch 52/66 (79%) running_loss=0.2923
train epoch 84/100 batch 65/66 (98%) running_loss=0.2925
train epoch 84/100 batch 66/66 (100%) running_loss=0.2925
epoch 84/100 done: train_loss=0.2925 val_loss=0.2176 val_accuracy=0.9447 val_macro_f1=0.9291 val_macro_auc=0.9890 (checkpoint_metric=macro_auc) [new best]
train epoch 85/100 batch 13/66 (20%) running_loss=0.2949
train epoch 85/100 batch 26/66 (39%) running_loss=0.2935
train epoch 85/100 batch 39/66 (59%) running_loss=0.2943
train epoch 85/100 batch 52/66 (79%) running_loss=0.2944
train epoch 85/100 batch 65/66 (98%) running_loss=0.2940
train epoch 85/100 batch 66/66 (100%) running_loss=0.2941
epoch 85/100 done: train_loss=0.2941 val_loss=0.2211 val_accuracy=0.9447 val_macro_f1=0.9291 val_macro_auc=0.9885 (checkpoint_metric=macro_auc)
train epoch 86/100 batch 13/66 (20%) running_loss=0.2933
train epoch 86/100 batch 26/66 (39%) running_loss=0.2937
train epoch 86/100 batch 39/66 (59%) running_loss=0.2931
train epoch 86/100 batch 52/66 (79%) running_loss=0.2931
train epoch 86/100 batch 65/66 (98%) running_loss=0.2929
train epoch 86/100 batch 66/66 (100%) running_loss=0.2930
epoch 86/100 done: train_loss=0.2930 val_loss=0.2175 val_accuracy=0.9447 val_macro_f1=0.9300 val_macro_auc=0.9879 (checkpoint_metric=macro_auc)
train epoch 87/100 batch 13/66 (20%) running_loss=0.2958
train epoch 87/100 batch 26/66 (39%) running_loss=0.2955
train epoch 87/100 batch 39/66 (59%) running_loss=0.2946
train epoch 87/100 batch 52/66 (79%) running_loss=0.2941
train epoch 87/100 batch 65/66 (98%) running_loss=0.2937
train epoch 87/100 batch 66/66 (100%) running_loss=0.2937
epoch 87/100 done: train_loss=0.2937 val_loss=0.2260 val_accuracy=0.9426 val_macro_f1=0.9274 val_macro_auc=0.9870 (checkpoint_metric=macro_auc)
train epoch 88/100 batch 13/66 (20%) running_loss=0.2936
train epoch 88/100 batch 26/66 (39%) running_loss=0.2930
train epoch 88/100 batch 39/66 (59%) running_loss=0.2929
train epoch 88/100 batch 52/66 (79%) running_loss=0.2926
train epoch 88/100 batch 65/66 (98%) running_loss=0.2926
train epoch 88/100 batch 66/66 (100%) running_loss=0.2926
epoch 88/100 done: train_loss=0.2926 val_loss=0.2293 val_accuracy=0.9426 val_macro_f1=0.9274 val_macro_auc=0.9864 (checkpoint_metric=macro_auc)
train epoch 89/100 batch 13/66 (20%) running_loss=0.2920
train epoch 89/100 batch 26/66 (39%) running_loss=0.2920
train epoch 89/100 batch 39/66 (59%) running_loss=0.2929
train epoch 89/100 batch 52/66 (79%) running_loss=0.2927
train epoch 89/100 batch 65/66 (98%) running_loss=0.2926
train epoch 89/100 batch 66/66 (100%) running_loss=0.2926
epoch 89/100 done: train_loss=0.2926 val_loss=0.2266 val_accuracy=0.9426 val_macro_f1=0.9274 val_macro_auc=0.9864 (checkpoint_metric=macro_auc)
train epoch 90/100 batch 13/66 (20%) running_loss=0.2921
train epoch 90/100 batch 26/66 (39%) running_loss=0.2933
train epoch 90/100 batch 39/66 (59%) running_loss=0.2930
train epoch 90/100 batch 52/66 (79%) running_loss=0.2928
train epoch 90/100 batch 65/66 (98%) running_loss=0.2932
train epoch 90/100 batch 66/66 (100%) running_loss=0.2931
epoch 90/100 done: train_loss=0.2931 val_loss=0.2271 val_accuracy=0.9426 val_macro_f1=0.9274 val_macro_auc=0.9864 (checkpoint_metric=macro_auc)
train epoch 91/100 batch 13/66 (20%) running_loss=0.2921
train epoch 91/100 batch 26/66 (39%) running_loss=0.2931
train epoch 91/100 batch 39/66 (59%) running_loss=0.2935
train epoch 91/100 batch 52/66 (79%) running_loss=0.2932
train epoch 91/100 batch 65/66 (98%) running_loss=0.2931
train epoch 91/100 batch 66/66 (100%) running_loss=0.2930
epoch 91/100 done: train_loss=0.2930 val_loss=0.2249 val_accuracy=0.9426 val_macro_f1=0.9274 val_macro_auc=0.9863 (checkpoint_metric=macro_auc)
train epoch 92/100 batch 13/66 (20%) running_loss=0.2921
train epoch 92/100 batch 26/66 (39%) running_loss=0.2921
train epoch 92/100 batch 39/66 (59%) running_loss=0.2924
train epoch 92/100 batch 52/66 (79%) running_loss=0.2924
train epoch 92/100 batch 65/66 (98%) running_loss=0.2925
train epoch 92/100 batch 66/66 (100%) running_loss=0.2926
epoch 92/100 done: train_loss=0.2926 val_loss=0.2262 val_accuracy=0.9426 val_macro_f1=0.9274 val_macro_auc=0.9864 (checkpoint_metric=macro_auc)
train epoch 93/100 batch 13/66 (20%) running_loss=0.2922
train epoch 93/100 batch 26/66 (39%) running_loss=0.2925
train epoch 93/100 batch 39/66 (59%) running_loss=0.2939
train epoch 93/100 batch 52/66 (79%) running_loss=0.2940
train epoch 93/100 batch 65/66 (98%) running_loss=0.2937
train epoch 93/100 batch 66/66 (100%) running_loss=0.2937
epoch 93/100 done: train_loss=0.2937 val_loss=0.2247 val_accuracy=0.9426 val_macro_f1=0.9274 val_macro_auc=0.9865 (checkpoint_metric=macro_auc)
train epoch 94/100 batch 13/66 (20%) running_loss=0.2921
train epoch 94/100 batch 26/66 (39%) running_loss=0.2922
train epoch 94/100 batch 39/66 (59%) running_loss=0.2925
train epoch 94/100 batch 52/66 (79%) running_loss=0.2927
train epoch 94/100 batch 65/66 (98%) running_loss=0.2926
train epoch 94/100 batch 66/66 (100%) running_loss=0.2926
epoch 94/100 done: train_loss=0.2926 val_loss=0.2254 val_accuracy=0.9426 val_macro_f1=0.9274 val_macro_auc=0.9865 (checkpoint_metric=macro_auc)
train epoch 95/100 batch 13/66 (20%) running_loss=0.2922
train epoch 95/100 batch 26/66 (39%) running_loss=0.2922
train epoch 95/100 batch 39/66 (59%) running_loss=0.2924
train epoch 95/100 batch 52/66 (79%) running_loss=0.2931
train epoch 95/100 batch 65/66 (98%) running_loss=0.2934
train epoch 95/100 batch 66/66 (100%) running_loss=0.2934
epoch 95/100 done: train_loss=0.2934 val_loss=0.2251 val_accuracy=0.9426 val_macro_f1=0.9274 val_macro_auc=0.9866 (checkpoint_metric=macro_auc)
train epoch 96/100 batch 13/66 (20%) running_loss=0.2973
train epoch 96/100 batch 26/66 (39%) running_loss=0.2948
train epoch 96/100 batch 39/66 (59%) running_loss=0.2939
train epoch 96/100 batch 52/66 (79%) running_loss=0.2935
train epoch 96/100 batch 65/66 (98%) running_loss=0.2947
train epoch 96/100 batch 66/66 (100%) running_loss=0.2947
epoch 96/100 done: train_loss=0.2947 val_loss=0.2243 val_accuracy=0.9426 val_macro_f1=0.9274 val_macro_auc=0.9866 (checkpoint_metric=macro_auc)
train epoch 97/100 batch 13/66 (20%) running_loss=0.2949
train epoch 97/100 batch 26/66 (39%) running_loss=0.2938
train epoch 97/100 batch 39/66 (59%) running_loss=0.2933
train epoch 97/100 batch 52/66 (79%) running_loss=0.2930
train epoch 97/100 batch 65/66 (98%) running_loss=0.2935
train epoch 97/100 batch 66/66 (100%) running_loss=0.2935
epoch 97/100 done: train_loss=0.2935 val_loss=0.2239 val_accuracy=0.9426 val_macro_f1=0.9274 val_macro_auc=0.9866 (checkpoint_metric=macro_auc)
train epoch 98/100 batch 13/66 (20%) running_loss=0.2932
train epoch 98/100 batch 26/66 (39%) running_loss=0.2941
train epoch 98/100 batch 39/66 (59%) running_loss=0.2936
train epoch 98/100 batch 52/66 (79%) running_loss=0.2935
train epoch 98/100 batch 65/66 (98%) running_loss=0.2932
train epoch 98/100 batch 66/66 (100%) running_loss=0.2932
epoch 98/100 done: train_loss=0.2932 val_loss=0.2239 val_accuracy=0.9426 val_macro_f1=0.9274 val_macro_auc=0.9866 (checkpoint_metric=macro_auc)
train epoch 99/100 batch 13/66 (20%) running_loss=0.2931
train epoch 99/100 batch 26/66 (39%) running_loss=0.2934
train epoch 99/100 batch 39/66 (59%) running_loss=0.2930
train epoch 99/100 batch 52/66 (79%) running_loss=0.2937
train epoch 99/100 batch 65/66 (98%) running_loss=0.2935
train epoch 99/100 batch 66/66 (100%) running_loss=0.2934
epoch 99/100 done: train_loss=0.2934 val_loss=0.2239 val_accuracy=0.9426 val_macro_f1=0.9274 val_macro_auc=0.9866 (checkpoint_metric=macro_auc)
train epoch 100/100 batch 13/66 (20%) running_loss=0.2955
train epoch 100/100 batch 26/66 (39%) running_loss=0.2945
train epoch 100/100 batch 39/66 (59%) running_loss=0.2941
train epoch 100/100 batch 52/66 (79%) running_loss=0.2941
train epoch 100/100 batch 65/66 (98%) running_loss=0.2939
train epoch 100/100 batch 66/66 (100%) running_loss=0.2939
epoch 100/100 done: train_loss=0.2939 val_loss=0.2239 val_accuracy=0.9426 val_macro_f1=0.9274 val_macro_auc=0.9866 (checkpoint_metric=macro_auc)
Training finished. Best epoch=84, smoothed macro_auc=0.9887 (window=3)
Test set evaluated once: accuracy=0.8924 macro_f1=0.8844 macro_auc=0.9630
Model size: 21.57M params, 0.796 GFLOPs at 96x96

Best epoch: 84
Test accuracy:  0.8924
Test macro F1:  0.8844
Test macro AUC: 0.9630
Model size: 21.57M params, 0.796 GFLOPs
