Starting baseline training: model=efficientnet_v2_m device=cuda amp=True image_size=96 epochs=100 lr=0.001 optimizer=sgd
Dataset ready: 3 classes, 2102 train / 488 val samples (split reused from outputs/baseline_efficientnet_v2_m_96_constant_ep100_s3/split_indices.json)
Augmentation policy: constant strength (rank-averaged), from outputs/main1/augmentation_run/selected_policy.json; strengths {'rotation': 0.0675, 'affine_translation': 0.2256, 'random_resized_crop': 0.516, 'brightness': 0.4195, 'contrast': 0.123, 'horizontal_flip': 0.5366, 'random_erasing': 0.1828}
Classes: {'glioma_tumor': 0, 'meningioma_tumor': 1, 'pituitary_tumor': 2}
Regularization: weight_decay=7.0e-04 label_smoothing=0.10 grad_clip_norm=5.0
train epoch 1/100 batch 13/66 (20%) running_loss=1.1620
train epoch 1/100 batch 26/66 (39%) running_loss=1.1513
train epoch 1/100 batch 39/66 (59%) running_loss=1.1470
train epoch 1/100 batch 52/66 (79%) running_loss=1.1431
train epoch 1/100 batch 65/66 (98%) running_loss=1.1387
train epoch 1/100 batch 66/66 (100%) running_loss=1.1389
epoch 1/100 done: train_loss=1.1389 val_loss=1.0883 val_accuracy=0.3750 val_macro_f1=0.3420 val_macro_auc=0.5212 (checkpoint_metric=macro_auc) [new best]
train epoch 2/100 batch 13/66 (20%) running_loss=1.1135
train epoch 2/100 batch 26/66 (39%) running_loss=1.1158
train epoch 2/100 batch 39/66 (59%) running_loss=1.1086
train epoch 2/100 batch 52/66 (79%) running_loss=1.1049
train epoch 2/100 batch 65/66 (98%) running_loss=1.0979
train epoch 2/100 batch 66/66 (100%) running_loss=1.0980
epoch 2/100 done: train_loss=1.0980 val_loss=1.0676 val_accuracy=0.4385 val_macro_f1=0.3701 val_macro_auc=0.5383 (checkpoint_metric=macro_auc) [new best]
train epoch 3/100 batch 13/66 (20%) running_loss=1.0922
train epoch 3/100 batch 26/66 (39%) running_loss=1.0851
train epoch 3/100 batch 39/66 (59%) running_loss=1.0812
train epoch 3/100 batch 52/66 (79%) running_loss=1.0780
train epoch 3/100 batch 65/66 (98%) running_loss=1.0753
train epoch 3/100 batch 66/66 (100%) running_loss=1.0746
epoch 3/100 done: train_loss=1.0746 val_loss=1.0172 val_accuracy=0.5410 val_macro_f1=0.4370 val_macro_auc=0.6288 (checkpoint_metric=macro_auc) [new best]
train epoch 4/100 batch 13/66 (20%) running_loss=1.0587
train epoch 4/100 batch 26/66 (39%) running_loss=1.0597
train epoch 4/100 batch 39/66 (59%) running_loss=1.0542
train epoch 4/100 batch 52/66 (79%) running_loss=1.0495
train epoch 4/100 batch 65/66 (98%) running_loss=1.0473
train epoch 4/100 batch 66/66 (100%) running_loss=1.0474
epoch 4/100 done: train_loss=1.0474 val_loss=0.9679 val_accuracy=0.6189 val_macro_f1=0.4886 val_macro_auc=0.7173 (checkpoint_metric=macro_auc) [new best]
train epoch 5/100 batch 13/66 (20%) running_loss=1.0289
train epoch 5/100 batch 26/66 (39%) running_loss=1.0319
train epoch 5/100 batch 39/66 (59%) running_loss=1.0312
train epoch 5/100 batch 52/66 (79%) running_loss=1.0265
train epoch 5/100 batch 65/66 (98%) running_loss=1.0252
train epoch 5/100 batch 66/66 (100%) running_loss=1.0243
epoch 5/100 done: train_loss=1.0243 val_loss=0.9284 val_accuracy=0.6701 val_macro_f1=0.5264 val_macro_auc=0.7443 (checkpoint_metric=macro_auc) [new best]
train epoch 6/100 batch 13/66 (20%) running_loss=0.9941
train epoch 6/100 batch 26/66 (39%) running_loss=0.9944
train epoch 6/100 batch 39/66 (59%) running_loss=0.9928
train epoch 6/100 batch 52/66 (79%) running_loss=0.9933
train epoch 6/100 batch 65/66 (98%) running_loss=0.9925
train epoch 6/100 batch 66/66 (100%) running_loss=0.9927
epoch 6/100 done: train_loss=0.9927 val_loss=0.8648 val_accuracy=0.7070 val_macro_f1=0.5616 val_macro_auc=0.7926 (checkpoint_metric=macro_auc) [new best]
train epoch 7/100 batch 13/66 (20%) running_loss=0.9645
train epoch 7/100 batch 26/66 (39%) running_loss=0.9598
train epoch 7/100 batch 39/66 (59%) running_loss=0.9548
train epoch 7/100 batch 52/66 (79%) running_loss=0.9533
train epoch 7/100 batch 65/66 (98%) running_loss=0.9528
train epoch 7/100 batch 66/66 (100%) running_loss=0.9528
epoch 7/100 done: train_loss=0.9528 val_loss=0.8079 val_accuracy=0.7336 val_macro_f1=0.5478 val_macro_auc=0.8008 (checkpoint_metric=macro_auc) [new best]
train epoch 8/100 batch 13/66 (20%) running_loss=0.9288
train epoch 8/100 batch 26/66 (39%) running_loss=0.9319
train epoch 8/100 batch 39/66 (59%) running_loss=0.9221
train epoch 8/100 batch 52/66 (79%) running_loss=0.9120
train epoch 8/100 batch 65/66 (98%) running_loss=0.9032
train epoch 8/100 batch 66/66 (100%) running_loss=0.9018
epoch 8/100 done: train_loss=0.9018 val_loss=0.7131 val_accuracy=0.7582 val_macro_f1=0.5730 val_macro_auc=0.8602 (checkpoint_metric=macro_auc) [new best]
train epoch 9/100 batch 13/66 (20%) running_loss=0.8548
train epoch 9/100 batch 26/66 (39%) running_loss=0.8517
train epoch 9/100 batch 39/66 (59%) running_loss=0.8440
train epoch 9/100 batch 52/66 (79%) running_loss=0.8471
train epoch 9/100 batch 65/66 (98%) running_loss=0.8444
train epoch 9/100 batch 66/66 (100%) running_loss=0.8441
epoch 9/100 done: train_loss=0.8441 val_loss=0.6210 val_accuracy=0.7971 val_macro_f1=0.6592 val_macro_auc=0.8897 (checkpoint_metric=macro_auc) [new best]
train epoch 10/100 batch 13/66 (20%) running_loss=0.7819
train epoch 10/100 batch 26/66 (39%) running_loss=0.7897
train epoch 10/100 batch 39/66 (59%) running_loss=0.7905
train epoch 10/100 batch 52/66 (79%) running_loss=0.7850
train epoch 10/100 batch 65/66 (98%) running_loss=0.7818
train epoch 10/100 batch 66/66 (100%) running_loss=0.7835
epoch 10/100 done: train_loss=0.7835 val_loss=0.5510 val_accuracy=0.8115 val_macro_f1=0.6654 val_macro_auc=0.9099 (checkpoint_metric=macro_auc) [new best]
train epoch 11/100 batch 13/66 (20%) running_loss=0.7659
train epoch 11/100 batch 26/66 (39%) running_loss=0.7650
train epoch 11/100 batch 39/66 (59%) running_loss=0.7577
train epoch 11/100 batch 52/66 (79%) running_loss=0.7514
train epoch 11/100 batch 65/66 (98%) running_loss=0.7534
train epoch 11/100 batch 66/66 (100%) running_loss=0.7537
epoch 11/100 done: train_loss=0.7537 val_loss=0.4965 val_accuracy=0.8156 val_macro_f1=0.6887 val_macro_auc=0.9308 (checkpoint_metric=macro_auc) [new best]
train epoch 12/100 batch 13/66 (20%) running_loss=0.7464
train epoch 12/100 batch 26/66 (39%) running_loss=0.7165
train epoch 12/100 batch 39/66 (59%) running_loss=0.7123
train epoch 12/100 batch 52/66 (79%) running_loss=0.7181
train epoch 12/100 batch 65/66 (98%) running_loss=0.7166
train epoch 12/100 batch 66/66 (100%) running_loss=0.7159
epoch 12/100 done: train_loss=0.7159 val_loss=0.4739 val_accuracy=0.8299 val_macro_f1=0.7296 val_macro_auc=0.9341 (checkpoint_metric=macro_auc) [new best]
train epoch 13/100 batch 13/66 (20%) running_loss=0.7103
train epoch 13/100 batch 26/66 (39%) running_loss=0.6973
train epoch 13/100 batch 39/66 (59%) running_loss=0.6939
train epoch 13/100 batch 52/66 (79%) running_loss=0.6809
train epoch 13/100 batch 65/66 (98%) running_loss=0.6881
train epoch 13/100 batch 66/66 (100%) running_loss=0.6897
epoch 13/100 done: train_loss=0.6897 val_loss=0.4447 val_accuracy=0.8381 val_macro_f1=0.7548 val_macro_auc=0.9412 (checkpoint_metric=macro_auc) [new best]
train epoch 14/100 batch 13/66 (20%) running_loss=0.7082
train epoch 14/100 batch 26/66 (39%) running_loss=0.6698
train epoch 14/100 batch 39/66 (59%) running_loss=0.6650
train epoch 14/100 batch 52/66 (79%) running_loss=0.6622
train epoch 14/100 batch 65/66 (98%) running_loss=0.6550
train epoch 14/100 batch 66/66 (100%) running_loss=0.6548
epoch 14/100 done: train_loss=0.6548 val_loss=0.4067 val_accuracy=0.8545 val_macro_f1=0.8003 val_macro_auc=0.9615 (checkpoint_metric=macro_auc) [new best]
train epoch 15/100 batch 13/66 (20%) running_loss=0.6269
train epoch 15/100 batch 26/66 (39%) running_loss=0.6268
train epoch 15/100 batch 39/66 (59%) running_loss=0.6296
train epoch 15/100 batch 52/66 (79%) running_loss=0.6247
train epoch 15/100 batch 65/66 (98%) running_loss=0.6193
train epoch 15/100 batch 66/66 (100%) running_loss=0.6208
epoch 15/100 done: train_loss=0.6208 val_loss=0.3791 val_accuracy=0.8689 val_macro_f1=0.8294 val_macro_auc=0.9640 (checkpoint_metric=macro_auc) [new best]
train epoch 16/100 batch 13/66 (20%) running_loss=0.5602
train epoch 16/100 batch 26/66 (39%) running_loss=0.5816
train epoch 16/100 batch 39/66 (59%) running_loss=0.5827
train epoch 16/100 batch 52/66 (79%) running_loss=0.5967
train epoch 16/100 batch 65/66 (98%) running_loss=0.5873
train epoch 16/100 batch 66/66 (100%) running_loss=0.5865
epoch 16/100 done: train_loss=0.5865 val_loss=0.3585 val_accuracy=0.8791 val_macro_f1=0.8421 val_macro_auc=0.9710 (checkpoint_metric=macro_auc) [new best]
train epoch 17/100 batch 13/66 (20%) running_loss=0.5949
train epoch 17/100 batch 26/66 (39%) running_loss=0.5717
train epoch 17/100 batch 39/66 (59%) running_loss=0.5719
train epoch 17/100 batch 52/66 (79%) running_loss=0.5669
train epoch 17/100 batch 65/66 (98%) running_loss=0.5595
train epoch 17/100 batch 66/66 (100%) running_loss=0.5592
epoch 17/100 done: train_loss=0.5592 val_loss=0.3414 val_accuracy=0.8852 val_macro_f1=0.8501 val_macro_auc=0.9691 (checkpoint_metric=macro_auc) [new best]
train epoch 18/100 batch 13/66 (20%) running_loss=0.5753
train epoch 18/100 batch 26/66 (39%) running_loss=0.5447
train epoch 18/100 batch 39/66 (59%) running_loss=0.5362
train epoch 18/100 batch 52/66 (79%) running_loss=0.5380
train epoch 18/100 batch 65/66 (98%) running_loss=0.5368
train epoch 18/100 batch 66/66 (100%) running_loss=0.5365
epoch 18/100 done: train_loss=0.5365 val_loss=0.3302 val_accuracy=0.8791 val_macro_f1=0.8425 val_macro_auc=0.9712 (checkpoint_metric=macro_auc) [new best]
train epoch 19/100 batch 13/66 (20%) running_loss=0.5096
train epoch 19/100 batch 26/66 (39%) running_loss=0.4974
train epoch 19/100 batch 39/66 (59%) running_loss=0.5153
train epoch 19/100 batch 52/66 (79%) running_loss=0.5236
train epoch 19/100 batch 65/66 (98%) running_loss=0.5223
train epoch 19/100 batch 66/66 (100%) running_loss=0.5215
epoch 19/100 done: train_loss=0.5215 val_loss=0.3115 val_accuracy=0.8873 val_macro_f1=0.8528 val_macro_auc=0.9777 (checkpoint_metric=macro_auc) [new best]
train epoch 20/100 batch 13/66 (20%) running_loss=0.4984
train epoch 20/100 batch 26/66 (39%) running_loss=0.4902
train epoch 20/100 batch 39/66 (59%) running_loss=0.5011
train epoch 20/100 batch 52/66 (79%) running_loss=0.4962
train epoch 20/100 batch 65/66 (98%) running_loss=0.5016
train epoch 20/100 batch 66/66 (100%) running_loss=0.5022
epoch 20/100 done: train_loss=0.5022 val_loss=0.2838 val_accuracy=0.9037 val_macro_f1=0.8712 val_macro_auc=0.9778 (checkpoint_metric=macro_auc) [new best]
train epoch 21/100 batch 13/66 (20%) running_loss=0.4857
train epoch 21/100 batch 26/66 (39%) running_loss=0.4873
train epoch 21/100 batch 39/66 (59%) running_loss=0.4792
train epoch 21/100 batch 52/66 (79%) running_loss=0.4891
train epoch 21/100 batch 65/66 (98%) running_loss=0.4886
train epoch 21/100 batch 66/66 (100%) running_loss=0.4875
epoch 21/100 done: train_loss=0.4875 val_loss=0.2772 val_accuracy=0.9037 val_macro_f1=0.8695 val_macro_auc=0.9789 (checkpoint_metric=macro_auc) [new best]
train epoch 22/100 batch 13/66 (20%) running_loss=0.4397
train epoch 22/100 batch 26/66 (39%) running_loss=0.4613
train epoch 22/100 batch 39/66 (59%) running_loss=0.4554
train epoch 22/100 batch 52/66 (79%) running_loss=0.4588
train epoch 22/100 batch 65/66 (98%) running_loss=0.4689
train epoch 22/100 batch 66/66 (100%) running_loss=0.4690
epoch 22/100 done: train_loss=0.4690 val_loss=0.3107 val_accuracy=0.8955 val_macro_f1=0.8610 val_macro_auc=0.9768 (checkpoint_metric=macro_auc)
train epoch 23/100 batch 13/66 (20%) running_loss=0.4709
train epoch 23/100 batch 26/66 (39%) running_loss=0.4501
train epoch 23/100 batch 39/66 (59%) running_loss=0.4472
train epoch 23/100 batch 52/66 (79%) running_loss=0.4496
train epoch 23/100 batch 65/66 (98%) running_loss=0.4494
train epoch 23/100 batch 66/66 (100%) running_loss=0.4489
epoch 23/100 done: train_loss=0.4489 val_loss=0.2761 val_accuracy=0.9098 val_macro_f1=0.8762 val_macro_auc=0.9792 (checkpoint_metric=macro_auc) [new best]
train epoch 24/100 batch 13/66 (20%) running_loss=0.4525
train epoch 24/100 batch 26/66 (39%) running_loss=0.4679
train epoch 24/100 batch 39/66 (59%) running_loss=0.4532
train epoch 24/100 batch 52/66 (79%) running_loss=0.4504
train epoch 24/100 batch 65/66 (98%) running_loss=0.4457
train epoch 24/100 batch 66/66 (100%) running_loss=0.4460
epoch 24/100 done: train_loss=0.4460 val_loss=0.2748 val_accuracy=0.9037 val_macro_f1=0.8680 val_macro_auc=0.9778 (checkpoint_metric=macro_auc)
train epoch 25/100 batch 13/66 (20%) running_loss=0.4119
train epoch 25/100 batch 26/66 (39%) running_loss=0.4203
train epoch 25/100 batch 39/66 (59%) running_loss=0.4197
train epoch 25/100 batch 52/66 (79%) running_loss=0.4174
train epoch 25/100 batch 65/66 (98%) running_loss=0.4154
train epoch 25/100 batch 66/66 (100%) running_loss=0.4150
epoch 25/100 done: train_loss=0.4150 val_loss=0.2491 val_accuracy=0.9119 val_macro_f1=0.8803 val_macro_auc=0.9821 (checkpoint_metric=macro_auc) [new best]
train epoch 26/100 batch 13/66 (20%) running_loss=0.3962
train epoch 26/100 batch 26/66 (39%) running_loss=0.4059
train epoch 26/100 batch 39/66 (59%) running_loss=0.4064
train epoch 26/100 batch 52/66 (79%) running_loss=0.4081
train epoch 26/100 batch 65/66 (98%) running_loss=0.4071
train epoch 26/100 batch 66/66 (100%) running_loss=0.4066
epoch 26/100 done: train_loss=0.4066 val_loss=0.2476 val_accuracy=0.9098 val_macro_f1=0.8791 val_macro_auc=0.9828 (checkpoint_metric=macro_auc) [new best]
train epoch 27/100 batch 13/66 (20%) running_loss=0.4210
train epoch 27/100 batch 26/66 (39%) running_loss=0.4165
train epoch 27/100 batch 39/66 (59%) running_loss=0.4056
train epoch 27/100 batch 52/66 (79%) running_loss=0.4085
train epoch 27/100 batch 65/66 (98%) running_loss=0.4058
train epoch 27/100 batch 66/66 (100%) running_loss=0.4049
epoch 27/100 done: train_loss=0.4049 val_loss=0.2594 val_accuracy=0.9160 val_macro_f1=0.8862 val_macro_auc=0.9806 (checkpoint_metric=macro_auc) [new best]
train epoch 28/100 batch 13/66 (20%) running_loss=0.3774
train epoch 28/100 batch 26/66 (39%) running_loss=0.3855
train epoch 28/100 batch 39/66 (59%) running_loss=0.3823
train epoch 28/100 batch 52/66 (79%) running_loss=0.3825
train epoch 28/100 batch 65/66 (98%) running_loss=0.3820
train epoch 28/100 batch 66/66 (100%) running_loss=0.3818
epoch 28/100 done: train_loss=0.3818 val_loss=0.2672 val_accuracy=0.9037 val_macro_f1=0.8734 val_macro_auc=0.9812 (checkpoint_metric=macro_auc)
train epoch 29/100 batch 13/66 (20%) running_loss=0.3776
train epoch 29/100 batch 26/66 (39%) running_loss=0.3916
train epoch 29/100 batch 39/66 (59%) running_loss=0.3864
train epoch 29/100 batch 52/66 (79%) running_loss=0.3882
train epoch 29/100 batch 65/66 (98%) running_loss=0.3847
train epoch 29/100 batch 66/66 (100%) running_loss=0.3848
epoch 29/100 done: train_loss=0.3848 val_loss=0.2714 val_accuracy=0.9098 val_macro_f1=0.8818 val_macro_auc=0.9816 (checkpoint_metric=macro_auc)
train epoch 30/100 batch 13/66 (20%) running_loss=0.3728
train epoch 30/100 batch 26/66 (39%) running_loss=0.3819
train epoch 30/100 batch 39/66 (59%) running_loss=0.3816
train epoch 30/100 batch 52/66 (79%) running_loss=0.3800
train epoch 30/100 batch 65/66 (98%) running_loss=0.3771
train epoch 30/100 batch 66/66 (100%) running_loss=0.3776
epoch 30/100 done: train_loss=0.3776 val_loss=0.2527 val_accuracy=0.9078 val_macro_f1=0.8771 val_macro_auc=0.9819 (checkpoint_metric=macro_auc)
train epoch 31/100 batch 13/66 (20%) running_loss=0.3518
train epoch 31/100 batch 26/66 (39%) running_loss=0.3570
train epoch 31/100 batch 39/66 (59%) running_loss=0.3659
train epoch 31/100 batch 52/66 (79%) running_loss=0.3664
train epoch 31/100 batch 65/66 (98%) running_loss=0.3664
train epoch 31/100 batch 66/66 (100%) running_loss=0.3663
epoch 31/100 done: train_loss=0.3663 val_loss=0.2553 val_accuracy=0.9139 val_macro_f1=0.8853 val_macro_auc=0.9823 (checkpoint_metric=macro_auc) [new best]
train epoch 32/100 batch 13/66 (20%) running_loss=0.3706
train epoch 32/100 batch 26/66 (39%) running_loss=0.3731
train epoch 32/100 batch 39/66 (59%) running_loss=0.3747
train epoch 32/100 batch 52/66 (79%) running_loss=0.3728
train epoch 32/100 batch 65/66 (98%) running_loss=0.3703
train epoch 32/100 batch 66/66 (100%) running_loss=0.3702
epoch 32/100 done: train_loss=0.3702 val_loss=0.2267 val_accuracy=0.9242 val_macro_f1=0.8985 val_macro_auc=0.9865 (checkpoint_metric=macro_auc) [new best]
train epoch 33/100 batch 13/66 (20%) running_loss=0.3380
train epoch 33/100 batch 26/66 (39%) running_loss=0.3453
train epoch 33/100 batch 39/66 (59%) running_loss=0.3472
train epoch 33/100 batch 52/66 (79%) running_loss=0.3481
train epoch 33/100 batch 65/66 (98%) running_loss=0.3549
train epoch 33/100 batch 66/66 (100%) running_loss=0.3560
epoch 33/100 done: train_loss=0.3560 val_loss=0.2494 val_accuracy=0.9242 val_macro_f1=0.9001 val_macro_auc=0.9851 (checkpoint_metric=macro_auc) [new best]
train epoch 34/100 batch 13/66 (20%) running_loss=0.3394
train epoch 34/100 batch 26/66 (39%) running_loss=0.3488
train epoch 34/100 batch 39/66 (59%) running_loss=0.3505
train epoch 34/100 batch 52/66 (79%) running_loss=0.3490
train epoch 34/100 batch 65/66 (98%) running_loss=0.3482
train epoch 34/100 batch 66/66 (100%) running_loss=0.3484
epoch 34/100 done: train_loss=0.3484 val_loss=0.2617 val_accuracy=0.9139 val_macro_f1=0.8876 val_macro_auc=0.9832 (checkpoint_metric=macro_auc) [new best]
train epoch 35/100 batch 13/66 (20%) running_loss=0.3523
train epoch 35/100 batch 26/66 (39%) running_loss=0.3546
train epoch 35/100 batch 39/66 (59%) running_loss=0.3478
train epoch 35/100 batch 52/66 (79%) running_loss=0.3483
train epoch 35/100 batch 65/66 (98%) running_loss=0.3495
train epoch 35/100 batch 66/66 (100%) running_loss=0.3491
epoch 35/100 done: train_loss=0.3491 val_loss=0.2518 val_accuracy=0.9160 val_macro_f1=0.8893 val_macro_auc=0.9842 (checkpoint_metric=macro_auc)
train epoch 36/100 batch 13/66 (20%) running_loss=0.3564
train epoch 36/100 batch 26/66 (39%) running_loss=0.3545
train epoch 36/100 batch 39/66 (59%) running_loss=0.3562
train epoch 36/100 batch 52/66 (79%) running_loss=0.3546
train epoch 36/100 batch 65/66 (98%) running_loss=0.3546
train epoch 36/100 batch 66/66 (100%) running_loss=0.3550
epoch 36/100 done: train_loss=0.3550 val_loss=0.2439 val_accuracy=0.9242 val_macro_f1=0.8997 val_macro_auc=0.9844 (checkpoint_metric=macro_auc)
train epoch 37/100 batch 13/66 (20%) running_loss=0.3502
train epoch 37/100 batch 26/66 (39%) running_loss=0.3548
train epoch 37/100 batch 39/66 (59%) running_loss=0.3513
train epoch 37/100 batch 52/66 (79%) running_loss=0.3478
train epoch 37/100 batch 65/66 (98%) running_loss=0.3460
train epoch 37/100 batch 66/66 (100%) running_loss=0.3457
epoch 37/100 done: train_loss=0.3457 val_loss=0.2403 val_accuracy=0.9221 val_macro_f1=0.8964 val_macro_auc=0.9842 (checkpoint_metric=macro_auc)
train epoch 38/100 batch 13/66 (20%) running_loss=0.3644
train epoch 38/100 batch 26/66 (39%) running_loss=0.3562
train epoch 38/100 batch 39/66 (59%) running_loss=0.3516
train epoch 38/100 batch 52/66 (79%) running_loss=0.3494
train epoch 38/100 batch 65/66 (98%) running_loss=0.3499
train epoch 38/100 batch 66/66 (100%) running_loss=0.3497
epoch 38/100 done: train_loss=0.3497 val_loss=0.2391 val_accuracy=0.9180 val_macro_f1=0.8902 val_macro_auc=0.9829 (checkpoint_metric=macro_auc)
train epoch 39/100 batch 13/66 (20%) running_loss=0.3527
train epoch 39/100 batch 26/66 (39%) running_loss=0.3528
train epoch 39/100 batch 39/66 (59%) running_loss=0.3553
train epoch 39/100 batch 52/66 (79%) running_loss=0.3489
train epoch 39/100 batch 65/66 (98%) running_loss=0.3523
train epoch 39/100 batch 66/66 (100%) running_loss=0.3522
epoch 39/100 done: train_loss=0.3522 val_loss=0.2352 val_accuracy=0.9201 val_macro_f1=0.8939 val_macro_auc=0.9844 (checkpoint_metric=macro_auc)
train epoch 40/100 batch 13/66 (20%) running_loss=0.3422
train epoch 40/100 batch 26/66 (39%) running_loss=0.3423
train epoch 40/100 batch 39/66 (59%) running_loss=0.3389
train epoch 40/100 batch 52/66 (79%) running_loss=0.3384
train epoch 40/100 batch 65/66 (98%) running_loss=0.3433
train epoch 40/100 batch 66/66 (100%) running_loss=0.3432
epoch 40/100 done: train_loss=0.3432 val_loss=0.2519 val_accuracy=0.9160 val_macro_f1=0.8906 val_macro_auc=0.9815 (checkpoint_metric=macro_auc)
train epoch 41/100 batch 13/66 (20%) running_loss=0.3430
train epoch 41/100 batch 26/66 (39%) running_loss=0.3332
train epoch 41/100 batch 39/66 (59%) running_loss=0.3318
train epoch 41/100 batch 52/66 (79%) running_loss=0.3347
train epoch 41/100 batch 65/66 (98%) running_loss=0.3381
train epoch 41/100 batch 66/66 (100%) running_loss=0.3381
epoch 41/100 done: train_loss=0.3381 val_loss=0.2315 val_accuracy=0.9221 val_macro_f1=0.8958 val_macro_auc=0.9826 (checkpoint_metric=macro_auc)
train epoch 42/100 batch 13/66 (20%) running_loss=0.3258
train epoch 42/100 batch 26/66 (39%) running_loss=0.3370
train epoch 42/100 batch 39/66 (59%) running_loss=0.3338
train epoch 42/100 batch 52/66 (79%) running_loss=0.3343
train epoch 42/100 batch 65/66 (98%) running_loss=0.3353
train epoch 42/100 batch 66/66 (100%) running_loss=0.3372
epoch 42/100 done: train_loss=0.3372 val_loss=0.2472 val_accuracy=0.9221 val_macro_f1=0.8989 val_macro_auc=0.9810 (checkpoint_metric=macro_auc)
train epoch 43/100 batch 13/66 (20%) running_loss=0.3271
train epoch 43/100 batch 26/66 (39%) running_loss=0.3237
train epoch 43/100 batch 39/66 (59%) running_loss=0.3274
train epoch 43/100 batch 52/66 (79%) running_loss=0.3297
train epoch 43/100 batch 65/66 (98%) running_loss=0.3319
train epoch 43/100 batch 66/66 (100%) running_loss=0.3318
epoch 43/100 done: train_loss=0.3318 val_loss=0.2411 val_accuracy=0.9262 val_macro_f1=0.9025 val_macro_auc=0.9814 (checkpoint_metric=macro_auc)
train epoch 44/100 batch 13/66 (20%) running_loss=0.3197
train epoch 44/100 batch 26/66 (39%) running_loss=0.3205
train epoch 44/100 batch 39/66 (59%) running_loss=0.3210
train epoch 44/100 batch 52/66 (79%) running_loss=0.3203
train epoch 44/100 batch 65/66 (98%) running_loss=0.3218
train epoch 44/100 batch 66/66 (100%) running_loss=0.3221
epoch 44/100 done: train_loss=0.3221 val_loss=0.2440 val_accuracy=0.9242 val_macro_f1=0.9019 val_macro_auc=0.9832 (checkpoint_metric=macro_auc)
train epoch 45/100 batch 13/66 (20%) running_loss=0.3244
train epoch 45/100 batch 26/66 (39%) running_loss=0.3202
train epoch 45/100 batch 39/66 (59%) running_loss=0.3228
train epoch 45/100 batch 52/66 (79%) running_loss=0.3247
train epoch 45/100 batch 65/66 (98%) running_loss=0.3300
train epoch 45/100 batch 66/66 (100%) running_loss=0.3299
epoch 45/100 done: train_loss=0.3299 val_loss=0.2475 val_accuracy=0.9242 val_macro_f1=0.9004 val_macro_auc=0.9825 (checkpoint_metric=macro_auc)
train epoch 46/100 batch 13/66 (20%) running_loss=0.3293
train epoch 46/100 batch 26/66 (39%) running_loss=0.3243
train epoch 46/100 batch 39/66 (59%) running_loss=0.3248
train epoch 46/100 batch 52/66 (79%) running_loss=0.3278
train epoch 46/100 batch 65/66 (98%) running_loss=0.3272
train epoch 46/100 batch 66/66 (100%) running_loss=0.3273
epoch 46/100 done: train_loss=0.3273 val_loss=0.2478 val_accuracy=0.9324 val_macro_f1=0.9097 val_macro_auc=0.9804 (checkpoint_metric=macro_auc)
train epoch 47/100 batch 13/66 (20%) running_loss=0.3354
train epoch 47/100 batch 26/66 (39%) running_loss=0.3301
train epoch 47/100 batch 39/66 (59%) running_loss=0.3257
train epoch 47/100 batch 52/66 (79%) running_loss=0.3238
train epoch 47/100 batch 65/66 (98%) running_loss=0.3235
train epoch 47/100 batch 66/66 (100%) running_loss=0.3234
epoch 47/100 done: train_loss=0.3234 val_loss=0.2554 val_accuracy=0.9180 val_macro_f1=0.8931 val_macro_auc=0.9782 (checkpoint_metric=macro_auc)
train epoch 48/100 batch 13/66 (20%) running_loss=0.3344
train epoch 48/100 batch 26/66 (39%) running_loss=0.3304
train epoch 48/100 batch 39/66 (59%) running_loss=0.3272
train epoch 48/100 batch 52/66 (79%) running_loss=0.3263
train epoch 48/100 batch 65/66 (98%) running_loss=0.3285
train epoch 48/100 batch 66/66 (100%) running_loss=0.3283
epoch 48/100 done: train_loss=0.3283 val_loss=0.2497 val_accuracy=0.9303 val_macro_f1=0.9087 val_macro_auc=0.9800 (checkpoint_metric=macro_auc)
train epoch 49/100 batch 13/66 (20%) running_loss=0.3248
train epoch 49/100 batch 26/66 (39%) running_loss=0.3296
train epoch 49/100 batch 39/66 (59%) running_loss=0.3307
train epoch 49/100 batch 52/66 (79%) running_loss=0.3291
train epoch 49/100 batch 65/66 (98%) running_loss=0.3283
train epoch 49/100 batch 66/66 (100%) running_loss=0.3288
epoch 49/100 done: train_loss=0.3288 val_loss=0.2499 val_accuracy=0.9262 val_macro_f1=0.9021 val_macro_auc=0.9816 (checkpoint_metric=macro_auc)
train epoch 50/100 batch 13/66 (20%) running_loss=0.3280
train epoch 50/100 batch 26/66 (39%) running_loss=0.3226
train epoch 50/100 batch 39/66 (59%) running_loss=0.3205
train epoch 50/100 batch 52/66 (79%) running_loss=0.3230
train epoch 50/100 batch 65/66 (98%) running_loss=0.3261
train epoch 50/100 batch 66/66 (100%) running_loss=0.3259
epoch 50/100 done: train_loss=0.3259 val_loss=0.2414 val_accuracy=0.9201 val_macro_f1=0.8955 val_macro_auc=0.9810 (checkpoint_metric=macro_auc)
train epoch 51/100 batch 13/66 (20%) running_loss=0.3264
train epoch 51/100 batch 26/66 (39%) running_loss=0.3222
train epoch 51/100 batch 39/66 (59%) running_loss=0.3244
train epoch 51/100 batch 52/66 (79%) running_loss=0.3225
train epoch 51/100 batch 65/66 (98%) running_loss=0.3233
train epoch 51/100 batch 66/66 (100%) running_loss=0.3233
epoch 51/100 done: train_loss=0.3233 val_loss=0.2478 val_accuracy=0.9283 val_macro_f1=0.9064 val_macro_auc=0.9809 (checkpoint_metric=macro_auc)
train epoch 52/100 batch 13/66 (20%) running_loss=0.3167
train epoch 52/100 batch 26/66 (39%) running_loss=0.3213
train epoch 52/100 batch 39/66 (59%) running_loss=0.3240
train epoch 52/100 batch 52/66 (79%) running_loss=0.3280
train epoch 52/100 batch 65/66 (98%) running_loss=0.3304
train epoch 52/100 batch 66/66 (100%) running_loss=0.3302
epoch 52/100 done: train_loss=0.3302 val_loss=0.2406 val_accuracy=0.9283 val_macro_f1=0.9037 val_macro_auc=0.9833 (checkpoint_metric=macro_auc)
train epoch 53/100 batch 13/66 (20%) running_loss=0.3189
train epoch 53/100 batch 26/66 (39%) running_loss=0.3219
train epoch 53/100 batch 39/66 (59%) running_loss=0.3216
train epoch 53/100 batch 52/66 (79%) running_loss=0.3238
train epoch 53/100 batch 65/66 (98%) running_loss=0.3230
train epoch 53/100 batch 66/66 (100%) running_loss=0.3228
epoch 53/100 done: train_loss=0.3228 val_loss=0.2519 val_accuracy=0.9303 val_macro_f1=0.9090 val_macro_auc=0.9810 (checkpoint_metric=macro_auc)
train epoch 54/100 batch 13/66 (20%) running_loss=0.3277
train epoch 54/100 batch 26/66 (39%) running_loss=0.3252
train epoch 54/100 batch 39/66 (59%) running_loss=0.3232
train epoch 54/100 batch 52/66 (79%) running_loss=0.3212
train epoch 54/100 batch 65/66 (98%) running_loss=0.3227
train epoch 54/100 batch 66/66 (100%) running_loss=0.3226
epoch 54/100 done: train_loss=0.3226 val_loss=0.2370 val_accuracy=0.9262 val_macro_f1=0.9027 val_macro_auc=0.9814 (checkpoint_metric=macro_auc)
train epoch 55/100 batch 13/66 (20%) running_loss=0.3212
train epoch 55/100 batch 26/66 (39%) running_loss=0.3204
train epoch 55/100 batch 39/66 (59%) running_loss=0.3177
train epoch 55/100 batch 52/66 (79%) running_loss=0.3204
train epoch 55/100 batch 65/66 (98%) running_loss=0.3227
train epoch 55/100 batch 66/66 (100%) running_loss=0.3237
epoch 55/100 done: train_loss=0.3237 val_loss=0.2542 val_accuracy=0.9283 val_macro_f1=0.9058 val_macro_auc=0.9809 (checkpoint_metric=macro_auc)
train epoch 56/100 batch 13/66 (20%) running_loss=0.3229
train epoch 56/100 batch 26/66 (39%) running_loss=0.3175
train epoch 56/100 batch 39/66 (59%) running_loss=0.3164
train epoch 56/100 batch 52/66 (79%) running_loss=0.3199
train epoch 56/100 batch 65/66 (98%) running_loss=0.3184
train epoch 56/100 batch 66/66 (100%) running_loss=0.3182
epoch 56/100 done: train_loss=0.3182 val_loss=0.2575 val_accuracy=0.9221 val_macro_f1=0.8990 val_macro_auc=0.9809 (checkpoint_metric=macro_auc)
train epoch 57/100 batch 13/66 (20%) running_loss=0.3184
train epoch 57/100 batch 26/66 (39%) running_loss=0.3158
train epoch 57/100 batch 39/66 (59%) running_loss=0.3170
train epoch 57/100 batch 52/66 (79%) running_loss=0.3161
train epoch 57/100 batch 65/66 (98%) running_loss=0.3181
train epoch 57/100 batch 66/66 (100%) running_loss=0.3181
epoch 57/100 done: train_loss=0.3181 val_loss=0.2458 val_accuracy=0.9303 val_macro_f1=0.9081 val_macro_auc=0.9822 (checkpoint_metric=macro_auc)
train epoch 58/100 batch 13/66 (20%) running_loss=0.3200
train epoch 58/100 batch 26/66 (39%) running_loss=0.3172
train epoch 58/100 batch 39/66 (59%) running_loss=0.3152
train epoch 58/100 batch 52/66 (79%) running_loss=0.3163
train epoch 58/100 batch 65/66 (98%) running_loss=0.3153
train epoch 58/100 batch 66/66 (100%) running_loss=0.3152
epoch 58/100 done: train_loss=0.3152 val_loss=0.2408 val_accuracy=0.9262 val_macro_f1=0.9029 val_macro_auc=0.9827 (checkpoint_metric=macro_auc)
train epoch 59/100 batch 13/66 (20%) running_loss=0.3155
train epoch 59/100 batch 26/66 (39%) running_loss=0.3149
train epoch 59/100 batch 39/66 (59%) running_loss=0.3122
train epoch 59/100 batch 52/66 (79%) running_loss=0.3138
train epoch 59/100 batch 65/66 (98%) running_loss=0.3146
train epoch 59/100 batch 66/66 (100%) running_loss=0.3147
epoch 59/100 done: train_loss=0.3147 val_loss=0.2599 val_accuracy=0.9221 val_macro_f1=0.8985 val_macro_auc=0.9804 (checkpoint_metric=macro_auc)
train epoch 60/100 batch 13/66 (20%) running_loss=0.3250
train epoch 60/100 batch 26/66 (39%) running_loss=0.3180
train epoch 60/100 batch 39/66 (59%) running_loss=0.3181
train epoch 60/100 batch 52/66 (79%) running_loss=0.3203
train epoch 60/100 batch 65/66 (98%) running_loss=0.3195
train epoch 60/100 batch 66/66 (100%) running_loss=0.3207
epoch 60/100 done: train_loss=0.3207 val_loss=0.2436 val_accuracy=0.9303 val_macro_f1=0.9080 val_macro_auc=0.9808 (checkpoint_metric=macro_auc)
train epoch 61/100 batch 13/66 (20%) running_loss=0.3182
train epoch 61/100 batch 26/66 (39%) running_loss=0.3191
train epoch 61/100 batch 39/66 (59%) running_loss=0.3202
train epoch 61/100 batch 52/66 (79%) running_loss=0.3186
train epoch 61/100 batch 65/66 (98%) running_loss=0.3177
train epoch 61/100 batch 66/66 (100%) running_loss=0.3177
epoch 61/100 done: train_loss=0.3177 val_loss=0.2367 val_accuracy=0.9283 val_macro_f1=0.9058 val_macro_auc=0.9835 (checkpoint_metric=macro_auc)
train epoch 62/100 batch 13/66 (20%) running_loss=0.3220
train epoch 62/100 batch 26/66 (39%) running_loss=0.3206
train epoch 62/100 batch 39/66 (59%) running_loss=0.3190
train epoch 62/100 batch 52/66 (79%) running_loss=0.3158
train epoch 62/100 batch 65/66 (98%) running_loss=0.3153
train epoch 62/100 batch 66/66 (100%) running_loss=0.3151
epoch 62/100 done: train_loss=0.3151 val_loss=0.2572 val_accuracy=0.9221 val_macro_f1=0.8985 val_macro_auc=0.9808 (checkpoint_metric=macro_auc)
train epoch 63/100 batch 13/66 (20%) running_loss=0.3105
train epoch 63/100 batch 26/66 (39%) running_loss=0.3119
train epoch 63/100 batch 39/66 (59%) running_loss=0.3158
train epoch 63/100 batch 52/66 (79%) running_loss=0.3175
train epoch 63/100 batch 65/66 (98%) running_loss=0.3168
train epoch 63/100 batch 66/66 (100%) running_loss=0.3168
epoch 63/100 done: train_loss=0.3168 val_loss=0.2534 val_accuracy=0.9221 val_macro_f1=0.8993 val_macro_auc=0.9824 (checkpoint_metric=macro_auc)
train epoch 64/100 batch 13/66 (20%) running_loss=0.3229
train epoch 64/100 batch 26/66 (39%) running_loss=0.3178
train epoch 64/100 batch 39/66 (59%) running_loss=0.3177
train epoch 64/100 batch 52/66 (79%) running_loss=0.3167
train epoch 64/100 batch 65/66 (98%) running_loss=0.3172
train epoch 64/100 batch 66/66 (100%) running_loss=0.3170
epoch 64/100 done: train_loss=0.3170 val_loss=0.2447 val_accuracy=0.9303 val_macro_f1=0.9084 val_macro_auc=0.9816 (checkpoint_metric=macro_auc)
train epoch 65/100 batch 13/66 (20%) running_loss=0.3152
train epoch 65/100 batch 26/66 (39%) running_loss=0.3154
train epoch 65/100 batch 39/66 (59%) running_loss=0.3133
train epoch 65/100 batch 52/66 (79%) running_loss=0.3124
train epoch 65/100 batch 65/66 (98%) running_loss=0.3130
train epoch 65/100 batch 66/66 (100%) running_loss=0.3128
epoch 65/100 done: train_loss=0.3128 val_loss=0.2397 val_accuracy=0.9303 val_macro_f1=0.9096 val_macro_auc=0.9839 (checkpoint_metric=macro_auc)
train epoch 66/100 batch 13/66 (20%) running_loss=0.3397
train epoch 66/100 batch 26/66 (39%) running_loss=0.3376
train epoch 66/100 batch 39/66 (59%) running_loss=0.3298
train epoch 66/100 batch 52/66 (79%) running_loss=0.3268
train epoch 66/100 batch 65/66 (98%) running_loss=0.3274
train epoch 66/100 batch 66/66 (100%) running_loss=0.3286
epoch 66/100 done: train_loss=0.3286 val_loss=0.2363 val_accuracy=0.9242 val_macro_f1=0.9001 val_macro_auc=0.9818 (checkpoint_metric=macro_auc)
train epoch 67/100 batch 13/66 (20%) running_loss=0.3078
train epoch 67/100 batch 26/66 (39%) running_loss=0.3077
train epoch 67/100 batch 39/66 (59%) running_loss=0.3103
train epoch 67/100 batch 52/66 (79%) running_loss=0.3098
train epoch 67/100 batch 65/66 (98%) running_loss=0.3100
train epoch 67/100 batch 66/66 (100%) running_loss=0.3101
epoch 67/100 done: train_loss=0.3101 val_loss=0.2429 val_accuracy=0.9324 val_macro_f1=0.9104 val_macro_auc=0.9810 (checkpoint_metric=macro_auc)
train epoch 68/100 batch 13/66 (20%) running_loss=0.3111
train epoch 68/100 batch 26/66 (39%) running_loss=0.3106
train epoch 68/100 batch 39/66 (59%) running_loss=0.3124
train epoch 68/100 batch 52/66 (79%) running_loss=0.3120
train epoch 68/100 batch 65/66 (98%) running_loss=0.3128
train epoch 68/100 batch 66/66 (100%) running_loss=0.3129
epoch 68/100 done: train_loss=0.3129 val_loss=0.2525 val_accuracy=0.9262 val_macro_f1=0.9040 val_macro_auc=0.9805 (checkpoint_metric=macro_auc)
train epoch 69/100 batch 13/66 (20%) running_loss=0.3130
train epoch 69/100 batch 26/66 (39%) running_loss=0.3121
train epoch 69/100 batch 39/66 (59%) running_loss=0.3120
train epoch 69/100 batch 52/66 (79%) running_loss=0.3112
train epoch 69/100 batch 65/66 (98%) running_loss=0.3119
train epoch 69/100 batch 66/66 (100%) running_loss=0.3121
epoch 69/100 done: train_loss=0.3121 val_loss=0.2393 val_accuracy=0.9283 val_macro_f1=0.9067 val_macro_auc=0.9842 (checkpoint_metric=macro_auc)
train epoch 70/100 batch 13/66 (20%) running_loss=0.3077
train epoch 70/100 batch 26/66 (39%) running_loss=0.3097
train epoch 70/100 batch 39/66 (59%) running_loss=0.3104
train epoch 70/100 batch 52/66 (79%) running_loss=0.3110
train epoch 70/100 batch 65/66 (98%) running_loss=0.3104
train epoch 70/100 batch 66/66 (100%) running_loss=0.3103
epoch 70/100 done: train_loss=0.3103 val_loss=0.2580 val_accuracy=0.9201 val_macro_f1=0.8967 val_macro_auc=0.9805 (checkpoint_metric=macro_auc)
train epoch 71/100 batch 13/66 (20%) running_loss=0.3223
train epoch 71/100 batch 26/66 (39%) running_loss=0.3188
train epoch 71/100 batch 39/66 (59%) running_loss=0.3175
train epoch 71/100 batch 52/66 (79%) running_loss=0.3167
train epoch 71/100 batch 65/66 (98%) running_loss=0.3156
train epoch 71/100 batch 66/66 (100%) running_loss=0.3155
epoch 71/100 done: train_loss=0.3155 val_loss=0.2598 val_accuracy=0.9242 val_macro_f1=0.9017 val_macro_auc=0.9806 (checkpoint_metric=macro_auc)
train epoch 72/100 batch 13/66 (20%) running_loss=0.3059
train epoch 72/100 batch 26/66 (39%) running_loss=0.3070
train epoch 72/100 batch 39/66 (59%) running_loss=0.3129
train epoch 72/100 batch 52/66 (79%) running_loss=0.3121
train epoch 72/100 batch 65/66 (98%) running_loss=0.3127
train epoch 72/100 batch 66/66 (100%) running_loss=0.3142
epoch 72/100 done: train_loss=0.3142 val_loss=0.2532 val_accuracy=0.9221 val_macro_f1=0.8987 val_macro_auc=0.9794 (checkpoint_metric=macro_auc)
train epoch 73/100 batch 13/66 (20%) running_loss=0.3110
train epoch 73/100 batch 26/66 (39%) running_loss=0.3128
train epoch 73/100 batch 39/66 (59%) running_loss=0.3108
train epoch 73/100 batch 52/66 (79%) running_loss=0.3097
train epoch 73/100 batch 65/66 (98%) running_loss=0.3124
train epoch 73/100 batch 66/66 (100%) running_loss=0.3123
epoch 73/100 done: train_loss=0.3123 val_loss=0.2493 val_accuracy=0.9262 val_macro_f1=0.9040 val_macro_auc=0.9808 (checkpoint_metric=macro_auc)
train epoch 74/100 batch 13/66 (20%) running_loss=0.3155
train epoch 74/100 batch 26/66 (39%) running_loss=0.3168
train epoch 74/100 batch 39/66 (59%) running_loss=0.3150
train epoch 74/100 batch 52/66 (79%) running_loss=0.3121
train epoch 74/100 batch 65/66 (98%) running_loss=0.3143
train epoch 74/100 batch 66/66 (100%) running_loss=0.3144
epoch 74/100 done: train_loss=0.3144 val_loss=0.2547 val_accuracy=0.9262 val_macro_f1=0.9040 val_macro_auc=0.9809 (checkpoint_metric=macro_auc)
train epoch 75/100 batch 13/66 (20%) running_loss=0.3207
train epoch 75/100 batch 26/66 (39%) running_loss=0.3127
train epoch 75/100 batch 39/66 (59%) running_loss=0.3130
train epoch 75/100 batch 52/66 (79%) running_loss=0.3121
train epoch 75/100 batch 65/66 (98%) running_loss=0.3126
train epoch 75/100 batch 66/66 (100%) running_loss=0.3125
epoch 75/100 done: train_loss=0.3125 val_loss=0.2585 val_accuracy=0.9242 val_macro_f1=0.9013 val_macro_auc=0.9808 (checkpoint_metric=macro_auc)
train epoch 76/100 batch 13/66 (20%) running_loss=0.3070
train epoch 76/100 batch 26/66 (39%) running_loss=0.3109
train epoch 76/100 batch 39/66 (59%) running_loss=0.3119
train epoch 76/100 batch 52/66 (79%) running_loss=0.3151
train epoch 76/100 batch 65/66 (98%) running_loss=0.3137
train epoch 76/100 batch 66/66 (100%) running_loss=0.3136
epoch 76/100 done: train_loss=0.3136 val_loss=0.2630 val_accuracy=0.9221 val_macro_f1=0.8992 val_macro_auc=0.9808 (checkpoint_metric=macro_auc)
train epoch 77/100 batch 13/66 (20%) running_loss=0.3068
train epoch 77/100 batch 26/66 (39%) running_loss=0.3073
train epoch 77/100 batch 39/66 (59%) running_loss=0.3097
train epoch 77/100 batch 52/66 (79%) running_loss=0.3089
train epoch 77/100 batch 65/66 (98%) running_loss=0.3085
train epoch 77/100 batch 66/66 (100%) running_loss=0.3084
epoch 77/100 done: train_loss=0.3084 val_loss=0.2543 val_accuracy=0.9201 val_macro_f1=0.8967 val_macro_auc=0.9804 (checkpoint_metric=macro_auc)
train epoch 78/100 batch 13/66 (20%) running_loss=0.3137
train epoch 78/100 batch 26/66 (39%) running_loss=0.3157
train epoch 78/100 batch 39/66 (59%) running_loss=0.3149
train epoch 78/100 batch 52/66 (79%) running_loss=0.3139
train epoch 78/100 batch 65/66 (98%) running_loss=0.3137
train epoch 78/100 batch 66/66 (100%) running_loss=0.3136
epoch 78/100 done: train_loss=0.3136 val_loss=0.2523 val_accuracy=0.9262 val_macro_f1=0.9042 val_macro_auc=0.9819 (checkpoint_metric=macro_auc)
train epoch 79/100 batch 13/66 (20%) running_loss=0.3209
train epoch 79/100 batch 26/66 (39%) running_loss=0.3132
train epoch 79/100 batch 39/66 (59%) running_loss=0.3152
train epoch 79/100 batch 52/66 (79%) running_loss=0.3143
train epoch 79/100 batch 65/66 (98%) running_loss=0.3129
train epoch 79/100 batch 66/66 (100%) running_loss=0.3128
epoch 79/100 done: train_loss=0.3128 val_loss=0.2437 val_accuracy=0.9283 val_macro_f1=0.9065 val_macro_auc=0.9828 (checkpoint_metric=macro_auc)
train epoch 80/100 batch 13/66 (20%) running_loss=0.3137
train epoch 80/100 batch 26/66 (39%) running_loss=0.3097
train epoch 80/100 batch 39/66 (59%) running_loss=0.3127
train epoch 80/100 batch 52/66 (79%) running_loss=0.3125
train epoch 80/100 batch 65/66 (98%) running_loss=0.3121
train epoch 80/100 batch 66/66 (100%) running_loss=0.3120
epoch 80/100 done: train_loss=0.3120 val_loss=0.2408 val_accuracy=0.9303 val_macro_f1=0.9099 val_macro_auc=0.9824 (checkpoint_metric=macro_auc)
train epoch 81/100 batch 13/66 (20%) running_loss=0.3118
train epoch 81/100 batch 26/66 (39%) running_loss=0.3102
train epoch 81/100 batch 39/66 (59%) running_loss=0.3131
train epoch 81/100 batch 52/66 (79%) running_loss=0.3135
train epoch 81/100 batch 65/66 (98%) running_loss=0.3135
train epoch 81/100 batch 66/66 (100%) running_loss=0.3142
epoch 81/100 done: train_loss=0.3142 val_loss=0.2313 val_accuracy=0.9324 val_macro_f1=0.9110 val_macro_auc=0.9825 (checkpoint_metric=macro_auc)
train epoch 82/100 batch 13/66 (20%) running_loss=0.3205
train epoch 82/100 batch 26/66 (39%) running_loss=0.3193
train epoch 82/100 batch 39/66 (59%) running_loss=0.3169
train epoch 82/100 batch 52/66 (79%) running_loss=0.3149
train epoch 82/100 batch 65/66 (98%) running_loss=0.3129
train epoch 82/100 batch 66/66 (100%) running_loss=0.3128
epoch 82/100 done: train_loss=0.3128 val_loss=0.2451 val_accuracy=0.9283 val_macro_f1=0.9059 val_macro_auc=0.9816 (checkpoint_metric=macro_auc)
train epoch 83/100 batch 13/66 (20%) running_loss=0.3276
train epoch 83/100 batch 26/66 (39%) running_loss=0.3180
train epoch 83/100 batch 39/66 (59%) running_loss=0.3166
train epoch 83/100 batch 52/66 (79%) running_loss=0.3157
train epoch 83/100 batch 65/66 (98%) running_loss=0.3146
train epoch 83/100 batch 66/66 (100%) running_loss=0.3146
epoch 83/100 done: train_loss=0.3146 val_loss=0.2505 val_accuracy=0.9221 val_macro_f1=0.8990 val_macro_auc=0.9808 (checkpoint_metric=macro_auc)
train epoch 84/100 batch 13/66 (20%) running_loss=0.3166
train epoch 84/100 batch 26/66 (39%) running_loss=0.3166
train epoch 84/100 batch 39/66 (59%) running_loss=0.3127
train epoch 84/100 batch 52/66 (79%) running_loss=0.3111
train epoch 84/100 batch 65/66 (98%) running_loss=0.3107
train epoch 84/100 batch 66/66 (100%) running_loss=0.3106
epoch 84/100 done: train_loss=0.3106 val_loss=0.2385 val_accuracy=0.9262 val_macro_f1=0.9041 val_macro_auc=0.9835 (checkpoint_metric=macro_auc)
train epoch 85/100 batch 13/66 (20%) running_loss=0.3145
train epoch 85/100 batch 26/66 (39%) running_loss=0.3145
train epoch 85/100 batch 39/66 (59%) running_loss=0.3119
train epoch 85/100 batch 52/66 (79%) running_loss=0.3117
train epoch 85/100 batch 65/66 (98%) running_loss=0.3136
train epoch 85/100 batch 66/66 (100%) running_loss=0.3145
epoch 85/100 done: train_loss=0.3145 val_loss=0.2365 val_accuracy=0.9283 val_macro_f1=0.9070 val_macro_auc=0.9813 (checkpoint_metric=macro_auc)
train epoch 86/100 batch 13/66 (20%) running_loss=0.3074
train epoch 86/100 batch 26/66 (39%) running_loss=0.3073
train epoch 86/100 batch 39/66 (59%) running_loss=0.3081
train epoch 86/100 batch 52/66 (79%) running_loss=0.3091
train epoch 86/100 batch 65/66 (98%) running_loss=0.3091
train epoch 86/100 batch 66/66 (100%) running_loss=0.3090
epoch 86/100 done: train_loss=0.3090 val_loss=0.2560 val_accuracy=0.9262 val_macro_f1=0.9042 val_macro_auc=0.9819 (checkpoint_metric=macro_auc)
train epoch 87/100 batch 13/66 (20%) running_loss=0.3107
train epoch 87/100 batch 26/66 (39%) running_loss=0.3088
train epoch 87/100 batch 39/66 (59%) running_loss=0.3096
train epoch 87/100 batch 52/66 (79%) running_loss=0.3099
train epoch 87/100 batch 65/66 (98%) running_loss=0.3091
train epoch 87/100 batch 66/66 (100%) running_loss=0.3091
epoch 87/100 done: train_loss=0.3091 val_loss=0.2501 val_accuracy=0.9262 val_macro_f1=0.9038 val_macro_auc=0.9813 (checkpoint_metric=macro_auc)
train epoch 88/100 batch 13/66 (20%) running_loss=0.3119
train epoch 88/100 batch 26/66 (39%) running_loss=0.3210
train epoch 88/100 batch 39/66 (59%) running_loss=0.3196
train epoch 88/100 batch 52/66 (79%) running_loss=0.3163
train epoch 88/100 batch 65/66 (98%) running_loss=0.3147
train epoch 88/100 batch 66/66 (100%) running_loss=0.3146
epoch 88/100 done: train_loss=0.3146 val_loss=0.2598 val_accuracy=0.9221 val_macro_f1=0.9000 val_macro_auc=0.9818 (checkpoint_metric=macro_auc)
train epoch 89/100 batch 13/66 (20%) running_loss=0.3046
train epoch 89/100 batch 26/66 (39%) running_loss=0.3087
train epoch 89/100 batch 39/66 (59%) running_loss=0.3077
train epoch 89/100 batch 52/66 (79%) running_loss=0.3107
train epoch 89/100 batch 65/66 (98%) running_loss=0.3098
train epoch 89/100 batch 66/66 (100%) running_loss=0.3104
epoch 89/100 done: train_loss=0.3104 val_loss=0.2501 val_accuracy=0.9262 val_macro_f1=0.9038 val_macro_auc=0.9809 (checkpoint_metric=macro_auc)
train epoch 90/100 batch 13/66 (20%) running_loss=0.3082
train epoch 90/100 batch 26/66 (39%) running_loss=0.3085
train epoch 90/100 batch 39/66 (59%) running_loss=0.3093
train epoch 90/100 batch 52/66 (79%) running_loss=0.3102
train epoch 90/100 batch 65/66 (98%) running_loss=0.3096
train epoch 90/100 batch 66/66 (100%) running_loss=0.3095
epoch 90/100 done: train_loss=0.3095 val_loss=0.2523 val_accuracy=0.9262 val_macro_f1=0.9048 val_macro_auc=0.9821 (checkpoint_metric=macro_auc)
train epoch 91/100 batch 13/66 (20%) running_loss=0.3112
train epoch 91/100 batch 26/66 (39%) running_loss=0.3116
train epoch 91/100 batch 39/66 (59%) running_loss=0.3117
train epoch 91/100 batch 52/66 (79%) running_loss=0.3117
train epoch 91/100 batch 65/66 (98%) running_loss=0.3116
train epoch 91/100 batch 66/66 (100%) running_loss=0.3114
epoch 91/100 done: train_loss=0.3114 val_loss=0.2666 val_accuracy=0.9201 val_macro_f1=0.8972 val_macro_auc=0.9782 (checkpoint_metric=macro_auc)
train epoch 92/100 batch 13/66 (20%) running_loss=0.3081
train epoch 92/100 batch 26/66 (39%) running_loss=0.3108
train epoch 92/100 batch 39/66 (59%) running_loss=0.3115
train epoch 92/100 batch 52/66 (79%) running_loss=0.3096
train epoch 92/100 batch 65/66 (98%) running_loss=0.3104
train epoch 92/100 batch 66/66 (100%) running_loss=0.3107
epoch 92/100 done: train_loss=0.3107 val_loss=0.2479 val_accuracy=0.9242 val_macro_f1=0.9016 val_macro_auc=0.9800 (checkpoint_metric=macro_auc)
train epoch 93/100 batch 13/66 (20%) running_loss=0.3192
train epoch 93/100 batch 26/66 (39%) running_loss=0.3161
train epoch 93/100 batch 39/66 (59%) running_loss=0.3135
train epoch 93/100 batch 52/66 (79%) running_loss=0.3112
train epoch 93/100 batch 65/66 (98%) running_loss=0.3104
train epoch 93/100 batch 66/66 (100%) running_loss=0.3103
epoch 93/100 done: train_loss=0.3103 val_loss=0.2540 val_accuracy=0.9201 val_macro_f1=0.8968 val_macro_auc=0.9805 (checkpoint_metric=macro_auc)
train epoch 94/100 batch 13/66 (20%) running_loss=0.3174
train epoch 94/100 batch 26/66 (39%) running_loss=0.3133
train epoch 94/100 batch 39/66 (59%) running_loss=0.3106
train epoch 94/100 batch 52/66 (79%) running_loss=0.3106
train epoch 94/100 batch 65/66 (98%) running_loss=0.3119
train epoch 94/100 batch 66/66 (100%) running_loss=0.3122
epoch 94/100 done: train_loss=0.3122 val_loss=0.2485 val_accuracy=0.9242 val_macro_f1=0.9010 val_macro_auc=0.9815 (checkpoint_metric=macro_auc)
train epoch 95/100 batch 13/66 (20%) running_loss=0.3071
train epoch 95/100 batch 26/66 (39%) running_loss=0.3126
train epoch 95/100 batch 39/66 (59%) running_loss=0.3138
train epoch 95/100 batch 52/66 (79%) running_loss=0.3129
train epoch 95/100 batch 65/66 (98%) running_loss=0.3119
train epoch 95/100 batch 66/66 (100%) running_loss=0.3118
epoch 95/100 done: train_loss=0.3118 val_loss=0.2532 val_accuracy=0.9221 val_macro_f1=0.9000 val_macro_auc=0.9810 (checkpoint_metric=macro_auc)
train epoch 96/100 batch 13/66 (20%) running_loss=0.3125
train epoch 96/100 batch 26/66 (39%) running_loss=0.3110
train epoch 96/100 batch 39/66 (59%) running_loss=0.3158
train epoch 96/100 batch 52/66 (79%) running_loss=0.3141
train epoch 96/100 batch 65/66 (98%) running_loss=0.3131
train epoch 96/100 batch 66/66 (100%) running_loss=0.3133
epoch 96/100 done: train_loss=0.3133 val_loss=0.2493 val_accuracy=0.9242 val_macro_f1=0.9028 val_macro_auc=0.9820 (checkpoint_metric=macro_auc)
train epoch 97/100 batch 13/66 (20%) running_loss=0.3154
train epoch 97/100 batch 26/66 (39%) running_loss=0.3118
train epoch 97/100 batch 39/66 (59%) running_loss=0.3133
train epoch 97/100 batch 52/66 (79%) running_loss=0.3105
train epoch 97/100 batch 65/66 (98%) running_loss=0.3093
train epoch 97/100 batch 66/66 (100%) running_loss=0.3092
epoch 97/100 done: train_loss=0.3092 val_loss=0.2556 val_accuracy=0.9242 val_macro_f1=0.9016 val_macro_auc=0.9801 (checkpoint_metric=macro_auc)
train epoch 98/100 batch 13/66 (20%) running_loss=0.3021
train epoch 98/100 batch 26/66 (39%) running_loss=0.3038
train epoch 98/100 batch 39/66 (59%) running_loss=0.3069
train epoch 98/100 batch 52/66 (79%) running_loss=0.3088
train epoch 98/100 batch 65/66 (98%) running_loss=0.3097
train epoch 98/100 batch 66/66 (100%) running_loss=0.3096
epoch 98/100 done: train_loss=0.3096 val_loss=0.2398 val_accuracy=0.9283 val_macro_f1=0.9058 val_macro_auc=0.9825 (checkpoint_metric=macro_auc)
train epoch 99/100 batch 13/66 (20%) running_loss=0.3118
train epoch 99/100 batch 26/66 (39%) running_loss=0.3108
train epoch 99/100 batch 39/66 (59%) running_loss=0.3114
train epoch 99/100 batch 52/66 (79%) running_loss=0.3115
train epoch 99/100 batch 65/66 (98%) running_loss=0.3129
train epoch 99/100 batch 66/66 (100%) running_loss=0.3127
epoch 99/100 done: train_loss=0.3127 val_loss=0.2498 val_accuracy=0.9262 val_macro_f1=0.9036 val_macro_auc=0.9811 (checkpoint_metric=macro_auc)
train epoch 100/100 batch 13/66 (20%) running_loss=0.3072
train epoch 100/100 batch 26/66 (39%) running_loss=0.3106
train epoch 100/100 batch 39/66 (59%) running_loss=0.3125
train epoch 100/100 batch 52/66 (79%) running_loss=0.3138
train epoch 100/100 batch 65/66 (98%) running_loss=0.3122
train epoch 100/100 batch 66/66 (100%) running_loss=0.3121
epoch 100/100 done: train_loss=0.3121 val_loss=0.2584 val_accuracy=0.9262 val_macro_f1=0.9045 val_macro_auc=0.9806 (checkpoint_metric=macro_auc)
Training finished. Best epoch=34, smoothed macro_auc=0.9849 (window=3)
Test set evaluated once: accuracy=0.8924 macro_f1=0.8844 macro_auc=0.9684
Model size: 52.86M params, 1.008 GFLOPs at 96x96

Best epoch: 34
Test accuracy:  0.8924
Test macro F1:  0.8844
Test macro AUC: 0.9684
Model size: 52.86M params, 1.008 GFLOPs
