Starting baseline training: model=densenet121 device=cuda amp=True image_size=96 epochs=50 lr=0.001 optimizer=sgd
Dataset ready: 3 classes, 2102 train / 488 val samples (split reused from outputs/baseline_densenet121_96_constant_s3/split_indices.json)
Augmentation policy: constant strength (rank-averaged), from outputs/main1/augmentation_run/selected_policy.json; strengths {'rotation': 0.0675, 'affine_translation': 0.2256, 'random_resized_crop': 0.516, 'brightness': 0.4195, 'contrast': 0.123, 'horizontal_flip': 0.5366, 'random_erasing': 0.1828}
Classes: {'glioma_tumor': 0, 'meningioma_tumor': 1, 'pituitary_tumor': 2}
Regularization: weight_decay=7.0e-04 label_smoothing=0.10 grad_clip_norm=5.0
train epoch 1/50 batch 13/66 (20%) running_loss=1.2639
train epoch 1/50 batch 26/66 (39%) running_loss=1.1155
train epoch 1/50 batch 39/66 (59%) running_loss=1.0160
train epoch 1/50 batch 52/66 (79%) running_loss=0.9407
train epoch 1/50 batch 65/66 (98%) running_loss=0.8734
train epoch 1/50 batch 66/66 (100%) running_loss=0.8700
epoch 1/50 done: train_loss=0.8700 val_loss=0.3488 val_accuracy=0.8873 val_macro_f1=0.8440 val_macro_auc=0.9669 (checkpoint_metric=macro_auc) [new best]
train epoch 2/50 batch 13/66 (20%) running_loss=0.5664
train epoch 2/50 batch 26/66 (39%) running_loss=0.5646
train epoch 2/50 batch 39/66 (59%) running_loss=0.5493
train epoch 2/50 batch 52/66 (79%) running_loss=0.5331
train epoch 2/50 batch 65/66 (98%) running_loss=0.5342
train epoch 2/50 batch 66/66 (100%) running_loss=0.5337
epoch 2/50 done: train_loss=0.5337 val_loss=0.2354 val_accuracy=0.9160 val_macro_f1=0.8827 val_macro_auc=0.9866 (checkpoint_metric=macro_auc) [new best]
train epoch 3/50 batch 13/66 (20%) running_loss=0.4510
train epoch 3/50 batch 26/66 (39%) running_loss=0.4501
train epoch 3/50 batch 39/66 (59%) running_loss=0.4443
train epoch 3/50 batch 52/66 (79%) running_loss=0.4444
train epoch 3/50 batch 65/66 (98%) running_loss=0.4431
train epoch 3/50 batch 66/66 (100%) running_loss=0.4433
epoch 3/50 done: train_loss=0.4433 val_loss=0.1958 val_accuracy=0.9344 val_macro_f1=0.9080 val_macro_auc=0.9909 (checkpoint_metric=macro_auc) [new best]
train epoch 4/50 batch 13/66 (20%) running_loss=0.4152
train epoch 4/50 batch 26/66 (39%) running_loss=0.4063
train epoch 4/50 batch 39/66 (59%) running_loss=0.4053
train epoch 4/50 batch 52/66 (79%) running_loss=0.4075
train epoch 4/50 batch 65/66 (98%) running_loss=0.4067
train epoch 4/50 batch 66/66 (100%) running_loss=0.4064
epoch 4/50 done: train_loss=0.4064 val_loss=0.2130 val_accuracy=0.9283 val_macro_f1=0.9018 val_macro_auc=0.9912 (checkpoint_metric=macro_auc) [new best]
train epoch 5/50 batch 13/66 (20%) running_loss=0.3896
train epoch 5/50 batch 26/66 (39%) running_loss=0.3774
train epoch 5/50 batch 39/66 (59%) running_loss=0.3813
train epoch 5/50 batch 52/66 (79%) running_loss=0.3847
train epoch 5/50 batch 65/66 (98%) running_loss=0.3842
train epoch 5/50 batch 66/66 (100%) running_loss=0.3842
epoch 5/50 done: train_loss=0.3842 val_loss=0.2088 val_accuracy=0.9324 val_macro_f1=0.9056 val_macro_auc=0.9917 (checkpoint_metric=macro_auc) [new best]
train epoch 6/50 batch 13/66 (20%) running_loss=0.3665
train epoch 6/50 batch 26/66 (39%) running_loss=0.3598
train epoch 6/50 batch 39/66 (59%) running_loss=0.3689
train epoch 6/50 batch 52/66 (79%) running_loss=0.3684
train epoch 6/50 batch 65/66 (98%) running_loss=0.3665
train epoch 6/50 batch 66/66 (100%) running_loss=0.3669
epoch 6/50 done: train_loss=0.3669 val_loss=0.2057 val_accuracy=0.9426 val_macro_f1=0.9199 val_macro_auc=0.9922 (checkpoint_metric=macro_auc) [new best]
train epoch 7/50 batch 13/66 (20%) running_loss=0.3637
train epoch 7/50 batch 26/66 (39%) running_loss=0.3640
train epoch 7/50 batch 39/66 (59%) running_loss=0.3656
train epoch 7/50 batch 52/66 (79%) running_loss=0.3641
train epoch 7/50 batch 65/66 (98%) running_loss=0.3613
train epoch 7/50 batch 66/66 (100%) running_loss=0.3609
epoch 7/50 done: train_loss=0.3609 val_loss=0.2348 val_accuracy=0.9303 val_macro_f1=0.9050 val_macro_auc=0.9899 (checkpoint_metric=macro_auc)
train epoch 8/50 batch 13/66 (20%) running_loss=0.3404
train epoch 8/50 batch 26/66 (39%) running_loss=0.3406
train epoch 8/50 batch 39/66 (59%) running_loss=0.3458
train epoch 8/50 batch 52/66 (79%) running_loss=0.3468
train epoch 8/50 batch 65/66 (98%) running_loss=0.3477
train epoch 8/50 batch 66/66 (100%) running_loss=0.3478
epoch 8/50 done: train_loss=0.3478 val_loss=0.2091 val_accuracy=0.9365 val_macro_f1=0.9124 val_macro_auc=0.9901 (checkpoint_metric=macro_auc)
train epoch 9/50 batch 13/66 (20%) running_loss=0.3334
train epoch 9/50 batch 26/66 (39%) running_loss=0.3396
train epoch 9/50 batch 39/66 (59%) running_loss=0.3410
train epoch 9/50 batch 52/66 (79%) running_loss=0.3424
train epoch 9/50 batch 65/66 (98%) running_loss=0.3401
train epoch 9/50 batch 66/66 (100%) running_loss=0.3399
epoch 9/50 done: train_loss=0.3399 val_loss=0.2263 val_accuracy=0.9303 val_macro_f1=0.9062 val_macro_auc=0.9900 (checkpoint_metric=macro_auc)
train epoch 10/50 batch 13/66 (20%) running_loss=0.3357
train epoch 10/50 batch 26/66 (39%) running_loss=0.3310
train epoch 10/50 batch 39/66 (59%) running_loss=0.3357
train epoch 10/50 batch 52/66 (79%) running_loss=0.3359
train epoch 10/50 batch 65/66 (98%) running_loss=0.3355
train epoch 10/50 batch 66/66 (100%) running_loss=0.3353
epoch 10/50 done: train_loss=0.3353 val_loss=0.2363 val_accuracy=0.9303 val_macro_f1=0.9068 val_macro_auc=0.9892 (checkpoint_metric=macro_auc)
train epoch 11/50 batch 13/66 (20%) running_loss=0.3371
train epoch 11/50 batch 26/66 (39%) running_loss=0.3356
train epoch 11/50 batch 39/66 (59%) running_loss=0.3378
train epoch 11/50 batch 52/66 (79%) running_loss=0.3379
train epoch 11/50 batch 65/66 (98%) running_loss=0.3356
train epoch 11/50 batch 66/66 (100%) running_loss=0.3357
epoch 11/50 done: train_loss=0.3357 val_loss=0.2054 val_accuracy=0.9365 val_macro_f1=0.9121 val_macro_auc=0.9902 (checkpoint_metric=macro_auc)
train epoch 12/50 batch 13/66 (20%) running_loss=0.3388
train epoch 12/50 batch 26/66 (39%) running_loss=0.3378
train epoch 12/50 batch 39/66 (59%) running_loss=0.3338
train epoch 12/50 batch 52/66 (79%) running_loss=0.3323
train epoch 12/50 batch 65/66 (98%) running_loss=0.3323
train epoch 12/50 batch 66/66 (100%) running_loss=0.3322
epoch 12/50 done: train_loss=0.3322 val_loss=0.2025 val_accuracy=0.9426 val_macro_f1=0.9189 val_macro_auc=0.9889 (checkpoint_metric=macro_auc)
train epoch 13/50 batch 13/66 (20%) running_loss=0.3245
train epoch 13/50 batch 26/66 (39%) running_loss=0.3289
train epoch 13/50 batch 39/66 (59%) running_loss=0.3284
train epoch 13/50 batch 52/66 (79%) running_loss=0.3284
train epoch 13/50 batch 65/66 (98%) running_loss=0.3276
train epoch 13/50 batch 66/66 (100%) running_loss=0.3279
epoch 13/50 done: train_loss=0.3279 val_loss=0.1917 val_accuracy=0.9426 val_macro_f1=0.9209 val_macro_auc=0.9916 (checkpoint_metric=macro_auc)
train epoch 14/50 batch 13/66 (20%) running_loss=0.3318
train epoch 14/50 batch 26/66 (39%) running_loss=0.3309
train epoch 14/50 batch 39/66 (59%) running_loss=0.3276
train epoch 14/50 batch 52/66 (79%) running_loss=0.3287
train epoch 14/50 batch 65/66 (98%) running_loss=0.3279
train epoch 14/50 batch 66/66 (100%) running_loss=0.3279
epoch 14/50 done: train_loss=0.3279 val_loss=0.1881 val_accuracy=0.9488 val_macro_f1=0.9286 val_macro_auc=0.9909 (checkpoint_metric=macro_auc)
train epoch 15/50 batch 13/66 (20%) running_loss=0.3315
train epoch 15/50 batch 26/66 (39%) running_loss=0.3313
train epoch 15/50 batch 39/66 (59%) running_loss=0.3313
train epoch 15/50 batch 52/66 (79%) running_loss=0.3296
train epoch 15/50 batch 65/66 (98%) running_loss=0.3282
train epoch 15/50 batch 66/66 (100%) running_loss=0.3281
epoch 15/50 done: train_loss=0.3281 val_loss=0.1850 val_accuracy=0.9508 val_macro_f1=0.9304 val_macro_auc=0.9918 (checkpoint_metric=macro_auc)
train epoch 16/50 batch 13/66 (20%) running_loss=0.3234
train epoch 16/50 batch 26/66 (39%) running_loss=0.3255
train epoch 16/50 batch 39/66 (59%) running_loss=0.3235
train epoch 16/50 batch 52/66 (79%) running_loss=0.3248
train epoch 16/50 batch 65/66 (98%) running_loss=0.3222
train epoch 16/50 batch 66/66 (100%) running_loss=0.3222
epoch 16/50 done: train_loss=0.3222 val_loss=0.2265 val_accuracy=0.9447 val_macro_f1=0.9242 val_macro_auc=0.9883 (checkpoint_metric=macro_auc)
train epoch 17/50 batch 13/66 (20%) running_loss=0.3182
train epoch 17/50 batch 26/66 (39%) running_loss=0.3221
train epoch 17/50 batch 39/66 (59%) running_loss=0.3203
train epoch 17/50 batch 52/66 (79%) running_loss=0.3203
train epoch 17/50 batch 65/66 (98%) running_loss=0.3213
train epoch 17/50 batch 66/66 (100%) running_loss=0.3212
epoch 17/50 done: train_loss=0.3212 val_loss=0.2049 val_accuracy=0.9508 val_macro_f1=0.9315 val_macro_auc=0.9894 (checkpoint_metric=macro_auc)
train epoch 18/50 batch 13/66 (20%) running_loss=0.3180
train epoch 18/50 batch 26/66 (39%) running_loss=0.3185
train epoch 18/50 batch 39/66 (59%) running_loss=0.3186
train epoch 18/50 batch 52/66 (79%) running_loss=0.3211
train epoch 18/50 batch 65/66 (98%) running_loss=0.3201
train epoch 18/50 batch 66/66 (100%) running_loss=0.3200
epoch 18/50 done: train_loss=0.3200 val_loss=0.2135 val_accuracy=0.9447 val_macro_f1=0.9245 val_macro_auc=0.9900 (checkpoint_metric=macro_auc)
train epoch 19/50 batch 13/66 (20%) running_loss=0.3234
train epoch 19/50 batch 26/66 (39%) running_loss=0.3196
train epoch 19/50 batch 39/66 (59%) running_loss=0.3201
train epoch 19/50 batch 52/66 (79%) running_loss=0.3214
train epoch 19/50 batch 65/66 (98%) running_loss=0.3212
train epoch 19/50 batch 66/66 (100%) running_loss=0.3211
epoch 19/50 done: train_loss=0.3211 val_loss=0.2008 val_accuracy=0.9447 val_macro_f1=0.9233 val_macro_auc=0.9915 (checkpoint_metric=macro_auc)
train epoch 20/50 batch 13/66 (20%) running_loss=0.3183
train epoch 20/50 batch 26/66 (39%) running_loss=0.3263
train epoch 20/50 batch 39/66 (59%) running_loss=0.3250
train epoch 20/50 batch 52/66 (79%) running_loss=0.3225
train epoch 20/50 batch 65/66 (98%) running_loss=0.3220
train epoch 20/50 batch 66/66 (100%) running_loss=0.3228
epoch 20/50 done: train_loss=0.3228 val_loss=0.2104 val_accuracy=0.9406 val_macro_f1=0.9188 val_macro_auc=0.9905 (checkpoint_metric=macro_auc)
train epoch 21/50 batch 13/66 (20%) running_loss=0.3197
train epoch 21/50 batch 26/66 (39%) running_loss=0.3225
train epoch 21/50 batch 39/66 (59%) running_loss=0.3204
train epoch 21/50 batch 52/66 (79%) running_loss=0.3196
train epoch 21/50 batch 65/66 (98%) running_loss=0.3197
train epoch 21/50 batch 66/66 (100%) running_loss=0.3198
epoch 21/50 done: train_loss=0.3198 val_loss=0.2024 val_accuracy=0.9467 val_macro_f1=0.9259 val_macro_auc=0.9910 (checkpoint_metric=macro_auc)
train epoch 22/50 batch 13/66 (20%) running_loss=0.3121
train epoch 22/50 batch 26/66 (39%) running_loss=0.3148
train epoch 22/50 batch 39/66 (59%) running_loss=0.3132
train epoch 22/50 batch 52/66 (79%) running_loss=0.3143
train epoch 22/50 batch 65/66 (98%) running_loss=0.3166
train epoch 22/50 batch 66/66 (100%) running_loss=0.3166
epoch 22/50 done: train_loss=0.3166 val_loss=0.2058 val_accuracy=0.9508 val_macro_f1=0.9308 val_macro_auc=0.9901 (checkpoint_metric=macro_auc)
train epoch 23/50 batch 13/66 (20%) running_loss=0.3185
train epoch 23/50 batch 26/66 (39%) running_loss=0.3147
train epoch 23/50 batch 39/66 (59%) running_loss=0.3168
train epoch 23/50 batch 52/66 (79%) running_loss=0.3170
train epoch 23/50 batch 65/66 (98%) running_loss=0.3170
train epoch 23/50 batch 66/66 (100%) running_loss=0.3171
epoch 23/50 done: train_loss=0.3171 val_loss=0.2146 val_accuracy=0.9467 val_macro_f1=0.9263 val_macro_auc=0.9892 (checkpoint_metric=macro_auc)
train epoch 24/50 batch 13/66 (20%) running_loss=0.3106
train epoch 24/50 batch 26/66 (39%) running_loss=0.3156
train epoch 24/50 batch 39/66 (59%) running_loss=0.3166
train epoch 24/50 batch 52/66 (79%) running_loss=0.3150
train epoch 24/50 batch 65/66 (98%) running_loss=0.3158
train epoch 24/50 batch 66/66 (100%) running_loss=0.3158
epoch 24/50 done: train_loss=0.3158 val_loss=0.2115 val_accuracy=0.9447 val_macro_f1=0.9226 val_macro_auc=0.9888 (checkpoint_metric=macro_auc)
train epoch 25/50 batch 13/66 (20%) running_loss=0.3181
train epoch 25/50 batch 26/66 (39%) running_loss=0.3172
train epoch 25/50 batch 39/66 (59%) running_loss=0.3167
train epoch 25/50 batch 52/66 (79%) running_loss=0.3156
train epoch 25/50 batch 65/66 (98%) running_loss=0.3166
train epoch 25/50 batch 66/66 (100%) running_loss=0.3168
epoch 25/50 done: train_loss=0.3168 val_loss=0.2036 val_accuracy=0.9488 val_macro_f1=0.9278 val_macro_auc=0.9898 (checkpoint_metric=macro_auc)
train epoch 26/50 batch 13/66 (20%) running_loss=0.3212
train epoch 26/50 batch 26/66 (39%) running_loss=0.3190
train epoch 26/50 batch 39/66 (59%) running_loss=0.3180
train epoch 26/50 batch 52/66 (79%) running_loss=0.3163
train epoch 26/50 batch 65/66 (98%) running_loss=0.3153
train epoch 26/50 batch 66/66 (100%) running_loss=0.3153
epoch 26/50 done: train_loss=0.3153 val_loss=0.2153 val_accuracy=0.9488 val_macro_f1=0.9288 val_macro_auc=0.9891 (checkpoint_metric=macro_auc)
train epoch 27/50 batch 13/66 (20%) running_loss=0.3172
train epoch 27/50 batch 26/66 (39%) running_loss=0.3155
train epoch 27/50 batch 39/66 (59%) running_loss=0.3146
train epoch 27/50 batch 52/66 (79%) running_loss=0.3137
train epoch 27/50 batch 65/66 (98%) running_loss=0.3138
train epoch 27/50 batch 66/66 (100%) running_loss=0.3137
epoch 27/50 done: train_loss=0.3137 val_loss=0.1992 val_accuracy=0.9508 val_macro_f1=0.9309 val_macro_auc=0.9897 (checkpoint_metric=macro_auc)
train epoch 28/50 batch 13/66 (20%) running_loss=0.3102
train epoch 28/50 batch 26/66 (39%) running_loss=0.3149
train epoch 28/50 batch 39/66 (59%) running_loss=0.3127
train epoch 28/50 batch 52/66 (79%) running_loss=0.3131
train epoch 28/50 batch 65/66 (98%) running_loss=0.3125
train epoch 28/50 batch 66/66 (100%) running_loss=0.3124
epoch 28/50 done: train_loss=0.3124 val_loss=0.2012 val_accuracy=0.9508 val_macro_f1=0.9306 val_macro_auc=0.9901 (checkpoint_metric=macro_auc)
train epoch 29/50 batch 13/66 (20%) running_loss=0.3111
train epoch 29/50 batch 26/66 (39%) running_loss=0.3110
train epoch 29/50 batch 39/66 (59%) running_loss=0.3124
train epoch 29/50 batch 52/66 (79%) running_loss=0.3114
train epoch 29/50 batch 65/66 (98%) running_loss=0.3119
train epoch 29/50 batch 66/66 (100%) running_loss=0.3119
epoch 29/50 done: train_loss=0.3119 val_loss=0.2117 val_accuracy=0.9467 val_macro_f1=0.9259 val_macro_auc=0.9888 (checkpoint_metric=macro_auc)
train epoch 30/50 batch 13/66 (20%) running_loss=0.3109
train epoch 30/50 batch 26/66 (39%) running_loss=0.3128
train epoch 30/50 batch 39/66 (59%) running_loss=0.3149
train epoch 30/50 batch 52/66 (79%) running_loss=0.3161
train epoch 30/50 batch 65/66 (98%) running_loss=0.3162
train epoch 30/50 batch 66/66 (100%) running_loss=0.3161
epoch 30/50 done: train_loss=0.3161 val_loss=0.2093 val_accuracy=0.9426 val_macro_f1=0.9209 val_macro_auc=0.9892 (checkpoint_metric=macro_auc)
train epoch 31/50 batch 13/66 (20%) running_loss=0.3104
train epoch 31/50 batch 26/66 (39%) running_loss=0.3114
train epoch 31/50 batch 39/66 (59%) running_loss=0.3125
train epoch 31/50 batch 52/66 (79%) running_loss=0.3127
train epoch 31/50 batch 65/66 (98%) running_loss=0.3126
train epoch 31/50 batch 66/66 (100%) running_loss=0.3127
epoch 31/50 done: train_loss=0.3127 val_loss=0.2064 val_accuracy=0.9447 val_macro_f1=0.9229 val_macro_auc=0.9897 (checkpoint_metric=macro_auc)
train epoch 32/50 batch 13/66 (20%) running_loss=0.3300
train epoch 32/50 batch 26/66 (39%) running_loss=0.3232
train epoch 32/50 batch 39/66 (59%) running_loss=0.3185
train epoch 32/50 batch 52/66 (79%) running_loss=0.3180
train epoch 32/50 batch 65/66 (98%) running_loss=0.3189
train epoch 32/50 batch 66/66 (100%) running_loss=0.3190
epoch 32/50 done: train_loss=0.3190 val_loss=0.2170 val_accuracy=0.9406 val_macro_f1=0.9191 val_macro_auc=0.9887 (checkpoint_metric=macro_auc)
train epoch 33/50 batch 13/66 (20%) running_loss=0.3066
train epoch 33/50 batch 26/66 (39%) running_loss=0.3105
train epoch 33/50 batch 39/66 (59%) running_loss=0.3133
train epoch 33/50 batch 52/66 (79%) running_loss=0.3164
train epoch 33/50 batch 65/66 (98%) running_loss=0.3154
train epoch 33/50 batch 66/66 (100%) running_loss=0.3155
epoch 33/50 done: train_loss=0.3155 val_loss=0.2020 val_accuracy=0.9488 val_macro_f1=0.9287 val_macro_auc=0.9904 (checkpoint_metric=macro_auc)
train epoch 34/50 batch 13/66 (20%) running_loss=0.3125
train epoch 34/50 batch 26/66 (39%) running_loss=0.3130
train epoch 34/50 batch 39/66 (59%) running_loss=0.3139
train epoch 34/50 batch 52/66 (79%) running_loss=0.3130
train epoch 34/50 batch 65/66 (98%) running_loss=0.3127
train epoch 34/50 batch 66/66 (100%) running_loss=0.3126
epoch 34/50 done: train_loss=0.3126 val_loss=0.2040 val_accuracy=0.9447 val_macro_f1=0.9235 val_macro_auc=0.9895 (checkpoint_metric=macro_auc)
train epoch 35/50 batch 13/66 (20%) running_loss=0.3087
train epoch 35/50 batch 26/66 (39%) running_loss=0.3136
train epoch 35/50 batch 39/66 (59%) running_loss=0.3127
train epoch 35/50 batch 52/66 (79%) running_loss=0.3125
train epoch 35/50 batch 65/66 (98%) running_loss=0.3120
train epoch 35/50 batch 66/66 (100%) running_loss=0.3120
epoch 35/50 done: train_loss=0.3120 val_loss=0.2186 val_accuracy=0.9447 val_macro_f1=0.9239 val_macro_auc=0.9887 (checkpoint_metric=macro_auc)
train epoch 36/50 batch 13/66 (20%) running_loss=0.3093
train epoch 36/50 batch 26/66 (39%) running_loss=0.3122
train epoch 36/50 batch 39/66 (59%) running_loss=0.3109
train epoch 36/50 batch 52/66 (79%) running_loss=0.3099
train epoch 36/50 batch 65/66 (98%) running_loss=0.3102
train epoch 36/50 batch 66/66 (100%) running_loss=0.3101
epoch 36/50 done: train_loss=0.3101 val_loss=0.2273 val_accuracy=0.9426 val_macro_f1=0.9211 val_macro_auc=0.9874 (checkpoint_metric=macro_auc)
train epoch 37/50 batch 13/66 (20%) running_loss=0.3101
train epoch 37/50 batch 26/66 (39%) running_loss=0.3103
train epoch 37/50 batch 39/66 (59%) running_loss=0.3132
train epoch 37/50 batch 52/66 (79%) running_loss=0.3132
train epoch 37/50 batch 65/66 (98%) running_loss=0.3135
train epoch 37/50 batch 66/66 (100%) running_loss=0.3134
epoch 37/50 done: train_loss=0.3134 val_loss=0.2126 val_accuracy=0.9426 val_macro_f1=0.9211 val_macro_auc=0.9886 (checkpoint_metric=macro_auc)
train epoch 38/50 batch 13/66 (20%) running_loss=0.3121
train epoch 38/50 batch 26/66 (39%) running_loss=0.3110
train epoch 38/50 batch 39/66 (59%) running_loss=0.3123
train epoch 38/50 batch 52/66 (79%) running_loss=0.3117
train epoch 38/50 batch 65/66 (98%) running_loss=0.3118
train epoch 38/50 batch 66/66 (100%) running_loss=0.3119
epoch 38/50 done: train_loss=0.3119 val_loss=0.1952 val_accuracy=0.9508 val_macro_f1=0.9303 val_macro_auc=0.9907 (checkpoint_metric=macro_auc)
train epoch 39/50 batch 13/66 (20%) running_loss=0.3127
train epoch 39/50 batch 26/66 (39%) running_loss=0.3108
train epoch 39/50 batch 39/66 (59%) running_loss=0.3105
train epoch 39/50 batch 52/66 (79%) running_loss=0.3101
train epoch 39/50 batch 65/66 (98%) running_loss=0.3111
train epoch 39/50 batch 66/66 (100%) running_loss=0.3111
epoch 39/50 done: train_loss=0.3111 val_loss=0.2113 val_accuracy=0.9488 val_macro_f1=0.9293 val_macro_auc=0.9896 (checkpoint_metric=macro_auc)
train epoch 40/50 batch 13/66 (20%) running_loss=0.3122
train epoch 40/50 batch 26/66 (39%) running_loss=0.3138
train epoch 40/50 batch 39/66 (59%) running_loss=0.3174
train epoch 40/50 batch 52/66 (79%) running_loss=0.3150
train epoch 40/50 batch 65/66 (98%) running_loss=0.3139
train epoch 40/50 batch 66/66 (100%) running_loss=0.3141
epoch 40/50 done: train_loss=0.3141 val_loss=0.2103 val_accuracy=0.9447 val_macro_f1=0.9239 val_macro_auc=0.9896 (checkpoint_metric=macro_auc)
train epoch 41/50 batch 13/66 (20%) running_loss=0.3137
train epoch 41/50 batch 26/66 (39%) running_loss=0.3121
train epoch 41/50 batch 39/66 (59%) running_loss=0.3102
train epoch 41/50 batch 52/66 (79%) running_loss=0.3102
train epoch 41/50 batch 65/66 (98%) running_loss=0.3098
train epoch 41/50 batch 66/66 (100%) running_loss=0.3099
epoch 41/50 done: train_loss=0.3099 val_loss=0.2021 val_accuracy=0.9488 val_macro_f1=0.9290 val_macro_auc=0.9898 (checkpoint_metric=macro_auc)
train epoch 42/50 batch 13/66 (20%) running_loss=0.3057
train epoch 42/50 batch 26/66 (39%) running_loss=0.3049
train epoch 42/50 batch 39/66 (59%) running_loss=0.3058
train epoch 42/50 batch 52/66 (79%) running_loss=0.3071
train epoch 42/50 batch 65/66 (98%) running_loss=0.3072
train epoch 42/50 batch 66/66 (100%) running_loss=0.3073
epoch 42/50 done: train_loss=0.3073 val_loss=0.2168 val_accuracy=0.9447 val_macro_f1=0.9233 val_macro_auc=0.9886 (checkpoint_metric=macro_auc)
train epoch 43/50 batch 13/66 (20%) running_loss=0.3179
train epoch 43/50 batch 26/66 (39%) running_loss=0.3121
train epoch 43/50 batch 39/66 (59%) running_loss=0.3109
train epoch 43/50 batch 52/66 (79%) running_loss=0.3103
train epoch 43/50 batch 65/66 (98%) running_loss=0.3108
train epoch 43/50 batch 66/66 (100%) running_loss=0.3110
epoch 43/50 done: train_loss=0.3110 val_loss=0.2056 val_accuracy=0.9447 val_macro_f1=0.9233 val_macro_auc=0.9892 (checkpoint_metric=macro_auc)
train epoch 44/50 batch 13/66 (20%) running_loss=0.3055
train epoch 44/50 batch 26/66 (39%) running_loss=0.3085
train epoch 44/50 batch 39/66 (59%) running_loss=0.3092
train epoch 44/50 batch 52/66 (79%) running_loss=0.3096
train epoch 44/50 batch 65/66 (98%) running_loss=0.3094
train epoch 44/50 batch 66/66 (100%) running_loss=0.3105
epoch 44/50 done: train_loss=0.3105 val_loss=0.1992 val_accuracy=0.9508 val_macro_f1=0.9309 val_macro_auc=0.9896 (checkpoint_metric=macro_auc)
train epoch 45/50 batch 13/66 (20%) running_loss=0.3083
train epoch 45/50 batch 26/66 (39%) running_loss=0.3084
train epoch 45/50 batch 39/66 (59%) running_loss=0.3096
train epoch 45/50 batch 52/66 (79%) running_loss=0.3095
train epoch 45/50 batch 65/66 (98%) running_loss=0.3088
train epoch 45/50 batch 66/66 (100%) running_loss=0.3093
epoch 45/50 done: train_loss=0.3093 val_loss=0.2042 val_accuracy=0.9447 val_macro_f1=0.9229 val_macro_auc=0.9898 (checkpoint_metric=macro_auc)
train epoch 46/50 batch 13/66 (20%) running_loss=0.3139
train epoch 46/50 batch 26/66 (39%) running_loss=0.3119
train epoch 46/50 batch 39/66 (59%) running_loss=0.3123
train epoch 46/50 batch 52/66 (79%) running_loss=0.3114
train epoch 46/50 batch 65/66 (98%) running_loss=0.3116
train epoch 46/50 batch 66/66 (100%) running_loss=0.3116
epoch 46/50 done: train_loss=0.3116 val_loss=0.2177 val_accuracy=0.9447 val_macro_f1=0.9239 val_macro_auc=0.9883 (checkpoint_metric=macro_auc)
train epoch 47/50 batch 13/66 (20%) running_loss=0.3115
train epoch 47/50 batch 26/66 (39%) running_loss=0.3104
train epoch 47/50 batch 39/66 (59%) running_loss=0.3103
train epoch 47/50 batch 52/66 (79%) running_loss=0.3114
train epoch 47/50 batch 65/66 (98%) running_loss=0.3103
train epoch 47/50 batch 66/66 (100%) running_loss=0.3105
epoch 47/50 done: train_loss=0.3105 val_loss=0.2143 val_accuracy=0.9447 val_macro_f1=0.9235 val_macro_auc=0.9888 (checkpoint_metric=macro_auc)
train epoch 48/50 batch 13/66 (20%) running_loss=0.3109
train epoch 48/50 batch 26/66 (39%) running_loss=0.3133
train epoch 48/50 batch 39/66 (59%) running_loss=0.3113
train epoch 48/50 batch 52/66 (79%) running_loss=0.3111
train epoch 48/50 batch 65/66 (98%) running_loss=0.3109
train epoch 48/50 batch 66/66 (100%) running_loss=0.3108
epoch 48/50 done: train_loss=0.3108 val_loss=0.2067 val_accuracy=0.9467 val_macro_f1=0.9263 val_macro_auc=0.9885 (checkpoint_metric=macro_auc)
train epoch 49/50 batch 13/66 (20%) running_loss=0.3090
train epoch 49/50 batch 26/66 (39%) running_loss=0.3128
train epoch 49/50 batch 39/66 (59%) running_loss=0.3122
train epoch 49/50 batch 52/66 (79%) running_loss=0.3108
train epoch 49/50 batch 65/66 (98%) running_loss=0.3108
train epoch 49/50 batch 66/66 (100%) running_loss=0.3107
epoch 49/50 done: train_loss=0.3107 val_loss=0.2043 val_accuracy=0.9447 val_macro_f1=0.9233 val_macro_auc=0.9901 (checkpoint_metric=macro_auc)
train epoch 50/50 batch 13/66 (20%) running_loss=0.3155
train epoch 50/50 batch 26/66 (39%) running_loss=0.3110
train epoch 50/50 batch 39/66 (59%) running_loss=0.3101
train epoch 50/50 batch 52/66 (79%) running_loss=0.3094
train epoch 50/50 batch 65/66 (98%) running_loss=0.3093
train epoch 50/50 batch 66/66 (100%) running_loss=0.3093
epoch 50/50 done: train_loss=0.3093 val_loss=0.2045 val_accuracy=0.9467 val_macro_f1=0.9260 val_macro_auc=0.9894 (checkpoint_metric=macro_auc)
Training finished. Best epoch=6, smoothed macro_auc=0.9917 (window=3)
Test set evaluated once: accuracy=0.8903 macro_f1=0.8783 macro_auc=0.9721
Model size: 6.96M params, 0.532 GFLOPs at 96x96

Best epoch: 6
Test accuracy:  0.8903
Test macro F1:  0.8783
Test macro AUC: 0.9721
Model size: 6.96M params, 0.532 GFLOPs
