Starting final training on device=cuda, amp=True, physical_batch_size=32, accumulation_steps=1, effective_batch_size=32
Augmentation policy: none (identity)
Classes: {'glioma_tumor': 0, 'meningioma_tumor': 1, 'pituitary_tumor': 2}
Regularization: weight_decay=7.0e-04 classifier_dropout=0.30 label_smoothing=0.10 drop_path=0.20
train epoch 1/200 batch 13/66 (20%) running_loss=1.1467
train epoch 1/200 batch 26/66 (39%) running_loss=1.1522
train epoch 1/200 batch 39/66 (59%) running_loss=1.1423
train epoch 1/200 batch 52/66 (79%) running_loss=1.1464
train epoch 1/200 batch 65/66 (98%) running_loss=1.1476
train epoch 1/200 batch 66/66 (100%) running_loss=1.1467
epoch 1/200 done: train_loss=1.1467 val_loss=1.0133 val_accuracy=0.5307 val_macro_f1=0.2856 val_macro_auc=0.5627 (checkpoint_metric=macro_auc) [new best]
train epoch 2/200 batch 13/66 (20%) running_loss=1.1044
train epoch 2/200 batch 26/66 (39%) running_loss=1.1151
train epoch 2/200 batch 39/66 (59%) running_loss=1.1163
train epoch 2/200 batch 52/66 (79%) running_loss=1.1141
train epoch 2/200 batch 65/66 (98%) running_loss=1.1109
train epoch 2/200 batch 66/66 (100%) running_loss=1.1094
epoch 2/200 done: train_loss=1.1094 val_loss=1.0082 val_accuracy=0.5102 val_macro_f1=0.2324 val_macro_auc=0.6642 (checkpoint_metric=macro_auc) [new best]
train epoch 3/200 batch 13/66 (20%) running_loss=1.0285
train epoch 3/200 batch 26/66 (39%) running_loss=1.0454
train epoch 3/200 batch 39/66 (59%) running_loss=1.0389
train epoch 3/200 batch 52/66 (79%) running_loss=1.0411
train epoch 3/200 batch 65/66 (98%) running_loss=1.0352
train epoch 3/200 batch 66/66 (100%) running_loss=1.0349
epoch 3/200 done: train_loss=1.0349 val_loss=0.9728 val_accuracy=0.5574 val_macro_f1=0.3174 val_macro_auc=0.7610 (checkpoint_metric=macro_auc) [new best]
train epoch 4/200 batch 13/66 (20%) running_loss=1.0287
train epoch 4/200 batch 26/66 (39%) running_loss=0.9974
train epoch 4/200 batch 39/66 (59%) running_loss=1.0025
train epoch 4/200 batch 52/66 (79%) running_loss=0.9935
train epoch 4/200 batch 65/66 (98%) running_loss=0.9960
train epoch 4/200 batch 66/66 (100%) running_loss=0.9956
epoch 4/200 done: train_loss=0.9956 val_loss=0.8705 val_accuracy=0.6598 val_macro_f1=0.4703 val_macro_auc=0.7692 (checkpoint_metric=macro_auc) [new best]
train epoch 5/200 batch 13/66 (20%) running_loss=0.9893
train epoch 5/200 batch 26/66 (39%) running_loss=1.0009
train epoch 5/200 batch 39/66 (59%) running_loss=1.0030
train epoch 5/200 batch 52/66 (79%) running_loss=0.9895
train epoch 5/200 batch 65/66 (98%) running_loss=0.9756
train epoch 5/200 batch 66/66 (100%) running_loss=0.9755
epoch 5/200 done: train_loss=0.9755 val_loss=0.7853 val_accuracy=0.6721 val_macro_f1=0.4829 val_macro_auc=0.7924 (checkpoint_metric=macro_auc) [new best]
train epoch 6/200 batch 13/66 (20%) running_loss=0.9551
train epoch 6/200 batch 26/66 (39%) running_loss=0.9328
train epoch 6/200 batch 39/66 (59%) running_loss=0.9256
train epoch 6/200 batch 52/66 (79%) running_loss=0.9129
train epoch 6/200 batch 65/66 (98%) running_loss=0.9076
train epoch 6/200 batch 66/66 (100%) running_loss=0.9070
epoch 6/200 done: train_loss=0.9070 val_loss=0.6997 val_accuracy=0.7459 val_macro_f1=0.5384 val_macro_auc=0.8069 (checkpoint_metric=macro_auc) [new best]
train epoch 7/200 batch 13/66 (20%) running_loss=0.9033
train epoch 7/200 batch 26/66 (39%) running_loss=0.8926
train epoch 7/200 batch 39/66 (59%) running_loss=0.8829
train epoch 7/200 batch 52/66 (79%) running_loss=0.8842
train epoch 7/200 batch 65/66 (98%) running_loss=0.8900
train epoch 7/200 batch 66/66 (100%) running_loss=0.8907
epoch 7/200 done: train_loss=0.8907 val_loss=0.7013 val_accuracy=0.7275 val_macro_f1=0.5564 val_macro_auc=0.8135 (checkpoint_metric=macro_auc) [new best]
train epoch 8/200 batch 13/66 (20%) running_loss=0.8816
train epoch 8/200 batch 26/66 (39%) running_loss=0.8836
train epoch 8/200 batch 39/66 (59%) running_loss=0.8862
train epoch 8/200 batch 52/66 (79%) running_loss=0.8740
train epoch 8/200 batch 65/66 (98%) running_loss=0.8633
train epoch 8/200 batch 66/66 (100%) running_loss=0.8627
epoch 8/200 done: train_loss=0.8627 val_loss=0.6550 val_accuracy=0.7582 val_macro_f1=0.5481 val_macro_auc=0.8590 (checkpoint_metric=macro_auc) [new best]
train epoch 9/200 batch 13/66 (20%) running_loss=0.8439
train epoch 9/200 batch 26/66 (39%) running_loss=0.8489
train epoch 9/200 batch 39/66 (59%) running_loss=0.8309
train epoch 9/200 batch 52/66 (79%) running_loss=0.8329
train epoch 9/200 batch 65/66 (98%) running_loss=0.8389
train epoch 9/200 batch 66/66 (100%) running_loss=0.8380
epoch 9/200 done: train_loss=0.8380 val_loss=1.8783 val_accuracy=0.3484 val_macro_f1=0.1722 val_macro_auc=0.8245 (checkpoint_metric=macro_auc) [new best]
train epoch 10/200 batch 13/66 (20%) running_loss=0.8246
train epoch 10/200 batch 26/66 (39%) running_loss=0.8071
train epoch 10/200 batch 39/66 (59%) running_loss=0.8187
train epoch 10/200 batch 52/66 (79%) running_loss=0.8221
train epoch 10/200 batch 65/66 (98%) running_loss=0.8269
train epoch 10/200 batch 66/66 (100%) running_loss=0.8250
epoch 10/200 done: train_loss=0.8250 val_loss=0.7370 val_accuracy=0.6906 val_macro_f1=0.5062 val_macro_auc=0.8375 (checkpoint_metric=macro_auc) [new best]
train epoch 11/200 batch 13/66 (20%) running_loss=0.8222
train epoch 11/200 batch 26/66 (39%) running_loss=0.8051
train epoch 11/200 batch 39/66 (59%) running_loss=0.8044
train epoch 11/200 batch 52/66 (79%) running_loss=0.8082
train epoch 11/200 batch 65/66 (98%) running_loss=0.8060
train epoch 11/200 batch 66/66 (100%) running_loss=0.8068
epoch 11/200 done: train_loss=0.8068 val_loss=0.6757 val_accuracy=0.7049 val_macro_f1=0.5936 val_macro_auc=0.8605 (checkpoint_metric=macro_auc) [new best]
train epoch 12/200 batch 13/66 (20%) running_loss=0.8178
train epoch 12/200 batch 26/66 (39%) running_loss=0.8083
train epoch 12/200 batch 39/66 (59%) running_loss=0.8069
train epoch 12/200 batch 52/66 (79%) running_loss=0.8004
train epoch 12/200 batch 65/66 (98%) running_loss=0.7957
train epoch 12/200 batch 66/66 (100%) running_loss=0.7958
epoch 12/200 done: train_loss=0.7958 val_loss=0.6255 val_accuracy=0.7848 val_macro_f1=0.6262 val_macro_auc=0.8615 (checkpoint_metric=macro_auc) [new best]
train epoch 13/200 batch 13/66 (20%) running_loss=0.8493
train epoch 13/200 batch 26/66 (39%) running_loss=0.8370
train epoch 13/200 batch 39/66 (59%) running_loss=0.8273
train epoch 13/200 batch 52/66 (79%) running_loss=0.8192
train epoch 13/200 batch 65/66 (98%) running_loss=0.8105
train epoch 13/200 batch 66/66 (100%) running_loss=0.8108
epoch 13/200 done: train_loss=0.8108 val_loss=0.6288 val_accuracy=0.7561 val_macro_f1=0.5843 val_macro_auc=0.8850 (checkpoint_metric=macro_auc) [new best]
train epoch 14/200 batch 13/66 (20%) running_loss=0.7815
train epoch 14/200 batch 26/66 (39%) running_loss=0.7897
train epoch 14/200 batch 39/66 (59%) running_loss=0.7887
train epoch 14/200 batch 52/66 (79%) running_loss=0.7856
train epoch 14/200 batch 65/66 (98%) running_loss=0.7778
train epoch 14/200 batch 66/66 (100%) running_loss=0.7816
epoch 14/200 done: train_loss=0.7816 val_loss=0.6266 val_accuracy=0.7377 val_macro_f1=0.6655 val_macro_auc=0.8933 (checkpoint_metric=macro_auc) [new best]
train epoch 15/200 batch 13/66 (20%) running_loss=0.7712
train epoch 15/200 batch 26/66 (39%) running_loss=0.7542
train epoch 15/200 batch 39/66 (59%) running_loss=0.7685
train epoch 15/200 batch 52/66 (79%) running_loss=0.7764
train epoch 15/200 batch 65/66 (98%) running_loss=0.7704
train epoch 15/200 batch 66/66 (100%) running_loss=0.7698
epoch 15/200 done: train_loss=0.7698 val_loss=0.6682 val_accuracy=0.7090 val_macro_f1=0.6198 val_macro_auc=0.8892 (checkpoint_metric=macro_auc) [new best]
train epoch 16/200 batch 13/66 (20%) running_loss=0.7588
train epoch 16/200 batch 26/66 (39%) running_loss=0.7653
train epoch 16/200 batch 39/66 (59%) running_loss=0.7579
train epoch 16/200 batch 52/66 (79%) running_loss=0.7606
train epoch 16/200 batch 65/66 (98%) running_loss=0.7672
train epoch 16/200 batch 66/66 (100%) running_loss=0.7673
epoch 16/200 done: train_loss=0.7673 val_loss=0.5528 val_accuracy=0.8115 val_macro_f1=0.7457 val_macro_auc=0.9200 (checkpoint_metric=macro_auc) [new best]
train epoch 17/200 batch 13/66 (20%) running_loss=0.7139
train epoch 17/200 batch 26/66 (39%) running_loss=0.7494
train epoch 17/200 batch 39/66 (59%) running_loss=0.7581
train epoch 17/200 batch 52/66 (79%) running_loss=0.7611
train epoch 17/200 batch 65/66 (98%) running_loss=0.7549
train epoch 17/200 batch 66/66 (100%) running_loss=0.7569
epoch 17/200 done: train_loss=0.7569 val_loss=0.6063 val_accuracy=0.7623 val_macro_f1=0.7004 val_macro_auc=0.9239 (checkpoint_metric=macro_auc) [new best]
train epoch 18/200 batch 13/66 (20%) running_loss=0.7601
train epoch 18/200 batch 26/66 (39%) running_loss=0.7629
train epoch 18/200 batch 39/66 (59%) running_loss=0.7542
train epoch 18/200 batch 52/66 (79%) running_loss=0.7441
train epoch 18/200 batch 65/66 (98%) running_loss=0.7399
train epoch 18/200 batch 66/66 (100%) running_loss=0.7399
epoch 18/200 done: train_loss=0.7399 val_loss=0.5155 val_accuracy=0.8402 val_macro_f1=0.7558 val_macro_auc=0.9317 (checkpoint_metric=macro_auc) [new best]
train epoch 19/200 batch 13/66 (20%) running_loss=0.7322
train epoch 19/200 batch 26/66 (39%) running_loss=0.7384
train epoch 19/200 batch 39/66 (59%) running_loss=0.7325
train epoch 19/200 batch 52/66 (79%) running_loss=0.7305
train epoch 19/200 batch 65/66 (98%) running_loss=0.7280
train epoch 19/200 batch 66/66 (100%) running_loss=0.7263
epoch 19/200 done: train_loss=0.7263 val_loss=1.0163 val_accuracy=0.5717 val_macro_f1=0.5350 val_macro_auc=0.8938 (checkpoint_metric=macro_auc)
train epoch 20/200 batch 13/66 (20%) running_loss=0.7770
train epoch 20/200 batch 26/66 (39%) running_loss=0.7679
train epoch 20/200 batch 39/66 (59%) running_loss=0.7537
train epoch 20/200 batch 52/66 (79%) running_loss=0.7387
train epoch 20/200 batch 65/66 (98%) running_loss=0.7373
train epoch 20/200 batch 66/66 (100%) running_loss=0.7383
epoch 20/200 done: train_loss=0.7383 val_loss=0.7135 val_accuracy=0.6639 val_macro_f1=0.6291 val_macro_auc=0.9075 (checkpoint_metric=macro_auc)
train epoch 21/200 batch 13/66 (20%) running_loss=0.7164
train epoch 21/200 batch 26/66 (39%) running_loss=0.7271
train epoch 21/200 batch 39/66 (59%) running_loss=0.7277
train epoch 21/200 batch 52/66 (79%) running_loss=0.7194
train epoch 21/200 batch 65/66 (98%) running_loss=0.7242
train epoch 21/200 batch 66/66 (100%) running_loss=0.7242
epoch 21/200 done: train_loss=0.7242 val_loss=0.5241 val_accuracy=0.7848 val_macro_f1=0.7568 val_macro_auc=0.9537 (checkpoint_metric=macro_auc)
train epoch 22/200 batch 13/66 (20%) running_loss=0.7460
train epoch 22/200 batch 26/66 (39%) running_loss=0.7219
train epoch 22/200 batch 39/66 (59%) running_loss=0.7312
train epoch 22/200 batch 52/66 (79%) running_loss=0.7161
train epoch 22/200 batch 65/66 (98%) running_loss=0.7042
train epoch 22/200 batch 66/66 (100%) running_loss=0.7025
epoch 22/200 done: train_loss=0.7025 val_loss=0.4612 val_accuracy=0.8156 val_macro_f1=0.7798 val_macro_auc=0.9582 (checkpoint_metric=macro_auc) [new best]
train epoch 23/200 batch 13/66 (20%) running_loss=0.6816
train epoch 23/200 batch 26/66 (39%) running_loss=0.7196
train epoch 23/200 batch 39/66 (59%) running_loss=0.7225
train epoch 23/200 batch 52/66 (79%) running_loss=0.7153
train epoch 23/200 batch 65/66 (98%) running_loss=0.7018
train epoch 23/200 batch 66/66 (100%) running_loss=0.7004
epoch 23/200 done: train_loss=0.7004 val_loss=0.6589 val_accuracy=0.7254 val_macro_f1=0.6925 val_macro_auc=0.9229 (checkpoint_metric=macro_auc) [new best]
train epoch 24/200 batch 13/66 (20%) running_loss=0.6975
train epoch 24/200 batch 26/66 (39%) running_loss=0.6769
train epoch 24/200 batch 39/66 (59%) running_loss=0.6772
train epoch 24/200 batch 52/66 (79%) running_loss=0.6831
train epoch 24/200 batch 65/66 (98%) running_loss=0.6948
train epoch 24/200 batch 66/66 (100%) running_loss=0.6931
epoch 24/200 done: train_loss=0.6931 val_loss=0.5508 val_accuracy=0.7930 val_macro_f1=0.7608 val_macro_auc=0.9526 (checkpoint_metric=macro_auc)
train epoch 25/200 batch 13/66 (20%) running_loss=0.6599
train epoch 25/200 batch 26/66 (39%) running_loss=0.6686
train epoch 25/200 batch 39/66 (59%) running_loss=0.6823
train epoch 25/200 batch 52/66 (79%) running_loss=0.6881
train epoch 25/200 batch 65/66 (98%) running_loss=0.6845
train epoch 25/200 batch 66/66 (100%) running_loss=0.6830
epoch 25/200 done: train_loss=0.6830 val_loss=1.3676 val_accuracy=0.4529 val_macro_f1=0.3794 val_macro_auc=0.8659 (checkpoint_metric=macro_auc)
train epoch 26/200 batch 13/66 (20%) running_loss=0.6990
train epoch 26/200 batch 26/66 (39%) running_loss=0.6968
train epoch 26/200 batch 39/66 (59%) running_loss=0.6788
train epoch 26/200 batch 52/66 (79%) running_loss=0.6688
train epoch 26/200 batch 65/66 (98%) running_loss=0.6687
train epoch 26/200 batch 66/66 (100%) running_loss=0.6686
epoch 26/200 done: train_loss=0.6686 val_loss=0.6647 val_accuracy=0.6475 val_macro_f1=0.6378 val_macro_auc=0.9478 (checkpoint_metric=macro_auc)
train epoch 27/200 batch 13/66 (20%) running_loss=0.6883
train epoch 27/200 batch 26/66 (39%) running_loss=0.6910
train epoch 27/200 batch 39/66 (59%) running_loss=0.7040
train epoch 27/200 batch 52/66 (79%) running_loss=0.7032
train epoch 27/200 batch 65/66 (98%) running_loss=0.6955
train epoch 27/200 batch 66/66 (100%) running_loss=0.6949
epoch 27/200 done: train_loss=0.6949 val_loss=0.4135 val_accuracy=0.8648 val_macro_f1=0.8166 val_macro_auc=0.9667 (checkpoint_metric=macro_auc)
train epoch 28/200 batch 13/66 (20%) running_loss=0.6551
train epoch 28/200 batch 26/66 (39%) running_loss=0.6690
train epoch 28/200 batch 39/66 (59%) running_loss=0.6663
train epoch 28/200 batch 52/66 (79%) running_loss=0.6690
train epoch 28/200 batch 65/66 (98%) running_loss=0.6674
train epoch 28/200 batch 66/66 (100%) running_loss=0.6673
epoch 28/200 done: train_loss=0.6673 val_loss=0.4530 val_accuracy=0.8340 val_macro_f1=0.7934 val_macro_auc=0.9559 (checkpoint_metric=macro_auc) [new best]
train epoch 29/200 batch 13/66 (20%) running_loss=0.6348
train epoch 29/200 batch 26/66 (39%) running_loss=0.6426
train epoch 29/200 batch 39/66 (59%) running_loss=0.6440
train epoch 29/200 batch 52/66 (79%) running_loss=0.6374
train epoch 29/200 batch 65/66 (98%) running_loss=0.6375
train epoch 29/200 batch 66/66 (100%) running_loss=0.6384
epoch 29/200 done: train_loss=0.6384 val_loss=0.6032 val_accuracy=0.7336 val_macro_f1=0.7155 val_macro_auc=0.9539 (checkpoint_metric=macro_auc) [new best]
train epoch 30/200 batch 13/66 (20%) running_loss=0.6524
train epoch 30/200 batch 26/66 (39%) running_loss=0.6574
train epoch 30/200 batch 39/66 (59%) running_loss=0.6570
train epoch 30/200 batch 52/66 (79%) running_loss=0.6573
train epoch 30/200 batch 65/66 (98%) running_loss=0.6574
train epoch 30/200 batch 66/66 (100%) running_loss=0.6580
epoch 30/200 done: train_loss=0.6580 val_loss=0.4992 val_accuracy=0.7787 val_macro_f1=0.7453 val_macro_auc=0.9704 (checkpoint_metric=macro_auc) [new best]
train epoch 31/200 batch 13/66 (20%) running_loss=0.6168
train epoch 31/200 batch 26/66 (39%) running_loss=0.6313
train epoch 31/200 batch 39/66 (59%) running_loss=0.6329
train epoch 31/200 batch 52/66 (79%) running_loss=0.6411
train epoch 31/200 batch 65/66 (98%) running_loss=0.6340
train epoch 31/200 batch 66/66 (100%) running_loss=0.6351
epoch 31/200 done: train_loss=0.6351 val_loss=0.3363 val_accuracy=0.8975 val_macro_f1=0.8528 val_macro_auc=0.9758 (checkpoint_metric=macro_auc) [new best]
train epoch 32/200 batch 13/66 (20%) running_loss=0.6016
train epoch 32/200 batch 26/66 (39%) running_loss=0.6149
train epoch 32/200 batch 39/66 (59%) running_loss=0.6339
train epoch 32/200 batch 52/66 (79%) running_loss=0.6338
train epoch 32/200 batch 65/66 (98%) running_loss=0.6264
train epoch 32/200 batch 66/66 (100%) running_loss=0.6284
epoch 32/200 done: train_loss=0.6284 val_loss=1.2279 val_accuracy=0.4836 val_macro_f1=0.4227 val_macro_auc=0.8721 (checkpoint_metric=macro_auc)
train epoch 33/200 batch 13/66 (20%) running_loss=0.6380
train epoch 33/200 batch 26/66 (39%) running_loss=0.6185
train epoch 33/200 batch 39/66 (59%) running_loss=0.6283
train epoch 33/200 batch 52/66 (79%) running_loss=0.6299
train epoch 33/200 batch 65/66 (98%) running_loss=0.6220
train epoch 33/200 batch 66/66 (100%) running_loss=0.6237
epoch 33/200 done: train_loss=0.6237 val_loss=0.5206 val_accuracy=0.7766 val_macro_f1=0.7448 val_macro_auc=0.9523 (checkpoint_metric=macro_auc)
train epoch 34/200 batch 13/66 (20%) running_loss=0.5991
train epoch 34/200 batch 26/66 (39%) running_loss=0.6041
train epoch 34/200 batch 39/66 (59%) running_loss=0.6072
train epoch 34/200 batch 52/66 (79%) running_loss=0.6168
train epoch 34/200 batch 65/66 (98%) running_loss=0.6194
train epoch 34/200 batch 66/66 (100%) running_loss=0.6188
epoch 34/200 done: train_loss=0.6188 val_loss=0.6279 val_accuracy=0.7131 val_macro_f1=0.6816 val_macro_auc=0.9371 (checkpoint_metric=macro_auc)
train epoch 35/200 batch 13/66 (20%) running_loss=0.6383
train epoch 35/200 batch 26/66 (39%) running_loss=0.6274
train epoch 35/200 batch 39/66 (59%) running_loss=0.6298
train epoch 35/200 batch 52/66 (79%) running_loss=0.6228
train epoch 35/200 batch 65/66 (98%) running_loss=0.6238
train epoch 35/200 batch 66/66 (100%) running_loss=0.6245
epoch 35/200 done: train_loss=0.6245 val_loss=0.4174 val_accuracy=0.8566 val_macro_f1=0.8286 val_macro_auc=0.9720 (checkpoint_metric=macro_auc)
train epoch 36/200 batch 13/66 (20%) running_loss=0.6732
train epoch 36/200 batch 26/66 (39%) running_loss=0.6418
train epoch 36/200 batch 39/66 (59%) running_loss=0.6427
train epoch 36/200 batch 52/66 (79%) running_loss=0.6482
train epoch 36/200 batch 65/66 (98%) running_loss=0.6370
train epoch 36/200 batch 66/66 (100%) running_loss=0.6370
epoch 36/200 done: train_loss=0.6370 val_loss=0.3578 val_accuracy=0.8934 val_macro_f1=0.8625 val_macro_auc=0.9779 (checkpoint_metric=macro_auc)
train epoch 37/200 batch 13/66 (20%) running_loss=0.5803
train epoch 37/200 batch 26/66 (39%) running_loss=0.5956
train epoch 37/200 batch 39/66 (59%) running_loss=0.5891
train epoch 37/200 batch 52/66 (79%) running_loss=0.5863
train epoch 37/200 batch 65/66 (98%) running_loss=0.5906
train epoch 37/200 batch 66/66 (100%) running_loss=0.5895
epoch 37/200 done: train_loss=0.5895 val_loss=0.5445 val_accuracy=0.7725 val_macro_f1=0.7434 val_macro_auc=0.9634 (checkpoint_metric=macro_auc) [new best]
train epoch 38/200 batch 13/66 (20%) running_loss=0.6345
train epoch 38/200 batch 26/66 (39%) running_loss=0.6183
train epoch 38/200 batch 39/66 (59%) running_loss=0.6025
train epoch 38/200 batch 52/66 (79%) running_loss=0.6079
train epoch 38/200 batch 65/66 (98%) running_loss=0.6093
train epoch 38/200 batch 66/66 (100%) running_loss=0.6126
epoch 38/200 done: train_loss=0.6126 val_loss=0.4477 val_accuracy=0.8422 val_macro_f1=0.8125 val_macro_auc=0.9738 (checkpoint_metric=macro_auc) [new best]
train epoch 39/200 batch 13/66 (20%) running_loss=0.6146
train epoch 39/200 batch 26/66 (39%) running_loss=0.6327
train epoch 39/200 batch 39/66 (59%) running_loss=0.6260
train epoch 39/200 batch 52/66 (79%) running_loss=0.6167
train epoch 39/200 batch 65/66 (98%) running_loss=0.6090
train epoch 39/200 batch 66/66 (100%) running_loss=0.6086
epoch 39/200 done: train_loss=0.6086 val_loss=0.5978 val_accuracy=0.7561 val_macro_f1=0.7291 val_macro_auc=0.9552 (checkpoint_metric=macro_auc)
train epoch 40/200 batch 13/66 (20%) running_loss=0.6223
train epoch 40/200 batch 26/66 (39%) running_loss=0.6111
train epoch 40/200 batch 39/66 (59%) running_loss=0.5945
train epoch 40/200 batch 52/66 (79%) running_loss=0.6060
train epoch 40/200 batch 65/66 (98%) running_loss=0.6037
train epoch 40/200 batch 66/66 (100%) running_loss=0.6036
epoch 40/200 done: train_loss=0.6036 val_loss=0.4291 val_accuracy=0.8668 val_macro_f1=0.8358 val_macro_auc=0.9773 (checkpoint_metric=macro_auc)
train epoch 41/200 batch 13/66 (20%) running_loss=0.6258
train epoch 41/200 batch 26/66 (39%) running_loss=0.6198
train epoch 41/200 batch 39/66 (59%) running_loss=0.6290
train epoch 41/200 batch 52/66 (79%) running_loss=0.6206
train epoch 41/200 batch 65/66 (98%) running_loss=0.6142
train epoch 41/200 batch 66/66 (100%) running_loss=0.6141
epoch 41/200 done: train_loss=0.6141 val_loss=0.4752 val_accuracy=0.8340 val_macro_f1=0.8079 val_macro_auc=0.9681 (checkpoint_metric=macro_auc)
train epoch 42/200 batch 13/66 (20%) running_loss=0.5939
train epoch 42/200 batch 26/66 (39%) running_loss=0.6256
train epoch 42/200 batch 39/66 (59%) running_loss=0.6239
train epoch 42/200 batch 52/66 (79%) running_loss=0.6210
train epoch 42/200 batch 65/66 (98%) running_loss=0.6217
train epoch 42/200 batch 66/66 (100%) running_loss=0.6215
epoch 42/200 done: train_loss=0.6215 val_loss=0.4183 val_accuracy=0.8463 val_macro_f1=0.8185 val_macro_auc=0.9711 (checkpoint_metric=macro_auc) [new best]
train epoch 43/200 batch 13/66 (20%) running_loss=0.5915
train epoch 43/200 batch 26/66 (39%) running_loss=0.5940
train epoch 43/200 batch 39/66 (59%) running_loss=0.6033
train epoch 43/200 batch 52/66 (79%) running_loss=0.6106
train epoch 43/200 batch 65/66 (98%) running_loss=0.6193
train epoch 43/200 batch 66/66 (100%) running_loss=0.6186
epoch 43/200 done: train_loss=0.6186 val_loss=0.3360 val_accuracy=0.8996 val_macro_f1=0.8625 val_macro_auc=0.9791 (checkpoint_metric=macro_auc) [new best]
train epoch 44/200 batch 13/66 (20%) running_loss=0.6092
train epoch 44/200 batch 26/66 (39%) running_loss=0.5921
train epoch 44/200 batch 39/66 (59%) running_loss=0.5881
train epoch 44/200 batch 52/66 (79%) running_loss=0.5865
train epoch 44/200 batch 65/66 (98%) running_loss=0.5961
train epoch 44/200 batch 66/66 (100%) running_loss=0.5957
epoch 44/200 done: train_loss=0.5957 val_loss=0.5243 val_accuracy=0.8012 val_macro_f1=0.7811 val_macro_auc=0.9792 (checkpoint_metric=macro_auc) [new best]
train epoch 45/200 batch 13/66 (20%) running_loss=0.6142
train epoch 45/200 batch 26/66 (39%) running_loss=0.6080
train epoch 45/200 batch 39/66 (59%) running_loss=0.6188
train epoch 45/200 batch 52/66 (79%) running_loss=0.6183
train epoch 45/200 batch 65/66 (98%) running_loss=0.6163
train epoch 45/200 batch 66/66 (100%) running_loss=0.6169
epoch 45/200 done: train_loss=0.6169 val_loss=0.5010 val_accuracy=0.8156 val_macro_f1=0.7893 val_macro_auc=0.9693 (checkpoint_metric=macro_auc)
train epoch 46/200 batch 13/66 (20%) running_loss=0.6203
train epoch 46/200 batch 26/66 (39%) running_loss=0.6269
train epoch 46/200 batch 39/66 (59%) running_loss=0.6153
train epoch 46/200 batch 52/66 (79%) running_loss=0.6255
train epoch 46/200 batch 65/66 (98%) running_loss=0.6198
train epoch 46/200 batch 66/66 (100%) running_loss=0.6181
epoch 46/200 done: train_loss=0.6181 val_loss=0.4827 val_accuracy=0.8217 val_macro_f1=0.7955 val_macro_auc=0.9753 (checkpoint_metric=macro_auc)
train epoch 47/200 batch 13/66 (20%) running_loss=0.5817
train epoch 47/200 batch 26/66 (39%) running_loss=0.5918
train epoch 47/200 batch 39/66 (59%) running_loss=0.5924
train epoch 47/200 batch 52/66 (79%) running_loss=0.5851
train epoch 47/200 batch 65/66 (98%) running_loss=0.5795
train epoch 47/200 batch 66/66 (100%) running_loss=0.5786
epoch 47/200 done: train_loss=0.5786 val_loss=0.5747 val_accuracy=0.7664 val_macro_f1=0.7481 val_macro_auc=0.9713 (checkpoint_metric=macro_auc)
train epoch 48/200 batch 13/66 (20%) running_loss=0.6051
train epoch 48/200 batch 26/66 (39%) running_loss=0.5771
train epoch 48/200 batch 39/66 (59%) running_loss=0.5849
train epoch 48/200 batch 52/66 (79%) running_loss=0.5765
train epoch 48/200 batch 65/66 (98%) running_loss=0.5875
train epoch 48/200 batch 66/66 (100%) running_loss=0.5859
epoch 48/200 done: train_loss=0.5859 val_loss=0.3588 val_accuracy=0.8852 val_macro_f1=0.8529 val_macro_auc=0.9798 (checkpoint_metric=macro_auc)
train epoch 49/200 batch 13/66 (20%) running_loss=0.5478
train epoch 49/200 batch 26/66 (39%) running_loss=0.5345
train epoch 49/200 batch 39/66 (59%) running_loss=0.5329
train epoch 49/200 batch 52/66 (79%) running_loss=0.5552
train epoch 49/200 batch 65/66 (98%) running_loss=0.5630
train epoch 49/200 batch 66/66 (100%) running_loss=0.5626
epoch 49/200 done: train_loss=0.5626 val_loss=0.3696 val_accuracy=0.8750 val_macro_f1=0.8391 val_macro_auc=0.9805 (checkpoint_metric=macro_auc) [new best]
train epoch 50/200 batch 13/66 (20%) running_loss=0.5762
train epoch 50/200 batch 26/66 (39%) running_loss=0.5533
train epoch 50/200 batch 39/66 (59%) running_loss=0.5618
train epoch 50/200 batch 52/66 (79%) running_loss=0.5718
train epoch 50/200 batch 65/66 (98%) running_loss=0.5727
train epoch 50/200 batch 66/66 (100%) running_loss=0.5721
epoch 50/200 done: train_loss=0.5721 val_loss=0.4735 val_accuracy=0.8176 val_macro_f1=0.7931 val_macro_auc=0.9760 (checkpoint_metric=macro_auc) [new best]
train epoch 51/200 batch 13/66 (20%) running_loss=0.6112
train epoch 51/200 batch 26/66 (39%) running_loss=0.5862
train epoch 51/200 batch 39/66 (59%) running_loss=0.5777
train epoch 51/200 batch 52/66 (79%) running_loss=0.5795
train epoch 51/200 batch 65/66 (98%) running_loss=0.5770
train epoch 51/200 batch 66/66 (100%) running_loss=0.5781
epoch 51/200 done: train_loss=0.5781 val_loss=0.4588 val_accuracy=0.8299 val_macro_f1=0.8035 val_macro_auc=0.9775 (checkpoint_metric=macro_auc)
train epoch 52/200 batch 13/66 (20%) running_loss=0.5307
train epoch 52/200 batch 26/66 (39%) running_loss=0.5562
train epoch 52/200 batch 39/66 (59%) running_loss=0.5568
train epoch 52/200 batch 52/66 (79%) running_loss=0.5482
train epoch 52/200 batch 65/66 (98%) running_loss=0.5497
train epoch 52/200 batch 66/66 (100%) running_loss=0.5496
epoch 52/200 done: train_loss=0.5496 val_loss=0.4204 val_accuracy=0.8545 val_macro_f1=0.8288 val_macro_auc=0.9787 (checkpoint_metric=macro_auc)
train epoch 53/200 batch 13/66 (20%) running_loss=0.5968
train epoch 53/200 batch 26/66 (39%) running_loss=0.5903
train epoch 53/200 batch 39/66 (59%) running_loss=0.5816
train epoch 53/200 batch 52/66 (79%) running_loss=0.5744
train epoch 53/200 batch 65/66 (98%) running_loss=0.5721
train epoch 53/200 batch 66/66 (100%) running_loss=0.5715
epoch 53/200 done: train_loss=0.5715 val_loss=0.4161 val_accuracy=0.8504 val_macro_f1=0.8242 val_macro_auc=0.9829 (checkpoint_metric=macro_auc) [new best]
train epoch 54/200 batch 13/66 (20%) running_loss=0.5797
train epoch 54/200 batch 26/66 (39%) running_loss=0.5598
train epoch 54/200 batch 39/66 (59%) running_loss=0.5476
train epoch 54/200 batch 52/66 (79%) running_loss=0.5422
train epoch 54/200 batch 65/66 (98%) running_loss=0.5393
train epoch 54/200 batch 66/66 (100%) running_loss=0.5392
epoch 54/200 done: train_loss=0.5392 val_loss=0.3825 val_accuracy=0.8668 val_macro_f1=0.8358 val_macro_auc=0.9781 (checkpoint_metric=macro_auc) [new best]
train epoch 55/200 batch 13/66 (20%) running_loss=0.5371
train epoch 55/200 batch 26/66 (39%) running_loss=0.5612
train epoch 55/200 batch 39/66 (59%) running_loss=0.5498
train epoch 55/200 batch 52/66 (79%) running_loss=0.5536
train epoch 55/200 batch 65/66 (98%) running_loss=0.5548
train epoch 55/200 batch 66/66 (100%) running_loss=0.5546
epoch 55/200 done: train_loss=0.5546 val_loss=0.3612 val_accuracy=0.8811 val_macro_f1=0.8536 val_macro_auc=0.9818 (checkpoint_metric=macro_auc) [new best]
train epoch 56/200 batch 13/66 (20%) running_loss=0.5593
train epoch 56/200 batch 26/66 (39%) running_loss=0.5499
train epoch 56/200 batch 39/66 (59%) running_loss=0.5464
train epoch 56/200 batch 52/66 (79%) running_loss=0.5498
train epoch 56/200 batch 65/66 (98%) running_loss=0.5479
train epoch 56/200 batch 66/66 (100%) running_loss=0.5506
epoch 56/200 done: train_loss=0.5506 val_loss=0.4388 val_accuracy=0.8381 val_macro_f1=0.8118 val_macro_auc=0.9748 (checkpoint_metric=macro_auc)
train epoch 57/200 batch 13/66 (20%) running_loss=0.5456
train epoch 57/200 batch 26/66 (39%) running_loss=0.5439
train epoch 57/200 batch 39/66 (59%) running_loss=0.5488
train epoch 57/200 batch 52/66 (79%) running_loss=0.5447
train epoch 57/200 batch 65/66 (98%) running_loss=0.5449
train epoch 57/200 batch 66/66 (100%) running_loss=0.5450
epoch 57/200 done: train_loss=0.5450 val_loss=0.5181 val_accuracy=0.7992 val_macro_f1=0.7695 val_macro_auc=0.9718 (checkpoint_metric=macro_auc)
train epoch 58/200 batch 13/66 (20%) running_loss=0.5533
train epoch 58/200 batch 26/66 (39%) running_loss=0.5452
train epoch 58/200 batch 39/66 (59%) running_loss=0.5454
train epoch 58/200 batch 52/66 (79%) running_loss=0.5401
train epoch 58/200 batch 65/66 (98%) running_loss=0.5390
train epoch 58/200 batch 66/66 (100%) running_loss=0.5408
epoch 58/200 done: train_loss=0.5408 val_loss=0.3178 val_accuracy=0.8996 val_macro_f1=0.8738 val_macro_auc=0.9831 (checkpoint_metric=macro_auc)
train epoch 59/200 batch 13/66 (20%) running_loss=0.5078
train epoch 59/200 batch 26/66 (39%) running_loss=0.5132
train epoch 59/200 batch 39/66 (59%) running_loss=0.5296
train epoch 59/200 batch 52/66 (79%) running_loss=0.5385
train epoch 59/200 batch 65/66 (98%) running_loss=0.5361
train epoch 59/200 batch 66/66 (100%) running_loss=0.5350
epoch 59/200 done: train_loss=0.5350 val_loss=0.3682 val_accuracy=0.8648 val_macro_f1=0.8383 val_macro_auc=0.9828 (checkpoint_metric=macro_auc)
train epoch 60/200 batch 13/66 (20%) running_loss=0.5524
train epoch 60/200 batch 26/66 (39%) running_loss=0.5580
train epoch 60/200 batch 39/66 (59%) running_loss=0.5394
train epoch 60/200 batch 52/66 (79%) running_loss=0.5449
train epoch 60/200 batch 65/66 (98%) running_loss=0.5500
train epoch 60/200 batch 66/66 (100%) running_loss=0.5494
epoch 60/200 done: train_loss=0.5494 val_loss=0.2793 val_accuracy=0.9262 val_macro_f1=0.8950 val_macro_auc=0.9867 (checkpoint_metric=macro_auc) [new best]
train epoch 61/200 batch 13/66 (20%) running_loss=0.5553
train epoch 61/200 batch 26/66 (39%) running_loss=0.5461
train epoch 61/200 batch 39/66 (59%) running_loss=0.5425
train epoch 61/200 batch 52/66 (79%) running_loss=0.5368
train epoch 61/200 batch 65/66 (98%) running_loss=0.5340
train epoch 61/200 batch 66/66 (100%) running_loss=0.5327
epoch 61/200 done: train_loss=0.5327 val_loss=0.4254 val_accuracy=0.8299 val_macro_f1=0.8032 val_macro_auc=0.9781 (checkpoint_metric=macro_auc)
train epoch 62/200 batch 13/66 (20%) running_loss=0.4939
train epoch 62/200 batch 26/66 (39%) running_loss=0.5079
train epoch 62/200 batch 39/66 (59%) running_loss=0.5179
train epoch 62/200 batch 52/66 (79%) running_loss=0.5227
train epoch 62/200 batch 65/66 (98%) running_loss=0.5205
train epoch 62/200 batch 66/66 (100%) running_loss=0.5198
epoch 62/200 done: train_loss=0.5198 val_loss=0.2855 val_accuracy=0.9078 val_macro_f1=0.8781 val_macro_auc=0.9821 (checkpoint_metric=macro_auc)
train epoch 63/200 batch 13/66 (20%) running_loss=0.5698
train epoch 63/200 batch 26/66 (39%) running_loss=0.5446
train epoch 63/200 batch 39/66 (59%) running_loss=0.5401
train epoch 63/200 batch 52/66 (79%) running_loss=0.5384
train epoch 63/200 batch 65/66 (98%) running_loss=0.5402
train epoch 63/200 batch 66/66 (100%) running_loss=0.5390
epoch 63/200 done: train_loss=0.5390 val_loss=0.4550 val_accuracy=0.8258 val_macro_f1=0.7998 val_macro_auc=0.9771 (checkpoint_metric=macro_auc)
train epoch 64/200 batch 13/66 (20%) running_loss=0.5227
train epoch 64/200 batch 26/66 (39%) running_loss=0.5003
train epoch 64/200 batch 39/66 (59%) running_loss=0.5104
train epoch 64/200 batch 52/66 (79%) running_loss=0.5147
train epoch 64/200 batch 65/66 (98%) running_loss=0.5156
train epoch 64/200 batch 66/66 (100%) running_loss=0.5158
epoch 64/200 done: train_loss=0.5158 val_loss=0.4436 val_accuracy=0.8607 val_macro_f1=0.8354 val_macro_auc=0.9822 (checkpoint_metric=macro_auc)
train epoch 65/200 batch 13/66 (20%) running_loss=0.5104
train epoch 65/200 batch 26/66 (39%) running_loss=0.5180
train epoch 65/200 batch 39/66 (59%) running_loss=0.5127
train epoch 65/200 batch 52/66 (79%) running_loss=0.5233
train epoch 65/200 batch 65/66 (98%) running_loss=0.5179
train epoch 65/200 batch 66/66 (100%) running_loss=0.5178
epoch 65/200 done: train_loss=0.5178 val_loss=0.4760 val_accuracy=0.8484 val_macro_f1=0.8248 val_macro_auc=0.9732 (checkpoint_metric=macro_auc)
train epoch 66/200 batch 13/66 (20%) running_loss=0.5208
train epoch 66/200 batch 26/66 (39%) running_loss=0.5274
train epoch 66/200 batch 39/66 (59%) running_loss=0.5313
train epoch 66/200 batch 52/66 (79%) running_loss=0.5256
train epoch 66/200 batch 65/66 (98%) running_loss=0.5228
train epoch 66/200 batch 66/66 (100%) running_loss=0.5241
epoch 66/200 done: train_loss=0.5241 val_loss=0.4829 val_accuracy=0.8238 val_macro_f1=0.7965 val_macro_auc=0.9730 (checkpoint_metric=macro_auc)
train epoch 67/200 batch 13/66 (20%) running_loss=0.5203
train epoch 67/200 batch 26/66 (39%) running_loss=0.5210
train epoch 67/200 batch 39/66 (59%) running_loss=0.5215
train epoch 67/200 batch 52/66 (79%) running_loss=0.5182
train epoch 67/200 batch 65/66 (98%) running_loss=0.5114
train epoch 67/200 batch 66/66 (100%) running_loss=0.5124
epoch 67/200 done: train_loss=0.5124 val_loss=0.2699 val_accuracy=0.9180 val_macro_f1=0.8933 val_macro_auc=0.9822 (checkpoint_metric=macro_auc)
train epoch 68/200 batch 13/66 (20%) running_loss=0.5394
train epoch 68/200 batch 26/66 (39%) running_loss=0.5349
train epoch 68/200 batch 39/66 (59%) running_loss=0.5129
train epoch 68/200 batch 52/66 (79%) running_loss=0.5078
train epoch 68/200 batch 65/66 (98%) running_loss=0.5037
train epoch 68/200 batch 66/66 (100%) running_loss=0.5034
epoch 68/200 done: train_loss=0.5034 val_loss=0.4007 val_accuracy=0.8586 val_macro_f1=0.8314 val_macro_auc=0.9795 (checkpoint_metric=macro_auc)
train epoch 69/200 batch 13/66 (20%) running_loss=0.4915
train epoch 69/200 batch 26/66 (39%) running_loss=0.4888
train epoch 69/200 batch 39/66 (59%) running_loss=0.4898
train epoch 69/200 batch 52/66 (79%) running_loss=0.4832
train epoch 69/200 batch 65/66 (98%) running_loss=0.4809
train epoch 69/200 batch 66/66 (100%) running_loss=0.4809
epoch 69/200 done: train_loss=0.4809 val_loss=0.3977 val_accuracy=0.8791 val_macro_f1=0.8527 val_macro_auc=0.9736 (checkpoint_metric=macro_auc)
train epoch 70/200 batch 13/66 (20%) running_loss=0.5027
train epoch 70/200 batch 26/66 (39%) running_loss=0.4978
train epoch 70/200 batch 39/66 (59%) running_loss=0.4991
train epoch 70/200 batch 52/66 (79%) running_loss=0.4899
train epoch 70/200 batch 65/66 (98%) running_loss=0.4853
train epoch 70/200 batch 66/66 (100%) running_loss=0.4849
epoch 70/200 done: train_loss=0.4849 val_loss=0.2328 val_accuracy=0.9283 val_macro_f1=0.9011 val_macro_auc=0.9850 (checkpoint_metric=macro_auc)
train epoch 71/200 batch 13/66 (20%) running_loss=0.5227
train epoch 71/200 batch 26/66 (39%) running_loss=0.4953
train epoch 71/200 batch 39/66 (59%) running_loss=0.5122
train epoch 71/200 batch 52/66 (79%) running_loss=0.5127
train epoch 71/200 batch 65/66 (98%) running_loss=0.5134
train epoch 71/200 batch 66/66 (100%) running_loss=0.5134
epoch 71/200 done: train_loss=0.5134 val_loss=0.3012 val_accuracy=0.9078 val_macro_f1=0.8759 val_macro_auc=0.9814 (checkpoint_metric=macro_auc)
train epoch 72/200 batch 13/66 (20%) running_loss=0.4654
train epoch 72/200 batch 26/66 (39%) running_loss=0.4833
train epoch 72/200 batch 39/66 (59%) running_loss=0.4783
train epoch 72/200 batch 52/66 (79%) running_loss=0.4900
train epoch 72/200 batch 65/66 (98%) running_loss=0.4958
train epoch 72/200 batch 66/66 (100%) running_loss=0.4962
epoch 72/200 done: train_loss=0.4962 val_loss=0.3598 val_accuracy=0.8791 val_macro_f1=0.8507 val_macro_auc=0.9829 (checkpoint_metric=macro_auc)
train epoch 73/200 batch 13/66 (20%) running_loss=0.4673
train epoch 73/200 batch 26/66 (39%) running_loss=0.4713
train epoch 73/200 batch 39/66 (59%) running_loss=0.4709
train epoch 73/200 batch 52/66 (79%) running_loss=0.4722
train epoch 73/200 batch 65/66 (98%) running_loss=0.4813
train epoch 73/200 batch 66/66 (100%) running_loss=0.4828
epoch 73/200 done: train_loss=0.4828 val_loss=0.7935 val_accuracy=0.6967 val_macro_f1=0.6924 val_macro_auc=0.9554 (checkpoint_metric=macro_auc)
train epoch 74/200 batch 13/66 (20%) running_loss=0.5351
train epoch 74/200 batch 26/66 (39%) running_loss=0.5046
train epoch 74/200 batch 39/66 (59%) running_loss=0.4849
train epoch 74/200 batch 52/66 (79%) running_loss=0.4907
train epoch 74/200 batch 65/66 (98%) running_loss=0.4977
train epoch 74/200 batch 66/66 (100%) running_loss=0.4976
epoch 74/200 done: train_loss=0.4976 val_loss=0.3051 val_accuracy=0.9139 val_macro_f1=0.8868 val_macro_auc=0.9875 (checkpoint_metric=macro_auc)
train epoch 75/200 batch 13/66 (20%) running_loss=0.4798
train epoch 75/200 batch 26/66 (39%) running_loss=0.4681
train epoch 75/200 batch 39/66 (59%) running_loss=0.4777
train epoch 75/200 batch 52/66 (79%) running_loss=0.4770
train epoch 75/200 batch 65/66 (98%) running_loss=0.4739
train epoch 75/200 batch 66/66 (100%) running_loss=0.4733
epoch 75/200 done: train_loss=0.4733 val_loss=0.3001 val_accuracy=0.9119 val_macro_f1=0.8854 val_macro_auc=0.9852 (checkpoint_metric=macro_auc)
train epoch 76/200 batch 13/66 (20%) running_loss=0.4853
train epoch 76/200 batch 26/66 (39%) running_loss=0.4770
train epoch 76/200 batch 39/66 (59%) running_loss=0.4783
train epoch 76/200 batch 52/66 (79%) running_loss=0.4763
train epoch 76/200 batch 65/66 (98%) running_loss=0.4762
train epoch 76/200 batch 66/66 (100%) running_loss=0.4758
epoch 76/200 done: train_loss=0.4758 val_loss=0.3440 val_accuracy=0.8791 val_macro_f1=0.8500 val_macro_auc=0.9834 (checkpoint_metric=macro_auc) [new best]
train epoch 77/200 batch 13/66 (20%) running_loss=0.4678
train epoch 77/200 batch 26/66 (39%) running_loss=0.4640
train epoch 77/200 batch 39/66 (59%) running_loss=0.4761
train epoch 77/200 batch 52/66 (79%) running_loss=0.4751
train epoch 77/200 batch 65/66 (98%) running_loss=0.4746
train epoch 77/200 batch 66/66 (100%) running_loss=0.4746
epoch 77/200 done: train_loss=0.4746 val_loss=0.2935 val_accuracy=0.9078 val_macro_f1=0.8788 val_macro_auc=0.9819 (checkpoint_metric=macro_auc)
train epoch 78/200 batch 13/66 (20%) running_loss=0.4386
train epoch 78/200 batch 26/66 (39%) running_loss=0.4546
train epoch 78/200 batch 39/66 (59%) running_loss=0.4591
train epoch 78/200 batch 52/66 (79%) running_loss=0.4593
train epoch 78/200 batch 65/66 (98%) running_loss=0.4605
train epoch 78/200 batch 66/66 (100%) running_loss=0.4609
epoch 78/200 done: train_loss=0.4609 val_loss=0.2955 val_accuracy=0.9057 val_macro_f1=0.8765 val_macro_auc=0.9844 (checkpoint_metric=macro_auc)
train epoch 79/200 batch 13/66 (20%) running_loss=0.4487
train epoch 79/200 batch 26/66 (39%) running_loss=0.4553
train epoch 79/200 batch 39/66 (59%) running_loss=0.4758
train epoch 79/200 batch 52/66 (79%) running_loss=0.4704
train epoch 79/200 batch 65/66 (98%) running_loss=0.4685
train epoch 79/200 batch 66/66 (100%) running_loss=0.4673
epoch 79/200 done: train_loss=0.4673 val_loss=0.4323 val_accuracy=0.8422 val_macro_f1=0.8183 val_macro_auc=0.9835 (checkpoint_metric=macro_auc)
train epoch 80/200 batch 13/66 (20%) running_loss=0.4591
train epoch 80/200 batch 26/66 (39%) running_loss=0.4691
train epoch 80/200 batch 39/66 (59%) running_loss=0.4642
train epoch 80/200 batch 52/66 (79%) running_loss=0.4571
train epoch 80/200 batch 65/66 (98%) running_loss=0.4582
train epoch 80/200 batch 66/66 (100%) running_loss=0.4585
epoch 80/200 done: train_loss=0.4585 val_loss=0.3359 val_accuracy=0.8996 val_macro_f1=0.8644 val_macro_auc=0.9710 (checkpoint_metric=macro_auc)
train epoch 81/200 batch 13/66 (20%) running_loss=0.4541
train epoch 81/200 batch 26/66 (39%) running_loss=0.4570
train epoch 81/200 batch 39/66 (59%) running_loss=0.4610
train epoch 81/200 batch 52/66 (79%) running_loss=0.4707
train epoch 81/200 batch 65/66 (98%) running_loss=0.4725
train epoch 81/200 batch 66/66 (100%) running_loss=0.4730
epoch 81/200 done: train_loss=0.4730 val_loss=0.2655 val_accuracy=0.9242 val_macro_f1=0.8998 val_macro_auc=0.9860 (checkpoint_metric=macro_auc)
train epoch 82/200 batch 13/66 (20%) running_loss=0.4560
train epoch 82/200 batch 26/66 (39%) running_loss=0.4400
train epoch 82/200 batch 39/66 (59%) running_loss=0.4504
train epoch 82/200 batch 52/66 (79%) running_loss=0.4510
train epoch 82/200 batch 65/66 (98%) running_loss=0.4538
train epoch 82/200 batch 66/66 (100%) running_loss=0.4539
epoch 82/200 done: train_loss=0.4539 val_loss=0.2602 val_accuracy=0.9098 val_macro_f1=0.8844 val_macro_auc=0.9875 (checkpoint_metric=macro_auc)
train epoch 83/200 batch 13/66 (20%) running_loss=0.4587
train epoch 83/200 batch 26/66 (39%) running_loss=0.4684
train epoch 83/200 batch 39/66 (59%) running_loss=0.4577
train epoch 83/200 batch 52/66 (79%) running_loss=0.4570
train epoch 83/200 batch 65/66 (98%) running_loss=0.4572
train epoch 83/200 batch 66/66 (100%) running_loss=0.4582
epoch 83/200 done: train_loss=0.4582 val_loss=0.2465 val_accuracy=0.9406 val_macro_f1=0.9174 val_macro_auc=0.9849 (checkpoint_metric=macro_auc) [new best]
train epoch 84/200 batch 13/66 (20%) running_loss=0.4763
train epoch 84/200 batch 26/66 (39%) running_loss=0.4672
train epoch 84/200 batch 39/66 (59%) running_loss=0.4644
train epoch 84/200 batch 52/66 (79%) running_loss=0.4631
train epoch 84/200 batch 65/66 (98%) running_loss=0.4557
train epoch 84/200 batch 66/66 (100%) running_loss=0.4562
epoch 84/200 done: train_loss=0.4562 val_loss=0.3015 val_accuracy=0.9180 val_macro_f1=0.8928 val_macro_auc=0.9826 (checkpoint_metric=macro_auc)
train epoch 85/200 batch 13/66 (20%) running_loss=0.4442
train epoch 85/200 batch 26/66 (39%) running_loss=0.4377
train epoch 85/200 batch 39/66 (59%) running_loss=0.4558
train epoch 85/200 batch 52/66 (79%) running_loss=0.4584
train epoch 85/200 batch 65/66 (98%) running_loss=0.4544
train epoch 85/200 batch 66/66 (100%) running_loss=0.4545
epoch 85/200 done: train_loss=0.4545 val_loss=0.2645 val_accuracy=0.9283 val_macro_f1=0.9050 val_macro_auc=0.9875 (checkpoint_metric=macro_auc)
train epoch 86/200 batch 13/66 (20%) running_loss=0.4631
train epoch 86/200 batch 26/66 (39%) running_loss=0.4607
train epoch 86/200 batch 39/66 (59%) running_loss=0.4605
train epoch 86/200 batch 52/66 (79%) running_loss=0.4492
train epoch 86/200 batch 65/66 (98%) running_loss=0.4505
train epoch 86/200 batch 66/66 (100%) running_loss=0.4508
epoch 86/200 done: train_loss=0.4508 val_loss=0.3465 val_accuracy=0.8893 val_macro_f1=0.8647 val_macro_auc=0.9815 (checkpoint_metric=macro_auc)
train epoch 87/200 batch 13/66 (20%) running_loss=0.4476
train epoch 87/200 batch 26/66 (39%) running_loss=0.4501
train epoch 87/200 batch 39/66 (59%) running_loss=0.4416
train epoch 87/200 batch 52/66 (79%) running_loss=0.4426
train epoch 87/200 batch 65/66 (98%) running_loss=0.4501
train epoch 87/200 batch 66/66 (100%) running_loss=0.4496
epoch 87/200 done: train_loss=0.4496 val_loss=0.5207 val_accuracy=0.8156 val_macro_f1=0.7907 val_macro_auc=0.9719 (checkpoint_metric=macro_auc)
train epoch 88/200 batch 13/66 (20%) running_loss=0.4608
train epoch 88/200 batch 26/66 (39%) running_loss=0.4571
train epoch 88/200 batch 39/66 (59%) running_loss=0.4492
train epoch 88/200 batch 52/66 (79%) running_loss=0.4443
train epoch 88/200 batch 65/66 (98%) running_loss=0.4393
train epoch 88/200 batch 66/66 (100%) running_loss=0.4404
epoch 88/200 done: train_loss=0.4404 val_loss=0.2747 val_accuracy=0.9160 val_macro_f1=0.8909 val_macro_auc=0.9867 (checkpoint_metric=macro_auc)
train epoch 89/200 batch 13/66 (20%) running_loss=0.4484
train epoch 89/200 batch 26/66 (39%) running_loss=0.4411
train epoch 89/200 batch 39/66 (59%) running_loss=0.4485
train epoch 89/200 batch 52/66 (79%) running_loss=0.4502
train epoch 89/200 batch 65/66 (98%) running_loss=0.4541
train epoch 89/200 batch 66/66 (100%) running_loss=0.4536
epoch 89/200 done: train_loss=0.4536 val_loss=0.3121 val_accuracy=0.9119 val_macro_f1=0.8845 val_macro_auc=0.9817 (checkpoint_metric=macro_auc)
train epoch 90/200 batch 13/66 (20%) running_loss=0.4372
train epoch 90/200 batch 26/66 (39%) running_loss=0.4332
train epoch 90/200 batch 39/66 (59%) running_loss=0.4425
train epoch 90/200 batch 52/66 (79%) running_loss=0.4455
train epoch 90/200 batch 65/66 (98%) running_loss=0.4501
train epoch 90/200 batch 66/66 (100%) running_loss=0.4496
epoch 90/200 done: train_loss=0.4496 val_loss=0.2225 val_accuracy=0.9447 val_macro_f1=0.9216 val_macro_auc=0.9897 (checkpoint_metric=macro_auc)
train epoch 91/200 batch 13/66 (20%) running_loss=0.4417
train epoch 91/200 batch 26/66 (39%) running_loss=0.4515
train epoch 91/200 batch 39/66 (59%) running_loss=0.4358
train epoch 91/200 batch 52/66 (79%) running_loss=0.4285
train epoch 91/200 batch 65/66 (98%) running_loss=0.4302
train epoch 91/200 batch 66/66 (100%) running_loss=0.4307
epoch 91/200 done: train_loss=0.4307 val_loss=0.2486 val_accuracy=0.9324 val_macro_f1=0.9096 val_macro_auc=0.9870 (checkpoint_metric=macro_auc) [new best]
train epoch 92/200 batch 13/66 (20%) running_loss=0.3978
train epoch 92/200 batch 26/66 (39%) running_loss=0.4115
train epoch 92/200 batch 39/66 (59%) running_loss=0.4098
train epoch 92/200 batch 52/66 (79%) running_loss=0.4129
train epoch 92/200 batch 65/66 (98%) running_loss=0.4136
train epoch 92/200 batch 66/66 (100%) running_loss=0.4146
epoch 92/200 done: train_loss=0.4146 val_loss=0.3566 val_accuracy=0.8852 val_macro_f1=0.8589 val_macro_auc=0.9793 (checkpoint_metric=macro_auc)
train epoch 93/200 batch 13/66 (20%) running_loss=0.4090
train epoch 93/200 batch 26/66 (39%) running_loss=0.4221
train epoch 93/200 batch 39/66 (59%) running_loss=0.4188
train epoch 93/200 batch 52/66 (79%) running_loss=0.4246
train epoch 93/200 batch 65/66 (98%) running_loss=0.4283
train epoch 93/200 batch 66/66 (100%) running_loss=0.4304
epoch 93/200 done: train_loss=0.4304 val_loss=0.3118 val_accuracy=0.9057 val_macro_f1=0.8776 val_macro_auc=0.9817 (checkpoint_metric=macro_auc)
train epoch 94/200 batch 13/66 (20%) running_loss=0.4217
train epoch 94/200 batch 26/66 (39%) running_loss=0.4250
train epoch 94/200 batch 39/66 (59%) running_loss=0.4377
train epoch 94/200 batch 52/66 (79%) running_loss=0.4414
train epoch 94/200 batch 65/66 (98%) running_loss=0.4422
train epoch 94/200 batch 66/66 (100%) running_loss=0.4429
epoch 94/200 done: train_loss=0.4429 val_loss=0.3796 val_accuracy=0.8852 val_macro_f1=0.8598 val_macro_auc=0.9764 (checkpoint_metric=macro_auc)
train epoch 95/200 batch 13/66 (20%) running_loss=0.4303
train epoch 95/200 batch 26/66 (39%) running_loss=0.4221
train epoch 95/200 batch 39/66 (59%) running_loss=0.4282
train epoch 95/200 batch 52/66 (79%) running_loss=0.4309
train epoch 95/200 batch 65/66 (98%) running_loss=0.4365
train epoch 95/200 batch 66/66 (100%) running_loss=0.4369
epoch 95/200 done: train_loss=0.4369 val_loss=0.3839 val_accuracy=0.8770 val_macro_f1=0.8518 val_macro_auc=0.9797 (checkpoint_metric=macro_auc)
train epoch 96/200 batch 13/66 (20%) running_loss=0.4076
train epoch 96/200 batch 26/66 (39%) running_loss=0.4122
train epoch 96/200 batch 39/66 (59%) running_loss=0.4112
train epoch 96/200 batch 52/66 (79%) running_loss=0.4217
train epoch 96/200 batch 65/66 (98%) running_loss=0.4275
train epoch 96/200 batch 66/66 (100%) running_loss=0.4290
epoch 96/200 done: train_loss=0.4290 val_loss=0.2530 val_accuracy=0.9283 val_macro_f1=0.9044 val_macro_auc=0.9867 (checkpoint_metric=macro_auc)
train epoch 97/200 batch 13/66 (20%) running_loss=0.3923
train epoch 97/200 batch 26/66 (39%) running_loss=0.4170
train epoch 97/200 batch 39/66 (59%) running_loss=0.4187
train epoch 97/200 batch 52/66 (79%) running_loss=0.4206
train epoch 97/200 batch 65/66 (98%) running_loss=0.4196
train epoch 97/200 batch 66/66 (100%) running_loss=0.4201
epoch 97/200 done: train_loss=0.4201 val_loss=0.1918 val_accuracy=0.9529 val_macro_f1=0.9303 val_macro_auc=0.9890 (checkpoint_metric=macro_auc)
train epoch 98/200 batch 13/66 (20%) running_loss=0.4244
train epoch 98/200 batch 26/66 (39%) running_loss=0.4284
train epoch 98/200 batch 39/66 (59%) running_loss=0.4216
train epoch 98/200 batch 52/66 (79%) running_loss=0.4214
train epoch 98/200 batch 65/66 (98%) running_loss=0.4222
train epoch 98/200 batch 66/66 (100%) running_loss=0.4216
epoch 98/200 done: train_loss=0.4216 val_loss=0.2352 val_accuracy=0.9365 val_macro_f1=0.9129 val_macro_auc=0.9843 (checkpoint_metric=macro_auc) [new best]
train epoch 99/200 batch 13/66 (20%) running_loss=0.4502
train epoch 99/200 batch 26/66 (39%) running_loss=0.4352
train epoch 99/200 batch 39/66 (59%) running_loss=0.4302
train epoch 99/200 batch 52/66 (79%) running_loss=0.4283
train epoch 99/200 batch 65/66 (98%) running_loss=0.4299
train epoch 99/200 batch 66/66 (100%) running_loss=0.4293
epoch 99/200 done: train_loss=0.4293 val_loss=0.2880 val_accuracy=0.9098 val_macro_f1=0.8840 val_macro_auc=0.9829 (checkpoint_metric=macro_auc)
train epoch 100/200 batch 13/66 (20%) running_loss=0.4259
train epoch 100/200 batch 26/66 (39%) running_loss=0.4313
train epoch 100/200 batch 39/66 (59%) running_loss=0.4247
train epoch 100/200 batch 52/66 (79%) running_loss=0.4176
train epoch 100/200 batch 65/66 (98%) running_loss=0.4158
train epoch 100/200 batch 66/66 (100%) running_loss=0.4167
epoch 100/200 done: train_loss=0.4167 val_loss=0.2380 val_accuracy=0.9324 val_macro_f1=0.9096 val_macro_auc=0.9872 (checkpoint_metric=macro_auc)
train epoch 101/200 batch 13/66 (20%) running_loss=0.4136
train epoch 101/200 batch 26/66 (39%) running_loss=0.4188
train epoch 101/200 batch 39/66 (59%) running_loss=0.4151
train epoch 101/200 batch 52/66 (79%) running_loss=0.4155
train epoch 101/200 batch 65/66 (98%) running_loss=0.4151
train epoch 101/200 batch 66/66 (100%) running_loss=0.4152
epoch 101/200 done: train_loss=0.4152 val_loss=0.3327 val_accuracy=0.9098 val_macro_f1=0.8849 val_macro_auc=0.9773 (checkpoint_metric=macro_auc)
train epoch 102/200 batch 13/66 (20%) running_loss=0.4257
train epoch 102/200 batch 26/66 (39%) running_loss=0.4127
train epoch 102/200 batch 39/66 (59%) running_loss=0.4127
train epoch 102/200 batch 52/66 (79%) running_loss=0.4158
train epoch 102/200 batch 65/66 (98%) running_loss=0.4126
train epoch 102/200 batch 66/66 (100%) running_loss=0.4125
epoch 102/200 done: train_loss=0.4125 val_loss=0.2448 val_accuracy=0.9385 val_macro_f1=0.9169 val_macro_auc=0.9866 (checkpoint_metric=macro_auc)
train epoch 103/200 batch 13/66 (20%) running_loss=0.4225
train epoch 103/200 batch 26/66 (39%) running_loss=0.4061
train epoch 103/200 batch 39/66 (59%) running_loss=0.4153
train epoch 103/200 batch 52/66 (79%) running_loss=0.4156
train epoch 103/200 batch 65/66 (98%) running_loss=0.4237
train epoch 103/200 batch 66/66 (100%) running_loss=0.4231
epoch 103/200 done: train_loss=0.4231 val_loss=0.2409 val_accuracy=0.9303 val_macro_f1=0.9076 val_macro_auc=0.9882 (checkpoint_metric=macro_auc)
train epoch 104/200 batch 13/66 (20%) running_loss=0.4585
train epoch 104/200 batch 26/66 (39%) running_loss=0.4391
train epoch 104/200 batch 39/66 (59%) running_loss=0.4301
train epoch 104/200 batch 52/66 (79%) running_loss=0.4357
train epoch 104/200 batch 65/66 (98%) running_loss=0.4310
train epoch 104/200 batch 66/66 (100%) running_loss=0.4299
epoch 104/200 done: train_loss=0.4299 val_loss=0.2440 val_accuracy=0.9283 val_macro_f1=0.9031 val_macro_auc=0.9871 (checkpoint_metric=macro_auc) [new best]
train epoch 105/200 batch 13/66 (20%) running_loss=0.4034
train epoch 105/200 batch 26/66 (39%) running_loss=0.3929
train epoch 105/200 batch 39/66 (59%) running_loss=0.3978
train epoch 105/200 batch 52/66 (79%) running_loss=0.4049
train epoch 105/200 batch 65/66 (98%) running_loss=0.4082
train epoch 105/200 batch 66/66 (100%) running_loss=0.4074
epoch 105/200 done: train_loss=0.4074 val_loss=0.2122 val_accuracy=0.9365 val_macro_f1=0.9117 val_macro_auc=0.9869 (checkpoint_metric=macro_auc) [new best]
train epoch 106/200 batch 13/66 (20%) running_loss=0.4173
train epoch 106/200 batch 26/66 (39%) running_loss=0.4085
train epoch 106/200 batch 39/66 (59%) running_loss=0.4050
train epoch 106/200 batch 52/66 (79%) running_loss=0.4116
train epoch 106/200 batch 65/66 (98%) running_loss=0.4131
train epoch 106/200 batch 66/66 (100%) running_loss=0.4136
epoch 106/200 done: train_loss=0.4136 val_loss=0.2732 val_accuracy=0.8975 val_macro_f1=0.8710 val_macro_auc=0.9847 (checkpoint_metric=macro_auc)
train epoch 107/200 batch 13/66 (20%) running_loss=0.4149
train epoch 107/200 batch 26/66 (39%) running_loss=0.4240
train epoch 107/200 batch 39/66 (59%) running_loss=0.4158
train epoch 107/200 batch 52/66 (79%) running_loss=0.4114
train epoch 107/200 batch 65/66 (98%) running_loss=0.4057
train epoch 107/200 batch 66/66 (100%) running_loss=0.4057
epoch 107/200 done: train_loss=0.4057 val_loss=0.2734 val_accuracy=0.9098 val_macro_f1=0.8848 val_macro_auc=0.9864 (checkpoint_metric=macro_auc)
train epoch 108/200 batch 13/66 (20%) running_loss=0.3830
train epoch 108/200 batch 26/66 (39%) running_loss=0.3863
train epoch 108/200 batch 39/66 (59%) running_loss=0.4078
train epoch 108/200 batch 52/66 (79%) running_loss=0.4054
train epoch 108/200 batch 65/66 (98%) running_loss=0.4142
train epoch 108/200 batch 66/66 (100%) running_loss=0.4137
epoch 108/200 done: train_loss=0.4137 val_loss=0.2834 val_accuracy=0.9180 val_macro_f1=0.8893 val_macro_auc=0.9858 (checkpoint_metric=macro_auc)
train epoch 109/200 batch 13/66 (20%) running_loss=0.3807
train epoch 109/200 batch 26/66 (39%) running_loss=0.3932
train epoch 109/200 batch 39/66 (59%) running_loss=0.3967
train epoch 109/200 batch 52/66 (79%) running_loss=0.3936
train epoch 109/200 batch 65/66 (98%) running_loss=0.3953
train epoch 109/200 batch 66/66 (100%) running_loss=0.3961
epoch 109/200 done: train_loss=0.3961 val_loss=0.3137 val_accuracy=0.9037 val_macro_f1=0.8805 val_macro_auc=0.9809 (checkpoint_metric=macro_auc)
train epoch 110/200 batch 13/66 (20%) running_loss=0.3928
train epoch 110/200 batch 26/66 (39%) running_loss=0.3891
train epoch 110/200 batch 39/66 (59%) running_loss=0.3838
train epoch 110/200 batch 52/66 (79%) running_loss=0.3824
train epoch 110/200 batch 65/66 (98%) running_loss=0.3867
train epoch 110/200 batch 66/66 (100%) running_loss=0.3874
epoch 110/200 done: train_loss=0.3874 val_loss=0.2302 val_accuracy=0.9303 val_macro_f1=0.9052 val_macro_auc=0.9865 (checkpoint_metric=macro_auc)
train epoch 111/200 batch 13/66 (20%) running_loss=0.3994
train epoch 111/200 batch 26/66 (39%) running_loss=0.3969
train epoch 111/200 batch 39/66 (59%) running_loss=0.3940
train epoch 111/200 batch 52/66 (79%) running_loss=0.3951
train epoch 111/200 batch 65/66 (98%) running_loss=0.3917
train epoch 111/200 batch 66/66 (100%) running_loss=0.3909
epoch 111/200 done: train_loss=0.3909 val_loss=0.2892 val_accuracy=0.9160 val_macro_f1=0.8917 val_macro_auc=0.9820 (checkpoint_metric=macro_auc)
train epoch 112/200 batch 13/66 (20%) running_loss=0.4148
train epoch 112/200 batch 26/66 (39%) running_loss=0.4057
train epoch 112/200 batch 39/66 (59%) running_loss=0.4049
train epoch 112/200 batch 52/66 (79%) running_loss=0.3953
train epoch 112/200 batch 65/66 (98%) running_loss=0.3933
train epoch 112/200 batch 66/66 (100%) running_loss=0.3936
epoch 112/200 done: train_loss=0.3936 val_loss=0.2466 val_accuracy=0.9344 val_macro_f1=0.9122 val_macro_auc=0.9831 (checkpoint_metric=macro_auc)
train epoch 113/200 batch 13/66 (20%) running_loss=0.3953
train epoch 113/200 batch 26/66 (39%) running_loss=0.3872
train epoch 113/200 batch 39/66 (59%) running_loss=0.3819
train epoch 113/200 batch 52/66 (79%) running_loss=0.3895
train epoch 113/200 batch 65/66 (98%) running_loss=0.3888
train epoch 113/200 batch 66/66 (100%) running_loss=0.3888
epoch 113/200 done: train_loss=0.3888 val_loss=0.2303 val_accuracy=0.9283 val_macro_f1=0.9033 val_macro_auc=0.9857 (checkpoint_metric=macro_auc)
train epoch 114/200 batch 13/66 (20%) running_loss=0.3846
train epoch 114/200 batch 26/66 (39%) running_loss=0.3829
train epoch 114/200 batch 39/66 (59%) running_loss=0.3865
train epoch 114/200 batch 52/66 (79%) running_loss=0.3881
train epoch 114/200 batch 65/66 (98%) running_loss=0.3881
train epoch 114/200 batch 66/66 (100%) running_loss=0.3892
epoch 114/200 done: train_loss=0.3892 val_loss=0.3003 val_accuracy=0.8975 val_macro_f1=0.8716 val_macro_auc=0.9827 (checkpoint_metric=macro_auc)
train epoch 115/200 batch 13/66 (20%) running_loss=0.3914
train epoch 115/200 batch 26/66 (39%) running_loss=0.4020
train epoch 115/200 batch 39/66 (59%) running_loss=0.4094
train epoch 115/200 batch 52/66 (79%) running_loss=0.4082
train epoch 115/200 batch 65/66 (98%) running_loss=0.4056
train epoch 115/200 batch 66/66 (100%) running_loss=0.4052
epoch 115/200 done: train_loss=0.4052 val_loss=0.3124 val_accuracy=0.9098 val_macro_f1=0.8851 val_macro_auc=0.9784 (checkpoint_metric=macro_auc)
train epoch 116/200 batch 13/66 (20%) running_loss=0.3849
train epoch 116/200 batch 26/66 (39%) running_loss=0.3927
train epoch 116/200 batch 39/66 (59%) running_loss=0.3939
train epoch 116/200 batch 52/66 (79%) running_loss=0.3936
train epoch 116/200 batch 65/66 (98%) running_loss=0.3976
train epoch 116/200 batch 66/66 (100%) running_loss=0.3975
epoch 116/200 done: train_loss=0.3975 val_loss=0.2586 val_accuracy=0.9242 val_macro_f1=0.9004 val_macro_auc=0.9837 (checkpoint_metric=macro_auc)
train epoch 117/200 batch 13/66 (20%) running_loss=0.3779
train epoch 117/200 batch 26/66 (39%) running_loss=0.3812
train epoch 117/200 batch 39/66 (59%) running_loss=0.3835
train epoch 117/200 batch 52/66 (79%) running_loss=0.3815
train epoch 117/200 batch 65/66 (98%) running_loss=0.3846
train epoch 117/200 batch 66/66 (100%) running_loss=0.3839
epoch 117/200 done: train_loss=0.3839 val_loss=0.2387 val_accuracy=0.9303 val_macro_f1=0.9079 val_macro_auc=0.9871 (checkpoint_metric=macro_auc)
train epoch 118/200 batch 13/66 (20%) running_loss=0.3672
train epoch 118/200 batch 26/66 (39%) running_loss=0.3742
train epoch 118/200 batch 39/66 (59%) running_loss=0.3749
train epoch 118/200 batch 52/66 (79%) running_loss=0.3835
train epoch 118/200 batch 65/66 (98%) running_loss=0.3854
train epoch 118/200 batch 66/66 (100%) running_loss=0.3851
epoch 118/200 done: train_loss=0.3851 val_loss=0.2605 val_accuracy=0.9262 val_macro_f1=0.9053 val_macro_auc=0.9849 (checkpoint_metric=macro_auc)
train epoch 119/200 batch 13/66 (20%) running_loss=0.3790
train epoch 119/200 batch 26/66 (39%) running_loss=0.3755
train epoch 119/200 batch 39/66 (59%) running_loss=0.3744
train epoch 119/200 batch 52/66 (79%) running_loss=0.3725
train epoch 119/200 batch 65/66 (98%) running_loss=0.3737
train epoch 119/200 batch 66/66 (100%) running_loss=0.3737
epoch 119/200 done: train_loss=0.3737 val_loss=0.2670 val_accuracy=0.9303 val_macro_f1=0.9075 val_macro_auc=0.9813 (checkpoint_metric=macro_auc)
train epoch 120/200 batch 13/66 (20%) running_loss=0.3613
train epoch 120/200 batch 26/66 (39%) running_loss=0.3681
train epoch 120/200 batch 39/66 (59%) running_loss=0.3777
train epoch 120/200 batch 52/66 (79%) running_loss=0.3844
train epoch 120/200 batch 65/66 (98%) running_loss=0.3819
train epoch 120/200 batch 66/66 (100%) running_loss=0.3817
epoch 120/200 done: train_loss=0.3817 val_loss=0.2606 val_accuracy=0.9201 val_macro_f1=0.8975 val_macro_auc=0.9868 (checkpoint_metric=macro_auc)
train epoch 121/200 batch 13/66 (20%) running_loss=0.3922
train epoch 121/200 batch 26/66 (39%) running_loss=0.3759
train epoch 121/200 batch 39/66 (59%) running_loss=0.3832
train epoch 121/200 batch 52/66 (79%) running_loss=0.3834
train epoch 121/200 batch 65/66 (98%) running_loss=0.3864
train epoch 121/200 batch 66/66 (100%) running_loss=0.3862
epoch 121/200 done: train_loss=0.3862 val_loss=0.2932 val_accuracy=0.9098 val_macro_f1=0.8832 val_macro_auc=0.9791 (checkpoint_metric=macro_auc)
train epoch 122/200 batch 13/66 (20%) running_loss=0.3765
train epoch 122/200 batch 26/66 (39%) running_loss=0.4046
train epoch 122/200 batch 39/66 (59%) running_loss=0.4062
train epoch 122/200 batch 52/66 (79%) running_loss=0.4007
train epoch 122/200 batch 65/66 (98%) running_loss=0.3956
train epoch 122/200 batch 66/66 (100%) running_loss=0.3958
epoch 122/200 done: train_loss=0.3958 val_loss=0.2257 val_accuracy=0.9303 val_macro_f1=0.9074 val_macro_auc=0.9869 (checkpoint_metric=macro_auc)
train epoch 123/200 batch 13/66 (20%) running_loss=0.3712
train epoch 123/200 batch 26/66 (39%) running_loss=0.3749
train epoch 123/200 batch 39/66 (59%) running_loss=0.3744
train epoch 123/200 batch 52/66 (79%) running_loss=0.3759
train epoch 123/200 batch 65/66 (98%) running_loss=0.3788
train epoch 123/200 batch 66/66 (100%) running_loss=0.3782
epoch 123/200 done: train_loss=0.3782 val_loss=0.2499 val_accuracy=0.9262 val_macro_f1=0.9034 val_macro_auc=0.9832 (checkpoint_metric=macro_auc)
train epoch 124/200 batch 13/66 (20%) running_loss=0.3646
train epoch 124/200 batch 26/66 (39%) running_loss=0.3672
train epoch 124/200 batch 39/66 (59%) running_loss=0.3707
train epoch 124/200 batch 52/66 (79%) running_loss=0.3742
train epoch 124/200 batch 65/66 (98%) running_loss=0.3759
train epoch 124/200 batch 66/66 (100%) running_loss=0.3770
epoch 124/200 done: train_loss=0.3770 val_loss=0.2777 val_accuracy=0.9160 val_macro_f1=0.8905 val_macro_auc=0.9842 (checkpoint_metric=macro_auc)
train epoch 125/200 batch 13/66 (20%) running_loss=0.3783
train epoch 125/200 batch 26/66 (39%) running_loss=0.3779
train epoch 125/200 batch 39/66 (59%) running_loss=0.3757
train epoch 125/200 batch 52/66 (79%) running_loss=0.3750
train epoch 125/200 batch 65/66 (98%) running_loss=0.3773
train epoch 125/200 batch 66/66 (100%) running_loss=0.3779
epoch 125/200 done: train_loss=0.3779 val_loss=0.2013 val_accuracy=0.9549 val_macro_f1=0.9389 val_macro_auc=0.9924 (checkpoint_metric=macro_auc)
train epoch 126/200 batch 13/66 (20%) running_loss=0.3782
train epoch 126/200 batch 26/66 (39%) running_loss=0.3685
train epoch 126/200 batch 39/66 (59%) running_loss=0.3675
train epoch 126/200 batch 52/66 (79%) running_loss=0.3692
train epoch 126/200 batch 65/66 (98%) running_loss=0.3713
train epoch 126/200 batch 66/66 (100%) running_loss=0.3710
epoch 126/200 done: train_loss=0.3710 val_loss=0.2504 val_accuracy=0.9242 val_macro_f1=0.9009 val_macro_auc=0.9839 (checkpoint_metric=macro_auc)
train epoch 127/200 batch 13/66 (20%) running_loss=0.3753
train epoch 127/200 batch 26/66 (39%) running_loss=0.3778
train epoch 127/200 batch 39/66 (59%) running_loss=0.3814
train epoch 127/200 batch 52/66 (79%) running_loss=0.3838
train epoch 127/200 batch 65/66 (98%) running_loss=0.3829
train epoch 127/200 batch 66/66 (100%) running_loss=0.3823
epoch 127/200 done: train_loss=0.3823 val_loss=0.2685 val_accuracy=0.9201 val_macro_f1=0.8967 val_macro_auc=0.9835 (checkpoint_metric=macro_auc)
train epoch 128/200 batch 13/66 (20%) running_loss=0.3651
train epoch 128/200 batch 26/66 (39%) running_loss=0.3745
train epoch 128/200 batch 39/66 (59%) running_loss=0.3665
train epoch 128/200 batch 52/66 (79%) running_loss=0.3677
train epoch 128/200 batch 65/66 (98%) running_loss=0.3703
train epoch 128/200 batch 66/66 (100%) running_loss=0.3711
epoch 128/200 done: train_loss=0.3711 val_loss=0.2501 val_accuracy=0.9242 val_macro_f1=0.9030 val_macro_auc=0.9845 (checkpoint_metric=macro_auc)
train epoch 129/200 batch 13/66 (20%) running_loss=0.3512
train epoch 129/200 batch 26/66 (39%) running_loss=0.3565
train epoch 129/200 batch 39/66 (59%) running_loss=0.3600
train epoch 129/200 batch 52/66 (79%) running_loss=0.3652
train epoch 129/200 batch 65/66 (98%) running_loss=0.3632
train epoch 129/200 batch 66/66 (100%) running_loss=0.3634
epoch 129/200 done: train_loss=0.3634 val_loss=0.2625 val_accuracy=0.9283 val_macro_f1=0.9076 val_macro_auc=0.9837 (checkpoint_metric=macro_auc)
train epoch 130/200 batch 13/66 (20%) running_loss=0.3758
train epoch 130/200 batch 26/66 (39%) running_loss=0.3753
train epoch 130/200 batch 39/66 (59%) running_loss=0.3750
train epoch 130/200 batch 52/66 (79%) running_loss=0.3778
train epoch 130/200 batch 65/66 (98%) running_loss=0.3737
train epoch 130/200 batch 66/66 (100%) running_loss=0.3739
epoch 130/200 done: train_loss=0.3739 val_loss=0.2536 val_accuracy=0.9160 val_macro_f1=0.8934 val_macro_auc=0.9856 (checkpoint_metric=macro_auc)
train epoch 131/200 batch 13/66 (20%) running_loss=0.3671
train epoch 131/200 batch 26/66 (39%) running_loss=0.3724
train epoch 131/200 batch 39/66 (59%) running_loss=0.3758
train epoch 131/200 batch 52/66 (79%) running_loss=0.3753
train epoch 131/200 batch 65/66 (98%) running_loss=0.3726
train epoch 131/200 batch 66/66 (100%) running_loss=0.3729
epoch 131/200 done: train_loss=0.3729 val_loss=0.3051 val_accuracy=0.9139 val_macro_f1=0.8903 val_macro_auc=0.9812 (checkpoint_metric=macro_auc)
train epoch 132/200 batch 13/66 (20%) running_loss=0.3740
train epoch 132/200 batch 26/66 (39%) running_loss=0.3708
train epoch 132/200 batch 39/66 (59%) running_loss=0.3654
train epoch 132/200 batch 52/66 (79%) running_loss=0.3695
train epoch 132/200 batch 65/66 (98%) running_loss=0.3675
train epoch 132/200 batch 66/66 (100%) running_loss=0.3678
epoch 132/200 done: train_loss=0.3678 val_loss=0.2408 val_accuracy=0.9262 val_macro_f1=0.9032 val_macro_auc=0.9859 (checkpoint_metric=macro_auc)
train epoch 133/200 batch 13/66 (20%) running_loss=0.3681
train epoch 133/200 batch 26/66 (39%) running_loss=0.3589
train epoch 133/200 batch 39/66 (59%) running_loss=0.3627
train epoch 133/200 batch 52/66 (79%) running_loss=0.3627
train epoch 133/200 batch 65/66 (98%) running_loss=0.3629
train epoch 133/200 batch 66/66 (100%) running_loss=0.3632
epoch 133/200 done: train_loss=0.3632 val_loss=0.2833 val_accuracy=0.9160 val_macro_f1=0.8929 val_macro_auc=0.9829 (checkpoint_metric=macro_auc)
train epoch 134/200 batch 13/66 (20%) running_loss=0.3445
train epoch 134/200 batch 26/66 (39%) running_loss=0.3545
train epoch 134/200 batch 39/66 (59%) running_loss=0.3562
train epoch 134/200 batch 52/66 (79%) running_loss=0.3550
train epoch 134/200 batch 65/66 (98%) running_loss=0.3556
train epoch 134/200 batch 66/66 (100%) running_loss=0.3558
epoch 134/200 done: train_loss=0.3558 val_loss=0.2210 val_accuracy=0.9385 val_macro_f1=0.9172 val_macro_auc=0.9865 (checkpoint_metric=macro_auc)
train epoch 135/200 batch 13/66 (20%) running_loss=0.3839
train epoch 135/200 batch 26/66 (39%) running_loss=0.3706
train epoch 135/200 batch 39/66 (59%) running_loss=0.3619
train epoch 135/200 batch 52/66 (79%) running_loss=0.3633
train epoch 135/200 batch 65/66 (98%) running_loss=0.3644
train epoch 135/200 batch 66/66 (100%) running_loss=0.3648
epoch 135/200 done: train_loss=0.3648 val_loss=0.2597 val_accuracy=0.9303 val_macro_f1=0.9083 val_macro_auc=0.9825 (checkpoint_metric=macro_auc)
train epoch 136/200 batch 13/66 (20%) running_loss=0.3512
train epoch 136/200 batch 26/66 (39%) running_loss=0.3557
train epoch 136/200 batch 39/66 (59%) running_loss=0.3572
train epoch 136/200 batch 52/66 (79%) running_loss=0.3585
train epoch 136/200 batch 65/66 (98%) running_loss=0.3595
train epoch 136/200 batch 66/66 (100%) running_loss=0.3598
epoch 136/200 done: train_loss=0.3598 val_loss=0.2481 val_accuracy=0.9365 val_macro_f1=0.9155 val_macro_auc=0.9837 (checkpoint_metric=macro_auc)
train epoch 137/200 batch 13/66 (20%) running_loss=0.3536
train epoch 137/200 batch 26/66 (39%) running_loss=0.3632
train epoch 137/200 batch 39/66 (59%) running_loss=0.3583
train epoch 137/200 batch 52/66 (79%) running_loss=0.3604
train epoch 137/200 batch 65/66 (98%) running_loss=0.3645
train epoch 137/200 batch 66/66 (100%) running_loss=0.3647
epoch 137/200 done: train_loss=0.3647 val_loss=0.2802 val_accuracy=0.9201 val_macro_f1=0.8969 val_macro_auc=0.9841 (checkpoint_metric=macro_auc)
train epoch 138/200 batch 13/66 (20%) running_loss=0.3549
train epoch 138/200 batch 26/66 (39%) running_loss=0.3549
train epoch 138/200 batch 39/66 (59%) running_loss=0.3563
train epoch 138/200 batch 52/66 (79%) running_loss=0.3533
train epoch 138/200 batch 65/66 (98%) running_loss=0.3513
train epoch 138/200 batch 66/66 (100%) running_loss=0.3515
epoch 138/200 done: train_loss=0.3515 val_loss=0.2968 val_accuracy=0.9119 val_macro_f1=0.8885 val_macro_auc=0.9817 (checkpoint_metric=macro_auc)
train epoch 139/200 batch 13/66 (20%) running_loss=0.3512
train epoch 139/200 batch 26/66 (39%) running_loss=0.3505
train epoch 139/200 batch 39/66 (59%) running_loss=0.3512
train epoch 139/200 batch 52/66 (79%) running_loss=0.3557
train epoch 139/200 batch 65/66 (98%) running_loss=0.3582
train epoch 139/200 batch 66/66 (100%) running_loss=0.3589
epoch 139/200 done: train_loss=0.3589 val_loss=0.2409 val_accuracy=0.9283 val_macro_f1=0.9055 val_macro_auc=0.9841 (checkpoint_metric=macro_auc)
train epoch 140/200 batch 13/66 (20%) running_loss=0.3559
train epoch 140/200 batch 26/66 (39%) running_loss=0.3581
train epoch 140/200 batch 39/66 (59%) running_loss=0.3570
train epoch 140/200 batch 52/66 (79%) running_loss=0.3560
train epoch 140/200 batch 65/66 (98%) running_loss=0.3586
train epoch 140/200 batch 66/66 (100%) running_loss=0.3582
epoch 140/200 done: train_loss=0.3582 val_loss=0.2624 val_accuracy=0.9262 val_macro_f1=0.9037 val_macro_auc=0.9835 (checkpoint_metric=macro_auc)
train epoch 141/200 batch 13/66 (20%) running_loss=0.3605
train epoch 141/200 batch 26/66 (39%) running_loss=0.3504
train epoch 141/200 batch 39/66 (59%) running_loss=0.3507
train epoch 141/200 batch 52/66 (79%) running_loss=0.3535
train epoch 141/200 batch 65/66 (98%) running_loss=0.3533
train epoch 141/200 batch 66/66 (100%) running_loss=0.3554
epoch 141/200 done: train_loss=0.3554 val_loss=0.2348 val_accuracy=0.9344 val_macro_f1=0.9134 val_macro_auc=0.9865 (checkpoint_metric=macro_auc)
train epoch 142/200 batch 13/66 (20%) running_loss=0.3420
train epoch 142/200 batch 26/66 (39%) running_loss=0.3431
train epoch 142/200 batch 39/66 (59%) running_loss=0.3457
train epoch 142/200 batch 52/66 (79%) running_loss=0.3438
train epoch 142/200 batch 65/66 (98%) running_loss=0.3470
train epoch 142/200 batch 66/66 (100%) running_loss=0.3475
epoch 142/200 done: train_loss=0.3475 val_loss=0.2326 val_accuracy=0.9385 val_macro_f1=0.9173 val_macro_auc=0.9851 (checkpoint_metric=macro_auc)
train epoch 143/200 batch 13/66 (20%) running_loss=0.3387
train epoch 143/200 batch 26/66 (39%) running_loss=0.3461
train epoch 143/200 batch 39/66 (59%) running_loss=0.3554
train epoch 143/200 batch 52/66 (79%) running_loss=0.3552
train epoch 143/200 batch 65/66 (98%) running_loss=0.3573
train epoch 143/200 batch 66/66 (100%) running_loss=0.3567
epoch 143/200 done: train_loss=0.3567 val_loss=0.2575 val_accuracy=0.9406 val_macro_f1=0.9203 val_macro_auc=0.9833 (checkpoint_metric=macro_auc)
train epoch 144/200 batch 13/66 (20%) running_loss=0.3463
train epoch 144/200 batch 26/66 (39%) running_loss=0.3548
train epoch 144/200 batch 39/66 (59%) running_loss=0.3555
train epoch 144/200 batch 52/66 (79%) running_loss=0.3545
train epoch 144/200 batch 65/66 (98%) running_loss=0.3589
train epoch 144/200 batch 66/66 (100%) running_loss=0.3592
epoch 144/200 done: train_loss=0.3592 val_loss=0.2575 val_accuracy=0.9303 val_macro_f1=0.9063 val_macro_auc=0.9795 (checkpoint_metric=macro_auc)
train epoch 145/200 batch 13/66 (20%) running_loss=0.3538
train epoch 145/200 batch 26/66 (39%) running_loss=0.3573
train epoch 145/200 batch 39/66 (59%) running_loss=0.3519
train epoch 145/200 batch 52/66 (79%) running_loss=0.3481
train epoch 145/200 batch 65/66 (98%) running_loss=0.3519
train epoch 145/200 batch 66/66 (100%) running_loss=0.3523
epoch 145/200 done: train_loss=0.3523 val_loss=0.2725 val_accuracy=0.9201 val_macro_f1=0.8951 val_macro_auc=0.9815 (checkpoint_metric=macro_auc)
train epoch 146/200 batch 13/66 (20%) running_loss=0.3431
train epoch 146/200 batch 26/66 (39%) running_loss=0.3437
train epoch 146/200 batch 39/66 (59%) running_loss=0.3475
train epoch 146/200 batch 52/66 (79%) running_loss=0.3475
train epoch 146/200 batch 65/66 (98%) running_loss=0.3472
train epoch 146/200 batch 66/66 (100%) running_loss=0.3470
epoch 146/200 done: train_loss=0.3470 val_loss=0.2758 val_accuracy=0.9180 val_macro_f1=0.8971 val_macro_auc=0.9838 (checkpoint_metric=macro_auc)
train epoch 147/200 batch 13/66 (20%) running_loss=0.3391
train epoch 147/200 batch 26/66 (39%) running_loss=0.3452
train epoch 147/200 batch 39/66 (59%) running_loss=0.3478
train epoch 147/200 batch 52/66 (79%) running_loss=0.3505
train epoch 147/200 batch 65/66 (98%) running_loss=0.3508
train epoch 147/200 batch 66/66 (100%) running_loss=0.3507
epoch 147/200 done: train_loss=0.3507 val_loss=0.2435 val_accuracy=0.9221 val_macro_f1=0.8996 val_macro_auc=0.9857 (checkpoint_metric=macro_auc)
train epoch 148/200 batch 13/66 (20%) running_loss=0.3361
train epoch 148/200 batch 26/66 (39%) running_loss=0.3495
train epoch 148/200 batch 39/66 (59%) running_loss=0.3447
train epoch 148/200 batch 52/66 (79%) running_loss=0.3441
train epoch 148/200 batch 65/66 (98%) running_loss=0.3414
train epoch 148/200 batch 66/66 (100%) running_loss=0.3410
epoch 148/200 done: train_loss=0.3410 val_loss=0.2585 val_accuracy=0.9344 val_macro_f1=0.9138 val_macro_auc=0.9815 (checkpoint_metric=macro_auc)
train epoch 149/200 batch 13/66 (20%) running_loss=0.3472
train epoch 149/200 batch 26/66 (39%) running_loss=0.3469
train epoch 149/200 batch 39/66 (59%) running_loss=0.3475
train epoch 149/200 batch 52/66 (79%) running_loss=0.3486
train epoch 149/200 batch 65/66 (98%) running_loss=0.3491
train epoch 149/200 batch 66/66 (100%) running_loss=0.3488
epoch 149/200 done: train_loss=0.3488 val_loss=0.2693 val_accuracy=0.9221 val_macro_f1=0.8989 val_macro_auc=0.9803 (checkpoint_metric=macro_auc)
train epoch 150/200 batch 13/66 (20%) running_loss=0.3336
train epoch 150/200 batch 26/66 (39%) running_loss=0.3453
train epoch 150/200 batch 39/66 (59%) running_loss=0.3435
train epoch 150/200 batch 52/66 (79%) running_loss=0.3478
train epoch 150/200 batch 65/66 (98%) running_loss=0.3458
train epoch 150/200 batch 66/66 (100%) running_loss=0.3458
epoch 150/200 done: train_loss=0.3458 val_loss=0.2443 val_accuracy=0.9262 val_macro_f1=0.9030 val_macro_auc=0.9838 (checkpoint_metric=macro_auc)
train epoch 151/200 batch 13/66 (20%) running_loss=0.3389
train epoch 151/200 batch 26/66 (39%) running_loss=0.3448
train epoch 151/200 batch 39/66 (59%) running_loss=0.3468
train epoch 151/200 batch 52/66 (79%) running_loss=0.3458
train epoch 151/200 batch 65/66 (98%) running_loss=0.3439
train epoch 151/200 batch 66/66 (100%) running_loss=0.3438
epoch 151/200 done: train_loss=0.3438 val_loss=0.2591 val_accuracy=0.9344 val_macro_f1=0.9129 val_macro_auc=0.9802 (checkpoint_metric=macro_auc)
train epoch 152/200 batch 13/66 (20%) running_loss=0.3401
train epoch 152/200 batch 26/66 (39%) running_loss=0.3462
train epoch 152/200 batch 39/66 (59%) running_loss=0.3463
train epoch 152/200 batch 52/66 (79%) running_loss=0.3436
train epoch 152/200 batch 65/66 (98%) running_loss=0.3423
train epoch 152/200 batch 66/66 (100%) running_loss=0.3420
epoch 152/200 done: train_loss=0.3420 val_loss=0.2324 val_accuracy=0.9385 val_macro_f1=0.9186 val_macro_auc=0.9836 (checkpoint_metric=macro_auc)
train epoch 153/200 batch 13/66 (20%) running_loss=0.3553
train epoch 153/200 batch 26/66 (39%) running_loss=0.3453
train epoch 153/200 batch 39/66 (59%) running_loss=0.3492
train epoch 153/200 batch 52/66 (79%) running_loss=0.3503
train epoch 153/200 batch 65/66 (98%) running_loss=0.3466
train epoch 153/200 batch 66/66 (100%) running_loss=0.3462
epoch 153/200 done: train_loss=0.3462 val_loss=0.2530 val_accuracy=0.9283 val_macro_f1=0.9071 val_macro_auc=0.9813 (checkpoint_metric=macro_auc)
train epoch 154/200 batch 13/66 (20%) running_loss=0.3570
train epoch 154/200 batch 26/66 (39%) running_loss=0.3588
train epoch 154/200 batch 39/66 (59%) running_loss=0.3517
train epoch 154/200 batch 52/66 (79%) running_loss=0.3520
train epoch 154/200 batch 65/66 (98%) running_loss=0.3505
train epoch 154/200 batch 66/66 (100%) running_loss=0.3500
epoch 154/200 done: train_loss=0.3500 val_loss=0.2729 val_accuracy=0.9180 val_macro_f1=0.8949 val_macro_auc=0.9800 (checkpoint_metric=macro_auc)
train epoch 155/200 batch 13/66 (20%) running_loss=0.3431
train epoch 155/200 batch 26/66 (39%) running_loss=0.3435
train epoch 155/200 batch 39/66 (59%) running_loss=0.3412
train epoch 155/200 batch 52/66 (79%) running_loss=0.3421
train epoch 155/200 batch 65/66 (98%) running_loss=0.3421
train epoch 155/200 batch 66/66 (100%) running_loss=0.3424
epoch 155/200 done: train_loss=0.3424 val_loss=0.2590 val_accuracy=0.9242 val_macro_f1=0.9025 val_macro_auc=0.9841 (checkpoint_metric=macro_auc)
train epoch 156/200 batch 13/66 (20%) running_loss=0.3338
train epoch 156/200 batch 26/66 (39%) running_loss=0.3382
train epoch 156/200 batch 39/66 (59%) running_loss=0.3382
train epoch 156/200 batch 52/66 (79%) running_loss=0.3390
train epoch 156/200 batch 65/66 (98%) running_loss=0.3411
train epoch 156/200 batch 66/66 (100%) running_loss=0.3410
epoch 156/200 done: train_loss=0.3410 val_loss=0.2394 val_accuracy=0.9303 val_macro_f1=0.9091 val_macro_auc=0.9862 (checkpoint_metric=macro_auc)
train epoch 157/200 batch 13/66 (20%) running_loss=0.3522
train epoch 157/200 batch 26/66 (39%) running_loss=0.3436
train epoch 157/200 batch 39/66 (59%) running_loss=0.3387
train epoch 157/200 batch 52/66 (79%) running_loss=0.3381
train epoch 157/200 batch 65/66 (98%) running_loss=0.3370
train epoch 157/200 batch 66/66 (100%) running_loss=0.3370
epoch 157/200 done: train_loss=0.3370 val_loss=0.2452 val_accuracy=0.9324 val_macro_f1=0.9114 val_macro_auc=0.9859 (checkpoint_metric=macro_auc)
train epoch 158/200 batch 13/66 (20%) running_loss=0.3387
train epoch 158/200 batch 26/66 (39%) running_loss=0.3375
train epoch 158/200 batch 39/66 (59%) running_loss=0.3358
train epoch 158/200 batch 52/66 (79%) running_loss=0.3384
train epoch 158/200 batch 65/66 (98%) running_loss=0.3359
train epoch 158/200 batch 66/66 (100%) running_loss=0.3361
epoch 158/200 done: train_loss=0.3361 val_loss=0.2693 val_accuracy=0.9242 val_macro_f1=0.9009 val_macro_auc=0.9800 (checkpoint_metric=macro_auc)
train epoch 159/200 batch 13/66 (20%) running_loss=0.3421
train epoch 159/200 batch 26/66 (39%) running_loss=0.3463
train epoch 159/200 batch 39/66 (59%) running_loss=0.3455
train epoch 159/200 batch 52/66 (79%) running_loss=0.3440
train epoch 159/200 batch 65/66 (98%) running_loss=0.3424
train epoch 159/200 batch 66/66 (100%) running_loss=0.3421
epoch 159/200 done: train_loss=0.3421 val_loss=0.2945 val_accuracy=0.9098 val_macro_f1=0.8872 val_macro_auc=0.9835 (checkpoint_metric=macro_auc)
train epoch 160/200 batch 13/66 (20%) running_loss=0.3617
train epoch 160/200 batch 26/66 (39%) running_loss=0.3497
train epoch 160/200 batch 39/66 (59%) running_loss=0.3468
train epoch 160/200 batch 52/66 (79%) running_loss=0.3523
train epoch 160/200 batch 65/66 (98%) running_loss=0.3515
train epoch 160/200 batch 66/66 (100%) running_loss=0.3512
epoch 160/200 done: train_loss=0.3512 val_loss=0.2606 val_accuracy=0.9242 val_macro_f1=0.9017 val_macro_auc=0.9837 (checkpoint_metric=macro_auc)
train epoch 161/200 batch 13/66 (20%) running_loss=0.3456
train epoch 161/200 batch 26/66 (39%) running_loss=0.3386
train epoch 161/200 batch 39/66 (59%) running_loss=0.3389
train epoch 161/200 batch 52/66 (79%) running_loss=0.3371
train epoch 161/200 batch 65/66 (98%) running_loss=0.3379
train epoch 161/200 batch 66/66 (100%) running_loss=0.3381
epoch 161/200 done: train_loss=0.3381 val_loss=0.2269 val_accuracy=0.9488 val_macro_f1=0.9300 val_macro_auc=0.9847 (checkpoint_metric=macro_auc)
train epoch 162/200 batch 13/66 (20%) running_loss=0.3430
train epoch 162/200 batch 26/66 (39%) running_loss=0.3480
train epoch 162/200 batch 39/66 (59%) running_loss=0.3492
train epoch 162/200 batch 52/66 (79%) running_loss=0.3457
train epoch 162/200 batch 65/66 (98%) running_loss=0.3443
train epoch 162/200 batch 66/66 (100%) running_loss=0.3443
epoch 162/200 done: train_loss=0.3443 val_loss=0.2613 val_accuracy=0.9283 val_macro_f1=0.9065 val_macro_auc=0.9825 (checkpoint_metric=macro_auc)
train epoch 163/200 batch 13/66 (20%) running_loss=0.3379
train epoch 163/200 batch 26/66 (39%) running_loss=0.3348
train epoch 163/200 batch 39/66 (59%) running_loss=0.3364
train epoch 163/200 batch 52/66 (79%) running_loss=0.3390
train epoch 163/200 batch 65/66 (98%) running_loss=0.3371
train epoch 163/200 batch 66/66 (100%) running_loss=0.3371
epoch 163/200 done: train_loss=0.3371 val_loss=0.2624 val_accuracy=0.9221 val_macro_f1=0.8997 val_macro_auc=0.9838 (checkpoint_metric=macro_auc)
train epoch 164/200 batch 13/66 (20%) running_loss=0.3357
train epoch 164/200 batch 26/66 (39%) running_loss=0.3411
train epoch 164/200 batch 39/66 (59%) running_loss=0.3420
train epoch 164/200 batch 52/66 (79%) running_loss=0.3406
train epoch 164/200 batch 65/66 (98%) running_loss=0.3406
train epoch 164/200 batch 66/66 (100%) running_loss=0.3403
epoch 164/200 done: train_loss=0.3403 val_loss=0.2380 val_accuracy=0.9324 val_macro_f1=0.9114 val_macro_auc=0.9842 (checkpoint_metric=macro_auc)
train epoch 165/200 batch 13/66 (20%) running_loss=0.3306
train epoch 165/200 batch 26/66 (39%) running_loss=0.3312
train epoch 165/200 batch 39/66 (59%) running_loss=0.3305
train epoch 165/200 batch 52/66 (79%) running_loss=0.3328
train epoch 165/200 batch 65/66 (98%) running_loss=0.3304
train epoch 165/200 batch 66/66 (100%) running_loss=0.3302
epoch 165/200 done: train_loss=0.3302 val_loss=0.2393 val_accuracy=0.9324 val_macro_f1=0.9114 val_macro_auc=0.9860 (checkpoint_metric=macro_auc)
train epoch 166/200 batch 13/66 (20%) running_loss=0.3453
train epoch 166/200 batch 26/66 (39%) running_loss=0.3420
train epoch 166/200 batch 39/66 (59%) running_loss=0.3388
train epoch 166/200 batch 52/66 (79%) running_loss=0.3345
train epoch 166/200 batch 65/66 (98%) running_loss=0.3340
train epoch 166/200 batch 66/66 (100%) running_loss=0.3342
epoch 166/200 done: train_loss=0.3342 val_loss=0.2589 val_accuracy=0.9242 val_macro_f1=0.9022 val_macro_auc=0.9832 (checkpoint_metric=macro_auc)
train epoch 167/200 batch 13/66 (20%) running_loss=0.3354
train epoch 167/200 batch 26/66 (39%) running_loss=0.3304
train epoch 167/200 batch 39/66 (59%) running_loss=0.3332
train epoch 167/200 batch 52/66 (79%) running_loss=0.3330
train epoch 167/200 batch 65/66 (98%) running_loss=0.3340
train epoch 167/200 batch 66/66 (100%) running_loss=0.3337
epoch 167/200 done: train_loss=0.3337 val_loss=0.2681 val_accuracy=0.9262 val_macro_f1=0.9039 val_macro_auc=0.9827 (checkpoint_metric=macro_auc)
train epoch 168/200 batch 13/66 (20%) running_loss=0.3313
train epoch 168/200 batch 26/66 (39%) running_loss=0.3364
train epoch 168/200 batch 39/66 (59%) running_loss=0.3371
train epoch 168/200 batch 52/66 (79%) running_loss=0.3378
train epoch 168/200 batch 65/66 (98%) running_loss=0.3387
train epoch 168/200 batch 66/66 (100%) running_loss=0.3386
epoch 168/200 done: train_loss=0.3386 val_loss=0.2389 val_accuracy=0.9344 val_macro_f1=0.9132 val_macro_auc=0.9846 (checkpoint_metric=macro_auc)
train epoch 169/200 batch 13/66 (20%) running_loss=0.3424
train epoch 169/200 batch 26/66 (39%) running_loss=0.3332
train epoch 169/200 batch 39/66 (59%) running_loss=0.3338
train epoch 169/200 batch 52/66 (79%) running_loss=0.3343
train epoch 169/200 batch 65/66 (98%) running_loss=0.3372
train epoch 169/200 batch 66/66 (100%) running_loss=0.3374
epoch 169/200 done: train_loss=0.3374 val_loss=0.2295 val_accuracy=0.9406 val_macro_f1=0.9205 val_macro_auc=0.9858 (checkpoint_metric=macro_auc)
train epoch 170/200 batch 13/66 (20%) running_loss=0.3313
train epoch 170/200 batch 26/66 (39%) running_loss=0.3265
train epoch 170/200 batch 39/66 (59%) running_loss=0.3323
train epoch 170/200 batch 52/66 (79%) running_loss=0.3320
train epoch 170/200 batch 65/66 (98%) running_loss=0.3339
train epoch 170/200 batch 66/66 (100%) running_loss=0.3337
epoch 170/200 done: train_loss=0.3337 val_loss=0.2336 val_accuracy=0.9344 val_macro_f1=0.9132 val_macro_auc=0.9854 (checkpoint_metric=macro_auc)
train epoch 171/200 batch 13/66 (20%) running_loss=0.3344
train epoch 171/200 batch 26/66 (39%) running_loss=0.3376
train epoch 171/200 batch 39/66 (59%) running_loss=0.3334
train epoch 171/200 batch 52/66 (79%) running_loss=0.3341
train epoch 171/200 batch 65/66 (98%) running_loss=0.3373
train epoch 171/200 batch 66/66 (100%) running_loss=0.3375
epoch 171/200 done: train_loss=0.3375 val_loss=0.2591 val_accuracy=0.9283 val_macro_f1=0.9062 val_macro_auc=0.9819 (checkpoint_metric=macro_auc)
train epoch 172/200 batch 13/66 (20%) running_loss=0.3512
train epoch 172/200 batch 26/66 (39%) running_loss=0.3446
train epoch 172/200 batch 39/66 (59%) running_loss=0.3447
train epoch 172/200 batch 52/66 (79%) running_loss=0.3404
train epoch 172/200 batch 65/66 (98%) running_loss=0.3374
train epoch 172/200 batch 66/66 (100%) running_loss=0.3373
epoch 172/200 done: train_loss=0.3373 val_loss=0.2590 val_accuracy=0.9242 val_macro_f1=0.9022 val_macro_auc=0.9834 (checkpoint_metric=macro_auc)
train epoch 173/200 batch 13/66 (20%) running_loss=0.3342
train epoch 173/200 batch 26/66 (39%) running_loss=0.3297
train epoch 173/200 batch 39/66 (59%) running_loss=0.3289
train epoch 173/200 batch 52/66 (79%) running_loss=0.3298
train epoch 173/200 batch 65/66 (98%) running_loss=0.3321
train epoch 173/200 batch 66/66 (100%) running_loss=0.3324
epoch 173/200 done: train_loss=0.3324 val_loss=0.2685 val_accuracy=0.9221 val_macro_f1=0.8998 val_macro_auc=0.9811 (checkpoint_metric=macro_auc)
train epoch 174/200 batch 13/66 (20%) running_loss=0.3200
train epoch 174/200 batch 26/66 (39%) running_loss=0.3249
train epoch 174/200 batch 39/66 (59%) running_loss=0.3311
train epoch 174/200 batch 52/66 (79%) running_loss=0.3344
train epoch 174/200 batch 65/66 (98%) running_loss=0.3351
train epoch 174/200 batch 66/66 (100%) running_loss=0.3348
epoch 174/200 done: train_loss=0.3348 val_loss=0.2444 val_accuracy=0.9303 val_macro_f1=0.9085 val_macro_auc=0.9838 (checkpoint_metric=macro_auc)
train epoch 175/200 batch 13/66 (20%) running_loss=0.3277
train epoch 175/200 batch 26/66 (39%) running_loss=0.3313
train epoch 175/200 batch 39/66 (59%) running_loss=0.3294
train epoch 175/200 batch 52/66 (79%) running_loss=0.3309
train epoch 175/200 batch 65/66 (98%) running_loss=0.3326
train epoch 175/200 batch 66/66 (100%) running_loss=0.3325
epoch 175/200 done: train_loss=0.3325 val_loss=0.2561 val_accuracy=0.9283 val_macro_f1=0.9068 val_macro_auc=0.9829 (checkpoint_metric=macro_auc)
train epoch 176/200 batch 13/66 (20%) running_loss=0.3298
train epoch 176/200 batch 26/66 (39%) running_loss=0.3316
train epoch 176/200 batch 39/66 (59%) running_loss=0.3305
train epoch 176/200 batch 52/66 (79%) running_loss=0.3316
train epoch 176/200 batch 65/66 (98%) running_loss=0.3314
train epoch 176/200 batch 66/66 (100%) running_loss=0.3312
epoch 176/200 done: train_loss=0.3312 val_loss=0.2432 val_accuracy=0.9262 val_macro_f1=0.9042 val_macro_auc=0.9849 (checkpoint_metric=macro_auc)
train epoch 177/200 batch 13/66 (20%) running_loss=0.3442
train epoch 177/200 batch 26/66 (39%) running_loss=0.3353
train epoch 177/200 batch 39/66 (59%) running_loss=0.3336
train epoch 177/200 batch 52/66 (79%) running_loss=0.3378
train epoch 177/200 batch 65/66 (98%) running_loss=0.3384
train epoch 177/200 batch 66/66 (100%) running_loss=0.3383
epoch 177/200 done: train_loss=0.3383 val_loss=0.2332 val_accuracy=0.9324 val_macro_f1=0.9106 val_macro_auc=0.9855 (checkpoint_metric=macro_auc)
train epoch 178/200 batch 13/66 (20%) running_loss=0.3343
train epoch 178/200 batch 26/66 (39%) running_loss=0.3332
train epoch 178/200 batch 39/66 (59%) running_loss=0.3367
train epoch 178/200 batch 52/66 (79%) running_loss=0.3359
train epoch 178/200 batch 65/66 (98%) running_loss=0.3367
train epoch 178/200 batch 66/66 (100%) running_loss=0.3369
epoch 178/200 done: train_loss=0.3369 val_loss=0.2617 val_accuracy=0.9262 val_macro_f1=0.9042 val_macro_auc=0.9825 (checkpoint_metric=macro_auc)
train epoch 179/200 batch 13/66 (20%) running_loss=0.3462
train epoch 179/200 batch 26/66 (39%) running_loss=0.3347
train epoch 179/200 batch 39/66 (59%) running_loss=0.3318
train epoch 179/200 batch 52/66 (79%) running_loss=0.3316
train epoch 179/200 batch 65/66 (98%) running_loss=0.3328
train epoch 179/200 batch 66/66 (100%) running_loss=0.3334
epoch 179/200 done: train_loss=0.3334 val_loss=0.2609 val_accuracy=0.9262 val_macro_f1=0.9042 val_macro_auc=0.9813 (checkpoint_metric=macro_auc)
train epoch 180/200 batch 13/66 (20%) running_loss=0.3290
train epoch 180/200 batch 26/66 (39%) running_loss=0.3282
train epoch 180/200 batch 39/66 (59%) running_loss=0.3293
train epoch 180/200 batch 52/66 (79%) running_loss=0.3280
train epoch 180/200 batch 65/66 (98%) running_loss=0.3271
train epoch 180/200 batch 66/66 (100%) running_loss=0.3274
epoch 180/200 done: train_loss=0.3274 val_loss=0.2550 val_accuracy=0.9303 val_macro_f1=0.9091 val_macro_auc=0.9816 (checkpoint_metric=macro_auc)
train epoch 181/200 batch 13/66 (20%) running_loss=0.3334
train epoch 181/200 batch 26/66 (39%) running_loss=0.3336
train epoch 181/200 batch 39/66 (59%) running_loss=0.3331
train epoch 181/200 batch 52/66 (79%) running_loss=0.3317
train epoch 181/200 batch 65/66 (98%) running_loss=0.3347
train epoch 181/200 batch 66/66 (100%) running_loss=0.3345
epoch 181/200 done: train_loss=0.3345 val_loss=0.2540 val_accuracy=0.9283 val_macro_f1=0.9068 val_macro_auc=0.9828 (checkpoint_metric=macro_auc)
train epoch 182/200 batch 13/66 (20%) running_loss=0.3443
train epoch 182/200 batch 26/66 (39%) running_loss=0.3355
train epoch 182/200 batch 39/66 (59%) running_loss=0.3333
train epoch 182/200 batch 52/66 (79%) running_loss=0.3342
train epoch 182/200 batch 65/66 (98%) running_loss=0.3345
train epoch 182/200 batch 66/66 (100%) running_loss=0.3344
epoch 182/200 done: train_loss=0.3344 val_loss=0.2607 val_accuracy=0.9262 val_macro_f1=0.9040 val_macro_auc=0.9809 (checkpoint_metric=macro_auc)
train epoch 183/200 batch 13/66 (20%) running_loss=0.3275
train epoch 183/200 batch 26/66 (39%) running_loss=0.3267
train epoch 183/200 batch 39/66 (59%) running_loss=0.3312
train epoch 183/200 batch 52/66 (79%) running_loss=0.3289
train epoch 183/200 batch 65/66 (98%) running_loss=0.3276
train epoch 183/200 batch 66/66 (100%) running_loss=0.3273
epoch 183/200 done: train_loss=0.3273 val_loss=0.2652 val_accuracy=0.9262 val_macro_f1=0.9045 val_macro_auc=0.9804 (checkpoint_metric=macro_auc)
train epoch 184/200 batch 13/66 (20%) running_loss=0.3458
train epoch 184/200 batch 26/66 (39%) running_loss=0.3330
train epoch 184/200 batch 39/66 (59%) running_loss=0.3308
train epoch 184/200 batch 52/66 (79%) running_loss=0.3338
train epoch 184/200 batch 65/66 (98%) running_loss=0.3342
train epoch 184/200 batch 66/66 (100%) running_loss=0.3338
epoch 184/200 done: train_loss=0.3338 val_loss=0.2587 val_accuracy=0.9283 val_macro_f1=0.9068 val_macro_auc=0.9815 (checkpoint_metric=macro_auc)
train epoch 185/200 batch 13/66 (20%) running_loss=0.3351
train epoch 185/200 batch 26/66 (39%) running_loss=0.3342
train epoch 185/200 batch 39/66 (59%) running_loss=0.3343
train epoch 185/200 batch 52/66 (79%) running_loss=0.3324
train epoch 185/200 batch 65/66 (98%) running_loss=0.3324
train epoch 185/200 batch 66/66 (100%) running_loss=0.3322
epoch 185/200 done: train_loss=0.3322 val_loss=0.2571 val_accuracy=0.9303 val_macro_f1=0.9091 val_macro_auc=0.9815 (checkpoint_metric=macro_auc)
train epoch 186/200 batch 13/66 (20%) running_loss=0.3240
train epoch 186/200 batch 26/66 (39%) running_loss=0.3312
train epoch 186/200 batch 39/66 (59%) running_loss=0.3319
train epoch 186/200 batch 52/66 (79%) running_loss=0.3309
train epoch 186/200 batch 65/66 (98%) running_loss=0.3315
train epoch 186/200 batch 66/66 (100%) running_loss=0.3315
epoch 186/200 done: train_loss=0.3315 val_loss=0.2683 val_accuracy=0.9262 val_macro_f1=0.9042 val_macro_auc=0.9803 (checkpoint_metric=macro_auc)
train epoch 187/200 batch 13/66 (20%) running_loss=0.3231
train epoch 187/200 batch 26/66 (39%) running_loss=0.3280
train epoch 187/200 batch 39/66 (59%) running_loss=0.3293
train epoch 187/200 batch 52/66 (79%) running_loss=0.3279
train epoch 187/200 batch 65/66 (98%) running_loss=0.3280
train epoch 187/200 batch 66/66 (100%) running_loss=0.3280
epoch 187/200 done: train_loss=0.3280 val_loss=0.2580 val_accuracy=0.9283 val_macro_f1=0.9065 val_macro_auc=0.9816 (checkpoint_metric=macro_auc)
train epoch 188/200 batch 13/66 (20%) running_loss=0.3378
train epoch 188/200 batch 26/66 (39%) running_loss=0.3383
train epoch 188/200 batch 39/66 (59%) running_loss=0.3378
train epoch 188/200 batch 52/66 (79%) running_loss=0.3361
train epoch 188/200 batch 65/66 (98%) running_loss=0.3346
train epoch 188/200 batch 66/66 (100%) running_loss=0.3349
epoch 188/200 done: train_loss=0.3349 val_loss=0.2564 val_accuracy=0.9303 val_macro_f1=0.9091 val_macro_auc=0.9826 (checkpoint_metric=macro_auc)
train epoch 189/200 batch 13/66 (20%) running_loss=0.3277
train epoch 189/200 batch 26/66 (39%) running_loss=0.3302
train epoch 189/200 batch 39/66 (59%) running_loss=0.3313
train epoch 189/200 batch 52/66 (79%) running_loss=0.3317
train epoch 189/200 batch 65/66 (98%) running_loss=0.3311
train epoch 189/200 batch 66/66 (100%) running_loss=0.3314
epoch 189/200 done: train_loss=0.3314 val_loss=0.2475 val_accuracy=0.9303 val_macro_f1=0.9091 val_macro_auc=0.9831 (checkpoint_metric=macro_auc)
train epoch 190/200 batch 13/66 (20%) running_loss=0.3433
train epoch 190/200 batch 26/66 (39%) running_loss=0.3345
train epoch 190/200 batch 39/66 (59%) running_loss=0.3327
train epoch 190/200 batch 52/66 (79%) running_loss=0.3314
train epoch 190/200 batch 65/66 (98%) running_loss=0.3314
train epoch 190/200 batch 66/66 (100%) running_loss=0.3313
epoch 190/200 done: train_loss=0.3313 val_loss=0.2686 val_accuracy=0.9283 val_macro_f1=0.9068 val_macro_auc=0.9811 (checkpoint_metric=macro_auc)
train epoch 191/200 batch 13/66 (20%) running_loss=0.3322
train epoch 191/200 batch 26/66 (39%) running_loss=0.3343
train epoch 191/200 batch 39/66 (59%) running_loss=0.3295
train epoch 191/200 batch 52/66 (79%) running_loss=0.3295
train epoch 191/200 batch 65/66 (98%) running_loss=0.3292
train epoch 191/200 batch 66/66 (100%) running_loss=0.3294
epoch 191/200 done: train_loss=0.3294 val_loss=0.2578 val_accuracy=0.9303 val_macro_f1=0.9091 val_macro_auc=0.9828 (checkpoint_metric=macro_auc)
train epoch 192/200 batch 13/66 (20%) running_loss=0.3241
train epoch 192/200 batch 26/66 (39%) running_loss=0.3270
train epoch 192/200 batch 39/66 (59%) running_loss=0.3266
train epoch 192/200 batch 52/66 (79%) running_loss=0.3284
train epoch 192/200 batch 65/66 (98%) running_loss=0.3281
train epoch 192/200 batch 66/66 (100%) running_loss=0.3285
epoch 192/200 done: train_loss=0.3285 val_loss=0.2493 val_accuracy=0.9303 val_macro_f1=0.9091 val_macro_auc=0.9836 (checkpoint_metric=macro_auc)
train epoch 193/200 batch 13/66 (20%) running_loss=0.3208
train epoch 193/200 batch 26/66 (39%) running_loss=0.3260
train epoch 193/200 batch 39/66 (59%) running_loss=0.3257
train epoch 193/200 batch 52/66 (79%) running_loss=0.3277
train epoch 193/200 batch 65/66 (98%) running_loss=0.3293
train epoch 193/200 batch 66/66 (100%) running_loss=0.3293
epoch 193/200 done: train_loss=0.3293 val_loss=0.2597 val_accuracy=0.9283 val_macro_f1=0.9068 val_macro_auc=0.9821 (checkpoint_metric=macro_auc)
train epoch 194/200 batch 13/66 (20%) running_loss=0.3261
train epoch 194/200 batch 26/66 (39%) running_loss=0.3274
train epoch 194/200 batch 39/66 (59%) running_loss=0.3309
train epoch 194/200 batch 52/66 (79%) running_loss=0.3297
train epoch 194/200 batch 65/66 (98%) running_loss=0.3305
train epoch 194/200 batch 66/66 (100%) running_loss=0.3306
epoch 194/200 done: train_loss=0.3306 val_loss=0.2578 val_accuracy=0.9283 val_macro_f1=0.9068 val_macro_auc=0.9828 (checkpoint_metric=macro_auc)
train epoch 195/200 batch 13/66 (20%) running_loss=0.3413
train epoch 195/200 batch 26/66 (39%) running_loss=0.3351
train epoch 195/200 batch 39/66 (59%) running_loss=0.3349
train epoch 195/200 batch 52/66 (79%) running_loss=0.3322
train epoch 195/200 batch 65/66 (98%) running_loss=0.3310
train epoch 195/200 batch 66/66 (100%) running_loss=0.3314
epoch 195/200 done: train_loss=0.3314 val_loss=0.2555 val_accuracy=0.9283 val_macro_f1=0.9068 val_macro_auc=0.9824 (checkpoint_metric=macro_auc)
train epoch 196/200 batch 13/66 (20%) running_loss=0.3360
train epoch 196/200 batch 26/66 (39%) running_loss=0.3291
train epoch 196/200 batch 39/66 (59%) running_loss=0.3289
train epoch 196/200 batch 52/66 (79%) running_loss=0.3302
train epoch 196/200 batch 65/66 (98%) running_loss=0.3315
train epoch 196/200 batch 66/66 (100%) running_loss=0.3314
epoch 196/200 done: train_loss=0.3314 val_loss=0.2517 val_accuracy=0.9303 val_macro_f1=0.9091 val_macro_auc=0.9828 (checkpoint_metric=macro_auc)
train epoch 197/200 batch 13/66 (20%) running_loss=0.3305
train epoch 197/200 batch 26/66 (39%) running_loss=0.3334
train epoch 197/200 batch 39/66 (59%) running_loss=0.3294
train epoch 197/200 batch 52/66 (79%) running_loss=0.3303
train epoch 197/200 batch 65/66 (98%) running_loss=0.3291
train epoch 197/200 batch 66/66 (100%) running_loss=0.3289
epoch 197/200 done: train_loss=0.3289 val_loss=0.2538 val_accuracy=0.9303 val_macro_f1=0.9091 val_macro_auc=0.9831 (checkpoint_metric=macro_auc)
train epoch 198/200 batch 13/66 (20%) running_loss=0.3391
train epoch 198/200 batch 26/66 (39%) running_loss=0.3332
train epoch 198/200 batch 39/66 (59%) running_loss=0.3291
train epoch 198/200 batch 52/66 (79%) running_loss=0.3328
train epoch 198/200 batch 65/66 (98%) running_loss=0.3323
train epoch 198/200 batch 66/66 (100%) running_loss=0.3324
epoch 198/200 done: train_loss=0.3324 val_loss=0.2467 val_accuracy=0.9303 val_macro_f1=0.9091 val_macro_auc=0.9836 (checkpoint_metric=macro_auc)
train epoch 199/200 batch 13/66 (20%) running_loss=0.3340
train epoch 199/200 batch 26/66 (39%) running_loss=0.3354
train epoch 199/200 batch 39/66 (59%) running_loss=0.3338
train epoch 199/200 batch 52/66 (79%) running_loss=0.3352
train epoch 199/200 batch 65/66 (98%) running_loss=0.3336
train epoch 199/200 batch 66/66 (100%) running_loss=0.3335
epoch 199/200 done: train_loss=0.3335 val_loss=0.2557 val_accuracy=0.9303 val_macro_f1=0.9091 val_macro_auc=0.9831 (checkpoint_metric=macro_auc)
train epoch 200/200 batch 13/66 (20%) running_loss=0.3312
train epoch 200/200 batch 26/66 (39%) running_loss=0.3353
train epoch 200/200 batch 39/66 (59%) running_loss=0.3318
train epoch 200/200 batch 52/66 (79%) running_loss=0.3316
train epoch 200/200 batch 65/66 (98%) running_loss=0.3315
train epoch 200/200 batch 66/66 (100%) running_loss=0.3314
epoch 200/200 done: train_loss=0.3314 val_loss=0.2500 val_accuracy=0.9303 val_macro_f1=0.9091 val_macro_auc=0.9832 (checkpoint_metric=macro_auc)
Training finished. Best epoch=105, smoothed macro_auc=0.9874 (window=3)
Test set evaluated once: accuracy=0.8776 macro_f1=0.8658 macro_auc=0.9719
Best epoch: 105
Test accuracy: 0.8776
Test macro F1: 0.8658
Test macro AUC: 0.9719
