Starting baseline training: model=efficientnet_v2_m device=cuda amp=True image_size=96 epochs=100 lr=0.001 optimizer=sgd
Dataset ready: 3 classes, 2102 train / 488 val samples (split reused from outputs/baseline_efficientnet_v2_m_96_adaptive_ep100_s2/split_indices.json)
Augmentation policy: sample-adaptive, from outputs/main1/augmentation_run/selected_policy.json
Classes: {'glioma_tumor': 0, 'meningioma_tumor': 1, 'pituitary_tumor': 2}
Regularization: weight_decay=7.0e-04 label_smoothing=0.10 grad_clip_norm=5.0
train epoch 1/100 batch 13/66 (20%) running_loss=1.1352
train epoch 1/100 batch 26/66 (39%) running_loss=1.1274
train epoch 1/100 batch 39/66 (59%) running_loss=1.1217
train epoch 1/100 batch 52/66 (79%) running_loss=1.1214
train epoch 1/100 batch 65/66 (98%) running_loss=1.1201
train epoch 1/100 batch 66/66 (100%) running_loss=1.1197
epoch 1/100 done: train_loss=1.1197 val_loss=1.0651 val_accuracy=0.4016 val_macro_f1=0.3365 val_macro_auc=0.5440 (checkpoint_metric=macro_auc) [new best]
train epoch 2/100 batch 13/66 (20%) running_loss=1.0982
train epoch 2/100 batch 26/66 (39%) running_loss=1.0961
train epoch 2/100 batch 39/66 (59%) running_loss=1.0936
train epoch 2/100 batch 52/66 (79%) running_loss=1.0883
train epoch 2/100 batch 65/66 (98%) running_loss=1.0880
train epoch 2/100 batch 66/66 (100%) running_loss=1.0873
epoch 2/100 done: train_loss=1.0873 val_loss=1.0366 val_accuracy=0.5000 val_macro_f1=0.4359 val_macro_auc=0.6100 (checkpoint_metric=macro_auc) [new best]
train epoch 3/100 batch 13/66 (20%) running_loss=1.0674
train epoch 3/100 batch 26/66 (39%) running_loss=1.0698
train epoch 3/100 batch 39/66 (59%) running_loss=1.0650
train epoch 3/100 batch 52/66 (79%) running_loss=1.0716
train epoch 3/100 batch 65/66 (98%) running_loss=1.0710
train epoch 3/100 batch 66/66 (100%) running_loss=1.0700
epoch 3/100 done: train_loss=1.0700 val_loss=1.0056 val_accuracy=0.5820 val_macro_f1=0.4942 val_macro_auc=0.6527 (checkpoint_metric=macro_auc) [new best]
train epoch 4/100 batch 13/66 (20%) running_loss=1.0459
train epoch 4/100 batch 26/66 (39%) running_loss=1.0466
train epoch 4/100 batch 39/66 (59%) running_loss=1.0492
train epoch 4/100 batch 52/66 (79%) running_loss=1.0444
train epoch 4/100 batch 65/66 (98%) running_loss=1.0412
train epoch 4/100 batch 66/66 (100%) running_loss=1.0417
epoch 4/100 done: train_loss=1.0417 val_loss=0.9757 val_accuracy=0.6209 val_macro_f1=0.5133 val_macro_auc=0.7052 (checkpoint_metric=macro_auc) [new best]
train epoch 5/100 batch 13/66 (20%) running_loss=1.0350
train epoch 5/100 batch 26/66 (39%) running_loss=1.0255
train epoch 5/100 batch 39/66 (59%) running_loss=1.0219
train epoch 5/100 batch 52/66 (79%) running_loss=1.0173
train epoch 5/100 batch 65/66 (98%) running_loss=1.0156
train epoch 5/100 batch 66/66 (100%) running_loss=1.0151
epoch 5/100 done: train_loss=1.0151 val_loss=0.9370 val_accuracy=0.6332 val_macro_f1=0.4957 val_macro_auc=0.7283 (checkpoint_metric=macro_auc) [new best]
train epoch 6/100 batch 13/66 (20%) running_loss=0.9967
train epoch 6/100 batch 26/66 (39%) running_loss=1.0029
train epoch 6/100 batch 39/66 (59%) running_loss=0.9956
train epoch 6/100 batch 52/66 (79%) running_loss=0.9874
train epoch 6/100 batch 65/66 (98%) running_loss=0.9902
train epoch 6/100 batch 66/66 (100%) running_loss=0.9903
epoch 6/100 done: train_loss=0.9903 val_loss=0.8962 val_accuracy=0.6660 val_macro_f1=0.5553 val_macro_auc=0.7671 (checkpoint_metric=macro_auc) [new best]
train epoch 7/100 batch 13/66 (20%) running_loss=0.9712
train epoch 7/100 batch 26/66 (39%) running_loss=0.9679
train epoch 7/100 batch 39/66 (59%) running_loss=0.9652
train epoch 7/100 batch 52/66 (79%) running_loss=0.9593
train epoch 7/100 batch 65/66 (98%) running_loss=0.9563
train epoch 7/100 batch 66/66 (100%) running_loss=0.9556
epoch 7/100 done: train_loss=0.9556 val_loss=0.8270 val_accuracy=0.7131 val_macro_f1=0.5734 val_macro_auc=0.7924 (checkpoint_metric=macro_auc) [new best]
train epoch 8/100 batch 13/66 (20%) running_loss=0.9426
train epoch 8/100 batch 26/66 (39%) running_loss=0.9343
train epoch 8/100 batch 39/66 (59%) running_loss=0.9325
train epoch 8/100 batch 52/66 (79%) running_loss=0.9267
train epoch 8/100 batch 65/66 (98%) running_loss=0.9181
train epoch 8/100 batch 66/66 (100%) running_loss=0.9169
epoch 8/100 done: train_loss=0.9169 val_loss=0.8045 val_accuracy=0.7172 val_macro_f1=0.5736 val_macro_auc=0.8254 (checkpoint_metric=macro_auc) [new best]
train epoch 9/100 batch 13/66 (20%) running_loss=0.9183
train epoch 9/100 batch 26/66 (39%) running_loss=0.8922
train epoch 9/100 batch 39/66 (59%) running_loss=0.8839
train epoch 9/100 batch 52/66 (79%) running_loss=0.8726
train epoch 9/100 batch 65/66 (98%) running_loss=0.8705
train epoch 9/100 batch 66/66 (100%) running_loss=0.8696
epoch 9/100 done: train_loss=0.8696 val_loss=0.7394 val_accuracy=0.7418 val_macro_f1=0.6139 val_macro_auc=0.8555 (checkpoint_metric=macro_auc) [new best]
train epoch 10/100 batch 13/66 (20%) running_loss=0.8089
train epoch 10/100 batch 26/66 (39%) running_loss=0.8074
train epoch 10/100 batch 39/66 (59%) running_loss=0.8109
train epoch 10/100 batch 52/66 (79%) running_loss=0.8181
train epoch 10/100 batch 65/66 (98%) running_loss=0.8225
train epoch 10/100 batch 66/66 (100%) running_loss=0.8214
epoch 10/100 done: train_loss=0.8214 val_loss=0.6490 val_accuracy=0.7684 val_macro_f1=0.6292 val_macro_auc=0.8929 (checkpoint_metric=macro_auc) [new best]
train epoch 11/100 batch 13/66 (20%) running_loss=0.8030
train epoch 11/100 batch 26/66 (39%) running_loss=0.7877
train epoch 11/100 batch 39/66 (59%) running_loss=0.7773
train epoch 11/100 batch 52/66 (79%) running_loss=0.7824
train epoch 11/100 batch 65/66 (98%) running_loss=0.7765
train epoch 11/100 batch 66/66 (100%) running_loss=0.7757
epoch 11/100 done: train_loss=0.7757 val_loss=0.5773 val_accuracy=0.7971 val_macro_f1=0.6717 val_macro_auc=0.9131 (checkpoint_metric=macro_auc) [new best]
train epoch 12/100 batch 13/66 (20%) running_loss=0.7904
train epoch 12/100 batch 26/66 (39%) running_loss=0.7667
train epoch 12/100 batch 39/66 (59%) running_loss=0.7516
train epoch 12/100 batch 52/66 (79%) running_loss=0.7368
train epoch 12/100 batch 65/66 (98%) running_loss=0.7306
train epoch 12/100 batch 66/66 (100%) running_loss=0.7304
epoch 12/100 done: train_loss=0.7304 val_loss=0.5244 val_accuracy=0.8279 val_macro_f1=0.7345 val_macro_auc=0.9336 (checkpoint_metric=macro_auc) [new best]
train epoch 13/100 batch 13/66 (20%) running_loss=0.7187
train epoch 13/100 batch 26/66 (39%) running_loss=0.7172
train epoch 13/100 batch 39/66 (59%) running_loss=0.6949
train epoch 13/100 batch 52/66 (79%) running_loss=0.6977
train epoch 13/100 batch 65/66 (98%) running_loss=0.6978
train epoch 13/100 batch 66/66 (100%) running_loss=0.7002
epoch 13/100 done: train_loss=0.7002 val_loss=0.4704 val_accuracy=0.8484 val_macro_f1=0.7622 val_macro_auc=0.9424 (checkpoint_metric=macro_auc) [new best]
train epoch 14/100 batch 13/66 (20%) running_loss=0.6807
train epoch 14/100 batch 26/66 (39%) running_loss=0.6779
train epoch 14/100 batch 39/66 (59%) running_loss=0.6704
train epoch 14/100 batch 52/66 (79%) running_loss=0.6614
train epoch 14/100 batch 65/66 (98%) running_loss=0.6590
train epoch 14/100 batch 66/66 (100%) running_loss=0.6582
epoch 14/100 done: train_loss=0.6582 val_loss=0.4529 val_accuracy=0.8709 val_macro_f1=0.8198 val_macro_auc=0.9576 (checkpoint_metric=macro_auc) [new best]
train epoch 15/100 batch 13/66 (20%) running_loss=0.6012
train epoch 15/100 batch 26/66 (39%) running_loss=0.6048
train epoch 15/100 batch 39/66 (59%) running_loss=0.5987
train epoch 15/100 batch 52/66 (79%) running_loss=0.6014
train epoch 15/100 batch 65/66 (98%) running_loss=0.6033
train epoch 15/100 batch 66/66 (100%) running_loss=0.6049
epoch 15/100 done: train_loss=0.6049 val_loss=0.3907 val_accuracy=0.8873 val_macro_f1=0.8468 val_macro_auc=0.9665 (checkpoint_metric=macro_auc) [new best]
train epoch 16/100 batch 13/66 (20%) running_loss=0.6270
train epoch 16/100 batch 26/66 (39%) running_loss=0.5910
train epoch 16/100 batch 39/66 (59%) running_loss=0.6016
train epoch 16/100 batch 52/66 (79%) running_loss=0.5959
train epoch 16/100 batch 65/66 (98%) running_loss=0.5897
train epoch 16/100 batch 66/66 (100%) running_loss=0.5885
epoch 16/100 done: train_loss=0.5885 val_loss=0.3229 val_accuracy=0.8996 val_macro_f1=0.8680 val_macro_auc=0.9785 (checkpoint_metric=macro_auc) [new best]
train epoch 17/100 batch 13/66 (20%) running_loss=0.5814
train epoch 17/100 batch 26/66 (39%) running_loss=0.5670
train epoch 17/100 batch 39/66 (59%) running_loss=0.5588
train epoch 17/100 batch 52/66 (79%) running_loss=0.5546
train epoch 17/100 batch 65/66 (98%) running_loss=0.5563
train epoch 17/100 batch 66/66 (100%) running_loss=0.5556
epoch 17/100 done: train_loss=0.5556 val_loss=0.3090 val_accuracy=0.9057 val_macro_f1=0.8716 val_macro_auc=0.9788 (checkpoint_metric=macro_auc) [new best]
train epoch 18/100 batch 13/66 (20%) running_loss=0.5131
train epoch 18/100 batch 26/66 (39%) running_loss=0.5210
train epoch 18/100 batch 39/66 (59%) running_loss=0.5264
train epoch 18/100 batch 52/66 (79%) running_loss=0.5254
train epoch 18/100 batch 65/66 (98%) running_loss=0.5237
train epoch 18/100 batch 66/66 (100%) running_loss=0.5235
epoch 18/100 done: train_loss=0.5235 val_loss=0.2930 val_accuracy=0.9037 val_macro_f1=0.8698 val_macro_auc=0.9795 (checkpoint_metric=macro_auc) [new best]
train epoch 19/100 batch 13/66 (20%) running_loss=0.5232
train epoch 19/100 batch 26/66 (39%) running_loss=0.5129
train epoch 19/100 batch 39/66 (59%) running_loss=0.4983
train epoch 19/100 batch 52/66 (79%) running_loss=0.4971
train epoch 19/100 batch 65/66 (98%) running_loss=0.4956
train epoch 19/100 batch 66/66 (100%) running_loss=0.4953
epoch 19/100 done: train_loss=0.4953 val_loss=0.2931 val_accuracy=0.9016 val_macro_f1=0.8703 val_macro_auc=0.9816 (checkpoint_metric=macro_auc) [new best]
train epoch 20/100 batch 13/66 (20%) running_loss=0.4870
train epoch 20/100 batch 26/66 (39%) running_loss=0.4962
train epoch 20/100 batch 39/66 (59%) running_loss=0.4878
train epoch 20/100 batch 52/66 (79%) running_loss=0.4994
train epoch 20/100 batch 65/66 (98%) running_loss=0.4940
train epoch 20/100 batch 66/66 (100%) running_loss=0.4933
epoch 20/100 done: train_loss=0.4933 val_loss=0.2671 val_accuracy=0.9139 val_macro_f1=0.8804 val_macro_auc=0.9827 (checkpoint_metric=macro_auc) [new best]
train epoch 21/100 batch 13/66 (20%) running_loss=0.4643
train epoch 21/100 batch 26/66 (39%) running_loss=0.4542
train epoch 21/100 batch 39/66 (59%) running_loss=0.4667
train epoch 21/100 batch 52/66 (79%) running_loss=0.4599
train epoch 21/100 batch 65/66 (98%) running_loss=0.4644
train epoch 21/100 batch 66/66 (100%) running_loss=0.4649
epoch 21/100 done: train_loss=0.4649 val_loss=0.3125 val_accuracy=0.9037 val_macro_f1=0.8762 val_macro_auc=0.9827 (checkpoint_metric=macro_auc) [new best]
train epoch 22/100 batch 13/66 (20%) running_loss=0.4605
train epoch 22/100 batch 26/66 (39%) running_loss=0.4694
train epoch 22/100 batch 39/66 (59%) running_loss=0.4590
train epoch 22/100 batch 52/66 (79%) running_loss=0.4538
train epoch 22/100 batch 65/66 (98%) running_loss=0.4606
train epoch 22/100 batch 66/66 (100%) running_loss=0.4591
epoch 22/100 done: train_loss=0.4591 val_loss=0.2867 val_accuracy=0.9078 val_macro_f1=0.8798 val_macro_auc=0.9842 (checkpoint_metric=macro_auc) [new best]
train epoch 23/100 batch 13/66 (20%) running_loss=0.4453
train epoch 23/100 batch 26/66 (39%) running_loss=0.4433
train epoch 23/100 batch 39/66 (59%) running_loss=0.4406
train epoch 23/100 batch 52/66 (79%) running_loss=0.4383
train epoch 23/100 batch 65/66 (98%) running_loss=0.4411
train epoch 23/100 batch 66/66 (100%) running_loss=0.4405
epoch 23/100 done: train_loss=0.4405 val_loss=0.2539 val_accuracy=0.9303 val_macro_f1=0.9060 val_macro_auc=0.9869 (checkpoint_metric=macro_auc) [new best]
train epoch 24/100 batch 13/66 (20%) running_loss=0.4423
train epoch 24/100 batch 26/66 (39%) running_loss=0.4353
train epoch 24/100 batch 39/66 (59%) running_loss=0.4317
train epoch 24/100 batch 52/66 (79%) running_loss=0.4223
train epoch 24/100 batch 65/66 (98%) running_loss=0.4290
train epoch 24/100 batch 66/66 (100%) running_loss=0.4292
epoch 24/100 done: train_loss=0.4292 val_loss=0.2637 val_accuracy=0.9262 val_macro_f1=0.8988 val_macro_auc=0.9835 (checkpoint_metric=macro_auc) [new best]
train epoch 25/100 batch 13/66 (20%) running_loss=0.4058
train epoch 25/100 batch 26/66 (39%) running_loss=0.4003
train epoch 25/100 batch 39/66 (59%) running_loss=0.3981
train epoch 25/100 batch 52/66 (79%) running_loss=0.3991
train epoch 25/100 batch 65/66 (98%) running_loss=0.3965
train epoch 25/100 batch 66/66 (100%) running_loss=0.3963
epoch 25/100 done: train_loss=0.3963 val_loss=0.2422 val_accuracy=0.9324 val_macro_f1=0.9055 val_macro_auc=0.9842 (checkpoint_metric=macro_auc) [new best]
train epoch 26/100 batch 13/66 (20%) running_loss=0.3937
train epoch 26/100 batch 26/66 (39%) running_loss=0.3850
train epoch 26/100 batch 39/66 (59%) running_loss=0.3897
train epoch 26/100 batch 52/66 (79%) running_loss=0.3921
train epoch 26/100 batch 65/66 (98%) running_loss=0.3915
train epoch 26/100 batch 66/66 (100%) running_loss=0.3919
epoch 26/100 done: train_loss=0.3919 val_loss=0.2357 val_accuracy=0.9344 val_macro_f1=0.9100 val_macro_auc=0.9856 (checkpoint_metric=macro_auc)
train epoch 27/100 batch 13/66 (20%) running_loss=0.3823
train epoch 27/100 batch 26/66 (39%) running_loss=0.3918
train epoch 27/100 batch 39/66 (59%) running_loss=0.3869
train epoch 27/100 batch 52/66 (79%) running_loss=0.3905
train epoch 27/100 batch 65/66 (98%) running_loss=0.3825
train epoch 27/100 batch 66/66 (100%) running_loss=0.3821
epoch 27/100 done: train_loss=0.3821 val_loss=0.2402 val_accuracy=0.9303 val_macro_f1=0.9043 val_macro_auc=0.9816 (checkpoint_metric=macro_auc)
train epoch 28/100 batch 13/66 (20%) running_loss=0.3802
train epoch 28/100 batch 26/66 (39%) running_loss=0.3807
train epoch 28/100 batch 39/66 (59%) running_loss=0.3731
train epoch 28/100 batch 52/66 (79%) running_loss=0.3725
train epoch 28/100 batch 65/66 (98%) running_loss=0.3708
train epoch 28/100 batch 66/66 (100%) running_loss=0.3725
epoch 28/100 done: train_loss=0.3725 val_loss=0.2570 val_accuracy=0.9365 val_macro_f1=0.9107 val_macro_auc=0.9780 (checkpoint_metric=macro_auc)
train epoch 29/100 batch 13/66 (20%) running_loss=0.3579
train epoch 29/100 batch 26/66 (39%) running_loss=0.3601
train epoch 29/100 batch 39/66 (59%) running_loss=0.3570
train epoch 29/100 batch 52/66 (79%) running_loss=0.3576
train epoch 29/100 batch 65/66 (98%) running_loss=0.3576
train epoch 29/100 batch 66/66 (100%) running_loss=0.3578
epoch 29/100 done: train_loss=0.3578 val_loss=0.2410 val_accuracy=0.9262 val_macro_f1=0.8995 val_macro_auc=0.9817 (checkpoint_metric=macro_auc)
train epoch 30/100 batch 13/66 (20%) running_loss=0.3691
train epoch 30/100 batch 26/66 (39%) running_loss=0.3621
train epoch 30/100 batch 39/66 (59%) running_loss=0.3612
train epoch 30/100 batch 52/66 (79%) running_loss=0.3632
train epoch 30/100 batch 65/66 (98%) running_loss=0.3602
train epoch 30/100 batch 66/66 (100%) running_loss=0.3599
epoch 30/100 done: train_loss=0.3599 val_loss=0.2265 val_accuracy=0.9344 val_macro_f1=0.9117 val_macro_auc=0.9837 (checkpoint_metric=macro_auc)
train epoch 31/100 batch 13/66 (20%) running_loss=0.3627
train epoch 31/100 batch 26/66 (39%) running_loss=0.3660
train epoch 31/100 batch 39/66 (59%) running_loss=0.3624
train epoch 31/100 batch 52/66 (79%) running_loss=0.3627
train epoch 31/100 batch 65/66 (98%) running_loss=0.3621
train epoch 31/100 batch 66/66 (100%) running_loss=0.3617
epoch 31/100 done: train_loss=0.3617 val_loss=0.2345 val_accuracy=0.9303 val_macro_f1=0.9058 val_macro_auc=0.9835 (checkpoint_metric=macro_auc)
train epoch 32/100 batch 13/66 (20%) running_loss=0.3448
train epoch 32/100 batch 26/66 (39%) running_loss=0.3474
train epoch 32/100 batch 39/66 (59%) running_loss=0.3500
train epoch 32/100 batch 52/66 (79%) running_loss=0.3526
train epoch 32/100 batch 65/66 (98%) running_loss=0.3516
train epoch 32/100 batch 66/66 (100%) running_loss=0.3522
epoch 32/100 done: train_loss=0.3522 val_loss=0.2145 val_accuracy=0.9467 val_macro_f1=0.9260 val_macro_auc=0.9829 (checkpoint_metric=macro_auc)
train epoch 33/100 batch 13/66 (20%) running_loss=0.3599
train epoch 33/100 batch 26/66 (39%) running_loss=0.3567
train epoch 33/100 batch 39/66 (59%) running_loss=0.3528
train epoch 33/100 batch 52/66 (79%) running_loss=0.3565
train epoch 33/100 batch 65/66 (98%) running_loss=0.3543
train epoch 33/100 batch 66/66 (100%) running_loss=0.3562
epoch 33/100 done: train_loss=0.3562 val_loss=0.2231 val_accuracy=0.9385 val_macro_f1=0.9158 val_macro_auc=0.9850 (checkpoint_metric=macro_auc)
train epoch 34/100 batch 13/66 (20%) running_loss=0.3484
train epoch 34/100 batch 26/66 (39%) running_loss=0.3455
train epoch 34/100 batch 39/66 (59%) running_loss=0.3461
train epoch 34/100 batch 52/66 (79%) running_loss=0.3462
train epoch 34/100 batch 65/66 (98%) running_loss=0.3462
train epoch 34/100 batch 66/66 (100%) running_loss=0.3458
epoch 34/100 done: train_loss=0.3458 val_loss=0.2214 val_accuracy=0.9365 val_macro_f1=0.9144 val_macro_auc=0.9860 (checkpoint_metric=macro_auc)
train epoch 35/100 batch 13/66 (20%) running_loss=0.3723
train epoch 35/100 batch 26/66 (39%) running_loss=0.3541
train epoch 35/100 batch 39/66 (59%) running_loss=0.3532
train epoch 35/100 batch 52/66 (79%) running_loss=0.3494
train epoch 35/100 batch 65/66 (98%) running_loss=0.3494
train epoch 35/100 batch 66/66 (100%) running_loss=0.3496
epoch 35/100 done: train_loss=0.3496 val_loss=0.2509 val_accuracy=0.9344 val_macro_f1=0.9114 val_macro_auc=0.9782 (checkpoint_metric=macro_auc)
train epoch 36/100 batch 13/66 (20%) running_loss=0.3417
train epoch 36/100 batch 26/66 (39%) running_loss=0.3453
train epoch 36/100 batch 39/66 (59%) running_loss=0.3418
train epoch 36/100 batch 52/66 (79%) running_loss=0.3430
train epoch 36/100 batch 65/66 (98%) running_loss=0.3440
train epoch 36/100 batch 66/66 (100%) running_loss=0.3436
epoch 36/100 done: train_loss=0.3436 val_loss=0.2340 val_accuracy=0.9324 val_macro_f1=0.9084 val_macro_auc=0.9822 (checkpoint_metric=macro_auc)
train epoch 37/100 batch 13/66 (20%) running_loss=0.3464
train epoch 37/100 batch 26/66 (39%) running_loss=0.3352
train epoch 37/100 batch 39/66 (59%) running_loss=0.3371
train epoch 37/100 batch 52/66 (79%) running_loss=0.3369
train epoch 37/100 batch 65/66 (98%) running_loss=0.3360
train epoch 37/100 batch 66/66 (100%) running_loss=0.3359
epoch 37/100 done: train_loss=0.3359 val_loss=0.2292 val_accuracy=0.9426 val_macro_f1=0.9209 val_macro_auc=0.9810 (checkpoint_metric=macro_auc)
train epoch 38/100 batch 13/66 (20%) running_loss=0.3545
train epoch 38/100 batch 26/66 (39%) running_loss=0.3526
train epoch 38/100 batch 39/66 (59%) running_loss=0.3480
train epoch 38/100 batch 52/66 (79%) running_loss=0.3486
train epoch 38/100 batch 65/66 (98%) running_loss=0.3470
train epoch 38/100 batch 66/66 (100%) running_loss=0.3467
epoch 38/100 done: train_loss=0.3467 val_loss=0.2391 val_accuracy=0.9324 val_macro_f1=0.9097 val_macro_auc=0.9801 (checkpoint_metric=macro_auc)
train epoch 39/100 batch 13/66 (20%) running_loss=0.3423
train epoch 39/100 batch 26/66 (39%) running_loss=0.3406
train epoch 39/100 batch 39/66 (59%) running_loss=0.3423
train epoch 39/100 batch 52/66 (79%) running_loss=0.3437
train epoch 39/100 batch 65/66 (98%) running_loss=0.3429
train epoch 39/100 batch 66/66 (100%) running_loss=0.3425
epoch 39/100 done: train_loss=0.3425 val_loss=0.2097 val_accuracy=0.9447 val_macro_f1=0.9226 val_macro_auc=0.9838 (checkpoint_metric=macro_auc)
train epoch 40/100 batch 13/66 (20%) running_loss=0.3439
train epoch 40/100 batch 26/66 (39%) running_loss=0.3401
train epoch 40/100 batch 39/66 (59%) running_loss=0.3373
train epoch 40/100 batch 52/66 (79%) running_loss=0.3366
train epoch 40/100 batch 65/66 (98%) running_loss=0.3388
train epoch 40/100 batch 66/66 (100%) running_loss=0.3388
epoch 40/100 done: train_loss=0.3388 val_loss=0.2368 val_accuracy=0.9406 val_macro_f1=0.9191 val_macro_auc=0.9803 (checkpoint_metric=macro_auc)
train epoch 41/100 batch 13/66 (20%) running_loss=0.3314
train epoch 41/100 batch 26/66 (39%) running_loss=0.3321
train epoch 41/100 batch 39/66 (59%) running_loss=0.3332
train epoch 41/100 batch 52/66 (79%) running_loss=0.3339
train epoch 41/100 batch 65/66 (98%) running_loss=0.3355
train epoch 41/100 batch 66/66 (100%) running_loss=0.3354
epoch 41/100 done: train_loss=0.3354 val_loss=0.2393 val_accuracy=0.9406 val_macro_f1=0.9178 val_macro_auc=0.9784 (checkpoint_metric=macro_auc)
train epoch 42/100 batch 13/66 (20%) running_loss=0.3202
train epoch 42/100 batch 26/66 (39%) running_loss=0.3321
train epoch 42/100 batch 39/66 (59%) running_loss=0.3355
train epoch 42/100 batch 52/66 (79%) running_loss=0.3339
train epoch 42/100 batch 65/66 (98%) running_loss=0.3327
train epoch 42/100 batch 66/66 (100%) running_loss=0.3325
epoch 42/100 done: train_loss=0.3325 val_loss=0.2287 val_accuracy=0.9447 val_macro_f1=0.9226 val_macro_auc=0.9777 (checkpoint_metric=macro_auc)
train epoch 43/100 batch 13/66 (20%) running_loss=0.3219
train epoch 43/100 batch 26/66 (39%) running_loss=0.3246
train epoch 43/100 batch 39/66 (59%) running_loss=0.3302
train epoch 43/100 batch 52/66 (79%) running_loss=0.3324
train epoch 43/100 batch 65/66 (98%) running_loss=0.3299
train epoch 43/100 batch 66/66 (100%) running_loss=0.3298
epoch 43/100 done: train_loss=0.3298 val_loss=0.2330 val_accuracy=0.9385 val_macro_f1=0.9164 val_macro_auc=0.9767 (checkpoint_metric=macro_auc)
train epoch 44/100 batch 13/66 (20%) running_loss=0.3221
train epoch 44/100 batch 26/66 (39%) running_loss=0.3190
train epoch 44/100 batch 39/66 (59%) running_loss=0.3250
train epoch 44/100 batch 52/66 (79%) running_loss=0.3276
train epoch 44/100 batch 65/66 (98%) running_loss=0.3280
train epoch 44/100 batch 66/66 (100%) running_loss=0.3280
epoch 44/100 done: train_loss=0.3280 val_loss=0.2334 val_accuracy=0.9406 val_macro_f1=0.9181 val_macro_auc=0.9764 (checkpoint_metric=macro_auc)
train epoch 45/100 batch 13/66 (20%) running_loss=0.3359
train epoch 45/100 batch 26/66 (39%) running_loss=0.3389
train epoch 45/100 batch 39/66 (59%) running_loss=0.3397
train epoch 45/100 batch 52/66 (79%) running_loss=0.3428
train epoch 45/100 batch 65/66 (98%) running_loss=0.3374
train epoch 45/100 batch 66/66 (100%) running_loss=0.3372
epoch 45/100 done: train_loss=0.3372 val_loss=0.2270 val_accuracy=0.9406 val_macro_f1=0.9185 val_macro_auc=0.9780 (checkpoint_metric=macro_auc)
train epoch 46/100 batch 13/66 (20%) running_loss=0.3358
train epoch 46/100 batch 26/66 (39%) running_loss=0.3248
train epoch 46/100 batch 39/66 (59%) running_loss=0.3210
train epoch 46/100 batch 52/66 (79%) running_loss=0.3234
train epoch 46/100 batch 65/66 (98%) running_loss=0.3224
train epoch 46/100 batch 66/66 (100%) running_loss=0.3221
epoch 46/100 done: train_loss=0.3221 val_loss=0.2201 val_accuracy=0.9426 val_macro_f1=0.9209 val_macro_auc=0.9781 (checkpoint_metric=macro_auc)
train epoch 47/100 batch 13/66 (20%) running_loss=0.3274
train epoch 47/100 batch 26/66 (39%) running_loss=0.3250
train epoch 47/100 batch 39/66 (59%) running_loss=0.3249
train epoch 47/100 batch 52/66 (79%) running_loss=0.3220
train epoch 47/100 batch 65/66 (98%) running_loss=0.3207
train epoch 47/100 batch 66/66 (100%) running_loss=0.3208
epoch 47/100 done: train_loss=0.3208 val_loss=0.2219 val_accuracy=0.9426 val_macro_f1=0.9209 val_macro_auc=0.9759 (checkpoint_metric=macro_auc)
train epoch 48/100 batch 13/66 (20%) running_loss=0.3256
train epoch 48/100 batch 26/66 (39%) running_loss=0.3309
train epoch 48/100 batch 39/66 (59%) running_loss=0.3278
train epoch 48/100 batch 52/66 (79%) running_loss=0.3281
train epoch 48/100 batch 65/66 (98%) running_loss=0.3313
train epoch 48/100 batch 66/66 (100%) running_loss=0.3313
epoch 48/100 done: train_loss=0.3313 val_loss=0.2265 val_accuracy=0.9406 val_macro_f1=0.9185 val_macro_auc=0.9767 (checkpoint_metric=macro_auc)
train epoch 49/100 batch 13/66 (20%) running_loss=0.3231
train epoch 49/100 batch 26/66 (39%) running_loss=0.3214
train epoch 49/100 batch 39/66 (59%) running_loss=0.3263
train epoch 49/100 batch 52/66 (79%) running_loss=0.3245
train epoch 49/100 batch 65/66 (98%) running_loss=0.3230
train epoch 49/100 batch 66/66 (100%) running_loss=0.3233
epoch 49/100 done: train_loss=0.3233 val_loss=0.2286 val_accuracy=0.9426 val_macro_f1=0.9209 val_macro_auc=0.9767 (checkpoint_metric=macro_auc)
train epoch 50/100 batch 13/66 (20%) running_loss=0.3208
train epoch 50/100 batch 26/66 (39%) running_loss=0.3223
train epoch 50/100 batch 39/66 (59%) running_loss=0.3238
train epoch 50/100 batch 52/66 (79%) running_loss=0.3223
train epoch 50/100 batch 65/66 (98%) running_loss=0.3223
train epoch 50/100 batch 66/66 (100%) running_loss=0.3222
epoch 50/100 done: train_loss=0.3222 val_loss=0.2271 val_accuracy=0.9385 val_macro_f1=0.9148 val_macro_auc=0.9760 (checkpoint_metric=macro_auc)
train epoch 51/100 batch 13/66 (20%) running_loss=0.3296
train epoch 51/100 batch 26/66 (39%) running_loss=0.3224
train epoch 51/100 batch 39/66 (59%) running_loss=0.3208
train epoch 51/100 batch 52/66 (79%) running_loss=0.3212
train epoch 51/100 batch 65/66 (98%) running_loss=0.3237
train epoch 51/100 batch 66/66 (100%) running_loss=0.3234
epoch 51/100 done: train_loss=0.3234 val_loss=0.2282 val_accuracy=0.9406 val_macro_f1=0.9185 val_macro_auc=0.9770 (checkpoint_metric=macro_auc)
train epoch 52/100 batch 13/66 (20%) running_loss=0.3232
train epoch 52/100 batch 26/66 (39%) running_loss=0.3223
train epoch 52/100 batch 39/66 (59%) running_loss=0.3248
train epoch 52/100 batch 52/66 (79%) running_loss=0.3288
train epoch 52/100 batch 65/66 (98%) running_loss=0.3296
train epoch 52/100 batch 66/66 (100%) running_loss=0.3295
epoch 52/100 done: train_loss=0.3295 val_loss=0.2265 val_accuracy=0.9406 val_macro_f1=0.9185 val_macro_auc=0.9762 (checkpoint_metric=macro_auc)
train epoch 53/100 batch 13/66 (20%) running_loss=0.3400
train epoch 53/100 batch 26/66 (39%) running_loss=0.3341
train epoch 53/100 batch 39/66 (59%) running_loss=0.3267
train epoch 53/100 batch 52/66 (79%) running_loss=0.3253
train epoch 53/100 batch 65/66 (98%) running_loss=0.3262
train epoch 53/100 batch 66/66 (100%) running_loss=0.3261
epoch 53/100 done: train_loss=0.3261 val_loss=0.2229 val_accuracy=0.9406 val_macro_f1=0.9185 val_macro_auc=0.9760 (checkpoint_metric=macro_auc)
train epoch 54/100 batch 13/66 (20%) running_loss=0.3160
train epoch 54/100 batch 26/66 (39%) running_loss=0.3200
train epoch 54/100 batch 39/66 (59%) running_loss=0.3209
train epoch 54/100 batch 52/66 (79%) running_loss=0.3224
train epoch 54/100 batch 65/66 (98%) running_loss=0.3238
train epoch 54/100 batch 66/66 (100%) running_loss=0.3242
epoch 54/100 done: train_loss=0.3242 val_loss=0.2266 val_accuracy=0.9406 val_macro_f1=0.9185 val_macro_auc=0.9767 (checkpoint_metric=macro_auc)
train epoch 55/100 batch 13/66 (20%) running_loss=0.3211
train epoch 55/100 batch 26/66 (39%) running_loss=0.3250
train epoch 55/100 batch 39/66 (59%) running_loss=0.3265
train epoch 55/100 batch 52/66 (79%) running_loss=0.3225
train epoch 55/100 batch 65/66 (98%) running_loss=0.3221
train epoch 55/100 batch 66/66 (100%) running_loss=0.3220
epoch 55/100 done: train_loss=0.3220 val_loss=0.2263 val_accuracy=0.9406 val_macro_f1=0.9185 val_macro_auc=0.9782 (checkpoint_metric=macro_auc)
train epoch 56/100 batch 13/66 (20%) running_loss=0.3158
train epoch 56/100 batch 26/66 (39%) running_loss=0.3173
train epoch 56/100 batch 39/66 (59%) running_loss=0.3183
train epoch 56/100 batch 52/66 (79%) running_loss=0.3169
train epoch 56/100 batch 65/66 (98%) running_loss=0.3169
train epoch 56/100 batch 66/66 (100%) running_loss=0.3170
epoch 56/100 done: train_loss=0.3170 val_loss=0.2205 val_accuracy=0.9426 val_macro_f1=0.9209 val_macro_auc=0.9784 (checkpoint_metric=macro_auc)
train epoch 57/100 batch 13/66 (20%) running_loss=0.3167
train epoch 57/100 batch 26/66 (39%) running_loss=0.3161
train epoch 57/100 batch 39/66 (59%) running_loss=0.3172
train epoch 57/100 batch 52/66 (79%) running_loss=0.3219
train epoch 57/100 batch 65/66 (98%) running_loss=0.3214
train epoch 57/100 batch 66/66 (100%) running_loss=0.3214
epoch 57/100 done: train_loss=0.3214 val_loss=0.2259 val_accuracy=0.9426 val_macro_f1=0.9209 val_macro_auc=0.9779 (checkpoint_metric=macro_auc)
train epoch 58/100 batch 13/66 (20%) running_loss=0.3195
train epoch 58/100 batch 26/66 (39%) running_loss=0.3199
train epoch 58/100 batch 39/66 (59%) running_loss=0.3230
train epoch 58/100 batch 52/66 (79%) running_loss=0.3238
train epoch 58/100 batch 65/66 (98%) running_loss=0.3279
train epoch 58/100 batch 66/66 (100%) running_loss=0.3278
epoch 58/100 done: train_loss=0.3278 val_loss=0.2201 val_accuracy=0.9426 val_macro_f1=0.9209 val_macro_auc=0.9789 (checkpoint_metric=macro_auc)
train epoch 59/100 batch 13/66 (20%) running_loss=0.3102
train epoch 59/100 batch 26/66 (39%) running_loss=0.3138
train epoch 59/100 batch 39/66 (59%) running_loss=0.3151
train epoch 59/100 batch 52/66 (79%) running_loss=0.3148
train epoch 59/100 batch 65/66 (98%) running_loss=0.3145
train epoch 59/100 batch 66/66 (100%) running_loss=0.3144
epoch 59/100 done: train_loss=0.3144 val_loss=0.2133 val_accuracy=0.9426 val_macro_f1=0.9209 val_macro_auc=0.9806 (checkpoint_metric=macro_auc)
train epoch 60/100 batch 13/66 (20%) running_loss=0.3245
train epoch 60/100 batch 26/66 (39%) running_loss=0.3222
train epoch 60/100 batch 39/66 (59%) running_loss=0.3191
train epoch 60/100 batch 52/66 (79%) running_loss=0.3210
train epoch 60/100 batch 65/66 (98%) running_loss=0.3202
train epoch 60/100 batch 66/66 (100%) running_loss=0.3201
epoch 60/100 done: train_loss=0.3201 val_loss=0.2178 val_accuracy=0.9406 val_macro_f1=0.9185 val_macro_auc=0.9792 (checkpoint_metric=macro_auc)
train epoch 61/100 batch 13/66 (20%) running_loss=0.3256
train epoch 61/100 batch 26/66 (39%) running_loss=0.3208
train epoch 61/100 batch 39/66 (59%) running_loss=0.3220
train epoch 61/100 batch 52/66 (79%) running_loss=0.3201
train epoch 61/100 batch 65/66 (98%) running_loss=0.3197
train epoch 61/100 batch 66/66 (100%) running_loss=0.3195
epoch 61/100 done: train_loss=0.3195 val_loss=0.2329 val_accuracy=0.9406 val_macro_f1=0.9185 val_macro_auc=0.9774 (checkpoint_metric=macro_auc)
train epoch 62/100 batch 13/66 (20%) running_loss=0.3181
train epoch 62/100 batch 26/66 (39%) running_loss=0.3201
train epoch 62/100 batch 39/66 (59%) running_loss=0.3206
train epoch 62/100 batch 52/66 (79%) running_loss=0.3189
train epoch 62/100 batch 65/66 (98%) running_loss=0.3198
train epoch 62/100 batch 66/66 (100%) running_loss=0.3199
epoch 62/100 done: train_loss=0.3199 val_loss=0.2159 val_accuracy=0.9406 val_macro_f1=0.9171 val_macro_auc=0.9802 (checkpoint_metric=macro_auc)
train epoch 63/100 batch 13/66 (20%) running_loss=0.3213
train epoch 63/100 batch 26/66 (39%) running_loss=0.3185
train epoch 63/100 batch 39/66 (59%) running_loss=0.3187
train epoch 63/100 batch 52/66 (79%) running_loss=0.3177
train epoch 63/100 batch 65/66 (98%) running_loss=0.3170
train epoch 63/100 batch 66/66 (100%) running_loss=0.3171
epoch 63/100 done: train_loss=0.3171 val_loss=0.2223 val_accuracy=0.9406 val_macro_f1=0.9178 val_macro_auc=0.9784 (checkpoint_metric=macro_auc)
train epoch 64/100 batch 13/66 (20%) running_loss=0.3148
train epoch 64/100 batch 26/66 (39%) running_loss=0.3167
train epoch 64/100 batch 39/66 (59%) running_loss=0.3134
train epoch 64/100 batch 52/66 (79%) running_loss=0.3129
train epoch 64/100 batch 65/66 (98%) running_loss=0.3134
train epoch 64/100 batch 66/66 (100%) running_loss=0.3138
epoch 64/100 done: train_loss=0.3138 val_loss=0.2294 val_accuracy=0.9426 val_macro_f1=0.9209 val_macro_auc=0.9779 (checkpoint_metric=macro_auc)
train epoch 65/100 batch 13/66 (20%) running_loss=0.3259
train epoch 65/100 batch 26/66 (39%) running_loss=0.3205
train epoch 65/100 batch 39/66 (59%) running_loss=0.3220
train epoch 65/100 batch 52/66 (79%) running_loss=0.3219
train epoch 65/100 batch 65/66 (98%) running_loss=0.3214
train epoch 65/100 batch 66/66 (100%) running_loss=0.3225
epoch 65/100 done: train_loss=0.3225 val_loss=0.2274 val_accuracy=0.9426 val_macro_f1=0.9209 val_macro_auc=0.9794 (checkpoint_metric=macro_auc)
train epoch 66/100 batch 13/66 (20%) running_loss=0.3331
train epoch 66/100 batch 26/66 (39%) running_loss=0.3291
train epoch 66/100 batch 39/66 (59%) running_loss=0.3271
train epoch 66/100 batch 52/66 (79%) running_loss=0.3234
train epoch 66/100 batch 65/66 (98%) running_loss=0.3203
train epoch 66/100 batch 66/66 (100%) running_loss=0.3203
epoch 66/100 done: train_loss=0.3203 val_loss=0.2260 val_accuracy=0.9426 val_macro_f1=0.9209 val_macro_auc=0.9793 (checkpoint_metric=macro_auc)
train epoch 67/100 batch 13/66 (20%) running_loss=0.3159
train epoch 67/100 batch 26/66 (39%) running_loss=0.3198
train epoch 67/100 batch 39/66 (59%) running_loss=0.3192
train epoch 67/100 batch 52/66 (79%) running_loss=0.3161
train epoch 67/100 batch 65/66 (98%) running_loss=0.3141
train epoch 67/100 batch 66/66 (100%) running_loss=0.3145
epoch 67/100 done: train_loss=0.3145 val_loss=0.2248 val_accuracy=0.9426 val_macro_f1=0.9209 val_macro_auc=0.9783 (checkpoint_metric=macro_auc)
train epoch 68/100 batch 13/66 (20%) running_loss=0.3109
train epoch 68/100 batch 26/66 (39%) running_loss=0.3124
train epoch 68/100 batch 39/66 (59%) running_loss=0.3128
train epoch 68/100 batch 52/66 (79%) running_loss=0.3120
train epoch 68/100 batch 65/66 (98%) running_loss=0.3123
train epoch 68/100 batch 66/66 (100%) running_loss=0.3122
epoch 68/100 done: train_loss=0.3122 val_loss=0.2203 val_accuracy=0.9406 val_macro_f1=0.9178 val_macro_auc=0.9779 (checkpoint_metric=macro_auc)
train epoch 69/100 batch 13/66 (20%) running_loss=0.3212
train epoch 69/100 batch 26/66 (39%) running_loss=0.3154
train epoch 69/100 batch 39/66 (59%) running_loss=0.3203
train epoch 69/100 batch 52/66 (79%) running_loss=0.3205
train epoch 69/100 batch 65/66 (98%) running_loss=0.3227
train epoch 69/100 batch 66/66 (100%) running_loss=0.3232
epoch 69/100 done: train_loss=0.3232 val_loss=0.2060 val_accuracy=0.9447 val_macro_f1=0.9223 val_macro_auc=0.9830 (checkpoint_metric=macro_auc)
train epoch 70/100 batch 13/66 (20%) running_loss=0.3074
train epoch 70/100 batch 26/66 (39%) running_loss=0.3078
train epoch 70/100 batch 39/66 (59%) running_loss=0.3127
train epoch 70/100 batch 52/66 (79%) running_loss=0.3124
train epoch 70/100 batch 65/66 (98%) running_loss=0.3123
train epoch 70/100 batch 66/66 (100%) running_loss=0.3126
epoch 70/100 done: train_loss=0.3126 val_loss=0.2198 val_accuracy=0.9426 val_macro_f1=0.9205 val_macro_auc=0.9790 (checkpoint_metric=macro_auc)
train epoch 71/100 batch 13/66 (20%) running_loss=0.3143
train epoch 71/100 batch 26/66 (39%) running_loss=0.3156
train epoch 71/100 batch 39/66 (59%) running_loss=0.3168
train epoch 71/100 batch 52/66 (79%) running_loss=0.3177
train epoch 71/100 batch 65/66 (98%) running_loss=0.3223
train epoch 71/100 batch 66/66 (100%) running_loss=0.3221
epoch 71/100 done: train_loss=0.3221 val_loss=0.2322 val_accuracy=0.9406 val_macro_f1=0.9185 val_macro_auc=0.9785 (checkpoint_metric=macro_auc)
train epoch 72/100 batch 13/66 (20%) running_loss=0.3195
train epoch 72/100 batch 26/66 (39%) running_loss=0.3148
train epoch 72/100 batch 39/66 (59%) running_loss=0.3170
train epoch 72/100 batch 52/66 (79%) running_loss=0.3180
train epoch 72/100 batch 65/66 (98%) running_loss=0.3170
train epoch 72/100 batch 66/66 (100%) running_loss=0.3168
epoch 72/100 done: train_loss=0.3168 val_loss=0.2124 val_accuracy=0.9426 val_macro_f1=0.9205 val_macro_auc=0.9814 (checkpoint_metric=macro_auc)
train epoch 73/100 batch 13/66 (20%) running_loss=0.3280
train epoch 73/100 batch 26/66 (39%) running_loss=0.3242
train epoch 73/100 batch 39/66 (59%) running_loss=0.3209
train epoch 73/100 batch 52/66 (79%) running_loss=0.3197
train epoch 73/100 batch 65/66 (98%) running_loss=0.3180
train epoch 73/100 batch 66/66 (100%) running_loss=0.3178
epoch 73/100 done: train_loss=0.3178 val_loss=0.2224 val_accuracy=0.9406 val_macro_f1=0.9181 val_macro_auc=0.9789 (checkpoint_metric=macro_auc)
train epoch 74/100 batch 13/66 (20%) running_loss=0.3160
train epoch 74/100 batch 26/66 (39%) running_loss=0.3172
train epoch 74/100 batch 39/66 (59%) running_loss=0.3167
train epoch 74/100 batch 52/66 (79%) running_loss=0.3178
train epoch 74/100 batch 65/66 (98%) running_loss=0.3162
train epoch 74/100 batch 66/66 (100%) running_loss=0.3163
epoch 74/100 done: train_loss=0.3163 val_loss=0.2183 val_accuracy=0.9447 val_macro_f1=0.9236 val_macro_auc=0.9791 (checkpoint_metric=macro_auc)
train epoch 75/100 batch 13/66 (20%) running_loss=0.3184
train epoch 75/100 batch 26/66 (39%) running_loss=0.3143
train epoch 75/100 batch 39/66 (59%) running_loss=0.3147
train epoch 75/100 batch 52/66 (79%) running_loss=0.3169
train epoch 75/100 batch 65/66 (98%) running_loss=0.3172
train epoch 75/100 batch 66/66 (100%) running_loss=0.3171
epoch 75/100 done: train_loss=0.3171 val_loss=0.2202 val_accuracy=0.9426 val_macro_f1=0.9205 val_macro_auc=0.9792 (checkpoint_metric=macro_auc)
train epoch 76/100 batch 13/66 (20%) running_loss=0.3175
train epoch 76/100 batch 26/66 (39%) running_loss=0.3172
train epoch 76/100 batch 39/66 (59%) running_loss=0.3186
train epoch 76/100 batch 52/66 (79%) running_loss=0.3174
train epoch 76/100 batch 65/66 (98%) running_loss=0.3168
train epoch 76/100 batch 66/66 (100%) running_loss=0.3169
epoch 76/100 done: train_loss=0.3169 val_loss=0.2243 val_accuracy=0.9426 val_macro_f1=0.9212 val_macro_auc=0.9798 (checkpoint_metric=macro_auc)
train epoch 77/100 batch 13/66 (20%) running_loss=0.3256
train epoch 77/100 batch 26/66 (39%) running_loss=0.3202
train epoch 77/100 batch 39/66 (59%) running_loss=0.3143
train epoch 77/100 batch 52/66 (79%) running_loss=0.3138
train epoch 77/100 batch 65/66 (98%) running_loss=0.3146
train epoch 77/100 batch 66/66 (100%) running_loss=0.3146
epoch 77/100 done: train_loss=0.3146 val_loss=0.2170 val_accuracy=0.9447 val_macro_f1=0.9236 val_macro_auc=0.9794 (checkpoint_metric=macro_auc)
train epoch 78/100 batch 13/66 (20%) running_loss=0.3199
train epoch 78/100 batch 26/66 (39%) running_loss=0.3174
train epoch 78/100 batch 39/66 (59%) running_loss=0.3144
train epoch 78/100 batch 52/66 (79%) running_loss=0.3124
train epoch 78/100 batch 65/66 (98%) running_loss=0.3129
train epoch 78/100 batch 66/66 (100%) running_loss=0.3136
epoch 78/100 done: train_loss=0.3136 val_loss=0.2175 val_accuracy=0.9447 val_macro_f1=0.9236 val_macro_auc=0.9801 (checkpoint_metric=macro_auc)
train epoch 79/100 batch 13/66 (20%) running_loss=0.3059
train epoch 79/100 batch 26/66 (39%) running_loss=0.3104
train epoch 79/100 batch 39/66 (59%) running_loss=0.3102
train epoch 79/100 batch 52/66 (79%) running_loss=0.3104
train epoch 79/100 batch 65/66 (98%) running_loss=0.3123
train epoch 79/100 batch 66/66 (100%) running_loss=0.3122
epoch 79/100 done: train_loss=0.3122 val_loss=0.2148 val_accuracy=0.9426 val_macro_f1=0.9205 val_macro_auc=0.9797 (checkpoint_metric=macro_auc)
train epoch 80/100 batch 13/66 (20%) running_loss=0.3146
train epoch 80/100 batch 26/66 (39%) running_loss=0.3184
train epoch 80/100 batch 39/66 (59%) running_loss=0.3177
train epoch 80/100 batch 52/66 (79%) running_loss=0.3162
train epoch 80/100 batch 65/66 (98%) running_loss=0.3151
train epoch 80/100 batch 66/66 (100%) running_loss=0.3152
epoch 80/100 done: train_loss=0.3152 val_loss=0.2062 val_accuracy=0.9406 val_macro_f1=0.9178 val_macro_auc=0.9803 (checkpoint_metric=macro_auc)
train epoch 81/100 batch 13/66 (20%) running_loss=0.3172
train epoch 81/100 batch 26/66 (39%) running_loss=0.3139
train epoch 81/100 batch 39/66 (59%) running_loss=0.3121
train epoch 81/100 batch 52/66 (79%) running_loss=0.3131
train epoch 81/100 batch 65/66 (98%) running_loss=0.3155
train epoch 81/100 batch 66/66 (100%) running_loss=0.3154
epoch 81/100 done: train_loss=0.3154 val_loss=0.2310 val_accuracy=0.9426 val_macro_f1=0.9212 val_macro_auc=0.9780 (checkpoint_metric=macro_auc)
train epoch 82/100 batch 13/66 (20%) running_loss=0.3255
train epoch 82/100 batch 26/66 (39%) running_loss=0.3200
train epoch 82/100 batch 39/66 (59%) running_loss=0.3195
train epoch 82/100 batch 52/66 (79%) running_loss=0.3172
train epoch 82/100 batch 65/66 (98%) running_loss=0.3172
train epoch 82/100 batch 66/66 (100%) running_loss=0.3172
epoch 82/100 done: train_loss=0.3172 val_loss=0.2101 val_accuracy=0.9406 val_macro_f1=0.9174 val_macro_auc=0.9802 (checkpoint_metric=macro_auc)
train epoch 83/100 batch 13/66 (20%) running_loss=0.3129
train epoch 83/100 batch 26/66 (39%) running_loss=0.3153
train epoch 83/100 batch 39/66 (59%) running_loss=0.3145
train epoch 83/100 batch 52/66 (79%) running_loss=0.3172
train epoch 83/100 batch 65/66 (98%) running_loss=0.3162
train epoch 83/100 batch 66/66 (100%) running_loss=0.3169
epoch 83/100 done: train_loss=0.3169 val_loss=0.2181 val_accuracy=0.9426 val_macro_f1=0.9209 val_macro_auc=0.9788 (checkpoint_metric=macro_auc)
train epoch 84/100 batch 13/66 (20%) running_loss=0.3099
train epoch 84/100 batch 26/66 (39%) running_loss=0.3136
train epoch 84/100 batch 39/66 (59%) running_loss=0.3134
train epoch 84/100 batch 52/66 (79%) running_loss=0.3120
train epoch 84/100 batch 65/66 (98%) running_loss=0.3125
train epoch 84/100 batch 66/66 (100%) running_loss=0.3124
epoch 84/100 done: train_loss=0.3124 val_loss=0.2255 val_accuracy=0.9385 val_macro_f1=0.9154 val_macro_auc=0.9784 (checkpoint_metric=macro_auc)
train epoch 85/100 batch 13/66 (20%) running_loss=0.3199
train epoch 85/100 batch 26/66 (39%) running_loss=0.3135
train epoch 85/100 batch 39/66 (59%) running_loss=0.3118
train epoch 85/100 batch 52/66 (79%) running_loss=0.3135
train epoch 85/100 batch 65/66 (98%) running_loss=0.3134
train epoch 85/100 batch 66/66 (100%) running_loss=0.3133
epoch 85/100 done: train_loss=0.3133 val_loss=0.2197 val_accuracy=0.9426 val_macro_f1=0.9212 val_macro_auc=0.9799 (checkpoint_metric=macro_auc)
train epoch 86/100 batch 13/66 (20%) running_loss=0.3094
train epoch 86/100 batch 26/66 (39%) running_loss=0.3186
train epoch 86/100 batch 39/66 (59%) running_loss=0.3196
train epoch 86/100 batch 52/66 (79%) running_loss=0.3196
train epoch 86/100 batch 65/66 (98%) running_loss=0.3180
train epoch 86/100 batch 66/66 (100%) running_loss=0.3179
epoch 86/100 done: train_loss=0.3179 val_loss=0.2235 val_accuracy=0.9426 val_macro_f1=0.9209 val_macro_auc=0.9786 (checkpoint_metric=macro_auc)
train epoch 87/100 batch 13/66 (20%) running_loss=0.3163
train epoch 87/100 batch 26/66 (39%) running_loss=0.3200
train epoch 87/100 batch 39/66 (59%) running_loss=0.3195
train epoch 87/100 batch 52/66 (79%) running_loss=0.3173
train epoch 87/100 batch 65/66 (98%) running_loss=0.3166
train epoch 87/100 batch 66/66 (100%) running_loss=0.3168
epoch 87/100 done: train_loss=0.3168 val_loss=0.2082 val_accuracy=0.9406 val_macro_f1=0.9174 val_macro_auc=0.9801 (checkpoint_metric=macro_auc)
train epoch 88/100 batch 13/66 (20%) running_loss=0.3061
train epoch 88/100 batch 26/66 (39%) running_loss=0.3114
train epoch 88/100 batch 39/66 (59%) running_loss=0.3131
train epoch 88/100 batch 52/66 (79%) running_loss=0.3140
train epoch 88/100 batch 65/66 (98%) running_loss=0.3155
train epoch 88/100 batch 66/66 (100%) running_loss=0.3153
epoch 88/100 done: train_loss=0.3153 val_loss=0.2092 val_accuracy=0.9406 val_macro_f1=0.9174 val_macro_auc=0.9800 (checkpoint_metric=macro_auc)
train epoch 89/100 batch 13/66 (20%) running_loss=0.3235
train epoch 89/100 batch 26/66 (39%) running_loss=0.3204
train epoch 89/100 batch 39/66 (59%) running_loss=0.3152
train epoch 89/100 batch 52/66 (79%) running_loss=0.3145
train epoch 89/100 batch 65/66 (98%) running_loss=0.3162
train epoch 89/100 batch 66/66 (100%) running_loss=0.3161
epoch 89/100 done: train_loss=0.3161 val_loss=0.2052 val_accuracy=0.9426 val_macro_f1=0.9199 val_macro_auc=0.9812 (checkpoint_metric=macro_auc)
train epoch 90/100 batch 13/66 (20%) running_loss=0.3102
train epoch 90/100 batch 26/66 (39%) running_loss=0.3125
train epoch 90/100 batch 39/66 (59%) running_loss=0.3106
train epoch 90/100 batch 52/66 (79%) running_loss=0.3093
train epoch 90/100 batch 65/66 (98%) running_loss=0.3127
train epoch 90/100 batch 66/66 (100%) running_loss=0.3135
epoch 90/100 done: train_loss=0.3135 val_loss=0.2220 val_accuracy=0.9426 val_macro_f1=0.9212 val_macro_auc=0.9790 (checkpoint_metric=macro_auc)
train epoch 91/100 batch 13/66 (20%) running_loss=0.3110
train epoch 91/100 batch 26/66 (39%) running_loss=0.3125
train epoch 91/100 batch 39/66 (59%) running_loss=0.3109
train epoch 91/100 batch 52/66 (79%) running_loss=0.3122
train epoch 91/100 batch 65/66 (98%) running_loss=0.3110
train epoch 91/100 batch 66/66 (100%) running_loss=0.3111
epoch 91/100 done: train_loss=0.3111 val_loss=0.2176 val_accuracy=0.9426 val_macro_f1=0.9205 val_macro_auc=0.9801 (checkpoint_metric=macro_auc)
train epoch 92/100 batch 13/66 (20%) running_loss=0.3114
train epoch 92/100 batch 26/66 (39%) running_loss=0.3139
train epoch 92/100 batch 39/66 (59%) running_loss=0.3134
train epoch 92/100 batch 52/66 (79%) running_loss=0.3158
train epoch 92/100 batch 65/66 (98%) running_loss=0.3161
train epoch 92/100 batch 66/66 (100%) running_loss=0.3160
epoch 92/100 done: train_loss=0.3160 val_loss=0.2087 val_accuracy=0.9406 val_macro_f1=0.9174 val_macro_auc=0.9793 (checkpoint_metric=macro_auc)
train epoch 93/100 batch 13/66 (20%) running_loss=0.3174
train epoch 93/100 batch 26/66 (39%) running_loss=0.3138
train epoch 93/100 batch 39/66 (59%) running_loss=0.3137
train epoch 93/100 batch 52/66 (79%) running_loss=0.3133
train epoch 93/100 batch 65/66 (98%) running_loss=0.3141
train epoch 93/100 batch 66/66 (100%) running_loss=0.3142
epoch 93/100 done: train_loss=0.3142 val_loss=0.2142 val_accuracy=0.9406 val_macro_f1=0.9178 val_macro_auc=0.9788 (checkpoint_metric=macro_auc)
train epoch 94/100 batch 13/66 (20%) running_loss=0.3121
train epoch 94/100 batch 26/66 (39%) running_loss=0.3129
train epoch 94/100 batch 39/66 (59%) running_loss=0.3125
train epoch 94/100 batch 52/66 (79%) running_loss=0.3124
train epoch 94/100 batch 65/66 (98%) running_loss=0.3123
train epoch 94/100 batch 66/66 (100%) running_loss=0.3123
epoch 94/100 done: train_loss=0.3123 val_loss=0.2200 val_accuracy=0.9426 val_macro_f1=0.9212 val_macro_auc=0.9787 (checkpoint_metric=macro_auc)
train epoch 95/100 batch 13/66 (20%) running_loss=0.3111
train epoch 95/100 batch 26/66 (39%) running_loss=0.3135
train epoch 95/100 batch 39/66 (59%) running_loss=0.3155
train epoch 95/100 batch 52/66 (79%) running_loss=0.3172
train epoch 95/100 batch 65/66 (98%) running_loss=0.3158
train epoch 95/100 batch 66/66 (100%) running_loss=0.3157
epoch 95/100 done: train_loss=0.3157 val_loss=0.2183 val_accuracy=0.9426 val_macro_f1=0.9205 val_macro_auc=0.9790 (checkpoint_metric=macro_auc)
train epoch 96/100 batch 13/66 (20%) running_loss=0.3093
train epoch 96/100 batch 26/66 (39%) running_loss=0.3091
train epoch 96/100 batch 39/66 (59%) running_loss=0.3103
train epoch 96/100 batch 52/66 (79%) running_loss=0.3122
train epoch 96/100 batch 65/66 (98%) running_loss=0.3122
train epoch 96/100 batch 66/66 (100%) running_loss=0.3125
epoch 96/100 done: train_loss=0.3125 val_loss=0.2258 val_accuracy=0.9406 val_macro_f1=0.9185 val_macro_auc=0.9776 (checkpoint_metric=macro_auc)
train epoch 97/100 batch 13/66 (20%) running_loss=0.3108
train epoch 97/100 batch 26/66 (39%) running_loss=0.3143
train epoch 97/100 batch 39/66 (59%) running_loss=0.3139
train epoch 97/100 batch 52/66 (79%) running_loss=0.3178
train epoch 97/100 batch 65/66 (98%) running_loss=0.3180
train epoch 97/100 batch 66/66 (100%) running_loss=0.3179
epoch 97/100 done: train_loss=0.3179 val_loss=0.2186 val_accuracy=0.9447 val_macro_f1=0.9236 val_macro_auc=0.9797 (checkpoint_metric=macro_auc)
train epoch 98/100 batch 13/66 (20%) running_loss=0.3136
train epoch 98/100 batch 26/66 (39%) running_loss=0.3145
train epoch 98/100 batch 39/66 (59%) running_loss=0.3122
train epoch 98/100 batch 52/66 (79%) running_loss=0.3154
train epoch 98/100 batch 65/66 (98%) running_loss=0.3153
train epoch 98/100 batch 66/66 (100%) running_loss=0.3152
epoch 98/100 done: train_loss=0.3152 val_loss=0.2201 val_accuracy=0.9406 val_macro_f1=0.9185 val_macro_auc=0.9792 (checkpoint_metric=macro_auc)
train epoch 99/100 batch 13/66 (20%) running_loss=0.3308
train epoch 99/100 batch 26/66 (39%) running_loss=0.3273
train epoch 99/100 batch 39/66 (59%) running_loss=0.3247
train epoch 99/100 batch 52/66 (79%) running_loss=0.3209
train epoch 99/100 batch 65/66 (98%) running_loss=0.3202
train epoch 99/100 batch 66/66 (100%) running_loss=0.3200
epoch 99/100 done: train_loss=0.3200 val_loss=0.2198 val_accuracy=0.9406 val_macro_f1=0.9178 val_macro_auc=0.9790 (checkpoint_metric=macro_auc)
train epoch 100/100 batch 13/66 (20%) running_loss=0.3156
train epoch 100/100 batch 26/66 (39%) running_loss=0.3123
train epoch 100/100 batch 39/66 (59%) running_loss=0.3140
train epoch 100/100 batch 52/66 (79%) running_loss=0.3128
train epoch 100/100 batch 65/66 (98%) running_loss=0.3140
train epoch 100/100 batch 66/66 (100%) running_loss=0.3140
epoch 100/100 done: train_loss=0.3140 val_loss=0.2183 val_accuracy=0.9426 val_macro_f1=0.9209 val_macro_auc=0.9788 (checkpoint_metric=macro_auc)
Training finished. Best epoch=25, smoothed macro_auc=0.9849 (window=3)
Test set evaluated once: accuracy=0.8819 macro_f1=0.8708 macro_auc=0.9627
Model size: 52.86M params, 1.008 GFLOPs at 96x96

Best epoch: 25
Test accuracy:  0.8819
Test macro F1:  0.8708
Test macro AUC: 0.9627
Model size: 52.86M params, 1.008 GFLOPs
