Starting baseline training: model=efficientnet_v2_m device=cuda amp=True image_size=96 epochs=50 lr=0.001 optimizer=sgd
Dataset ready: 3 classes, 2102 train / 488 val samples (split reused from outputs/baseline_efficientnet_v2_m_96_fixed/split_indices.json)
Augmentation policy: legacy fixed ops ('brightness', 'rotation'), from outputs/fixedda_run/augmentation_run/selected_legacy_policy.json
Classes: {'glioma_tumor': 0, 'meningioma_tumor': 1, 'pituitary_tumor': 2}
Regularization: weight_decay=7.0e-04 label_smoothing=0.10 grad_clip_norm=5.0
train epoch 1/50 batch 13/66 (20%) running_loss=1.1174
train epoch 1/50 batch 26/66 (39%) running_loss=1.1212
train epoch 1/50 batch 39/66 (59%) running_loss=1.1185
train epoch 1/50 batch 52/66 (79%) running_loss=1.1184
train epoch 1/50 batch 65/66 (98%) running_loss=1.1176
train epoch 1/50 batch 66/66 (100%) running_loss=1.1169
epoch 1/50 done: train_loss=1.1169 val_loss=1.0967 val_accuracy=0.3893 val_macro_f1=0.3430 val_macro_auc=0.4832 (checkpoint_metric=macro_auc) [new best]
train epoch 2/50 batch 13/66 (20%) running_loss=1.0806
train epoch 2/50 batch 26/66 (39%) running_loss=1.0882
train epoch 2/50 batch 39/66 (59%) running_loss=1.0969
train epoch 2/50 batch 52/66 (79%) running_loss=1.0946
train epoch 2/50 batch 65/66 (98%) running_loss=1.0960
train epoch 2/50 batch 66/66 (100%) running_loss=1.0949
epoch 2/50 done: train_loss=1.0949 val_loss=1.0628 val_accuracy=0.4631 val_macro_f1=0.3966 val_macro_auc=0.5589 (checkpoint_metric=macro_auc) [new best]
train epoch 3/50 batch 13/66 (20%) running_loss=1.0871
train epoch 3/50 batch 26/66 (39%) running_loss=1.0849
train epoch 3/50 batch 39/66 (59%) running_loss=1.0841
train epoch 3/50 batch 52/66 (79%) running_loss=1.0814
train epoch 3/50 batch 65/66 (98%) running_loss=1.0803
train epoch 3/50 batch 66/66 (100%) running_loss=1.0799
epoch 3/50 done: train_loss=1.0799 val_loss=1.0494 val_accuracy=0.4795 val_macro_f1=0.4147 val_macro_auc=0.5876 (checkpoint_metric=macro_auc) [new best]
train epoch 4/50 batch 13/66 (20%) running_loss=1.0736
train epoch 4/50 batch 26/66 (39%) running_loss=1.0596
train epoch 4/50 batch 39/66 (59%) running_loss=1.0588
train epoch 4/50 batch 52/66 (79%) running_loss=1.0594
train epoch 4/50 batch 65/66 (98%) running_loss=1.0575
train epoch 4/50 batch 66/66 (100%) running_loss=1.0578
epoch 4/50 done: train_loss=1.0578 val_loss=1.0040 val_accuracy=0.5717 val_macro_f1=0.4588 val_macro_auc=0.6578 (checkpoint_metric=macro_auc) [new best]
train epoch 5/50 batch 13/66 (20%) running_loss=1.0595
train epoch 5/50 batch 26/66 (39%) running_loss=1.0425
train epoch 5/50 batch 39/66 (59%) running_loss=1.0367
train epoch 5/50 batch 52/66 (79%) running_loss=1.0405
train epoch 5/50 batch 65/66 (98%) running_loss=1.0374
train epoch 5/50 batch 66/66 (100%) running_loss=1.0369
epoch 5/50 done: train_loss=1.0369 val_loss=0.9632 val_accuracy=0.6311 val_macro_f1=0.4951 val_macro_auc=0.7196 (checkpoint_metric=macro_auc) [new best]
train epoch 6/50 batch 13/66 (20%) running_loss=1.0281
train epoch 6/50 batch 26/66 (39%) running_loss=1.0275
train epoch 6/50 batch 39/66 (59%) running_loss=1.0278
train epoch 6/50 batch 52/66 (79%) running_loss=1.0278
train epoch 6/50 batch 65/66 (98%) running_loss=1.0264
train epoch 6/50 batch 66/66 (100%) running_loss=1.0267
epoch 6/50 done: train_loss=1.0267 val_loss=0.9483 val_accuracy=0.6209 val_macro_f1=0.4659 val_macro_auc=0.7129 (checkpoint_metric=macro_auc) [new best]
train epoch 7/50 batch 13/66 (20%) running_loss=1.0074
train epoch 7/50 batch 26/66 (39%) running_loss=1.0115
train epoch 7/50 batch 39/66 (59%) running_loss=1.0143
train epoch 7/50 batch 52/66 (79%) running_loss=1.0090
train epoch 7/50 batch 65/66 (98%) running_loss=1.0077
train epoch 7/50 batch 66/66 (100%) running_loss=1.0072
epoch 7/50 done: train_loss=1.0072 val_loss=0.9008 val_accuracy=0.6947 val_macro_f1=0.5366 val_macro_auc=0.7520 (checkpoint_metric=macro_auc) [new best]
train epoch 8/50 batch 13/66 (20%) running_loss=0.9825
train epoch 8/50 batch 26/66 (39%) running_loss=0.9811
train epoch 8/50 batch 39/66 (59%) running_loss=0.9812
train epoch 8/50 batch 52/66 (79%) running_loss=0.9816
train epoch 8/50 batch 65/66 (98%) running_loss=0.9780
train epoch 8/50 batch 66/66 (100%) running_loss=0.9777
epoch 8/50 done: train_loss=0.9777 val_loss=0.8585 val_accuracy=0.7172 val_macro_f1=0.5409 val_macro_auc=0.7769 (checkpoint_metric=macro_auc) [new best]
train epoch 9/50 batch 13/66 (20%) running_loss=0.9738
train epoch 9/50 batch 26/66 (39%) running_loss=0.9640
train epoch 9/50 batch 39/66 (59%) running_loss=0.9669
train epoch 9/50 batch 52/66 (79%) running_loss=0.9688
train epoch 9/50 batch 65/66 (98%) running_loss=0.9562
train epoch 9/50 batch 66/66 (100%) running_loss=0.9555
epoch 9/50 done: train_loss=0.9555 val_loss=0.8043 val_accuracy=0.7090 val_macro_f1=0.5430 val_macro_auc=0.8087 (checkpoint_metric=macro_auc) [new best]
train epoch 10/50 batch 13/66 (20%) running_loss=0.9141
train epoch 10/50 batch 26/66 (39%) running_loss=0.9164
train epoch 10/50 batch 39/66 (59%) running_loss=0.9250
train epoch 10/50 batch 52/66 (79%) running_loss=0.9207
train epoch 10/50 batch 65/66 (98%) running_loss=0.9195
train epoch 10/50 batch 66/66 (100%) running_loss=0.9200
epoch 10/50 done: train_loss=0.9200 val_loss=0.7618 val_accuracy=0.7398 val_macro_f1=0.5648 val_macro_auc=0.8382 (checkpoint_metric=macro_auc) [new best]
train epoch 11/50 batch 13/66 (20%) running_loss=0.8840
train epoch 11/50 batch 26/66 (39%) running_loss=0.8918
train epoch 11/50 batch 39/66 (59%) running_loss=0.8939
train epoch 11/50 batch 52/66 (79%) running_loss=0.8886
train epoch 11/50 batch 65/66 (98%) running_loss=0.8833
train epoch 11/50 batch 66/66 (100%) running_loss=0.8832
epoch 11/50 done: train_loss=0.8832 val_loss=0.7333 val_accuracy=0.7500 val_macro_f1=0.6119 val_macro_auc=0.8541 (checkpoint_metric=macro_auc) [new best]
train epoch 12/50 batch 13/66 (20%) running_loss=0.8726
train epoch 12/50 batch 26/66 (39%) running_loss=0.8713
train epoch 12/50 batch 39/66 (59%) running_loss=0.8626
train epoch 12/50 batch 52/66 (79%) running_loss=0.8612
train epoch 12/50 batch 65/66 (98%) running_loss=0.8535
train epoch 12/50 batch 66/66 (100%) running_loss=0.8541
epoch 12/50 done: train_loss=0.8541 val_loss=0.6853 val_accuracy=0.7807 val_macro_f1=0.6456 val_macro_auc=0.8738 (checkpoint_metric=macro_auc) [new best]
train epoch 13/50 batch 13/66 (20%) running_loss=0.8326
train epoch 13/50 batch 26/66 (39%) running_loss=0.8223
train epoch 13/50 batch 39/66 (59%) running_loss=0.8191
train epoch 13/50 batch 52/66 (79%) running_loss=0.8183
train epoch 13/50 batch 65/66 (98%) running_loss=0.8157
train epoch 13/50 batch 66/66 (100%) running_loss=0.8158
epoch 13/50 done: train_loss=0.8158 val_loss=0.6400 val_accuracy=0.7992 val_macro_f1=0.6735 val_macro_auc=0.8904 (checkpoint_metric=macro_auc) [new best]
train epoch 14/50 batch 13/66 (20%) running_loss=0.8062
train epoch 14/50 batch 26/66 (39%) running_loss=0.8053
train epoch 14/50 batch 39/66 (59%) running_loss=0.8124
train epoch 14/50 batch 52/66 (79%) running_loss=0.8070
train epoch 14/50 batch 65/66 (98%) running_loss=0.8066
train epoch 14/50 batch 66/66 (100%) running_loss=0.8080
epoch 14/50 done: train_loss=0.8080 val_loss=0.5930 val_accuracy=0.7971 val_macro_f1=0.6683 val_macro_auc=0.9101 (checkpoint_metric=macro_auc) [new best]
train epoch 15/50 batch 13/66 (20%) running_loss=0.7517
train epoch 15/50 batch 26/66 (39%) running_loss=0.7477
train epoch 15/50 batch 39/66 (59%) running_loss=0.7445
train epoch 15/50 batch 52/66 (79%) running_loss=0.7417
train epoch 15/50 batch 65/66 (98%) running_loss=0.7418
train epoch 15/50 batch 66/66 (100%) running_loss=0.7435
epoch 15/50 done: train_loss=0.7435 val_loss=0.5518 val_accuracy=0.8340 val_macro_f1=0.7488 val_macro_auc=0.9191 (checkpoint_metric=macro_auc) [new best]
train epoch 16/50 batch 13/66 (20%) running_loss=0.6879
train epoch 16/50 batch 26/66 (39%) running_loss=0.7160
train epoch 16/50 batch 39/66 (59%) running_loss=0.7213
train epoch 16/50 batch 52/66 (79%) running_loss=0.7226
train epoch 16/50 batch 65/66 (98%) running_loss=0.7136
train epoch 16/50 batch 66/66 (100%) running_loss=0.7130
epoch 16/50 done: train_loss=0.7130 val_loss=0.4973 val_accuracy=0.8607 val_macro_f1=0.7776 val_macro_auc=0.9423 (checkpoint_metric=macro_auc) [new best]
train epoch 17/50 batch 13/66 (20%) running_loss=0.6567
train epoch 17/50 batch 26/66 (39%) running_loss=0.6736
train epoch 17/50 batch 39/66 (59%) running_loss=0.6783
train epoch 17/50 batch 52/66 (79%) running_loss=0.6847
train epoch 17/50 batch 65/66 (98%) running_loss=0.6890
train epoch 17/50 batch 66/66 (100%) running_loss=0.6889
epoch 17/50 done: train_loss=0.6889 val_loss=0.4503 val_accuracy=0.8852 val_macro_f1=0.8284 val_macro_auc=0.9554 (checkpoint_metric=macro_auc) [new best]
train epoch 18/50 batch 13/66 (20%) running_loss=0.6627
train epoch 18/50 batch 26/66 (39%) running_loss=0.6896
train epoch 18/50 batch 39/66 (59%) running_loss=0.6765
train epoch 18/50 batch 52/66 (79%) running_loss=0.6718
train epoch 18/50 batch 65/66 (98%) running_loss=0.6677
train epoch 18/50 batch 66/66 (100%) running_loss=0.6669
epoch 18/50 done: train_loss=0.6669 val_loss=0.4213 val_accuracy=0.8791 val_macro_f1=0.8269 val_macro_auc=0.9615 (checkpoint_metric=macro_auc) [new best]
train epoch 19/50 batch 13/66 (20%) running_loss=0.6817
train epoch 19/50 batch 26/66 (39%) running_loss=0.6641
train epoch 19/50 batch 39/66 (59%) running_loss=0.6645
train epoch 19/50 batch 52/66 (79%) running_loss=0.6504
train epoch 19/50 batch 65/66 (98%) running_loss=0.6455
train epoch 19/50 batch 66/66 (100%) running_loss=0.6456
epoch 19/50 done: train_loss=0.6456 val_loss=0.3943 val_accuracy=0.8791 val_macro_f1=0.8312 val_macro_auc=0.9656 (checkpoint_metric=macro_auc) [new best]
train epoch 20/50 batch 13/66 (20%) running_loss=0.6250
train epoch 20/50 batch 26/66 (39%) running_loss=0.6342
train epoch 20/50 batch 39/66 (59%) running_loss=0.6282
train epoch 20/50 batch 52/66 (79%) running_loss=0.6201
train epoch 20/50 batch 65/66 (98%) running_loss=0.6157
train epoch 20/50 batch 66/66 (100%) running_loss=0.6153
epoch 20/50 done: train_loss=0.6153 val_loss=0.3685 val_accuracy=0.8709 val_macro_f1=0.8236 val_macro_auc=0.9677 (checkpoint_metric=macro_auc) [new best]
train epoch 21/50 batch 13/66 (20%) running_loss=0.6003
train epoch 21/50 batch 26/66 (39%) running_loss=0.5902
train epoch 21/50 batch 39/66 (59%) running_loss=0.5915
train epoch 21/50 batch 52/66 (79%) running_loss=0.5894
train epoch 21/50 batch 65/66 (98%) running_loss=0.5881
train epoch 21/50 batch 66/66 (100%) running_loss=0.5879
epoch 21/50 done: train_loss=0.5879 val_loss=0.3558 val_accuracy=0.8750 val_macro_f1=0.8407 val_macro_auc=0.9731 (checkpoint_metric=macro_auc) [new best]
train epoch 22/50 batch 13/66 (20%) running_loss=0.6075
train epoch 22/50 batch 26/66 (39%) running_loss=0.5939
train epoch 22/50 batch 39/66 (59%) running_loss=0.5877
train epoch 22/50 batch 52/66 (79%) running_loss=0.5755
train epoch 22/50 batch 65/66 (98%) running_loss=0.5714
train epoch 22/50 batch 66/66 (100%) running_loss=0.5711
epoch 22/50 done: train_loss=0.5711 val_loss=0.3280 val_accuracy=0.8832 val_macro_f1=0.8451 val_macro_auc=0.9748 (checkpoint_metric=macro_auc) [new best]
train epoch 23/50 batch 13/66 (20%) running_loss=0.5513
train epoch 23/50 batch 26/66 (39%) running_loss=0.5327
train epoch 23/50 batch 39/66 (59%) running_loss=0.5321
train epoch 23/50 batch 52/66 (79%) running_loss=0.5327
train epoch 23/50 batch 65/66 (98%) running_loss=0.5347
train epoch 23/50 batch 66/66 (100%) running_loss=0.5345
epoch 23/50 done: train_loss=0.5345 val_loss=0.3300 val_accuracy=0.8750 val_macro_f1=0.8438 val_macro_auc=0.9788 (checkpoint_metric=macro_auc) [new best]
train epoch 24/50 batch 13/66 (20%) running_loss=0.5356
train epoch 24/50 batch 26/66 (39%) running_loss=0.5223
train epoch 24/50 batch 39/66 (59%) running_loss=0.5232
train epoch 24/50 batch 52/66 (79%) running_loss=0.5242
train epoch 24/50 batch 65/66 (98%) running_loss=0.5238
train epoch 24/50 batch 66/66 (100%) running_loss=0.5235
epoch 24/50 done: train_loss=0.5235 val_loss=0.3232 val_accuracy=0.8893 val_macro_f1=0.8647 val_macro_auc=0.9808 (checkpoint_metric=macro_auc) [new best]
train epoch 25/50 batch 13/66 (20%) running_loss=0.5194
train epoch 25/50 batch 26/66 (39%) running_loss=0.5185
train epoch 25/50 batch 39/66 (59%) running_loss=0.5185
train epoch 25/50 batch 52/66 (79%) running_loss=0.5152
train epoch 25/50 batch 65/66 (98%) running_loss=0.5081
train epoch 25/50 batch 66/66 (100%) running_loss=0.5096
epoch 25/50 done: train_loss=0.5096 val_loss=0.3070 val_accuracy=0.8852 val_macro_f1=0.8585 val_macro_auc=0.9808 (checkpoint_metric=macro_auc) [new best]
train epoch 26/50 batch 13/66 (20%) running_loss=0.5055
train epoch 26/50 batch 26/66 (39%) running_loss=0.5073
train epoch 26/50 batch 39/66 (59%) running_loss=0.5035
train epoch 26/50 batch 52/66 (79%) running_loss=0.4961
train epoch 26/50 batch 65/66 (98%) running_loss=0.4953
train epoch 26/50 batch 66/66 (100%) running_loss=0.4943
epoch 26/50 done: train_loss=0.4943 val_loss=0.3117 val_accuracy=0.8873 val_macro_f1=0.8599 val_macro_auc=0.9802 (checkpoint_metric=macro_auc) [new best]
train epoch 27/50 batch 13/66 (20%) running_loss=0.5303
train epoch 27/50 batch 26/66 (39%) running_loss=0.5049
train epoch 27/50 batch 39/66 (59%) running_loss=0.4894
train epoch 27/50 batch 52/66 (79%) running_loss=0.4808
train epoch 27/50 batch 65/66 (98%) running_loss=0.4823
train epoch 27/50 batch 66/66 (100%) running_loss=0.4844
epoch 27/50 done: train_loss=0.4844 val_loss=0.2821 val_accuracy=0.8996 val_macro_f1=0.8756 val_macro_auc=0.9845 (checkpoint_metric=macro_auc) [new best]
train epoch 28/50 batch 13/66 (20%) running_loss=0.4681
train epoch 28/50 batch 26/66 (39%) running_loss=0.4535
train epoch 28/50 batch 39/66 (59%) running_loss=0.4566
train epoch 28/50 batch 52/66 (79%) running_loss=0.4555
train epoch 28/50 batch 65/66 (98%) running_loss=0.4587
train epoch 28/50 batch 66/66 (100%) running_loss=0.4578
epoch 28/50 done: train_loss=0.4578 val_loss=0.2813 val_accuracy=0.8955 val_macro_f1=0.8709 val_macro_auc=0.9862 (checkpoint_metric=macro_auc) [new best]
train epoch 29/50 batch 13/66 (20%) running_loss=0.4503
train epoch 29/50 batch 26/66 (39%) running_loss=0.4512
train epoch 29/50 batch 39/66 (59%) running_loss=0.4545
train epoch 29/50 batch 52/66 (79%) running_loss=0.4585
train epoch 29/50 batch 65/66 (98%) running_loss=0.4538
train epoch 29/50 batch 66/66 (100%) running_loss=0.4538
epoch 29/50 done: train_loss=0.4538 val_loss=0.2729 val_accuracy=0.8996 val_macro_f1=0.8744 val_macro_auc=0.9860 (checkpoint_metric=macro_auc) [new best]
train epoch 30/50 batch 13/66 (20%) running_loss=0.4689
train epoch 30/50 batch 26/66 (39%) running_loss=0.4513
train epoch 30/50 batch 39/66 (59%) running_loss=0.4565
train epoch 30/50 batch 52/66 (79%) running_loss=0.4554
train epoch 30/50 batch 65/66 (98%) running_loss=0.4516
train epoch 30/50 batch 66/66 (100%) running_loss=0.4512
epoch 30/50 done: train_loss=0.4512 val_loss=0.2696 val_accuracy=0.9037 val_macro_f1=0.8775 val_macro_auc=0.9843 (checkpoint_metric=macro_auc)
train epoch 31/50 batch 13/66 (20%) running_loss=0.4678
train epoch 31/50 batch 26/66 (39%) running_loss=0.4625
train epoch 31/50 batch 39/66 (59%) running_loss=0.4484
train epoch 31/50 batch 52/66 (79%) running_loss=0.4407
train epoch 31/50 batch 65/66 (98%) running_loss=0.4424
train epoch 31/50 batch 66/66 (100%) running_loss=0.4427
epoch 31/50 done: train_loss=0.4427 val_loss=0.2665 val_accuracy=0.9078 val_macro_f1=0.8822 val_macro_auc=0.9845 (checkpoint_metric=macro_auc)
train epoch 32/50 batch 13/66 (20%) running_loss=0.4295
train epoch 32/50 batch 26/66 (39%) running_loss=0.4379
train epoch 32/50 batch 39/66 (59%) running_loss=0.4358
train epoch 32/50 batch 52/66 (79%) running_loss=0.4343
train epoch 32/50 batch 65/66 (98%) running_loss=0.4301
train epoch 32/50 batch 66/66 (100%) running_loss=0.4292
epoch 32/50 done: train_loss=0.4292 val_loss=0.2733 val_accuracy=0.8996 val_macro_f1=0.8742 val_macro_auc=0.9848 (checkpoint_metric=macro_auc)
train epoch 33/50 batch 13/66 (20%) running_loss=0.4236
train epoch 33/50 batch 26/66 (39%) running_loss=0.4346
train epoch 33/50 batch 39/66 (59%) running_loss=0.4338
train epoch 33/50 batch 52/66 (79%) running_loss=0.4316
train epoch 33/50 batch 65/66 (98%) running_loss=0.4318
train epoch 33/50 batch 66/66 (100%) running_loss=0.4317
epoch 33/50 done: train_loss=0.4317 val_loss=0.2802 val_accuracy=0.8955 val_macro_f1=0.8691 val_macro_auc=0.9855 (checkpoint_metric=macro_auc)
train epoch 34/50 batch 13/66 (20%) running_loss=0.4187
train epoch 34/50 batch 26/66 (39%) running_loss=0.4192
train epoch 34/50 batch 39/66 (59%) running_loss=0.4264
train epoch 34/50 batch 52/66 (79%) running_loss=0.4217
train epoch 34/50 batch 65/66 (98%) running_loss=0.4266
train epoch 34/50 batch 66/66 (100%) running_loss=0.4281
epoch 34/50 done: train_loss=0.4281 val_loss=0.2546 val_accuracy=0.9078 val_macro_f1=0.8845 val_macro_auc=0.9876 (checkpoint_metric=macro_auc) [new best]
train epoch 35/50 batch 13/66 (20%) running_loss=0.4207
train epoch 35/50 batch 26/66 (39%) running_loss=0.4120
train epoch 35/50 batch 39/66 (59%) running_loss=0.4199
train epoch 35/50 batch 52/66 (79%) running_loss=0.4211
train epoch 35/50 batch 65/66 (98%) running_loss=0.4243
train epoch 35/50 batch 66/66 (100%) running_loss=0.4241
epoch 35/50 done: train_loss=0.4241 val_loss=0.2681 val_accuracy=0.9078 val_macro_f1=0.8821 val_macro_auc=0.9854 (checkpoint_metric=macro_auc) [new best]
train epoch 36/50 batch 13/66 (20%) running_loss=0.4081
train epoch 36/50 batch 26/66 (39%) running_loss=0.4158
train epoch 36/50 batch 39/66 (59%) running_loss=0.4161
train epoch 36/50 batch 52/66 (79%) running_loss=0.4194
train epoch 36/50 batch 65/66 (98%) running_loss=0.4098
train epoch 36/50 batch 66/66 (100%) running_loss=0.4090
epoch 36/50 done: train_loss=0.4090 val_loss=0.2721 val_accuracy=0.8934 val_macro_f1=0.8673 val_macro_auc=0.9864 (checkpoint_metric=macro_auc) [new best]
train epoch 37/50 batch 13/66 (20%) running_loss=0.4290
train epoch 37/50 batch 26/66 (39%) running_loss=0.4239
train epoch 37/50 batch 39/66 (59%) running_loss=0.4173
train epoch 37/50 batch 52/66 (79%) running_loss=0.4147
train epoch 37/50 batch 65/66 (98%) running_loss=0.4116
train epoch 37/50 batch 66/66 (100%) running_loss=0.4115
epoch 37/50 done: train_loss=0.4115 val_loss=0.2397 val_accuracy=0.9160 val_macro_f1=0.8910 val_macro_auc=0.9875 (checkpoint_metric=macro_auc)
train epoch 38/50 batch 13/66 (20%) running_loss=0.3973
train epoch 38/50 batch 26/66 (39%) running_loss=0.3936
train epoch 38/50 batch 39/66 (59%) running_loss=0.3959
train epoch 38/50 batch 52/66 (79%) running_loss=0.3931
train epoch 38/50 batch 65/66 (98%) running_loss=0.3927
train epoch 38/50 batch 66/66 (100%) running_loss=0.3937
epoch 38/50 done: train_loss=0.3937 val_loss=0.2382 val_accuracy=0.9201 val_macro_f1=0.8955 val_macro_auc=0.9876 (checkpoint_metric=macro_auc) [new best]
train epoch 39/50 batch 13/66 (20%) running_loss=0.3970
train epoch 39/50 batch 26/66 (39%) running_loss=0.3920
train epoch 39/50 batch 39/66 (59%) running_loss=0.3927
train epoch 39/50 batch 52/66 (79%) running_loss=0.4006
train epoch 39/50 batch 65/66 (98%) running_loss=0.4070
train epoch 39/50 batch 66/66 (100%) running_loss=0.4077
epoch 39/50 done: train_loss=0.4077 val_loss=0.2546 val_accuracy=0.9160 val_macro_f1=0.8893 val_macro_auc=0.9859 (checkpoint_metric=macro_auc)
train epoch 40/50 batch 13/66 (20%) running_loss=0.3998
train epoch 40/50 batch 26/66 (39%) running_loss=0.4082
train epoch 40/50 batch 39/66 (59%) running_loss=0.4104
train epoch 40/50 batch 52/66 (79%) running_loss=0.4203
train epoch 40/50 batch 65/66 (98%) running_loss=0.4152
train epoch 40/50 batch 66/66 (100%) running_loss=0.4158
epoch 40/50 done: train_loss=0.4158 val_loss=0.2641 val_accuracy=0.9057 val_macro_f1=0.8798 val_macro_auc=0.9862 (checkpoint_metric=macro_auc)
train epoch 41/50 batch 13/66 (20%) running_loss=0.4060
train epoch 41/50 batch 26/66 (39%) running_loss=0.3923
train epoch 41/50 batch 39/66 (59%) running_loss=0.3974
train epoch 41/50 batch 52/66 (79%) running_loss=0.3959
train epoch 41/50 batch 65/66 (98%) running_loss=0.3970
train epoch 41/50 batch 66/66 (100%) running_loss=0.3989
epoch 41/50 done: train_loss=0.3989 val_loss=0.2304 val_accuracy=0.9242 val_macro_f1=0.9001 val_macro_auc=0.9883 (checkpoint_metric=macro_auc)
train epoch 42/50 batch 13/66 (20%) running_loss=0.3997
train epoch 42/50 batch 26/66 (39%) running_loss=0.4012
train epoch 42/50 batch 39/66 (59%) running_loss=0.4075
train epoch 42/50 batch 52/66 (79%) running_loss=0.4170
train epoch 42/50 batch 65/66 (98%) running_loss=0.4159
train epoch 42/50 batch 66/66 (100%) running_loss=0.4159
epoch 42/50 done: train_loss=0.4159 val_loss=0.2575 val_accuracy=0.9057 val_macro_f1=0.8806 val_macro_auc=0.9865 (checkpoint_metric=macro_auc)
train epoch 43/50 batch 13/66 (20%) running_loss=0.3926
train epoch 43/50 batch 26/66 (39%) running_loss=0.3821
train epoch 43/50 batch 39/66 (59%) running_loss=0.3918
train epoch 43/50 batch 52/66 (79%) running_loss=0.3975
train epoch 43/50 batch 65/66 (98%) running_loss=0.3969
train epoch 43/50 batch 66/66 (100%) running_loss=0.4003
epoch 43/50 done: train_loss=0.4003 val_loss=0.2342 val_accuracy=0.9262 val_macro_f1=0.9024 val_macro_auc=0.9876 (checkpoint_metric=macro_auc) [new best]
train epoch 44/50 batch 13/66 (20%) running_loss=0.3822
train epoch 44/50 batch 26/66 (39%) running_loss=0.3899
train epoch 44/50 batch 39/66 (59%) running_loss=0.3912
train epoch 44/50 batch 52/66 (79%) running_loss=0.3967
train epoch 44/50 batch 65/66 (98%) running_loss=0.4001
train epoch 44/50 batch 66/66 (100%) running_loss=0.4010
epoch 44/50 done: train_loss=0.4010 val_loss=0.2428 val_accuracy=0.9242 val_macro_f1=0.8995 val_macro_auc=0.9868 (checkpoint_metric=macro_auc)
train epoch 45/50 batch 13/66 (20%) running_loss=0.4189
train epoch 45/50 batch 26/66 (39%) running_loss=0.4148
train epoch 45/50 batch 39/66 (59%) running_loss=0.4148
train epoch 45/50 batch 52/66 (79%) running_loss=0.4080
train epoch 45/50 batch 65/66 (98%) running_loss=0.4025
train epoch 45/50 batch 66/66 (100%) running_loss=0.4045
epoch 45/50 done: train_loss=0.4045 val_loss=0.2565 val_accuracy=0.9098 val_macro_f1=0.8841 val_macro_auc=0.9855 (checkpoint_metric=macro_auc)
train epoch 46/50 batch 13/66 (20%) running_loss=0.4096
train epoch 46/50 batch 26/66 (39%) running_loss=0.4129
train epoch 46/50 batch 39/66 (59%) running_loss=0.4026
train epoch 46/50 batch 52/66 (79%) running_loss=0.4069
train epoch 46/50 batch 65/66 (98%) running_loss=0.4022
train epoch 46/50 batch 66/66 (100%) running_loss=0.4015
epoch 46/50 done: train_loss=0.4015 val_loss=0.2477 val_accuracy=0.9160 val_macro_f1=0.8910 val_macro_auc=0.9870 (checkpoint_metric=macro_auc)
train epoch 47/50 batch 13/66 (20%) running_loss=0.3888
train epoch 47/50 batch 26/66 (39%) running_loss=0.4033
train epoch 47/50 batch 39/66 (59%) running_loss=0.3993
train epoch 47/50 batch 52/66 (79%) running_loss=0.4025
train epoch 47/50 batch 65/66 (98%) running_loss=0.4018
train epoch 47/50 batch 66/66 (100%) running_loss=0.4021
epoch 47/50 done: train_loss=0.4021 val_loss=0.2472 val_accuracy=0.9201 val_macro_f1=0.8940 val_macro_auc=0.9860 (checkpoint_metric=macro_auc)
train epoch 48/50 batch 13/66 (20%) running_loss=0.4197
train epoch 48/50 batch 26/66 (39%) running_loss=0.3966
train epoch 48/50 batch 39/66 (59%) running_loss=0.4121
train epoch 48/50 batch 52/66 (79%) running_loss=0.4142
train epoch 48/50 batch 65/66 (98%) running_loss=0.4092
train epoch 48/50 batch 66/66 (100%) running_loss=0.4084
epoch 48/50 done: train_loss=0.4084 val_loss=0.2513 val_accuracy=0.9098 val_macro_f1=0.8844 val_macro_auc=0.9867 (checkpoint_metric=macro_auc)
train epoch 49/50 batch 13/66 (20%) running_loss=0.3876
train epoch 49/50 batch 26/66 (39%) running_loss=0.3958
train epoch 49/50 batch 39/66 (59%) running_loss=0.3898
train epoch 49/50 batch 52/66 (79%) running_loss=0.3947
train epoch 49/50 batch 65/66 (98%) running_loss=0.4015
train epoch 49/50 batch 66/66 (100%) running_loss=0.4032
epoch 49/50 done: train_loss=0.4032 val_loss=0.2477 val_accuracy=0.9119 val_macro_f1=0.8866 val_macro_auc=0.9870 (checkpoint_metric=macro_auc)
train epoch 50/50 batch 13/66 (20%) running_loss=0.3927
train epoch 50/50 batch 26/66 (39%) running_loss=0.3890
train epoch 50/50 batch 39/66 (59%) running_loss=0.3997
train epoch 50/50 batch 52/66 (79%) running_loss=0.4018
train epoch 50/50 batch 65/66 (98%) running_loss=0.3999
train epoch 50/50 batch 66/66 (100%) running_loss=0.3991
epoch 50/50 done: train_loss=0.3991 val_loss=0.2676 val_accuracy=0.8955 val_macro_f1=0.8709 val_macro_auc=0.9867 (checkpoint_metric=macro_auc)
Training finished. Best epoch=43, smoothed macro_auc=0.9875 (window=3)
Test set evaluated once: accuracy=0.8966 macro_f1=0.8838 macro_auc=0.9617
Model size: 52.86M params, 1.008 GFLOPs at 96x96

Best epoch: 43
Test accuracy:  0.8966
Test macro F1:  0.8838
Test macro AUC: 0.9617
Model size: 52.86M params, 1.008 GFLOPs
