2026-09-17 18:12:10,917 INFO Starting baseline training: model=vgg16 device=cuda amp=True image_size=96 epochs=50 lr=0.001 optimizer=sgd
2026-09-17 18:12:11,171 INFO Dataset ready: 3 classes, 2102 train / 488 val samples (split reused from outputs/baseline_vgg16_96_fixed_s2/split_indices.json)
2026-09-17 18:12:11,172 INFO Augmentation policy: legacy fixed ops ('brightness', 'rotation'), from outputs/fixedda_run/augmentation_run/selected_legacy_policy.json
2026-09-17 18:12:12,918 INFO Classes: {'glioma_tumor': 0, 'meningioma_tumor': 1, 'pituitary_tumor': 2}
2026-09-17 18:12:12,918 INFO Regularization: weight_decay=7.0e-04 label_smoothing=0.10 grad_clip_norm=5.0
2026-09-17 18:12:14,815 INFO train epoch 1/50 batch 13/66 (20%) running_loss=1.2905
2026-09-17 18:12:15,714 INFO train epoch 1/50 batch 26/66 (39%) running_loss=1.1075
2026-09-17 18:12:16,611 INFO train epoch 1/50 batch 39/66 (59%) running_loss=1.0152
2026-09-17 18:12:17,506 INFO train epoch 1/50 batch 52/66 (79%) running_loss=0.9378
2026-09-17 18:12:18,401 INFO train epoch 1/50 batch 65/66 (98%) running_loss=0.8818
2026-09-17 18:12:18,559 INFO train epoch 1/50 batch 66/66 (100%) running_loss=0.8794
2026-09-17 18:12:20,725 INFO epoch 1/50 done: train_loss=0.8794 val_loss=0.5310 val_accuracy=0.8217 val_macro_f1=0.7779 val_macro_auc=0.9401 (checkpoint_metric=macro_auc) [new best]
2026-09-17 18:12:21,948 INFO train epoch 2/50 batch 13/66 (20%) running_loss=0.6235
2026-09-17 18:12:22,844 INFO train epoch 2/50 batch 26/66 (39%) running_loss=0.6078
2026-09-17 18:12:23,743 INFO train epoch 2/50 batch 39/66 (59%) running_loss=0.6004
2026-09-17 18:12:24,640 INFO train epoch 2/50 batch 52/66 (79%) running_loss=0.6003
2026-09-17 18:12:25,537 INFO train epoch 2/50 batch 65/66 (98%) running_loss=0.5912
2026-09-17 18:12:25,597 INFO train epoch 2/50 batch 66/66 (100%) running_loss=0.5899
2026-09-17 18:12:30,609 INFO epoch 2/50 done: train_loss=0.5899 val_loss=0.3253 val_accuracy=0.8832 val_macro_f1=0.8466 val_macro_auc=0.9751 (checkpoint_metric=macro_auc) [new best]
2026-09-17 18:12:31,856 INFO train epoch 3/50 batch 13/66 (20%) running_loss=0.5264
2026-09-17 18:12:32,757 INFO train epoch 3/50 batch 26/66 (39%) running_loss=0.5128
2026-09-17 18:12:33,656 INFO train epoch 3/50 batch 39/66 (59%) running_loss=0.5002
2026-09-17 18:12:34,557 INFO train epoch 3/50 batch 52/66 (79%) running_loss=0.5052
2026-09-17 18:12:35,456 INFO train epoch 3/50 batch 65/66 (98%) running_loss=0.4999
2026-09-17 18:12:35,518 INFO train epoch 3/50 batch 66/66 (100%) running_loss=0.4982
2026-09-17 18:12:40,207 INFO epoch 3/50 done: train_loss=0.4982 val_loss=0.2581 val_accuracy=0.8893 val_macro_f1=0.8509 val_macro_auc=0.9833 (checkpoint_metric=macro_auc) [new best]
2026-09-17 18:12:41,449 INFO train epoch 4/50 batch 13/66 (20%) running_loss=0.5071
2026-09-17 18:12:42,365 INFO train epoch 4/50 batch 26/66 (39%) running_loss=0.4776
2026-09-17 18:12:43,271 INFO train epoch 4/50 batch 39/66 (59%) running_loss=0.4763
2026-09-17 18:12:44,170 INFO train epoch 4/50 batch 52/66 (79%) running_loss=0.4719
2026-09-17 18:12:45,068 INFO train epoch 4/50 batch 65/66 (98%) running_loss=0.4632
2026-09-17 18:12:45,129 INFO train epoch 4/50 batch 66/66 (100%) running_loss=0.4642
2026-09-17 18:12:49,706 INFO epoch 4/50 done: train_loss=0.4642 val_loss=0.2720 val_accuracy=0.9160 val_macro_f1=0.8856 val_macro_auc=0.9859 (checkpoint_metric=macro_auc) [new best]
2026-09-17 18:12:50,945 INFO train epoch 5/50 batch 13/66 (20%) running_loss=0.4114
2026-09-17 18:12:51,895 INFO train epoch 5/50 batch 26/66 (39%) running_loss=0.4224
2026-09-17 18:12:52,801 INFO train epoch 5/50 batch 39/66 (59%) running_loss=0.4178
2026-09-17 18:12:53,703 INFO train epoch 5/50 batch 52/66 (79%) running_loss=0.4082
2026-09-17 18:12:54,602 INFO train epoch 5/50 batch 65/66 (98%) running_loss=0.4053
2026-09-17 18:12:54,663 INFO train epoch 5/50 batch 66/66 (100%) running_loss=0.4051
2026-09-17 18:12:59,381 INFO epoch 5/50 done: train_loss=0.4051 val_loss=0.2337 val_accuracy=0.9180 val_macro_f1=0.8913 val_macro_auc=0.9901 (checkpoint_metric=macro_auc) [new best]
2026-09-17 18:13:00,626 INFO train epoch 6/50 batch 13/66 (20%) running_loss=0.3694
2026-09-17 18:13:01,526 INFO train epoch 6/50 batch 26/66 (39%) running_loss=0.3825
2026-09-17 18:13:02,426 INFO train epoch 6/50 batch 39/66 (59%) running_loss=0.3837
2026-09-17 18:13:03,329 INFO train epoch 6/50 batch 52/66 (79%) running_loss=0.3854
2026-09-17 18:13:04,228 INFO train epoch 6/50 batch 65/66 (98%) running_loss=0.3823
2026-09-17 18:13:04,290 INFO train epoch 6/50 batch 66/66 (100%) running_loss=0.3816
2026-09-17 18:13:08,841 INFO epoch 6/50 done: train_loss=0.3816 val_loss=0.2322 val_accuracy=0.9324 val_macro_f1=0.9040 val_macro_auc=0.9874 (checkpoint_metric=macro_auc) [new best]
2026-09-17 18:13:10,095 INFO train epoch 7/50 batch 13/66 (20%) running_loss=0.3671
2026-09-17 18:13:10,994 INFO train epoch 7/50 batch 26/66 (39%) running_loss=0.3655
2026-09-17 18:13:11,895 INFO train epoch 7/50 batch 39/66 (59%) running_loss=0.3666
2026-09-17 18:13:12,799 INFO train epoch 7/50 batch 52/66 (79%) running_loss=0.3631
2026-09-17 18:13:13,697 INFO train epoch 7/50 batch 65/66 (98%) running_loss=0.3644
2026-09-17 18:13:13,757 INFO train epoch 7/50 batch 66/66 (100%) running_loss=0.3641
2026-09-17 18:13:18,748 INFO epoch 7/50 done: train_loss=0.3641 val_loss=0.2007 val_accuracy=0.9467 val_macro_f1=0.9206 val_macro_auc=0.9917 (checkpoint_metric=macro_auc) [new best]
2026-09-17 18:13:19,983 INFO train epoch 8/50 batch 13/66 (20%) running_loss=0.3692
2026-09-17 18:13:20,879 INFO train epoch 8/50 batch 26/66 (39%) running_loss=0.3675
2026-09-17 18:13:21,775 INFO train epoch 8/50 batch 39/66 (59%) running_loss=0.3644
2026-09-17 18:13:22,675 INFO train epoch 8/50 batch 52/66 (79%) running_loss=0.3612
2026-09-17 18:13:23,573 INFO train epoch 8/50 batch 65/66 (98%) running_loss=0.3592
2026-09-17 18:13:23,634 INFO train epoch 8/50 batch 66/66 (100%) running_loss=0.3589
2026-09-17 18:13:28,359 INFO epoch 8/50 done: train_loss=0.3589 val_loss=0.1990 val_accuracy=0.9447 val_macro_f1=0.9159 val_macro_auc=0.9906 (checkpoint_metric=macro_auc) [new best]
2026-09-17 18:13:29,597 INFO train epoch 9/50 batch 13/66 (20%) running_loss=0.3498
2026-09-17 18:13:30,497 INFO train epoch 9/50 batch 26/66 (39%) running_loss=0.3429
2026-09-17 18:13:31,396 INFO train epoch 9/50 batch 39/66 (59%) running_loss=0.3468
2026-09-17 18:13:32,295 INFO train epoch 9/50 batch 52/66 (79%) running_loss=0.3433
2026-09-17 18:13:33,194 INFO train epoch 9/50 batch 65/66 (98%) running_loss=0.3431
2026-09-17 18:13:33,255 INFO train epoch 9/50 batch 66/66 (100%) running_loss=0.3430
2026-09-17 18:13:34,324 INFO epoch 9/50 done: train_loss=0.3430 val_loss=0.3465 val_accuracy=0.8852 val_macro_f1=0.8596 val_macro_auc=0.9839 (checkpoint_metric=macro_auc)
2026-09-17 18:13:35,575 INFO train epoch 10/50 batch 13/66 (20%) running_loss=0.3375
2026-09-17 18:13:36,475 INFO train epoch 10/50 batch 26/66 (39%) running_loss=0.3335
2026-09-17 18:13:37,375 INFO train epoch 10/50 batch 39/66 (59%) running_loss=0.3331
2026-09-17 18:13:38,276 INFO train epoch 10/50 batch 52/66 (79%) running_loss=0.3326
2026-09-17 18:13:39,177 INFO train epoch 10/50 batch 65/66 (98%) running_loss=0.3320
2026-09-17 18:13:39,238 INFO train epoch 10/50 batch 66/66 (100%) running_loss=0.3318
2026-09-17 18:13:40,258 INFO epoch 10/50 done: train_loss=0.3318 val_loss=0.2932 val_accuracy=0.9037 val_macro_f1=0.8799 val_macro_auc=0.9886 (checkpoint_metric=macro_auc)
2026-09-17 18:13:41,490 INFO train epoch 11/50 batch 13/66 (20%) running_loss=0.3239
2026-09-17 18:13:42,392 INFO train epoch 11/50 batch 26/66 (39%) running_loss=0.3266
2026-09-17 18:13:43,288 INFO train epoch 11/50 batch 39/66 (59%) running_loss=0.3286
2026-09-17 18:13:44,192 INFO train epoch 11/50 batch 52/66 (79%) running_loss=0.3329
2026-09-17 18:13:45,094 INFO train epoch 11/50 batch 65/66 (98%) running_loss=0.3329
2026-09-17 18:13:45,155 INFO train epoch 11/50 batch 66/66 (100%) running_loss=0.3328
2026-09-17 18:13:46,197 INFO epoch 11/50 done: train_loss=0.3328 val_loss=0.2247 val_accuracy=0.9221 val_macro_f1=0.8936 val_macro_auc=0.9907 (checkpoint_metric=macro_auc)
2026-09-17 18:13:47,417 INFO train epoch 12/50 batch 13/66 (20%) running_loss=0.3289
2026-09-17 18:13:48,317 INFO train epoch 12/50 batch 26/66 (39%) running_loss=0.3304
2026-09-17 18:13:49,218 INFO train epoch 12/50 batch 39/66 (59%) running_loss=0.3277
2026-09-17 18:13:50,116 INFO train epoch 12/50 batch 52/66 (79%) running_loss=0.3245
2026-09-17 18:13:51,017 INFO train epoch 12/50 batch 65/66 (98%) running_loss=0.3231
2026-09-17 18:13:51,078 INFO train epoch 12/50 batch 66/66 (100%) running_loss=0.3230
2026-09-17 18:13:52,074 INFO epoch 12/50 done: train_loss=0.3230 val_loss=0.2239 val_accuracy=0.9365 val_macro_f1=0.9101 val_macro_auc=0.9889 (checkpoint_metric=macro_auc)
2026-09-17 18:13:53,294 INFO train epoch 13/50 batch 13/66 (20%) running_loss=0.3121
2026-09-17 18:13:54,193 INFO train epoch 13/50 batch 26/66 (39%) running_loss=0.3134
2026-09-17 18:13:55,092 INFO train epoch 13/50 batch 39/66 (59%) running_loss=0.3125
2026-09-17 18:13:55,993 INFO train epoch 13/50 batch 52/66 (79%) running_loss=0.3209
2026-09-17 18:13:56,890 INFO train epoch 13/50 batch 65/66 (98%) running_loss=0.3206
2026-09-17 18:13:56,952 INFO train epoch 13/50 batch 66/66 (100%) running_loss=0.3204
2026-09-17 18:13:58,047 INFO epoch 13/50 done: train_loss=0.3204 val_loss=0.2553 val_accuracy=0.9242 val_macro_f1=0.8957 val_macro_auc=0.9809 (checkpoint_metric=macro_auc)
2026-09-17 18:13:59,276 INFO train epoch 14/50 batch 13/66 (20%) running_loss=0.3145
2026-09-17 18:14:00,188 INFO train epoch 14/50 batch 26/66 (39%) running_loss=0.3160
2026-09-17 18:14:01,085 INFO train epoch 14/50 batch 39/66 (59%) running_loss=0.3144
2026-09-17 18:14:01,984 INFO train epoch 14/50 batch 52/66 (79%) running_loss=0.3138
2026-09-17 18:14:02,883 INFO train epoch 14/50 batch 65/66 (98%) running_loss=0.3138
2026-09-17 18:14:02,943 INFO train epoch 14/50 batch 66/66 (100%) running_loss=0.3137
2026-09-17 18:14:03,988 INFO epoch 14/50 done: train_loss=0.3137 val_loss=0.2020 val_accuracy=0.9447 val_macro_f1=0.9210 val_macro_auc=0.9901 (checkpoint_metric=macro_auc)
2026-09-17 18:14:05,216 INFO train epoch 15/50 batch 13/66 (20%) running_loss=0.3097
2026-09-17 18:14:06,115 INFO train epoch 15/50 batch 26/66 (39%) running_loss=0.3081
2026-09-17 18:14:07,013 INFO train epoch 15/50 batch 39/66 (59%) running_loss=0.3080
2026-09-17 18:14:07,915 INFO train epoch 15/50 batch 52/66 (79%) running_loss=0.3081
2026-09-17 18:14:08,815 INFO train epoch 15/50 batch 65/66 (98%) running_loss=0.3090
2026-09-17 18:14:08,875 INFO train epoch 15/50 batch 66/66 (100%) running_loss=0.3089
2026-09-17 18:14:09,901 INFO epoch 15/50 done: train_loss=0.3089 val_loss=0.2595 val_accuracy=0.9221 val_macro_f1=0.8920 val_macro_auc=0.9839 (checkpoint_metric=macro_auc)
2026-09-17 18:14:11,121 INFO train epoch 16/50 batch 13/66 (20%) running_loss=0.3058
2026-09-17 18:14:12,020 INFO train epoch 16/50 batch 26/66 (39%) running_loss=0.3059
2026-09-17 18:14:12,917 INFO train epoch 16/50 batch 39/66 (59%) running_loss=0.3066
2026-09-17 18:14:13,815 INFO train epoch 16/50 batch 52/66 (79%) running_loss=0.3068
2026-09-17 18:14:14,712 INFO train epoch 16/50 batch 65/66 (98%) running_loss=0.3077
2026-09-17 18:14:14,774 INFO train epoch 16/50 batch 66/66 (100%) running_loss=0.3079
2026-09-17 18:14:15,818 INFO epoch 16/50 done: train_loss=0.3079 val_loss=0.2171 val_accuracy=0.9426 val_macro_f1=0.9160 val_macro_auc=0.9856 (checkpoint_metric=macro_auc)
2026-09-17 18:14:17,045 INFO train epoch 17/50 batch 13/66 (20%) running_loss=0.3088
2026-09-17 18:14:17,952 INFO train epoch 17/50 batch 26/66 (39%) running_loss=0.3074
2026-09-17 18:14:18,852 INFO train epoch 17/50 batch 39/66 (59%) running_loss=0.3092
2026-09-17 18:14:19,755 INFO train epoch 17/50 batch 52/66 (79%) running_loss=0.3085
2026-09-17 18:14:20,652 INFO train epoch 17/50 batch 65/66 (98%) running_loss=0.3099
2026-09-17 18:14:20,714 INFO train epoch 17/50 batch 66/66 (100%) running_loss=0.3099
2026-09-17 18:14:21,779 INFO epoch 17/50 done: train_loss=0.3099 val_loss=0.2388 val_accuracy=0.9344 val_macro_f1=0.9085 val_macro_auc=0.9853 (checkpoint_metric=macro_auc)
2026-09-17 18:14:23,002 INFO train epoch 18/50 batch 13/66 (20%) running_loss=0.3081
2026-09-17 18:14:23,907 INFO train epoch 18/50 batch 26/66 (39%) running_loss=0.3081
2026-09-17 18:14:24,806 INFO train epoch 18/50 batch 39/66 (59%) running_loss=0.3074
2026-09-17 18:14:25,705 INFO train epoch 18/50 batch 52/66 (79%) running_loss=0.3081
2026-09-17 18:14:26,602 INFO train epoch 18/50 batch 65/66 (98%) running_loss=0.3077
2026-09-17 18:14:26,663 INFO train epoch 18/50 batch 66/66 (100%) running_loss=0.3076
2026-09-17 18:14:27,718 INFO epoch 18/50 done: train_loss=0.3076 val_loss=0.2773 val_accuracy=0.9098 val_macro_f1=0.8801 val_macro_auc=0.9828 (checkpoint_metric=macro_auc)
2026-09-17 18:14:28,951 INFO train epoch 19/50 batch 13/66 (20%) running_loss=0.3034
2026-09-17 18:14:29,848 INFO train epoch 19/50 batch 26/66 (39%) running_loss=0.3052
2026-09-17 18:14:30,747 INFO train epoch 19/50 batch 39/66 (59%) running_loss=0.3049
2026-09-17 18:14:31,644 INFO train epoch 19/50 batch 52/66 (79%) running_loss=0.3056
2026-09-17 18:14:32,543 INFO train epoch 19/50 batch 65/66 (98%) running_loss=0.3050
2026-09-17 18:14:32,604 INFO train epoch 19/50 batch 66/66 (100%) running_loss=0.3049
2026-09-17 18:14:33,609 INFO epoch 19/50 done: train_loss=0.3049 val_loss=0.2498 val_accuracy=0.9283 val_macro_f1=0.9035 val_macro_auc=0.9849 (checkpoint_metric=macro_auc)
2026-09-17 18:14:34,837 INFO train epoch 20/50 batch 13/66 (20%) running_loss=0.3028
2026-09-17 18:14:35,738 INFO train epoch 20/50 batch 26/66 (39%) running_loss=0.3034
2026-09-17 18:14:36,635 INFO train epoch 20/50 batch 39/66 (59%) running_loss=0.3035
2026-09-17 18:14:37,533 INFO train epoch 20/50 batch 52/66 (79%) running_loss=0.3041
2026-09-17 18:14:38,433 INFO train epoch 20/50 batch 65/66 (98%) running_loss=0.3038
2026-09-17 18:14:38,493 INFO train epoch 20/50 batch 66/66 (100%) running_loss=0.3038
2026-09-17 18:14:39,501 INFO epoch 20/50 done: train_loss=0.3038 val_loss=0.2351 val_accuracy=0.9385 val_macro_f1=0.9126 val_macro_auc=0.9804 (checkpoint_metric=macro_auc)
2026-09-17 18:14:40,727 INFO train epoch 21/50 batch 13/66 (20%) running_loss=0.3083
2026-09-17 18:14:41,626 INFO train epoch 21/50 batch 26/66 (39%) running_loss=0.3070
2026-09-17 18:14:42,524 INFO train epoch 21/50 batch 39/66 (59%) running_loss=0.3058
2026-09-17 18:14:43,425 INFO train epoch 21/50 batch 52/66 (79%) running_loss=0.3062
2026-09-17 18:14:44,323 INFO train epoch 21/50 batch 65/66 (98%) running_loss=0.3067
2026-09-17 18:14:44,385 INFO train epoch 21/50 batch 66/66 (100%) running_loss=0.3066
2026-09-17 18:14:45,421 INFO epoch 21/50 done: train_loss=0.3066 val_loss=0.2297 val_accuracy=0.9365 val_macro_f1=0.9102 val_macro_auc=0.9871 (checkpoint_metric=macro_auc)
2026-09-17 18:14:46,685 INFO train epoch 22/50 batch 13/66 (20%) running_loss=0.3011
2026-09-17 18:14:47,581 INFO train epoch 22/50 batch 26/66 (39%) running_loss=0.3013
2026-09-17 18:14:48,483 INFO train epoch 22/50 batch 39/66 (59%) running_loss=0.3011
2026-09-17 18:14:49,383 INFO train epoch 22/50 batch 52/66 (79%) running_loss=0.3012
2026-09-17 18:14:50,280 INFO train epoch 22/50 batch 65/66 (98%) running_loss=0.3014
2026-09-17 18:14:50,342 INFO train epoch 22/50 batch 66/66 (100%) running_loss=0.3015
2026-09-17 18:14:51,385 INFO epoch 22/50 done: train_loss=0.3015 val_loss=0.2424 val_accuracy=0.9324 val_macro_f1=0.9074 val_macro_auc=0.9848 (checkpoint_metric=macro_auc)
2026-09-17 18:14:52,622 INFO train epoch 23/50 batch 13/66 (20%) running_loss=0.3006
2026-09-17 18:14:53,524 INFO train epoch 23/50 batch 26/66 (39%) running_loss=0.3004
2026-09-17 18:14:54,423 INFO train epoch 23/50 batch 39/66 (59%) running_loss=0.3008
2026-09-17 18:14:55,321 INFO train epoch 23/50 batch 52/66 (79%) running_loss=0.3008
2026-09-17 18:14:56,217 INFO train epoch 23/50 batch 65/66 (98%) running_loss=0.3007
2026-09-17 18:14:56,277 INFO train epoch 23/50 batch 66/66 (100%) running_loss=0.3006
2026-09-17 18:14:57,317 INFO epoch 23/50 done: train_loss=0.3006 val_loss=0.2380 val_accuracy=0.9365 val_macro_f1=0.9109 val_macro_auc=0.9825 (checkpoint_metric=macro_auc)
2026-09-17 18:14:58,569 INFO train epoch 24/50 batch 13/66 (20%) running_loss=0.3007
2026-09-17 18:14:59,471 INFO train epoch 24/50 batch 26/66 (39%) running_loss=0.3009
2026-09-17 18:15:00,371 INFO train epoch 24/50 batch 39/66 (59%) running_loss=0.3012
2026-09-17 18:15:01,274 INFO train epoch 24/50 batch 52/66 (79%) running_loss=0.3010
2026-09-17 18:15:02,172 INFO train epoch 24/50 batch 65/66 (98%) running_loss=0.3014
2026-09-17 18:15:02,233 INFO train epoch 24/50 batch 66/66 (100%) running_loss=0.3014
2026-09-17 18:15:03,234 INFO epoch 24/50 done: train_loss=0.3014 val_loss=0.2623 val_accuracy=0.9242 val_macro_f1=0.8955 val_macro_auc=0.9772 (checkpoint_metric=macro_auc)
2026-09-17 18:15:04,538 INFO train epoch 25/50 batch 13/66 (20%) running_loss=0.2998
2026-09-17 18:15:05,437 INFO train epoch 25/50 batch 26/66 (39%) running_loss=0.3012
2026-09-17 18:15:06,333 INFO train epoch 25/50 batch 39/66 (59%) running_loss=0.3016
2026-09-17 18:15:07,231 INFO train epoch 25/50 batch 52/66 (79%) running_loss=0.3017
2026-09-17 18:15:08,127 INFO train epoch 25/50 batch 65/66 (98%) running_loss=0.3016
2026-09-17 18:15:08,189 INFO train epoch 25/50 batch 66/66 (100%) running_loss=0.3015
2026-09-17 18:15:09,201 INFO epoch 25/50 done: train_loss=0.3015 val_loss=0.2338 val_accuracy=0.9365 val_macro_f1=0.9109 val_macro_auc=0.9857 (checkpoint_metric=macro_auc)
2026-09-17 18:15:10,428 INFO train epoch 26/50 batch 13/66 (20%) running_loss=0.3013
2026-09-17 18:15:11,326 INFO train epoch 26/50 batch 26/66 (39%) running_loss=0.3001
2026-09-17 18:15:12,225 INFO train epoch 26/50 batch 39/66 (59%) running_loss=0.3000
2026-09-17 18:15:13,127 INFO train epoch 26/50 batch 52/66 (79%) running_loss=0.2999
2026-09-17 18:15:14,026 INFO train epoch 26/50 batch 65/66 (98%) running_loss=0.2998
2026-09-17 18:15:14,087 INFO train epoch 26/50 batch 66/66 (100%) running_loss=0.2997
2026-09-17 18:15:15,100 INFO epoch 26/50 done: train_loss=0.2997 val_loss=0.2348 val_accuracy=0.9365 val_macro_f1=0.9102 val_macro_auc=0.9844 (checkpoint_metric=macro_auc)
2026-09-17 18:15:16,324 INFO train epoch 27/50 batch 13/66 (20%) running_loss=0.2999
2026-09-17 18:15:17,219 INFO train epoch 27/50 batch 26/66 (39%) running_loss=0.2998
2026-09-17 18:15:18,119 INFO train epoch 27/50 batch 39/66 (59%) running_loss=0.2996
2026-09-17 18:15:19,019 INFO train epoch 27/50 batch 52/66 (79%) running_loss=0.2993
2026-09-17 18:15:19,914 INFO train epoch 27/50 batch 65/66 (98%) running_loss=0.2998
2026-09-17 18:15:19,976 INFO train epoch 27/50 batch 66/66 (100%) running_loss=0.2999
2026-09-17 18:15:20,994 INFO epoch 27/50 done: train_loss=0.2999 val_loss=0.2263 val_accuracy=0.9406 val_macro_f1=0.9154 val_macro_auc=0.9865 (checkpoint_metric=macro_auc)
2026-09-17 18:15:22,219 INFO train epoch 28/50 batch 13/66 (20%) running_loss=0.3001
2026-09-17 18:15:23,119 INFO train epoch 28/50 batch 26/66 (39%) running_loss=0.3001
2026-09-17 18:15:24,016 INFO train epoch 28/50 batch 39/66 (59%) running_loss=0.2999
2026-09-17 18:15:24,914 INFO train epoch 28/50 batch 52/66 (79%) running_loss=0.2998
2026-09-17 18:15:25,810 INFO train epoch 28/50 batch 65/66 (98%) running_loss=0.3005
2026-09-17 18:15:25,872 INFO train epoch 28/50 batch 66/66 (100%) running_loss=0.3005
2026-09-17 18:15:26,912 INFO epoch 28/50 done: train_loss=0.3005 val_loss=0.2571 val_accuracy=0.9262 val_macro_f1=0.8989 val_macro_auc=0.9834 (checkpoint_metric=macro_auc)
2026-09-17 18:15:28,149 INFO train epoch 29/50 batch 13/66 (20%) running_loss=0.2993
2026-09-17 18:15:29,049 INFO train epoch 29/50 batch 26/66 (39%) running_loss=0.2989
2026-09-17 18:15:29,947 INFO train epoch 29/50 batch 39/66 (59%) running_loss=0.2992
2026-09-17 18:15:30,845 INFO train epoch 29/50 batch 52/66 (79%) running_loss=0.2988
2026-09-17 18:15:31,739 INFO train epoch 29/50 batch 65/66 (98%) running_loss=0.2987
2026-09-17 18:15:31,801 INFO train epoch 29/50 batch 66/66 (100%) running_loss=0.2987
2026-09-17 18:15:32,866 INFO epoch 29/50 done: train_loss=0.2987 val_loss=0.2472 val_accuracy=0.9344 val_macro_f1=0.9075 val_macro_auc=0.9845 (checkpoint_metric=macro_auc)
2026-09-17 18:15:34,084 INFO train epoch 30/50 batch 13/66 (20%) running_loss=0.2988
2026-09-17 18:15:34,985 INFO train epoch 30/50 batch 26/66 (39%) running_loss=0.2986
2026-09-17 18:15:35,885 INFO train epoch 30/50 batch 39/66 (59%) running_loss=0.2995
2026-09-17 18:15:36,783 INFO train epoch 30/50 batch 52/66 (79%) running_loss=0.2995
2026-09-17 18:15:37,678 INFO train epoch 30/50 batch 65/66 (98%) running_loss=0.2996
2026-09-17 18:15:37,740 INFO train epoch 30/50 batch 66/66 (100%) running_loss=0.2996
2026-09-17 18:15:38,787 INFO epoch 30/50 done: train_loss=0.2996 val_loss=0.2345 val_accuracy=0.9344 val_macro_f1=0.9085 val_macro_auc=0.9866 (checkpoint_metric=macro_auc)
2026-09-17 18:15:40,019 INFO train epoch 31/50 batch 13/66 (20%) running_loss=0.2987
2026-09-17 18:15:40,916 INFO train epoch 31/50 batch 26/66 (39%) running_loss=0.2997
2026-09-17 18:15:41,814 INFO train epoch 31/50 batch 39/66 (59%) running_loss=0.2996
2026-09-17 18:15:42,712 INFO train epoch 31/50 batch 52/66 (79%) running_loss=0.2994
2026-09-17 18:15:43,610 INFO train epoch 31/50 batch 65/66 (98%) running_loss=0.2991
2026-09-17 18:15:43,672 INFO train epoch 31/50 batch 66/66 (100%) running_loss=0.2991
2026-09-17 18:15:44,682 INFO epoch 31/50 done: train_loss=0.2991 val_loss=0.2434 val_accuracy=0.9303 val_macro_f1=0.9028 val_macro_auc=0.9864 (checkpoint_metric=macro_auc)
2026-09-17 18:15:45,943 INFO train epoch 32/50 batch 13/66 (20%) running_loss=0.2992
2026-09-17 18:15:46,847 INFO train epoch 32/50 batch 26/66 (39%) running_loss=0.2989
2026-09-17 18:15:47,747 INFO train epoch 32/50 batch 39/66 (59%) running_loss=0.2994
2026-09-17 18:15:48,646 INFO train epoch 32/50 batch 52/66 (79%) running_loss=0.2992
2026-09-17 18:15:49,545 INFO train epoch 32/50 batch 65/66 (98%) running_loss=0.2990
2026-09-17 18:15:49,606 INFO train epoch 32/50 batch 66/66 (100%) running_loss=0.2990
2026-09-17 18:15:50,630 INFO epoch 32/50 done: train_loss=0.2990 val_loss=0.2460 val_accuracy=0.9344 val_macro_f1=0.9075 val_macro_auc=0.9847 (checkpoint_metric=macro_auc)
2026-09-17 18:15:51,902 INFO train epoch 33/50 batch 13/66 (20%) running_loss=0.2984
2026-09-17 18:15:52,799 INFO train epoch 33/50 batch 26/66 (39%) running_loss=0.2981
2026-09-17 18:15:53,697 INFO train epoch 33/50 batch 39/66 (59%) running_loss=0.2982
2026-09-17 18:15:54,596 INFO train epoch 33/50 batch 52/66 (79%) running_loss=0.2985
2026-09-17 18:15:55,492 INFO train epoch 33/50 batch 65/66 (98%) running_loss=0.2988
2026-09-17 18:15:55,554 INFO train epoch 33/50 batch 66/66 (100%) running_loss=0.2987
2026-09-17 18:15:56,636 INFO epoch 33/50 done: train_loss=0.2987 val_loss=0.2311 val_accuracy=0.9385 val_macro_f1=0.9133 val_macro_auc=0.9865 (checkpoint_metric=macro_auc)
2026-09-17 18:15:57,863 INFO train epoch 34/50 batch 13/66 (20%) running_loss=0.2982
2026-09-17 18:15:58,767 INFO train epoch 34/50 batch 26/66 (39%) running_loss=0.2991
2026-09-17 18:15:59,670 INFO train epoch 34/50 batch 39/66 (59%) running_loss=0.2987
2026-09-17 18:16:00,569 INFO train epoch 34/50 batch 52/66 (79%) running_loss=0.2987
2026-09-17 18:16:01,466 INFO train epoch 34/50 batch 65/66 (98%) running_loss=0.2986
2026-09-17 18:16:01,528 INFO train epoch 34/50 batch 66/66 (100%) running_loss=0.2986
2026-09-17 18:16:02,557 INFO epoch 34/50 done: train_loss=0.2986 val_loss=0.2434 val_accuracy=0.9385 val_macro_f1=0.9133 val_macro_auc=0.9837 (checkpoint_metric=macro_auc)
2026-09-17 18:16:03,785 INFO train epoch 35/50 batch 13/66 (20%) running_loss=0.2993
2026-09-17 18:16:04,687 INFO train epoch 35/50 batch 26/66 (39%) running_loss=0.2986
2026-09-17 18:16:05,588 INFO train epoch 35/50 batch 39/66 (59%) running_loss=0.2986
2026-09-17 18:16:06,486 INFO train epoch 35/50 batch 52/66 (79%) running_loss=0.2988
2026-09-17 18:16:07,381 INFO train epoch 35/50 batch 65/66 (98%) running_loss=0.2988
2026-09-17 18:16:07,441 INFO train epoch 35/50 batch 66/66 (100%) running_loss=0.2988
2026-09-17 18:16:08,523 INFO epoch 35/50 done: train_loss=0.2988 val_loss=0.2477 val_accuracy=0.9365 val_macro_f1=0.9099 val_macro_auc=0.9837 (checkpoint_metric=macro_auc)
2026-09-17 18:16:09,751 INFO train epoch 36/50 batch 13/66 (20%) running_loss=0.3000
2026-09-17 18:16:10,654 INFO train epoch 36/50 batch 26/66 (39%) running_loss=0.2998
2026-09-17 18:16:11,553 INFO train epoch 36/50 batch 39/66 (59%) running_loss=0.2995
2026-09-17 18:16:12,449 INFO train epoch 36/50 batch 52/66 (79%) running_loss=0.2996
2026-09-17 18:16:13,347 INFO train epoch 36/50 batch 65/66 (98%) running_loss=0.2992
2026-09-17 18:16:13,408 INFO train epoch 36/50 batch 66/66 (100%) running_loss=0.2992
2026-09-17 18:16:14,417 INFO epoch 36/50 done: train_loss=0.2992 val_loss=0.2426 val_accuracy=0.9365 val_macro_f1=0.9106 val_macro_auc=0.9865 (checkpoint_metric=macro_auc)
2026-09-17 18:16:15,661 INFO train epoch 37/50 batch 13/66 (20%) running_loss=0.2984
2026-09-17 18:16:16,557 INFO train epoch 37/50 batch 26/66 (39%) running_loss=0.2983
2026-09-17 18:16:17,459 INFO train epoch 37/50 batch 39/66 (59%) running_loss=0.2985
2026-09-17 18:16:18,362 INFO train epoch 37/50 batch 52/66 (79%) running_loss=0.2986
2026-09-17 18:16:19,258 INFO train epoch 37/50 batch 65/66 (98%) running_loss=0.2985
2026-09-17 18:16:19,319 INFO train epoch 37/50 batch 66/66 (100%) running_loss=0.2985
2026-09-17 18:16:20,363 INFO epoch 37/50 done: train_loss=0.2985 val_loss=0.2397 val_accuracy=0.9365 val_macro_f1=0.9099 val_macro_auc=0.9859 (checkpoint_metric=macro_auc)
2026-09-17 18:16:21,595 INFO train epoch 38/50 batch 13/66 (20%) running_loss=0.2994
2026-09-17 18:16:22,495 INFO train epoch 38/50 batch 26/66 (39%) running_loss=0.2996
2026-09-17 18:16:23,392 INFO train epoch 38/50 batch 39/66 (59%) running_loss=0.2990
2026-09-17 18:16:24,289 INFO train epoch 38/50 batch 52/66 (79%) running_loss=0.2988
2026-09-17 18:16:25,183 INFO train epoch 38/50 batch 65/66 (98%) running_loss=0.2985
2026-09-17 18:16:25,245 INFO train epoch 38/50 batch 66/66 (100%) running_loss=0.2985
2026-09-17 18:16:26,314 INFO epoch 38/50 done: train_loss=0.2985 val_loss=0.2404 val_accuracy=0.9344 val_macro_f1=0.9082 val_macro_auc=0.9866 (checkpoint_metric=macro_auc)
2026-09-17 18:16:27,607 INFO train epoch 39/50 batch 13/66 (20%) running_loss=0.2980
2026-09-17 18:16:28,511 INFO train epoch 39/50 batch 26/66 (39%) running_loss=0.2985
2026-09-17 18:16:29,409 INFO train epoch 39/50 batch 39/66 (59%) running_loss=0.2983
2026-09-17 18:16:30,308 INFO train epoch 39/50 batch 52/66 (79%) running_loss=0.2983
2026-09-17 18:16:31,201 INFO train epoch 39/50 batch 65/66 (98%) running_loss=0.2985
2026-09-17 18:16:31,263 INFO train epoch 39/50 batch 66/66 (100%) running_loss=0.2984
2026-09-17 18:16:32,309 INFO epoch 39/50 done: train_loss=0.2984 val_loss=0.2479 val_accuracy=0.9365 val_macro_f1=0.9099 val_macro_auc=0.9831 (checkpoint_metric=macro_auc)
2026-09-17 18:16:33,559 INFO train epoch 40/50 batch 13/66 (20%) running_loss=0.2978
2026-09-17 18:16:34,457 INFO train epoch 40/50 batch 26/66 (39%) running_loss=0.2977
2026-09-17 18:16:35,357 INFO train epoch 40/50 batch 39/66 (59%) running_loss=0.2984
2026-09-17 18:16:36,254 INFO train epoch 40/50 batch 52/66 (79%) running_loss=0.2983
2026-09-17 18:16:37,150 INFO train epoch 40/50 batch 65/66 (98%) running_loss=0.2985
2026-09-17 18:16:37,210 INFO train epoch 40/50 batch 66/66 (100%) running_loss=0.2985
2026-09-17 18:16:38,287 INFO epoch 40/50 done: train_loss=0.2985 val_loss=0.2451 val_accuracy=0.9365 val_macro_f1=0.9099 val_macro_auc=0.9845 (checkpoint_metric=macro_auc)
2026-09-17 18:16:39,521 INFO train epoch 41/50 batch 13/66 (20%) running_loss=0.2996
2026-09-17 18:16:40,418 INFO train epoch 41/50 batch 26/66 (39%) running_loss=0.2988
2026-09-17 18:16:41,318 INFO train epoch 41/50 batch 39/66 (59%) running_loss=0.2989
2026-09-17 18:16:42,218 INFO train epoch 41/50 batch 52/66 (79%) running_loss=0.2989
2026-09-17 18:16:43,117 INFO train epoch 41/50 batch 65/66 (98%) running_loss=0.2989
2026-09-17 18:16:43,178 INFO train epoch 41/50 batch 66/66 (100%) running_loss=0.2989
2026-09-17 18:16:44,229 INFO epoch 41/50 done: train_loss=0.2989 val_loss=0.2491 val_accuracy=0.9365 val_macro_f1=0.9099 val_macro_auc=0.9829 (checkpoint_metric=macro_auc)
2026-09-17 18:16:45,453 INFO train epoch 42/50 batch 13/66 (20%) running_loss=0.2982
2026-09-17 18:16:46,358 INFO train epoch 42/50 batch 26/66 (39%) running_loss=0.2980
2026-09-17 18:16:47,255 INFO train epoch 42/50 batch 39/66 (59%) running_loss=0.2982
2026-09-17 18:16:48,154 INFO train epoch 42/50 batch 52/66 (79%) running_loss=0.2982
2026-09-17 18:16:49,050 INFO train epoch 42/50 batch 65/66 (98%) running_loss=0.2981
2026-09-17 18:16:49,112 INFO train epoch 42/50 batch 66/66 (100%) running_loss=0.2981
2026-09-17 18:16:50,209 INFO epoch 42/50 done: train_loss=0.2981 val_loss=0.2511 val_accuracy=0.9365 val_macro_f1=0.9099 val_macro_auc=0.9827 (checkpoint_metric=macro_auc)
2026-09-17 18:16:51,435 INFO train epoch 43/50 batch 13/66 (20%) running_loss=0.2985
2026-09-17 18:16:52,336 INFO train epoch 43/50 batch 26/66 (39%) running_loss=0.2985
2026-09-17 18:16:53,235 INFO train epoch 43/50 batch 39/66 (59%) running_loss=0.2985
2026-09-17 18:16:54,134 INFO train epoch 43/50 batch 52/66 (79%) running_loss=0.2983
2026-09-17 18:16:55,031 INFO train epoch 43/50 batch 65/66 (98%) running_loss=0.2983
2026-09-17 18:16:55,093 INFO train epoch 43/50 batch 66/66 (100%) running_loss=0.2983
2026-09-17 18:16:56,123 INFO epoch 43/50 done: train_loss=0.2983 val_loss=0.2481 val_accuracy=0.9365 val_macro_f1=0.9099 val_macro_auc=0.9840 (checkpoint_metric=macro_auc)
2026-09-17 18:16:57,349 INFO train epoch 44/50 batch 13/66 (20%) running_loss=0.2976
2026-09-17 18:16:58,257 INFO train epoch 44/50 batch 26/66 (39%) running_loss=0.2977
2026-09-17 18:16:59,158 INFO train epoch 44/50 batch 39/66 (59%) running_loss=0.2982
2026-09-17 18:17:00,058 INFO train epoch 44/50 batch 52/66 (79%) running_loss=0.2984
2026-09-17 18:17:00,955 INFO train epoch 44/50 batch 65/66 (98%) running_loss=0.2985
2026-09-17 18:17:01,016 INFO train epoch 44/50 batch 66/66 (100%) running_loss=0.2985
2026-09-17 18:17:02,094 INFO epoch 44/50 done: train_loss=0.2985 val_loss=0.2519 val_accuracy=0.9283 val_macro_f1=0.9012 val_macro_auc=0.9841 (checkpoint_metric=macro_auc)
2026-09-17 18:17:03,319 INFO train epoch 45/50 batch 13/66 (20%) running_loss=0.2988
2026-09-17 18:17:04,223 INFO train epoch 45/50 batch 26/66 (39%) running_loss=0.2984
2026-09-17 18:17:05,120 INFO train epoch 45/50 batch 39/66 (59%) running_loss=0.2983
2026-09-17 18:17:06,021 INFO train epoch 45/50 batch 52/66 (79%) running_loss=0.2982
2026-09-17 18:17:06,916 INFO train epoch 45/50 batch 65/66 (98%) running_loss=0.2980
2026-09-17 18:17:06,977 INFO train epoch 45/50 batch 66/66 (100%) running_loss=0.2981
2026-09-17 18:17:08,014 INFO epoch 45/50 done: train_loss=0.2981 val_loss=0.2529 val_accuracy=0.9303 val_macro_f1=0.9035 val_macro_auc=0.9833 (checkpoint_metric=macro_auc)
2026-09-17 18:17:09,233 INFO train epoch 46/50 batch 13/66 (20%) running_loss=0.2997
2026-09-17 18:17:10,131 INFO train epoch 46/50 batch 26/66 (39%) running_loss=0.2984
2026-09-17 18:17:11,028 INFO train epoch 46/50 batch 39/66 (59%) running_loss=0.2982
2026-09-17 18:17:11,933 INFO train epoch 46/50 batch 52/66 (79%) running_loss=0.2983
2026-09-17 18:17:12,830 INFO train epoch 46/50 batch 65/66 (98%) running_loss=0.2984
2026-09-17 18:17:12,892 INFO train epoch 46/50 batch 66/66 (100%) running_loss=0.2983
2026-09-17 18:17:13,897 INFO epoch 46/50 done: train_loss=0.2983 val_loss=0.2496 val_accuracy=0.9303 val_macro_f1=0.9035 val_macro_auc=0.9840 (checkpoint_metric=macro_auc)
2026-09-17 18:17:15,129 INFO train epoch 47/50 batch 13/66 (20%) running_loss=0.2972
2026-09-17 18:17:16,063 INFO train epoch 47/50 batch 26/66 (39%) running_loss=0.2974
2026-09-17 18:17:16,967 INFO train epoch 47/50 batch 39/66 (59%) running_loss=0.2975
2026-09-17 18:17:17,865 INFO train epoch 47/50 batch 52/66 (79%) running_loss=0.2979
2026-09-17 18:17:18,763 INFO train epoch 47/50 batch 65/66 (98%) running_loss=0.2979
2026-09-17 18:17:18,825 INFO train epoch 47/50 batch 66/66 (100%) running_loss=0.2980
2026-09-17 18:17:19,895 INFO epoch 47/50 done: train_loss=0.2980 val_loss=0.2495 val_accuracy=0.9303 val_macro_f1=0.9035 val_macro_auc=0.9841 (checkpoint_metric=macro_auc)
2026-09-17 18:17:21,131 INFO train epoch 48/50 batch 13/66 (20%) running_loss=0.2980
2026-09-17 18:17:22,032 INFO train epoch 48/50 batch 26/66 (39%) running_loss=0.2985
2026-09-17 18:17:22,930 INFO train epoch 48/50 batch 39/66 (59%) running_loss=0.2983
2026-09-17 18:17:23,833 INFO train epoch 48/50 batch 52/66 (79%) running_loss=0.2982
2026-09-17 18:17:24,729 INFO train epoch 48/50 batch 65/66 (98%) running_loss=0.2981
2026-09-17 18:17:24,791 INFO train epoch 48/50 batch 66/66 (100%) running_loss=0.2981
2026-09-17 18:17:25,840 INFO epoch 48/50 done: train_loss=0.2981 val_loss=0.2493 val_accuracy=0.9303 val_macro_f1=0.9035 val_macro_auc=0.9842 (checkpoint_metric=macro_auc)
2026-09-17 18:17:27,123 INFO train epoch 49/50 batch 13/66 (20%) running_loss=0.2973
2026-09-17 18:17:28,022 INFO train epoch 49/50 batch 26/66 (39%) running_loss=0.2977
2026-09-17 18:17:28,917 INFO train epoch 49/50 batch 39/66 (59%) running_loss=0.2982
2026-09-17 18:17:29,813 INFO train epoch 49/50 batch 52/66 (79%) running_loss=0.2981
2026-09-17 18:17:30,711 INFO train epoch 49/50 batch 65/66 (98%) running_loss=0.2981
2026-09-17 18:17:30,772 INFO train epoch 49/50 batch 66/66 (100%) running_loss=0.2981
2026-09-17 18:17:31,794 INFO epoch 49/50 done: train_loss=0.2981 val_loss=0.2491 val_accuracy=0.9344 val_macro_f1=0.9082 val_macro_auc=0.9842 (checkpoint_metric=macro_auc)
2026-09-17 18:17:33,058 INFO train epoch 50/50 batch 13/66 (20%) running_loss=0.2978
2026-09-17 18:17:33,958 INFO train epoch 50/50 batch 26/66 (39%) running_loss=0.2990
2026-09-17 18:17:34,859 INFO train epoch 50/50 batch 39/66 (59%) running_loss=0.2988
2026-09-17 18:17:35,758 INFO train epoch 50/50 batch 52/66 (79%) running_loss=0.2984
2026-09-17 18:17:36,657 INFO train epoch 50/50 batch 65/66 (98%) running_loss=0.2984
2026-09-17 18:17:36,718 INFO train epoch 50/50 batch 66/66 (100%) running_loss=0.2984
2026-09-17 18:17:37,759 INFO epoch 50/50 done: train_loss=0.2984 val_loss=0.2491 val_accuracy=0.9344 val_macro_f1=0.9082 val_macro_auc=0.9842 (checkpoint_metric=macro_auc)
2026-09-17 18:17:37,928 INFO Training finished. Best epoch=8, smoothed macro_auc=0.9899 (window=3)
2026-09-17 18:17:40,994 INFO Test set evaluated once: accuracy=0.8713 macro_f1=0.8487 macro_auc=0.9699
2026-09-17 18:17:41,617 INFO Model size: 134.27M params, 2.938 GFLOPs at 96x96
