2026-09-16 07:30:52,560 INFO Starting baseline training: model=efficientnet_v2_s device=cuda amp=True image_size=96 epochs=50 lr=0.001 optimizer=sgd
2026-09-16 07:30:52,819 INFO Dataset ready: 3 classes, 2102 train / 488 val samples (split reused from outputs/baseline_efficientnet_v2_s_96_fixed/split_indices.json)
2026-09-16 07:30:52,820 INFO Augmentation policy: legacy fixed ops ('brightness', 'rotation'), from outputs/fixedda_run/augmentation_run/selected_legacy_policy.json
2026-09-16 07:30:54,305 INFO Classes: {'glioma_tumor': 0, 'meningioma_tumor': 1, 'pituitary_tumor': 2}
2026-09-16 07:30:54,305 INFO Regularization: weight_decay=7.0e-04 label_smoothing=0.10 grad_clip_norm=5.0
2026-09-16 07:30:57,389 INFO train epoch 1/50 batch 13/66 (20%) running_loss=1.1193
2026-09-16 07:30:58,656 INFO train epoch 1/50 batch 26/66 (39%) running_loss=1.1280
2026-09-16 07:30:59,896 INFO train epoch 1/50 batch 39/66 (59%) running_loss=1.1159
2026-09-16 07:31:01,139 INFO train epoch 1/50 batch 52/66 (79%) running_loss=1.1037
2026-09-16 07:31:02,379 INFO train epoch 1/50 batch 65/66 (98%) running_loss=1.0924
2026-09-16 07:31:02,841 INFO train epoch 1/50 batch 66/66 (100%) running_loss=1.0924
2026-09-16 07:31:04,405 INFO epoch 1/50 done: train_loss=1.0924 val_loss=1.0262 val_accuracy=0.4857 val_macro_f1=0.4450 val_macro_auc=0.6718 (checkpoint_metric=macro_auc) [new best]
2026-09-16 07:31:06,134 INFO train epoch 2/50 batch 13/66 (20%) running_loss=1.0446
2026-09-16 07:31:07,375 INFO train epoch 2/50 batch 26/66 (39%) running_loss=1.0298
2026-09-16 07:31:08,685 INFO train epoch 2/50 batch 39/66 (59%) running_loss=1.0185
2026-09-16 07:31:09,974 INFO train epoch 2/50 batch 52/66 (79%) running_loss=1.0022
2026-09-16 07:31:11,198 INFO train epoch 2/50 batch 65/66 (98%) running_loss=0.9920
2026-09-16 07:31:11,294 INFO train epoch 2/50 batch 66/66 (100%) running_loss=0.9911
2026-09-16 07:31:12,903 INFO epoch 2/50 done: train_loss=0.9911 val_loss=0.8187 val_accuracy=0.7418 val_macro_f1=0.6602 val_macro_auc=0.8470 (checkpoint_metric=macro_auc) [new best]
2026-09-16 07:31:14,618 INFO train epoch 3/50 batch 13/66 (20%) running_loss=0.8915
2026-09-16 07:31:15,893 INFO train epoch 3/50 batch 26/66 (39%) running_loss=0.9011
2026-09-16 07:31:17,139 INFO train epoch 3/50 batch 39/66 (59%) running_loss=0.8932
2026-09-16 07:31:18,433 INFO train epoch 3/50 batch 52/66 (79%) running_loss=0.8836
2026-09-16 07:31:19,672 INFO train epoch 3/50 batch 65/66 (98%) running_loss=0.8804
2026-09-16 07:31:19,770 INFO train epoch 3/50 batch 66/66 (100%) running_loss=0.8790
2026-09-16 07:31:21,474 INFO epoch 3/50 done: train_loss=0.8790 val_loss=0.6978 val_accuracy=0.7643 val_macro_f1=0.6724 val_macro_auc=0.9019 (checkpoint_metric=macro_auc) [new best]
2026-09-16 07:31:23,305 INFO train epoch 4/50 batch 13/66 (20%) running_loss=0.8217
2026-09-16 07:31:24,602 INFO train epoch 4/50 batch 26/66 (39%) running_loss=0.8039
2026-09-16 07:31:25,909 INFO train epoch 4/50 batch 39/66 (59%) running_loss=0.7924
2026-09-16 07:31:27,230 INFO train epoch 4/50 batch 52/66 (79%) running_loss=0.7929
2026-09-16 07:31:28,481 INFO train epoch 4/50 batch 65/66 (98%) running_loss=0.7915
2026-09-16 07:31:28,578 INFO train epoch 4/50 batch 66/66 (100%) running_loss=0.7907
2026-09-16 07:31:30,230 INFO epoch 4/50 done: train_loss=0.7907 val_loss=0.5207 val_accuracy=0.8422 val_macro_f1=0.7618 val_macro_auc=0.9479 (checkpoint_metric=macro_auc) [new best]
2026-09-16 07:31:32,092 INFO train epoch 5/50 batch 13/66 (20%) running_loss=0.7030
2026-09-16 07:31:33,447 INFO train epoch 5/50 batch 26/66 (39%) running_loss=0.7173
2026-09-16 07:31:34,723 INFO train epoch 5/50 batch 39/66 (59%) running_loss=0.7249
2026-09-16 07:31:36,020 INFO train epoch 5/50 batch 52/66 (79%) running_loss=0.7259
2026-09-16 07:31:37,287 INFO train epoch 5/50 batch 65/66 (98%) running_loss=0.7158
2026-09-16 07:31:37,385 INFO train epoch 5/50 batch 66/66 (100%) running_loss=0.7163
2026-09-16 07:31:38,968 INFO epoch 5/50 done: train_loss=0.7163 val_loss=0.4770 val_accuracy=0.8279 val_macro_f1=0.7701 val_macro_auc=0.9464 (checkpoint_metric=macro_auc) [new best]
2026-09-16 07:31:40,707 INFO train epoch 6/50 batch 13/66 (20%) running_loss=0.6652
2026-09-16 07:31:41,993 INFO train epoch 6/50 batch 26/66 (39%) running_loss=0.6521
2026-09-16 07:31:43,239 INFO train epoch 6/50 batch 39/66 (59%) running_loss=0.6483
2026-09-16 07:31:44,492 INFO train epoch 6/50 batch 52/66 (79%) running_loss=0.6409
2026-09-16 07:31:45,741 INFO train epoch 6/50 batch 65/66 (98%) running_loss=0.6371
2026-09-16 07:31:45,840 INFO train epoch 6/50 batch 66/66 (100%) running_loss=0.6372
2026-09-16 07:31:47,470 INFO epoch 6/50 done: train_loss=0.6372 val_loss=0.3944 val_accuracy=0.8586 val_macro_f1=0.8093 val_macro_auc=0.9660 (checkpoint_metric=macro_auc) [new best]
2026-09-16 07:31:49,571 INFO train epoch 7/50 batch 13/66 (20%) running_loss=0.5803
2026-09-16 07:31:50,962 INFO train epoch 7/50 batch 26/66 (39%) running_loss=0.6016
2026-09-16 07:31:52,227 INFO train epoch 7/50 batch 39/66 (59%) running_loss=0.6032
2026-09-16 07:31:53,592 INFO train epoch 7/50 batch 52/66 (79%) running_loss=0.6064
2026-09-16 07:31:54,902 INFO train epoch 7/50 batch 65/66 (98%) running_loss=0.6043
2026-09-16 07:31:55,000 INFO train epoch 7/50 batch 66/66 (100%) running_loss=0.6039
2026-09-16 07:31:56,656 INFO epoch 7/50 done: train_loss=0.6039 val_loss=0.3291 val_accuracy=0.8873 val_macro_f1=0.8481 val_macro_auc=0.9753 (checkpoint_metric=macro_auc) [new best]
2026-09-16 07:31:58,380 INFO train epoch 8/50 batch 13/66 (20%) running_loss=0.5745
2026-09-16 07:31:59,647 INFO train epoch 8/50 batch 26/66 (39%) running_loss=0.5816
2026-09-16 07:32:00,967 INFO train epoch 8/50 batch 39/66 (59%) running_loss=0.5738
2026-09-16 07:32:02,270 INFO train epoch 8/50 batch 52/66 (79%) running_loss=0.5754
2026-09-16 07:32:03,503 INFO train epoch 8/50 batch 65/66 (98%) running_loss=0.5731
2026-09-16 07:32:03,599 INFO train epoch 8/50 batch 66/66 (100%) running_loss=0.5720
2026-09-16 07:32:05,286 INFO epoch 8/50 done: train_loss=0.5720 val_loss=0.2997 val_accuracy=0.9098 val_macro_f1=0.8780 val_macro_auc=0.9811 (checkpoint_metric=macro_auc) [new best]
2026-09-16 07:32:07,113 INFO train epoch 9/50 batch 13/66 (20%) running_loss=0.5589
2026-09-16 07:32:08,462 INFO train epoch 9/50 batch 26/66 (39%) running_loss=0.5387
2026-09-16 07:32:09,831 INFO train epoch 9/50 batch 39/66 (59%) running_loss=0.5347
2026-09-16 07:32:11,155 INFO train epoch 9/50 batch 52/66 (79%) running_loss=0.5350
2026-09-16 07:32:12,415 INFO train epoch 9/50 batch 65/66 (98%) running_loss=0.5359
2026-09-16 07:32:12,512 INFO train epoch 9/50 batch 66/66 (100%) running_loss=0.5346
2026-09-16 07:32:14,232 INFO epoch 9/50 done: train_loss=0.5346 val_loss=0.2943 val_accuracy=0.8975 val_macro_f1=0.8637 val_macro_auc=0.9806 (checkpoint_metric=macro_auc) [new best]
2026-09-16 07:32:16,056 INFO train epoch 10/50 batch 13/66 (20%) running_loss=0.5255
2026-09-16 07:32:17,471 INFO train epoch 10/50 batch 26/66 (39%) running_loss=0.5175
2026-09-16 07:32:18,829 INFO train epoch 10/50 batch 39/66 (59%) running_loss=0.5186
2026-09-16 07:32:20,229 INFO train epoch 10/50 batch 52/66 (79%) running_loss=0.5145
2026-09-16 07:32:21,516 INFO train epoch 10/50 batch 65/66 (98%) running_loss=0.5124
2026-09-16 07:32:21,616 INFO train epoch 10/50 batch 66/66 (100%) running_loss=0.5117
2026-09-16 07:32:23,277 INFO epoch 10/50 done: train_loss=0.5117 val_loss=0.2699 val_accuracy=0.9057 val_macro_f1=0.8762 val_macro_auc=0.9825 (checkpoint_metric=macro_auc) [new best]
2026-09-16 07:32:24,999 INFO train epoch 11/50 batch 13/66 (20%) running_loss=0.4986
2026-09-16 07:32:26,256 INFO train epoch 11/50 batch 26/66 (39%) running_loss=0.4835
2026-09-16 07:32:27,577 INFO train epoch 11/50 batch 39/66 (59%) running_loss=0.4870
2026-09-16 07:32:28,844 INFO train epoch 11/50 batch 52/66 (79%) running_loss=0.4900
2026-09-16 07:32:30,114 INFO train epoch 11/50 batch 65/66 (98%) running_loss=0.4885
2026-09-16 07:32:30,210 INFO train epoch 11/50 batch 66/66 (100%) running_loss=0.4903
2026-09-16 07:32:31,883 INFO epoch 11/50 done: train_loss=0.4903 val_loss=0.3042 val_accuracy=0.9078 val_macro_f1=0.8804 val_macro_auc=0.9819 (checkpoint_metric=macro_auc) [new best]
2026-09-16 07:32:33,720 INFO train epoch 12/50 batch 13/66 (20%) running_loss=0.4719
2026-09-16 07:32:35,004 INFO train epoch 12/50 batch 26/66 (39%) running_loss=0.4871
2026-09-16 07:32:36,278 INFO train epoch 12/50 batch 39/66 (59%) running_loss=0.4789
2026-09-16 07:32:37,552 INFO train epoch 12/50 batch 52/66 (79%) running_loss=0.4721
2026-09-16 07:32:38,789 INFO train epoch 12/50 batch 65/66 (98%) running_loss=0.4712
2026-09-16 07:32:38,886 INFO train epoch 12/50 batch 66/66 (100%) running_loss=0.4715
2026-09-16 07:32:40,596 INFO epoch 12/50 done: train_loss=0.4715 val_loss=0.2766 val_accuracy=0.9119 val_macro_f1=0.8820 val_macro_auc=0.9820 (checkpoint_metric=macro_auc) [new best]
2026-09-16 07:32:42,359 INFO train epoch 13/50 batch 13/66 (20%) running_loss=0.4478
2026-09-16 07:32:43,609 INFO train epoch 13/50 batch 26/66 (39%) running_loss=0.4418
2026-09-16 07:32:44,912 INFO train epoch 13/50 batch 39/66 (59%) running_loss=0.4423
2026-09-16 07:32:46,170 INFO train epoch 13/50 batch 52/66 (79%) running_loss=0.4408
2026-09-16 07:32:47,429 INFO train epoch 13/50 batch 65/66 (98%) running_loss=0.4417
2026-09-16 07:32:47,525 INFO train epoch 13/50 batch 66/66 (100%) running_loss=0.4410
2026-09-16 07:32:49,150 INFO epoch 13/50 done: train_loss=0.4410 val_loss=0.2649 val_accuracy=0.9037 val_macro_f1=0.8723 val_macro_auc=0.9864 (checkpoint_metric=macro_auc) [new best]
2026-09-16 07:32:50,938 INFO train epoch 14/50 batch 13/66 (20%) running_loss=0.4339
2026-09-16 07:32:52,295 INFO train epoch 14/50 batch 26/66 (39%) running_loss=0.4544
2026-09-16 07:32:53,653 INFO train epoch 14/50 batch 39/66 (59%) running_loss=0.4389
2026-09-16 07:32:54,985 INFO train epoch 14/50 batch 52/66 (79%) running_loss=0.4339
2026-09-16 07:32:56,299 INFO train epoch 14/50 batch 65/66 (98%) running_loss=0.4275
2026-09-16 07:32:56,397 INFO train epoch 14/50 batch 66/66 (100%) running_loss=0.4281
2026-09-16 07:32:58,108 INFO epoch 14/50 done: train_loss=0.4281 val_loss=0.2494 val_accuracy=0.9242 val_macro_f1=0.8986 val_macro_auc=0.9861 (checkpoint_metric=macro_auc) [new best]
2026-09-16 07:32:59,920 INFO train epoch 15/50 batch 13/66 (20%) running_loss=0.4074
2026-09-16 07:33:01,174 INFO train epoch 15/50 batch 26/66 (39%) running_loss=0.4167
2026-09-16 07:33:02,479 INFO train epoch 15/50 batch 39/66 (59%) running_loss=0.4161
2026-09-16 07:33:03,735 INFO train epoch 15/50 batch 52/66 (79%) running_loss=0.4191
2026-09-16 07:33:04,972 INFO train epoch 15/50 batch 65/66 (98%) running_loss=0.4191
2026-09-16 07:33:05,070 INFO train epoch 15/50 batch 66/66 (100%) running_loss=0.4191
2026-09-16 07:33:06,756 INFO epoch 15/50 done: train_loss=0.4191 val_loss=0.2517 val_accuracy=0.9180 val_macro_f1=0.8901 val_macro_auc=0.9855 (checkpoint_metric=macro_auc) [new best]
2026-09-16 07:33:08,504 INFO train epoch 16/50 batch 13/66 (20%) running_loss=0.4039
2026-09-16 07:33:09,762 INFO train epoch 16/50 batch 26/66 (39%) running_loss=0.4102
2026-09-16 07:33:11,004 INFO train epoch 16/50 batch 39/66 (59%) running_loss=0.4093
2026-09-16 07:33:12,258 INFO train epoch 16/50 batch 52/66 (79%) running_loss=0.4065
2026-09-16 07:33:13,477 INFO train epoch 16/50 batch 65/66 (98%) running_loss=0.4096
2026-09-16 07:33:13,572 INFO train epoch 16/50 batch 66/66 (100%) running_loss=0.4093
2026-09-16 07:33:15,206 INFO epoch 16/50 done: train_loss=0.4093 val_loss=0.2363 val_accuracy=0.9139 val_macro_f1=0.8856 val_macro_auc=0.9893 (checkpoint_metric=macro_auc) [new best]
2026-09-16 07:33:16,919 INFO train epoch 17/50 batch 13/66 (20%) running_loss=0.4181
2026-09-16 07:33:18,194 INFO train epoch 17/50 batch 26/66 (39%) running_loss=0.4098
2026-09-16 07:33:19,522 INFO train epoch 17/50 batch 39/66 (59%) running_loss=0.4021
2026-09-16 07:33:20,788 INFO train epoch 17/50 batch 52/66 (79%) running_loss=0.4017
2026-09-16 07:33:22,044 INFO train epoch 17/50 batch 65/66 (98%) running_loss=0.3971
2026-09-16 07:33:22,142 INFO train epoch 17/50 batch 66/66 (100%) running_loss=0.3973
2026-09-16 07:33:23,857 INFO epoch 17/50 done: train_loss=0.3973 val_loss=0.2238 val_accuracy=0.9262 val_macro_f1=0.9017 val_macro_auc=0.9898 (checkpoint_metric=macro_auc) [new best]
2026-09-16 07:33:25,590 INFO train epoch 18/50 batch 13/66 (20%) running_loss=0.3837
2026-09-16 07:33:26,856 INFO train epoch 18/50 batch 26/66 (39%) running_loss=0.3787
2026-09-16 07:33:28,281 INFO train epoch 18/50 batch 39/66 (59%) running_loss=0.3810
2026-09-16 07:33:29,581 INFO train epoch 18/50 batch 52/66 (79%) running_loss=0.3889
2026-09-16 07:33:30,820 INFO train epoch 18/50 batch 65/66 (98%) running_loss=0.3923
2026-09-16 07:33:30,917 INFO train epoch 18/50 batch 66/66 (100%) running_loss=0.3928
2026-09-16 07:33:32,574 INFO epoch 18/50 done: train_loss=0.3928 val_loss=0.2317 val_accuracy=0.9365 val_macro_f1=0.9143 val_macro_auc=0.9883 (checkpoint_metric=macro_auc) [new best]
2026-09-16 07:33:34,312 INFO train epoch 19/50 batch 13/66 (20%) running_loss=0.3807
2026-09-16 07:33:35,635 INFO train epoch 19/50 batch 26/66 (39%) running_loss=0.3874
2026-09-16 07:33:36,916 INFO train epoch 19/50 batch 39/66 (59%) running_loss=0.3818
2026-09-16 07:33:38,271 INFO train epoch 19/50 batch 52/66 (79%) running_loss=0.3821
2026-09-16 07:33:39,566 INFO train epoch 19/50 batch 65/66 (98%) running_loss=0.3819
2026-09-16 07:33:39,665 INFO train epoch 19/50 batch 66/66 (100%) running_loss=0.3823
2026-09-16 07:33:40,788 INFO epoch 19/50 done: train_loss=0.3823 val_loss=0.2227 val_accuracy=0.9365 val_macro_f1=0.9134 val_macro_auc=0.9890 (checkpoint_metric=macro_auc)
2026-09-16 07:33:42,441 INFO train epoch 20/50 batch 13/66 (20%) running_loss=0.3728
2026-09-16 07:33:43,689 INFO train epoch 20/50 batch 26/66 (39%) running_loss=0.3799
2026-09-16 07:33:44,944 INFO train epoch 20/50 batch 39/66 (59%) running_loss=0.3750
2026-09-16 07:33:46,201 INFO train epoch 20/50 batch 52/66 (79%) running_loss=0.3772
2026-09-16 07:33:47,438 INFO train epoch 20/50 batch 65/66 (98%) running_loss=0.3726
2026-09-16 07:33:47,534 INFO train epoch 20/50 batch 66/66 (100%) running_loss=0.3732
2026-09-16 07:33:48,680 INFO epoch 20/50 done: train_loss=0.3732 val_loss=0.2353 val_accuracy=0.9303 val_macro_f1=0.9057 val_macro_auc=0.9866 (checkpoint_metric=macro_auc)
2026-09-16 07:33:50,388 INFO train epoch 21/50 batch 13/66 (20%) running_loss=0.3938
2026-09-16 07:33:51,670 INFO train epoch 21/50 batch 26/66 (39%) running_loss=0.3770
2026-09-16 07:33:52,907 INFO train epoch 21/50 batch 39/66 (59%) running_loss=0.3756
2026-09-16 07:33:54,150 INFO train epoch 21/50 batch 52/66 (79%) running_loss=0.3732
2026-09-16 07:33:55,586 INFO train epoch 21/50 batch 65/66 (98%) running_loss=0.3724
2026-09-16 07:33:55,684 INFO train epoch 21/50 batch 66/66 (100%) running_loss=0.3720
2026-09-16 07:33:56,874 INFO epoch 21/50 done: train_loss=0.3720 val_loss=0.2279 val_accuracy=0.9385 val_macro_f1=0.9161 val_macro_auc=0.9876 (checkpoint_metric=macro_auc)
2026-09-16 07:33:58,676 INFO train epoch 22/50 batch 13/66 (20%) running_loss=0.3452
2026-09-16 07:33:59,930 INFO train epoch 22/50 batch 26/66 (39%) running_loss=0.3554
2026-09-16 07:34:01,186 INFO train epoch 22/50 batch 39/66 (59%) running_loss=0.3593
2026-09-16 07:34:02,454 INFO train epoch 22/50 batch 52/66 (79%) running_loss=0.3606
2026-09-16 07:34:03,690 INFO train epoch 22/50 batch 65/66 (98%) running_loss=0.3655
2026-09-16 07:34:03,788 INFO train epoch 22/50 batch 66/66 (100%) running_loss=0.3654
2026-09-16 07:34:04,960 INFO epoch 22/50 done: train_loss=0.3654 val_loss=0.2214 val_accuracy=0.9406 val_macro_f1=0.9192 val_macro_auc=0.9885 (checkpoint_metric=macro_auc)
2026-09-16 07:34:06,662 INFO train epoch 23/50 batch 13/66 (20%) running_loss=0.3700
2026-09-16 07:34:07,926 INFO train epoch 23/50 batch 26/66 (39%) running_loss=0.3660
2026-09-16 07:34:09,215 INFO train epoch 23/50 batch 39/66 (59%) running_loss=0.3657
2026-09-16 07:34:10,508 INFO train epoch 23/50 batch 52/66 (79%) running_loss=0.3612
2026-09-16 07:34:11,766 INFO train epoch 23/50 batch 65/66 (98%) running_loss=0.3640
2026-09-16 07:34:11,864 INFO train epoch 23/50 batch 66/66 (100%) running_loss=0.3637
2026-09-16 07:34:13,045 INFO epoch 23/50 done: train_loss=0.3637 val_loss=0.2319 val_accuracy=0.9283 val_macro_f1=0.9038 val_macro_auc=0.9879 (checkpoint_metric=macro_auc)
2026-09-16 07:34:14,819 INFO train epoch 24/50 batch 13/66 (20%) running_loss=0.3766
2026-09-16 07:34:16,190 INFO train epoch 24/50 batch 26/66 (39%) running_loss=0.3648
2026-09-16 07:34:17,543 INFO train epoch 24/50 batch 39/66 (59%) running_loss=0.3618
2026-09-16 07:34:18,818 INFO train epoch 24/50 batch 52/66 (79%) running_loss=0.3590
2026-09-16 07:34:20,086 INFO train epoch 24/50 batch 65/66 (98%) running_loss=0.3576
2026-09-16 07:34:20,182 INFO train epoch 24/50 batch 66/66 (100%) running_loss=0.3579
2026-09-16 07:34:21,355 INFO epoch 24/50 done: train_loss=0.3579 val_loss=0.2407 val_accuracy=0.9201 val_macro_f1=0.8953 val_macro_auc=0.9878 (checkpoint_metric=macro_auc)
2026-09-16 07:34:23,115 INFO train epoch 25/50 batch 13/66 (20%) running_loss=0.3439
2026-09-16 07:34:24,389 INFO train epoch 25/50 batch 26/66 (39%) running_loss=0.3492
2026-09-16 07:34:25,739 INFO train epoch 25/50 batch 39/66 (59%) running_loss=0.3593
2026-09-16 07:34:27,074 INFO train epoch 25/50 batch 52/66 (79%) running_loss=0.3605
2026-09-16 07:34:28,367 INFO train epoch 25/50 batch 65/66 (98%) running_loss=0.3598
2026-09-16 07:34:28,466 INFO train epoch 25/50 batch 66/66 (100%) running_loss=0.3599
2026-09-16 07:34:29,655 INFO epoch 25/50 done: train_loss=0.3599 val_loss=0.2470 val_accuracy=0.9283 val_macro_f1=0.9057 val_macro_auc=0.9865 (checkpoint_metric=macro_auc)
2026-09-16 07:34:31,455 INFO train epoch 26/50 batch 13/66 (20%) running_loss=0.3377
2026-09-16 07:34:32,754 INFO train epoch 26/50 batch 26/66 (39%) running_loss=0.3571
2026-09-16 07:34:34,056 INFO train epoch 26/50 batch 39/66 (59%) running_loss=0.3608
2026-09-16 07:34:35,395 INFO train epoch 26/50 batch 52/66 (79%) running_loss=0.3609
2026-09-16 07:34:36,652 INFO train epoch 26/50 batch 65/66 (98%) running_loss=0.3603
2026-09-16 07:34:36,749 INFO train epoch 26/50 batch 66/66 (100%) running_loss=0.3609
2026-09-16 07:34:37,928 INFO epoch 26/50 done: train_loss=0.3609 val_loss=0.2331 val_accuracy=0.9262 val_macro_f1=0.9036 val_macro_auc=0.9872 (checkpoint_metric=macro_auc)
2026-09-16 07:34:39,648 INFO train epoch 27/50 batch 13/66 (20%) running_loss=0.3565
2026-09-16 07:34:40,913 INFO train epoch 27/50 batch 26/66 (39%) running_loss=0.3506
2026-09-16 07:34:42,180 INFO train epoch 27/50 batch 39/66 (59%) running_loss=0.3505
2026-09-16 07:34:43,476 INFO train epoch 27/50 batch 52/66 (79%) running_loss=0.3484
2026-09-16 07:34:44,717 INFO train epoch 27/50 batch 65/66 (98%) running_loss=0.3471
2026-09-16 07:34:44,815 INFO train epoch 27/50 batch 66/66 (100%) running_loss=0.3473
2026-09-16 07:34:45,940 INFO epoch 27/50 done: train_loss=0.3473 val_loss=0.2494 val_accuracy=0.9139 val_macro_f1=0.8891 val_macro_auc=0.9864 (checkpoint_metric=macro_auc)
2026-09-16 07:34:47,654 INFO train epoch 28/50 batch 13/66 (20%) running_loss=0.3639
2026-09-16 07:34:48,886 INFO train epoch 28/50 batch 26/66 (39%) running_loss=0.3565
2026-09-16 07:34:50,154 INFO train epoch 28/50 batch 39/66 (59%) running_loss=0.3539
2026-09-16 07:34:51,544 INFO train epoch 28/50 batch 52/66 (79%) running_loss=0.3511
2026-09-16 07:34:52,832 INFO train epoch 28/50 batch 65/66 (98%) running_loss=0.3510
2026-09-16 07:34:52,930 INFO train epoch 28/50 batch 66/66 (100%) running_loss=0.3514
2026-09-16 07:34:54,142 INFO epoch 28/50 done: train_loss=0.3514 val_loss=0.2485 val_accuracy=0.9201 val_macro_f1=0.8956 val_macro_auc=0.9878 (checkpoint_metric=macro_auc)
2026-09-16 07:34:55,917 INFO train epoch 29/50 batch 13/66 (20%) running_loss=0.3418
2026-09-16 07:34:57,205 INFO train epoch 29/50 batch 26/66 (39%) running_loss=0.3383
2026-09-16 07:34:58,504 INFO train epoch 29/50 batch 39/66 (59%) running_loss=0.3378
2026-09-16 07:34:59,794 INFO train epoch 29/50 batch 52/66 (79%) running_loss=0.3407
2026-09-16 07:35:01,044 INFO train epoch 29/50 batch 65/66 (98%) running_loss=0.3387
2026-09-16 07:35:01,142 INFO train epoch 29/50 batch 66/66 (100%) running_loss=0.3386
2026-09-16 07:35:02,296 INFO epoch 29/50 done: train_loss=0.3386 val_loss=0.2366 val_accuracy=0.9242 val_macro_f1=0.9001 val_macro_auc=0.9894 (checkpoint_metric=macro_auc)
2026-09-16 07:35:03,952 INFO train epoch 30/50 batch 13/66 (20%) running_loss=0.3461
2026-09-16 07:35:05,259 INFO train epoch 30/50 batch 26/66 (39%) running_loss=0.3441
2026-09-16 07:35:06,538 INFO train epoch 30/50 batch 39/66 (59%) running_loss=0.3450
2026-09-16 07:35:07,806 INFO train epoch 30/50 batch 52/66 (79%) running_loss=0.3462
2026-09-16 07:35:09,044 INFO train epoch 30/50 batch 65/66 (98%) running_loss=0.3450
2026-09-16 07:35:09,140 INFO train epoch 30/50 batch 66/66 (100%) running_loss=0.3457
2026-09-16 07:35:10,294 INFO epoch 30/50 done: train_loss=0.3457 val_loss=0.2159 val_accuracy=0.9365 val_macro_f1=0.9144 val_macro_auc=0.9896 (checkpoint_metric=macro_auc)
2026-09-16 07:35:12,133 INFO train epoch 31/50 batch 13/66 (20%) running_loss=0.3375
2026-09-16 07:35:13,472 INFO train epoch 31/50 batch 26/66 (39%) running_loss=0.3401
2026-09-16 07:35:14,825 INFO train epoch 31/50 batch 39/66 (59%) running_loss=0.3455
2026-09-16 07:35:16,101 INFO train epoch 31/50 batch 52/66 (79%) running_loss=0.3427
2026-09-16 07:35:17,332 INFO train epoch 31/50 batch 65/66 (98%) running_loss=0.3424
2026-09-16 07:35:17,429 INFO train epoch 31/50 batch 66/66 (100%) running_loss=0.3425
2026-09-16 07:35:18,959 INFO epoch 31/50 done: train_loss=0.3425 val_loss=0.2288 val_accuracy=0.9262 val_macro_f1=0.9030 val_macro_auc=0.9896 (checkpoint_metric=macro_auc) [new best]
2026-09-16 07:35:20,751 INFO train epoch 32/50 batch 13/66 (20%) running_loss=0.3198
2026-09-16 07:35:22,056 INFO train epoch 32/50 batch 26/66 (39%) running_loss=0.3267
2026-09-16 07:35:23,359 INFO train epoch 32/50 batch 39/66 (59%) running_loss=0.3300
2026-09-16 07:35:24,669 INFO train epoch 32/50 batch 52/66 (79%) running_loss=0.3344
2026-09-16 07:35:25,924 INFO train epoch 32/50 batch 65/66 (98%) running_loss=0.3348
2026-09-16 07:35:26,022 INFO train epoch 32/50 batch 66/66 (100%) running_loss=0.3351
2026-09-16 07:35:27,184 INFO epoch 32/50 done: train_loss=0.3351 val_loss=0.2379 val_accuracy=0.9180 val_macro_f1=0.8933 val_macro_auc=0.9894 (checkpoint_metric=macro_auc)
2026-09-16 07:35:28,954 INFO train epoch 33/50 batch 13/66 (20%) running_loss=0.3352
2026-09-16 07:35:30,254 INFO train epoch 33/50 batch 26/66 (39%) running_loss=0.3362
2026-09-16 07:35:31,497 INFO train epoch 33/50 batch 39/66 (59%) running_loss=0.3409
2026-09-16 07:35:32,739 INFO train epoch 33/50 batch 52/66 (79%) running_loss=0.3447
2026-09-16 07:35:34,005 INFO train epoch 33/50 batch 65/66 (98%) running_loss=0.3449
2026-09-16 07:35:34,101 INFO train epoch 33/50 batch 66/66 (100%) running_loss=0.3451
2026-09-16 07:35:35,815 INFO epoch 33/50 done: train_loss=0.3451 val_loss=0.2077 val_accuracy=0.9365 val_macro_f1=0.9154 val_macro_auc=0.9900 (checkpoint_metric=macro_auc) [new best]
2026-09-16 07:35:37,579 INFO train epoch 34/50 batch 13/66 (20%) running_loss=0.3530
2026-09-16 07:35:38,875 INFO train epoch 34/50 batch 26/66 (39%) running_loss=0.3455
2026-09-16 07:35:40,201 INFO train epoch 34/50 batch 39/66 (59%) running_loss=0.3459
2026-09-16 07:35:41,489 INFO train epoch 34/50 batch 52/66 (79%) running_loss=0.3464
2026-09-16 07:35:42,728 INFO train epoch 34/50 batch 65/66 (98%) running_loss=0.3418
2026-09-16 07:35:42,824 INFO train epoch 34/50 batch 66/66 (100%) running_loss=0.3415
2026-09-16 07:35:43,940 INFO epoch 34/50 done: train_loss=0.3415 val_loss=0.2326 val_accuracy=0.9221 val_macro_f1=0.8994 val_macro_auc=0.9882 (checkpoint_metric=macro_auc)
2026-09-16 07:35:45,614 INFO train epoch 35/50 batch 13/66 (20%) running_loss=0.3331
2026-09-16 07:35:46,953 INFO train epoch 35/50 batch 26/66 (39%) running_loss=0.3312
2026-09-16 07:35:48,235 INFO train epoch 35/50 batch 39/66 (59%) running_loss=0.3311
2026-09-16 07:35:49,584 INFO train epoch 35/50 batch 52/66 (79%) running_loss=0.3309
2026-09-16 07:35:50,835 INFO train epoch 35/50 batch 65/66 (98%) running_loss=0.3317
2026-09-16 07:35:50,934 INFO train epoch 35/50 batch 66/66 (100%) running_loss=0.3319
2026-09-16 07:35:52,117 INFO epoch 35/50 done: train_loss=0.3319 val_loss=0.2244 val_accuracy=0.9242 val_macro_f1=0.9017 val_macro_auc=0.9894 (checkpoint_metric=macro_auc)
2026-09-16 07:35:53,815 INFO train epoch 36/50 batch 13/66 (20%) running_loss=0.3394
2026-09-16 07:35:55,089 INFO train epoch 36/50 batch 26/66 (39%) running_loss=0.3333
2026-09-16 07:35:56,350 INFO train epoch 36/50 batch 39/66 (59%) running_loss=0.3328
2026-09-16 07:35:57,615 INFO train epoch 36/50 batch 52/66 (79%) running_loss=0.3371
2026-09-16 07:35:58,888 INFO train epoch 36/50 batch 65/66 (98%) running_loss=0.3348
2026-09-16 07:35:58,986 INFO train epoch 36/50 batch 66/66 (100%) running_loss=0.3350
2026-09-16 07:36:00,148 INFO epoch 36/50 done: train_loss=0.3350 val_loss=0.2210 val_accuracy=0.9283 val_macro_f1=0.9059 val_macro_auc=0.9891 (checkpoint_metric=macro_auc)
2026-09-16 07:36:01,939 INFO train epoch 37/50 batch 13/66 (20%) running_loss=0.3412
2026-09-16 07:36:03,291 INFO train epoch 37/50 batch 26/66 (39%) running_loss=0.3377
2026-09-16 07:36:04,586 INFO train epoch 37/50 batch 39/66 (59%) running_loss=0.3397
2026-09-16 07:36:05,843 INFO train epoch 37/50 batch 52/66 (79%) running_loss=0.3385
2026-09-16 07:36:07,081 INFO train epoch 37/50 batch 65/66 (98%) running_loss=0.3410
2026-09-16 07:36:07,177 INFO train epoch 37/50 batch 66/66 (100%) running_loss=0.3414
2026-09-16 07:36:08,331 INFO epoch 37/50 done: train_loss=0.3414 val_loss=0.2245 val_accuracy=0.9283 val_macro_f1=0.9059 val_macro_auc=0.9891 (checkpoint_metric=macro_auc)
2026-09-16 07:36:10,039 INFO train epoch 38/50 batch 13/66 (20%) running_loss=0.3478
2026-09-16 07:36:11,301 INFO train epoch 38/50 batch 26/66 (39%) running_loss=0.3362
2026-09-16 07:36:12,750 INFO train epoch 38/50 batch 39/66 (59%) running_loss=0.3385
2026-09-16 07:36:14,020 INFO train epoch 38/50 batch 52/66 (79%) running_loss=0.3373
2026-09-16 07:36:15,268 INFO train epoch 38/50 batch 65/66 (98%) running_loss=0.3386
2026-09-16 07:36:15,365 INFO train epoch 38/50 batch 66/66 (100%) running_loss=0.3383
2026-09-16 07:36:16,561 INFO epoch 38/50 done: train_loss=0.3383 val_loss=0.2259 val_accuracy=0.9201 val_macro_f1=0.8969 val_macro_auc=0.9893 (checkpoint_metric=macro_auc)
2026-09-16 07:36:18,206 INFO train epoch 39/50 batch 13/66 (20%) running_loss=0.3377
2026-09-16 07:36:19,460 INFO train epoch 39/50 batch 26/66 (39%) running_loss=0.3357
2026-09-16 07:36:20,718 INFO train epoch 39/50 batch 39/66 (59%) running_loss=0.3371
2026-09-16 07:36:21,977 INFO train epoch 39/50 batch 52/66 (79%) running_loss=0.3353
2026-09-16 07:36:23,219 INFO train epoch 39/50 batch 65/66 (98%) running_loss=0.3350
2026-09-16 07:36:23,316 INFO train epoch 39/50 batch 66/66 (100%) running_loss=0.3348
2026-09-16 07:36:24,493 INFO epoch 39/50 done: train_loss=0.3348 val_loss=0.2302 val_accuracy=0.9180 val_macro_f1=0.8946 val_macro_auc=0.9889 (checkpoint_metric=macro_auc)
2026-09-16 07:36:26,299 INFO train epoch 40/50 batch 13/66 (20%) running_loss=0.3391
2026-09-16 07:36:27,742 INFO train epoch 40/50 batch 26/66 (39%) running_loss=0.3339
2026-09-16 07:36:29,146 INFO train epoch 40/50 batch 39/66 (59%) running_loss=0.3364
2026-09-16 07:36:30,462 INFO train epoch 40/50 batch 52/66 (79%) running_loss=0.3353
2026-09-16 07:36:31,704 INFO train epoch 40/50 batch 65/66 (98%) running_loss=0.3334
2026-09-16 07:36:31,801 INFO train epoch 40/50 batch 66/66 (100%) running_loss=0.3333
2026-09-16 07:36:32,997 INFO epoch 40/50 done: train_loss=0.3333 val_loss=0.2355 val_accuracy=0.9201 val_macro_f1=0.8969 val_macro_auc=0.9880 (checkpoint_metric=macro_auc)
2026-09-16 07:36:34,765 INFO train epoch 41/50 batch 13/66 (20%) running_loss=0.3230
2026-09-16 07:36:36,142 INFO train epoch 41/50 batch 26/66 (39%) running_loss=0.3324
2026-09-16 07:36:37,398 INFO train epoch 41/50 batch 39/66 (59%) running_loss=0.3333
2026-09-16 07:36:38,648 INFO train epoch 41/50 batch 52/66 (79%) running_loss=0.3325
2026-09-16 07:36:39,892 INFO train epoch 41/50 batch 65/66 (98%) running_loss=0.3315
2026-09-16 07:36:39,988 INFO train epoch 41/50 batch 66/66 (100%) running_loss=0.3317
2026-09-16 07:36:41,187 INFO epoch 41/50 done: train_loss=0.3317 val_loss=0.2525 val_accuracy=0.9139 val_macro_f1=0.8899 val_macro_auc=0.9879 (checkpoint_metric=macro_auc)
2026-09-16 07:36:42,968 INFO train epoch 42/50 batch 13/66 (20%) running_loss=0.3237
2026-09-16 07:36:44,339 INFO train epoch 42/50 batch 26/66 (39%) running_loss=0.3367
2026-09-16 07:36:45,609 INFO train epoch 42/50 batch 39/66 (59%) running_loss=0.3356
2026-09-16 07:36:46,916 INFO train epoch 42/50 batch 52/66 (79%) running_loss=0.3361
2026-09-16 07:36:48,194 INFO train epoch 42/50 batch 65/66 (98%) running_loss=0.3356
2026-09-16 07:36:48,293 INFO train epoch 42/50 batch 66/66 (100%) running_loss=0.3353
2026-09-16 07:36:49,434 INFO epoch 42/50 done: train_loss=0.3353 val_loss=0.2381 val_accuracy=0.9242 val_macro_f1=0.9014 val_macro_auc=0.9886 (checkpoint_metric=macro_auc)
2026-09-16 07:36:51,183 INFO train epoch 43/50 batch 13/66 (20%) running_loss=0.3508
2026-09-16 07:36:52,456 INFO train epoch 43/50 batch 26/66 (39%) running_loss=0.3401
2026-09-16 07:36:53,756 INFO train epoch 43/50 batch 39/66 (59%) running_loss=0.3358
2026-09-16 07:36:55,032 INFO train epoch 43/50 batch 52/66 (79%) running_loss=0.3362
2026-09-16 07:36:56,296 INFO train epoch 43/50 batch 65/66 (98%) running_loss=0.3360
2026-09-16 07:36:56,393 INFO train epoch 43/50 batch 66/66 (100%) running_loss=0.3362
2026-09-16 07:36:57,500 INFO epoch 43/50 done: train_loss=0.3362 val_loss=0.2260 val_accuracy=0.9221 val_macro_f1=0.8994 val_macro_auc=0.9887 (checkpoint_metric=macro_auc)
2026-09-16 07:36:59,373 INFO train epoch 44/50 batch 13/66 (20%) running_loss=0.3444
2026-09-16 07:37:00,717 INFO train epoch 44/50 batch 26/66 (39%) running_loss=0.3396
2026-09-16 07:37:02,021 INFO train epoch 44/50 batch 39/66 (59%) running_loss=0.3386
2026-09-16 07:37:03,291 INFO train epoch 44/50 batch 52/66 (79%) running_loss=0.3369
2026-09-16 07:37:04,553 INFO train epoch 44/50 batch 65/66 (98%) running_loss=0.3347
2026-09-16 07:37:04,650 INFO train epoch 44/50 batch 66/66 (100%) running_loss=0.3351
2026-09-16 07:37:05,782 INFO epoch 44/50 done: train_loss=0.3351 val_loss=0.2439 val_accuracy=0.9180 val_macro_f1=0.8946 val_macro_auc=0.9881 (checkpoint_metric=macro_auc)
2026-09-16 07:37:07,616 INFO train epoch 45/50 batch 13/66 (20%) running_loss=0.3282
2026-09-16 07:37:08,929 INFO train epoch 45/50 batch 26/66 (39%) running_loss=0.3322
2026-09-16 07:37:10,306 INFO train epoch 45/50 batch 39/66 (59%) running_loss=0.3327
2026-09-16 07:37:11,664 INFO train epoch 45/50 batch 52/66 (79%) running_loss=0.3326
2026-09-16 07:37:12,915 INFO train epoch 45/50 batch 65/66 (98%) running_loss=0.3326
2026-09-16 07:37:13,012 INFO train epoch 45/50 batch 66/66 (100%) running_loss=0.3335
2026-09-16 07:37:14,197 INFO epoch 45/50 done: train_loss=0.3335 val_loss=0.2274 val_accuracy=0.9180 val_macro_f1=0.8946 val_macro_auc=0.9891 (checkpoint_metric=macro_auc)
2026-09-16 07:37:15,953 INFO train epoch 46/50 batch 13/66 (20%) running_loss=0.3196
2026-09-16 07:37:17,212 INFO train epoch 46/50 batch 26/66 (39%) running_loss=0.3267
2026-09-16 07:37:18,468 INFO train epoch 46/50 batch 39/66 (59%) running_loss=0.3288
2026-09-16 07:37:19,709 INFO train epoch 46/50 batch 52/66 (79%) running_loss=0.3278
2026-09-16 07:37:20,943 INFO train epoch 46/50 batch 65/66 (98%) running_loss=0.3291
2026-09-16 07:37:21,040 INFO train epoch 46/50 batch 66/66 (100%) running_loss=0.3297
2026-09-16 07:37:22,196 INFO epoch 46/50 done: train_loss=0.3297 val_loss=0.2443 val_accuracy=0.9201 val_macro_f1=0.8975 val_macro_auc=0.9870 (checkpoint_metric=macro_auc)
2026-09-16 07:37:23,972 INFO train epoch 47/50 batch 13/66 (20%) running_loss=0.3272
2026-09-16 07:37:25,259 INFO train epoch 47/50 batch 26/66 (39%) running_loss=0.3236
2026-09-16 07:37:26,531 INFO train epoch 47/50 batch 39/66 (59%) running_loss=0.3235
2026-09-16 07:37:27,854 INFO train epoch 47/50 batch 52/66 (79%) running_loss=0.3266
2026-09-16 07:37:29,093 INFO train epoch 47/50 batch 65/66 (98%) running_loss=0.3259
2026-09-16 07:37:29,190 INFO train epoch 47/50 batch 66/66 (100%) running_loss=0.3262
2026-09-16 07:37:30,372 INFO epoch 47/50 done: train_loss=0.3262 val_loss=0.2264 val_accuracy=0.9201 val_macro_f1=0.8969 val_macro_auc=0.9894 (checkpoint_metric=macro_auc)
2026-09-16 07:37:32,175 INFO train epoch 48/50 batch 13/66 (20%) running_loss=0.3320
2026-09-16 07:37:33,487 INFO train epoch 48/50 batch 26/66 (39%) running_loss=0.3280
2026-09-16 07:37:34,837 INFO train epoch 48/50 batch 39/66 (59%) running_loss=0.3317
2026-09-16 07:37:36,125 INFO train epoch 48/50 batch 52/66 (79%) running_loss=0.3316
2026-09-16 07:37:37,382 INFO train epoch 48/50 batch 65/66 (98%) running_loss=0.3287
2026-09-16 07:37:37,478 INFO train epoch 48/50 batch 66/66 (100%) running_loss=0.3297
2026-09-16 07:37:38,656 INFO epoch 48/50 done: train_loss=0.3297 val_loss=0.2135 val_accuracy=0.9303 val_macro_f1=0.9086 val_macro_auc=0.9902 (checkpoint_metric=macro_auc)
2026-09-16 07:37:40,386 INFO train epoch 49/50 batch 13/66 (20%) running_loss=0.3257
2026-09-16 07:37:41,676 INFO train epoch 49/50 batch 26/66 (39%) running_loss=0.3308
2026-09-16 07:37:42,983 INFO train epoch 49/50 batch 39/66 (59%) running_loss=0.3317
2026-09-16 07:37:44,300 INFO train epoch 49/50 batch 52/66 (79%) running_loss=0.3324
2026-09-16 07:37:45,582 INFO train epoch 49/50 batch 65/66 (98%) running_loss=0.3317
2026-09-16 07:37:45,678 INFO train epoch 49/50 batch 66/66 (100%) running_loss=0.3317
2026-09-16 07:37:46,786 INFO epoch 49/50 done: train_loss=0.3317 val_loss=0.2303 val_accuracy=0.9201 val_macro_f1=0.8969 val_macro_auc=0.9885 (checkpoint_metric=macro_auc)
2026-09-16 07:37:48,574 INFO train epoch 50/50 batch 13/66 (20%) running_loss=0.3286
2026-09-16 07:37:49,882 INFO train epoch 50/50 batch 26/66 (39%) running_loss=0.3326
2026-09-16 07:37:51,176 INFO train epoch 50/50 batch 39/66 (59%) running_loss=0.3346
2026-09-16 07:37:52,488 INFO train epoch 50/50 batch 52/66 (79%) running_loss=0.3329
2026-09-16 07:37:53,775 INFO train epoch 50/50 batch 65/66 (98%) running_loss=0.3340
2026-09-16 07:37:53,873 INFO train epoch 50/50 batch 66/66 (100%) running_loss=0.3342
2026-09-16 07:37:55,063 INFO epoch 50/50 done: train_loss=0.3342 val_loss=0.2145 val_accuracy=0.9303 val_macro_f1=0.9092 val_macro_auc=0.9902 (checkpoint_metric=macro_auc)
2026-09-16 07:37:55,231 INFO Training finished. Best epoch=33, smoothed macro_auc=0.9897 (window=3)
2026-09-16 07:37:57,169 INFO Test set evaluated once: accuracy=0.8924 macro_f1=0.8790 macro_auc=0.9792
2026-09-16 07:37:57,976 INFO Model size: 20.18M params, 0.536 GFLOPs at 96x96
