2026-09-23 07:29:45,125 INFO Starting baseline training: model=efficientnet_v2_m device=cuda amp=True image_size=96 epochs=100 lr=0.001 optimizer=sgd
2026-09-23 07:29:45,374 INFO Dataset ready: 3 classes, 2102 train / 488 val samples (split reused from outputs/baseline_efficientnet_v2_m_96_constant_ep100_s2/split_indices.json)
2026-09-23 07:29:45,382 INFO Augmentation policy: constant strength (rank-averaged), from outputs/main1/augmentation_run/selected_policy.json; strengths {'rotation': 0.0675, 'affine_translation': 0.2256, 'random_resized_crop': 0.516, 'brightness': 0.4195, 'contrast': 0.123, 'horizontal_flip': 0.5366, 'random_erasing': 0.1828}
2026-09-23 07:29:46,780 INFO Classes: {'glioma_tumor': 0, 'meningioma_tumor': 1, 'pituitary_tumor': 2}
2026-09-23 07:29:46,780 INFO Regularization: weight_decay=7.0e-04 label_smoothing=0.10 grad_clip_norm=5.0
2026-09-23 07:29:50,281 INFO train epoch 1/100 batch 13/66 (20%) running_loss=1.1273
2026-09-23 07:29:52,109 INFO train epoch 1/100 batch 26/66 (39%) running_loss=1.1242
2026-09-23 07:29:53,961 INFO train epoch 1/100 batch 39/66 (59%) running_loss=1.1271
2026-09-23 07:29:55,821 INFO train epoch 1/100 batch 52/66 (79%) running_loss=1.1214
2026-09-23 07:29:57,680 INFO train epoch 1/100 batch 65/66 (98%) running_loss=1.1178
2026-09-23 07:29:58,240 INFO train epoch 1/100 batch 66/66 (100%) running_loss=1.1171
2026-09-23 07:30:00,139 INFO epoch 1/100 done: train_loss=1.1171 val_loss=1.0781 val_accuracy=0.4262 val_macro_f1=0.3708 val_macro_auc=0.5153 (checkpoint_metric=macro_auc) [new best]
2026-09-23 07:30:02,575 INFO train epoch 2/100 batch 13/66 (20%) running_loss=1.0769
2026-09-23 07:30:04,470 INFO train epoch 2/100 batch 26/66 (39%) running_loss=1.0876
2026-09-23 07:30:06,376 INFO train epoch 2/100 batch 39/66 (59%) running_loss=1.0870
2026-09-23 07:30:08,308 INFO train epoch 2/100 batch 52/66 (79%) running_loss=1.0845
2026-09-23 07:30:10,171 INFO train epoch 2/100 batch 65/66 (98%) running_loss=1.0825
2026-09-23 07:30:10,317 INFO train epoch 2/100 batch 66/66 (100%) running_loss=1.0820
2026-09-23 07:30:12,913 INFO epoch 2/100 done: train_loss=1.0820 val_loss=1.0221 val_accuracy=0.5164 val_macro_f1=0.4479 val_macro_auc=0.6302 (checkpoint_metric=macro_auc) [new best]
2026-09-23 07:30:15,310 INFO train epoch 3/100 batch 13/66 (20%) running_loss=1.0653
2026-09-23 07:30:17,269 INFO train epoch 3/100 batch 26/66 (39%) running_loss=1.0629
2026-09-23 07:30:19,209 INFO train epoch 3/100 batch 39/66 (59%) running_loss=1.0600
2026-09-23 07:30:21,114 INFO train epoch 3/100 batch 52/66 (79%) running_loss=1.0591
2026-09-23 07:30:23,003 INFO train epoch 3/100 batch 65/66 (98%) running_loss=1.0580
2026-09-23 07:30:23,151 INFO train epoch 3/100 batch 66/66 (100%) running_loss=1.0574
2026-09-23 07:30:25,522 INFO epoch 3/100 done: train_loss=1.0574 val_loss=0.9915 val_accuracy=0.5717 val_macro_f1=0.4708 val_macro_auc=0.6745 (checkpoint_metric=macro_auc) [new best]
2026-09-23 07:30:27,913 INFO train epoch 4/100 batch 13/66 (20%) running_loss=1.0437
2026-09-23 07:30:29,852 INFO train epoch 4/100 batch 26/66 (39%) running_loss=1.0389
2026-09-23 07:30:31,768 INFO train epoch 4/100 batch 39/66 (59%) running_loss=1.0357
2026-09-23 07:30:33,672 INFO train epoch 4/100 batch 52/66 (79%) running_loss=1.0349
2026-09-23 07:30:35,556 INFO train epoch 4/100 batch 65/66 (98%) running_loss=1.0274
2026-09-23 07:30:35,703 INFO train epoch 4/100 batch 66/66 (100%) running_loss=1.0279
2026-09-23 07:30:38,066 INFO epoch 4/100 done: train_loss=1.0279 val_loss=0.9843 val_accuracy=0.5984 val_macro_f1=0.4881 val_macro_auc=0.7170 (checkpoint_metric=macro_auc) [new best]
2026-09-23 07:30:40,455 INFO train epoch 5/100 batch 13/66 (20%) running_loss=1.0275
2026-09-23 07:30:42,289 INFO train epoch 5/100 batch 26/66 (39%) running_loss=1.0171
2026-09-23 07:30:44,178 INFO train epoch 5/100 batch 39/66 (59%) running_loss=1.0161
2026-09-23 07:30:46,072 INFO train epoch 5/100 batch 52/66 (79%) running_loss=1.0089
2026-09-23 07:30:47,945 INFO train epoch 5/100 batch 65/66 (98%) running_loss=1.0054
2026-09-23 07:30:48,093 INFO train epoch 5/100 batch 66/66 (100%) running_loss=1.0049
2026-09-23 07:30:50,407 INFO epoch 5/100 done: train_loss=1.0049 val_loss=0.9192 val_accuracy=0.6352 val_macro_f1=0.5238 val_macro_auc=0.7555 (checkpoint_metric=macro_auc) [new best]
2026-09-23 07:30:52,860 INFO train epoch 6/100 batch 13/66 (20%) running_loss=0.9607
2026-09-23 07:30:54,942 INFO train epoch 6/100 batch 26/66 (39%) running_loss=0.9819
2026-09-23 07:30:56,817 INFO train epoch 6/100 batch 39/66 (59%) running_loss=0.9781
2026-09-23 07:30:58,715 INFO train epoch 6/100 batch 52/66 (79%) running_loss=0.9695
2026-09-23 07:31:00,575 INFO train epoch 6/100 batch 65/66 (98%) running_loss=0.9716
2026-09-23 07:31:00,722 INFO train epoch 6/100 batch 66/66 (100%) running_loss=0.9722
2026-09-23 07:31:03,120 INFO epoch 6/100 done: train_loss=0.9722 val_loss=0.8815 val_accuracy=0.6619 val_macro_f1=0.5512 val_macro_auc=0.7591 (checkpoint_metric=macro_auc) [new best]
2026-09-23 07:31:05,498 INFO train epoch 7/100 batch 13/66 (20%) running_loss=0.9399
2026-09-23 07:31:07,372 INFO train epoch 7/100 batch 26/66 (39%) running_loss=0.9380
2026-09-23 07:31:09,338 INFO train epoch 7/100 batch 39/66 (59%) running_loss=0.9441
2026-09-23 07:31:11,239 INFO train epoch 7/100 batch 52/66 (79%) running_loss=0.9373
2026-09-23 07:31:13,103 INFO train epoch 7/100 batch 65/66 (98%) running_loss=0.9313
2026-09-23 07:31:13,248 INFO train epoch 7/100 batch 66/66 (100%) running_loss=0.9315
2026-09-23 07:31:15,576 INFO epoch 7/100 done: train_loss=0.9315 val_loss=0.8060 val_accuracy=0.7029 val_macro_f1=0.5838 val_macro_auc=0.8073 (checkpoint_metric=macro_auc) [new best]
2026-09-23 07:31:18,113 INFO train epoch 8/100 batch 13/66 (20%) running_loss=0.9017
2026-09-23 07:31:20,050 INFO train epoch 8/100 batch 26/66 (39%) running_loss=0.9098
2026-09-23 07:31:21,955 INFO train epoch 8/100 batch 39/66 (59%) running_loss=0.9088
2026-09-23 07:31:23,891 INFO train epoch 8/100 batch 52/66 (79%) running_loss=0.8973
2026-09-23 07:31:25,826 INFO train epoch 8/100 batch 65/66 (98%) running_loss=0.8911
2026-09-23 07:31:25,980 INFO train epoch 8/100 batch 66/66 (100%) running_loss=0.8907
2026-09-23 07:31:28,746 INFO epoch 8/100 done: train_loss=0.8907 val_loss=0.7575 val_accuracy=0.7459 val_macro_f1=0.6110 val_macro_auc=0.8291 (checkpoint_metric=macro_auc) [new best]
2026-09-23 07:31:31,169 INFO train epoch 9/100 batch 13/66 (20%) running_loss=0.8871
2026-09-23 07:31:33,150 INFO train epoch 9/100 batch 26/66 (39%) running_loss=0.8731
2026-09-23 07:31:35,103 INFO train epoch 9/100 batch 39/66 (59%) running_loss=0.8704
2026-09-23 07:31:37,045 INFO train epoch 9/100 batch 52/66 (79%) running_loss=0.8598
2026-09-23 07:31:38,936 INFO train epoch 9/100 batch 65/66 (98%) running_loss=0.8562
2026-09-23 07:31:39,083 INFO train epoch 9/100 batch 66/66 (100%) running_loss=0.8558
2026-09-23 07:31:41,923 INFO epoch 9/100 done: train_loss=0.8558 val_loss=0.6942 val_accuracy=0.7398 val_macro_f1=0.5818 val_macro_auc=0.8596 (checkpoint_metric=macro_auc) [new best]
2026-09-23 07:31:44,411 INFO train epoch 10/100 batch 13/66 (20%) running_loss=0.7888
2026-09-23 07:31:46,424 INFO train epoch 10/100 batch 26/66 (39%) running_loss=0.8065
2026-09-23 07:31:48,429 INFO train epoch 10/100 batch 39/66 (59%) running_loss=0.8014
2026-09-23 07:31:50,326 INFO train epoch 10/100 batch 52/66 (79%) running_loss=0.8064
2026-09-23 07:31:52,224 INFO train epoch 10/100 batch 65/66 (98%) running_loss=0.8091
2026-09-23 07:31:52,371 INFO train epoch 10/100 batch 66/66 (100%) running_loss=0.8087
2026-09-23 07:31:54,896 INFO epoch 10/100 done: train_loss=0.8087 val_loss=0.6672 val_accuracy=0.7520 val_macro_f1=0.6306 val_macro_auc=0.8834 (checkpoint_metric=macro_auc) [new best]
2026-09-23 07:31:57,245 INFO train epoch 11/100 batch 13/66 (20%) running_loss=0.8114
2026-09-23 07:31:59,222 INFO train epoch 11/100 batch 26/66 (39%) running_loss=0.8116
2026-09-23 07:32:01,142 INFO train epoch 11/100 batch 39/66 (59%) running_loss=0.7984
2026-09-23 07:32:03,056 INFO train epoch 11/100 batch 52/66 (79%) running_loss=0.7951
2026-09-23 07:32:04,929 INFO train epoch 11/100 batch 65/66 (98%) running_loss=0.7844
2026-09-23 07:32:05,077 INFO train epoch 11/100 batch 66/66 (100%) running_loss=0.7836
2026-09-23 07:32:07,825 INFO epoch 11/100 done: train_loss=0.7836 val_loss=0.6273 val_accuracy=0.7725 val_macro_f1=0.6590 val_macro_auc=0.8952 (checkpoint_metric=macro_auc) [new best]
2026-09-23 07:32:10,354 INFO train epoch 12/100 batch 13/66 (20%) running_loss=0.7781
2026-09-23 07:32:12,321 INFO train epoch 12/100 batch 26/66 (39%) running_loss=0.7671
2026-09-23 07:32:14,212 INFO train epoch 12/100 batch 39/66 (59%) running_loss=0.7632
2026-09-23 07:32:16,120 INFO train epoch 12/100 batch 52/66 (79%) running_loss=0.7506
2026-09-23 07:32:17,997 INFO train epoch 12/100 batch 65/66 (98%) running_loss=0.7447
2026-09-23 07:32:18,145 INFO train epoch 12/100 batch 66/66 (100%) running_loss=0.7451
2026-09-23 07:32:20,473 INFO epoch 12/100 done: train_loss=0.7451 val_loss=0.5402 val_accuracy=0.7910 val_macro_f1=0.6670 val_macro_auc=0.9204 (checkpoint_metric=macro_auc) [new best]
2026-09-23 07:32:22,932 INFO train epoch 13/100 batch 13/66 (20%) running_loss=0.7173
2026-09-23 07:32:24,838 INFO train epoch 13/100 batch 26/66 (39%) running_loss=0.7307
2026-09-23 07:32:26,746 INFO train epoch 13/100 batch 39/66 (59%) running_loss=0.7140
2026-09-23 07:32:28,642 INFO train epoch 13/100 batch 52/66 (79%) running_loss=0.7279
2026-09-23 07:32:30,509 INFO train epoch 13/100 batch 65/66 (98%) running_loss=0.7304
2026-09-23 07:32:30,658 INFO train epoch 13/100 batch 66/66 (100%) running_loss=0.7309
2026-09-23 07:32:32,954 INFO epoch 13/100 done: train_loss=0.7309 val_loss=0.5567 val_accuracy=0.7766 val_macro_f1=0.6501 val_macro_auc=0.9005 (checkpoint_metric=macro_auc) [new best]
2026-09-23 07:32:35,305 INFO train epoch 14/100 batch 13/66 (20%) running_loss=0.7280
2026-09-23 07:32:37,185 INFO train epoch 14/100 batch 26/66 (39%) running_loss=0.7158
2026-09-23 07:32:39,053 INFO train epoch 14/100 batch 39/66 (59%) running_loss=0.7061
2026-09-23 07:32:40,917 INFO train epoch 14/100 batch 52/66 (79%) running_loss=0.6964
2026-09-23 07:32:42,784 INFO train epoch 14/100 batch 65/66 (98%) running_loss=0.7028
2026-09-23 07:32:42,932 INFO train epoch 14/100 batch 66/66 (100%) running_loss=0.7019
2026-09-23 07:32:45,568 INFO epoch 14/100 done: train_loss=0.7019 val_loss=0.4859 val_accuracy=0.8238 val_macro_f1=0.7046 val_macro_auc=0.9324 (checkpoint_metric=macro_auc) [new best]
2026-09-23 07:32:47,967 INFO train epoch 15/100 batch 13/66 (20%) running_loss=0.6696
2026-09-23 07:32:49,857 INFO train epoch 15/100 batch 26/66 (39%) running_loss=0.6738
2026-09-23 07:32:51,767 INFO train epoch 15/100 batch 39/66 (59%) running_loss=0.6734
2026-09-23 07:32:53,691 INFO train epoch 15/100 batch 52/66 (79%) running_loss=0.6735
2026-09-23 07:32:55,559 INFO train epoch 15/100 batch 65/66 (98%) running_loss=0.6741
2026-09-23 07:32:55,705 INFO train epoch 15/100 batch 66/66 (100%) running_loss=0.6753
2026-09-23 07:32:58,081 INFO epoch 15/100 done: train_loss=0.6753 val_loss=0.4538 val_accuracy=0.8381 val_macro_f1=0.7552 val_macro_auc=0.9403 (checkpoint_metric=macro_auc) [new best]
2026-09-23 07:33:00,413 INFO train epoch 16/100 batch 13/66 (20%) running_loss=0.6784
2026-09-23 07:33:02,351 INFO train epoch 16/100 batch 26/66 (39%) running_loss=0.6514
2026-09-23 07:33:04,271 INFO train epoch 16/100 batch 39/66 (59%) running_loss=0.6593
2026-09-23 07:33:06,216 INFO train epoch 16/100 batch 52/66 (79%) running_loss=0.6521
2026-09-23 07:33:08,136 INFO train epoch 16/100 batch 65/66 (98%) running_loss=0.6499
2026-09-23 07:33:08,288 INFO train epoch 16/100 batch 66/66 (100%) running_loss=0.6491
2026-09-23 07:33:10,810 INFO epoch 16/100 done: train_loss=0.6491 val_loss=0.4410 val_accuracy=0.8320 val_macro_f1=0.7526 val_macro_auc=0.9409 (checkpoint_metric=macro_auc) [new best]
2026-09-23 07:33:13,253 INFO train epoch 17/100 batch 13/66 (20%) running_loss=0.6619
2026-09-23 07:33:15,203 INFO train epoch 17/100 batch 26/66 (39%) running_loss=0.6435
2026-09-23 07:33:17,121 INFO train epoch 17/100 batch 39/66 (59%) running_loss=0.6367
2026-09-23 07:33:19,032 INFO train epoch 17/100 batch 52/66 (79%) running_loss=0.6370
2026-09-23 07:33:20,877 INFO train epoch 17/100 batch 65/66 (98%) running_loss=0.6372
2026-09-23 07:33:21,022 INFO train epoch 17/100 batch 66/66 (100%) running_loss=0.6378
2026-09-23 07:33:23,392 INFO epoch 17/100 done: train_loss=0.6378 val_loss=0.4190 val_accuracy=0.8504 val_macro_f1=0.7848 val_macro_auc=0.9425 (checkpoint_metric=macro_auc) [new best]
2026-09-23 07:33:25,774 INFO train epoch 18/100 batch 13/66 (20%) running_loss=0.6035
2026-09-23 07:33:27,647 INFO train epoch 18/100 batch 26/66 (39%) running_loss=0.6075
2026-09-23 07:33:29,526 INFO train epoch 18/100 batch 39/66 (59%) running_loss=0.6115
2026-09-23 07:33:31,389 INFO train epoch 18/100 batch 52/66 (79%) running_loss=0.6107
2026-09-23 07:33:33,277 INFO train epoch 18/100 batch 65/66 (98%) running_loss=0.6127
2026-09-23 07:33:33,424 INFO train epoch 18/100 batch 66/66 (100%) running_loss=0.6138
2026-09-23 07:33:36,213 INFO epoch 18/100 done: train_loss=0.6138 val_loss=0.3682 val_accuracy=0.8770 val_macro_f1=0.8219 val_macro_auc=0.9614 (checkpoint_metric=macro_auc) [new best]
2026-09-23 07:33:38,548 INFO train epoch 19/100 batch 13/66 (20%) running_loss=0.6104
2026-09-23 07:33:40,429 INFO train epoch 19/100 batch 26/66 (39%) running_loss=0.5975
2026-09-23 07:33:42,340 INFO train epoch 19/100 batch 39/66 (59%) running_loss=0.5852
2026-09-23 07:33:44,282 INFO train epoch 19/100 batch 52/66 (79%) running_loss=0.5873
2026-09-23 07:33:46,165 INFO train epoch 19/100 batch 65/66 (98%) running_loss=0.5846
2026-09-23 07:33:46,311 INFO train epoch 19/100 batch 66/66 (100%) running_loss=0.5850
2026-09-23 07:33:48,684 INFO epoch 19/100 done: train_loss=0.5850 val_loss=0.4182 val_accuracy=0.8811 val_macro_f1=0.8376 val_macro_auc=0.9628 (checkpoint_metric=macro_auc) [new best]
2026-09-23 07:33:51,084 INFO train epoch 20/100 batch 13/66 (20%) running_loss=0.5595
2026-09-23 07:33:52,976 INFO train epoch 20/100 batch 26/66 (39%) running_loss=0.5825
2026-09-23 07:33:54,835 INFO train epoch 20/100 batch 39/66 (59%) running_loss=0.5616
2026-09-23 07:33:56,717 INFO train epoch 20/100 batch 52/66 (79%) running_loss=0.5736
2026-09-23 07:33:58,593 INFO train epoch 20/100 batch 65/66 (98%) running_loss=0.5720
2026-09-23 07:33:58,741 INFO train epoch 20/100 batch 66/66 (100%) running_loss=0.5710
2026-09-23 07:34:01,049 INFO epoch 20/100 done: train_loss=0.5710 val_loss=0.3517 val_accuracy=0.8832 val_macro_f1=0.8387 val_macro_auc=0.9707 (checkpoint_metric=macro_auc) [new best]
2026-09-23 07:34:03,481 INFO train epoch 21/100 batch 13/66 (20%) running_loss=0.5245
2026-09-23 07:34:05,366 INFO train epoch 21/100 batch 26/66 (39%) running_loss=0.5310
2026-09-23 07:34:07,257 INFO train epoch 21/100 batch 39/66 (59%) running_loss=0.5518
2026-09-23 07:34:09,179 INFO train epoch 21/100 batch 52/66 (79%) running_loss=0.5558
2026-09-23 07:34:11,092 INFO train epoch 21/100 batch 65/66 (98%) running_loss=0.5588
2026-09-23 07:34:11,241 INFO train epoch 21/100 batch 66/66 (100%) running_loss=0.5592
2026-09-23 07:34:14,005 INFO epoch 21/100 done: train_loss=0.5592 val_loss=0.3638 val_accuracy=0.8873 val_macro_f1=0.8565 val_macro_auc=0.9745 (checkpoint_metric=macro_auc) [new best]
2026-09-23 07:34:16,400 INFO train epoch 22/100 batch 13/66 (20%) running_loss=0.5445
2026-09-23 07:34:18,292 INFO train epoch 22/100 batch 26/66 (39%) running_loss=0.5343
2026-09-23 07:34:20,213 INFO train epoch 22/100 batch 39/66 (59%) running_loss=0.5257
2026-09-23 07:34:22,146 INFO train epoch 22/100 batch 52/66 (79%) running_loss=0.5212
2026-09-23 07:34:24,055 INFO train epoch 22/100 batch 65/66 (98%) running_loss=0.5327
2026-09-23 07:34:24,202 INFO train epoch 22/100 batch 66/66 (100%) running_loss=0.5315
2026-09-23 07:34:26,985 INFO epoch 22/100 done: train_loss=0.5315 val_loss=0.2965 val_accuracy=0.9119 val_macro_f1=0.8779 val_macro_auc=0.9773 (checkpoint_metric=macro_auc) [new best]
2026-09-23 07:34:29,430 INFO train epoch 23/100 batch 13/66 (20%) running_loss=0.5077
2026-09-23 07:34:31,334 INFO train epoch 23/100 batch 26/66 (39%) running_loss=0.5024
2026-09-23 07:34:33,223 INFO train epoch 23/100 batch 39/66 (59%) running_loss=0.5048
2026-09-23 07:34:35,136 INFO train epoch 23/100 batch 52/66 (79%) running_loss=0.5053
2026-09-23 07:34:37,047 INFO train epoch 23/100 batch 65/66 (98%) running_loss=0.5108
2026-09-23 07:34:37,196 INFO train epoch 23/100 batch 66/66 (100%) running_loss=0.5093
2026-09-23 07:34:39,635 INFO epoch 23/100 done: train_loss=0.5093 val_loss=0.3111 val_accuracy=0.9037 val_macro_f1=0.8704 val_macro_auc=0.9767 (checkpoint_metric=macro_auc) [new best]
2026-09-23 07:34:42,141 INFO train epoch 24/100 batch 13/66 (20%) running_loss=0.5209
2026-09-23 07:34:44,147 INFO train epoch 24/100 batch 26/66 (39%) running_loss=0.5082
2026-09-23 07:34:46,095 INFO train epoch 24/100 batch 39/66 (59%) running_loss=0.5006
2026-09-23 07:34:48,030 INFO train epoch 24/100 batch 52/66 (79%) running_loss=0.4926
2026-09-23 07:34:49,931 INFO train epoch 24/100 batch 65/66 (98%) running_loss=0.4999
2026-09-23 07:34:50,085 INFO train epoch 24/100 batch 66/66 (100%) running_loss=0.4999
2026-09-23 07:34:52,483 INFO epoch 24/100 done: train_loss=0.4999 val_loss=0.3094 val_accuracy=0.8893 val_macro_f1=0.8500 val_macro_auc=0.9754 (checkpoint_metric=macro_auc) [new best]
2026-09-23 07:34:54,855 INFO train epoch 25/100 batch 13/66 (20%) running_loss=0.5002
2026-09-23 07:34:56,750 INFO train epoch 25/100 batch 26/66 (39%) running_loss=0.4888
2026-09-23 07:34:58,710 INFO train epoch 25/100 batch 39/66 (59%) running_loss=0.4823
2026-09-23 07:35:00,618 INFO train epoch 25/100 batch 52/66 (79%) running_loss=0.4765
2026-09-23 07:35:02,504 INFO train epoch 25/100 batch 65/66 (98%) running_loss=0.4770
2026-09-23 07:35:02,653 INFO train epoch 25/100 batch 66/66 (100%) running_loss=0.4762
2026-09-23 07:35:05,321 INFO epoch 25/100 done: train_loss=0.4762 val_loss=0.2617 val_accuracy=0.9180 val_macro_f1=0.8819 val_macro_auc=0.9783 (checkpoint_metric=macro_auc) [new best]
2026-09-23 07:35:07,683 INFO train epoch 26/100 batch 13/66 (20%) running_loss=0.4281
2026-09-23 07:35:09,598 INFO train epoch 26/100 batch 26/66 (39%) running_loss=0.4354
2026-09-23 07:35:11,458 INFO train epoch 26/100 batch 39/66 (59%) running_loss=0.4548
2026-09-23 07:35:13,537 INFO train epoch 26/100 batch 52/66 (79%) running_loss=0.4595
2026-09-23 07:35:15,442 INFO train epoch 26/100 batch 65/66 (98%) running_loss=0.4587
2026-09-23 07:35:15,593 INFO train epoch 26/100 batch 66/66 (100%) running_loss=0.4597
2026-09-23 07:35:16,843 INFO epoch 26/100 done: train_loss=0.4597 val_loss=0.2811 val_accuracy=0.8893 val_macro_f1=0.8451 val_macro_auc=0.9750 (checkpoint_metric=macro_auc)
2026-09-23 07:35:19,228 INFO train epoch 27/100 batch 13/66 (20%) running_loss=0.4649
2026-09-23 07:35:21,159 INFO train epoch 27/100 batch 26/66 (39%) running_loss=0.4785
2026-09-23 07:35:23,023 INFO train epoch 27/100 batch 39/66 (59%) running_loss=0.4613
2026-09-23 07:35:24,887 INFO train epoch 27/100 batch 52/66 (79%) running_loss=0.4594
2026-09-23 07:35:26,746 INFO train epoch 27/100 batch 65/66 (98%) running_loss=0.4480
2026-09-23 07:35:26,898 INFO train epoch 27/100 batch 66/66 (100%) running_loss=0.4489
2026-09-23 07:35:29,266 INFO epoch 27/100 done: train_loss=0.4489 val_loss=0.2549 val_accuracy=0.9160 val_macro_f1=0.8773 val_macro_auc=0.9792 (checkpoint_metric=macro_auc) [new best]
2026-09-23 07:35:31,613 INFO train epoch 28/100 batch 13/66 (20%) running_loss=0.4410
2026-09-23 07:35:33,490 INFO train epoch 28/100 batch 26/66 (39%) running_loss=0.4409
2026-09-23 07:35:35,345 INFO train epoch 28/100 batch 39/66 (59%) running_loss=0.4338
2026-09-23 07:35:37,235 INFO train epoch 28/100 batch 52/66 (79%) running_loss=0.4262
2026-09-23 07:35:39,120 INFO train epoch 28/100 batch 65/66 (98%) running_loss=0.4202
2026-09-23 07:35:39,266 INFO train epoch 28/100 batch 66/66 (100%) running_loss=0.4218
2026-09-23 07:35:42,129 INFO epoch 28/100 done: train_loss=0.4218 val_loss=0.2600 val_accuracy=0.9098 val_macro_f1=0.8748 val_macro_auc=0.9805 (checkpoint_metric=macro_auc) [new best]
2026-09-23 07:35:44,582 INFO train epoch 29/100 batch 13/66 (20%) running_loss=0.4370
2026-09-23 07:35:46,475 INFO train epoch 29/100 batch 26/66 (39%) running_loss=0.4267
2026-09-23 07:35:48,461 INFO train epoch 29/100 batch 39/66 (59%) running_loss=0.4201
2026-09-23 07:35:50,397 INFO train epoch 29/100 batch 52/66 (79%) running_loss=0.4180
2026-09-23 07:35:52,297 INFO train epoch 29/100 batch 65/66 (98%) running_loss=0.4139
2026-09-23 07:35:52,445 INFO train epoch 29/100 batch 66/66 (100%) running_loss=0.4142
2026-09-23 07:35:55,317 INFO epoch 29/100 done: train_loss=0.4142 val_loss=0.2590 val_accuracy=0.9098 val_macro_f1=0.8771 val_macro_auc=0.9829 (checkpoint_metric=macro_auc) [new best]
2026-09-23 07:35:57,782 INFO train epoch 30/100 batch 13/66 (20%) running_loss=0.4023
2026-09-23 07:35:59,716 INFO train epoch 30/100 batch 26/66 (39%) running_loss=0.4130
2026-09-23 07:36:01,604 INFO train epoch 30/100 batch 39/66 (59%) running_loss=0.4172
2026-09-23 07:36:03,488 INFO train epoch 30/100 batch 52/66 (79%) running_loss=0.4135
2026-09-23 07:36:05,346 INFO train epoch 30/100 batch 65/66 (98%) running_loss=0.4112
2026-09-23 07:36:05,494 INFO train epoch 30/100 batch 66/66 (100%) running_loss=0.4112
2026-09-23 07:36:08,398 INFO epoch 30/100 done: train_loss=0.4112 val_loss=0.2411 val_accuracy=0.9119 val_macro_f1=0.8789 val_macro_auc=0.9849 (checkpoint_metric=macro_auc) [new best]
2026-09-23 07:36:10,880 INFO train epoch 31/100 batch 13/66 (20%) running_loss=0.3922
2026-09-23 07:36:12,764 INFO train epoch 31/100 batch 26/66 (39%) running_loss=0.4069
2026-09-23 07:36:14,673 INFO train epoch 31/100 batch 39/66 (59%) running_loss=0.4001
2026-09-23 07:36:16,591 INFO train epoch 31/100 batch 52/66 (79%) running_loss=0.3990
2026-09-23 07:36:18,510 INFO train epoch 31/100 batch 65/66 (98%) running_loss=0.3972
2026-09-23 07:36:18,662 INFO train epoch 31/100 batch 66/66 (100%) running_loss=0.3964
2026-09-23 07:36:21,306 INFO epoch 31/100 done: train_loss=0.3964 val_loss=0.2371 val_accuracy=0.9262 val_macro_f1=0.8950 val_macro_auc=0.9852 (checkpoint_metric=macro_auc) [new best]
2026-09-23 07:36:23,754 INFO train epoch 32/100 batch 13/66 (20%) running_loss=0.3796
2026-09-23 07:36:25,683 INFO train epoch 32/100 batch 26/66 (39%) running_loss=0.3933
2026-09-23 07:36:27,573 INFO train epoch 32/100 batch 39/66 (59%) running_loss=0.3948
2026-09-23 07:36:29,461 INFO train epoch 32/100 batch 52/66 (79%) running_loss=0.3962
2026-09-23 07:36:31,355 INFO train epoch 32/100 batch 65/66 (98%) running_loss=0.3940
2026-09-23 07:36:31,508 INFO train epoch 32/100 batch 66/66 (100%) running_loss=0.3946
2026-09-23 07:36:33,834 INFO epoch 32/100 done: train_loss=0.3946 val_loss=0.2197 val_accuracy=0.9406 val_macro_f1=0.9153 val_macro_auc=0.9859 (checkpoint_metric=macro_auc) [new best]
2026-09-23 07:36:36,285 INFO train epoch 33/100 batch 13/66 (20%) running_loss=0.4009
2026-09-23 07:36:38,212 INFO train epoch 33/100 batch 26/66 (39%) running_loss=0.3913
2026-09-23 07:36:40,080 INFO train epoch 33/100 batch 39/66 (59%) running_loss=0.3866
2026-09-23 07:36:41,993 INFO train epoch 33/100 batch 52/66 (79%) running_loss=0.3900
2026-09-23 07:36:43,878 INFO train epoch 33/100 batch 65/66 (98%) running_loss=0.3881
2026-09-23 07:36:44,023 INFO train epoch 33/100 batch 66/66 (100%) running_loss=0.3898
2026-09-23 07:36:45,313 INFO epoch 33/100 done: train_loss=0.3898 val_loss=0.2739 val_accuracy=0.8996 val_macro_f1=0.8669 val_macro_auc=0.9793 (checkpoint_metric=macro_auc)
2026-09-23 07:36:47,713 INFO train epoch 34/100 batch 13/66 (20%) running_loss=0.3679
2026-09-23 07:36:49,607 INFO train epoch 34/100 batch 26/66 (39%) running_loss=0.3713
2026-09-23 07:36:51,506 INFO train epoch 34/100 batch 39/66 (59%) running_loss=0.3711
2026-09-23 07:36:53,443 INFO train epoch 34/100 batch 52/66 (79%) running_loss=0.3738
2026-09-23 07:36:55,370 INFO train epoch 34/100 batch 65/66 (98%) running_loss=0.3762
2026-09-23 07:36:55,519 INFO train epoch 34/100 batch 66/66 (100%) running_loss=0.3756
2026-09-23 07:36:56,734 INFO epoch 34/100 done: train_loss=0.3756 val_loss=0.2275 val_accuracy=0.9201 val_macro_f1=0.8919 val_macro_auc=0.9859 (checkpoint_metric=macro_auc)
2026-09-23 07:36:59,107 INFO train epoch 35/100 batch 13/66 (20%) running_loss=0.4107
2026-09-23 07:37:01,023 INFO train epoch 35/100 batch 26/66 (39%) running_loss=0.3887
2026-09-23 07:37:02,944 INFO train epoch 35/100 batch 39/66 (59%) running_loss=0.3828
2026-09-23 07:37:04,899 INFO train epoch 35/100 batch 52/66 (79%) running_loss=0.3777
2026-09-23 07:37:06,806 INFO train epoch 35/100 batch 65/66 (98%) running_loss=0.3774
2026-09-23 07:37:06,954 INFO train epoch 35/100 batch 66/66 (100%) running_loss=0.3779
2026-09-23 07:37:08,230 INFO epoch 35/100 done: train_loss=0.3779 val_loss=0.2754 val_accuracy=0.9160 val_macro_f1=0.8845 val_macro_auc=0.9811 (checkpoint_metric=macro_auc)
2026-09-23 07:37:10,629 INFO train epoch 36/100 batch 13/66 (20%) running_loss=0.3569
2026-09-23 07:37:12,529 INFO train epoch 36/100 batch 26/66 (39%) running_loss=0.3678
2026-09-23 07:37:14,416 INFO train epoch 36/100 batch 39/66 (59%) running_loss=0.3667
2026-09-23 07:37:16,325 INFO train epoch 36/100 batch 52/66 (79%) running_loss=0.3698
2026-09-23 07:37:18,218 INFO train epoch 36/100 batch 65/66 (98%) running_loss=0.3733
2026-09-23 07:37:18,365 INFO train epoch 36/100 batch 66/66 (100%) running_loss=0.3730
2026-09-23 07:37:19,658 INFO epoch 36/100 done: train_loss=0.3730 val_loss=0.2325 val_accuracy=0.9160 val_macro_f1=0.8855 val_macro_auc=0.9861 (checkpoint_metric=macro_auc)
2026-09-23 07:37:21,999 INFO train epoch 37/100 batch 13/66 (20%) running_loss=0.3764
2026-09-23 07:37:23,875 INFO train epoch 37/100 batch 26/66 (39%) running_loss=0.3729
2026-09-23 07:37:25,762 INFO train epoch 37/100 batch 39/66 (59%) running_loss=0.3670
2026-09-23 07:37:27,642 INFO train epoch 37/100 batch 52/66 (79%) running_loss=0.3703
2026-09-23 07:37:29,522 INFO train epoch 37/100 batch 65/66 (98%) running_loss=0.3672
2026-09-23 07:37:29,667 INFO train epoch 37/100 batch 66/66 (100%) running_loss=0.3671
2026-09-23 07:37:30,910 INFO epoch 37/100 done: train_loss=0.3671 val_loss=0.2225 val_accuracy=0.9221 val_macro_f1=0.8940 val_macro_auc=0.9880 (checkpoint_metric=macro_auc)
2026-09-23 07:37:33,405 INFO train epoch 38/100 batch 13/66 (20%) running_loss=0.3787
2026-09-23 07:37:35,371 INFO train epoch 38/100 batch 26/66 (39%) running_loss=0.3834
2026-09-23 07:37:37,310 INFO train epoch 38/100 batch 39/66 (59%) running_loss=0.3783
2026-09-23 07:37:39,239 INFO train epoch 38/100 batch 52/66 (79%) running_loss=0.3788
2026-09-23 07:37:41,119 INFO train epoch 38/100 batch 65/66 (98%) running_loss=0.3765
2026-09-23 07:37:41,270 INFO train epoch 38/100 batch 66/66 (100%) running_loss=0.3767
2026-09-23 07:37:43,811 INFO epoch 38/100 done: train_loss=0.3767 val_loss=0.2475 val_accuracy=0.9180 val_macro_f1=0.8904 val_macro_auc=0.9831 (checkpoint_metric=macro_auc) [new best]
2026-09-23 07:37:46,207 INFO train epoch 39/100 batch 13/66 (20%) running_loss=0.3634
2026-09-23 07:37:48,068 INFO train epoch 39/100 batch 26/66 (39%) running_loss=0.3603
2026-09-23 07:37:49,967 INFO train epoch 39/100 batch 39/66 (59%) running_loss=0.3649
2026-09-23 07:37:51,845 INFO train epoch 39/100 batch 52/66 (79%) running_loss=0.3674
2026-09-23 07:37:53,705 INFO train epoch 39/100 batch 65/66 (98%) running_loss=0.3673
2026-09-23 07:37:53,852 INFO train epoch 39/100 batch 66/66 (100%) running_loss=0.3666
2026-09-23 07:37:55,091 INFO epoch 39/100 done: train_loss=0.3666 val_loss=0.2227 val_accuracy=0.9221 val_macro_f1=0.8916 val_macro_auc=0.9855 (checkpoint_metric=macro_auc)
2026-09-23 07:37:57,435 INFO train epoch 40/100 batch 13/66 (20%) running_loss=0.3648
2026-09-23 07:37:59,318 INFO train epoch 40/100 batch 26/66 (39%) running_loss=0.3622
2026-09-23 07:38:01,200 INFO train epoch 40/100 batch 39/66 (59%) running_loss=0.3562
2026-09-23 07:38:03,077 INFO train epoch 40/100 batch 52/66 (79%) running_loss=0.3558
2026-09-23 07:38:04,939 INFO train epoch 40/100 batch 65/66 (98%) running_loss=0.3585
2026-09-23 07:38:05,086 INFO train epoch 40/100 batch 66/66 (100%) running_loss=0.3582
2026-09-23 07:38:06,395 INFO epoch 40/100 done: train_loss=0.3582 val_loss=0.2285 val_accuracy=0.9262 val_macro_f1=0.9001 val_macro_auc=0.9856 (checkpoint_metric=macro_auc)
2026-09-23 07:38:08,719 INFO train epoch 41/100 batch 13/66 (20%) running_loss=0.3466
2026-09-23 07:38:10,611 INFO train epoch 41/100 batch 26/66 (39%) running_loss=0.3508
2026-09-23 07:38:12,501 INFO train epoch 41/100 batch 39/66 (59%) running_loss=0.3489
2026-09-23 07:38:14,385 INFO train epoch 41/100 batch 52/66 (79%) running_loss=0.3450
2026-09-23 07:38:16,273 INFO train epoch 41/100 batch 65/66 (98%) running_loss=0.3460
2026-09-23 07:38:16,420 INFO train epoch 41/100 batch 66/66 (100%) running_loss=0.3457
2026-09-23 07:38:17,662 INFO epoch 41/100 done: train_loss=0.3457 val_loss=0.2321 val_accuracy=0.9242 val_macro_f1=0.8958 val_macro_auc=0.9858 (checkpoint_metric=macro_auc)
2026-09-23 07:38:20,084 INFO train epoch 42/100 batch 13/66 (20%) running_loss=0.3453
2026-09-23 07:38:22,019 INFO train epoch 42/100 batch 26/66 (39%) running_loss=0.3508
2026-09-23 07:38:23,964 INFO train epoch 42/100 batch 39/66 (59%) running_loss=0.3511
2026-09-23 07:38:25,940 INFO train epoch 42/100 batch 52/66 (79%) running_loss=0.3490
2026-09-23 07:38:27,873 INFO train epoch 42/100 batch 65/66 (98%) running_loss=0.3513
2026-09-23 07:38:28,020 INFO train epoch 42/100 batch 66/66 (100%) running_loss=0.3512
2026-09-23 07:38:29,246 INFO epoch 42/100 done: train_loss=0.3512 val_loss=0.2369 val_accuracy=0.9201 val_macro_f1=0.8930 val_macro_auc=0.9855 (checkpoint_metric=macro_auc)
2026-09-23 07:38:31,696 INFO train epoch 43/100 batch 13/66 (20%) running_loss=0.3289
2026-09-23 07:38:33,588 INFO train epoch 43/100 batch 26/66 (39%) running_loss=0.3402
2026-09-23 07:38:35,471 INFO train epoch 43/100 batch 39/66 (59%) running_loss=0.3483
2026-09-23 07:38:37,309 INFO train epoch 43/100 batch 52/66 (79%) running_loss=0.3487
2026-09-23 07:38:39,137 INFO train epoch 43/100 batch 65/66 (98%) running_loss=0.3458
2026-09-23 07:38:39,282 INFO train epoch 43/100 batch 66/66 (100%) running_loss=0.3459
2026-09-23 07:38:40,489 INFO epoch 43/100 done: train_loss=0.3459 val_loss=0.2236 val_accuracy=0.9324 val_macro_f1=0.9068 val_macro_auc=0.9850 (checkpoint_metric=macro_auc)
2026-09-23 07:38:42,940 INFO train epoch 44/100 batch 13/66 (20%) running_loss=0.3396
2026-09-23 07:38:44,825 INFO train epoch 44/100 batch 26/66 (39%) running_loss=0.3326
2026-09-23 07:38:46,735 INFO train epoch 44/100 batch 39/66 (59%) running_loss=0.3342
2026-09-23 07:38:48,646 INFO train epoch 44/100 batch 52/66 (79%) running_loss=0.3367
2026-09-23 07:38:50,527 INFO train epoch 44/100 batch 65/66 (98%) running_loss=0.3375
2026-09-23 07:38:50,676 INFO train epoch 44/100 batch 66/66 (100%) running_loss=0.3379
2026-09-23 07:38:51,977 INFO epoch 44/100 done: train_loss=0.3379 val_loss=0.2345 val_accuracy=0.9262 val_macro_f1=0.9004 val_macro_auc=0.9847 (checkpoint_metric=macro_auc)
2026-09-23 07:38:54,409 INFO train epoch 45/100 batch 13/66 (20%) running_loss=0.3491
2026-09-23 07:38:56,347 INFO train epoch 45/100 batch 26/66 (39%) running_loss=0.3497
2026-09-23 07:38:58,293 INFO train epoch 45/100 batch 39/66 (59%) running_loss=0.3541
2026-09-23 07:39:00,210 INFO train epoch 45/100 batch 52/66 (79%) running_loss=0.3558
2026-09-23 07:39:02,129 INFO train epoch 45/100 batch 65/66 (98%) running_loss=0.3513
2026-09-23 07:39:02,280 INFO train epoch 45/100 batch 66/66 (100%) running_loss=0.3510
2026-09-23 07:39:03,507 INFO epoch 45/100 done: train_loss=0.3510 val_loss=0.2277 val_accuracy=0.9262 val_macro_f1=0.8998 val_macro_auc=0.9846 (checkpoint_metric=macro_auc)
2026-09-23 07:39:05,992 INFO train epoch 46/100 batch 13/66 (20%) running_loss=0.3503
2026-09-23 07:39:07,978 INFO train epoch 46/100 batch 26/66 (39%) running_loss=0.3369
2026-09-23 07:39:10,000 INFO train epoch 46/100 batch 39/66 (59%) running_loss=0.3318
2026-09-23 07:39:11,949 INFO train epoch 46/100 batch 52/66 (79%) running_loss=0.3334
2026-09-23 07:39:13,833 INFO train epoch 46/100 batch 65/66 (98%) running_loss=0.3346
2026-09-23 07:39:13,983 INFO train epoch 46/100 batch 66/66 (100%) running_loss=0.3345
2026-09-23 07:39:15,268 INFO epoch 46/100 done: train_loss=0.3345 val_loss=0.2106 val_accuracy=0.9324 val_macro_f1=0.9081 val_macro_auc=0.9872 (checkpoint_metric=macro_auc)
2026-09-23 07:39:17,724 INFO train epoch 47/100 batch 13/66 (20%) running_loss=0.3347
2026-09-23 07:39:19,628 INFO train epoch 47/100 batch 26/66 (39%) running_loss=0.3354
2026-09-23 07:39:21,520 INFO train epoch 47/100 batch 39/66 (59%) running_loss=0.3344
2026-09-23 07:39:23,403 INFO train epoch 47/100 batch 52/66 (79%) running_loss=0.3318
2026-09-23 07:39:25,274 INFO train epoch 47/100 batch 65/66 (98%) running_loss=0.3331
2026-09-23 07:39:25,427 INFO train epoch 47/100 batch 66/66 (100%) running_loss=0.3329
2026-09-23 07:39:26,669 INFO epoch 47/100 done: train_loss=0.3329 val_loss=0.2332 val_accuracy=0.9242 val_macro_f1=0.8964 val_macro_auc=0.9834 (checkpoint_metric=macro_auc)
2026-09-23 07:39:29,141 INFO train epoch 48/100 batch 13/66 (20%) running_loss=0.3388
2026-09-23 07:39:31,055 INFO train epoch 48/100 batch 26/66 (39%) running_loss=0.3362
2026-09-23 07:39:32,926 INFO train epoch 48/100 batch 39/66 (59%) running_loss=0.3359
2026-09-23 07:39:34,797 INFO train epoch 48/100 batch 52/66 (79%) running_loss=0.3385
2026-09-23 07:39:36,712 INFO train epoch 48/100 batch 65/66 (98%) running_loss=0.3431
2026-09-23 07:39:36,863 INFO train epoch 48/100 batch 66/66 (100%) running_loss=0.3430
2026-09-23 07:39:38,156 INFO epoch 48/100 done: train_loss=0.3430 val_loss=0.2323 val_accuracy=0.9283 val_macro_f1=0.9014 val_macro_auc=0.9834 (checkpoint_metric=macro_auc)
2026-09-23 07:39:40,582 INFO train epoch 49/100 batch 13/66 (20%) running_loss=0.3333
2026-09-23 07:39:42,522 INFO train epoch 49/100 batch 26/66 (39%) running_loss=0.3268
2026-09-23 07:39:44,416 INFO train epoch 49/100 batch 39/66 (59%) running_loss=0.3327
2026-09-23 07:39:46,309 INFO train epoch 49/100 batch 52/66 (79%) running_loss=0.3325
2026-09-23 07:39:48,167 INFO train epoch 49/100 batch 65/66 (98%) running_loss=0.3322
2026-09-23 07:39:48,312 INFO train epoch 49/100 batch 66/66 (100%) running_loss=0.3323
2026-09-23 07:39:49,524 INFO epoch 49/100 done: train_loss=0.3323 val_loss=0.2340 val_accuracy=0.9324 val_macro_f1=0.9076 val_macro_auc=0.9837 (checkpoint_metric=macro_auc)
2026-09-23 07:39:51,973 INFO train epoch 50/100 batch 13/66 (20%) running_loss=0.3428
2026-09-23 07:39:53,862 INFO train epoch 50/100 batch 26/66 (39%) running_loss=0.3359
2026-09-23 07:39:55,793 INFO train epoch 50/100 batch 39/66 (59%) running_loss=0.3360
2026-09-23 07:39:57,724 INFO train epoch 50/100 batch 52/66 (79%) running_loss=0.3342
2026-09-23 07:39:59,614 INFO train epoch 50/100 batch 65/66 (98%) running_loss=0.3322
2026-09-23 07:39:59,760 INFO train epoch 50/100 batch 66/66 (100%) running_loss=0.3320
2026-09-23 07:40:00,977 INFO epoch 50/100 done: train_loss=0.3320 val_loss=0.2446 val_accuracy=0.9160 val_macro_f1=0.8870 val_macro_auc=0.9828 (checkpoint_metric=macro_auc)
2026-09-23 07:40:03,418 INFO train epoch 51/100 batch 13/66 (20%) running_loss=0.3312
2026-09-23 07:40:05,342 INFO train epoch 51/100 batch 26/66 (39%) running_loss=0.3291
2026-09-23 07:40:07,303 INFO train epoch 51/100 batch 39/66 (59%) running_loss=0.3286
2026-09-23 07:40:09,234 INFO train epoch 51/100 batch 52/66 (79%) running_loss=0.3295
2026-09-23 07:40:11,134 INFO train epoch 51/100 batch 65/66 (98%) running_loss=0.3334
2026-09-23 07:40:11,282 INFO train epoch 51/100 batch 66/66 (100%) running_loss=0.3333
2026-09-23 07:40:12,565 INFO epoch 51/100 done: train_loss=0.3333 val_loss=0.2356 val_accuracy=0.9262 val_macro_f1=0.9014 val_macro_auc=0.9836 (checkpoint_metric=macro_auc)
2026-09-23 07:40:14,940 INFO train epoch 52/100 batch 13/66 (20%) running_loss=0.3284
2026-09-23 07:40:16,811 INFO train epoch 52/100 batch 26/66 (39%) running_loss=0.3298
2026-09-23 07:40:18,736 INFO train epoch 52/100 batch 39/66 (59%) running_loss=0.3324
2026-09-23 07:40:20,671 INFO train epoch 52/100 batch 52/66 (79%) running_loss=0.3352
2026-09-23 07:40:22,555 INFO train epoch 52/100 batch 65/66 (98%) running_loss=0.3320
2026-09-23 07:40:22,703 INFO train epoch 52/100 batch 66/66 (100%) running_loss=0.3318
2026-09-23 07:40:23,996 INFO epoch 52/100 done: train_loss=0.3318 val_loss=0.2302 val_accuracy=0.9324 val_macro_f1=0.9106 val_macro_auc=0.9842 (checkpoint_metric=macro_auc)
2026-09-23 07:40:26,490 INFO train epoch 53/100 batch 13/66 (20%) running_loss=0.3411
2026-09-23 07:40:28,495 INFO train epoch 53/100 batch 26/66 (39%) running_loss=0.3442
2026-09-23 07:40:30,401 INFO train epoch 53/100 batch 39/66 (59%) running_loss=0.3390
2026-09-23 07:40:32,300 INFO train epoch 53/100 batch 52/66 (79%) running_loss=0.3331
2026-09-23 07:40:34,166 INFO train epoch 53/100 batch 65/66 (98%) running_loss=0.3335
2026-09-23 07:40:34,315 INFO train epoch 53/100 batch 66/66 (100%) running_loss=0.3332
2026-09-23 07:40:35,531 INFO epoch 53/100 done: train_loss=0.3332 val_loss=0.2309 val_accuracy=0.9283 val_macro_f1=0.9047 val_macro_auc=0.9839 (checkpoint_metric=macro_auc)
2026-09-23 07:40:37,998 INFO train epoch 54/100 batch 13/66 (20%) running_loss=0.3202
2026-09-23 07:40:39,911 INFO train epoch 54/100 batch 26/66 (39%) running_loss=0.3206
2026-09-23 07:40:41,792 INFO train epoch 54/100 batch 39/66 (59%) running_loss=0.3226
2026-09-23 07:40:43,669 INFO train epoch 54/100 batch 52/66 (79%) running_loss=0.3231
2026-09-23 07:40:45,534 INFO train epoch 54/100 batch 65/66 (98%) running_loss=0.3255
2026-09-23 07:40:45,685 INFO train epoch 54/100 batch 66/66 (100%) running_loss=0.3255
2026-09-23 07:40:46,959 INFO epoch 54/100 done: train_loss=0.3255 val_loss=0.2369 val_accuracy=0.9262 val_macro_f1=0.9002 val_macro_auc=0.9831 (checkpoint_metric=macro_auc)
2026-09-23 07:40:49,386 INFO train epoch 55/100 batch 13/66 (20%) running_loss=0.3352
2026-09-23 07:40:51,312 INFO train epoch 55/100 batch 26/66 (39%) running_loss=0.3387
2026-09-23 07:40:53,270 INFO train epoch 55/100 batch 39/66 (59%) running_loss=0.3382
2026-09-23 07:40:55,170 INFO train epoch 55/100 batch 52/66 (79%) running_loss=0.3332
2026-09-23 07:40:57,241 INFO train epoch 55/100 batch 65/66 (98%) running_loss=0.3305
2026-09-23 07:40:57,395 INFO train epoch 55/100 batch 66/66 (100%) running_loss=0.3304
2026-09-23 07:40:58,716 INFO epoch 55/100 done: train_loss=0.3304 val_loss=0.2358 val_accuracy=0.9303 val_macro_f1=0.9054 val_macro_auc=0.9832 (checkpoint_metric=macro_auc)
2026-09-23 07:41:01,177 INFO train epoch 56/100 batch 13/66 (20%) running_loss=0.3261
2026-09-23 07:41:03,116 INFO train epoch 56/100 batch 26/66 (39%) running_loss=0.3244
2026-09-23 07:41:05,056 INFO train epoch 56/100 batch 39/66 (59%) running_loss=0.3230
2026-09-23 07:41:06,999 INFO train epoch 56/100 batch 52/66 (79%) running_loss=0.3212
2026-09-23 07:41:08,919 INFO train epoch 56/100 batch 65/66 (98%) running_loss=0.3225
2026-09-23 07:41:09,071 INFO train epoch 56/100 batch 66/66 (100%) running_loss=0.3222
2026-09-23 07:41:10,361 INFO epoch 56/100 done: train_loss=0.3222 val_loss=0.2296 val_accuracy=0.9324 val_macro_f1=0.9076 val_macro_auc=0.9850 (checkpoint_metric=macro_auc)
2026-09-23 07:41:12,809 INFO train epoch 57/100 batch 13/66 (20%) running_loss=0.3127
2026-09-23 07:41:14,702 INFO train epoch 57/100 batch 26/66 (39%) running_loss=0.3184
2026-09-23 07:41:16,613 INFO train epoch 57/100 batch 39/66 (59%) running_loss=0.3228
2026-09-23 07:41:18,542 INFO train epoch 57/100 batch 52/66 (79%) running_loss=0.3256
2026-09-23 07:41:20,427 INFO train epoch 57/100 batch 65/66 (98%) running_loss=0.3242
2026-09-23 07:41:20,573 INFO train epoch 57/100 batch 66/66 (100%) running_loss=0.3242
2026-09-23 07:41:21,859 INFO epoch 57/100 done: train_loss=0.3242 val_loss=0.2174 val_accuracy=0.9344 val_macro_f1=0.9106 val_macro_auc=0.9858 (checkpoint_metric=macro_auc)
2026-09-23 07:41:24,391 INFO train epoch 58/100 batch 13/66 (20%) running_loss=0.3192
2026-09-23 07:41:26,354 INFO train epoch 58/100 batch 26/66 (39%) running_loss=0.3212
2026-09-23 07:41:28,314 INFO train epoch 58/100 batch 39/66 (59%) running_loss=0.3308
2026-09-23 07:41:30,260 INFO train epoch 58/100 batch 52/66 (79%) running_loss=0.3282
2026-09-23 07:41:32,162 INFO train epoch 58/100 batch 65/66 (98%) running_loss=0.3281
2026-09-23 07:41:32,310 INFO train epoch 58/100 batch 66/66 (100%) running_loss=0.3280
2026-09-23 07:41:35,000 INFO epoch 58/100 done: train_loss=0.3280 val_loss=0.2176 val_accuracy=0.9344 val_macro_f1=0.9105 val_macro_auc=0.9870 (checkpoint_metric=macro_auc) [new best]
2026-09-23 07:41:37,438 INFO train epoch 59/100 batch 13/66 (20%) running_loss=0.3157
2026-09-23 07:41:39,348 INFO train epoch 59/100 batch 26/66 (39%) running_loss=0.3173
2026-09-23 07:41:41,282 INFO train epoch 59/100 batch 39/66 (59%) running_loss=0.3189
2026-09-23 07:41:43,218 INFO train epoch 59/100 batch 52/66 (79%) running_loss=0.3186
2026-09-23 07:41:45,117 INFO train epoch 59/100 batch 65/66 (98%) running_loss=0.3177
2026-09-23 07:41:45,264 INFO train epoch 59/100 batch 66/66 (100%) running_loss=0.3183
2026-09-23 07:41:47,968 INFO epoch 59/100 done: train_loss=0.3183 val_loss=0.2143 val_accuracy=0.9324 val_macro_f1=0.9072 val_macro_auc=0.9869 (checkpoint_metric=macro_auc) [new best]
2026-09-23 07:41:50,676 INFO train epoch 60/100 batch 13/66 (20%) running_loss=0.3304
2026-09-23 07:41:52,691 INFO train epoch 60/100 batch 26/66 (39%) running_loss=0.3259
2026-09-23 07:41:54,603 INFO train epoch 60/100 batch 39/66 (59%) running_loss=0.3254
2026-09-23 07:41:56,495 INFO train epoch 60/100 batch 52/66 (79%) running_loss=0.3258
2026-09-23 07:41:58,402 INFO train epoch 60/100 batch 65/66 (98%) running_loss=0.3255
2026-09-23 07:41:58,553 INFO train epoch 60/100 batch 66/66 (100%) running_loss=0.3260
2026-09-23 07:42:01,184 INFO epoch 60/100 done: train_loss=0.3260 val_loss=0.2180 val_accuracy=0.9344 val_macro_f1=0.9112 val_macro_auc=0.9866 (checkpoint_metric=macro_auc) [new best]
2026-09-23 07:42:03,646 INFO train epoch 61/100 batch 13/66 (20%) running_loss=0.3369
2026-09-23 07:42:05,563 INFO train epoch 61/100 batch 26/66 (39%) running_loss=0.3253
2026-09-23 07:42:07,474 INFO train epoch 61/100 batch 39/66 (59%) running_loss=0.3314
2026-09-23 07:42:09,421 INFO train epoch 61/100 batch 52/66 (79%) running_loss=0.3279
2026-09-23 07:42:11,350 INFO train epoch 61/100 batch 65/66 (98%) running_loss=0.3272
2026-09-23 07:42:11,498 INFO train epoch 61/100 batch 66/66 (100%) running_loss=0.3269
2026-09-23 07:42:12,777 INFO epoch 61/100 done: train_loss=0.3269 val_loss=0.2327 val_accuracy=0.9344 val_macro_f1=0.9107 val_macro_auc=0.9841 (checkpoint_metric=macro_auc)
2026-09-23 07:42:15,179 INFO train epoch 62/100 batch 13/66 (20%) running_loss=0.3189
2026-09-23 07:42:17,057 INFO train epoch 62/100 batch 26/66 (39%) running_loss=0.3224
2026-09-23 07:42:18,983 INFO train epoch 62/100 batch 39/66 (59%) running_loss=0.3273
2026-09-23 07:42:20,908 INFO train epoch 62/100 batch 52/66 (79%) running_loss=0.3264
2026-09-23 07:42:22,793 INFO train epoch 62/100 batch 65/66 (98%) running_loss=0.3280
2026-09-23 07:42:22,944 INFO train epoch 62/100 batch 66/66 (100%) running_loss=0.3279
2026-09-23 07:42:24,137 INFO epoch 62/100 done: train_loss=0.3279 val_loss=0.2106 val_accuracy=0.9385 val_macro_f1=0.9153 val_macro_auc=0.9866 (checkpoint_metric=macro_auc)
2026-09-23 07:42:26,547 INFO train epoch 63/100 batch 13/66 (20%) running_loss=0.3139
2026-09-23 07:42:28,461 INFO train epoch 63/100 batch 26/66 (39%) running_loss=0.3181
2026-09-23 07:42:30,361 INFO train epoch 63/100 batch 39/66 (59%) running_loss=0.3219
2026-09-23 07:42:32,265 INFO train epoch 63/100 batch 52/66 (79%) running_loss=0.3209
2026-09-23 07:42:34,130 INFO train epoch 63/100 batch 65/66 (98%) running_loss=0.3208
2026-09-23 07:42:34,277 INFO train epoch 63/100 batch 66/66 (100%) running_loss=0.3212
2026-09-23 07:42:35,488 INFO epoch 63/100 done: train_loss=0.3212 val_loss=0.2212 val_accuracy=0.9303 val_macro_f1=0.9050 val_macro_auc=0.9857 (checkpoint_metric=macro_auc)
2026-09-23 07:42:38,005 INFO train epoch 64/100 batch 13/66 (20%) running_loss=0.3162
2026-09-23 07:42:39,952 INFO train epoch 64/100 batch 26/66 (39%) running_loss=0.3184
2026-09-23 07:42:41,866 INFO train epoch 64/100 batch 39/66 (59%) running_loss=0.3166
2026-09-23 07:42:43,758 INFO train epoch 64/100 batch 52/66 (79%) running_loss=0.3169
2026-09-23 07:42:45,645 INFO train epoch 64/100 batch 65/66 (98%) running_loss=0.3167
2026-09-23 07:42:45,793 INFO train epoch 64/100 batch 66/66 (100%) running_loss=0.3166
2026-09-23 07:42:47,047 INFO epoch 64/100 done: train_loss=0.3166 val_loss=0.2241 val_accuracy=0.9262 val_macro_f1=0.9002 val_macro_auc=0.9860 (checkpoint_metric=macro_auc)
2026-09-23 07:42:49,490 INFO train epoch 65/100 batch 13/66 (20%) running_loss=0.3254
2026-09-23 07:42:51,430 INFO train epoch 65/100 batch 26/66 (39%) running_loss=0.3233
2026-09-23 07:42:53,339 INFO train epoch 65/100 batch 39/66 (59%) running_loss=0.3269
2026-09-23 07:42:55,253 INFO train epoch 65/100 batch 52/66 (79%) running_loss=0.3257
2026-09-23 07:42:57,130 INFO train epoch 65/100 batch 65/66 (98%) running_loss=0.3254
2026-09-23 07:42:57,278 INFO train epoch 65/100 batch 66/66 (100%) running_loss=0.3256
2026-09-23 07:42:58,582 INFO epoch 65/100 done: train_loss=0.3256 val_loss=0.2355 val_accuracy=0.9324 val_macro_f1=0.9094 val_macro_auc=0.9841 (checkpoint_metric=macro_auc)
2026-09-23 07:43:00,999 INFO train epoch 66/100 batch 13/66 (20%) running_loss=0.3253
2026-09-23 07:43:03,048 INFO train epoch 66/100 batch 26/66 (39%) running_loss=0.3250
2026-09-23 07:43:05,031 INFO train epoch 66/100 batch 39/66 (59%) running_loss=0.3257
2026-09-23 07:43:06,983 INFO train epoch 66/100 batch 52/66 (79%) running_loss=0.3229
2026-09-23 07:43:08,871 INFO train epoch 66/100 batch 65/66 (98%) running_loss=0.3207
2026-09-23 07:43:09,019 INFO train epoch 66/100 batch 66/66 (100%) running_loss=0.3212
2026-09-23 07:43:10,327 INFO epoch 66/100 done: train_loss=0.3212 val_loss=0.2366 val_accuracy=0.9221 val_macro_f1=0.8953 val_macro_auc=0.9837 (checkpoint_metric=macro_auc)
2026-09-23 07:43:12,753 INFO train epoch 67/100 batch 13/66 (20%) running_loss=0.3222
2026-09-23 07:43:14,628 INFO train epoch 67/100 batch 26/66 (39%) running_loss=0.3172
2026-09-23 07:43:16,541 INFO train epoch 67/100 batch 39/66 (59%) running_loss=0.3179
2026-09-23 07:43:18,454 INFO train epoch 67/100 batch 52/66 (79%) running_loss=0.3161
2026-09-23 07:43:20,340 INFO train epoch 67/100 batch 65/66 (98%) running_loss=0.3144
2026-09-23 07:43:20,488 INFO train epoch 67/100 batch 66/66 (100%) running_loss=0.3144
2026-09-23 07:43:21,721 INFO epoch 67/100 done: train_loss=0.3144 val_loss=0.2396 val_accuracy=0.9283 val_macro_f1=0.9035 val_macro_auc=0.9833 (checkpoint_metric=macro_auc)
2026-09-23 07:43:24,139 INFO train epoch 68/100 batch 13/66 (20%) running_loss=0.3167
2026-09-23 07:43:26,065 INFO train epoch 68/100 batch 26/66 (39%) running_loss=0.3192
2026-09-23 07:43:27,980 INFO train epoch 68/100 batch 39/66 (59%) running_loss=0.3193
2026-09-23 07:43:29,857 INFO train epoch 68/100 batch 52/66 (79%) running_loss=0.3180
2026-09-23 07:43:31,717 INFO train epoch 68/100 batch 65/66 (98%) running_loss=0.3189
2026-09-23 07:43:31,863 INFO train epoch 68/100 batch 66/66 (100%) running_loss=0.3192
2026-09-23 07:43:33,089 INFO epoch 68/100 done: train_loss=0.3192 val_loss=0.2259 val_accuracy=0.9365 val_macro_f1=0.9134 val_macro_auc=0.9845 (checkpoint_metric=macro_auc)
2026-09-23 07:43:35,488 INFO train epoch 69/100 batch 13/66 (20%) running_loss=0.3230
2026-09-23 07:43:37,372 INFO train epoch 69/100 batch 26/66 (39%) running_loss=0.3179
2026-09-23 07:43:39,257 INFO train epoch 69/100 batch 39/66 (59%) running_loss=0.3232
2026-09-23 07:43:41,146 INFO train epoch 69/100 batch 52/66 (79%) running_loss=0.3242
2026-09-23 07:43:43,079 INFO train epoch 69/100 batch 65/66 (98%) running_loss=0.3247
2026-09-23 07:43:43,232 INFO train epoch 69/100 batch 66/66 (100%) running_loss=0.3253
2026-09-23 07:43:44,508 INFO epoch 69/100 done: train_loss=0.3253 val_loss=0.2052 val_accuracy=0.9406 val_macro_f1=0.9167 val_macro_auc=0.9867 (checkpoint_metric=macro_auc)
2026-09-23 07:43:46,985 INFO train epoch 70/100 batch 13/66 (20%) running_loss=0.3137
2026-09-23 07:43:48,941 INFO train epoch 70/100 batch 26/66 (39%) running_loss=0.3138
2026-09-23 07:43:50,865 INFO train epoch 70/100 batch 39/66 (59%) running_loss=0.3167
2026-09-23 07:43:52,784 INFO train epoch 70/100 batch 52/66 (79%) running_loss=0.3161
2026-09-23 07:43:54,693 INFO train epoch 70/100 batch 65/66 (98%) running_loss=0.3166
2026-09-23 07:43:54,841 INFO train epoch 70/100 batch 66/66 (100%) running_loss=0.3166
2026-09-23 07:43:56,082 INFO epoch 70/100 done: train_loss=0.3166 val_loss=0.2222 val_accuracy=0.9406 val_macro_f1=0.9198 val_macro_auc=0.9857 (checkpoint_metric=macro_auc)
2026-09-23 07:43:58,560 INFO train epoch 71/100 batch 13/66 (20%) running_loss=0.3152
2026-09-23 07:44:00,487 INFO train epoch 71/100 batch 26/66 (39%) running_loss=0.3162
2026-09-23 07:44:02,554 INFO train epoch 71/100 batch 39/66 (59%) running_loss=0.3178
2026-09-23 07:44:04,471 INFO train epoch 71/100 batch 52/66 (79%) running_loss=0.3171
2026-09-23 07:44:06,372 INFO train epoch 71/100 batch 65/66 (98%) running_loss=0.3222
2026-09-23 07:44:06,523 INFO train epoch 71/100 batch 66/66 (100%) running_loss=0.3220
2026-09-23 07:44:07,794 INFO epoch 71/100 done: train_loss=0.3220 val_loss=0.2369 val_accuracy=0.9303 val_macro_f1=0.9068 val_macro_auc=0.9839 (checkpoint_metric=macro_auc)
2026-09-23 07:44:10,235 INFO train epoch 72/100 batch 13/66 (20%) running_loss=0.3189
2026-09-23 07:44:12,120 INFO train epoch 72/100 batch 26/66 (39%) running_loss=0.3177
2026-09-23 07:44:14,046 INFO train epoch 72/100 batch 39/66 (59%) running_loss=0.3199
2026-09-23 07:44:15,982 INFO train epoch 72/100 batch 52/66 (79%) running_loss=0.3183
2026-09-23 07:44:17,883 INFO train epoch 72/100 batch 65/66 (98%) running_loss=0.3182
2026-09-23 07:44:18,031 INFO train epoch 72/100 batch 66/66 (100%) running_loss=0.3181
2026-09-23 07:44:19,318 INFO epoch 72/100 done: train_loss=0.3181 val_loss=0.2131 val_accuracy=0.9385 val_macro_f1=0.9161 val_macro_auc=0.9856 (checkpoint_metric=macro_auc)
2026-09-23 07:44:21,658 INFO train epoch 73/100 batch 13/66 (20%) running_loss=0.3219
2026-09-23 07:44:23,575 INFO train epoch 73/100 batch 26/66 (39%) running_loss=0.3235
2026-09-23 07:44:25,492 INFO train epoch 73/100 batch 39/66 (59%) running_loss=0.3198
2026-09-23 07:44:27,372 INFO train epoch 73/100 batch 52/66 (79%) running_loss=0.3195
2026-09-23 07:44:29,222 INFO train epoch 73/100 batch 65/66 (98%) running_loss=0.3178
2026-09-23 07:44:29,369 INFO train epoch 73/100 batch 66/66 (100%) running_loss=0.3177
2026-09-23 07:44:30,658 INFO epoch 73/100 done: train_loss=0.3177 val_loss=0.2269 val_accuracy=0.9324 val_macro_f1=0.9087 val_macro_auc=0.9847 (checkpoint_metric=macro_auc)
2026-09-23 07:44:33,045 INFO train epoch 74/100 batch 13/66 (20%) running_loss=0.3228
2026-09-23 07:44:34,918 INFO train epoch 74/100 batch 26/66 (39%) running_loss=0.3209
2026-09-23 07:44:36,807 INFO train epoch 74/100 batch 39/66 (59%) running_loss=0.3203
2026-09-23 07:44:38,723 INFO train epoch 74/100 batch 52/66 (79%) running_loss=0.3204
2026-09-23 07:44:40,614 INFO train epoch 74/100 batch 65/66 (98%) running_loss=0.3185
2026-09-23 07:44:40,765 INFO train epoch 74/100 batch 66/66 (100%) running_loss=0.3184
2026-09-23 07:44:42,053 INFO epoch 74/100 done: train_loss=0.3184 val_loss=0.2188 val_accuracy=0.9385 val_macro_f1=0.9167 val_macro_auc=0.9848 (checkpoint_metric=macro_auc)
2026-09-23 07:44:44,569 INFO train epoch 75/100 batch 13/66 (20%) running_loss=0.3226
2026-09-23 07:44:46,540 INFO train epoch 75/100 batch 26/66 (39%) running_loss=0.3172
2026-09-23 07:44:48,462 INFO train epoch 75/100 batch 39/66 (59%) running_loss=0.3186
2026-09-23 07:44:50,396 INFO train epoch 75/100 batch 52/66 (79%) running_loss=0.3184
2026-09-23 07:44:52,303 INFO train epoch 75/100 batch 65/66 (98%) running_loss=0.3169
2026-09-23 07:44:52,450 INFO train epoch 75/100 batch 66/66 (100%) running_loss=0.3169
2026-09-23 07:44:53,718 INFO epoch 75/100 done: train_loss=0.3169 val_loss=0.2181 val_accuracy=0.9385 val_macro_f1=0.9164 val_macro_auc=0.9844 (checkpoint_metric=macro_auc)
2026-09-23 07:44:56,068 INFO train epoch 76/100 batch 13/66 (20%) running_loss=0.3145
2026-09-23 07:44:57,976 INFO train epoch 76/100 batch 26/66 (39%) running_loss=0.3117
2026-09-23 07:44:59,906 INFO train epoch 76/100 batch 39/66 (59%) running_loss=0.3138
2026-09-23 07:45:01,823 INFO train epoch 76/100 batch 52/66 (79%) running_loss=0.3153
2026-09-23 07:45:03,717 INFO train epoch 76/100 batch 65/66 (98%) running_loss=0.3156
2026-09-23 07:45:03,865 INFO train epoch 76/100 batch 66/66 (100%) running_loss=0.3158
2026-09-23 07:45:05,121 INFO epoch 76/100 done: train_loss=0.3158 val_loss=0.2299 val_accuracy=0.9344 val_macro_f1=0.9117 val_macro_auc=0.9838 (checkpoint_metric=macro_auc)
2026-09-23 07:45:07,463 INFO train epoch 77/100 batch 13/66 (20%) running_loss=0.3213
2026-09-23 07:45:09,369 INFO train epoch 77/100 batch 26/66 (39%) running_loss=0.3185
2026-09-23 07:45:11,277 INFO train epoch 77/100 batch 39/66 (59%) running_loss=0.3150
2026-09-23 07:45:13,180 INFO train epoch 77/100 batch 52/66 (79%) running_loss=0.3126
2026-09-23 07:45:15,045 INFO train epoch 77/100 batch 65/66 (98%) running_loss=0.3165
2026-09-23 07:45:15,193 INFO train epoch 77/100 batch 66/66 (100%) running_loss=0.3164
2026-09-23 07:45:16,471 INFO epoch 77/100 done: train_loss=0.3164 val_loss=0.2190 val_accuracy=0.9365 val_macro_f1=0.9134 val_macro_auc=0.9850 (checkpoint_metric=macro_auc)
2026-09-23 07:45:18,919 INFO train epoch 78/100 batch 13/66 (20%) running_loss=0.3152
2026-09-23 07:45:20,804 INFO train epoch 78/100 batch 26/66 (39%) running_loss=0.3186
2026-09-23 07:45:22,701 INFO train epoch 78/100 batch 39/66 (59%) running_loss=0.3160
2026-09-23 07:45:24,611 INFO train epoch 78/100 batch 52/66 (79%) running_loss=0.3144
2026-09-23 07:45:26,508 INFO train epoch 78/100 batch 65/66 (98%) running_loss=0.3151
2026-09-23 07:45:26,655 INFO train epoch 78/100 batch 66/66 (100%) running_loss=0.3161
2026-09-23 07:45:27,863 INFO epoch 78/100 done: train_loss=0.3161 val_loss=0.2281 val_accuracy=0.9344 val_macro_f1=0.9111 val_macro_auc=0.9843 (checkpoint_metric=macro_auc)
2026-09-23 07:45:30,240 INFO train epoch 79/100 batch 13/66 (20%) running_loss=0.3161
2026-09-23 07:45:32,121 INFO train epoch 79/100 batch 26/66 (39%) running_loss=0.3142
2026-09-23 07:45:34,014 INFO train epoch 79/100 batch 39/66 (59%) running_loss=0.3136
2026-09-23 07:45:35,967 INFO train epoch 79/100 batch 52/66 (79%) running_loss=0.3145
2026-09-23 07:45:37,828 INFO train epoch 79/100 batch 65/66 (98%) running_loss=0.3155
2026-09-23 07:45:37,976 INFO train epoch 79/100 batch 66/66 (100%) running_loss=0.3154
2026-09-23 07:45:39,255 INFO epoch 79/100 done: train_loss=0.3154 val_loss=0.2256 val_accuracy=0.9344 val_macro_f1=0.9120 val_macro_auc=0.9846 (checkpoint_metric=macro_auc)
2026-09-23 07:45:41,707 INFO train epoch 80/100 batch 13/66 (20%) running_loss=0.3160
2026-09-23 07:45:43,608 INFO train epoch 80/100 batch 26/66 (39%) running_loss=0.3212
2026-09-23 07:45:45,500 INFO train epoch 80/100 batch 39/66 (59%) running_loss=0.3181
2026-09-23 07:45:47,395 INFO train epoch 80/100 batch 52/66 (79%) running_loss=0.3169
2026-09-23 07:45:49,266 INFO train epoch 80/100 batch 65/66 (98%) running_loss=0.3165
2026-09-23 07:45:49,413 INFO train epoch 80/100 batch 66/66 (100%) running_loss=0.3168
2026-09-23 07:45:50,729 INFO epoch 80/100 done: train_loss=0.3168 val_loss=0.2082 val_accuracy=0.9385 val_macro_f1=0.9154 val_macro_auc=0.9860 (checkpoint_metric=macro_auc)
2026-09-23 07:45:53,111 INFO train epoch 81/100 batch 13/66 (20%) running_loss=0.3204
2026-09-23 07:45:54,996 INFO train epoch 81/100 batch 26/66 (39%) running_loss=0.3203
2026-09-23 07:45:56,936 INFO train epoch 81/100 batch 39/66 (59%) running_loss=0.3194
2026-09-23 07:45:58,876 INFO train epoch 81/100 batch 52/66 (79%) running_loss=0.3177
2026-09-23 07:46:00,803 INFO train epoch 81/100 batch 65/66 (98%) running_loss=0.3196
2026-09-23 07:46:00,956 INFO train epoch 81/100 batch 66/66 (100%) running_loss=0.3195
2026-09-23 07:46:02,210 INFO epoch 81/100 done: train_loss=0.3195 val_loss=0.2382 val_accuracy=0.9283 val_macro_f1=0.9042 val_macro_auc=0.9825 (checkpoint_metric=macro_auc)
2026-09-23 07:46:04,675 INFO train epoch 82/100 batch 13/66 (20%) running_loss=0.3208
2026-09-23 07:46:06,605 INFO train epoch 82/100 batch 26/66 (39%) running_loss=0.3193
2026-09-23 07:46:08,536 INFO train epoch 82/100 batch 39/66 (59%) running_loss=0.3200
2026-09-23 07:46:10,419 INFO train epoch 82/100 batch 52/66 (79%) running_loss=0.3179
2026-09-23 07:46:12,302 INFO train epoch 82/100 batch 65/66 (98%) running_loss=0.3184
2026-09-23 07:46:12,451 INFO train epoch 82/100 batch 66/66 (100%) running_loss=0.3183
2026-09-23 07:46:13,723 INFO epoch 82/100 done: train_loss=0.3183 val_loss=0.2119 val_accuracy=0.9365 val_macro_f1=0.9133 val_macro_auc=0.9854 (checkpoint_metric=macro_auc)
2026-09-23 07:46:16,180 INFO train epoch 83/100 batch 13/66 (20%) running_loss=0.3268
2026-09-23 07:46:18,057 INFO train epoch 83/100 batch 26/66 (39%) running_loss=0.3185
2026-09-23 07:46:19,926 INFO train epoch 83/100 batch 39/66 (59%) running_loss=0.3159
2026-09-23 07:46:21,860 INFO train epoch 83/100 batch 52/66 (79%) running_loss=0.3163
2026-09-23 07:46:23,764 INFO train epoch 83/100 batch 65/66 (98%) running_loss=0.3169
2026-09-23 07:46:23,911 INFO train epoch 83/100 batch 66/66 (100%) running_loss=0.3175
2026-09-23 07:46:25,159 INFO epoch 83/100 done: train_loss=0.3175 val_loss=0.2188 val_accuracy=0.9365 val_macro_f1=0.9141 val_macro_auc=0.9851 (checkpoint_metric=macro_auc)
2026-09-23 07:46:27,615 INFO train epoch 84/100 batch 13/66 (20%) running_loss=0.3062
2026-09-23 07:46:29,497 INFO train epoch 84/100 batch 26/66 (39%) running_loss=0.3154
2026-09-23 07:46:31,406 INFO train epoch 84/100 batch 39/66 (59%) running_loss=0.3130
2026-09-23 07:46:33,306 INFO train epoch 84/100 batch 52/66 (79%) running_loss=0.3124
2026-09-23 07:46:35,177 INFO train epoch 84/100 batch 65/66 (98%) running_loss=0.3135
2026-09-23 07:46:35,325 INFO train epoch 84/100 batch 66/66 (100%) running_loss=0.3134
2026-09-23 07:46:36,580 INFO epoch 84/100 done: train_loss=0.3134 val_loss=0.2321 val_accuracy=0.9324 val_macro_f1=0.9084 val_macro_auc=0.9834 (checkpoint_metric=macro_auc)
2026-09-23 07:46:39,074 INFO train epoch 85/100 batch 13/66 (20%) running_loss=0.3202
2026-09-23 07:46:41,011 INFO train epoch 85/100 batch 26/66 (39%) running_loss=0.3140
2026-09-23 07:46:42,965 INFO train epoch 85/100 batch 39/66 (59%) running_loss=0.3146
2026-09-23 07:46:44,912 INFO train epoch 85/100 batch 52/66 (79%) running_loss=0.3152
2026-09-23 07:46:46,865 INFO train epoch 85/100 batch 65/66 (98%) running_loss=0.3173
2026-09-23 07:46:47,010 INFO train epoch 85/100 batch 66/66 (100%) running_loss=0.3171
2026-09-23 07:46:48,300 INFO epoch 85/100 done: train_loss=0.3171 val_loss=0.2220 val_accuracy=0.9385 val_macro_f1=0.9164 val_macro_auc=0.9851 (checkpoint_metric=macro_auc)
2026-09-23 07:46:50,720 INFO train epoch 86/100 batch 13/66 (20%) running_loss=0.3139
2026-09-23 07:46:52,586 INFO train epoch 86/100 batch 26/66 (39%) running_loss=0.3179
2026-09-23 07:46:54,481 INFO train epoch 86/100 batch 39/66 (59%) running_loss=0.3190
2026-09-23 07:46:56,406 INFO train epoch 86/100 batch 52/66 (79%) running_loss=0.3206
2026-09-23 07:46:58,371 INFO train epoch 86/100 batch 65/66 (98%) running_loss=0.3203
2026-09-23 07:46:58,525 INFO train epoch 86/100 batch 66/66 (100%) running_loss=0.3202
2026-09-23 07:46:59,843 INFO epoch 86/100 done: train_loss=0.3202 val_loss=0.2263 val_accuracy=0.9344 val_macro_f1=0.9117 val_macro_auc=0.9840 (checkpoint_metric=macro_auc)
2026-09-23 07:47:02,289 INFO train epoch 87/100 batch 13/66 (20%) running_loss=0.3131
2026-09-23 07:47:04,191 INFO train epoch 87/100 batch 26/66 (39%) running_loss=0.3135
2026-09-23 07:47:06,071 INFO train epoch 87/100 batch 39/66 (59%) running_loss=0.3171
2026-09-23 07:47:07,963 INFO train epoch 87/100 batch 52/66 (79%) running_loss=0.3154
2026-09-23 07:47:09,853 INFO train epoch 87/100 batch 65/66 (98%) running_loss=0.3141
2026-09-23 07:47:10,000 INFO train epoch 87/100 batch 66/66 (100%) running_loss=0.3140
2026-09-23 07:47:11,306 INFO epoch 87/100 done: train_loss=0.3140 val_loss=0.2014 val_accuracy=0.9406 val_macro_f1=0.9171 val_macro_auc=0.9863 (checkpoint_metric=macro_auc)
2026-09-23 07:47:13,704 INFO train epoch 88/100 batch 13/66 (20%) running_loss=0.3123
2026-09-23 07:47:15,581 INFO train epoch 88/100 batch 26/66 (39%) running_loss=0.3131
2026-09-23 07:47:17,457 INFO train epoch 88/100 batch 39/66 (59%) running_loss=0.3129
2026-09-23 07:47:19,330 INFO train epoch 88/100 batch 52/66 (79%) running_loss=0.3151
2026-09-23 07:47:21,189 INFO train epoch 88/100 batch 65/66 (98%) running_loss=0.3172
2026-09-23 07:47:21,341 INFO train epoch 88/100 batch 66/66 (100%) running_loss=0.3171
2026-09-23 07:47:22,632 INFO epoch 88/100 done: train_loss=0.3171 val_loss=0.2049 val_accuracy=0.9406 val_macro_f1=0.9182 val_macro_auc=0.9864 (checkpoint_metric=macro_auc)
2026-09-23 07:47:25,075 INFO train epoch 89/100 batch 13/66 (20%) running_loss=0.3209
2026-09-23 07:47:26,969 INFO train epoch 89/100 batch 26/66 (39%) running_loss=0.3268
2026-09-23 07:47:28,905 INFO train epoch 89/100 batch 39/66 (59%) running_loss=0.3220
2026-09-23 07:47:31,001 INFO train epoch 89/100 batch 52/66 (79%) running_loss=0.3199
2026-09-23 07:47:32,873 INFO train epoch 89/100 batch 65/66 (98%) running_loss=0.3188
2026-09-23 07:47:33,020 INFO train epoch 89/100 batch 66/66 (100%) running_loss=0.3187
2026-09-23 07:47:34,366 INFO epoch 89/100 done: train_loss=0.3187 val_loss=0.2023 val_accuracy=0.9406 val_macro_f1=0.9185 val_macro_auc=0.9868 (checkpoint_metric=macro_auc)
2026-09-23 07:47:36,811 INFO train epoch 90/100 batch 13/66 (20%) running_loss=0.3108
2026-09-23 07:47:38,753 INFO train epoch 90/100 batch 26/66 (39%) running_loss=0.3175
2026-09-23 07:47:40,800 INFO train epoch 90/100 batch 39/66 (59%) running_loss=0.3166
2026-09-23 07:47:42,861 INFO train epoch 90/100 batch 52/66 (79%) running_loss=0.3145
2026-09-23 07:47:44,717 INFO train epoch 90/100 batch 65/66 (98%) running_loss=0.3149
2026-09-23 07:47:44,869 INFO train epoch 90/100 batch 66/66 (100%) running_loss=0.3148
2026-09-23 07:47:46,152 INFO epoch 90/100 done: train_loss=0.3148 val_loss=0.2277 val_accuracy=0.9365 val_macro_f1=0.9144 val_macro_auc=0.9844 (checkpoint_metric=macro_auc)
2026-09-23 07:47:48,545 INFO train epoch 91/100 batch 13/66 (20%) running_loss=0.3105
2026-09-23 07:47:50,419 INFO train epoch 91/100 batch 26/66 (39%) running_loss=0.3116
2026-09-23 07:47:52,304 INFO train epoch 91/100 batch 39/66 (59%) running_loss=0.3140
2026-09-23 07:47:54,205 INFO train epoch 91/100 batch 52/66 (79%) running_loss=0.3150
2026-09-23 07:47:56,091 INFO train epoch 91/100 batch 65/66 (98%) running_loss=0.3139
2026-09-23 07:47:56,240 INFO train epoch 91/100 batch 66/66 (100%) running_loss=0.3144
2026-09-23 07:47:57,468 INFO epoch 91/100 done: train_loss=0.3144 val_loss=0.2241 val_accuracy=0.9344 val_macro_f1=0.9111 val_macro_auc=0.9840 (checkpoint_metric=macro_auc)
2026-09-23 07:47:59,895 INFO train epoch 92/100 batch 13/66 (20%) running_loss=0.3106
2026-09-23 07:48:01,789 INFO train epoch 92/100 batch 26/66 (39%) running_loss=0.3117
2026-09-23 07:48:03,679 INFO train epoch 92/100 batch 39/66 (59%) running_loss=0.3120
2026-09-23 07:48:05,635 INFO train epoch 92/100 batch 52/66 (79%) running_loss=0.3120
2026-09-23 07:48:07,557 INFO train epoch 92/100 batch 65/66 (98%) running_loss=0.3133
2026-09-23 07:48:07,707 INFO train epoch 92/100 batch 66/66 (100%) running_loss=0.3133
2026-09-23 07:48:08,936 INFO epoch 92/100 done: train_loss=0.3133 val_loss=0.2079 val_accuracy=0.9365 val_macro_f1=0.9123 val_macro_auc=0.9856 (checkpoint_metric=macro_auc)
2026-09-23 07:48:11,373 INFO train epoch 93/100 batch 13/66 (20%) running_loss=0.3208
2026-09-23 07:48:13,292 INFO train epoch 93/100 batch 26/66 (39%) running_loss=0.3165
2026-09-23 07:48:15,210 INFO train epoch 93/100 batch 39/66 (59%) running_loss=0.3144
2026-09-23 07:48:17,096 INFO train epoch 93/100 batch 52/66 (79%) running_loss=0.3135
2026-09-23 07:48:18,954 INFO train epoch 93/100 batch 65/66 (98%) running_loss=0.3149
2026-09-23 07:48:19,100 INFO train epoch 93/100 batch 66/66 (100%) running_loss=0.3157
2026-09-23 07:48:20,366 INFO epoch 93/100 done: train_loss=0.3157 val_loss=0.2168 val_accuracy=0.9365 val_macro_f1=0.9144 val_macro_auc=0.9844 (checkpoint_metric=macro_auc)
2026-09-23 07:48:22,701 INFO train epoch 94/100 batch 13/66 (20%) running_loss=0.3105
2026-09-23 07:48:24,578 INFO train epoch 94/100 batch 26/66 (39%) running_loss=0.3097
2026-09-23 07:48:26,455 INFO train epoch 94/100 batch 39/66 (59%) running_loss=0.3106
2026-09-23 07:48:28,331 INFO train epoch 94/100 batch 52/66 (79%) running_loss=0.3114
2026-09-23 07:48:30,200 INFO train epoch 94/100 batch 65/66 (98%) running_loss=0.3115
2026-09-23 07:48:30,353 INFO train epoch 94/100 batch 66/66 (100%) running_loss=0.3115
2026-09-23 07:48:31,585 INFO epoch 94/100 done: train_loss=0.3115 val_loss=0.2373 val_accuracy=0.9324 val_macro_f1=0.9091 val_macro_auc=0.9834 (checkpoint_metric=macro_auc)
2026-09-23 07:48:33,966 INFO train epoch 95/100 batch 13/66 (20%) running_loss=0.3138
2026-09-23 07:48:35,875 INFO train epoch 95/100 batch 26/66 (39%) running_loss=0.3144
2026-09-23 07:48:37,771 INFO train epoch 95/100 batch 39/66 (59%) running_loss=0.3145
2026-09-23 07:48:39,635 INFO train epoch 95/100 batch 52/66 (79%) running_loss=0.3151
2026-09-23 07:48:41,508 INFO train epoch 95/100 batch 65/66 (98%) running_loss=0.3146
2026-09-23 07:48:41,655 INFO train epoch 95/100 batch 66/66 (100%) running_loss=0.3145
2026-09-23 07:48:42,870 INFO epoch 95/100 done: train_loss=0.3145 val_loss=0.2206 val_accuracy=0.9344 val_macro_f1=0.9111 val_macro_auc=0.9843 (checkpoint_metric=macro_auc)
2026-09-23 07:48:45,232 INFO train epoch 96/100 batch 13/66 (20%) running_loss=0.3134
2026-09-23 07:48:47,137 INFO train epoch 96/100 batch 26/66 (39%) running_loss=0.3110
2026-09-23 07:48:49,071 INFO train epoch 96/100 batch 39/66 (59%) running_loss=0.3103
2026-09-23 07:48:50,977 INFO train epoch 96/100 batch 52/66 (79%) running_loss=0.3115
2026-09-23 07:48:52,846 INFO train epoch 96/100 batch 65/66 (98%) running_loss=0.3110
2026-09-23 07:48:52,993 INFO train epoch 96/100 batch 66/66 (100%) running_loss=0.3113
2026-09-23 07:48:54,210 INFO epoch 96/100 done: train_loss=0.3113 val_loss=0.2302 val_accuracy=0.9324 val_macro_f1=0.9084 val_macro_auc=0.9836 (checkpoint_metric=macro_auc)
2026-09-23 07:48:56,684 INFO train epoch 97/100 batch 13/66 (20%) running_loss=0.3130
2026-09-23 07:48:58,630 INFO train epoch 97/100 batch 26/66 (39%) running_loss=0.3130
2026-09-23 07:49:00,540 INFO train epoch 97/100 batch 39/66 (59%) running_loss=0.3134
2026-09-23 07:49:02,440 INFO train epoch 97/100 batch 52/66 (79%) running_loss=0.3175
2026-09-23 07:49:04,332 INFO train epoch 97/100 batch 65/66 (98%) running_loss=0.3166
2026-09-23 07:49:04,483 INFO train epoch 97/100 batch 66/66 (100%) running_loss=0.3165
2026-09-23 07:49:05,765 INFO epoch 97/100 done: train_loss=0.3165 val_loss=0.2185 val_accuracy=0.9344 val_macro_f1=0.9114 val_macro_auc=0.9850 (checkpoint_metric=macro_auc)
2026-09-23 07:49:08,104 INFO train epoch 98/100 batch 13/66 (20%) running_loss=0.3158
2026-09-23 07:49:09,997 INFO train epoch 98/100 batch 26/66 (39%) running_loss=0.3111
2026-09-23 07:49:11,868 INFO train epoch 98/100 batch 39/66 (59%) running_loss=0.3125
2026-09-23 07:49:13,751 INFO train epoch 98/100 batch 52/66 (79%) running_loss=0.3162
2026-09-23 07:49:15,616 INFO train epoch 98/100 batch 65/66 (98%) running_loss=0.3158
2026-09-23 07:49:15,764 INFO train epoch 98/100 batch 66/66 (100%) running_loss=0.3157
2026-09-23 07:49:16,981 INFO epoch 98/100 done: train_loss=0.3157 val_loss=0.2255 val_accuracy=0.9344 val_macro_f1=0.9114 val_macro_auc=0.9837 (checkpoint_metric=macro_auc)
2026-09-23 07:49:19,375 INFO train epoch 99/100 batch 13/66 (20%) running_loss=0.3187
2026-09-23 07:49:21,262 INFO train epoch 99/100 batch 26/66 (39%) running_loss=0.3164
2026-09-23 07:49:23,155 INFO train epoch 99/100 batch 39/66 (59%) running_loss=0.3188
2026-09-23 07:49:25,042 INFO train epoch 99/100 batch 52/66 (79%) running_loss=0.3174
2026-09-23 07:49:26,908 INFO train epoch 99/100 batch 65/66 (98%) running_loss=0.3167
2026-09-23 07:49:27,059 INFO train epoch 99/100 batch 66/66 (100%) running_loss=0.3166
2026-09-23 07:49:28,271 INFO epoch 99/100 done: train_loss=0.3166 val_loss=0.2246 val_accuracy=0.9344 val_macro_f1=0.9111 val_macro_auc=0.9843 (checkpoint_metric=macro_auc)
2026-09-23 07:49:30,727 INFO train epoch 100/100 batch 13/66 (20%) running_loss=0.3164
2026-09-23 07:49:32,648 INFO train epoch 100/100 batch 26/66 (39%) running_loss=0.3183
2026-09-23 07:49:34,568 INFO train epoch 100/100 batch 39/66 (59%) running_loss=0.3172
2026-09-23 07:49:36,458 INFO train epoch 100/100 batch 52/66 (79%) running_loss=0.3167
2026-09-23 07:49:38,333 INFO train epoch 100/100 batch 65/66 (98%) running_loss=0.3163
2026-09-23 07:49:38,485 INFO train epoch 100/100 batch 66/66 (100%) running_loss=0.3164
2026-09-23 07:49:39,702 INFO epoch 100/100 done: train_loss=0.3164 val_loss=0.2253 val_accuracy=0.9324 val_macro_f1=0.9094 val_macro_auc=0.9842 (checkpoint_metric=macro_auc)
2026-09-23 07:49:39,875 INFO Training finished. Best epoch=60, smoothed macro_auc=0.9869 (window=3)
2026-09-23 07:49:42,764 INFO Test set evaluated once: accuracy=0.9072 macro_f1=0.9004 macro_auc=0.9755
2026-09-23 07:49:43,633 INFO Model size: 52.86M params, 1.008 GFLOPs at 96x96
