2026-09-17 18:42:15,632 INFO Starting baseline training: model=efficientnet_v2_s device=cuda amp=True image_size=96 epochs=50 lr=0.001 optimizer=sgd
2026-09-17 18:42:15,884 INFO Dataset ready: 3 classes, 2102 train / 488 val samples (split reused from outputs/baseline_efficientnet_v2_s_96_none_s2/split_indices.json)
2026-09-17 18:42:15,884 INFO Augmentation policy: none (identity)
2026-09-17 18:42:16,558 INFO Classes: {'glioma_tumor': 0, 'meningioma_tumor': 1, 'pituitary_tumor': 2}
2026-09-17 18:42:16,558 INFO Regularization: weight_decay=7.0e-04 label_smoothing=0.10 grad_clip_norm=5.0
2026-09-17 18:42:19,362 INFO train epoch 1/50 batch 13/66 (20%) running_loss=1.1208
2026-09-17 18:42:20,672 INFO train epoch 1/50 batch 26/66 (39%) running_loss=1.1170
2026-09-17 18:42:22,062 INFO train epoch 1/50 batch 39/66 (59%) running_loss=1.1083
2026-09-17 18:42:23,292 INFO train epoch 1/50 batch 52/66 (79%) running_loss=1.0939
2026-09-17 18:42:24,511 INFO train epoch 1/50 batch 65/66 (98%) running_loss=1.0846
2026-09-17 18:42:24,957 INFO train epoch 1/50 batch 66/66 (100%) running_loss=1.0841
2026-09-17 18:42:26,526 INFO epoch 1/50 done: train_loss=1.0841 val_loss=0.9892 val_accuracy=0.6127 val_macro_f1=0.5189 val_macro_auc=0.7028 (checkpoint_metric=macro_auc) [new best]
2026-09-17 18:42:28,229 INFO train epoch 2/50 batch 13/66 (20%) running_loss=1.0086
2026-09-17 18:42:29,450 INFO train epoch 2/50 batch 26/66 (39%) running_loss=1.0062
2026-09-17 18:42:30,680 INFO train epoch 2/50 batch 39/66 (59%) running_loss=1.0001
2026-09-17 18:42:31,986 INFO train epoch 2/50 batch 52/66 (79%) running_loss=0.9925
2026-09-17 18:42:33,222 INFO train epoch 2/50 batch 65/66 (98%) running_loss=0.9839
2026-09-17 18:42:33,317 INFO train epoch 2/50 batch 66/66 (100%) running_loss=0.9836
2026-09-17 18:42:35,006 INFO epoch 2/50 done: train_loss=0.9836 val_loss=0.8470 val_accuracy=0.7520 val_macro_f1=0.6563 val_macro_auc=0.8405 (checkpoint_metric=macro_auc) [new best]
2026-09-17 18:42:36,775 INFO train epoch 3/50 batch 13/66 (20%) running_loss=0.9407
2026-09-17 18:42:38,055 INFO train epoch 3/50 batch 26/66 (39%) running_loss=0.9212
2026-09-17 18:42:39,299 INFO train epoch 3/50 batch 39/66 (59%) running_loss=0.9063
2026-09-17 18:42:40,533 INFO train epoch 3/50 batch 52/66 (79%) running_loss=0.8914
2026-09-17 18:42:41,776 INFO train epoch 3/50 batch 65/66 (98%) running_loss=0.8806
2026-09-17 18:42:41,874 INFO train epoch 3/50 batch 66/66 (100%) running_loss=0.8805
2026-09-17 18:42:43,534 INFO epoch 3/50 done: train_loss=0.8805 val_loss=0.6701 val_accuracy=0.8135 val_macro_f1=0.7266 val_macro_auc=0.9137 (checkpoint_metric=macro_auc) [new best]
2026-09-17 18:42:45,267 INFO train epoch 4/50 batch 13/66 (20%) running_loss=0.8150
2026-09-17 18:42:46,517 INFO train epoch 4/50 batch 26/66 (39%) running_loss=0.8153
2026-09-17 18:42:47,768 INFO train epoch 4/50 batch 39/66 (59%) running_loss=0.8027
2026-09-17 18:42:49,012 INFO train epoch 4/50 batch 52/66 (79%) running_loss=0.7946
2026-09-17 18:42:50,245 INFO train epoch 4/50 batch 65/66 (98%) running_loss=0.7882
2026-09-17 18:42:50,341 INFO train epoch 4/50 batch 66/66 (100%) running_loss=0.7870
2026-09-17 18:42:51,886 INFO epoch 4/50 done: train_loss=0.7870 val_loss=0.5905 val_accuracy=0.8607 val_macro_f1=0.8075 val_macro_auc=0.9463 (checkpoint_metric=macro_auc) [new best]
2026-09-17 18:42:53,615 INFO train epoch 5/50 batch 13/66 (20%) running_loss=0.7761
2026-09-17 18:42:54,873 INFO train epoch 5/50 batch 26/66 (39%) running_loss=0.7433
2026-09-17 18:42:56,127 INFO train epoch 5/50 batch 39/66 (59%) running_loss=0.7207
2026-09-17 18:42:57,382 INFO train epoch 5/50 batch 52/66 (79%) running_loss=0.7060
2026-09-17 18:42:58,609 INFO train epoch 5/50 batch 65/66 (98%) running_loss=0.6973
2026-09-17 18:42:58,703 INFO train epoch 5/50 batch 66/66 (100%) running_loss=0.6976
2026-09-17 18:43:00,363 INFO epoch 5/50 done: train_loss=0.6976 val_loss=0.4361 val_accuracy=0.8689 val_macro_f1=0.8137 val_macro_auc=0.9622 (checkpoint_metric=macro_auc) [new best]
2026-09-17 18:43:02,048 INFO train epoch 6/50 batch 13/66 (20%) running_loss=0.6524
2026-09-17 18:43:03,305 INFO train epoch 6/50 batch 26/66 (39%) running_loss=0.6339
2026-09-17 18:43:04,550 INFO train epoch 6/50 batch 39/66 (59%) running_loss=0.6333
2026-09-17 18:43:05,831 INFO train epoch 6/50 batch 52/66 (79%) running_loss=0.6284
2026-09-17 18:43:07,084 INFO train epoch 6/50 batch 65/66 (98%) running_loss=0.6257
2026-09-17 18:43:07,182 INFO train epoch 6/50 batch 66/66 (100%) running_loss=0.6265
2026-09-17 18:43:08,830 INFO epoch 6/50 done: train_loss=0.6265 val_loss=0.3989 val_accuracy=0.8750 val_macro_f1=0.8326 val_macro_auc=0.9645 (checkpoint_metric=macro_auc) [new best]
2026-09-17 18:43:10,530 INFO train epoch 7/50 batch 13/66 (20%) running_loss=0.5748
2026-09-17 18:43:11,771 INFO train epoch 7/50 batch 26/66 (39%) running_loss=0.5984
2026-09-17 18:43:13,023 INFO train epoch 7/50 batch 39/66 (59%) running_loss=0.6035
2026-09-17 18:43:14,312 INFO train epoch 7/50 batch 52/66 (79%) running_loss=0.5911
2026-09-17 18:43:15,557 INFO train epoch 7/50 batch 65/66 (98%) running_loss=0.5877
2026-09-17 18:43:15,656 INFO train epoch 7/50 batch 66/66 (100%) running_loss=0.5878
2026-09-17 18:43:17,382 INFO epoch 7/50 done: train_loss=0.5878 val_loss=0.3414 val_accuracy=0.8914 val_macro_f1=0.8587 val_macro_auc=0.9773 (checkpoint_metric=macro_auc) [new best]
2026-09-17 18:43:19,092 INFO train epoch 8/50 batch 13/66 (20%) running_loss=0.5575
2026-09-17 18:43:20,337 INFO train epoch 8/50 batch 26/66 (39%) running_loss=0.5538
2026-09-17 18:43:21,880 INFO train epoch 8/50 batch 39/66 (59%) running_loss=0.5497
2026-09-17 18:43:23,249 INFO train epoch 8/50 batch 52/66 (79%) running_loss=0.5447
2026-09-17 18:43:24,533 INFO train epoch 8/50 batch 65/66 (98%) running_loss=0.5427
2026-09-17 18:43:24,629 INFO train epoch 8/50 batch 66/66 (100%) running_loss=0.5432
2026-09-17 18:43:26,311 INFO epoch 8/50 done: train_loss=0.5432 val_loss=0.3115 val_accuracy=0.9057 val_macro_f1=0.8775 val_macro_auc=0.9793 (checkpoint_metric=macro_auc) [new best]
2026-09-17 18:43:28,042 INFO train epoch 9/50 batch 13/66 (20%) running_loss=0.5331
2026-09-17 18:43:29,292 INFO train epoch 9/50 batch 26/66 (39%) running_loss=0.5212
2026-09-17 18:43:30,548 INFO train epoch 9/50 batch 39/66 (59%) running_loss=0.5190
2026-09-17 18:43:31,787 INFO train epoch 9/50 batch 52/66 (79%) running_loss=0.5127
2026-09-17 18:43:33,015 INFO train epoch 9/50 batch 65/66 (98%) running_loss=0.5051
2026-09-17 18:43:33,113 INFO train epoch 9/50 batch 66/66 (100%) running_loss=0.5047
2026-09-17 18:43:34,609 INFO epoch 9/50 done: train_loss=0.5047 val_loss=0.2915 val_accuracy=0.9119 val_macro_f1=0.8832 val_macro_auc=0.9812 (checkpoint_metric=macro_auc) [new best]
2026-09-17 18:43:36,259 INFO train epoch 10/50 batch 13/66 (20%) running_loss=0.4639
2026-09-17 18:43:37,516 INFO train epoch 10/50 batch 26/66 (39%) running_loss=0.4688
2026-09-17 18:43:38,762 INFO train epoch 10/50 batch 39/66 (59%) running_loss=0.4674
2026-09-17 18:43:40,038 INFO train epoch 10/50 batch 52/66 (79%) running_loss=0.4734
2026-09-17 18:43:41,270 INFO train epoch 10/50 batch 65/66 (98%) running_loss=0.4664
2026-09-17 18:43:41,367 INFO train epoch 10/50 batch 66/66 (100%) running_loss=0.4656
2026-09-17 18:43:43,086 INFO epoch 10/50 done: train_loss=0.4656 val_loss=0.2831 val_accuracy=0.9037 val_macro_f1=0.8761 val_macro_auc=0.9822 (checkpoint_metric=macro_auc) [new best]
2026-09-17 18:43:44,739 INFO train epoch 11/50 batch 13/66 (20%) running_loss=0.4418
2026-09-17 18:43:46,019 INFO train epoch 11/50 batch 26/66 (39%) running_loss=0.4367
2026-09-17 18:43:47,358 INFO train epoch 11/50 batch 39/66 (59%) running_loss=0.4333
2026-09-17 18:43:48,607 INFO train epoch 11/50 batch 52/66 (79%) running_loss=0.4323
2026-09-17 18:43:49,844 INFO train epoch 11/50 batch 65/66 (98%) running_loss=0.4325
2026-09-17 18:43:49,941 INFO train epoch 11/50 batch 66/66 (100%) running_loss=0.4335
2026-09-17 18:43:51,696 INFO epoch 11/50 done: train_loss=0.4335 val_loss=0.2783 val_accuracy=0.9037 val_macro_f1=0.8758 val_macro_auc=0.9845 (checkpoint_metric=macro_auc) [new best]
2026-09-17 18:43:53,465 INFO train epoch 12/50 batch 13/66 (20%) running_loss=0.4152
2026-09-17 18:43:54,715 INFO train epoch 12/50 batch 26/66 (39%) running_loss=0.4147
2026-09-17 18:43:55,966 INFO train epoch 12/50 batch 39/66 (59%) running_loss=0.4176
2026-09-17 18:43:57,217 INFO train epoch 12/50 batch 52/66 (79%) running_loss=0.4152
2026-09-17 18:43:58,457 INFO train epoch 12/50 batch 65/66 (98%) running_loss=0.4172
2026-09-17 18:43:58,556 INFO train epoch 12/50 batch 66/66 (100%) running_loss=0.4162
2026-09-17 18:44:00,215 INFO epoch 12/50 done: train_loss=0.4162 val_loss=0.2590 val_accuracy=0.9119 val_macro_f1=0.8825 val_macro_auc=0.9863 (checkpoint_metric=macro_auc) [new best]
2026-09-17 18:44:02,007 INFO train epoch 13/50 batch 13/66 (20%) running_loss=0.4121
2026-09-17 18:44:03,260 INFO train epoch 13/50 batch 26/66 (39%) running_loss=0.4000
2026-09-17 18:44:04,519 INFO train epoch 13/50 batch 39/66 (59%) running_loss=0.3935
2026-09-17 18:44:05,774 INFO train epoch 13/50 batch 52/66 (79%) running_loss=0.3910
2026-09-17 18:44:07,027 INFO train epoch 13/50 batch 65/66 (98%) running_loss=0.3887
2026-09-17 18:44:07,129 INFO train epoch 13/50 batch 66/66 (100%) running_loss=0.3889
2026-09-17 18:44:08,307 INFO epoch 13/50 done: train_loss=0.3889 val_loss=0.2774 val_accuracy=0.9098 val_macro_f1=0.8818 val_macro_auc=0.9816 (checkpoint_metric=macro_auc)
2026-09-17 18:44:10,118 INFO train epoch 14/50 batch 13/66 (20%) running_loss=0.3849
2026-09-17 18:44:11,436 INFO train epoch 14/50 batch 26/66 (39%) running_loss=0.3899
2026-09-17 18:44:12,692 INFO train epoch 14/50 batch 39/66 (59%) running_loss=0.3863
2026-09-17 18:44:13,961 INFO train epoch 14/50 batch 52/66 (79%) running_loss=0.3852
2026-09-17 18:44:15,201 INFO train epoch 14/50 batch 65/66 (98%) running_loss=0.3798
2026-09-17 18:44:15,297 INFO train epoch 14/50 batch 66/66 (100%) running_loss=0.3795
2026-09-17 18:44:16,478 INFO epoch 14/50 done: train_loss=0.3795 val_loss=0.2790 val_accuracy=0.9119 val_macro_f1=0.8860 val_macro_auc=0.9794 (checkpoint_metric=macro_auc)
2026-09-17 18:44:18,132 INFO train epoch 15/50 batch 13/66 (20%) running_loss=0.3700
2026-09-17 18:44:19,373 INFO train epoch 15/50 batch 26/66 (39%) running_loss=0.3638
2026-09-17 18:44:20,612 INFO train epoch 15/50 batch 39/66 (59%) running_loss=0.3722
2026-09-17 18:44:21,839 INFO train epoch 15/50 batch 52/66 (79%) running_loss=0.3710
2026-09-17 18:44:23,078 INFO train epoch 15/50 batch 65/66 (98%) running_loss=0.3694
2026-09-17 18:44:23,174 INFO train epoch 15/50 batch 66/66 (100%) running_loss=0.3692
2026-09-17 18:44:24,285 INFO epoch 15/50 done: train_loss=0.3692 val_loss=0.2787 val_accuracy=0.9078 val_macro_f1=0.8800 val_macro_auc=0.9805 (checkpoint_metric=macro_auc)
2026-09-17 18:44:26,007 INFO train epoch 16/50 batch 13/66 (20%) running_loss=0.3712
2026-09-17 18:44:27,265 INFO train epoch 16/50 batch 26/66 (39%) running_loss=0.3674
2026-09-17 18:44:28,495 INFO train epoch 16/50 batch 39/66 (59%) running_loss=0.3671
2026-09-17 18:44:29,792 INFO train epoch 16/50 batch 52/66 (79%) running_loss=0.3656
2026-09-17 18:44:31,030 INFO train epoch 16/50 batch 65/66 (98%) running_loss=0.3679
2026-09-17 18:44:31,127 INFO train epoch 16/50 batch 66/66 (100%) running_loss=0.3689
2026-09-17 18:44:32,247 INFO epoch 16/50 done: train_loss=0.3689 val_loss=0.2909 val_accuracy=0.9160 val_macro_f1=0.8888 val_macro_auc=0.9762 (checkpoint_metric=macro_auc)
2026-09-17 18:44:33,994 INFO train epoch 17/50 batch 13/66 (20%) running_loss=0.3501
2026-09-17 18:44:35,326 INFO train epoch 17/50 batch 26/66 (39%) running_loss=0.3517
2026-09-17 18:44:36,591 INFO train epoch 17/50 batch 39/66 (59%) running_loss=0.3528
2026-09-17 18:44:37,953 INFO train epoch 17/50 batch 52/66 (79%) running_loss=0.3529
2026-09-17 18:44:39,229 INFO train epoch 17/50 batch 65/66 (98%) running_loss=0.3554
2026-09-17 18:44:39,326 INFO train epoch 17/50 batch 66/66 (100%) running_loss=0.3556
2026-09-17 18:44:40,494 INFO epoch 17/50 done: train_loss=0.3556 val_loss=0.2934 val_accuracy=0.9037 val_macro_f1=0.8754 val_macro_auc=0.9771 (checkpoint_metric=macro_auc)
2026-09-17 18:44:42,189 INFO train epoch 18/50 batch 13/66 (20%) running_loss=0.3394
2026-09-17 18:44:43,428 INFO train epoch 18/50 batch 26/66 (39%) running_loss=0.3409
2026-09-17 18:44:44,675 INFO train epoch 18/50 batch 39/66 (59%) running_loss=0.3441
2026-09-17 18:44:45,920 INFO train epoch 18/50 batch 52/66 (79%) running_loss=0.3435
2026-09-17 18:44:47,157 INFO train epoch 18/50 batch 65/66 (98%) running_loss=0.3452
2026-09-17 18:44:47,254 INFO train epoch 18/50 batch 66/66 (100%) running_loss=0.3461
2026-09-17 18:44:48,432 INFO epoch 18/50 done: train_loss=0.3461 val_loss=0.2917 val_accuracy=0.9037 val_macro_f1=0.8745 val_macro_auc=0.9749 (checkpoint_metric=macro_auc)
2026-09-17 18:44:50,235 INFO train epoch 19/50 batch 13/66 (20%) running_loss=0.3394
2026-09-17 18:44:51,494 INFO train epoch 19/50 batch 26/66 (39%) running_loss=0.3438
2026-09-17 18:44:52,736 INFO train epoch 19/50 batch 39/66 (59%) running_loss=0.3465
2026-09-17 18:44:54,061 INFO train epoch 19/50 batch 52/66 (79%) running_loss=0.3465
2026-09-17 18:44:55,319 INFO train epoch 19/50 batch 65/66 (98%) running_loss=0.3469
2026-09-17 18:44:55,416 INFO train epoch 19/50 batch 66/66 (100%) running_loss=0.3465
2026-09-17 18:44:56,600 INFO epoch 19/50 done: train_loss=0.3465 val_loss=0.2799 val_accuracy=0.9201 val_macro_f1=0.8927 val_macro_auc=0.9748 (checkpoint_metric=macro_auc)
2026-09-17 18:44:58,348 INFO train epoch 20/50 batch 13/66 (20%) running_loss=0.3461
2026-09-17 18:44:59,597 INFO train epoch 20/50 batch 26/66 (39%) running_loss=0.3492
2026-09-17 18:45:00,839 INFO train epoch 20/50 batch 39/66 (59%) running_loss=0.3435
2026-09-17 18:45:02,088 INFO train epoch 20/50 batch 52/66 (79%) running_loss=0.3420
2026-09-17 18:45:03,342 INFO train epoch 20/50 batch 65/66 (98%) running_loss=0.3417
2026-09-17 18:45:03,438 INFO train epoch 20/50 batch 66/66 (100%) running_loss=0.3416
2026-09-17 18:45:04,602 INFO epoch 20/50 done: train_loss=0.3416 val_loss=0.2929 val_accuracy=0.8996 val_macro_f1=0.8704 val_macro_auc=0.9788 (checkpoint_metric=macro_auc)
2026-09-17 18:45:06,338 INFO train epoch 21/50 batch 13/66 (20%) running_loss=0.3302
2026-09-17 18:45:07,594 INFO train epoch 21/50 batch 26/66 (39%) running_loss=0.3346
2026-09-17 18:45:08,844 INFO train epoch 21/50 batch 39/66 (59%) running_loss=0.3337
2026-09-17 18:45:10,115 INFO train epoch 21/50 batch 52/66 (79%) running_loss=0.3347
2026-09-17 18:45:11,347 INFO train epoch 21/50 batch 65/66 (98%) running_loss=0.3344
2026-09-17 18:45:11,445 INFO train epoch 21/50 batch 66/66 (100%) running_loss=0.3343
2026-09-17 18:45:12,660 INFO epoch 21/50 done: train_loss=0.3343 val_loss=0.2790 val_accuracy=0.9098 val_macro_f1=0.8804 val_macro_auc=0.9803 (checkpoint_metric=macro_auc)
2026-09-17 18:45:14,342 INFO train epoch 22/50 batch 13/66 (20%) running_loss=0.3425
2026-09-17 18:45:15,603 INFO train epoch 22/50 batch 26/66 (39%) running_loss=0.3381
2026-09-17 18:45:16,839 INFO train epoch 22/50 batch 39/66 (59%) running_loss=0.3382
2026-09-17 18:45:18,103 INFO train epoch 22/50 batch 52/66 (79%) running_loss=0.3365
2026-09-17 18:45:19,328 INFO train epoch 22/50 batch 65/66 (98%) running_loss=0.3348
2026-09-17 18:45:19,425 INFO train epoch 22/50 batch 66/66 (100%) running_loss=0.3348
2026-09-17 18:45:20,581 INFO epoch 22/50 done: train_loss=0.3348 val_loss=0.2541 val_accuracy=0.9160 val_macro_f1=0.8888 val_macro_auc=0.9839 (checkpoint_metric=macro_auc)
2026-09-17 18:45:22,263 INFO train epoch 23/50 batch 13/66 (20%) running_loss=0.3294
2026-09-17 18:45:23,516 INFO train epoch 23/50 batch 26/66 (39%) running_loss=0.3262
2026-09-17 18:45:24,763 INFO train epoch 23/50 batch 39/66 (59%) running_loss=0.3313
2026-09-17 18:45:26,005 INFO train epoch 23/50 batch 52/66 (79%) running_loss=0.3335
2026-09-17 18:45:27,240 INFO train epoch 23/50 batch 65/66 (98%) running_loss=0.3342
2026-09-17 18:45:27,337 INFO train epoch 23/50 batch 66/66 (100%) running_loss=0.3341
2026-09-17 18:45:28,506 INFO epoch 23/50 done: train_loss=0.3341 val_loss=0.2649 val_accuracy=0.9180 val_macro_f1=0.8926 val_macro_auc=0.9822 (checkpoint_metric=macro_auc)
2026-09-17 18:45:30,243 INFO train epoch 24/50 batch 13/66 (20%) running_loss=0.3311
2026-09-17 18:45:31,690 INFO train epoch 24/50 batch 26/66 (39%) running_loss=0.3330
2026-09-17 18:45:33,021 INFO train epoch 24/50 batch 39/66 (59%) running_loss=0.3295
2026-09-17 18:45:34,306 INFO train epoch 24/50 batch 52/66 (79%) running_loss=0.3295
2026-09-17 18:45:35,541 INFO train epoch 24/50 batch 65/66 (98%) running_loss=0.3285
2026-09-17 18:45:35,638 INFO train epoch 24/50 batch 66/66 (100%) running_loss=0.3286
2026-09-17 18:45:36,858 INFO epoch 24/50 done: train_loss=0.3286 val_loss=0.2567 val_accuracy=0.9160 val_macro_f1=0.8888 val_macro_auc=0.9821 (checkpoint_metric=macro_auc)
2026-09-17 18:45:38,586 INFO train epoch 25/50 batch 13/66 (20%) running_loss=0.3250
2026-09-17 18:45:39,817 INFO train epoch 25/50 batch 26/66 (39%) running_loss=0.3306
2026-09-17 18:45:41,034 INFO train epoch 25/50 batch 39/66 (59%) running_loss=0.3331
2026-09-17 18:45:42,255 INFO train epoch 25/50 batch 52/66 (79%) running_loss=0.3351
2026-09-17 18:45:43,465 INFO train epoch 25/50 batch 65/66 (98%) running_loss=0.3335
2026-09-17 18:45:43,560 INFO train epoch 25/50 batch 66/66 (100%) running_loss=0.3334
2026-09-17 18:45:44,688 INFO epoch 25/50 done: train_loss=0.3334 val_loss=0.2551 val_accuracy=0.9221 val_macro_f1=0.8956 val_macro_auc=0.9816 (checkpoint_metric=macro_auc)
2026-09-17 18:45:46,455 INFO train epoch 26/50 batch 13/66 (20%) running_loss=0.3279
2026-09-17 18:45:47,727 INFO train epoch 26/50 batch 26/66 (39%) running_loss=0.3349
2026-09-17 18:45:48,981 INFO train epoch 26/50 batch 39/66 (59%) running_loss=0.3352
2026-09-17 18:45:50,225 INFO train epoch 26/50 batch 52/66 (79%) running_loss=0.3316
2026-09-17 18:45:51,467 INFO train epoch 26/50 batch 65/66 (98%) running_loss=0.3301
2026-09-17 18:45:51,564 INFO train epoch 26/50 batch 66/66 (100%) running_loss=0.3301
2026-09-17 18:45:52,780 INFO epoch 26/50 done: train_loss=0.3301 val_loss=0.2694 val_accuracy=0.9078 val_macro_f1=0.8794 val_macro_auc=0.9806 (checkpoint_metric=macro_auc)
2026-09-17 18:45:54,595 INFO train epoch 27/50 batch 13/66 (20%) running_loss=0.3322
2026-09-17 18:45:55,916 INFO train epoch 27/50 batch 26/66 (39%) running_loss=0.3270
2026-09-17 18:45:57,280 INFO train epoch 27/50 batch 39/66 (59%) running_loss=0.3283
2026-09-17 18:45:58,642 INFO train epoch 27/50 batch 52/66 (79%) running_loss=0.3289
2026-09-17 18:45:59,901 INFO train epoch 27/50 batch 65/66 (98%) running_loss=0.3292
2026-09-17 18:46:00,000 INFO train epoch 27/50 batch 66/66 (100%) running_loss=0.3290
2026-09-17 18:46:01,193 INFO epoch 27/50 done: train_loss=0.3290 val_loss=0.2663 val_accuracy=0.9119 val_macro_f1=0.8852 val_macro_auc=0.9811 (checkpoint_metric=macro_auc)
2026-09-17 18:46:02,932 INFO train epoch 28/50 batch 13/66 (20%) running_loss=0.3214
2026-09-17 18:46:04,201 INFO train epoch 28/50 batch 26/66 (39%) running_loss=0.3306
2026-09-17 18:46:05,447 INFO train epoch 28/50 batch 39/66 (59%) running_loss=0.3285
2026-09-17 18:46:06,694 INFO train epoch 28/50 batch 52/66 (79%) running_loss=0.3282
2026-09-17 18:46:07,918 INFO train epoch 28/50 batch 65/66 (98%) running_loss=0.3274
2026-09-17 18:46:08,014 INFO train epoch 28/50 batch 66/66 (100%) running_loss=0.3277
2026-09-17 18:46:09,202 INFO epoch 28/50 done: train_loss=0.3277 val_loss=0.2483 val_accuracy=0.9201 val_macro_f1=0.8922 val_macro_auc=0.9820 (checkpoint_metric=macro_auc)
2026-09-17 18:46:10,980 INFO train epoch 29/50 batch 13/66 (20%) running_loss=0.3254
2026-09-17 18:46:12,226 INFO train epoch 29/50 batch 26/66 (39%) running_loss=0.3279
2026-09-17 18:46:13,468 INFO train epoch 29/50 batch 39/66 (59%) running_loss=0.3329
2026-09-17 18:46:14,709 INFO train epoch 29/50 batch 52/66 (79%) running_loss=0.3321
2026-09-17 18:46:15,937 INFO train epoch 29/50 batch 65/66 (98%) running_loss=0.3298
2026-09-17 18:46:16,034 INFO train epoch 29/50 batch 66/66 (100%) running_loss=0.3296
2026-09-17 18:46:17,154 INFO epoch 29/50 done: train_loss=0.3296 val_loss=0.2572 val_accuracy=0.9180 val_macro_f1=0.8908 val_macro_auc=0.9818 (checkpoint_metric=macro_auc)
2026-09-17 18:46:18,993 INFO train epoch 30/50 batch 13/66 (20%) running_loss=0.3304
2026-09-17 18:46:20,272 INFO train epoch 30/50 batch 26/66 (39%) running_loss=0.3242
2026-09-17 18:46:21,599 INFO train epoch 30/50 batch 39/66 (59%) running_loss=0.3271
2026-09-17 18:46:22,964 INFO train epoch 30/50 batch 52/66 (79%) running_loss=0.3259
2026-09-17 18:46:24,234 INFO train epoch 30/50 batch 65/66 (98%) running_loss=0.3264
2026-09-17 18:46:24,331 INFO train epoch 30/50 batch 66/66 (100%) running_loss=0.3262
2026-09-17 18:46:25,533 INFO epoch 30/50 done: train_loss=0.3262 val_loss=0.2529 val_accuracy=0.9221 val_macro_f1=0.8956 val_macro_auc=0.9823 (checkpoint_metric=macro_auc)
2026-09-17 18:46:27,284 INFO train epoch 31/50 batch 13/66 (20%) running_loss=0.3314
2026-09-17 18:46:28,569 INFO train epoch 31/50 batch 26/66 (39%) running_loss=0.3303
2026-09-17 18:46:29,824 INFO train epoch 31/50 batch 39/66 (59%) running_loss=0.3281
2026-09-17 18:46:31,074 INFO train epoch 31/50 batch 52/66 (79%) running_loss=0.3265
2026-09-17 18:46:32,303 INFO train epoch 31/50 batch 65/66 (98%) running_loss=0.3253
2026-09-17 18:46:32,399 INFO train epoch 31/50 batch 66/66 (100%) running_loss=0.3256
2026-09-17 18:46:33,534 INFO epoch 31/50 done: train_loss=0.3256 val_loss=0.2544 val_accuracy=0.9242 val_macro_f1=0.8970 val_macro_auc=0.9813 (checkpoint_metric=macro_auc)
2026-09-17 18:46:35,311 INFO train epoch 32/50 batch 13/66 (20%) running_loss=0.3236
2026-09-17 18:46:36,610 INFO train epoch 32/50 batch 26/66 (39%) running_loss=0.3230
2026-09-17 18:46:37,903 INFO train epoch 32/50 batch 39/66 (59%) running_loss=0.3227
2026-09-17 18:46:39,223 INFO train epoch 32/50 batch 52/66 (79%) running_loss=0.3223
2026-09-17 18:46:40,497 INFO train epoch 32/50 batch 65/66 (98%) running_loss=0.3216
2026-09-17 18:46:40,595 INFO train epoch 32/50 batch 66/66 (100%) running_loss=0.3215
2026-09-17 18:46:41,725 INFO epoch 32/50 done: train_loss=0.3215 val_loss=0.2480 val_accuracy=0.9242 val_macro_f1=0.8970 val_macro_auc=0.9809 (checkpoint_metric=macro_auc)
2026-09-17 18:46:43,445 INFO train epoch 33/50 batch 13/66 (20%) running_loss=0.3243
2026-09-17 18:46:44,766 INFO train epoch 33/50 batch 26/66 (39%) running_loss=0.3265
2026-09-17 18:46:45,996 INFO train epoch 33/50 batch 39/66 (59%) running_loss=0.3264
2026-09-17 18:46:47,250 INFO train epoch 33/50 batch 52/66 (79%) running_loss=0.3270
2026-09-17 18:46:48,476 INFO train epoch 33/50 batch 65/66 (98%) running_loss=0.3254
2026-09-17 18:46:48,573 INFO train epoch 33/50 batch 66/66 (100%) running_loss=0.3253
2026-09-17 18:46:49,777 INFO epoch 33/50 done: train_loss=0.3253 val_loss=0.2652 val_accuracy=0.9139 val_macro_f1=0.8874 val_macro_auc=0.9802 (checkpoint_metric=macro_auc)
2026-09-17 18:46:51,495 INFO train epoch 34/50 batch 13/66 (20%) running_loss=0.3265
2026-09-17 18:46:52,807 INFO train epoch 34/50 batch 26/66 (39%) running_loss=0.3266
2026-09-17 18:46:54,207 INFO train epoch 34/50 batch 39/66 (59%) running_loss=0.3243
2026-09-17 18:46:55,531 INFO train epoch 34/50 batch 52/66 (79%) running_loss=0.3235
2026-09-17 18:46:56,776 INFO train epoch 34/50 batch 65/66 (98%) running_loss=0.3245
2026-09-17 18:46:56,872 INFO train epoch 34/50 batch 66/66 (100%) running_loss=0.3244
2026-09-17 18:46:58,063 INFO epoch 34/50 done: train_loss=0.3244 val_loss=0.2692 val_accuracy=0.9180 val_macro_f1=0.8926 val_macro_auc=0.9793 (checkpoint_metric=macro_auc)
2026-09-17 18:46:59,787 INFO train epoch 35/50 batch 13/66 (20%) running_loss=0.3298
2026-09-17 18:47:01,029 INFO train epoch 35/50 batch 26/66 (39%) running_loss=0.3248
2026-09-17 18:47:02,308 INFO train epoch 35/50 batch 39/66 (59%) running_loss=0.3262
2026-09-17 18:47:03,597 INFO train epoch 35/50 batch 52/66 (79%) running_loss=0.3247
2026-09-17 18:47:04,837 INFO train epoch 35/50 batch 65/66 (98%) running_loss=0.3242
2026-09-17 18:47:04,932 INFO train epoch 35/50 batch 66/66 (100%) running_loss=0.3244
2026-09-17 18:47:06,042 INFO epoch 35/50 done: train_loss=0.3244 val_loss=0.2532 val_accuracy=0.9180 val_macro_f1=0.8921 val_macro_auc=0.9822 (checkpoint_metric=macro_auc)
2026-09-17 18:47:07,787 INFO train epoch 36/50 batch 13/66 (20%) running_loss=0.3267
2026-09-17 18:47:09,114 INFO train epoch 36/50 batch 26/66 (39%) running_loss=0.3209
2026-09-17 18:47:10,426 INFO train epoch 36/50 batch 39/66 (59%) running_loss=0.3213
2026-09-17 18:47:11,768 INFO train epoch 36/50 batch 52/66 (79%) running_loss=0.3237
2026-09-17 18:47:13,042 INFO train epoch 36/50 batch 65/66 (98%) running_loss=0.3236
2026-09-17 18:47:13,141 INFO train epoch 36/50 batch 66/66 (100%) running_loss=0.3236
2026-09-17 18:47:14,308 INFO epoch 36/50 done: train_loss=0.3236 val_loss=0.2755 val_accuracy=0.9160 val_macro_f1=0.8904 val_macro_auc=0.9789 (checkpoint_metric=macro_auc)
2026-09-17 18:47:16,009 INFO train epoch 37/50 batch 13/66 (20%) running_loss=0.3216
2026-09-17 18:47:17,274 INFO train epoch 37/50 batch 26/66 (39%) running_loss=0.3182
2026-09-17 18:47:18,541 INFO train epoch 37/50 batch 39/66 (59%) running_loss=0.3199
2026-09-17 18:47:19,823 INFO train epoch 37/50 batch 52/66 (79%) running_loss=0.3195
2026-09-17 18:47:21,065 INFO train epoch 37/50 batch 65/66 (98%) running_loss=0.3211
2026-09-17 18:47:21,160 INFO train epoch 37/50 batch 66/66 (100%) running_loss=0.3210
2026-09-17 18:47:22,354 INFO epoch 37/50 done: train_loss=0.3210 val_loss=0.2635 val_accuracy=0.9160 val_macro_f1=0.8904 val_macro_auc=0.9808 (checkpoint_metric=macro_auc)
2026-09-17 18:47:24,108 INFO train epoch 38/50 batch 13/66 (20%) running_loss=0.3239
2026-09-17 18:47:25,461 INFO train epoch 38/50 batch 26/66 (39%) running_loss=0.3218
2026-09-17 18:47:26,752 INFO train epoch 38/50 batch 39/66 (59%) running_loss=0.3204
2026-09-17 18:47:28,005 INFO train epoch 38/50 batch 52/66 (79%) running_loss=0.3200
2026-09-17 18:47:29,252 INFO train epoch 38/50 batch 65/66 (98%) running_loss=0.3215
2026-09-17 18:47:29,351 INFO train epoch 38/50 batch 66/66 (100%) running_loss=0.3214
2026-09-17 18:47:30,555 INFO epoch 38/50 done: train_loss=0.3214 val_loss=0.2482 val_accuracy=0.9221 val_macro_f1=0.8947 val_macro_auc=0.9807 (checkpoint_metric=macro_auc)
2026-09-17 18:47:32,299 INFO train epoch 39/50 batch 13/66 (20%) running_loss=0.3236
2026-09-17 18:47:33,547 INFO train epoch 39/50 batch 26/66 (39%) running_loss=0.3235
2026-09-17 18:47:34,823 INFO train epoch 39/50 batch 39/66 (59%) running_loss=0.3219
2026-09-17 18:47:36,089 INFO train epoch 39/50 batch 52/66 (79%) running_loss=0.3207
2026-09-17 18:47:37,358 INFO train epoch 39/50 batch 65/66 (98%) running_loss=0.3213
2026-09-17 18:47:37,453 INFO train epoch 39/50 batch 66/66 (100%) running_loss=0.3211
2026-09-17 18:47:38,598 INFO epoch 39/50 done: train_loss=0.3211 val_loss=0.2632 val_accuracy=0.9139 val_macro_f1=0.8879 val_macro_auc=0.9800 (checkpoint_metric=macro_auc)
2026-09-17 18:47:40,283 INFO train epoch 40/50 batch 13/66 (20%) running_loss=0.3202
2026-09-17 18:47:41,515 INFO train epoch 40/50 batch 26/66 (39%) running_loss=0.3289
2026-09-17 18:47:42,757 INFO train epoch 40/50 batch 39/66 (59%) running_loss=0.3255
2026-09-17 18:47:44,016 INFO train epoch 40/50 batch 52/66 (79%) running_loss=0.3266
2026-09-17 18:47:45,245 INFO train epoch 40/50 batch 65/66 (98%) running_loss=0.3251
2026-09-17 18:47:45,341 INFO train epoch 40/50 batch 66/66 (100%) running_loss=0.3252
2026-09-17 18:47:46,562 INFO epoch 40/50 done: train_loss=0.3252 val_loss=0.2839 val_accuracy=0.9139 val_macro_f1=0.8879 val_macro_auc=0.9775 (checkpoint_metric=macro_auc)
2026-09-17 18:47:48,324 INFO train epoch 41/50 batch 13/66 (20%) running_loss=0.3132
2026-09-17 18:47:49,594 INFO train epoch 41/50 batch 26/66 (39%) running_loss=0.3183
2026-09-17 18:47:50,875 INFO train epoch 41/50 batch 39/66 (59%) running_loss=0.3187
2026-09-17 18:47:52,158 INFO train epoch 41/50 batch 52/66 (79%) running_loss=0.3175
2026-09-17 18:47:53,401 INFO train epoch 41/50 batch 65/66 (98%) running_loss=0.3175
2026-09-17 18:47:53,497 INFO train epoch 41/50 batch 66/66 (100%) running_loss=0.3183
2026-09-17 18:47:54,716 INFO epoch 41/50 done: train_loss=0.3183 val_loss=0.2803 val_accuracy=0.9160 val_macro_f1=0.8904 val_macro_auc=0.9786 (checkpoint_metric=macro_auc)
2026-09-17 18:47:56,647 INFO train epoch 42/50 batch 13/66 (20%) running_loss=0.3147
2026-09-17 18:47:57,893 INFO train epoch 42/50 batch 26/66 (39%) running_loss=0.3185
2026-09-17 18:47:59,141 INFO train epoch 42/50 batch 39/66 (59%) running_loss=0.3195
2026-09-17 18:48:00,373 INFO train epoch 42/50 batch 52/66 (79%) running_loss=0.3176
2026-09-17 18:48:01,616 INFO train epoch 42/50 batch 65/66 (98%) running_loss=0.3174
2026-09-17 18:48:01,715 INFO train epoch 42/50 batch 66/66 (100%) running_loss=0.3173
2026-09-17 18:48:02,837 INFO epoch 42/50 done: train_loss=0.3173 val_loss=0.2586 val_accuracy=0.9139 val_macro_f1=0.8857 val_macro_auc=0.9792 (checkpoint_metric=macro_auc)
2026-09-17 18:48:04,653 INFO train epoch 43/50 batch 13/66 (20%) running_loss=0.3157
2026-09-17 18:48:05,970 INFO train epoch 43/50 batch 26/66 (39%) running_loss=0.3225
2026-09-17 18:48:07,292 INFO train epoch 43/50 batch 39/66 (59%) running_loss=0.3223
2026-09-17 18:48:08,600 INFO train epoch 43/50 batch 52/66 (79%) running_loss=0.3218
2026-09-17 18:48:09,848 INFO train epoch 43/50 batch 65/66 (98%) running_loss=0.3222
2026-09-17 18:48:09,943 INFO train epoch 43/50 batch 66/66 (100%) running_loss=0.3221
2026-09-17 18:48:11,088 INFO epoch 43/50 done: train_loss=0.3221 val_loss=0.2648 val_accuracy=0.9160 val_macro_f1=0.8904 val_macro_auc=0.9795 (checkpoint_metric=macro_auc)
2026-09-17 18:48:12,786 INFO train epoch 44/50 batch 13/66 (20%) running_loss=0.3149
2026-09-17 18:48:14,068 INFO train epoch 44/50 batch 26/66 (39%) running_loss=0.3167
2026-09-17 18:48:15,401 INFO train epoch 44/50 batch 39/66 (59%) running_loss=0.3169
2026-09-17 18:48:16,690 INFO train epoch 44/50 batch 52/66 (79%) running_loss=0.3216
2026-09-17 18:48:17,915 INFO train epoch 44/50 batch 65/66 (98%) running_loss=0.3196
2026-09-17 18:48:18,011 INFO train epoch 44/50 batch 66/66 (100%) running_loss=0.3195
2026-09-17 18:48:19,209 INFO epoch 44/50 done: train_loss=0.3195 val_loss=0.2573 val_accuracy=0.9180 val_macro_f1=0.8902 val_macro_auc=0.9797 (checkpoint_metric=macro_auc)
2026-09-17 18:48:20,933 INFO train epoch 45/50 batch 13/66 (20%) running_loss=0.3130
2026-09-17 18:48:22,243 INFO train epoch 45/50 batch 26/66 (39%) running_loss=0.3168
2026-09-17 18:48:23,496 INFO train epoch 45/50 batch 39/66 (59%) running_loss=0.3188
2026-09-17 18:48:24,757 INFO train epoch 45/50 batch 52/66 (79%) running_loss=0.3205
2026-09-17 18:48:26,019 INFO train epoch 45/50 batch 65/66 (98%) running_loss=0.3198
2026-09-17 18:48:26,117 INFO train epoch 45/50 batch 66/66 (100%) running_loss=0.3204
2026-09-17 18:48:27,321 INFO epoch 45/50 done: train_loss=0.3204 val_loss=0.2698 val_accuracy=0.9139 val_macro_f1=0.8871 val_macro_auc=0.9788 (checkpoint_metric=macro_auc)
2026-09-17 18:48:29,008 INFO train epoch 46/50 batch 13/66 (20%) running_loss=0.3142
2026-09-17 18:48:30,247 INFO train epoch 46/50 batch 26/66 (39%) running_loss=0.3159
2026-09-17 18:48:31,490 INFO train epoch 46/50 batch 39/66 (59%) running_loss=0.3148
2026-09-17 18:48:32,864 INFO train epoch 46/50 batch 52/66 (79%) running_loss=0.3176
2026-09-17 18:48:34,186 INFO train epoch 46/50 batch 65/66 (98%) running_loss=0.3193
2026-09-17 18:48:34,283 INFO train epoch 46/50 batch 66/66 (100%) running_loss=0.3192
2026-09-17 18:48:35,491 INFO epoch 46/50 done: train_loss=0.3192 val_loss=0.2817 val_accuracy=0.9160 val_macro_f1=0.8904 val_macro_auc=0.9785 (checkpoint_metric=macro_auc)
2026-09-17 18:48:37,263 INFO train epoch 47/50 batch 13/66 (20%) running_loss=0.3171
2026-09-17 18:48:38,525 INFO train epoch 47/50 batch 26/66 (39%) running_loss=0.3191
2026-09-17 18:48:39,820 INFO train epoch 47/50 batch 39/66 (59%) running_loss=0.3198
2026-09-17 18:48:41,085 INFO train epoch 47/50 batch 52/66 (79%) running_loss=0.3204
2026-09-17 18:48:42,320 INFO train epoch 47/50 batch 65/66 (98%) running_loss=0.3227
2026-09-17 18:48:42,417 INFO train epoch 47/50 batch 66/66 (100%) running_loss=0.3225
2026-09-17 18:48:43,540 INFO epoch 47/50 done: train_loss=0.3225 val_loss=0.2718 val_accuracy=0.9139 val_macro_f1=0.8871 val_macro_auc=0.9786 (checkpoint_metric=macro_auc)
2026-09-17 18:48:45,267 INFO train epoch 48/50 batch 13/66 (20%) running_loss=0.3245
2026-09-17 18:48:46,526 INFO train epoch 48/50 batch 26/66 (39%) running_loss=0.3251
2026-09-17 18:48:47,765 INFO train epoch 48/50 batch 39/66 (59%) running_loss=0.3244
2026-09-17 18:48:49,013 INFO train epoch 48/50 batch 52/66 (79%) running_loss=0.3239
2026-09-17 18:48:50,251 INFO train epoch 48/50 batch 65/66 (98%) running_loss=0.3255
2026-09-17 18:48:50,348 INFO train epoch 48/50 batch 66/66 (100%) running_loss=0.3257
2026-09-17 18:48:51,533 INFO epoch 48/50 done: train_loss=0.3257 val_loss=0.2451 val_accuracy=0.9201 val_macro_f1=0.8927 val_macro_auc=0.9815 (checkpoint_metric=macro_auc)
2026-09-17 18:48:53,233 INFO train epoch 49/50 batch 13/66 (20%) running_loss=0.3169
2026-09-17 18:48:54,476 INFO train epoch 49/50 batch 26/66 (39%) running_loss=0.3253
2026-09-17 18:48:55,719 INFO train epoch 49/50 batch 39/66 (59%) running_loss=0.3265
2026-09-17 18:48:56,957 INFO train epoch 49/50 batch 52/66 (79%) running_loss=0.3244
2026-09-17 18:48:58,194 INFO train epoch 49/50 batch 65/66 (98%) running_loss=0.3235
2026-09-17 18:48:58,294 INFO train epoch 49/50 batch 66/66 (100%) running_loss=0.3236
2026-09-17 18:48:59,504 INFO epoch 49/50 done: train_loss=0.3236 val_loss=0.2596 val_accuracy=0.9139 val_macro_f1=0.8857 val_macro_auc=0.9798 (checkpoint_metric=macro_auc)
2026-09-17 18:49:01,173 INFO train epoch 50/50 batch 13/66 (20%) running_loss=0.3238
2026-09-17 18:49:02,430 INFO train epoch 50/50 batch 26/66 (39%) running_loss=0.3196
2026-09-17 18:49:03,666 INFO train epoch 50/50 batch 39/66 (59%) running_loss=0.3191
2026-09-17 18:49:04,920 INFO train epoch 50/50 batch 52/66 (79%) running_loss=0.3215
2026-09-17 18:49:06,176 INFO train epoch 50/50 batch 65/66 (98%) running_loss=0.3203
2026-09-17 18:49:06,273 INFO train epoch 50/50 batch 66/66 (100%) running_loss=0.3202
2026-09-17 18:49:07,413 INFO epoch 50/50 done: train_loss=0.3202 val_loss=0.2701 val_accuracy=0.9139 val_macro_f1=0.8874 val_macro_auc=0.9787 (checkpoint_metric=macro_auc)
2026-09-17 18:49:07,572 INFO Training finished. Best epoch=12, smoothed macro_auc=0.9843 (window=3)
2026-09-17 18:49:09,474 INFO Test set evaluated once: accuracy=0.8608 macro_f1=0.8478 macro_auc=0.9582
2026-09-17 18:49:10,270 INFO Model size: 20.18M params, 0.536 GFLOPs at 96x96
