2026-09-16 07:14:21,749 INFO Starting baseline training: model=resnet34 device=cuda amp=True image_size=96 epochs=50 lr=0.001 optimizer=sgd
2026-09-16 07:14:22,002 INFO Dataset ready: 3 classes, 2102 train / 488 val samples (split reused from outputs/baseline_resnet34_96_fixed/split_indices.json)
2026-09-16 07:14:22,003 INFO Augmentation policy: legacy fixed ops ('brightness', 'rotation'), from outputs/fixedda_run/augmentation_run/selected_legacy_policy.json
2026-09-16 07:14:23,262 INFO Classes: {'glioma_tumor': 0, 'meningioma_tumor': 1, 'pituitary_tumor': 2}
2026-09-16 07:14:23,263 INFO Regularization: weight_decay=7.0e-04 label_smoothing=0.10 grad_clip_norm=5.0
2026-09-16 07:14:24,926 INFO train epoch 1/50 batch 13/66 (20%) running_loss=1.1973
2026-09-16 07:14:25,682 INFO train epoch 1/50 batch 26/66 (39%) running_loss=1.0404
2026-09-16 07:14:26,354 INFO train epoch 1/50 batch 39/66 (59%) running_loss=0.9253
2026-09-16 07:14:27,096 INFO train epoch 1/50 batch 52/66 (79%) running_loss=0.8611
2026-09-16 07:14:27,805 INFO train epoch 1/50 batch 65/66 (98%) running_loss=0.8088
2026-09-16 07:14:27,953 INFO train epoch 1/50 batch 66/66 (100%) running_loss=0.8059
2026-09-16 07:14:29,180 INFO epoch 1/50 done: train_loss=0.8059 val_loss=0.4200 val_accuracy=0.8791 val_macro_f1=0.8421 val_macro_auc=0.9639 (checkpoint_metric=macro_auc) [new best]
2026-09-16 07:14:30,290 INFO train epoch 2/50 batch 13/66 (20%) running_loss=0.5912
2026-09-16 07:14:31,003 INFO train epoch 2/50 batch 26/66 (39%) running_loss=0.5843
2026-09-16 07:14:31,694 INFO train epoch 2/50 batch 39/66 (59%) running_loss=0.5710
2026-09-16 07:14:32,414 INFO train epoch 2/50 batch 52/66 (79%) running_loss=0.5524
2026-09-16 07:14:33,102 INFO train epoch 2/50 batch 65/66 (98%) running_loss=0.5418
2026-09-16 07:14:33,165 INFO train epoch 2/50 batch 66/66 (100%) running_loss=0.5415
2026-09-16 07:14:34,673 INFO epoch 2/50 done: train_loss=0.5415 val_loss=0.3751 val_accuracy=0.8463 val_macro_f1=0.8174 val_macro_auc=0.9798 (checkpoint_metric=macro_auc) [new best]
2026-09-16 07:14:35,698 INFO train epoch 3/50 batch 13/66 (20%) running_loss=0.4974
2026-09-16 07:14:36,411 INFO train epoch 3/50 batch 26/66 (39%) running_loss=0.4936
2026-09-16 07:14:37,126 INFO train epoch 3/50 batch 39/66 (59%) running_loss=0.4761
2026-09-16 07:14:37,880 INFO train epoch 3/50 batch 52/66 (79%) running_loss=0.4715
2026-09-16 07:14:38,582 INFO train epoch 3/50 batch 65/66 (98%) running_loss=0.4654
2026-09-16 07:14:38,615 INFO train epoch 3/50 batch 66/66 (100%) running_loss=0.4655
2026-09-16 07:14:40,120 INFO epoch 3/50 done: train_loss=0.4655 val_loss=0.2655 val_accuracy=0.9160 val_macro_f1=0.8834 val_macro_auc=0.9873 (checkpoint_metric=macro_auc) [new best]
2026-09-16 07:14:41,153 INFO train epoch 4/50 batch 13/66 (20%) running_loss=0.4133
2026-09-16 07:14:41,868 INFO train epoch 4/50 batch 26/66 (39%) running_loss=0.4161
2026-09-16 07:14:42,578 INFO train epoch 4/50 batch 39/66 (59%) running_loss=0.4113
2026-09-16 07:14:43,298 INFO train epoch 4/50 batch 52/66 (79%) running_loss=0.4154
2026-09-16 07:14:44,065 INFO train epoch 4/50 batch 65/66 (98%) running_loss=0.4157
2026-09-16 07:14:44,094 INFO train epoch 4/50 batch 66/66 (100%) running_loss=0.4151
2026-09-16 07:14:45,649 INFO epoch 4/50 done: train_loss=0.4151 val_loss=0.2626 val_accuracy=0.9242 val_macro_f1=0.8981 val_macro_auc=0.9835 (checkpoint_metric=macro_auc) [new best]
2026-09-16 07:14:46,635 INFO train epoch 5/50 batch 13/66 (20%) running_loss=0.3598
2026-09-16 07:14:47,327 INFO train epoch 5/50 batch 26/66 (39%) running_loss=0.3759
2026-09-16 07:14:48,127 INFO train epoch 5/50 batch 39/66 (59%) running_loss=0.3736
2026-09-16 07:14:48,853 INFO train epoch 5/50 batch 52/66 (79%) running_loss=0.3777
2026-09-16 07:14:49,483 INFO train epoch 5/50 batch 65/66 (98%) running_loss=0.3770
2026-09-16 07:14:49,511 INFO train epoch 5/50 batch 66/66 (100%) running_loss=0.3769
2026-09-16 07:14:51,056 INFO epoch 5/50 done: train_loss=0.3769 val_loss=0.3067 val_accuracy=0.9160 val_macro_f1=0.8929 val_macro_auc=0.9854 (checkpoint_metric=macro_auc) [new best]
2026-09-16 07:14:52,069 INFO train epoch 6/50 batch 13/66 (20%) running_loss=0.3695
2026-09-16 07:14:52,741 INFO train epoch 6/50 batch 26/66 (39%) running_loss=0.3679
2026-09-16 07:14:53,578 INFO train epoch 6/50 batch 39/66 (59%) running_loss=0.3617
2026-09-16 07:14:54,320 INFO train epoch 6/50 batch 52/66 (79%) running_loss=0.3651
2026-09-16 07:14:54,970 INFO train epoch 6/50 batch 65/66 (98%) running_loss=0.3673
2026-09-16 07:14:54,999 INFO train epoch 6/50 batch 66/66 (100%) running_loss=0.3668
2026-09-16 07:14:56,026 INFO epoch 6/50 done: train_loss=0.3668 val_loss=0.2967 val_accuracy=0.9016 val_macro_f1=0.8748 val_macro_auc=0.9857 (checkpoint_metric=macro_auc)
2026-09-16 07:14:57,066 INFO train epoch 7/50 batch 13/66 (20%) running_loss=0.3520
2026-09-16 07:14:57,767 INFO train epoch 7/50 batch 26/66 (39%) running_loss=0.3521
2026-09-16 07:14:58,522 INFO train epoch 7/50 batch 39/66 (59%) running_loss=0.3495
2026-09-16 07:14:59,271 INFO train epoch 7/50 batch 52/66 (79%) running_loss=0.3518
2026-09-16 07:15:00,000 INFO train epoch 7/50 batch 65/66 (98%) running_loss=0.3490
2026-09-16 07:15:00,028 INFO train epoch 7/50 batch 66/66 (100%) running_loss=0.3487
2026-09-16 07:15:01,537 INFO epoch 7/50 done: train_loss=0.3487 val_loss=0.2225 val_accuracy=0.9324 val_macro_f1=0.9081 val_macro_auc=0.9894 (checkpoint_metric=macro_auc) [new best]
2026-09-16 07:15:02,521 INFO train epoch 8/50 batch 13/66 (20%) running_loss=0.3673
2026-09-16 07:15:03,313 INFO train epoch 8/50 batch 26/66 (39%) running_loss=0.3545
2026-09-16 07:15:04,065 INFO train epoch 8/50 batch 39/66 (59%) running_loss=0.3518
2026-09-16 07:15:04,775 INFO train epoch 8/50 batch 52/66 (79%) running_loss=0.3524
2026-09-16 07:15:05,448 INFO train epoch 8/50 batch 65/66 (98%) running_loss=0.3542
2026-09-16 07:15:05,510 INFO train epoch 8/50 batch 66/66 (100%) running_loss=0.3541
2026-09-16 07:15:07,066 INFO epoch 8/50 done: train_loss=0.3541 val_loss=0.2436 val_accuracy=0.9242 val_macro_f1=0.8985 val_macro_auc=0.9859 (checkpoint_metric=macro_auc) [new best]
2026-09-16 07:15:08,053 INFO train epoch 9/50 batch 13/66 (20%) running_loss=0.3349
2026-09-16 07:15:08,804 INFO train epoch 9/50 batch 26/66 (39%) running_loss=0.3358
2026-09-16 07:15:09,559 INFO train epoch 9/50 batch 39/66 (59%) running_loss=0.3399
2026-09-16 07:15:10,279 INFO train epoch 9/50 batch 52/66 (79%) running_loss=0.3379
2026-09-16 07:15:10,950 INFO train epoch 9/50 batch 65/66 (98%) running_loss=0.3381
2026-09-16 07:15:11,016 INFO train epoch 9/50 batch 66/66 (100%) running_loss=0.3382
2026-09-16 07:15:12,034 INFO epoch 9/50 done: train_loss=0.3382 val_loss=0.2540 val_accuracy=0.9201 val_macro_f1=0.8909 val_macro_auc=0.9847 (checkpoint_metric=macro_auc)
2026-09-16 07:15:13,070 INFO train epoch 10/50 batch 13/66 (20%) running_loss=0.3297
2026-09-16 07:15:13,826 INFO train epoch 10/50 batch 26/66 (39%) running_loss=0.3384
2026-09-16 07:15:14,552 INFO train epoch 10/50 batch 39/66 (59%) running_loss=0.3351
2026-09-16 07:15:15,228 INFO train epoch 10/50 batch 52/66 (79%) running_loss=0.3344
2026-09-16 07:15:15,972 INFO train epoch 10/50 batch 65/66 (98%) running_loss=0.3345
2026-09-16 07:15:16,000 INFO train epoch 10/50 batch 66/66 (100%) running_loss=0.3349
2026-09-16 07:15:16,993 INFO epoch 10/50 done: train_loss=0.3349 val_loss=0.2336 val_accuracy=0.9283 val_macro_f1=0.8989 val_macro_auc=0.9861 (checkpoint_metric=macro_auc)
2026-09-16 07:15:18,012 INFO train epoch 11/50 batch 13/66 (20%) running_loss=0.3199
2026-09-16 07:15:18,807 INFO train epoch 11/50 batch 26/66 (39%) running_loss=0.3285
2026-09-16 07:15:19,526 INFO train epoch 11/50 batch 39/66 (59%) running_loss=0.3335
2026-09-16 07:15:20,191 INFO train epoch 11/50 batch 52/66 (79%) running_loss=0.3334
2026-09-16 07:15:20,850 INFO train epoch 11/50 batch 65/66 (98%) running_loss=0.3328
2026-09-16 07:15:20,880 INFO train epoch 11/50 batch 66/66 (100%) running_loss=0.3325
2026-09-16 07:15:21,876 INFO epoch 11/50 done: train_loss=0.3325 val_loss=0.2199 val_accuracy=0.9406 val_macro_f1=0.9168 val_macro_auc=0.9879 (checkpoint_metric=macro_auc)
2026-09-16 07:15:22,882 INFO train epoch 12/50 batch 13/66 (20%) running_loss=0.3260
2026-09-16 07:15:23,593 INFO train epoch 12/50 batch 26/66 (39%) running_loss=0.3262
2026-09-16 07:15:24,338 INFO train epoch 12/50 batch 39/66 (59%) running_loss=0.3226
2026-09-16 07:15:25,023 INFO train epoch 12/50 batch 52/66 (79%) running_loss=0.3226
2026-09-16 07:15:25,734 INFO train epoch 12/50 batch 65/66 (98%) running_loss=0.3258
2026-09-16 07:15:25,763 INFO train epoch 12/50 batch 66/66 (100%) running_loss=0.3257
2026-09-16 07:15:27,297 INFO epoch 12/50 done: train_loss=0.3257 val_loss=0.2197 val_accuracy=0.9406 val_macro_f1=0.9154 val_macro_auc=0.9879 (checkpoint_metric=macro_auc) [new best]
2026-09-16 07:15:28,351 INFO train epoch 13/50 batch 13/66 (20%) running_loss=0.3273
2026-09-16 07:15:29,041 INFO train epoch 13/50 batch 26/66 (39%) running_loss=0.3227
2026-09-16 07:15:29,754 INFO train epoch 13/50 batch 39/66 (59%) running_loss=0.3215
2026-09-16 07:15:30,463 INFO train epoch 13/50 batch 52/66 (79%) running_loss=0.3254
2026-09-16 07:15:31,177 INFO train epoch 13/50 batch 65/66 (98%) running_loss=0.3243
2026-09-16 07:15:31,205 INFO train epoch 13/50 batch 66/66 (100%) running_loss=0.3247
2026-09-16 07:15:32,744 INFO epoch 13/50 done: train_loss=0.3247 val_loss=0.2502 val_accuracy=0.9324 val_macro_f1=0.9093 val_macro_auc=0.9879 (checkpoint_metric=macro_auc) [new best]
2026-09-16 07:15:33,739 INFO train epoch 14/50 batch 13/66 (20%) running_loss=0.3180
2026-09-16 07:15:34,443 INFO train epoch 14/50 batch 26/66 (39%) running_loss=0.3185
2026-09-16 07:15:35,182 INFO train epoch 14/50 batch 39/66 (59%) running_loss=0.3266
2026-09-16 07:15:36,017 INFO train epoch 14/50 batch 52/66 (79%) running_loss=0.3259
2026-09-16 07:15:36,666 INFO train epoch 14/50 batch 65/66 (98%) running_loss=0.3256
2026-09-16 07:15:36,695 INFO train epoch 14/50 batch 66/66 (100%) running_loss=0.3255
2026-09-16 07:15:37,736 INFO epoch 14/50 done: train_loss=0.3255 val_loss=0.2594 val_accuracy=0.9201 val_macro_f1=0.8929 val_macro_auc=0.9841 (checkpoint_metric=macro_auc)
2026-09-16 07:15:38,721 INFO train epoch 15/50 batch 13/66 (20%) running_loss=0.3314
2026-09-16 07:15:39,427 INFO train epoch 15/50 batch 26/66 (39%) running_loss=0.3278
2026-09-16 07:15:40,139 INFO train epoch 15/50 batch 39/66 (59%) running_loss=0.3270
2026-09-16 07:15:40,835 INFO train epoch 15/50 batch 52/66 (79%) running_loss=0.3260
2026-09-16 07:15:41,555 INFO train epoch 15/50 batch 65/66 (98%) running_loss=0.3253
2026-09-16 07:15:41,584 INFO train epoch 15/50 batch 66/66 (100%) running_loss=0.3255
2026-09-16 07:15:42,573 INFO epoch 15/50 done: train_loss=0.3255 val_loss=0.2470 val_accuracy=0.9221 val_macro_f1=0.8944 val_macro_auc=0.9868 (checkpoint_metric=macro_auc)
2026-09-16 07:15:43,561 INFO train epoch 16/50 batch 13/66 (20%) running_loss=0.3235
2026-09-16 07:15:44,269 INFO train epoch 16/50 batch 26/66 (39%) running_loss=0.3290
2026-09-16 07:15:44,970 INFO train epoch 16/50 batch 39/66 (59%) running_loss=0.3268
2026-09-16 07:15:45,733 INFO train epoch 16/50 batch 52/66 (79%) running_loss=0.3253
2026-09-16 07:15:46,437 INFO train epoch 16/50 batch 65/66 (98%) running_loss=0.3280
2026-09-16 07:15:46,466 INFO train epoch 16/50 batch 66/66 (100%) running_loss=0.3279
2026-09-16 07:15:47,449 INFO epoch 16/50 done: train_loss=0.3279 val_loss=0.1998 val_accuracy=0.9488 val_macro_f1=0.9263 val_macro_auc=0.9907 (checkpoint_metric=macro_auc)
2026-09-16 07:15:48,490 INFO train epoch 17/50 batch 13/66 (20%) running_loss=0.3108
2026-09-16 07:15:49,161 INFO train epoch 17/50 batch 26/66 (39%) running_loss=0.3138
2026-09-16 07:15:49,859 INFO train epoch 17/50 batch 39/66 (59%) running_loss=0.3142
2026-09-16 07:15:50,695 INFO train epoch 17/50 batch 52/66 (79%) running_loss=0.3162
2026-09-16 07:15:51,414 INFO train epoch 17/50 batch 65/66 (98%) running_loss=0.3159
2026-09-16 07:15:51,442 INFO train epoch 17/50 batch 66/66 (100%) running_loss=0.3158
2026-09-16 07:15:52,961 INFO epoch 17/50 done: train_loss=0.3158 val_loss=0.2156 val_accuracy=0.9447 val_macro_f1=0.9227 val_macro_auc=0.9886 (checkpoint_metric=macro_auc) [new best]
2026-09-16 07:15:53,973 INFO train epoch 18/50 batch 13/66 (20%) running_loss=0.3153
2026-09-16 07:15:54,697 INFO train epoch 18/50 batch 26/66 (39%) running_loss=0.3165
2026-09-16 07:15:55,393 INFO train epoch 18/50 batch 39/66 (59%) running_loss=0.3169
2026-09-16 07:15:56,061 INFO train epoch 18/50 batch 52/66 (79%) running_loss=0.3155
2026-09-16 07:15:56,801 INFO train epoch 18/50 batch 65/66 (98%) running_loss=0.3157
2026-09-16 07:15:56,829 INFO train epoch 18/50 batch 66/66 (100%) running_loss=0.3158
2026-09-16 07:15:58,274 INFO epoch 18/50 done: train_loss=0.3158 val_loss=0.2330 val_accuracy=0.9283 val_macro_f1=0.9012 val_macro_auc=0.9878 (checkpoint_metric=macro_auc) [new best]
2026-09-16 07:15:59,348 INFO train epoch 19/50 batch 13/66 (20%) running_loss=0.3137
2026-09-16 07:16:00,079 INFO train epoch 19/50 batch 26/66 (39%) running_loss=0.3152
2026-09-16 07:16:00,761 INFO train epoch 19/50 batch 39/66 (59%) running_loss=0.3179
2026-09-16 07:16:01,499 INFO train epoch 19/50 batch 52/66 (79%) running_loss=0.3181
2026-09-16 07:16:02,230 INFO train epoch 19/50 batch 65/66 (98%) running_loss=0.3173
2026-09-16 07:16:02,258 INFO train epoch 19/50 batch 66/66 (100%) running_loss=0.3173
2026-09-16 07:16:03,271 INFO epoch 19/50 done: train_loss=0.3173 val_loss=0.2108 val_accuracy=0.9426 val_macro_f1=0.9192 val_macro_auc=0.9904 (checkpoint_metric=macro_auc)
2026-09-16 07:16:04,296 INFO train epoch 20/50 batch 13/66 (20%) running_loss=0.3129
2026-09-16 07:16:05,002 INFO train epoch 20/50 batch 26/66 (39%) running_loss=0.3132
2026-09-16 07:16:05,696 INFO train epoch 20/50 batch 39/66 (59%) running_loss=0.3189
2026-09-16 07:16:06,523 INFO train epoch 20/50 batch 52/66 (79%) running_loss=0.3180
2026-09-16 07:16:07,241 INFO train epoch 20/50 batch 65/66 (98%) running_loss=0.3170
2026-09-16 07:16:07,269 INFO train epoch 20/50 batch 66/66 (100%) running_loss=0.3170
2026-09-16 07:16:08,770 INFO epoch 20/50 done: train_loss=0.3170 val_loss=0.2124 val_accuracy=0.9447 val_macro_f1=0.9219 val_macro_auc=0.9898 (checkpoint_metric=macro_auc) [new best]
2026-09-16 07:16:09,786 INFO train epoch 21/50 batch 13/66 (20%) running_loss=0.3085
2026-09-16 07:16:10,626 INFO train epoch 21/50 batch 26/66 (39%) running_loss=0.3132
2026-09-16 07:16:11,389 INFO train epoch 21/50 batch 39/66 (59%) running_loss=0.3140
2026-09-16 07:16:12,089 INFO train epoch 21/50 batch 52/66 (79%) running_loss=0.3128
2026-09-16 07:16:12,715 INFO train epoch 21/50 batch 65/66 (98%) running_loss=0.3133
2026-09-16 07:16:12,776 INFO train epoch 21/50 batch 66/66 (100%) running_loss=0.3133
2026-09-16 07:16:14,204 INFO epoch 21/50 done: train_loss=0.3133 val_loss=0.2108 val_accuracy=0.9365 val_macro_f1=0.9105 val_macro_auc=0.9907 (checkpoint_metric=macro_auc) [new best]
2026-09-16 07:16:15,213 INFO train epoch 22/50 batch 13/66 (20%) running_loss=0.3103
2026-09-16 07:16:15,913 INFO train epoch 22/50 batch 26/66 (39%) running_loss=0.3127
2026-09-16 07:16:16,738 INFO train epoch 22/50 batch 39/66 (59%) running_loss=0.3127
2026-09-16 07:16:17,450 INFO train epoch 22/50 batch 52/66 (79%) running_loss=0.3126
2026-09-16 07:16:18,094 INFO train epoch 22/50 batch 65/66 (98%) running_loss=0.3128
2026-09-16 07:16:18,123 INFO train epoch 22/50 batch 66/66 (100%) running_loss=0.3132
2026-09-16 07:16:19,129 INFO epoch 22/50 done: train_loss=0.3132 val_loss=0.2361 val_accuracy=0.9324 val_macro_f1=0.9083 val_macro_auc=0.9887 (checkpoint_metric=macro_auc)
2026-09-16 07:16:20,123 INFO train epoch 23/50 batch 13/66 (20%) running_loss=0.3128
2026-09-16 07:16:20,837 INFO train epoch 23/50 batch 26/66 (39%) running_loss=0.3164
2026-09-16 07:16:21,604 INFO train epoch 23/50 batch 39/66 (59%) running_loss=0.3181
2026-09-16 07:16:22,337 INFO train epoch 23/50 batch 52/66 (79%) running_loss=0.3174
2026-09-16 07:16:23,055 INFO train epoch 23/50 batch 65/66 (98%) running_loss=0.3162
2026-09-16 07:16:23,083 INFO train epoch 23/50 batch 66/66 (100%) running_loss=0.3171
2026-09-16 07:16:24,076 INFO epoch 23/50 done: train_loss=0.3171 val_loss=0.2310 val_accuracy=0.9262 val_macro_f1=0.8997 val_macro_auc=0.9887 (checkpoint_metric=macro_auc)
2026-09-16 07:16:25,104 INFO train epoch 24/50 batch 13/66 (20%) running_loss=0.3184
2026-09-16 07:16:25,804 INFO train epoch 24/50 batch 26/66 (39%) running_loss=0.3129
2026-09-16 07:16:26,527 INFO train epoch 24/50 batch 39/66 (59%) running_loss=0.3131
2026-09-16 07:16:27,278 INFO train epoch 24/50 batch 52/66 (79%) running_loss=0.3131
2026-09-16 07:16:27,987 INFO train epoch 24/50 batch 65/66 (98%) running_loss=0.3129
2026-09-16 07:16:28,016 INFO train epoch 24/50 batch 66/66 (100%) running_loss=0.3128
2026-09-16 07:16:29,019 INFO epoch 24/50 done: train_loss=0.3128 val_loss=0.2057 val_accuracy=0.9406 val_macro_f1=0.9160 val_macro_auc=0.9917 (checkpoint_metric=macro_auc)
2026-09-16 07:16:30,077 INFO train epoch 25/50 batch 13/66 (20%) running_loss=0.3129
2026-09-16 07:16:30,785 INFO train epoch 25/50 batch 26/66 (39%) running_loss=0.3109
2026-09-16 07:16:31,490 INFO train epoch 25/50 batch 39/66 (59%) running_loss=0.3108
2026-09-16 07:16:32,230 INFO train epoch 25/50 batch 52/66 (79%) running_loss=0.3115
2026-09-16 07:16:32,952 INFO train epoch 25/50 batch 65/66 (98%) running_loss=0.3127
2026-09-16 07:16:32,981 INFO train epoch 25/50 batch 66/66 (100%) running_loss=0.3127
2026-09-16 07:16:33,997 INFO epoch 25/50 done: train_loss=0.3127 val_loss=0.2331 val_accuracy=0.9365 val_macro_f1=0.9120 val_macro_auc=0.9892 (checkpoint_metric=macro_auc)
2026-09-16 07:16:35,021 INFO train epoch 26/50 batch 13/66 (20%) running_loss=0.3071
2026-09-16 07:16:35,724 INFO train epoch 26/50 batch 26/66 (39%) running_loss=0.3068
2026-09-16 07:16:36,422 INFO train epoch 26/50 batch 39/66 (59%) running_loss=0.3080
2026-09-16 07:16:37,222 INFO train epoch 26/50 batch 52/66 (79%) running_loss=0.3088
2026-09-16 07:16:37,929 INFO train epoch 26/50 batch 65/66 (98%) running_loss=0.3100
2026-09-16 07:16:37,957 INFO train epoch 26/50 batch 66/66 (100%) running_loss=0.3099
2026-09-16 07:16:39,489 INFO epoch 26/50 done: train_loss=0.3099 val_loss=0.2084 val_accuracy=0.9426 val_macro_f1=0.9203 val_macro_auc=0.9915 (checkpoint_metric=macro_auc) [new best]
2026-09-16 07:16:40,497 INFO train epoch 27/50 batch 13/66 (20%) running_loss=0.3092
2026-09-16 07:16:41,185 INFO train epoch 27/50 batch 26/66 (39%) running_loss=0.3096
2026-09-16 07:16:41,864 INFO train epoch 27/50 batch 39/66 (59%) running_loss=0.3097
2026-09-16 07:16:42,659 INFO train epoch 27/50 batch 52/66 (79%) running_loss=0.3091
2026-09-16 07:16:43,339 INFO train epoch 27/50 batch 65/66 (98%) running_loss=0.3087
2026-09-16 07:16:43,368 INFO train epoch 27/50 batch 66/66 (100%) running_loss=0.3092
2026-09-16 07:16:44,358 INFO epoch 27/50 done: train_loss=0.3092 val_loss=0.2148 val_accuracy=0.9447 val_macro_f1=0.9219 val_macro_auc=0.9910 (checkpoint_metric=macro_auc)
2026-09-16 07:16:45,343 INFO train epoch 28/50 batch 13/66 (20%) running_loss=0.3068
2026-09-16 07:16:46,031 INFO train epoch 28/50 batch 26/66 (39%) running_loss=0.3086
2026-09-16 07:16:46,743 INFO train epoch 28/50 batch 39/66 (59%) running_loss=0.3120
2026-09-16 07:16:47,487 INFO train epoch 28/50 batch 52/66 (79%) running_loss=0.3114
2026-09-16 07:16:48,179 INFO train epoch 28/50 batch 65/66 (98%) running_loss=0.3118
2026-09-16 07:16:48,207 INFO train epoch 28/50 batch 66/66 (100%) running_loss=0.3122
2026-09-16 07:16:49,761 INFO epoch 28/50 done: train_loss=0.3122 val_loss=0.2139 val_accuracy=0.9406 val_macro_f1=0.9164 val_macro_auc=0.9901 (checkpoint_metric=macro_auc) [new best]
2026-09-16 07:16:50,785 INFO train epoch 29/50 batch 13/66 (20%) running_loss=0.3034
2026-09-16 07:16:51,505 INFO train epoch 29/50 batch 26/66 (39%) running_loss=0.3047
2026-09-16 07:16:52,205 INFO train epoch 29/50 batch 39/66 (59%) running_loss=0.3051
2026-09-16 07:16:52,942 INFO train epoch 29/50 batch 52/66 (79%) running_loss=0.3056
2026-09-16 07:16:53,656 INFO train epoch 29/50 batch 65/66 (98%) running_loss=0.3068
2026-09-16 07:16:53,685 INFO train epoch 29/50 batch 66/66 (100%) running_loss=0.3067
2026-09-16 07:16:54,687 INFO epoch 29/50 done: train_loss=0.3067 val_loss=0.2116 val_accuracy=0.9447 val_macro_f1=0.9216 val_macro_auc=0.9907 (checkpoint_metric=macro_auc)
2026-09-16 07:16:55,732 INFO train epoch 30/50 batch 13/66 (20%) running_loss=0.3093
2026-09-16 07:16:56,394 INFO train epoch 30/50 batch 26/66 (39%) running_loss=0.3069
2026-09-16 07:16:57,085 INFO train epoch 30/50 batch 39/66 (59%) running_loss=0.3092
2026-09-16 07:16:57,865 INFO train epoch 30/50 batch 52/66 (79%) running_loss=0.3101
2026-09-16 07:16:58,590 INFO train epoch 30/50 batch 65/66 (98%) running_loss=0.3095
2026-09-16 07:16:58,620 INFO train epoch 30/50 batch 66/66 (100%) running_loss=0.3099
2026-09-16 07:16:59,636 INFO epoch 30/50 done: train_loss=0.3099 val_loss=0.2276 val_accuracy=0.9447 val_macro_f1=0.9233 val_macro_auc=0.9892 (checkpoint_metric=macro_auc)
2026-09-16 07:17:00,677 INFO train epoch 31/50 batch 13/66 (20%) running_loss=0.3117
2026-09-16 07:17:01,377 INFO train epoch 31/50 batch 26/66 (39%) running_loss=0.3127
2026-09-16 07:17:02,086 INFO train epoch 31/50 batch 39/66 (59%) running_loss=0.3123
2026-09-16 07:17:02,872 INFO train epoch 31/50 batch 52/66 (79%) running_loss=0.3108
2026-09-16 07:17:03,562 INFO train epoch 31/50 batch 65/66 (98%) running_loss=0.3105
2026-09-16 07:17:03,591 INFO train epoch 31/50 batch 66/66 (100%) running_loss=0.3104
2026-09-16 07:17:04,594 INFO epoch 31/50 done: train_loss=0.3104 val_loss=0.2181 val_accuracy=0.9385 val_macro_f1=0.9140 val_macro_auc=0.9898 (checkpoint_metric=macro_auc)
2026-09-16 07:17:05,611 INFO train epoch 32/50 batch 13/66 (20%) running_loss=0.3088
2026-09-16 07:17:06,284 INFO train epoch 32/50 batch 26/66 (39%) running_loss=0.3079
2026-09-16 07:17:07,063 INFO train epoch 32/50 batch 39/66 (59%) running_loss=0.3072
2026-09-16 07:17:07,729 INFO train epoch 32/50 batch 52/66 (79%) running_loss=0.3082
2026-09-16 07:17:08,520 INFO train epoch 32/50 batch 65/66 (98%) running_loss=0.3075
2026-09-16 07:17:08,550 INFO train epoch 32/50 batch 66/66 (100%) running_loss=0.3077
2026-09-16 07:17:09,578 INFO epoch 32/50 done: train_loss=0.3077 val_loss=0.2162 val_accuracy=0.9406 val_macro_f1=0.9179 val_macro_auc=0.9904 (checkpoint_metric=macro_auc)
2026-09-16 07:17:10,568 INFO train epoch 33/50 batch 13/66 (20%) running_loss=0.3042
2026-09-16 07:17:11,266 INFO train epoch 33/50 batch 26/66 (39%) running_loss=0.3055
2026-09-16 07:17:12,112 INFO train epoch 33/50 batch 39/66 (59%) running_loss=0.3091
2026-09-16 07:17:12,800 INFO train epoch 33/50 batch 52/66 (79%) running_loss=0.3091
2026-09-16 07:17:13,494 INFO train epoch 33/50 batch 65/66 (98%) running_loss=0.3094
2026-09-16 07:17:13,523 INFO train epoch 33/50 batch 66/66 (100%) running_loss=0.3096
2026-09-16 07:17:14,524 INFO epoch 33/50 done: train_loss=0.3096 val_loss=0.2135 val_accuracy=0.9426 val_macro_f1=0.9192 val_macro_auc=0.9908 (checkpoint_metric=macro_auc)
2026-09-16 07:17:15,513 INFO train epoch 34/50 batch 13/66 (20%) running_loss=0.3066
2026-09-16 07:17:16,196 INFO train epoch 34/50 batch 26/66 (39%) running_loss=0.3084
2026-09-16 07:17:16,912 INFO train epoch 34/50 batch 39/66 (59%) running_loss=0.3075
2026-09-16 07:17:17,736 INFO train epoch 34/50 batch 52/66 (79%) running_loss=0.3078
2026-09-16 07:17:18,420 INFO train epoch 34/50 batch 65/66 (98%) running_loss=0.3080
2026-09-16 07:17:18,448 INFO train epoch 34/50 batch 66/66 (100%) running_loss=0.3079
2026-09-16 07:17:19,459 INFO epoch 34/50 done: train_loss=0.3079 val_loss=0.2171 val_accuracy=0.9447 val_macro_f1=0.9226 val_macro_auc=0.9907 (checkpoint_metric=macro_auc)
2026-09-16 07:17:20,469 INFO train epoch 35/50 batch 13/66 (20%) running_loss=0.3104
2026-09-16 07:17:21,181 INFO train epoch 35/50 batch 26/66 (39%) running_loss=0.3095
2026-09-16 07:17:22,021 INFO train epoch 35/50 batch 39/66 (59%) running_loss=0.3073
2026-09-16 07:17:22,795 INFO train epoch 35/50 batch 52/66 (79%) running_loss=0.3072
2026-09-16 07:17:23,525 INFO train epoch 35/50 batch 65/66 (98%) running_loss=0.3082
2026-09-16 07:17:23,554 INFO train epoch 35/50 batch 66/66 (100%) running_loss=0.3081
2026-09-16 07:17:25,001 INFO epoch 35/50 done: train_loss=0.3081 val_loss=0.2102 val_accuracy=0.9447 val_macro_f1=0.9216 val_macro_auc=0.9913 (checkpoint_metric=macro_auc) [new best]
2026-09-16 07:17:26,017 INFO train epoch 36/50 batch 13/66 (20%) running_loss=0.3078
2026-09-16 07:17:26,680 INFO train epoch 36/50 batch 26/66 (39%) running_loss=0.3080
2026-09-16 07:17:27,410 INFO train epoch 36/50 batch 39/66 (59%) running_loss=0.3078
2026-09-16 07:17:28,182 INFO train epoch 36/50 batch 52/66 (79%) running_loss=0.3079
2026-09-16 07:17:28,860 INFO train epoch 36/50 batch 65/66 (98%) running_loss=0.3071
2026-09-16 07:17:28,919 INFO train epoch 36/50 batch 66/66 (100%) running_loss=0.3071
2026-09-16 07:17:29,928 INFO epoch 36/50 done: train_loss=0.3071 val_loss=0.2116 val_accuracy=0.9426 val_macro_f1=0.9195 val_macro_auc=0.9906 (checkpoint_metric=macro_auc)
2026-09-16 07:17:30,919 INFO train epoch 37/50 batch 13/66 (20%) running_loss=0.3039
2026-09-16 07:17:31,627 INFO train epoch 37/50 batch 26/66 (39%) running_loss=0.3075
2026-09-16 07:17:32,325 INFO train epoch 37/50 batch 39/66 (59%) running_loss=0.3086
2026-09-16 07:17:33,077 INFO train epoch 37/50 batch 52/66 (79%) running_loss=0.3099
2026-09-16 07:17:33,803 INFO train epoch 37/50 batch 65/66 (98%) running_loss=0.3092
2026-09-16 07:17:33,832 INFO train epoch 37/50 batch 66/66 (100%) running_loss=0.3093
2026-09-16 07:17:34,885 INFO epoch 37/50 done: train_loss=0.3093 val_loss=0.2300 val_accuracy=0.9365 val_macro_f1=0.9130 val_macro_auc=0.9895 (checkpoint_metric=macro_auc)
2026-09-16 07:17:35,915 INFO train epoch 38/50 batch 13/66 (20%) running_loss=0.3095
2026-09-16 07:17:36,702 INFO train epoch 38/50 batch 26/66 (39%) running_loss=0.3085
2026-09-16 07:17:37,407 INFO train epoch 38/50 batch 39/66 (59%) running_loss=0.3080
2026-09-16 07:17:38,070 INFO train epoch 38/50 batch 52/66 (79%) running_loss=0.3077
2026-09-16 07:17:38,737 INFO train epoch 38/50 batch 65/66 (98%) running_loss=0.3072
2026-09-16 07:17:38,789 INFO train epoch 38/50 batch 66/66 (100%) running_loss=0.3072
2026-09-16 07:17:39,806 INFO epoch 38/50 done: train_loss=0.3072 val_loss=0.2176 val_accuracy=0.9406 val_macro_f1=0.9168 val_macro_auc=0.9903 (checkpoint_metric=macro_auc)
2026-09-16 07:17:40,890 INFO train epoch 39/50 batch 13/66 (20%) running_loss=0.3029
2026-09-16 07:17:41,633 INFO train epoch 39/50 batch 26/66 (39%) running_loss=0.3032
2026-09-16 07:17:42,331 INFO train epoch 39/50 batch 39/66 (59%) running_loss=0.3038
2026-09-16 07:17:43,031 INFO train epoch 39/50 batch 52/66 (79%) running_loss=0.3045
2026-09-16 07:17:43,799 INFO train epoch 39/50 batch 65/66 (98%) running_loss=0.3048
2026-09-16 07:17:43,828 INFO train epoch 39/50 batch 66/66 (100%) running_loss=0.3048
2026-09-16 07:17:44,823 INFO epoch 39/50 done: train_loss=0.3048 val_loss=0.2291 val_accuracy=0.9344 val_macro_f1=0.9111 val_macro_auc=0.9896 (checkpoint_metric=macro_auc)
2026-09-16 07:17:45,895 INFO train epoch 40/50 batch 13/66 (20%) running_loss=0.3117
2026-09-16 07:17:46,598 INFO train epoch 40/50 batch 26/66 (39%) running_loss=0.3088
2026-09-16 07:17:47,311 INFO train epoch 40/50 batch 39/66 (59%) running_loss=0.3078
2026-09-16 07:17:48,051 INFO train epoch 40/50 batch 52/66 (79%) running_loss=0.3082
2026-09-16 07:17:48,667 INFO train epoch 40/50 batch 65/66 (98%) running_loss=0.3079
2026-09-16 07:17:48,730 INFO train epoch 40/50 batch 66/66 (100%) running_loss=0.3078
2026-09-16 07:17:49,746 INFO epoch 40/50 done: train_loss=0.3078 val_loss=0.2180 val_accuracy=0.9426 val_macro_f1=0.9199 val_macro_auc=0.9901 (checkpoint_metric=macro_auc)
2026-09-16 07:17:50,794 INFO train epoch 41/50 batch 13/66 (20%) running_loss=0.3052
2026-09-16 07:17:51,573 INFO train epoch 41/50 batch 26/66 (39%) running_loss=0.3056
2026-09-16 07:17:52,275 INFO train epoch 41/50 batch 39/66 (59%) running_loss=0.3102
2026-09-16 07:17:53,014 INFO train epoch 41/50 batch 52/66 (79%) running_loss=0.3090
2026-09-16 07:17:53,682 INFO train epoch 41/50 batch 65/66 (98%) running_loss=0.3093
2026-09-16 07:17:53,747 INFO train epoch 41/50 batch 66/66 (100%) running_loss=0.3092
2026-09-16 07:17:54,759 INFO epoch 41/50 done: train_loss=0.3092 val_loss=0.2102 val_accuracy=0.9447 val_macro_f1=0.9220 val_macro_auc=0.9910 (checkpoint_metric=macro_auc)
2026-09-16 07:17:55,802 INFO train epoch 42/50 batch 13/66 (20%) running_loss=0.3087
2026-09-16 07:17:56,493 INFO train epoch 42/50 batch 26/66 (39%) running_loss=0.3103
2026-09-16 07:17:57,233 INFO train epoch 42/50 batch 39/66 (59%) running_loss=0.3079
2026-09-16 07:17:57,988 INFO train epoch 42/50 batch 52/66 (79%) running_loss=0.3082
2026-09-16 07:17:58,707 INFO train epoch 42/50 batch 65/66 (98%) running_loss=0.3086
2026-09-16 07:17:58,736 INFO train epoch 42/50 batch 66/66 (100%) running_loss=0.3086
2026-09-16 07:17:59,743 INFO epoch 42/50 done: train_loss=0.3086 val_loss=0.2231 val_accuracy=0.9385 val_macro_f1=0.9143 val_macro_auc=0.9898 (checkpoint_metric=macro_auc)
2026-09-16 07:18:00,829 INFO train epoch 43/50 batch 13/66 (20%) running_loss=0.3074
2026-09-16 07:18:01,577 INFO train epoch 43/50 batch 26/66 (39%) running_loss=0.3056
2026-09-16 07:18:02,286 INFO train epoch 43/50 batch 39/66 (59%) running_loss=0.3074
2026-09-16 07:18:02,948 INFO train epoch 43/50 batch 52/66 (79%) running_loss=0.3079
2026-09-16 07:18:03,665 INFO train epoch 43/50 batch 65/66 (98%) running_loss=0.3075
2026-09-16 07:18:03,694 INFO train epoch 43/50 batch 66/66 (100%) running_loss=0.3074
2026-09-16 07:18:04,690 INFO epoch 43/50 done: train_loss=0.3074 val_loss=0.2136 val_accuracy=0.9406 val_macro_f1=0.9164 val_macro_auc=0.9905 (checkpoint_metric=macro_auc)
2026-09-16 07:18:05,676 INFO train epoch 44/50 batch 13/66 (20%) running_loss=0.3113
2026-09-16 07:18:06,484 INFO train epoch 44/50 batch 26/66 (39%) running_loss=0.3098
2026-09-16 07:18:07,254 INFO train epoch 44/50 batch 39/66 (59%) running_loss=0.3082
2026-09-16 07:18:07,989 INFO train epoch 44/50 batch 52/66 (79%) running_loss=0.3084
2026-09-16 07:18:08,729 INFO train epoch 44/50 batch 65/66 (98%) running_loss=0.3080
2026-09-16 07:18:08,799 INFO train epoch 44/50 batch 66/66 (100%) running_loss=0.3081
2026-09-16 07:18:09,785 INFO epoch 44/50 done: train_loss=0.3081 val_loss=0.2186 val_accuracy=0.9426 val_macro_f1=0.9199 val_macro_auc=0.9904 (checkpoint_metric=macro_auc)
2026-09-16 07:18:10,808 INFO train epoch 45/50 batch 13/66 (20%) running_loss=0.3138
2026-09-16 07:18:11,507 INFO train epoch 45/50 batch 26/66 (39%) running_loss=0.3096
2026-09-16 07:18:12,231 INFO train epoch 45/50 batch 39/66 (59%) running_loss=0.3082
2026-09-16 07:18:12,986 INFO train epoch 45/50 batch 52/66 (79%) running_loss=0.3074
2026-09-16 07:18:13,690 INFO train epoch 45/50 batch 65/66 (98%) running_loss=0.3082
2026-09-16 07:18:13,719 INFO train epoch 45/50 batch 66/66 (100%) running_loss=0.3084
2026-09-16 07:18:14,706 INFO epoch 45/50 done: train_loss=0.3084 val_loss=0.2091 val_accuracy=0.9406 val_macro_f1=0.9157 val_macro_auc=0.9909 (checkpoint_metric=macro_auc)
2026-09-16 07:18:15,739 INFO train epoch 46/50 batch 13/66 (20%) running_loss=0.3054
2026-09-16 07:18:16,479 INFO train epoch 46/50 batch 26/66 (39%) running_loss=0.3067
2026-09-16 07:18:17,210 INFO train epoch 46/50 batch 39/66 (59%) running_loss=0.3072
2026-09-16 07:18:17,880 INFO train epoch 46/50 batch 52/66 (79%) running_loss=0.3061
2026-09-16 07:18:18,510 INFO train epoch 46/50 batch 65/66 (98%) running_loss=0.3056
2026-09-16 07:18:18,554 INFO train epoch 46/50 batch 66/66 (100%) running_loss=0.3072
2026-09-16 07:18:19,540 INFO epoch 46/50 done: train_loss=0.3072 val_loss=0.2197 val_accuracy=0.9447 val_macro_f1=0.9223 val_macro_auc=0.9901 (checkpoint_metric=macro_auc)
2026-09-16 07:18:20,545 INFO train epoch 47/50 batch 13/66 (20%) running_loss=0.3072
2026-09-16 07:18:21,300 INFO train epoch 47/50 batch 26/66 (39%) running_loss=0.3080
2026-09-16 07:18:22,064 INFO train epoch 47/50 batch 39/66 (59%) running_loss=0.3094
2026-09-16 07:18:22,742 INFO train epoch 47/50 batch 52/66 (79%) running_loss=0.3092
2026-09-16 07:18:23,375 INFO train epoch 47/50 batch 65/66 (98%) running_loss=0.3080
2026-09-16 07:18:23,428 INFO train epoch 47/50 batch 66/66 (100%) running_loss=0.3080
2026-09-16 07:18:24,438 INFO epoch 47/50 done: train_loss=0.3080 val_loss=0.2256 val_accuracy=0.9385 val_macro_f1=0.9144 val_macro_auc=0.9897 (checkpoint_metric=macro_auc)
2026-09-16 07:18:25,429 INFO train epoch 48/50 batch 13/66 (20%) running_loss=0.3093
2026-09-16 07:18:26,098 INFO train epoch 48/50 batch 26/66 (39%) running_loss=0.3093
2026-09-16 07:18:26,821 INFO train epoch 48/50 batch 39/66 (59%) running_loss=0.3084
2026-09-16 07:18:27,665 INFO train epoch 48/50 batch 52/66 (79%) running_loss=0.3079
2026-09-16 07:18:28,370 INFO train epoch 48/50 batch 65/66 (98%) running_loss=0.3071
2026-09-16 07:18:28,398 INFO train epoch 48/50 batch 66/66 (100%) running_loss=0.3071
2026-09-16 07:18:29,400 INFO epoch 48/50 done: train_loss=0.3071 val_loss=0.2258 val_accuracy=0.9365 val_macro_f1=0.9123 val_macro_auc=0.9896 (checkpoint_metric=macro_auc)
2026-09-16 07:18:30,417 INFO train epoch 49/50 batch 13/66 (20%) running_loss=0.3110
2026-09-16 07:18:31,083 INFO train epoch 49/50 batch 26/66 (39%) running_loss=0.3103
2026-09-16 07:18:31,907 INFO train epoch 49/50 batch 39/66 (59%) running_loss=0.3111
2026-09-16 07:18:32,658 INFO train epoch 49/50 batch 52/66 (79%) running_loss=0.3095
2026-09-16 07:18:33,360 INFO train epoch 49/50 batch 65/66 (98%) running_loss=0.3090
2026-09-16 07:18:33,389 INFO train epoch 49/50 batch 66/66 (100%) running_loss=0.3090
2026-09-16 07:18:34,401 INFO epoch 49/50 done: train_loss=0.3090 val_loss=0.2309 val_accuracy=0.9324 val_macro_f1=0.9065 val_macro_auc=0.9892 (checkpoint_metric=macro_auc)
2026-09-16 07:18:35,396 INFO train epoch 50/50 batch 13/66 (20%) running_loss=0.3024
2026-09-16 07:18:36,135 INFO train epoch 50/50 batch 26/66 (39%) running_loss=0.3087
2026-09-16 07:18:36,830 INFO train epoch 50/50 batch 39/66 (59%) running_loss=0.3120
2026-09-16 07:18:37,501 INFO train epoch 50/50 batch 52/66 (79%) running_loss=0.3104
2026-09-16 07:18:38,288 INFO train epoch 50/50 batch 65/66 (98%) running_loss=0.3096
2026-09-16 07:18:38,317 INFO train epoch 50/50 batch 66/66 (100%) running_loss=0.3095
2026-09-16 07:18:39,335 INFO epoch 50/50 done: train_loss=0.3095 val_loss=0.2211 val_accuracy=0.9426 val_macro_f1=0.9195 val_macro_auc=0.9900 (checkpoint_metric=macro_auc)
2026-09-16 07:18:39,484 INFO Training finished. Best epoch=35, smoothed macro_auc=0.9909 (window=3)
2026-09-16 07:18:41,059 INFO Test set evaluated once: accuracy=0.8861 macro_f1=0.8755 macro_auc=0.9638
2026-09-16 07:18:41,662 INFO Model size: 21.29M params, 0.676 GFLOPs at 96x96
