2026-09-17 19:13:40,762 INFO Starting baseline training: model=senet device=cuda amp=True image_size=96 epochs=50 lr=0.001 optimizer=sgd
2026-09-17 19:13:41,016 INFO Dataset ready: 3 classes, 2102 train / 488 val samples (split reused from outputs/baseline_senet_96_adaptive_s2/split_indices.json)
2026-09-17 19:13:41,016 INFO Augmentation policy: sample-adaptive, from outputs/main1/augmentation_run/selected_policy.json
2026-09-17 19:13:41,742 INFO Classes: {'glioma_tumor': 0, 'meningioma_tumor': 1, 'pituitary_tumor': 2}
2026-09-17 19:13:41,743 INFO Regularization: weight_decay=7.0e-04 label_smoothing=0.10 grad_clip_norm=5.0
2026-09-17 19:13:44,143 INFO train epoch 1/50 batch 13/66 (20%) running_loss=1.1092
2026-09-17 19:13:45,071 INFO train epoch 1/50 batch 26/66 (39%) running_loss=1.0344
2026-09-17 19:13:45,797 INFO train epoch 1/50 batch 39/66 (59%) running_loss=0.9744
2026-09-17 19:13:46,794 INFO train epoch 1/50 batch 52/66 (79%) running_loss=0.9175
2026-09-17 19:13:47,611 INFO train epoch 1/50 batch 65/66 (98%) running_loss=0.8763
2026-09-17 19:13:47,955 INFO train epoch 1/50 batch 66/66 (100%) running_loss=0.8736
2026-09-17 19:13:49,383 INFO epoch 1/50 done: train_loss=0.8736 val_loss=0.5193 val_accuracy=0.8279 val_macro_f1=0.7368 val_macro_auc=0.9443 (checkpoint_metric=macro_auc) [new best]
2026-09-17 19:13:50,753 INFO train epoch 2/50 batch 13/66 (20%) running_loss=0.6318
2026-09-17 19:13:51,681 INFO train epoch 2/50 batch 26/66 (39%) running_loss=0.6463
2026-09-17 19:13:52,575 INFO train epoch 2/50 batch 39/66 (59%) running_loss=0.6228
2026-09-17 19:13:53,525 INFO train epoch 2/50 batch 52/66 (79%) running_loss=0.6046
2026-09-17 19:13:54,350 INFO train epoch 2/50 batch 65/66 (98%) running_loss=0.5983
2026-09-17 19:13:54,405 INFO train epoch 2/50 batch 66/66 (100%) running_loss=0.5989
2026-09-17 19:13:56,110 INFO epoch 2/50 done: train_loss=0.5989 val_loss=0.2996 val_accuracy=0.9078 val_macro_f1=0.8667 val_macro_auc=0.9786 (checkpoint_metric=macro_auc) [new best]
2026-09-17 19:13:57,478 INFO train epoch 3/50 batch 13/66 (20%) running_loss=0.4654
2026-09-17 19:13:58,375 INFO train epoch 3/50 batch 26/66 (39%) running_loss=0.4697
2026-09-17 19:13:59,357 INFO train epoch 3/50 batch 39/66 (59%) running_loss=0.4746
2026-09-17 19:14:00,297 INFO train epoch 3/50 batch 52/66 (79%) running_loss=0.4712
2026-09-17 19:14:01,187 INFO train epoch 3/50 batch 65/66 (98%) running_loss=0.4723
2026-09-17 19:14:01,240 INFO train epoch 3/50 batch 66/66 (100%) running_loss=0.4718
2026-09-17 19:14:03,005 INFO epoch 3/50 done: train_loss=0.4718 val_loss=0.2701 val_accuracy=0.9098 val_macro_f1=0.8796 val_macro_auc=0.9851 (checkpoint_metric=macro_auc) [new best]
2026-09-17 19:14:04,390 INFO train epoch 4/50 batch 13/66 (20%) running_loss=0.4100
2026-09-17 19:14:05,243 INFO train epoch 4/50 batch 26/66 (39%) running_loss=0.4230
2026-09-17 19:14:06,202 INFO train epoch 4/50 batch 39/66 (59%) running_loss=0.4244
2026-09-17 19:14:07,161 INFO train epoch 4/50 batch 52/66 (79%) running_loss=0.4275
2026-09-17 19:14:07,970 INFO train epoch 4/50 batch 65/66 (98%) running_loss=0.4256
2026-09-17 19:14:08,024 INFO train epoch 4/50 batch 66/66 (100%) running_loss=0.4252
2026-09-17 19:14:09,793 INFO epoch 4/50 done: train_loss=0.4252 val_loss=0.2447 val_accuracy=0.9283 val_macro_f1=0.8985 val_macro_auc=0.9865 (checkpoint_metric=macro_auc) [new best]
2026-09-17 19:14:11,182 INFO train epoch 5/50 batch 13/66 (20%) running_loss=0.3795
2026-09-17 19:14:12,099 INFO train epoch 5/50 batch 26/66 (39%) running_loss=0.3848
2026-09-17 19:14:13,041 INFO train epoch 5/50 batch 39/66 (59%) running_loss=0.3847
2026-09-17 19:14:13,980 INFO train epoch 5/50 batch 52/66 (79%) running_loss=0.3855
2026-09-17 19:14:14,799 INFO train epoch 5/50 batch 65/66 (98%) running_loss=0.3858
2026-09-17 19:14:14,853 INFO train epoch 5/50 batch 66/66 (100%) running_loss=0.3852
2026-09-17 19:14:16,473 INFO epoch 5/50 done: train_loss=0.3852 val_loss=0.2260 val_accuracy=0.9344 val_macro_f1=0.9071 val_macro_auc=0.9853 (checkpoint_metric=macro_auc) [new best]
2026-09-17 19:14:17,770 INFO train epoch 6/50 batch 13/66 (20%) running_loss=0.3574
2026-09-17 19:14:18,740 INFO train epoch 6/50 batch 26/66 (39%) running_loss=0.3665
2026-09-17 19:14:19,695 INFO train epoch 6/50 batch 39/66 (59%) running_loss=0.3735
2026-09-17 19:14:20,526 INFO train epoch 6/50 batch 52/66 (79%) running_loss=0.3717
2026-09-17 19:14:21,331 INFO train epoch 6/50 batch 65/66 (98%) running_loss=0.3761
2026-09-17 19:14:21,384 INFO train epoch 6/50 batch 66/66 (100%) running_loss=0.3756
2026-09-17 19:14:22,464 INFO epoch 6/50 done: train_loss=0.3756 val_loss=0.2838 val_accuracy=0.9139 val_macro_f1=0.8859 val_macro_auc=0.9795 (checkpoint_metric=macro_auc)
2026-09-17 19:14:23,818 INFO train epoch 7/50 batch 13/66 (20%) running_loss=0.3676
2026-09-17 19:14:24,749 INFO train epoch 7/50 batch 26/66 (39%) running_loss=0.3613
2026-09-17 19:14:25,535 INFO train epoch 7/50 batch 39/66 (59%) running_loss=0.3591
2026-09-17 19:14:26,511 INFO train epoch 7/50 batch 52/66 (79%) running_loss=0.3565
2026-09-17 19:14:27,313 INFO train epoch 7/50 batch 65/66 (98%) running_loss=0.3559
2026-09-17 19:14:27,366 INFO train epoch 7/50 batch 66/66 (100%) running_loss=0.3559
2026-09-17 19:14:28,477 INFO epoch 7/50 done: train_loss=0.3559 val_loss=0.2364 val_accuracy=0.9324 val_macro_f1=0.9028 val_macro_auc=0.9813 (checkpoint_metric=macro_auc)
2026-09-17 19:14:29,835 INFO train epoch 8/50 batch 13/66 (20%) running_loss=0.3437
2026-09-17 19:14:30,770 INFO train epoch 8/50 batch 26/66 (39%) running_loss=0.3492
2026-09-17 19:14:31,670 INFO train epoch 8/50 batch 39/66 (59%) running_loss=0.3483
2026-09-17 19:14:32,598 INFO train epoch 8/50 batch 52/66 (79%) running_loss=0.3498
2026-09-17 19:14:33,412 INFO train epoch 8/50 batch 65/66 (98%) running_loss=0.3517
2026-09-17 19:14:33,467 INFO train epoch 8/50 batch 66/66 (100%) running_loss=0.3517
2026-09-17 19:14:34,548 INFO epoch 8/50 done: train_loss=0.3517 val_loss=0.2753 val_accuracy=0.9324 val_macro_f1=0.9044 val_macro_auc=0.9752 (checkpoint_metric=macro_auc)
2026-09-17 19:14:35,930 INFO train epoch 9/50 batch 13/66 (20%) running_loss=0.3451
2026-09-17 19:14:36,707 INFO train epoch 9/50 batch 26/66 (39%) running_loss=0.3422
2026-09-17 19:14:37,662 INFO train epoch 9/50 batch 39/66 (59%) running_loss=0.3495
2026-09-17 19:14:38,619 INFO train epoch 9/50 batch 52/66 (79%) running_loss=0.3514
2026-09-17 19:14:39,434 INFO train epoch 9/50 batch 65/66 (98%) running_loss=0.3525
2026-09-17 19:14:39,489 INFO train epoch 9/50 batch 66/66 (100%) running_loss=0.3520
2026-09-17 19:14:40,594 INFO epoch 9/50 done: train_loss=0.3520 val_loss=0.2392 val_accuracy=0.9365 val_macro_f1=0.9106 val_macro_auc=0.9811 (checkpoint_metric=macro_auc)
2026-09-17 19:14:41,977 INFO train epoch 10/50 batch 13/66 (20%) running_loss=0.3344
2026-09-17 19:14:42,923 INFO train epoch 10/50 batch 26/66 (39%) running_loss=0.3312
2026-09-17 19:14:43,844 INFO train epoch 10/50 batch 39/66 (59%) running_loss=0.3346
2026-09-17 19:14:44,748 INFO train epoch 10/50 batch 52/66 (79%) running_loss=0.3366
2026-09-17 19:14:45,524 INFO train epoch 10/50 batch 65/66 (98%) running_loss=0.3409
2026-09-17 19:14:45,579 INFO train epoch 10/50 batch 66/66 (100%) running_loss=0.3416
2026-09-17 19:14:46,717 INFO epoch 10/50 done: train_loss=0.3416 val_loss=0.2489 val_accuracy=0.9303 val_macro_f1=0.9035 val_macro_auc=0.9809 (checkpoint_metric=macro_auc)
2026-09-17 19:14:48,092 INFO train epoch 11/50 batch 13/66 (20%) running_loss=0.3602
2026-09-17 19:14:48,879 INFO train epoch 11/50 batch 26/66 (39%) running_loss=0.3495
2026-09-17 19:14:49,832 INFO train epoch 11/50 batch 39/66 (59%) running_loss=0.3462
2026-09-17 19:14:50,786 INFO train epoch 11/50 batch 52/66 (79%) running_loss=0.3495
2026-09-17 19:14:51,577 INFO train epoch 11/50 batch 65/66 (98%) running_loss=0.3505
2026-09-17 19:14:51,631 INFO train epoch 11/50 batch 66/66 (100%) running_loss=0.3502
2026-09-17 19:14:52,723 INFO epoch 11/50 done: train_loss=0.3502 val_loss=0.2311 val_accuracy=0.9344 val_macro_f1=0.9062 val_macro_auc=0.9807 (checkpoint_metric=macro_auc)
2026-09-17 19:14:54,105 INFO train epoch 12/50 batch 13/66 (20%) running_loss=0.3361
2026-09-17 19:14:55,046 INFO train epoch 12/50 batch 26/66 (39%) running_loss=0.3472
2026-09-17 19:14:55,834 INFO train epoch 12/50 batch 39/66 (59%) running_loss=0.3430
2026-09-17 19:14:56,798 INFO train epoch 12/50 batch 52/66 (79%) running_loss=0.3406
2026-09-17 19:14:57,669 INFO train epoch 12/50 batch 65/66 (98%) running_loss=0.3380
2026-09-17 19:14:57,722 INFO train epoch 12/50 batch 66/66 (100%) running_loss=0.3382
2026-09-17 19:14:58,851 INFO epoch 12/50 done: train_loss=0.3382 val_loss=0.2468 val_accuracy=0.9324 val_macro_f1=0.9065 val_macro_auc=0.9804 (checkpoint_metric=macro_auc)
2026-09-17 19:15:00,244 INFO train epoch 13/50 batch 13/66 (20%) running_loss=0.3299
2026-09-17 19:15:01,185 INFO train epoch 13/50 batch 26/66 (39%) running_loss=0.3345
2026-09-17 19:15:01,911 INFO train epoch 13/50 batch 39/66 (59%) running_loss=0.3350
2026-09-17 19:15:02,946 INFO train epoch 13/50 batch 52/66 (79%) running_loss=0.3382
2026-09-17 19:15:03,765 INFO train epoch 13/50 batch 65/66 (98%) running_loss=0.3347
2026-09-17 19:15:03,821 INFO train epoch 13/50 batch 66/66 (100%) running_loss=0.3355
2026-09-17 19:15:04,899 INFO epoch 13/50 done: train_loss=0.3355 val_loss=0.2315 val_accuracy=0.9324 val_macro_f1=0.9048 val_macro_auc=0.9821 (checkpoint_metric=macro_auc)
2026-09-17 19:15:06,244 INFO train epoch 14/50 batch 13/66 (20%) running_loss=0.3346
2026-09-17 19:15:07,203 INFO train epoch 14/50 batch 26/66 (39%) running_loss=0.3330
2026-09-17 19:15:08,140 INFO train epoch 14/50 batch 39/66 (59%) running_loss=0.3329
2026-09-17 19:15:08,954 INFO train epoch 14/50 batch 52/66 (79%) running_loss=0.3376
2026-09-17 19:15:09,787 INFO train epoch 14/50 batch 65/66 (98%) running_loss=0.3322
2026-09-17 19:15:09,843 INFO train epoch 14/50 batch 66/66 (100%) running_loss=0.3325
2026-09-17 19:15:10,967 INFO epoch 14/50 done: train_loss=0.3325 val_loss=0.2233 val_accuracy=0.9406 val_macro_f1=0.9158 val_macro_auc=0.9830 (checkpoint_metric=macro_auc)
2026-09-17 19:15:12,319 INFO train epoch 15/50 batch 13/66 (20%) running_loss=0.3309
2026-09-17 19:15:13,258 INFO train epoch 15/50 batch 26/66 (39%) running_loss=0.3301
2026-09-17 19:15:14,185 INFO train epoch 15/50 batch 39/66 (59%) running_loss=0.3296
2026-09-17 19:15:15,105 INFO train epoch 15/50 batch 52/66 (79%) running_loss=0.3276
2026-09-17 19:15:15,856 INFO train epoch 15/50 batch 65/66 (98%) running_loss=0.3281
2026-09-17 19:15:15,908 INFO train epoch 15/50 batch 66/66 (100%) running_loss=0.3279
2026-09-17 19:15:16,980 INFO epoch 15/50 done: train_loss=0.3279 val_loss=0.2504 val_accuracy=0.9283 val_macro_f1=0.8993 val_macro_auc=0.9776 (checkpoint_metric=macro_auc)
2026-09-17 19:15:18,281 INFO train epoch 16/50 batch 13/66 (20%) running_loss=0.3306
2026-09-17 19:15:19,234 INFO train epoch 16/50 batch 26/66 (39%) running_loss=0.3280
2026-09-17 19:15:20,131 INFO train epoch 16/50 batch 39/66 (59%) running_loss=0.3266
2026-09-17 19:15:20,978 INFO train epoch 16/50 batch 52/66 (79%) running_loss=0.3308
2026-09-17 19:15:21,774 INFO train epoch 16/50 batch 65/66 (98%) running_loss=0.3295
2026-09-17 19:15:21,827 INFO train epoch 16/50 batch 66/66 (100%) running_loss=0.3293
2026-09-17 19:15:22,900 INFO epoch 16/50 done: train_loss=0.3293 val_loss=0.2275 val_accuracy=0.9406 val_macro_f1=0.9165 val_macro_auc=0.9836 (checkpoint_metric=macro_auc)
2026-09-17 19:15:24,265 INFO train epoch 17/50 batch 13/66 (20%) running_loss=0.3280
2026-09-17 19:15:25,198 INFO train epoch 17/50 batch 26/66 (39%) running_loss=0.3332
2026-09-17 19:15:26,119 INFO train epoch 17/50 batch 39/66 (59%) running_loss=0.3346
2026-09-17 19:15:27,071 INFO train epoch 17/50 batch 52/66 (79%) running_loss=0.3330
2026-09-17 19:15:27,858 INFO train epoch 17/50 batch 65/66 (98%) running_loss=0.3310
2026-09-17 19:15:27,913 INFO train epoch 17/50 batch 66/66 (100%) running_loss=0.3315
2026-09-17 19:15:29,022 INFO epoch 17/50 done: train_loss=0.3315 val_loss=0.2339 val_accuracy=0.9344 val_macro_f1=0.9071 val_macro_auc=0.9796 (checkpoint_metric=macro_auc)
2026-09-17 19:15:30,340 INFO train epoch 18/50 batch 13/66 (20%) running_loss=0.3223
2026-09-17 19:15:31,290 INFO train epoch 18/50 batch 26/66 (39%) running_loss=0.3239
2026-09-17 19:15:32,188 INFO train epoch 18/50 batch 39/66 (59%) running_loss=0.3241
2026-09-17 19:15:33,107 INFO train epoch 18/50 batch 52/66 (79%) running_loss=0.3240
2026-09-17 19:15:33,928 INFO train epoch 18/50 batch 65/66 (98%) running_loss=0.3228
2026-09-17 19:15:33,985 INFO train epoch 18/50 batch 66/66 (100%) running_loss=0.3226
2026-09-17 19:15:35,059 INFO epoch 18/50 done: train_loss=0.3226 val_loss=0.2438 val_accuracy=0.9344 val_macro_f1=0.9100 val_macro_auc=0.9817 (checkpoint_metric=macro_auc)
2026-09-17 19:15:36,344 INFO train epoch 19/50 batch 13/66 (20%) running_loss=0.3424
2026-09-17 19:15:37,302 INFO train epoch 19/50 batch 26/66 (39%) running_loss=0.3333
2026-09-17 19:15:38,118 INFO train epoch 19/50 batch 39/66 (59%) running_loss=0.3318
2026-09-17 19:15:39,057 INFO train epoch 19/50 batch 52/66 (79%) running_loss=0.3316
2026-09-17 19:15:39,880 INFO train epoch 19/50 batch 65/66 (98%) running_loss=0.3345
2026-09-17 19:15:39,936 INFO train epoch 19/50 batch 66/66 (100%) running_loss=0.3342
2026-09-17 19:15:41,050 INFO epoch 19/50 done: train_loss=0.3342 val_loss=0.2140 val_accuracy=0.9488 val_macro_f1=0.9277 val_macro_auc=0.9848 (checkpoint_metric=macro_auc)
2026-09-17 19:15:42,393 INFO train epoch 20/50 batch 13/66 (20%) running_loss=0.3350
2026-09-17 19:15:43,337 INFO train epoch 20/50 batch 26/66 (39%) running_loss=0.3350
2026-09-17 19:15:44,226 INFO train epoch 20/50 batch 39/66 (59%) running_loss=0.3347
2026-09-17 19:15:45,174 INFO train epoch 20/50 batch 52/66 (79%) running_loss=0.3322
2026-09-17 19:15:46,004 INFO train epoch 20/50 batch 65/66 (98%) running_loss=0.3323
2026-09-17 19:15:46,058 INFO train epoch 20/50 batch 66/66 (100%) running_loss=0.3323
2026-09-17 19:15:47,186 INFO epoch 20/50 done: train_loss=0.3323 val_loss=0.2089 val_accuracy=0.9488 val_macro_f1=0.9256 val_macro_auc=0.9853 (checkpoint_metric=macro_auc)
2026-09-17 19:15:48,515 INFO train epoch 21/50 batch 13/66 (20%) running_loss=0.3198
2026-09-17 19:15:49,474 INFO train epoch 21/50 batch 26/66 (39%) running_loss=0.3236
2026-09-17 19:15:50,215 INFO train epoch 21/50 batch 39/66 (59%) running_loss=0.3229
2026-09-17 19:15:51,219 INFO train epoch 21/50 batch 52/66 (79%) running_loss=0.3255
2026-09-17 19:15:52,043 INFO train epoch 21/50 batch 65/66 (98%) running_loss=0.3244
2026-09-17 19:15:52,096 INFO train epoch 21/50 batch 66/66 (100%) running_loss=0.3261
2026-09-17 19:15:53,188 INFO epoch 21/50 done: train_loss=0.3261 val_loss=0.2131 val_accuracy=0.9426 val_macro_f1=0.9178 val_macro_auc=0.9853 (checkpoint_metric=macro_auc)
2026-09-17 19:15:54,584 INFO train epoch 22/50 batch 13/66 (20%) running_loss=0.3249
2026-09-17 19:15:55,524 INFO train epoch 22/50 batch 26/66 (39%) running_loss=0.3240
2026-09-17 19:15:56,471 INFO train epoch 22/50 batch 39/66 (59%) running_loss=0.3266
2026-09-17 19:15:57,346 INFO train epoch 22/50 batch 52/66 (79%) running_loss=0.3248
2026-09-17 19:15:58,164 INFO train epoch 22/50 batch 65/66 (98%) running_loss=0.3253
2026-09-17 19:15:58,226 INFO train epoch 22/50 batch 66/66 (100%) running_loss=0.3253
2026-09-17 19:15:59,361 INFO epoch 22/50 done: train_loss=0.3253 val_loss=0.2287 val_accuracy=0.9426 val_macro_f1=0.9192 val_macro_auc=0.9831 (checkpoint_metric=macro_auc)
2026-09-17 19:16:00,723 INFO train epoch 23/50 batch 13/66 (20%) running_loss=0.3343
2026-09-17 19:16:01,612 INFO train epoch 23/50 batch 26/66 (39%) running_loss=0.3312
2026-09-17 19:16:02,488 INFO train epoch 23/50 batch 39/66 (59%) running_loss=0.3285
2026-09-17 19:16:03,270 INFO train epoch 23/50 batch 52/66 (79%) running_loss=0.3293
2026-09-17 19:16:04,138 INFO train epoch 23/50 batch 65/66 (98%) running_loss=0.3283
2026-09-17 19:16:04,191 INFO train epoch 23/50 batch 66/66 (100%) running_loss=0.3287
2026-09-17 19:16:05,287 INFO epoch 23/50 done: train_loss=0.3287 val_loss=0.2367 val_accuracy=0.9406 val_macro_f1=0.9168 val_macro_auc=0.9827 (checkpoint_metric=macro_auc)
2026-09-17 19:16:06,654 INFO train epoch 24/50 batch 13/66 (20%) running_loss=0.3185
2026-09-17 19:16:07,588 INFO train epoch 24/50 batch 26/66 (39%) running_loss=0.3182
2026-09-17 19:16:08,535 INFO train epoch 24/50 batch 39/66 (59%) running_loss=0.3171
2026-09-17 19:16:09,378 INFO train epoch 24/50 batch 52/66 (79%) running_loss=0.3197
2026-09-17 19:16:10,232 INFO train epoch 24/50 batch 65/66 (98%) running_loss=0.3189
2026-09-17 19:16:10,285 INFO train epoch 24/50 batch 66/66 (100%) running_loss=0.3187
2026-09-17 19:16:11,350 INFO epoch 24/50 done: train_loss=0.3187 val_loss=0.2169 val_accuracy=0.9467 val_macro_f1=0.9244 val_macro_auc=0.9834 (checkpoint_metric=macro_auc)
2026-09-17 19:16:12,735 INFO train epoch 25/50 batch 13/66 (20%) running_loss=0.3174
2026-09-17 19:16:13,676 INFO train epoch 25/50 batch 26/66 (39%) running_loss=0.3206
2026-09-17 19:16:14,609 INFO train epoch 25/50 batch 39/66 (59%) running_loss=0.3203
2026-09-17 19:16:15,428 INFO train epoch 25/50 batch 52/66 (79%) running_loss=0.3208
2026-09-17 19:16:16,254 INFO train epoch 25/50 batch 65/66 (98%) running_loss=0.3230
2026-09-17 19:16:16,308 INFO train epoch 25/50 batch 66/66 (100%) running_loss=0.3227
2026-09-17 19:16:17,430 INFO epoch 25/50 done: train_loss=0.3227 val_loss=0.2218 val_accuracy=0.9385 val_macro_f1=0.9169 val_macro_auc=0.9863 (checkpoint_metric=macro_auc)
2026-09-17 19:16:18,788 INFO train epoch 26/50 batch 13/66 (20%) running_loss=0.3206
2026-09-17 19:16:19,742 INFO train epoch 26/50 batch 26/66 (39%) running_loss=0.3194
2026-09-17 19:16:20,547 INFO train epoch 26/50 batch 39/66 (59%) running_loss=0.3192
2026-09-17 19:16:21,483 INFO train epoch 26/50 batch 52/66 (79%) running_loss=0.3194
2026-09-17 19:16:22,326 INFO train epoch 26/50 batch 65/66 (98%) running_loss=0.3196
2026-09-17 19:16:22,380 INFO train epoch 26/50 batch 66/66 (100%) running_loss=0.3195
2026-09-17 19:16:23,500 INFO epoch 26/50 done: train_loss=0.3195 val_loss=0.2305 val_accuracy=0.9365 val_macro_f1=0.9124 val_macro_auc=0.9838 (checkpoint_metric=macro_auc)
2026-09-17 19:16:24,859 INFO train epoch 27/50 batch 13/66 (20%) running_loss=0.3102
2026-09-17 19:16:25,757 INFO train epoch 27/50 batch 26/66 (39%) running_loss=0.3111
2026-09-17 19:16:26,706 INFO train epoch 27/50 batch 39/66 (59%) running_loss=0.3131
2026-09-17 19:16:27,651 INFO train epoch 27/50 batch 52/66 (79%) running_loss=0.3151
2026-09-17 19:16:28,466 INFO train epoch 27/50 batch 65/66 (98%) running_loss=0.3143
2026-09-17 19:16:28,521 INFO train epoch 27/50 batch 66/66 (100%) running_loss=0.3142
2026-09-17 19:16:29,654 INFO epoch 27/50 done: train_loss=0.3142 val_loss=0.2211 val_accuracy=0.9344 val_macro_f1=0.9090 val_macro_auc=0.9851 (checkpoint_metric=macro_auc)
2026-09-17 19:16:30,990 INFO train epoch 28/50 batch 13/66 (20%) running_loss=0.3174
2026-09-17 19:16:31,933 INFO train epoch 28/50 batch 26/66 (39%) running_loss=0.3156
2026-09-17 19:16:32,870 INFO train epoch 28/50 batch 39/66 (59%) running_loss=0.3137
2026-09-17 19:16:33,790 INFO train epoch 28/50 batch 52/66 (79%) running_loss=0.3134
2026-09-17 19:16:34,610 INFO train epoch 28/50 batch 65/66 (98%) running_loss=0.3136
2026-09-17 19:16:34,662 INFO train epoch 28/50 batch 66/66 (100%) running_loss=0.3139
2026-09-17 19:16:35,783 INFO epoch 28/50 done: train_loss=0.3139 val_loss=0.2175 val_accuracy=0.9426 val_macro_f1=0.9203 val_macro_auc=0.9831 (checkpoint_metric=macro_auc)
2026-09-17 19:16:37,157 INFO train epoch 29/50 batch 13/66 (20%) running_loss=0.3212
2026-09-17 19:16:38,057 INFO train epoch 29/50 batch 26/66 (39%) running_loss=0.3203
2026-09-17 19:16:38,998 INFO train epoch 29/50 batch 39/66 (59%) running_loss=0.3181
2026-09-17 19:16:39,938 INFO train epoch 29/50 batch 52/66 (79%) running_loss=0.3201
2026-09-17 19:16:40,771 INFO train epoch 29/50 batch 65/66 (98%) running_loss=0.3178
2026-09-17 19:16:40,823 INFO train epoch 29/50 batch 66/66 (100%) running_loss=0.3177
2026-09-17 19:16:41,895 INFO epoch 29/50 done: train_loss=0.3177 val_loss=0.2133 val_accuracy=0.9447 val_macro_f1=0.9206 val_macro_auc=0.9832 (checkpoint_metric=macro_auc)
2026-09-17 19:16:43,248 INFO train epoch 30/50 batch 13/66 (20%) running_loss=0.3165
2026-09-17 19:16:44,177 INFO train epoch 30/50 batch 26/66 (39%) running_loss=0.3157
2026-09-17 19:16:45,111 INFO train epoch 30/50 batch 39/66 (59%) running_loss=0.3153
2026-09-17 19:16:46,032 INFO train epoch 30/50 batch 52/66 (79%) running_loss=0.3153
2026-09-17 19:16:46,839 INFO train epoch 30/50 batch 65/66 (98%) running_loss=0.3156
2026-09-17 19:16:46,896 INFO train epoch 30/50 batch 66/66 (100%) running_loss=0.3155
2026-09-17 19:16:48,011 INFO epoch 30/50 done: train_loss=0.3155 val_loss=0.2114 val_accuracy=0.9426 val_macro_f1=0.9178 val_macro_auc=0.9844 (checkpoint_metric=macro_auc)
2026-09-17 19:16:49,386 INFO train epoch 31/50 batch 13/66 (20%) running_loss=0.3179
2026-09-17 19:16:50,334 INFO train epoch 31/50 batch 26/66 (39%) running_loss=0.3165
2026-09-17 19:16:51,245 INFO train epoch 31/50 batch 39/66 (59%) running_loss=0.3143
2026-09-17 19:16:52,187 INFO train epoch 31/50 batch 52/66 (79%) running_loss=0.3153
2026-09-17 19:16:52,980 INFO train epoch 31/50 batch 65/66 (98%) running_loss=0.3147
2026-09-17 19:16:53,035 INFO train epoch 31/50 batch 66/66 (100%) running_loss=0.3148
2026-09-17 19:16:54,154 INFO epoch 31/50 done: train_loss=0.3148 val_loss=0.2266 val_accuracy=0.9406 val_macro_f1=0.9158 val_macro_auc=0.9833 (checkpoint_metric=macro_auc)
2026-09-17 19:16:55,557 INFO train epoch 32/50 batch 13/66 (20%) running_loss=0.3115
2026-09-17 19:16:56,448 INFO train epoch 32/50 batch 26/66 (39%) running_loss=0.3094
2026-09-17 19:16:57,333 INFO train epoch 32/50 batch 39/66 (59%) running_loss=0.3121
2026-09-17 19:16:58,317 INFO train epoch 32/50 batch 52/66 (79%) running_loss=0.3121
2026-09-17 19:16:59,148 INFO train epoch 32/50 batch 65/66 (98%) running_loss=0.3114
2026-09-17 19:16:59,201 INFO train epoch 32/50 batch 66/66 (100%) running_loss=0.3112
2026-09-17 19:17:00,280 INFO epoch 32/50 done: train_loss=0.3112 val_loss=0.2202 val_accuracy=0.9426 val_macro_f1=0.9182 val_macro_auc=0.9834 (checkpoint_metric=macro_auc)
2026-09-17 19:17:01,667 INFO train epoch 33/50 batch 13/66 (20%) running_loss=0.3143
2026-09-17 19:17:02,490 INFO train epoch 33/50 batch 26/66 (39%) running_loss=0.3191
2026-09-17 19:17:03,427 INFO train epoch 33/50 batch 39/66 (59%) running_loss=0.3223
2026-09-17 19:17:04,380 INFO train epoch 33/50 batch 52/66 (79%) running_loss=0.3208
2026-09-17 19:17:05,195 INFO train epoch 33/50 batch 65/66 (98%) running_loss=0.3200
2026-09-17 19:17:05,250 INFO train epoch 33/50 batch 66/66 (100%) running_loss=0.3198
2026-09-17 19:17:06,348 INFO epoch 33/50 done: train_loss=0.3198 val_loss=0.2273 val_accuracy=0.9426 val_macro_f1=0.9182 val_macro_auc=0.9836 (checkpoint_metric=macro_auc)
2026-09-17 19:17:07,719 INFO train epoch 34/50 batch 13/66 (20%) running_loss=0.3208
2026-09-17 19:17:08,670 INFO train epoch 34/50 batch 26/66 (39%) running_loss=0.3192
2026-09-17 19:17:09,594 INFO train epoch 34/50 batch 39/66 (59%) running_loss=0.3169
2026-09-17 19:17:10,485 INFO train epoch 34/50 batch 52/66 (79%) running_loss=0.3178
2026-09-17 19:17:11,322 INFO train epoch 34/50 batch 65/66 (98%) running_loss=0.3175
2026-09-17 19:17:11,377 INFO train epoch 34/50 batch 66/66 (100%) running_loss=0.3174
2026-09-17 19:17:12,510 INFO epoch 34/50 done: train_loss=0.3174 val_loss=0.2213 val_accuracy=0.9447 val_macro_f1=0.9216 val_macro_auc=0.9835 (checkpoint_metric=macro_auc)
2026-09-17 19:17:13,883 INFO train epoch 35/50 batch 13/66 (20%) running_loss=0.3146
2026-09-17 19:17:14,767 INFO train epoch 35/50 batch 26/66 (39%) running_loss=0.3201
2026-09-17 19:17:15,737 INFO train epoch 35/50 batch 39/66 (59%) running_loss=0.3215
2026-09-17 19:17:16,669 INFO train epoch 35/50 batch 52/66 (79%) running_loss=0.3189
2026-09-17 19:17:17,485 INFO train epoch 35/50 batch 65/66 (98%) running_loss=0.3171
2026-09-17 19:17:17,538 INFO train epoch 35/50 batch 66/66 (100%) running_loss=0.3169
2026-09-17 19:17:18,613 INFO epoch 35/50 done: train_loss=0.3169 val_loss=0.2239 val_accuracy=0.9426 val_macro_f1=0.9189 val_macro_auc=0.9835 (checkpoint_metric=macro_auc)
2026-09-17 19:17:19,958 INFO train epoch 36/50 batch 13/66 (20%) running_loss=0.3083
2026-09-17 19:17:20,891 INFO train epoch 36/50 batch 26/66 (39%) running_loss=0.3147
2026-09-17 19:17:21,846 INFO train epoch 36/50 batch 39/66 (59%) running_loss=0.3169
2026-09-17 19:17:22,767 INFO train epoch 36/50 batch 52/66 (79%) running_loss=0.3154
2026-09-17 19:17:23,580 INFO train epoch 36/50 batch 65/66 (98%) running_loss=0.3135
2026-09-17 19:17:23,634 INFO train epoch 36/50 batch 66/66 (100%) running_loss=0.3133
2026-09-17 19:17:24,715 INFO epoch 36/50 done: train_loss=0.3133 val_loss=0.2206 val_accuracy=0.9447 val_macro_f1=0.9206 val_macro_auc=0.9838 (checkpoint_metric=macro_auc)
2026-09-17 19:17:26,079 INFO train epoch 37/50 batch 13/66 (20%) running_loss=0.3113
2026-09-17 19:17:27,018 INFO train epoch 37/50 batch 26/66 (39%) running_loss=0.3172
2026-09-17 19:17:27,966 INFO train epoch 37/50 batch 39/66 (59%) running_loss=0.3178
2026-09-17 19:17:28,918 INFO train epoch 37/50 batch 52/66 (79%) running_loss=0.3157
2026-09-17 19:17:29,732 INFO train epoch 37/50 batch 65/66 (98%) running_loss=0.3150
2026-09-17 19:17:29,785 INFO train epoch 37/50 batch 66/66 (100%) running_loss=0.3151
2026-09-17 19:17:30,861 INFO epoch 37/50 done: train_loss=0.3151 val_loss=0.2253 val_accuracy=0.9447 val_macro_f1=0.9213 val_macro_auc=0.9827 (checkpoint_metric=macro_auc)
2026-09-17 19:17:32,218 INFO train epoch 38/50 batch 13/66 (20%) running_loss=0.3077
2026-09-17 19:17:33,168 INFO train epoch 38/50 batch 26/66 (39%) running_loss=0.3080
2026-09-17 19:17:34,115 INFO train epoch 38/50 batch 39/66 (59%) running_loss=0.3099
2026-09-17 19:17:35,066 INFO train epoch 38/50 batch 52/66 (79%) running_loss=0.3107
2026-09-17 19:17:35,874 INFO train epoch 38/50 batch 65/66 (98%) running_loss=0.3114
2026-09-17 19:17:35,929 INFO train epoch 38/50 batch 66/66 (100%) running_loss=0.3113
2026-09-17 19:17:37,039 INFO epoch 38/50 done: train_loss=0.3113 val_loss=0.2453 val_accuracy=0.9385 val_macro_f1=0.9148 val_macro_auc=0.9813 (checkpoint_metric=macro_auc)
2026-09-17 19:17:38,383 INFO train epoch 39/50 batch 13/66 (20%) running_loss=0.3092
2026-09-17 19:17:39,342 INFO train epoch 39/50 batch 26/66 (39%) running_loss=0.3118
2026-09-17 19:17:40,281 INFO train epoch 39/50 batch 39/66 (59%) running_loss=0.3098
2026-09-17 19:17:41,232 INFO train epoch 39/50 batch 52/66 (79%) running_loss=0.3090
2026-09-17 19:17:42,047 INFO train epoch 39/50 batch 65/66 (98%) running_loss=0.3088
2026-09-17 19:17:42,101 INFO train epoch 39/50 batch 66/66 (100%) running_loss=0.3088
2026-09-17 19:17:43,169 INFO epoch 39/50 done: train_loss=0.3088 val_loss=0.2241 val_accuracy=0.9447 val_macro_f1=0.9216 val_macro_auc=0.9837 (checkpoint_metric=macro_auc)
2026-09-17 19:17:44,467 INFO train epoch 40/50 batch 13/66 (20%) running_loss=0.3113
2026-09-17 19:17:45,415 INFO train epoch 40/50 batch 26/66 (39%) running_loss=0.3089
2026-09-17 19:17:46,360 INFO train epoch 40/50 batch 39/66 (59%) running_loss=0.3130
2026-09-17 19:17:47,220 INFO train epoch 40/50 batch 52/66 (79%) running_loss=0.3105
2026-09-17 19:17:48,035 INFO train epoch 40/50 batch 65/66 (98%) running_loss=0.3112
2026-09-17 19:17:48,088 INFO train epoch 40/50 batch 66/66 (100%) running_loss=0.3110
2026-09-17 19:17:49,210 INFO epoch 40/50 done: train_loss=0.3110 val_loss=0.2236 val_accuracy=0.9447 val_macro_f1=0.9216 val_macro_auc=0.9842 (checkpoint_metric=macro_auc)
2026-09-17 19:17:50,571 INFO train epoch 41/50 batch 13/66 (20%) running_loss=0.3161
2026-09-17 19:17:51,521 INFO train epoch 41/50 batch 26/66 (39%) running_loss=0.3168
2026-09-17 19:17:52,386 INFO train epoch 41/50 batch 39/66 (59%) running_loss=0.3160
2026-09-17 19:17:53,302 INFO train epoch 41/50 batch 52/66 (79%) running_loss=0.3158
2026-09-17 19:17:54,034 INFO train epoch 41/50 batch 65/66 (98%) running_loss=0.3165
2026-09-17 19:17:54,087 INFO train epoch 41/50 batch 66/66 (100%) running_loss=0.3163
2026-09-17 19:17:55,167 INFO epoch 41/50 done: train_loss=0.3163 val_loss=0.2185 val_accuracy=0.9447 val_macro_f1=0.9216 val_macro_auc=0.9837 (checkpoint_metric=macro_auc)
2026-09-17 19:17:56,548 INFO train epoch 42/50 batch 13/66 (20%) running_loss=0.3042
2026-09-17 19:17:57,490 INFO train epoch 42/50 batch 26/66 (39%) running_loss=0.3077
2026-09-17 19:17:58,421 INFO train epoch 42/50 batch 39/66 (59%) running_loss=0.3100
2026-09-17 19:17:59,342 INFO train epoch 42/50 batch 52/66 (79%) running_loss=0.3128
2026-09-17 19:18:00,139 INFO train epoch 42/50 batch 65/66 (98%) running_loss=0.3160
2026-09-17 19:18:00,191 INFO train epoch 42/50 batch 66/66 (100%) running_loss=0.3160
2026-09-17 19:18:01,315 INFO epoch 42/50 done: train_loss=0.3160 val_loss=0.2177 val_accuracy=0.9467 val_macro_f1=0.9241 val_macro_auc=0.9850 (checkpoint_metric=macro_auc)
2026-09-17 19:18:02,673 INFO train epoch 43/50 batch 13/66 (20%) running_loss=0.3218
2026-09-17 19:18:03,518 INFO train epoch 43/50 batch 26/66 (39%) running_loss=0.3157
2026-09-17 19:18:04,478 INFO train epoch 43/50 batch 39/66 (59%) running_loss=0.3146
2026-09-17 19:18:05,427 INFO train epoch 43/50 batch 52/66 (79%) running_loss=0.3138
2026-09-17 19:18:06,253 INFO train epoch 43/50 batch 65/66 (98%) running_loss=0.3151
2026-09-17 19:18:06,308 INFO train epoch 43/50 batch 66/66 (100%) running_loss=0.3166
2026-09-17 19:18:07,429 INFO epoch 43/50 done: train_loss=0.3166 val_loss=0.2016 val_accuracy=0.9529 val_macro_f1=0.9322 val_macro_auc=0.9862 (checkpoint_metric=macro_auc)
2026-09-17 19:18:08,802 INFO train epoch 44/50 batch 13/66 (20%) running_loss=0.3259
2026-09-17 19:18:09,767 INFO train epoch 44/50 batch 26/66 (39%) running_loss=0.3181
2026-09-17 19:18:10,665 INFO train epoch 44/50 batch 39/66 (59%) running_loss=0.3155
2026-09-17 19:18:11,609 INFO train epoch 44/50 batch 52/66 (79%) running_loss=0.3147
2026-09-17 19:18:12,432 INFO train epoch 44/50 batch 65/66 (98%) running_loss=0.3125
2026-09-17 19:18:12,485 INFO train epoch 44/50 batch 66/66 (100%) running_loss=0.3126
2026-09-17 19:18:13,589 INFO epoch 44/50 done: train_loss=0.3126 val_loss=0.2262 val_accuracy=0.9447 val_macro_f1=0.9216 val_macro_auc=0.9838 (checkpoint_metric=macro_auc)
2026-09-17 19:18:14,961 INFO train epoch 45/50 batch 13/66 (20%) running_loss=0.3108
2026-09-17 19:18:15,893 INFO train epoch 45/50 batch 26/66 (39%) running_loss=0.3112
2026-09-17 19:18:16,845 INFO train epoch 45/50 batch 39/66 (59%) running_loss=0.3117
2026-09-17 19:18:17,667 INFO train epoch 45/50 batch 52/66 (79%) running_loss=0.3119
2026-09-17 19:18:18,484 INFO train epoch 45/50 batch 65/66 (98%) running_loss=0.3111
2026-09-17 19:18:18,539 INFO train epoch 45/50 batch 66/66 (100%) running_loss=0.3110
2026-09-17 19:18:19,672 INFO epoch 45/50 done: train_loss=0.3110 val_loss=0.2162 val_accuracy=0.9488 val_macro_f1=0.9269 val_macro_auc=0.9832 (checkpoint_metric=macro_auc)
2026-09-17 19:18:21,047 INFO train epoch 46/50 batch 13/66 (20%) running_loss=0.3105
2026-09-17 19:18:21,927 INFO train epoch 46/50 batch 26/66 (39%) running_loss=0.3148
2026-09-17 19:18:22,806 INFO train epoch 46/50 batch 39/66 (59%) running_loss=0.3156
2026-09-17 19:18:23,722 INFO train epoch 46/50 batch 52/66 (79%) running_loss=0.3139
2026-09-17 19:18:24,549 INFO train epoch 46/50 batch 65/66 (98%) running_loss=0.3141
2026-09-17 19:18:24,602 INFO train epoch 46/50 batch 66/66 (100%) running_loss=0.3140
2026-09-17 19:18:25,729 INFO epoch 46/50 done: train_loss=0.3140 val_loss=0.2241 val_accuracy=0.9426 val_macro_f1=0.9192 val_macro_auc=0.9841 (checkpoint_metric=macro_auc)
2026-09-17 19:18:27,094 INFO train epoch 47/50 batch 13/66 (20%) running_loss=0.3203
2026-09-17 19:18:28,036 INFO train epoch 47/50 batch 26/66 (39%) running_loss=0.3199
2026-09-17 19:18:28,937 INFO train epoch 47/50 batch 39/66 (59%) running_loss=0.3202
2026-09-17 19:18:29,875 INFO train epoch 47/50 batch 52/66 (79%) running_loss=0.3206
2026-09-17 19:18:30,652 INFO train epoch 47/50 batch 65/66 (98%) running_loss=0.3183
2026-09-17 19:18:30,707 INFO train epoch 47/50 batch 66/66 (100%) running_loss=0.3182
2026-09-17 19:18:31,833 INFO epoch 47/50 done: train_loss=0.3182 val_loss=0.2160 val_accuracy=0.9447 val_macro_f1=0.9216 val_macro_auc=0.9853 (checkpoint_metric=macro_auc)
2026-09-17 19:18:33,161 INFO train epoch 48/50 batch 13/66 (20%) running_loss=0.3136
2026-09-17 19:18:34,015 INFO train epoch 48/50 batch 26/66 (39%) running_loss=0.3152
2026-09-17 19:18:34,968 INFO train epoch 48/50 batch 39/66 (59%) running_loss=0.3140
2026-09-17 19:18:35,896 INFO train epoch 48/50 batch 52/66 (79%) running_loss=0.3128
2026-09-17 19:18:36,601 INFO train epoch 48/50 batch 65/66 (98%) running_loss=0.3141
2026-09-17 19:18:36,656 INFO train epoch 48/50 batch 66/66 (100%) running_loss=0.3139
2026-09-17 19:18:37,760 INFO epoch 48/50 done: train_loss=0.3139 val_loss=0.2206 val_accuracy=0.9447 val_macro_f1=0.9213 val_macro_auc=0.9847 (checkpoint_metric=macro_auc)
2026-09-17 19:18:39,061 INFO train epoch 49/50 batch 13/66 (20%) running_loss=0.3300
2026-09-17 19:18:40,044 INFO train epoch 49/50 batch 26/66 (39%) running_loss=0.3237
2026-09-17 19:18:40,934 INFO train epoch 49/50 batch 39/66 (59%) running_loss=0.3205
2026-09-17 19:18:41,846 INFO train epoch 49/50 batch 52/66 (79%) running_loss=0.3214
2026-09-17 19:18:42,705 INFO train epoch 49/50 batch 65/66 (98%) running_loss=0.3198
2026-09-17 19:18:42,759 INFO train epoch 49/50 batch 66/66 (100%) running_loss=0.3196
2026-09-17 19:18:43,849 INFO epoch 49/50 done: train_loss=0.3196 val_loss=0.2193 val_accuracy=0.9447 val_macro_f1=0.9216 val_macro_auc=0.9853 (checkpoint_metric=macro_auc)
2026-09-17 19:18:45,152 INFO train epoch 50/50 batch 13/66 (20%) running_loss=0.3166
2026-09-17 19:18:46,077 INFO train epoch 50/50 batch 26/66 (39%) running_loss=0.3119
2026-09-17 19:18:47,024 INFO train epoch 50/50 batch 39/66 (59%) running_loss=0.3150
2026-09-17 19:18:47,934 INFO train epoch 50/50 batch 52/66 (79%) running_loss=0.3133
2026-09-17 19:18:48,774 INFO train epoch 50/50 batch 65/66 (98%) running_loss=0.3130
2026-09-17 19:18:48,829 INFO train epoch 50/50 batch 66/66 (100%) running_loss=0.3130
2026-09-17 19:18:49,922 INFO epoch 50/50 done: train_loss=0.3130 val_loss=0.2167 val_accuracy=0.9467 val_macro_f1=0.9241 val_macro_auc=0.9838 (checkpoint_metric=macro_auc)
2026-09-17 19:18:50,081 INFO Training finished. Best epoch=5, smoothed macro_auc=0.9857 (window=3)
2026-09-17 19:18:51,958 INFO Test set evaluated once: accuracy=0.8819 macro_f1=0.8645 macro_auc=0.9640
2026-09-17 19:18:52,670 INFO Model size: 26.05M params, 0.719 GFLOPs at 96x96
