2026-09-16 07:48:19,890 INFO Starting baseline training: model=senet device=cuda amp=True image_size=96 epochs=50 lr=0.001 optimizer=sgd
2026-09-16 07:48:20,141 INFO Dataset ready: 3 classes, 2102 train / 488 val samples (split reused from outputs/baseline_senet_96_fixed/split_indices.json)
2026-09-16 07:48:20,142 INFO Augmentation policy: legacy fixed ops ('brightness', 'rotation'), from outputs/fixedda_run/augmentation_run/selected_legacy_policy.json
2026-09-16 07:48:21,800 INFO Classes: {'glioma_tumor': 0, 'meningioma_tumor': 1, 'pituitary_tumor': 2}
2026-09-16 07:48:21,800 INFO Regularization: weight_decay=7.0e-04 label_smoothing=0.10 grad_clip_norm=5.0
2026-09-16 07:48:24,088 INFO train epoch 1/50 batch 13/66 (20%) running_loss=1.0922
2026-09-16 07:48:24,848 INFO train epoch 1/50 batch 26/66 (39%) running_loss=1.0310
2026-09-16 07:48:25,635 INFO train epoch 1/50 batch 39/66 (59%) running_loss=0.9772
2026-09-16 07:48:26,531 INFO train epoch 1/50 batch 52/66 (79%) running_loss=0.9259
2026-09-16 07:48:27,199 INFO train epoch 1/50 batch 65/66 (98%) running_loss=0.8838
2026-09-16 07:48:27,542 INFO train epoch 1/50 batch 66/66 (100%) running_loss=0.8827
2026-09-16 07:48:29,014 INFO epoch 1/50 done: train_loss=0.8827 val_loss=0.5490 val_accuracy=0.8053 val_macro_f1=0.6569 val_macro_auc=0.9285 (checkpoint_metric=macro_auc) [new best]
2026-09-16 07:48:30,268 INFO train epoch 2/50 batch 13/66 (20%) running_loss=0.6472
2026-09-16 07:48:31,140 INFO train epoch 2/50 batch 26/66 (39%) running_loss=0.6447
2026-09-16 07:48:32,000 INFO train epoch 2/50 batch 39/66 (59%) running_loss=0.6292
2026-09-16 07:48:32,870 INFO train epoch 2/50 batch 52/66 (79%) running_loss=0.6173
2026-09-16 07:48:33,533 INFO train epoch 2/50 batch 65/66 (98%) running_loss=0.6131
2026-09-16 07:48:33,587 INFO train epoch 2/50 batch 66/66 (100%) running_loss=0.6113
2026-09-16 07:48:35,219 INFO epoch 2/50 done: train_loss=0.6113 val_loss=0.3782 val_accuracy=0.8914 val_macro_f1=0.8556 val_macro_auc=0.9751 (checkpoint_metric=macro_auc) [new best]
2026-09-16 07:48:36,507 INFO train epoch 3/50 batch 13/66 (20%) running_loss=0.5409
2026-09-16 07:48:37,261 INFO train epoch 3/50 batch 26/66 (39%) running_loss=0.5194
2026-09-16 07:48:38,142 INFO train epoch 3/50 batch 39/66 (59%) running_loss=0.5055
2026-09-16 07:48:38,807 INFO train epoch 3/50 batch 52/66 (79%) running_loss=0.4994
2026-09-16 07:48:39,661 INFO train epoch 3/50 batch 65/66 (98%) running_loss=0.4993
2026-09-16 07:48:39,714 INFO train epoch 3/50 batch 66/66 (100%) running_loss=0.4986
2026-09-16 07:48:41,387 INFO epoch 3/50 done: train_loss=0.4986 val_loss=0.3163 val_accuracy=0.9119 val_macro_f1=0.8839 val_macro_auc=0.9803 (checkpoint_metric=macro_auc) [new best]
2026-09-16 07:48:42,615 INFO train epoch 4/50 batch 13/66 (20%) running_loss=0.4346
2026-09-16 07:48:43,516 INFO train epoch 4/50 batch 26/66 (39%) running_loss=0.4407
2026-09-16 07:48:44,358 INFO train epoch 4/50 batch 39/66 (59%) running_loss=0.4368
2026-09-16 07:48:45,213 INFO train epoch 4/50 batch 52/66 (79%) running_loss=0.4443
2026-09-16 07:48:45,893 INFO train epoch 4/50 batch 65/66 (98%) running_loss=0.4426
2026-09-16 07:48:45,946 INFO train epoch 4/50 batch 66/66 (100%) running_loss=0.4418
2026-09-16 07:48:47,624 INFO epoch 4/50 done: train_loss=0.4418 val_loss=0.2829 val_accuracy=0.9119 val_macro_f1=0.8850 val_macro_auc=0.9841 (checkpoint_metric=macro_auc) [new best]
2026-09-16 07:48:48,878 INFO train epoch 5/50 batch 13/66 (20%) running_loss=0.4016
2026-09-16 07:48:49,736 INFO train epoch 5/50 batch 26/66 (39%) running_loss=0.4079
2026-09-16 07:48:50,572 INFO train epoch 5/50 batch 39/66 (59%) running_loss=0.4123
2026-09-16 07:48:51,414 INFO train epoch 5/50 batch 52/66 (79%) running_loss=0.4176
2026-09-16 07:48:52,181 INFO train epoch 5/50 batch 65/66 (98%) running_loss=0.4162
2026-09-16 07:48:52,234 INFO train epoch 5/50 batch 66/66 (100%) running_loss=0.4155
2026-09-16 07:48:53,966 INFO epoch 5/50 done: train_loss=0.4155 val_loss=0.2553 val_accuracy=0.9262 val_macro_f1=0.8989 val_macro_auc=0.9841 (checkpoint_metric=macro_auc) [new best]
2026-09-16 07:48:55,168 INFO train epoch 6/50 batch 13/66 (20%) running_loss=0.3882
2026-09-16 07:48:56,027 INFO train epoch 6/50 batch 26/66 (39%) running_loss=0.3942
2026-09-16 07:48:56,781 INFO train epoch 6/50 batch 39/66 (59%) running_loss=0.3999
2026-09-16 07:48:57,574 INFO train epoch 6/50 batch 52/66 (79%) running_loss=0.3983
2026-09-16 07:48:58,391 INFO train epoch 6/50 batch 65/66 (98%) running_loss=0.3974
2026-09-16 07:48:58,445 INFO train epoch 6/50 batch 66/66 (100%) running_loss=0.3969
2026-09-16 07:49:00,169 INFO epoch 6/50 done: train_loss=0.3969 val_loss=0.2859 val_accuracy=0.9119 val_macro_f1=0.8861 val_macro_auc=0.9825 (checkpoint_metric=macro_auc) [new best]
2026-09-16 07:49:01,374 INFO train epoch 7/50 batch 13/66 (20%) running_loss=0.3978
2026-09-16 07:49:02,272 INFO train epoch 7/50 batch 26/66 (39%) running_loss=0.3900
2026-09-16 07:49:03,106 INFO train epoch 7/50 batch 39/66 (59%) running_loss=0.3853
2026-09-16 07:49:03,807 INFO train epoch 7/50 batch 52/66 (79%) running_loss=0.3820
2026-09-16 07:49:04,613 INFO train epoch 7/50 batch 65/66 (98%) running_loss=0.3797
2026-09-16 07:49:04,666 INFO train epoch 7/50 batch 66/66 (100%) running_loss=0.3795
2026-09-16 07:49:05,738 INFO epoch 7/50 done: train_loss=0.3795 val_loss=0.2429 val_accuracy=0.9365 val_macro_f1=0.9133 val_macro_auc=0.9840 (checkpoint_metric=macro_auc)
2026-09-16 07:49:07,013 INFO train epoch 8/50 batch 13/66 (20%) running_loss=0.3509
2026-09-16 07:49:07,884 INFO train epoch 8/50 batch 26/66 (39%) running_loss=0.3611
2026-09-16 07:49:08,596 INFO train epoch 8/50 batch 39/66 (59%) running_loss=0.3661
2026-09-16 07:49:09,284 INFO train epoch 8/50 batch 52/66 (79%) running_loss=0.3661
2026-09-16 07:49:10,121 INFO train epoch 8/50 batch 65/66 (98%) running_loss=0.3646
2026-09-16 07:49:10,174 INFO train epoch 8/50 batch 66/66 (100%) running_loss=0.3643
2026-09-16 07:49:11,225 INFO epoch 8/50 done: train_loss=0.3643 val_loss=0.2404 val_accuracy=0.9385 val_macro_f1=0.9136 val_macro_auc=0.9815 (checkpoint_metric=macro_auc)
2026-09-16 07:49:12,480 INFO train epoch 9/50 batch 13/66 (20%) running_loss=0.3642
2026-09-16 07:49:13,305 INFO train epoch 9/50 batch 26/66 (39%) running_loss=0.3580
2026-09-16 07:49:14,126 INFO train epoch 9/50 batch 39/66 (59%) running_loss=0.3541
2026-09-16 07:49:14,825 INFO train epoch 9/50 batch 52/66 (79%) running_loss=0.3558
2026-09-16 07:49:15,636 INFO train epoch 9/50 batch 65/66 (98%) running_loss=0.3502
2026-09-16 07:49:15,690 INFO train epoch 9/50 batch 66/66 (100%) running_loss=0.3498
2026-09-16 07:49:16,802 INFO epoch 9/50 done: train_loss=0.3498 val_loss=0.2735 val_accuracy=0.9303 val_macro_f1=0.9050 val_macro_auc=0.9749 (checkpoint_metric=macro_auc)
2026-09-16 07:49:18,009 INFO train epoch 10/50 batch 13/66 (20%) running_loss=0.3317
2026-09-16 07:49:18,892 INFO train epoch 10/50 batch 26/66 (39%) running_loss=0.3481
2026-09-16 07:49:19,756 INFO train epoch 10/50 batch 39/66 (59%) running_loss=0.3497
2026-09-16 07:49:20,587 INFO train epoch 10/50 batch 52/66 (79%) running_loss=0.3458
2026-09-16 07:49:21,354 INFO train epoch 10/50 batch 65/66 (98%) running_loss=0.3473
2026-09-16 07:49:21,409 INFO train epoch 10/50 batch 66/66 (100%) running_loss=0.3470
2026-09-16 07:49:22,539 INFO epoch 10/50 done: train_loss=0.3470 val_loss=0.2629 val_accuracy=0.9221 val_macro_f1=0.8936 val_macro_auc=0.9751 (checkpoint_metric=macro_auc)
2026-09-16 07:49:23,787 INFO train epoch 11/50 batch 13/66 (20%) running_loss=0.3447
2026-09-16 07:49:24,676 INFO train epoch 11/50 batch 26/66 (39%) running_loss=0.3451
2026-09-16 07:49:25,535 INFO train epoch 11/50 batch 39/66 (59%) running_loss=0.3381
2026-09-16 07:49:26,414 INFO train epoch 11/50 batch 52/66 (79%) running_loss=0.3394
2026-09-16 07:49:27,150 INFO train epoch 11/50 batch 65/66 (98%) running_loss=0.3377
2026-09-16 07:49:27,203 INFO train epoch 11/50 batch 66/66 (100%) running_loss=0.3390
2026-09-16 07:49:28,313 INFO epoch 11/50 done: train_loss=0.3390 val_loss=0.2654 val_accuracy=0.9324 val_macro_f1=0.9093 val_macro_auc=0.9794 (checkpoint_metric=macro_auc)
2026-09-16 07:49:29,587 INFO train epoch 12/50 batch 13/66 (20%) running_loss=0.3266
2026-09-16 07:49:30,450 INFO train epoch 12/50 batch 26/66 (39%) running_loss=0.3326
2026-09-16 07:49:31,308 INFO train epoch 12/50 batch 39/66 (59%) running_loss=0.3353
2026-09-16 07:49:32,014 INFO train epoch 12/50 batch 52/66 (79%) running_loss=0.3366
2026-09-16 07:49:32,830 INFO train epoch 12/50 batch 65/66 (98%) running_loss=0.3350
2026-09-16 07:49:32,881 INFO train epoch 12/50 batch 66/66 (100%) running_loss=0.3356
2026-09-16 07:49:33,962 INFO epoch 12/50 done: train_loss=0.3356 val_loss=0.2683 val_accuracy=0.9344 val_macro_f1=0.9123 val_macro_auc=0.9786 (checkpoint_metric=macro_auc)
2026-09-16 07:49:35,233 INFO train epoch 13/50 batch 13/66 (20%) running_loss=0.3215
2026-09-16 07:49:35,920 INFO train epoch 13/50 batch 26/66 (39%) running_loss=0.3229
2026-09-16 07:49:36,810 INFO train epoch 13/50 batch 39/66 (59%) running_loss=0.3290
2026-09-16 07:49:37,666 INFO train epoch 13/50 batch 52/66 (79%) running_loss=0.3291
2026-09-16 07:49:38,419 INFO train epoch 13/50 batch 65/66 (98%) running_loss=0.3301
2026-09-16 07:49:38,472 INFO train epoch 13/50 batch 66/66 (100%) running_loss=0.3304
2026-09-16 07:49:39,542 INFO epoch 13/50 done: train_loss=0.3304 val_loss=0.2518 val_accuracy=0.9303 val_macro_f1=0.9063 val_macro_auc=0.9825 (checkpoint_metric=macro_auc)
2026-09-16 07:49:40,772 INFO train epoch 14/50 batch 13/66 (20%) running_loss=0.3213
2026-09-16 07:49:41,636 INFO train epoch 14/50 batch 26/66 (39%) running_loss=0.3208
2026-09-16 07:49:42,382 INFO train epoch 14/50 batch 39/66 (59%) running_loss=0.3185
2026-09-16 07:49:43,185 INFO train epoch 14/50 batch 52/66 (79%) running_loss=0.3193
2026-09-16 07:49:44,001 INFO train epoch 14/50 batch 65/66 (98%) running_loss=0.3181
2026-09-16 07:49:44,057 INFO train epoch 14/50 batch 66/66 (100%) running_loss=0.3181
2026-09-16 07:49:45,122 INFO epoch 14/50 done: train_loss=0.3181 val_loss=0.2550 val_accuracy=0.9344 val_macro_f1=0.9110 val_macro_auc=0.9794 (checkpoint_metric=macro_auc)
2026-09-16 07:49:46,370 INFO train epoch 15/50 batch 13/66 (20%) running_loss=0.3168
2026-09-16 07:49:47,235 INFO train epoch 15/50 batch 26/66 (39%) running_loss=0.3190
2026-09-16 07:49:48,111 INFO train epoch 15/50 batch 39/66 (59%) running_loss=0.3162
2026-09-16 07:49:48,857 INFO train epoch 15/50 batch 52/66 (79%) running_loss=0.3166
2026-09-16 07:49:49,607 INFO train epoch 15/50 batch 65/66 (98%) running_loss=0.3172
2026-09-16 07:49:49,660 INFO train epoch 15/50 batch 66/66 (100%) running_loss=0.3172
2026-09-16 07:49:50,733 INFO epoch 15/50 done: train_loss=0.3172 val_loss=0.2762 val_accuracy=0.9262 val_macro_f1=0.9009 val_macro_auc=0.9754 (checkpoint_metric=macro_auc)
2026-09-16 07:49:51,968 INFO train epoch 16/50 batch 13/66 (20%) running_loss=0.3139
2026-09-16 07:49:52,808 INFO train epoch 16/50 batch 26/66 (39%) running_loss=0.3170
2026-09-16 07:49:53,618 INFO train epoch 16/50 batch 39/66 (59%) running_loss=0.3161
2026-09-16 07:49:54,321 INFO train epoch 16/50 batch 52/66 (79%) running_loss=0.3165
2026-09-16 07:49:55,082 INFO train epoch 16/50 batch 65/66 (98%) running_loss=0.3185
2026-09-16 07:49:55,134 INFO train epoch 16/50 batch 66/66 (100%) running_loss=0.3198
2026-09-16 07:49:56,206 INFO epoch 16/50 done: train_loss=0.3198 val_loss=0.2479 val_accuracy=0.9365 val_macro_f1=0.9140 val_macro_auc=0.9771 (checkpoint_metric=macro_auc)
2026-09-16 07:49:57,473 INFO train epoch 17/50 batch 13/66 (20%) running_loss=0.3152
2026-09-16 07:49:58,354 INFO train epoch 17/50 batch 26/66 (39%) running_loss=0.3119
2026-09-16 07:49:59,224 INFO train epoch 17/50 batch 39/66 (59%) running_loss=0.3161
2026-09-16 07:49:59,915 INFO train epoch 17/50 batch 52/66 (79%) running_loss=0.3143
2026-09-16 07:50:00,715 INFO train epoch 17/50 batch 65/66 (98%) running_loss=0.3149
2026-09-16 07:50:00,767 INFO train epoch 17/50 batch 66/66 (100%) running_loss=0.3148
2026-09-16 07:50:01,842 INFO epoch 17/50 done: train_loss=0.3148 val_loss=0.2808 val_accuracy=0.9201 val_macro_f1=0.8961 val_macro_auc=0.9757 (checkpoint_metric=macro_auc)
2026-09-16 07:50:03,111 INFO train epoch 18/50 batch 13/66 (20%) running_loss=0.3204
2026-09-16 07:50:03,946 INFO train epoch 18/50 batch 26/66 (39%) running_loss=0.3172
2026-09-16 07:50:04,644 INFO train epoch 18/50 batch 39/66 (59%) running_loss=0.3174
2026-09-16 07:50:05,492 INFO train epoch 18/50 batch 52/66 (79%) running_loss=0.3182
2026-09-16 07:50:06,301 INFO train epoch 18/50 batch 65/66 (98%) running_loss=0.3179
2026-09-16 07:50:06,353 INFO train epoch 18/50 batch 66/66 (100%) running_loss=0.3177
2026-09-16 07:50:07,429 INFO epoch 18/50 done: train_loss=0.3177 val_loss=0.2482 val_accuracy=0.9303 val_macro_f1=0.9076 val_macro_auc=0.9776 (checkpoint_metric=macro_auc)
2026-09-16 07:50:08,709 INFO train epoch 19/50 batch 13/66 (20%) running_loss=0.3143
2026-09-16 07:50:09,543 INFO train epoch 19/50 batch 26/66 (39%) running_loss=0.3167
2026-09-16 07:50:10,348 INFO train epoch 19/50 batch 39/66 (59%) running_loss=0.3153
2026-09-16 07:50:11,219 INFO train epoch 19/50 batch 52/66 (79%) running_loss=0.3147
2026-09-16 07:50:11,972 INFO train epoch 19/50 batch 65/66 (98%) running_loss=0.3147
2026-09-16 07:50:12,026 INFO train epoch 19/50 batch 66/66 (100%) running_loss=0.3148
2026-09-16 07:50:13,136 INFO epoch 19/50 done: train_loss=0.3148 val_loss=0.2453 val_accuracy=0.9324 val_macro_f1=0.9078 val_macro_auc=0.9781 (checkpoint_metric=macro_auc)
2026-09-16 07:50:14,392 INFO train epoch 20/50 batch 13/66 (20%) running_loss=0.3193
2026-09-16 07:50:15,235 INFO train epoch 20/50 batch 26/66 (39%) running_loss=0.3137
2026-09-16 07:50:16,057 INFO train epoch 20/50 batch 39/66 (59%) running_loss=0.3157
2026-09-16 07:50:16,785 INFO train epoch 20/50 batch 52/66 (79%) running_loss=0.3142
2026-09-16 07:50:17,635 INFO train epoch 20/50 batch 65/66 (98%) running_loss=0.3129
2026-09-16 07:50:17,687 INFO train epoch 20/50 batch 66/66 (100%) running_loss=0.3129
2026-09-16 07:50:18,745 INFO epoch 20/50 done: train_loss=0.3129 val_loss=0.2437 val_accuracy=0.9426 val_macro_f1=0.9205 val_macro_auc=0.9777 (checkpoint_metric=macro_auc)
2026-09-16 07:50:19,919 INFO train epoch 21/50 batch 13/66 (20%) running_loss=0.3120
2026-09-16 07:50:20,840 INFO train epoch 21/50 batch 26/66 (39%) running_loss=0.3127
2026-09-16 07:50:21,701 INFO train epoch 21/50 batch 39/66 (59%) running_loss=0.3102
2026-09-16 07:50:22,581 INFO train epoch 21/50 batch 52/66 (79%) running_loss=0.3095
2026-09-16 07:50:23,349 INFO train epoch 21/50 batch 65/66 (98%) running_loss=0.3095
2026-09-16 07:50:23,402 INFO train epoch 21/50 batch 66/66 (100%) running_loss=0.3099
2026-09-16 07:50:24,528 INFO epoch 21/50 done: train_loss=0.3099 val_loss=0.2533 val_accuracy=0.9385 val_macro_f1=0.9164 val_macro_auc=0.9760 (checkpoint_metric=macro_auc)
2026-09-16 07:50:25,788 INFO train epoch 22/50 batch 13/66 (20%) running_loss=0.3152
2026-09-16 07:50:26,614 INFO train epoch 22/50 batch 26/66 (39%) running_loss=0.3150
2026-09-16 07:50:27,433 INFO train epoch 22/50 batch 39/66 (59%) running_loss=0.3158
2026-09-16 07:50:28,322 INFO train epoch 22/50 batch 52/66 (79%) running_loss=0.3144
2026-09-16 07:50:29,087 INFO train epoch 22/50 batch 65/66 (98%) running_loss=0.3129
2026-09-16 07:50:29,140 INFO train epoch 22/50 batch 66/66 (100%) running_loss=0.3135
2026-09-16 07:50:30,244 INFO epoch 22/50 done: train_loss=0.3135 val_loss=0.2691 val_accuracy=0.9344 val_macro_f1=0.9114 val_macro_auc=0.9755 (checkpoint_metric=macro_auc)
2026-09-16 07:50:31,494 INFO train epoch 23/50 batch 13/66 (20%) running_loss=0.3049
2026-09-16 07:50:32,321 INFO train epoch 23/50 batch 26/66 (39%) running_loss=0.3073
2026-09-16 07:50:33,176 INFO train epoch 23/50 batch 39/66 (59%) running_loss=0.3091
2026-09-16 07:50:33,998 INFO train epoch 23/50 batch 52/66 (79%) running_loss=0.3089
2026-09-16 07:50:34,785 INFO train epoch 23/50 batch 65/66 (98%) running_loss=0.3097
2026-09-16 07:50:34,837 INFO train epoch 23/50 batch 66/66 (100%) running_loss=0.3099
2026-09-16 07:50:35,900 INFO epoch 23/50 done: train_loss=0.3099 val_loss=0.2481 val_accuracy=0.9426 val_macro_f1=0.9212 val_macro_auc=0.9769 (checkpoint_metric=macro_auc)
2026-09-16 07:50:37,156 INFO train epoch 24/50 batch 13/66 (20%) running_loss=0.3062
2026-09-16 07:50:38,002 INFO train epoch 24/50 batch 26/66 (39%) running_loss=0.3123
2026-09-16 07:50:38,853 INFO train epoch 24/50 batch 39/66 (59%) running_loss=0.3129
2026-09-16 07:50:39,705 INFO train epoch 24/50 batch 52/66 (79%) running_loss=0.3145
2026-09-16 07:50:40,468 INFO train epoch 24/50 batch 65/66 (98%) running_loss=0.3134
2026-09-16 07:50:40,521 INFO train epoch 24/50 batch 66/66 (100%) running_loss=0.3135
2026-09-16 07:50:41,608 INFO epoch 24/50 done: train_loss=0.3135 val_loss=0.2438 val_accuracy=0.9406 val_macro_f1=0.9188 val_macro_auc=0.9776 (checkpoint_metric=macro_auc)
2026-09-16 07:50:42,878 INFO train epoch 25/50 batch 13/66 (20%) running_loss=0.3096
2026-09-16 07:50:43,727 INFO train epoch 25/50 batch 26/66 (39%) running_loss=0.3161
2026-09-16 07:50:44,412 INFO train epoch 25/50 batch 39/66 (59%) running_loss=0.3127
2026-09-16 07:50:45,314 INFO train epoch 25/50 batch 52/66 (79%) running_loss=0.3121
2026-09-16 07:50:46,084 INFO train epoch 25/50 batch 65/66 (98%) running_loss=0.3103
2026-09-16 07:50:46,137 INFO train epoch 25/50 batch 66/66 (100%) running_loss=0.3102
2026-09-16 07:50:47,212 INFO epoch 25/50 done: train_loss=0.3102 val_loss=0.2343 val_accuracy=0.9406 val_macro_f1=0.9188 val_macro_auc=0.9774 (checkpoint_metric=macro_auc)
2026-09-16 07:50:48,497 INFO train epoch 26/50 batch 13/66 (20%) running_loss=0.3008
2026-09-16 07:50:49,249 INFO train epoch 26/50 batch 26/66 (39%) running_loss=0.3012
2026-09-16 07:50:50,174 INFO train epoch 26/50 batch 39/66 (59%) running_loss=0.3023
2026-09-16 07:50:50,958 INFO train epoch 26/50 batch 52/66 (79%) running_loss=0.3022
2026-09-16 07:50:51,667 INFO train epoch 26/50 batch 65/66 (98%) running_loss=0.3040
2026-09-16 07:50:51,721 INFO train epoch 26/50 batch 66/66 (100%) running_loss=0.3041
2026-09-16 07:50:52,766 INFO epoch 26/50 done: train_loss=0.3041 val_loss=0.2403 val_accuracy=0.9344 val_macro_f1=0.9107 val_macro_auc=0.9786 (checkpoint_metric=macro_auc)
2026-09-16 07:50:54,033 INFO train epoch 27/50 batch 13/66 (20%) running_loss=0.3160
2026-09-16 07:50:54,831 INFO train epoch 27/50 batch 26/66 (39%) running_loss=0.3117
2026-09-16 07:50:55,632 INFO train epoch 27/50 batch 39/66 (59%) running_loss=0.3090
2026-09-16 07:50:56,514 INFO train epoch 27/50 batch 52/66 (79%) running_loss=0.3092
2026-09-16 07:50:57,244 INFO train epoch 27/50 batch 65/66 (98%) running_loss=0.3083
2026-09-16 07:50:57,297 INFO train epoch 27/50 batch 66/66 (100%) running_loss=0.3082
2026-09-16 07:50:58,411 INFO epoch 27/50 done: train_loss=0.3082 val_loss=0.2337 val_accuracy=0.9426 val_macro_f1=0.9218 val_macro_auc=0.9781 (checkpoint_metric=macro_auc)
2026-09-16 07:50:59,686 INFO train epoch 28/50 batch 13/66 (20%) running_loss=0.3061
2026-09-16 07:51:00,542 INFO train epoch 28/50 batch 26/66 (39%) running_loss=0.3064
2026-09-16 07:51:01,282 INFO train epoch 28/50 batch 39/66 (59%) running_loss=0.3050
2026-09-16 07:51:02,149 INFO train epoch 28/50 batch 52/66 (79%) running_loss=0.3044
2026-09-16 07:51:02,880 INFO train epoch 28/50 batch 65/66 (98%) running_loss=0.3045
2026-09-16 07:51:02,934 INFO train epoch 28/50 batch 66/66 (100%) running_loss=0.3044
2026-09-16 07:51:04,055 INFO epoch 28/50 done: train_loss=0.3044 val_loss=0.2455 val_accuracy=0.9406 val_macro_f1=0.9200 val_macro_auc=0.9777 (checkpoint_metric=macro_auc)
2026-09-16 07:51:05,353 INFO train epoch 29/50 batch 13/66 (20%) running_loss=0.3193
2026-09-16 07:51:06,218 INFO train epoch 29/50 batch 26/66 (39%) running_loss=0.3145
2026-09-16 07:51:07,059 INFO train epoch 29/50 batch 39/66 (59%) running_loss=0.3108
2026-09-16 07:51:07,866 INFO train epoch 29/50 batch 52/66 (79%) running_loss=0.3106
2026-09-16 07:51:08,554 INFO train epoch 29/50 batch 65/66 (98%) running_loss=0.3092
2026-09-16 07:51:08,609 INFO train epoch 29/50 batch 66/66 (100%) running_loss=0.3101
2026-09-16 07:51:09,730 INFO epoch 29/50 done: train_loss=0.3101 val_loss=0.2641 val_accuracy=0.9385 val_macro_f1=0.9183 val_macro_auc=0.9759 (checkpoint_metric=macro_auc)
2026-09-16 07:51:11,029 INFO train epoch 30/50 batch 13/66 (20%) running_loss=0.3032
2026-09-16 07:51:11,872 INFO train epoch 30/50 batch 26/66 (39%) running_loss=0.3050
2026-09-16 07:51:12,657 INFO train epoch 30/50 batch 39/66 (59%) running_loss=0.3050
2026-09-16 07:51:13,474 INFO train epoch 30/50 batch 52/66 (79%) running_loss=0.3050
2026-09-16 07:51:14,257 INFO train epoch 30/50 batch 65/66 (98%) running_loss=0.3051
2026-09-16 07:51:14,310 INFO train epoch 30/50 batch 66/66 (100%) running_loss=0.3052
2026-09-16 07:51:15,419 INFO epoch 30/50 done: train_loss=0.3052 val_loss=0.2300 val_accuracy=0.9385 val_macro_f1=0.9143 val_macro_auc=0.9780 (checkpoint_metric=macro_auc)
2026-09-16 07:51:16,709 INFO train epoch 31/50 batch 13/66 (20%) running_loss=0.3033
2026-09-16 07:51:17,407 INFO train epoch 31/50 batch 26/66 (39%) running_loss=0.3038
2026-09-16 07:51:18,183 INFO train epoch 31/50 batch 39/66 (59%) running_loss=0.3030
2026-09-16 07:51:19,062 INFO train epoch 31/50 batch 52/66 (79%) running_loss=0.3033
2026-09-16 07:51:19,860 INFO train epoch 31/50 batch 65/66 (98%) running_loss=0.3032
2026-09-16 07:51:19,913 INFO train epoch 31/50 batch 66/66 (100%) running_loss=0.3033
2026-09-16 07:51:20,995 INFO epoch 31/50 done: train_loss=0.3033 val_loss=0.2273 val_accuracy=0.9385 val_macro_f1=0.9143 val_macro_auc=0.9797 (checkpoint_metric=macro_auc)
2026-09-16 07:51:22,282 INFO train epoch 32/50 batch 13/66 (20%) running_loss=0.3251
2026-09-16 07:51:23,172 INFO train epoch 32/50 batch 26/66 (39%) running_loss=0.3185
2026-09-16 07:51:24,047 INFO train epoch 32/50 batch 39/66 (59%) running_loss=0.3140
2026-09-16 07:51:24,727 INFO train epoch 32/50 batch 52/66 (79%) running_loss=0.3132
2026-09-16 07:51:25,521 INFO train epoch 32/50 batch 65/66 (98%) running_loss=0.3117
2026-09-16 07:51:25,575 INFO train epoch 32/50 batch 66/66 (100%) running_loss=0.3116
2026-09-16 07:51:26,666 INFO epoch 32/50 done: train_loss=0.3116 val_loss=0.2488 val_accuracy=0.9385 val_macro_f1=0.9167 val_macro_auc=0.9774 (checkpoint_metric=macro_auc)
2026-09-16 07:51:27,795 INFO train epoch 33/50 batch 13/66 (20%) running_loss=0.3044
2026-09-16 07:51:28,770 INFO train epoch 33/50 batch 26/66 (39%) running_loss=0.3035
2026-09-16 07:51:29,549 INFO train epoch 33/50 batch 39/66 (59%) running_loss=0.3045
2026-09-16 07:51:30,436 INFO train epoch 33/50 batch 52/66 (79%) running_loss=0.3036
2026-09-16 07:51:31,222 INFO train epoch 33/50 batch 65/66 (98%) running_loss=0.3034
2026-09-16 07:51:31,276 INFO train epoch 33/50 batch 66/66 (100%) running_loss=0.3033
2026-09-16 07:51:32,398 INFO epoch 33/50 done: train_loss=0.3033 val_loss=0.2340 val_accuracy=0.9365 val_macro_f1=0.9126 val_macro_auc=0.9780 (checkpoint_metric=macro_auc)
2026-09-16 07:51:33,682 INFO train epoch 34/50 batch 13/66 (20%) running_loss=0.3044
2026-09-16 07:51:34,569 INFO train epoch 34/50 batch 26/66 (39%) running_loss=0.3069
2026-09-16 07:51:35,381 INFO train epoch 34/50 batch 39/66 (59%) running_loss=0.3066
2026-09-16 07:51:36,268 INFO train epoch 34/50 batch 52/66 (79%) running_loss=0.3051
2026-09-16 07:51:37,016 INFO train epoch 34/50 batch 65/66 (98%) running_loss=0.3057
2026-09-16 07:51:37,069 INFO train epoch 34/50 batch 66/66 (100%) running_loss=0.3061
2026-09-16 07:51:38,132 INFO epoch 34/50 done: train_loss=0.3061 val_loss=0.2304 val_accuracy=0.9385 val_macro_f1=0.9150 val_macro_auc=0.9793 (checkpoint_metric=macro_auc)
2026-09-16 07:51:39,405 INFO train epoch 35/50 batch 13/66 (20%) running_loss=0.3062
2026-09-16 07:51:40,231 INFO train epoch 35/50 batch 26/66 (39%) running_loss=0.3081
2026-09-16 07:51:41,108 INFO train epoch 35/50 batch 39/66 (59%) running_loss=0.3057
2026-09-16 07:51:41,954 INFO train epoch 35/50 batch 52/66 (79%) running_loss=0.3069
2026-09-16 07:51:42,691 INFO train epoch 35/50 batch 65/66 (98%) running_loss=0.3063
2026-09-16 07:51:42,745 INFO train epoch 35/50 batch 66/66 (100%) running_loss=0.3063
2026-09-16 07:51:43,821 INFO epoch 35/50 done: train_loss=0.3063 val_loss=0.2448 val_accuracy=0.9406 val_macro_f1=0.9201 val_macro_auc=0.9772 (checkpoint_metric=macro_auc)
2026-09-16 07:51:45,101 INFO train epoch 36/50 batch 13/66 (20%) running_loss=0.3013
2026-09-16 07:51:45,938 INFO train epoch 36/50 batch 26/66 (39%) running_loss=0.3022
2026-09-16 07:51:46,753 INFO train epoch 36/50 batch 39/66 (59%) running_loss=0.3061
2026-09-16 07:51:47,586 INFO train epoch 36/50 batch 52/66 (79%) running_loss=0.3052
2026-09-16 07:51:48,406 INFO train epoch 36/50 batch 65/66 (98%) running_loss=0.3051
2026-09-16 07:51:48,460 INFO train epoch 36/50 batch 66/66 (100%) running_loss=0.3051
2026-09-16 07:51:49,791 INFO epoch 36/50 done: train_loss=0.3051 val_loss=0.2412 val_accuracy=0.9385 val_macro_f1=0.9164 val_macro_auc=0.9764 (checkpoint_metric=macro_auc)
2026-09-16 07:51:51,140 INFO train epoch 37/50 batch 13/66 (20%) running_loss=0.3057
2026-09-16 07:51:52,045 INFO train epoch 37/50 batch 26/66 (39%) running_loss=0.3055
2026-09-16 07:51:52,840 INFO train epoch 37/50 batch 39/66 (59%) running_loss=0.3062
2026-09-16 07:51:53,710 INFO train epoch 37/50 batch 52/66 (79%) running_loss=0.3055
2026-09-16 07:51:54,481 INFO train epoch 37/50 batch 65/66 (98%) running_loss=0.3053
2026-09-16 07:51:54,535 INFO train epoch 37/50 batch 66/66 (100%) running_loss=0.3054
2026-09-16 07:51:55,586 INFO epoch 37/50 done: train_loss=0.3054 val_loss=0.2548 val_accuracy=0.9385 val_macro_f1=0.9167 val_macro_auc=0.9761 (checkpoint_metric=macro_auc)
2026-09-16 07:51:56,816 INFO train epoch 38/50 batch 13/66 (20%) running_loss=0.3132
2026-09-16 07:51:57,650 INFO train epoch 38/50 batch 26/66 (39%) running_loss=0.3128
2026-09-16 07:51:58,527 INFO train epoch 38/50 batch 39/66 (59%) running_loss=0.3095
2026-09-16 07:51:59,374 INFO train epoch 38/50 batch 52/66 (79%) running_loss=0.3083
2026-09-16 07:52:00,172 INFO train epoch 38/50 batch 65/66 (98%) running_loss=0.3117
2026-09-16 07:52:00,225 INFO train epoch 38/50 batch 66/66 (100%) running_loss=0.3116
2026-09-16 07:52:01,259 INFO epoch 38/50 done: train_loss=0.3116 val_loss=0.2372 val_accuracy=0.9406 val_macro_f1=0.9188 val_macro_auc=0.9781 (checkpoint_metric=macro_auc)
2026-09-16 07:52:02,505 INFO train epoch 39/50 batch 13/66 (20%) running_loss=0.3045
2026-09-16 07:52:03,350 INFO train epoch 39/50 batch 26/66 (39%) running_loss=0.3026
2026-09-16 07:52:04,237 INFO train epoch 39/50 batch 39/66 (59%) running_loss=0.3018
2026-09-16 07:52:05,075 INFO train epoch 39/50 batch 52/66 (79%) running_loss=0.3014
2026-09-16 07:52:05,830 INFO train epoch 39/50 batch 65/66 (98%) running_loss=0.3013
2026-09-16 07:52:05,883 INFO train epoch 39/50 batch 66/66 (100%) running_loss=0.3012
2026-09-16 07:52:07,003 INFO epoch 39/50 done: train_loss=0.3012 val_loss=0.2535 val_accuracy=0.9406 val_macro_f1=0.9194 val_macro_auc=0.9748 (checkpoint_metric=macro_auc)
2026-09-16 07:52:08,257 INFO train epoch 40/50 batch 13/66 (20%) running_loss=0.3061
2026-09-16 07:52:09,087 INFO train epoch 40/50 batch 26/66 (39%) running_loss=0.3041
2026-09-16 07:52:09,921 INFO train epoch 40/50 batch 39/66 (59%) running_loss=0.3054
2026-09-16 07:52:10,724 INFO train epoch 40/50 batch 52/66 (79%) running_loss=0.3070
2026-09-16 07:52:11,406 INFO train epoch 40/50 batch 65/66 (98%) running_loss=0.3058
2026-09-16 07:52:11,459 INFO train epoch 40/50 batch 66/66 (100%) running_loss=0.3058
2026-09-16 07:52:12,533 INFO epoch 40/50 done: train_loss=0.3058 val_loss=0.2382 val_accuracy=0.9365 val_macro_f1=0.9126 val_macro_auc=0.9777 (checkpoint_metric=macro_auc)
2026-09-16 07:52:13,792 INFO train epoch 41/50 batch 13/66 (20%) running_loss=0.3048
2026-09-16 07:52:14,513 INFO train epoch 41/50 batch 26/66 (39%) running_loss=0.3043
2026-09-16 07:52:15,372 INFO train epoch 41/50 batch 39/66 (59%) running_loss=0.3052
2026-09-16 07:52:16,226 INFO train epoch 41/50 batch 52/66 (79%) running_loss=0.3039
2026-09-16 07:52:16,999 INFO train epoch 41/50 batch 65/66 (98%) running_loss=0.3045
2026-09-16 07:52:17,052 INFO train epoch 41/50 batch 66/66 (100%) running_loss=0.3045
2026-09-16 07:52:18,120 INFO epoch 41/50 done: train_loss=0.3045 val_loss=0.2768 val_accuracy=0.9344 val_macro_f1=0.9133 val_macro_auc=0.9751 (checkpoint_metric=macro_auc)
2026-09-16 07:52:19,352 INFO train epoch 42/50 batch 13/66 (20%) running_loss=0.3119
2026-09-16 07:52:20,215 INFO train epoch 42/50 batch 26/66 (39%) running_loss=0.3058
2026-09-16 07:52:21,037 INFO train epoch 42/50 batch 39/66 (59%) running_loss=0.3043
2026-09-16 07:52:21,907 INFO train epoch 42/50 batch 52/66 (79%) running_loss=0.3049
2026-09-16 07:52:22,686 INFO train epoch 42/50 batch 65/66 (98%) running_loss=0.3050
2026-09-16 07:52:22,739 INFO train epoch 42/50 batch 66/66 (100%) running_loss=0.3058
2026-09-16 07:52:23,840 INFO epoch 42/50 done: train_loss=0.3058 val_loss=0.2464 val_accuracy=0.9365 val_macro_f1=0.9133 val_macro_auc=0.9766 (checkpoint_metric=macro_auc)
2026-09-16 07:52:25,125 INFO train epoch 43/50 batch 13/66 (20%) running_loss=0.3049
2026-09-16 07:52:25,987 INFO train epoch 43/50 batch 26/66 (39%) running_loss=0.3028
2026-09-16 07:52:26,673 INFO train epoch 43/50 batch 39/66 (59%) running_loss=0.3033
2026-09-16 07:52:27,471 INFO train epoch 43/50 batch 52/66 (79%) running_loss=0.3028
2026-09-16 07:52:28,247 INFO train epoch 43/50 batch 65/66 (98%) running_loss=0.3022
2026-09-16 07:52:28,300 INFO train epoch 43/50 batch 66/66 (100%) running_loss=0.3021
2026-09-16 07:52:29,409 INFO epoch 43/50 done: train_loss=0.3021 val_loss=0.2344 val_accuracy=0.9365 val_macro_f1=0.9126 val_macro_auc=0.9767 (checkpoint_metric=macro_auc)
2026-09-16 07:52:30,653 INFO train epoch 44/50 batch 13/66 (20%) running_loss=0.3019
2026-09-16 07:52:31,517 INFO train epoch 44/50 batch 26/66 (39%) running_loss=0.3017
2026-09-16 07:52:32,391 INFO train epoch 44/50 batch 39/66 (59%) running_loss=0.3034
2026-09-16 07:52:33,244 INFO train epoch 44/50 batch 52/66 (79%) running_loss=0.3035
2026-09-16 07:52:33,920 INFO train epoch 44/50 batch 65/66 (98%) running_loss=0.3033
2026-09-16 07:52:33,974 INFO train epoch 44/50 batch 66/66 (100%) running_loss=0.3033
2026-09-16 07:52:35,079 INFO epoch 44/50 done: train_loss=0.3033 val_loss=0.2385 val_accuracy=0.9344 val_macro_f1=0.9103 val_macro_auc=0.9776 (checkpoint_metric=macro_auc)
2026-09-16 07:52:36,354 INFO train epoch 45/50 batch 13/66 (20%) running_loss=0.3091
2026-09-16 07:52:37,081 INFO train epoch 45/50 batch 26/66 (39%) running_loss=0.3065
2026-09-16 07:52:37,959 INFO train epoch 45/50 batch 39/66 (59%) running_loss=0.3056
2026-09-16 07:52:38,806 INFO train epoch 45/50 batch 52/66 (79%) running_loss=0.3060
2026-09-16 07:52:39,557 INFO train epoch 45/50 batch 65/66 (98%) running_loss=0.3067
2026-09-16 07:52:39,609 INFO train epoch 45/50 batch 66/66 (100%) running_loss=0.3085
2026-09-16 07:52:40,678 INFO epoch 45/50 done: train_loss=0.3085 val_loss=0.2404 val_accuracy=0.9344 val_macro_f1=0.9103 val_macro_auc=0.9780 (checkpoint_metric=macro_auc)
2026-09-16 07:52:41,915 INFO train epoch 46/50 batch 13/66 (20%) running_loss=0.3015
2026-09-16 07:52:42,741 INFO train epoch 46/50 batch 26/66 (39%) running_loss=0.3043
2026-09-16 07:52:43,577 INFO train epoch 46/50 batch 39/66 (59%) running_loss=0.3043
2026-09-16 07:52:44,455 INFO train epoch 46/50 batch 52/66 (79%) running_loss=0.3058
2026-09-16 07:52:45,212 INFO train epoch 46/50 batch 65/66 (98%) running_loss=0.3056
2026-09-16 07:52:45,264 INFO train epoch 46/50 batch 66/66 (100%) running_loss=0.3056
2026-09-16 07:52:46,360 INFO epoch 46/50 done: train_loss=0.3056 val_loss=0.2432 val_accuracy=0.9344 val_macro_f1=0.9103 val_macro_auc=0.9768 (checkpoint_metric=macro_auc)
2026-09-16 07:52:47,632 INFO train epoch 47/50 batch 13/66 (20%) running_loss=0.2999
2026-09-16 07:52:48,488 INFO train epoch 47/50 batch 26/66 (39%) running_loss=0.3000
2026-09-16 07:52:49,337 INFO train epoch 47/50 batch 39/66 (59%) running_loss=0.3019
2026-09-16 07:52:50,079 INFO train epoch 47/50 batch 52/66 (79%) running_loss=0.3024
2026-09-16 07:52:50,827 INFO train epoch 47/50 batch 65/66 (98%) running_loss=0.3033
2026-09-16 07:52:50,881 INFO train epoch 47/50 batch 66/66 (100%) running_loss=0.3033
2026-09-16 07:52:51,986 INFO epoch 47/50 done: train_loss=0.3033 val_loss=0.2473 val_accuracy=0.9365 val_macro_f1=0.9147 val_macro_auc=0.9760 (checkpoint_metric=macro_auc)
2026-09-16 07:52:53,265 INFO train epoch 48/50 batch 13/66 (20%) running_loss=0.3001
2026-09-16 07:52:54,113 INFO train epoch 48/50 batch 26/66 (39%) running_loss=0.3001
2026-09-16 07:52:54,965 INFO train epoch 48/50 batch 39/66 (59%) running_loss=0.3018
2026-09-16 07:52:55,839 INFO train epoch 48/50 batch 52/66 (79%) running_loss=0.3021
2026-09-16 07:52:56,590 INFO train epoch 48/50 batch 65/66 (98%) running_loss=0.3022
2026-09-16 07:52:56,643 INFO train epoch 48/50 batch 66/66 (100%) running_loss=0.3023
2026-09-16 07:52:57,684 INFO epoch 48/50 done: train_loss=0.3023 val_loss=0.2522 val_accuracy=0.9385 val_macro_f1=0.9164 val_macro_auc=0.9761 (checkpoint_metric=macro_auc)
2026-09-16 07:52:58,990 INFO train epoch 49/50 batch 13/66 (20%) running_loss=0.3022
2026-09-16 07:52:59,874 INFO train epoch 49/50 batch 26/66 (39%) running_loss=0.3005
2026-09-16 07:53:00,762 INFO train epoch 49/50 batch 39/66 (59%) running_loss=0.3028
2026-09-16 07:53:01,602 INFO train epoch 49/50 batch 52/66 (79%) running_loss=0.3035
2026-09-16 07:53:02,372 INFO train epoch 49/50 batch 65/66 (98%) running_loss=0.3028
2026-09-16 07:53:02,425 INFO train epoch 49/50 batch 66/66 (100%) running_loss=0.3028
2026-09-16 07:53:03,465 INFO epoch 49/50 done: train_loss=0.3028 val_loss=0.2439 val_accuracy=0.9385 val_macro_f1=0.9164 val_macro_auc=0.9769 (checkpoint_metric=macro_auc)
2026-09-16 07:53:04,743 INFO train epoch 50/50 batch 13/66 (20%) running_loss=0.2995
2026-09-16 07:53:05,469 INFO train epoch 50/50 batch 26/66 (39%) running_loss=0.3012
2026-09-16 07:53:06,341 INFO train epoch 50/50 batch 39/66 (59%) running_loss=0.3004
2026-09-16 07:53:07,239 INFO train epoch 50/50 batch 52/66 (79%) running_loss=0.3008
2026-09-16 07:53:08,009 INFO train epoch 50/50 batch 65/66 (98%) running_loss=0.3010
2026-09-16 07:53:08,062 INFO train epoch 50/50 batch 66/66 (100%) running_loss=0.3011
2026-09-16 07:53:09,149 INFO epoch 50/50 done: train_loss=0.3011 val_loss=0.2354 val_accuracy=0.9385 val_macro_f1=0.9174 val_macro_auc=0.9782 (checkpoint_metric=macro_auc)
2026-09-16 07:53:09,302 INFO Training finished. Best epoch=6, smoothed macro_auc=0.9836 (window=3)
2026-09-16 07:53:11,179 INFO Test set evaluated once: accuracy=0.8797 macro_f1=0.8708 macro_auc=0.9600
2026-09-16 07:53:11,874 INFO Model size: 26.05M params, 0.719 GFLOPs at 96x96
