2026-09-23 04:47:49,817 INFO Starting baseline training: model=resnet34 device=cuda amp=True image_size=96 epochs=50 lr=0.001 optimizer=sgd
2026-09-23 04:47:50,068 INFO Dataset ready: 3 classes, 2102 train / 488 val samples (split reused from outputs/baseline_resnet34_96_constant_s1/split_indices.json)
2026-09-23 04:47:50,077 INFO Augmentation policy: constant strength (rank-averaged), from outputs/main1/augmentation_run/selected_policy.json; strengths {'rotation': 0.0675, 'affine_translation': 0.2256, 'random_resized_crop': 0.516, 'brightness': 0.4195, 'contrast': 0.123, 'horizontal_flip': 0.5366, 'random_erasing': 0.1828}
2026-09-23 04:47:50,659 INFO Classes: {'glioma_tumor': 0, 'meningioma_tumor': 1, 'pituitary_tumor': 2}
2026-09-23 04:47:50,660 INFO Regularization: weight_decay=7.0e-04 label_smoothing=0.10 grad_clip_norm=5.0
2026-09-23 04:47:52,339 INFO train epoch 1/50 batch 13/66 (20%) running_loss=1.2368
2026-09-23 04:47:53,122 INFO train epoch 1/50 batch 26/66 (39%) running_loss=1.0783
2026-09-23 04:47:53,953 INFO train epoch 1/50 batch 39/66 (59%) running_loss=0.9582
2026-09-23 04:47:54,784 INFO train epoch 1/50 batch 52/66 (79%) running_loss=0.8785
2026-09-23 04:47:55,508 INFO train epoch 1/50 batch 65/66 (98%) running_loss=0.8185
2026-09-23 04:47:55,657 INFO train epoch 1/50 batch 66/66 (100%) running_loss=0.8155
2026-09-23 04:47:56,904 INFO epoch 1/50 done: train_loss=0.8155 val_loss=0.3325 val_accuracy=0.8914 val_macro_f1=0.8495 val_macro_auc=0.9700 (checkpoint_metric=macro_auc) [new best]
2026-09-23 04:47:58,027 INFO train epoch 2/50 batch 13/66 (20%) running_loss=0.5667
2026-09-23 04:47:58,800 INFO train epoch 2/50 batch 26/66 (39%) running_loss=0.5575
2026-09-23 04:47:59,542 INFO train epoch 2/50 batch 39/66 (59%) running_loss=0.5509
2026-09-23 04:48:00,348 INFO train epoch 2/50 batch 52/66 (79%) running_loss=0.5414
2026-09-23 04:48:01,121 INFO train epoch 2/50 batch 65/66 (98%) running_loss=0.5267
2026-09-23 04:48:01,151 INFO train epoch 2/50 batch 66/66 (100%) running_loss=0.5256
2026-09-23 04:48:02,676 INFO epoch 2/50 done: train_loss=0.5256 val_loss=0.2640 val_accuracy=0.9139 val_macro_f1=0.8755 val_macro_auc=0.9804 (checkpoint_metric=macro_auc) [new best]
2026-09-23 04:48:03,818 INFO train epoch 3/50 batch 13/66 (20%) running_loss=0.4831
2026-09-23 04:48:04,600 INFO train epoch 3/50 batch 26/66 (39%) running_loss=0.4693
2026-09-23 04:48:05,393 INFO train epoch 3/50 batch 39/66 (59%) running_loss=0.4594
2026-09-23 04:48:06,104 INFO train epoch 3/50 batch 52/66 (79%) running_loss=0.4577
2026-09-23 04:48:06,953 INFO train epoch 3/50 batch 65/66 (98%) running_loss=0.4539
2026-09-23 04:48:06,982 INFO train epoch 3/50 batch 66/66 (100%) running_loss=0.4538
2026-09-23 04:48:08,522 INFO epoch 3/50 done: train_loss=0.4538 val_loss=0.2681 val_accuracy=0.9098 val_macro_f1=0.8683 val_macro_auc=0.9779 (checkpoint_metric=macro_auc) [new best]
2026-09-23 04:48:09,647 INFO train epoch 4/50 batch 13/66 (20%) running_loss=0.3986
2026-09-23 04:48:10,411 INFO train epoch 4/50 batch 26/66 (39%) running_loss=0.3976
2026-09-23 04:48:11,170 INFO train epoch 4/50 batch 39/66 (59%) running_loss=0.4022
2026-09-23 04:48:11,917 INFO train epoch 4/50 batch 52/66 (79%) running_loss=0.4084
2026-09-23 04:48:12,740 INFO train epoch 4/50 batch 65/66 (98%) running_loss=0.4083
2026-09-23 04:48:12,769 INFO train epoch 4/50 batch 66/66 (100%) running_loss=0.4078
2026-09-23 04:48:14,282 INFO epoch 4/50 done: train_loss=0.4078 val_loss=0.2378 val_accuracy=0.9344 val_macro_f1=0.9105 val_macro_auc=0.9863 (checkpoint_metric=macro_auc) [new best]
2026-09-23 04:48:15,421 INFO train epoch 5/50 batch 13/66 (20%) running_loss=0.3748
2026-09-23 04:48:16,180 INFO train epoch 5/50 batch 26/66 (39%) running_loss=0.3813
2026-09-23 04:48:16,975 INFO train epoch 5/50 batch 39/66 (59%) running_loss=0.3770
2026-09-23 04:48:17,738 INFO train epoch 5/50 batch 52/66 (79%) running_loss=0.3773
2026-09-23 04:48:18,452 INFO train epoch 5/50 batch 65/66 (98%) running_loss=0.3772
2026-09-23 04:48:18,515 INFO train epoch 5/50 batch 66/66 (100%) running_loss=0.3772
2026-09-23 04:48:20,057 INFO epoch 5/50 done: train_loss=0.3772 val_loss=0.2567 val_accuracy=0.9201 val_macro_f1=0.8909 val_macro_auc=0.9835 (checkpoint_metric=macro_auc) [new best]
2026-09-23 04:48:21,117 INFO train epoch 6/50 batch 13/66 (20%) running_loss=0.3615
2026-09-23 04:48:22,023 INFO train epoch 6/50 batch 26/66 (39%) running_loss=0.3614
2026-09-23 04:48:22,824 INFO train epoch 6/50 batch 39/66 (59%) running_loss=0.3602
2026-09-23 04:48:23,551 INFO train epoch 6/50 batch 52/66 (79%) running_loss=0.3685
2026-09-23 04:48:24,226 INFO train epoch 6/50 batch 65/66 (98%) running_loss=0.3673
2026-09-23 04:48:24,291 INFO train epoch 6/50 batch 66/66 (100%) running_loss=0.3675
2026-09-23 04:48:25,312 INFO epoch 6/50 done: train_loss=0.3675 val_loss=0.3066 val_accuracy=0.9057 val_macro_f1=0.8774 val_macro_auc=0.9778 (checkpoint_metric=macro_auc)
2026-09-23 04:48:26,381 INFO train epoch 7/50 batch 13/66 (20%) running_loss=0.3517
2026-09-23 04:48:27,174 INFO train epoch 7/50 batch 26/66 (39%) running_loss=0.3509
2026-09-23 04:48:27,913 INFO train epoch 7/50 batch 39/66 (59%) running_loss=0.3532
2026-09-23 04:48:28,787 INFO train epoch 7/50 batch 52/66 (79%) running_loss=0.3563
2026-09-23 04:48:29,565 INFO train epoch 7/50 batch 65/66 (98%) running_loss=0.3538
2026-09-23 04:48:29,594 INFO train epoch 7/50 batch 66/66 (100%) running_loss=0.3535
2026-09-23 04:48:30,601 INFO epoch 7/50 done: train_loss=0.3535 val_loss=0.2347 val_accuracy=0.9303 val_macro_f1=0.9057 val_macro_auc=0.9848 (checkpoint_metric=macro_auc)
2026-09-23 04:48:31,723 INFO train epoch 8/50 batch 13/66 (20%) running_loss=0.3636
2026-09-23 04:48:32,524 INFO train epoch 8/50 batch 26/66 (39%) running_loss=0.3602
2026-09-23 04:48:33,341 INFO train epoch 8/50 batch 39/66 (59%) running_loss=0.3576
2026-09-23 04:48:34,146 INFO train epoch 8/50 batch 52/66 (79%) running_loss=0.3551
2026-09-23 04:48:34,963 INFO train epoch 8/50 batch 65/66 (98%) running_loss=0.3562
2026-09-23 04:48:34,992 INFO train epoch 8/50 batch 66/66 (100%) running_loss=0.3559
2026-09-23 04:48:36,037 INFO epoch 8/50 done: train_loss=0.3559 val_loss=0.2592 val_accuracy=0.9180 val_macro_f1=0.8881 val_macro_auc=0.9829 (checkpoint_metric=macro_auc)
2026-09-23 04:48:37,137 INFO train epoch 9/50 batch 13/66 (20%) running_loss=0.3424
2026-09-23 04:48:37,897 INFO train epoch 9/50 batch 26/66 (39%) running_loss=0.3433
2026-09-23 04:48:38,718 INFO train epoch 9/50 batch 39/66 (59%) running_loss=0.3418
2026-09-23 04:48:39,524 INFO train epoch 9/50 batch 52/66 (79%) running_loss=0.3405
2026-09-23 04:48:40,282 INFO train epoch 9/50 batch 65/66 (98%) running_loss=0.3400
2026-09-23 04:48:40,312 INFO train epoch 9/50 batch 66/66 (100%) running_loss=0.3398
2026-09-23 04:48:41,762 INFO epoch 9/50 done: train_loss=0.3398 val_loss=0.2464 val_accuracy=0.9180 val_macro_f1=0.8901 val_macro_auc=0.9853 (checkpoint_metric=macro_auc) [new best]
2026-09-23 04:48:42,880 INFO train epoch 10/50 batch 13/66 (20%) running_loss=0.3366
2026-09-23 04:48:43,661 INFO train epoch 10/50 batch 26/66 (39%) running_loss=0.3376
2026-09-23 04:48:44,425 INFO train epoch 10/50 batch 39/66 (59%) running_loss=0.3358
2026-09-23 04:48:45,257 INFO train epoch 10/50 batch 52/66 (79%) running_loss=0.3366
2026-09-23 04:48:46,006 INFO train epoch 10/50 batch 65/66 (98%) running_loss=0.3355
2026-09-23 04:48:46,035 INFO train epoch 10/50 batch 66/66 (100%) running_loss=0.3358
2026-09-23 04:48:47,586 INFO epoch 10/50 done: train_loss=0.3358 val_loss=0.2411 val_accuracy=0.9201 val_macro_f1=0.8910 val_macro_auc=0.9859 (checkpoint_metric=macro_auc) [new best]
2026-09-23 04:48:48,691 INFO train epoch 11/50 batch 13/66 (20%) running_loss=0.3240
2026-09-23 04:48:49,450 INFO train epoch 11/50 batch 26/66 (39%) running_loss=0.3297
2026-09-23 04:48:50,311 INFO train epoch 11/50 batch 39/66 (59%) running_loss=0.3362
2026-09-23 04:48:51,059 INFO train epoch 11/50 batch 52/66 (79%) running_loss=0.3349
2026-09-23 04:48:51,866 INFO train epoch 11/50 batch 65/66 (98%) running_loss=0.3367
2026-09-23 04:48:51,896 INFO train epoch 11/50 batch 66/66 (100%) running_loss=0.3365
2026-09-23 04:48:53,441 INFO epoch 11/50 done: train_loss=0.3365 val_loss=0.2167 val_accuracy=0.9283 val_macro_f1=0.8996 val_macro_auc=0.9894 (checkpoint_metric=macro_auc) [new best]
2026-09-23 04:48:54,564 INFO train epoch 12/50 batch 13/66 (20%) running_loss=0.3307
2026-09-23 04:48:55,358 INFO train epoch 12/50 batch 26/66 (39%) running_loss=0.3318
2026-09-23 04:48:56,165 INFO train epoch 12/50 batch 39/66 (59%) running_loss=0.3286
2026-09-23 04:48:56,965 INFO train epoch 12/50 batch 52/66 (79%) running_loss=0.3276
2026-09-23 04:48:57,737 INFO train epoch 12/50 batch 65/66 (98%) running_loss=0.3296
2026-09-23 04:48:57,766 INFO train epoch 12/50 batch 66/66 (100%) running_loss=0.3294
2026-09-23 04:48:59,322 INFO epoch 12/50 done: train_loss=0.3294 val_loss=0.2337 val_accuracy=0.9221 val_macro_f1=0.8926 val_macro_auc=0.9867 (checkpoint_metric=macro_auc) [new best]
2026-09-23 04:49:00,535 INFO train epoch 13/50 batch 13/66 (20%) running_loss=0.3346
2026-09-23 04:49:01,341 INFO train epoch 13/50 batch 26/66 (39%) running_loss=0.3285
2026-09-23 04:49:02,163 INFO train epoch 13/50 batch 39/66 (59%) running_loss=0.3259
2026-09-23 04:49:02,930 INFO train epoch 13/50 batch 52/66 (79%) running_loss=0.3270
2026-09-23 04:49:03,770 INFO train epoch 13/50 batch 65/66 (98%) running_loss=0.3267
2026-09-23 04:49:03,799 INFO train epoch 13/50 batch 66/66 (100%) running_loss=0.3274
2026-09-23 04:49:05,392 INFO epoch 13/50 done: train_loss=0.3274 val_loss=0.2440 val_accuracy=0.9324 val_macro_f1=0.9093 val_macro_auc=0.9888 (checkpoint_metric=macro_auc) [new best]
2026-09-23 04:49:06,455 INFO train epoch 14/50 batch 13/66 (20%) running_loss=0.3215
2026-09-23 04:49:07,204 INFO train epoch 14/50 batch 26/66 (39%) running_loss=0.3221
2026-09-23 04:49:07,966 INFO train epoch 14/50 batch 39/66 (59%) running_loss=0.3279
2026-09-23 04:49:08,879 INFO train epoch 14/50 batch 52/66 (79%) running_loss=0.3271
2026-09-23 04:49:09,632 INFO train epoch 14/50 batch 65/66 (98%) running_loss=0.3277
2026-09-23 04:49:09,660 INFO train epoch 14/50 batch 66/66 (100%) running_loss=0.3275
2026-09-23 04:49:10,692 INFO epoch 14/50 done: train_loss=0.3275 val_loss=0.2607 val_accuracy=0.9201 val_macro_f1=0.8916 val_macro_auc=0.9814 (checkpoint_metric=macro_auc)
2026-09-23 04:49:11,842 INFO train epoch 15/50 batch 13/66 (20%) running_loss=0.3428
2026-09-23 04:49:12,651 INFO train epoch 15/50 batch 26/66 (39%) running_loss=0.3350
2026-09-23 04:49:13,376 INFO train epoch 15/50 batch 39/66 (59%) running_loss=0.3314
2026-09-23 04:49:14,157 INFO train epoch 15/50 batch 52/66 (79%) running_loss=0.3315
2026-09-23 04:49:14,963 INFO train epoch 15/50 batch 65/66 (98%) running_loss=0.3310
2026-09-23 04:49:14,992 INFO train epoch 15/50 batch 66/66 (100%) running_loss=0.3310
2026-09-23 04:49:16,017 INFO epoch 15/50 done: train_loss=0.3310 val_loss=0.2555 val_accuracy=0.9262 val_macro_f1=0.8990 val_macro_auc=0.9833 (checkpoint_metric=macro_auc)
2026-09-23 04:49:17,122 INFO train epoch 16/50 batch 13/66 (20%) running_loss=0.3257
2026-09-23 04:49:17,886 INFO train epoch 16/50 batch 26/66 (39%) running_loss=0.3359
2026-09-23 04:49:18,652 INFO train epoch 16/50 batch 39/66 (59%) running_loss=0.3352
2026-09-23 04:49:19,422 INFO train epoch 16/50 batch 52/66 (79%) running_loss=0.3323
2026-09-23 04:49:20,172 INFO train epoch 16/50 batch 65/66 (98%) running_loss=0.3355
2026-09-23 04:49:20,201 INFO train epoch 16/50 batch 66/66 (100%) running_loss=0.3352
2026-09-23 04:49:21,233 INFO epoch 16/50 done: train_loss=0.3352 val_loss=0.2390 val_accuracy=0.9262 val_macro_f1=0.8992 val_macro_auc=0.9862 (checkpoint_metric=macro_auc)
2026-09-23 04:49:22,362 INFO train epoch 17/50 batch 13/66 (20%) running_loss=0.3128
2026-09-23 04:49:23,149 INFO train epoch 17/50 batch 26/66 (39%) running_loss=0.3186
2026-09-23 04:49:23,948 INFO train epoch 17/50 batch 39/66 (59%) running_loss=0.3192
2026-09-23 04:49:24,718 INFO train epoch 17/50 batch 52/66 (79%) running_loss=0.3193
2026-09-23 04:49:25,556 INFO train epoch 17/50 batch 65/66 (98%) running_loss=0.3192
2026-09-23 04:49:25,585 INFO train epoch 17/50 batch 66/66 (100%) running_loss=0.3192
2026-09-23 04:49:26,619 INFO epoch 17/50 done: train_loss=0.3192 val_loss=0.2376 val_accuracy=0.9242 val_macro_f1=0.8977 val_macro_auc=0.9852 (checkpoint_metric=macro_auc)
2026-09-23 04:49:27,725 INFO train epoch 18/50 batch 13/66 (20%) running_loss=0.3177
2026-09-23 04:49:28,509 INFO train epoch 18/50 batch 26/66 (39%) running_loss=0.3193
2026-09-23 04:49:29,294 INFO train epoch 18/50 batch 39/66 (59%) running_loss=0.3220
2026-09-23 04:49:30,079 INFO train epoch 18/50 batch 52/66 (79%) running_loss=0.3224
2026-09-23 04:49:30,908 INFO train epoch 18/50 batch 65/66 (98%) running_loss=0.3220
2026-09-23 04:49:30,936 INFO train epoch 18/50 batch 66/66 (100%) running_loss=0.3220
2026-09-23 04:49:31,975 INFO epoch 18/50 done: train_loss=0.3220 val_loss=0.2510 val_accuracy=0.9242 val_macro_f1=0.8965 val_macro_auc=0.9848 (checkpoint_metric=macro_auc)
2026-09-23 04:49:33,122 INFO train epoch 19/50 batch 13/66 (20%) running_loss=0.3167
2026-09-23 04:49:33,891 INFO train epoch 19/50 batch 26/66 (39%) running_loss=0.3203
2026-09-23 04:49:34,642 INFO train epoch 19/50 batch 39/66 (59%) running_loss=0.3219
2026-09-23 04:49:35,408 INFO train epoch 19/50 batch 52/66 (79%) running_loss=0.3221
2026-09-23 04:49:36,184 INFO train epoch 19/50 batch 65/66 (98%) running_loss=0.3218
2026-09-23 04:49:36,222 INFO train epoch 19/50 batch 66/66 (100%) running_loss=0.3218
2026-09-23 04:49:37,239 INFO epoch 19/50 done: train_loss=0.3218 val_loss=0.2291 val_accuracy=0.9283 val_macro_f1=0.8996 val_macro_auc=0.9864 (checkpoint_metric=macro_auc)
2026-09-23 04:49:38,307 INFO train epoch 20/50 batch 13/66 (20%) running_loss=0.3142
2026-09-23 04:49:39,059 INFO train epoch 20/50 batch 26/66 (39%) running_loss=0.3175
2026-09-23 04:49:39,854 INFO train epoch 20/50 batch 39/66 (59%) running_loss=0.3221
2026-09-23 04:49:40,647 INFO train epoch 20/50 batch 52/66 (79%) running_loss=0.3215
2026-09-23 04:49:41,535 INFO train epoch 20/50 batch 65/66 (98%) running_loss=0.3199
2026-09-23 04:49:41,564 INFO train epoch 20/50 batch 66/66 (100%) running_loss=0.3199
2026-09-23 04:49:42,585 INFO epoch 20/50 done: train_loss=0.3199 val_loss=0.2441 val_accuracy=0.9242 val_macro_f1=0.8976 val_macro_auc=0.9871 (checkpoint_metric=macro_auc)
2026-09-23 04:49:43,725 INFO train epoch 21/50 batch 13/66 (20%) running_loss=0.3147
2026-09-23 04:49:44,447 INFO train epoch 21/50 batch 26/66 (39%) running_loss=0.3189
2026-09-23 04:49:45,295 INFO train epoch 21/50 batch 39/66 (59%) running_loss=0.3196
2026-09-23 04:49:46,067 INFO train epoch 21/50 batch 52/66 (79%) running_loss=0.3189
2026-09-23 04:49:46,744 INFO train epoch 21/50 batch 65/66 (98%) running_loss=0.3196
2026-09-23 04:49:46,772 INFO train epoch 21/50 batch 66/66 (100%) running_loss=0.3195
2026-09-23 04:49:47,794 INFO epoch 21/50 done: train_loss=0.3195 val_loss=0.2314 val_accuracy=0.9303 val_macro_f1=0.9039 val_macro_auc=0.9872 (checkpoint_metric=macro_auc)
2026-09-23 04:49:48,891 INFO train epoch 22/50 batch 13/66 (20%) running_loss=0.3128
2026-09-23 04:49:49,715 INFO train epoch 22/50 batch 26/66 (39%) running_loss=0.3172
2026-09-23 04:49:50,525 INFO train epoch 22/50 batch 39/66 (59%) running_loss=0.3174
2026-09-23 04:49:51,272 INFO train epoch 22/50 batch 52/66 (79%) running_loss=0.3188
2026-09-23 04:49:52,023 INFO train epoch 22/50 batch 65/66 (98%) running_loss=0.3184
2026-09-23 04:49:52,051 INFO train epoch 22/50 batch 66/66 (100%) running_loss=0.3184
2026-09-23 04:49:53,068 INFO epoch 22/50 done: train_loss=0.3184 val_loss=0.2518 val_accuracy=0.9221 val_macro_f1=0.8964 val_macro_auc=0.9849 (checkpoint_metric=macro_auc)
2026-09-23 04:49:54,169 INFO train epoch 23/50 batch 13/66 (20%) running_loss=0.3123
2026-09-23 04:49:54,935 INFO train epoch 23/50 batch 26/66 (39%) running_loss=0.3175
2026-09-23 04:49:55,663 INFO train epoch 23/50 batch 39/66 (59%) running_loss=0.3198
2026-09-23 04:49:56,516 INFO train epoch 23/50 batch 52/66 (79%) running_loss=0.3190
2026-09-23 04:49:57,264 INFO train epoch 23/50 batch 65/66 (98%) running_loss=0.3182
2026-09-23 04:49:57,293 INFO train epoch 23/50 batch 66/66 (100%) running_loss=0.3186
2026-09-23 04:49:58,295 INFO epoch 23/50 done: train_loss=0.3186 val_loss=0.2616 val_accuracy=0.9201 val_macro_f1=0.8930 val_macro_auc=0.9858 (checkpoint_metric=macro_auc)
2026-09-23 04:49:59,376 INFO train epoch 24/50 batch 13/66 (20%) running_loss=0.3180
2026-09-23 04:50:00,161 INFO train epoch 24/50 batch 26/66 (39%) running_loss=0.3142
2026-09-23 04:50:00,943 INFO train epoch 24/50 batch 39/66 (59%) running_loss=0.3149
2026-09-23 04:50:01,760 INFO train epoch 24/50 batch 52/66 (79%) running_loss=0.3155
2026-09-23 04:50:02,598 INFO train epoch 24/50 batch 65/66 (98%) running_loss=0.3154
2026-09-23 04:50:02,627 INFO train epoch 24/50 batch 66/66 (100%) running_loss=0.3154
2026-09-23 04:50:03,637 INFO epoch 24/50 done: train_loss=0.3154 val_loss=0.2415 val_accuracy=0.9303 val_macro_f1=0.9041 val_macro_auc=0.9861 (checkpoint_metric=macro_auc)
2026-09-23 04:50:04,732 INFO train epoch 25/50 batch 13/66 (20%) running_loss=0.3220
2026-09-23 04:50:05,518 INFO train epoch 25/50 batch 26/66 (39%) running_loss=0.3172
2026-09-23 04:50:06,274 INFO train epoch 25/50 batch 39/66 (59%) running_loss=0.3151
2026-09-23 04:50:07,037 INFO train epoch 25/50 batch 52/66 (79%) running_loss=0.3156
2026-09-23 04:50:07,825 INFO train epoch 25/50 batch 65/66 (98%) running_loss=0.3172
2026-09-23 04:50:07,854 INFO train epoch 25/50 batch 66/66 (100%) running_loss=0.3172
2026-09-23 04:50:08,853 INFO epoch 25/50 done: train_loss=0.3172 val_loss=0.2564 val_accuracy=0.9221 val_macro_f1=0.8947 val_macro_auc=0.9843 (checkpoint_metric=macro_auc)
2026-09-23 04:50:09,919 INFO train epoch 26/50 batch 13/66 (20%) running_loss=0.3078
2026-09-23 04:50:10,683 INFO train epoch 26/50 batch 26/66 (39%) running_loss=0.3079
2026-09-23 04:50:11,568 INFO train epoch 26/50 batch 39/66 (59%) running_loss=0.3099
2026-09-23 04:50:12,384 INFO train epoch 26/50 batch 52/66 (79%) running_loss=0.3119
2026-09-23 04:50:13,126 INFO train epoch 26/50 batch 65/66 (98%) running_loss=0.3134
2026-09-23 04:50:13,154 INFO train epoch 26/50 batch 66/66 (100%) running_loss=0.3134
2026-09-23 04:50:14,138 INFO epoch 26/50 done: train_loss=0.3134 val_loss=0.2328 val_accuracy=0.9242 val_macro_f1=0.8943 val_macro_auc=0.9877 (checkpoint_metric=macro_auc)
2026-09-23 04:50:15,203 INFO train epoch 27/50 batch 13/66 (20%) running_loss=0.3165
2026-09-23 04:50:15,973 INFO train epoch 27/50 batch 26/66 (39%) running_loss=0.3145
2026-09-23 04:50:16,728 INFO train epoch 27/50 batch 39/66 (59%) running_loss=0.3140
2026-09-23 04:50:17,561 INFO train epoch 27/50 batch 52/66 (79%) running_loss=0.3138
2026-09-23 04:50:18,337 INFO train epoch 27/50 batch 65/66 (98%) running_loss=0.3127
2026-09-23 04:50:18,366 INFO train epoch 27/50 batch 66/66 (100%) running_loss=0.3131
2026-09-23 04:50:19,392 INFO epoch 27/50 done: train_loss=0.3131 val_loss=0.2359 val_accuracy=0.9221 val_macro_f1=0.8939 val_macro_auc=0.9871 (checkpoint_metric=macro_auc)
2026-09-23 04:50:20,455 INFO train epoch 28/50 batch 13/66 (20%) running_loss=0.3089
2026-09-23 04:50:21,211 INFO train epoch 28/50 batch 26/66 (39%) running_loss=0.3121
2026-09-23 04:50:22,013 INFO train epoch 28/50 batch 39/66 (59%) running_loss=0.3157
2026-09-23 04:50:22,764 INFO train epoch 28/50 batch 52/66 (79%) running_loss=0.3144
2026-09-23 04:50:23,505 INFO train epoch 28/50 batch 65/66 (98%) running_loss=0.3142
2026-09-23 04:50:23,562 INFO train epoch 28/50 batch 66/66 (100%) running_loss=0.3146
2026-09-23 04:50:24,608 INFO epoch 28/50 done: train_loss=0.3146 val_loss=0.2321 val_accuracy=0.9283 val_macro_f1=0.9001 val_macro_auc=0.9873 (checkpoint_metric=macro_auc)
2026-09-23 04:50:25,682 INFO train epoch 29/50 batch 13/66 (20%) running_loss=0.3044
2026-09-23 04:50:26,444 INFO train epoch 29/50 batch 26/66 (39%) running_loss=0.3071
2026-09-23 04:50:27,260 INFO train epoch 29/50 batch 39/66 (59%) running_loss=0.3087
2026-09-23 04:50:28,069 INFO train epoch 29/50 batch 52/66 (79%) running_loss=0.3106
2026-09-23 04:50:28,859 INFO train epoch 29/50 batch 65/66 (98%) running_loss=0.3110
2026-09-23 04:50:28,888 INFO train epoch 29/50 batch 66/66 (100%) running_loss=0.3109
2026-09-23 04:50:29,941 INFO epoch 29/50 done: train_loss=0.3109 val_loss=0.2311 val_accuracy=0.9262 val_macro_f1=0.8977 val_macro_auc=0.9878 (checkpoint_metric=macro_auc)
2026-09-23 04:50:31,039 INFO train epoch 30/50 batch 13/66 (20%) running_loss=0.3118
2026-09-23 04:50:31,786 INFO train epoch 30/50 batch 26/66 (39%) running_loss=0.3106
2026-09-23 04:50:32,597 INFO train epoch 30/50 batch 39/66 (59%) running_loss=0.3116
2026-09-23 04:50:33,404 INFO train epoch 30/50 batch 52/66 (79%) running_loss=0.3121
2026-09-23 04:50:34,151 INFO train epoch 30/50 batch 65/66 (98%) running_loss=0.3114
2026-09-23 04:50:34,180 INFO train epoch 30/50 batch 66/66 (100%) running_loss=0.3118
2026-09-23 04:50:35,196 INFO epoch 30/50 done: train_loss=0.3118 val_loss=0.2538 val_accuracy=0.9221 val_macro_f1=0.8947 val_macro_auc=0.9850 (checkpoint_metric=macro_auc)
2026-09-23 04:50:36,259 INFO train epoch 31/50 batch 13/66 (20%) running_loss=0.3193
2026-09-23 04:50:37,022 INFO train epoch 31/50 batch 26/66 (39%) running_loss=0.3184
2026-09-23 04:50:37,796 INFO train epoch 31/50 batch 39/66 (59%) running_loss=0.3165
2026-09-23 04:50:38,680 INFO train epoch 31/50 batch 52/66 (79%) running_loss=0.3143
2026-09-23 04:50:39,447 INFO train epoch 31/50 batch 65/66 (98%) running_loss=0.3135
2026-09-23 04:50:39,475 INFO train epoch 31/50 batch 66/66 (100%) running_loss=0.3134
2026-09-23 04:50:40,488 INFO epoch 31/50 done: train_loss=0.3134 val_loss=0.2402 val_accuracy=0.9283 val_macro_f1=0.9017 val_macro_auc=0.9859 (checkpoint_metric=macro_auc)
2026-09-23 04:50:41,536 INFO train epoch 32/50 batch 13/66 (20%) running_loss=0.3093
2026-09-23 04:50:42,315 INFO train epoch 32/50 batch 26/66 (39%) running_loss=0.3096
2026-09-23 04:50:43,068 INFO train epoch 32/50 batch 39/66 (59%) running_loss=0.3090
2026-09-23 04:50:43,870 INFO train epoch 32/50 batch 52/66 (79%) running_loss=0.3105
2026-09-23 04:50:44,619 INFO train epoch 32/50 batch 65/66 (98%) running_loss=0.3103
2026-09-23 04:50:44,647 INFO train epoch 32/50 batch 66/66 (100%) running_loss=0.3103
2026-09-23 04:50:45,655 INFO epoch 32/50 done: train_loss=0.3103 val_loss=0.2359 val_accuracy=0.9221 val_macro_f1=0.8947 val_macro_auc=0.9872 (checkpoint_metric=macro_auc)
2026-09-23 04:50:46,758 INFO train epoch 33/50 batch 13/66 (20%) running_loss=0.3070
2026-09-23 04:50:47,567 INFO train epoch 33/50 batch 26/66 (39%) running_loss=0.3080
2026-09-23 04:50:48,347 INFO train epoch 33/50 batch 39/66 (59%) running_loss=0.3110
2026-09-23 04:50:49,054 INFO train epoch 33/50 batch 52/66 (79%) running_loss=0.3113
2026-09-23 04:50:49,743 INFO train epoch 33/50 batch 65/66 (98%) running_loss=0.3125
2026-09-23 04:50:49,804 INFO train epoch 33/50 batch 66/66 (100%) running_loss=0.3128
2026-09-23 04:50:50,817 INFO epoch 33/50 done: train_loss=0.3128 val_loss=0.2369 val_accuracy=0.9201 val_macro_f1=0.8925 val_macro_auc=0.9874 (checkpoint_metric=macro_auc)
2026-09-23 04:50:51,932 INFO train epoch 34/50 batch 13/66 (20%) running_loss=0.3085
2026-09-23 04:50:52,752 INFO train epoch 34/50 batch 26/66 (39%) running_loss=0.3094
2026-09-23 04:50:53,555 INFO train epoch 34/50 batch 39/66 (59%) running_loss=0.3090
2026-09-23 04:50:54,350 INFO train epoch 34/50 batch 52/66 (79%) running_loss=0.3102
2026-09-23 04:50:55,042 INFO train epoch 34/50 batch 65/66 (98%) running_loss=0.3106
2026-09-23 04:50:55,115 INFO train epoch 34/50 batch 66/66 (100%) running_loss=0.3105
2026-09-23 04:50:56,115 INFO epoch 34/50 done: train_loss=0.3105 val_loss=0.2412 val_accuracy=0.9242 val_macro_f1=0.8971 val_macro_auc=0.9867 (checkpoint_metric=macro_auc)
2026-09-23 04:50:57,209 INFO train epoch 35/50 batch 13/66 (20%) running_loss=0.3137
2026-09-23 04:50:57,978 INFO train epoch 35/50 batch 26/66 (39%) running_loss=0.3132
2026-09-23 04:50:58,789 INFO train epoch 35/50 batch 39/66 (59%) running_loss=0.3103
2026-09-23 04:50:59,568 INFO train epoch 35/50 batch 52/66 (79%) running_loss=0.3106
2026-09-23 04:51:00,426 INFO train epoch 35/50 batch 65/66 (98%) running_loss=0.3119
2026-09-23 04:51:00,454 INFO train epoch 35/50 batch 66/66 (100%) running_loss=0.3119
2026-09-23 04:51:01,507 INFO epoch 35/50 done: train_loss=0.3119 val_loss=0.2366 val_accuracy=0.9303 val_macro_f1=0.9033 val_macro_auc=0.9873 (checkpoint_metric=macro_auc)
2026-09-23 04:51:02,608 INFO train epoch 36/50 batch 13/66 (20%) running_loss=0.3090
2026-09-23 04:51:03,403 INFO train epoch 36/50 batch 26/66 (39%) running_loss=0.3105
2026-09-23 04:51:04,198 INFO train epoch 36/50 batch 39/66 (59%) running_loss=0.3110
2026-09-23 04:51:04,973 INFO train epoch 36/50 batch 52/66 (79%) running_loss=0.3114
2026-09-23 04:51:05,803 INFO train epoch 36/50 batch 65/66 (98%) running_loss=0.3109
2026-09-23 04:51:05,832 INFO train epoch 36/50 batch 66/66 (100%) running_loss=0.3108
2026-09-23 04:51:06,833 INFO epoch 36/50 done: train_loss=0.3108 val_loss=0.2384 val_accuracy=0.9201 val_macro_f1=0.8907 val_macro_auc=0.9867 (checkpoint_metric=macro_auc)
2026-09-23 04:51:07,900 INFO train epoch 37/50 batch 13/66 (20%) running_loss=0.3058
2026-09-23 04:51:08,682 INFO train epoch 37/50 batch 26/66 (39%) running_loss=0.3111
2026-09-23 04:51:09,446 INFO train epoch 37/50 batch 39/66 (59%) running_loss=0.3119
2026-09-23 04:51:10,312 INFO train epoch 37/50 batch 52/66 (79%) running_loss=0.3130
2026-09-23 04:51:11,100 INFO train epoch 37/50 batch 65/66 (98%) running_loss=0.3122
2026-09-23 04:51:11,129 INFO train epoch 37/50 batch 66/66 (100%) running_loss=0.3126
2026-09-23 04:51:12,131 INFO epoch 37/50 done: train_loss=0.3126 val_loss=0.2559 val_accuracy=0.9221 val_macro_f1=0.8955 val_macro_auc=0.9857 (checkpoint_metric=macro_auc)
2026-09-23 04:51:13,192 INFO train epoch 38/50 batch 13/66 (20%) running_loss=0.3133
2026-09-23 04:51:14,076 INFO train epoch 38/50 batch 26/66 (39%) running_loss=0.3133
2026-09-23 04:51:14,926 INFO train epoch 38/50 batch 39/66 (59%) running_loss=0.3132
2026-09-23 04:51:15,680 INFO train epoch 38/50 batch 52/66 (79%) running_loss=0.3136
2026-09-23 04:51:16,352 INFO train epoch 38/50 batch 65/66 (98%) running_loss=0.3127
2026-09-23 04:51:16,426 INFO train epoch 38/50 batch 66/66 (100%) running_loss=0.3128
2026-09-23 04:51:17,424 INFO epoch 38/50 done: train_loss=0.3128 val_loss=0.2366 val_accuracy=0.9283 val_macro_f1=0.8991 val_macro_auc=0.9866 (checkpoint_metric=macro_auc)
2026-09-23 04:51:18,561 INFO train epoch 39/50 batch 13/66 (20%) running_loss=0.3051
2026-09-23 04:51:19,363 INFO train epoch 39/50 batch 26/66 (39%) running_loss=0.3066
2026-09-23 04:51:20,148 INFO train epoch 39/50 batch 39/66 (59%) running_loss=0.3063
2026-09-23 04:51:20,918 INFO train epoch 39/50 batch 52/66 (79%) running_loss=0.3075
2026-09-23 04:51:21,704 INFO train epoch 39/50 batch 65/66 (98%) running_loss=0.3073
2026-09-23 04:51:21,733 INFO train epoch 39/50 batch 66/66 (100%) running_loss=0.3073
2026-09-23 04:51:22,734 INFO epoch 39/50 done: train_loss=0.3073 val_loss=0.2465 val_accuracy=0.9262 val_macro_f1=0.9000 val_macro_auc=0.9866 (checkpoint_metric=macro_auc)
2026-09-23 04:51:23,840 INFO train epoch 40/50 batch 13/66 (20%) running_loss=0.3146
2026-09-23 04:51:24,631 INFO train epoch 40/50 batch 26/66 (39%) running_loss=0.3109
2026-09-23 04:51:25,434 INFO train epoch 40/50 batch 39/66 (59%) running_loss=0.3097
2026-09-23 04:51:26,244 INFO train epoch 40/50 batch 52/66 (79%) running_loss=0.3099
2026-09-23 04:51:26,981 INFO train epoch 40/50 batch 65/66 (98%) running_loss=0.3095
2026-09-23 04:51:27,056 INFO train epoch 40/50 batch 66/66 (100%) running_loss=0.3095
2026-09-23 04:51:28,061 INFO epoch 40/50 done: train_loss=0.3095 val_loss=0.2367 val_accuracy=0.9221 val_macro_f1=0.8930 val_macro_auc=0.9870 (checkpoint_metric=macro_auc)
2026-09-23 04:51:29,205 INFO train epoch 41/50 batch 13/66 (20%) running_loss=0.3078
2026-09-23 04:51:29,976 INFO train epoch 41/50 batch 26/66 (39%) running_loss=0.3066
2026-09-23 04:51:30,759 INFO train epoch 41/50 batch 39/66 (59%) running_loss=0.3145
2026-09-23 04:51:31,504 INFO train epoch 41/50 batch 52/66 (79%) running_loss=0.3128
2026-09-23 04:51:32,332 INFO train epoch 41/50 batch 65/66 (98%) running_loss=0.3127
2026-09-23 04:51:32,360 INFO train epoch 41/50 batch 66/66 (100%) running_loss=0.3126
2026-09-23 04:51:33,386 INFO epoch 41/50 done: train_loss=0.3126 val_loss=0.2339 val_accuracy=0.9262 val_macro_f1=0.8975 val_macro_auc=0.9873 (checkpoint_metric=macro_auc)
2026-09-23 04:51:34,507 INFO train epoch 42/50 batch 13/66 (20%) running_loss=0.3130
2026-09-23 04:51:35,239 INFO train epoch 42/50 batch 26/66 (39%) running_loss=0.3115
2026-09-23 04:51:36,009 INFO train epoch 42/50 batch 39/66 (59%) running_loss=0.3102
2026-09-23 04:51:36,810 INFO train epoch 42/50 batch 52/66 (79%) running_loss=0.3108
2026-09-23 04:51:37,559 INFO train epoch 42/50 batch 65/66 (98%) running_loss=0.3107
2026-09-23 04:51:37,588 INFO train epoch 42/50 batch 66/66 (100%) running_loss=0.3106
2026-09-23 04:51:38,607 INFO epoch 42/50 done: train_loss=0.3106 val_loss=0.2450 val_accuracy=0.9221 val_macro_f1=0.8938 val_macro_auc=0.9860 (checkpoint_metric=macro_auc)
2026-09-23 04:51:39,662 INFO train epoch 43/50 batch 13/66 (20%) running_loss=0.3098
2026-09-23 04:51:40,400 INFO train epoch 43/50 batch 26/66 (39%) running_loss=0.3092
2026-09-23 04:51:41,203 INFO train epoch 43/50 batch 39/66 (59%) running_loss=0.3097
2026-09-23 04:51:42,094 INFO train epoch 43/50 batch 52/66 (79%) running_loss=0.3104
2026-09-23 04:51:42,786 INFO train epoch 43/50 batch 65/66 (98%) running_loss=0.3097
2026-09-23 04:51:42,815 INFO train epoch 43/50 batch 66/66 (100%) running_loss=0.3095
2026-09-23 04:51:43,800 INFO epoch 43/50 done: train_loss=0.3095 val_loss=0.2381 val_accuracy=0.9262 val_macro_f1=0.8977 val_macro_auc=0.9859 (checkpoint_metric=macro_auc)
2026-09-23 04:51:44,867 INFO train epoch 44/50 batch 13/66 (20%) running_loss=0.3175
2026-09-23 04:51:45,677 INFO train epoch 44/50 batch 26/66 (39%) running_loss=0.3129
2026-09-23 04:51:46,474 INFO train epoch 44/50 batch 39/66 (59%) running_loss=0.3113
2026-09-23 04:51:47,299 INFO train epoch 44/50 batch 52/66 (79%) running_loss=0.3115
2026-09-23 04:51:48,126 INFO train epoch 44/50 batch 65/66 (98%) running_loss=0.3111
2026-09-23 04:51:48,156 INFO train epoch 44/50 batch 66/66 (100%) running_loss=0.3110
2026-09-23 04:51:49,430 INFO epoch 44/50 done: train_loss=0.3110 val_loss=0.2435 val_accuracy=0.9221 val_macro_f1=0.8938 val_macro_auc=0.9862 (checkpoint_metric=macro_auc)
2026-09-23 04:51:50,727 INFO train epoch 45/50 batch 13/66 (20%) running_loss=0.3143
2026-09-23 04:51:51,515 INFO train epoch 45/50 batch 26/66 (39%) running_loss=0.3118
2026-09-23 04:51:52,334 INFO train epoch 45/50 batch 39/66 (59%) running_loss=0.3104
2026-09-23 04:51:53,302 INFO train epoch 45/50 batch 52/66 (79%) running_loss=0.3097
2026-09-23 04:51:53,986 INFO train epoch 45/50 batch 65/66 (98%) running_loss=0.3111
2026-09-23 04:51:54,014 INFO train epoch 45/50 batch 66/66 (100%) running_loss=0.3112
2026-09-23 04:51:55,032 INFO epoch 45/50 done: train_loss=0.3112 val_loss=0.2320 val_accuracy=0.9262 val_macro_f1=0.8967 val_macro_auc=0.9873 (checkpoint_metric=macro_auc)
2026-09-23 04:51:56,149 INFO train epoch 46/50 batch 13/66 (20%) running_loss=0.3086
2026-09-23 04:51:56,925 INFO train epoch 46/50 batch 26/66 (39%) running_loss=0.3089
2026-09-23 04:51:57,688 INFO train epoch 46/50 batch 39/66 (59%) running_loss=0.3102
2026-09-23 04:51:58,494 INFO train epoch 46/50 batch 52/66 (79%) running_loss=0.3091
2026-09-23 04:51:59,331 INFO train epoch 46/50 batch 65/66 (98%) running_loss=0.3091
2026-09-23 04:51:59,360 INFO train epoch 46/50 batch 66/66 (100%) running_loss=0.3103
2026-09-23 04:52:00,377 INFO epoch 46/50 done: train_loss=0.3103 val_loss=0.2399 val_accuracy=0.9221 val_macro_f1=0.8938 val_macro_auc=0.9860 (checkpoint_metric=macro_auc)
2026-09-23 04:52:01,430 INFO train epoch 47/50 batch 13/66 (20%) running_loss=0.3107
2026-09-23 04:52:02,177 INFO train epoch 47/50 batch 26/66 (39%) running_loss=0.3107
2026-09-23 04:52:02,980 INFO train epoch 47/50 batch 39/66 (59%) running_loss=0.3136
2026-09-23 04:52:03,855 INFO train epoch 47/50 batch 52/66 (79%) running_loss=0.3126
2026-09-23 04:52:04,595 INFO train epoch 47/50 batch 65/66 (98%) running_loss=0.3110
2026-09-23 04:52:04,624 INFO train epoch 47/50 batch 66/66 (100%) running_loss=0.3111
2026-09-23 04:52:05,659 INFO epoch 47/50 done: train_loss=0.3111 val_loss=0.2478 val_accuracy=0.9221 val_macro_f1=0.8938 val_macro_auc=0.9855 (checkpoint_metric=macro_auc)
2026-09-23 04:52:06,766 INFO train epoch 48/50 batch 13/66 (20%) running_loss=0.3120
2026-09-23 04:52:07,529 INFO train epoch 48/50 batch 26/66 (39%) running_loss=0.3126
2026-09-23 04:52:08,292 INFO train epoch 48/50 batch 39/66 (59%) running_loss=0.3115
2026-09-23 04:52:09,156 INFO train epoch 48/50 batch 52/66 (79%) running_loss=0.3112
2026-09-23 04:52:09,940 INFO train epoch 48/50 batch 65/66 (98%) running_loss=0.3102
2026-09-23 04:52:09,969 INFO train epoch 48/50 batch 66/66 (100%) running_loss=0.3102
2026-09-23 04:52:11,008 INFO epoch 48/50 done: train_loss=0.3102 val_loss=0.2584 val_accuracy=0.9201 val_macro_f1=0.8924 val_macro_auc=0.9849 (checkpoint_metric=macro_auc)
2026-09-23 04:52:12,083 INFO train epoch 49/50 batch 13/66 (20%) running_loss=0.3121
2026-09-23 04:52:12,890 INFO train epoch 49/50 batch 26/66 (39%) running_loss=0.3111
2026-09-23 04:52:13,707 INFO train epoch 49/50 batch 39/66 (59%) running_loss=0.3124
2026-09-23 04:52:14,485 INFO train epoch 49/50 batch 52/66 (79%) running_loss=0.3115
2026-09-23 04:52:15,256 INFO train epoch 49/50 batch 65/66 (98%) running_loss=0.3108
2026-09-23 04:52:15,332 INFO train epoch 49/50 batch 66/66 (100%) running_loss=0.3108
2026-09-23 04:52:16,329 INFO epoch 49/50 done: train_loss=0.3108 val_loss=0.2535 val_accuracy=0.9201 val_macro_f1=0.8916 val_macro_auc=0.9853 (checkpoint_metric=macro_auc)
2026-09-23 04:52:17,392 INFO train epoch 50/50 batch 13/66 (20%) running_loss=0.3030
2026-09-23 04:52:18,176 INFO train epoch 50/50 batch 26/66 (39%) running_loss=0.3090
2026-09-23 04:52:18,949 INFO train epoch 50/50 batch 39/66 (59%) running_loss=0.3139
2026-09-23 04:52:19,720 INFO train epoch 50/50 batch 52/66 (79%) running_loss=0.3125
2026-09-23 04:52:20,439 INFO train epoch 50/50 batch 65/66 (98%) running_loss=0.3114
2026-09-23 04:52:20,491 INFO train epoch 50/50 batch 66/66 (100%) running_loss=0.3112
2026-09-23 04:52:21,520 INFO epoch 50/50 done: train_loss=0.3112 val_loss=0.2441 val_accuracy=0.9221 val_macro_f1=0.8938 val_macro_auc=0.9858 (checkpoint_metric=macro_auc)
2026-09-23 04:52:21,668 INFO Training finished. Best epoch=13, smoothed macro_auc=0.9883 (window=3)
2026-09-23 04:52:23,264 INFO Test set evaluated once: accuracy=0.8861 macro_f1=0.8790 macro_auc=0.9640
2026-09-23 04:52:23,885 INFO Model size: 21.29M params, 0.676 GFLOPs at 96x96
