2026-09-16 22:35:22,554 INFO Starting baseline training: model=efficientnet_v2_m device=cuda amp=True image_size=96 epochs=100 lr=0.001 optimizer=sgd
2026-09-16 22:35:22,811 INFO Dataset ready: 3 classes, 2102 train / 488 val samples (split reused from outputs/baseline_efficientnet_v2_m_96_fixed_ep100/split_indices.json)
2026-09-16 22:35:22,811 INFO Augmentation policy: legacy fixed ops ('brightness', 'rotation'), from outputs/fixedda_run/augmentation_run/selected_legacy_policy.json
2026-09-16 22:35:24,205 INFO Classes: {'glioma_tumor': 0, 'meningioma_tumor': 1, 'pituitary_tumor': 2}
2026-09-16 22:35:24,206 INFO Regularization: weight_decay=7.0e-04 label_smoothing=0.10 grad_clip_norm=5.0
2026-09-16 22:35:27,810 INFO train epoch 1/100 batch 13/66 (20%) running_loss=1.1174
2026-09-16 22:35:29,684 INFO train epoch 1/100 batch 26/66 (39%) running_loss=1.1212
2026-09-16 22:35:31,552 INFO train epoch 1/100 batch 39/66 (59%) running_loss=1.1185
2026-09-16 22:35:33,375 INFO train epoch 1/100 batch 52/66 (79%) running_loss=1.1184
2026-09-16 22:35:35,213 INFO train epoch 1/100 batch 65/66 (98%) running_loss=1.1176
2026-09-16 22:35:35,759 INFO train epoch 1/100 batch 66/66 (100%) running_loss=1.1169
2026-09-16 22:35:37,737 INFO epoch 1/100 done: train_loss=1.1169 val_loss=1.0967 val_accuracy=0.3893 val_macro_f1=0.3430 val_macro_auc=0.4832 (checkpoint_metric=macro_auc) [new best]
2026-09-16 22:35:40,076 INFO train epoch 2/100 batch 13/66 (20%) running_loss=1.0922
2026-09-16 22:35:42,009 INFO train epoch 2/100 batch 26/66 (39%) running_loss=1.0978
2026-09-16 22:35:43,927 INFO train epoch 2/100 batch 39/66 (59%) running_loss=1.1019
2026-09-16 22:35:45,809 INFO train epoch 2/100 batch 52/66 (79%) running_loss=1.1025
2026-09-16 22:35:47,655 INFO train epoch 2/100 batch 65/66 (98%) running_loss=1.0989
2026-09-16 22:35:47,804 INFO train epoch 2/100 batch 66/66 (100%) running_loss=1.0989
2026-09-16 22:35:50,294 INFO epoch 2/100 done: train_loss=1.0989 val_loss=1.0567 val_accuracy=0.4836 val_macro_f1=0.3981 val_macro_auc=0.5711 (checkpoint_metric=macro_auc) [new best]
2026-09-16 22:35:52,693 INFO train epoch 3/100 batch 13/66 (20%) running_loss=1.0825
2026-09-16 22:35:54,582 INFO train epoch 3/100 batch 26/66 (39%) running_loss=1.0923
2026-09-16 22:35:56,454 INFO train epoch 3/100 batch 39/66 (59%) running_loss=1.0882
2026-09-16 22:35:58,338 INFO train epoch 3/100 batch 52/66 (79%) running_loss=1.0845
2026-09-16 22:36:00,229 INFO train epoch 3/100 batch 65/66 (98%) running_loss=1.0775
2026-09-16 22:36:00,381 INFO train epoch 3/100 batch 66/66 (100%) running_loss=1.0772
2026-09-16 22:36:02,780 INFO epoch 3/100 done: train_loss=1.0772 val_loss=1.0342 val_accuracy=0.5164 val_macro_f1=0.4124 val_macro_auc=0.6041 (checkpoint_metric=macro_auc) [new best]
2026-09-16 22:36:05,241 INFO train epoch 4/100 batch 13/66 (20%) running_loss=1.0623
2026-09-16 22:36:07,161 INFO train epoch 4/100 batch 26/66 (39%) running_loss=1.0645
2026-09-16 22:36:09,057 INFO train epoch 4/100 batch 39/66 (59%) running_loss=1.0670
2026-09-16 22:36:10,939 INFO train epoch 4/100 batch 52/66 (79%) running_loss=1.0670
2026-09-16 22:36:12,796 INFO train epoch 4/100 batch 65/66 (98%) running_loss=1.0580
2026-09-16 22:36:12,943 INFO train epoch 4/100 batch 66/66 (100%) running_loss=1.0580
2026-09-16 22:36:15,278 INFO epoch 4/100 done: train_loss=1.0580 val_loss=0.9946 val_accuracy=0.5861 val_macro_f1=0.4779 val_macro_auc=0.6783 (checkpoint_metric=macro_auc) [new best]
2026-09-16 22:36:17,709 INFO train epoch 5/100 batch 13/66 (20%) running_loss=1.0466
2026-09-16 22:36:19,640 INFO train epoch 5/100 batch 26/66 (39%) running_loss=1.0377
2026-09-16 22:36:21,534 INFO train epoch 5/100 batch 39/66 (59%) running_loss=1.0304
2026-09-16 22:36:23,402 INFO train epoch 5/100 batch 52/66 (79%) running_loss=1.0333
2026-09-16 22:36:25,264 INFO train epoch 5/100 batch 65/66 (98%) running_loss=1.0371
2026-09-16 22:36:25,411 INFO train epoch 5/100 batch 66/66 (100%) running_loss=1.0367
2026-09-16 22:36:28,055 INFO epoch 5/100 done: train_loss=1.0367 val_loss=0.9734 val_accuracy=0.6107 val_macro_f1=0.4727 val_macro_auc=0.6915 (checkpoint_metric=macro_auc) [new best]
2026-09-16 22:36:30,421 INFO train epoch 6/100 batch 13/66 (20%) running_loss=1.0314
2026-09-16 22:36:32,342 INFO train epoch 6/100 batch 26/66 (39%) running_loss=1.0267
2026-09-16 22:36:34,421 INFO train epoch 6/100 batch 39/66 (59%) running_loss=1.0287
2026-09-16 22:36:36,305 INFO train epoch 6/100 batch 52/66 (79%) running_loss=1.0294
2026-09-16 22:36:38,126 INFO train epoch 6/100 batch 65/66 (98%) running_loss=1.0240
2026-09-16 22:36:38,270 INFO train epoch 6/100 batch 66/66 (100%) running_loss=1.0236
2026-09-16 22:36:40,695 INFO epoch 6/100 done: train_loss=1.0236 val_loss=0.9312 val_accuracy=0.6701 val_macro_f1=0.4977 val_macro_auc=0.7470 (checkpoint_metric=macro_auc) [new best]
2026-09-16 22:36:43,049 INFO train epoch 7/100 batch 13/66 (20%) running_loss=0.9944
2026-09-16 22:36:44,916 INFO train epoch 7/100 batch 26/66 (39%) running_loss=1.0031
2026-09-16 22:36:46,793 INFO train epoch 7/100 batch 39/66 (59%) running_loss=1.0060
2026-09-16 22:36:48,692 INFO train epoch 7/100 batch 52/66 (79%) running_loss=1.0027
2026-09-16 22:36:50,562 INFO train epoch 7/100 batch 65/66 (98%) running_loss=1.0017
2026-09-16 22:36:50,711 INFO train epoch 7/100 batch 66/66 (100%) running_loss=1.0015
2026-09-16 22:36:53,086 INFO epoch 7/100 done: train_loss=1.0015 val_loss=0.9130 val_accuracy=0.6783 val_macro_f1=0.5077 val_macro_auc=0.7395 (checkpoint_metric=macro_auc) [new best]
2026-09-16 22:36:55,568 INFO train epoch 8/100 batch 13/66 (20%) running_loss=0.9874
2026-09-16 22:36:57,445 INFO train epoch 8/100 batch 26/66 (39%) running_loss=0.9854
2026-09-16 22:36:59,309 INFO train epoch 8/100 batch 39/66 (59%) running_loss=0.9766
2026-09-16 22:37:01,156 INFO train epoch 8/100 batch 52/66 (79%) running_loss=0.9772
2026-09-16 22:37:03,020 INFO train epoch 8/100 batch 65/66 (98%) running_loss=0.9780
2026-09-16 22:37:03,168 INFO train epoch 8/100 batch 66/66 (100%) running_loss=0.9776
2026-09-16 22:37:05,974 INFO epoch 8/100 done: train_loss=0.9776 val_loss=0.8855 val_accuracy=0.6660 val_macro_f1=0.4864 val_macro_auc=0.7556 (checkpoint_metric=macro_auc) [new best]
2026-09-16 22:37:08,352 INFO train epoch 9/100 batch 13/66 (20%) running_loss=0.9764
2026-09-16 22:37:10,238 INFO train epoch 9/100 batch 26/66 (39%) running_loss=0.9757
2026-09-16 22:37:12,119 INFO train epoch 9/100 batch 39/66 (59%) running_loss=0.9754
2026-09-16 22:37:13,992 INFO train epoch 9/100 batch 52/66 (79%) running_loss=0.9691
2026-09-16 22:37:15,854 INFO train epoch 9/100 batch 65/66 (98%) running_loss=0.9574
2026-09-16 22:37:16,001 INFO train epoch 9/100 batch 66/66 (100%) running_loss=0.9565
2026-09-16 22:37:18,404 INFO epoch 9/100 done: train_loss=0.9565 val_loss=0.8460 val_accuracy=0.7029 val_macro_f1=0.5371 val_macro_auc=0.8027 (checkpoint_metric=macro_auc) [new best]
2026-09-16 22:37:20,804 INFO train epoch 10/100 batch 13/66 (20%) running_loss=0.9312
2026-09-16 22:37:22,687 INFO train epoch 10/100 batch 26/66 (39%) running_loss=0.9336
2026-09-16 22:37:24,580 INFO train epoch 10/100 batch 39/66 (59%) running_loss=0.9269
2026-09-16 22:37:26,473 INFO train epoch 10/100 batch 52/66 (79%) running_loss=0.9205
2026-09-16 22:37:28,343 INFO train epoch 10/100 batch 65/66 (98%) running_loss=0.9220
2026-09-16 22:37:28,491 INFO train epoch 10/100 batch 66/66 (100%) running_loss=0.9225
2026-09-16 22:37:30,885 INFO epoch 10/100 done: train_loss=0.9225 val_loss=0.7933 val_accuracy=0.7295 val_macro_f1=0.5573 val_macro_auc=0.8223 (checkpoint_metric=macro_auc) [new best]
2026-09-16 22:37:33,267 INFO train epoch 11/100 batch 13/66 (20%) running_loss=0.8694
2026-09-16 22:37:35,116 INFO train epoch 11/100 batch 26/66 (39%) running_loss=0.8896
2026-09-16 22:37:36,962 INFO train epoch 11/100 batch 39/66 (59%) running_loss=0.8953
2026-09-16 22:37:38,816 INFO train epoch 11/100 batch 52/66 (79%) running_loss=0.8919
2026-09-16 22:37:40,686 INFO train epoch 11/100 batch 65/66 (98%) running_loss=0.8796
2026-09-16 22:37:40,835 INFO train epoch 11/100 batch 66/66 (100%) running_loss=0.8790
2026-09-16 22:37:43,683 INFO epoch 11/100 done: train_loss=0.8790 val_loss=0.7168 val_accuracy=0.7561 val_macro_f1=0.5584 val_macro_auc=0.8484 (checkpoint_metric=macro_auc) [new best]
2026-09-16 22:37:46,001 INFO train epoch 12/100 batch 13/66 (20%) running_loss=0.8443
2026-09-16 22:37:47,901 INFO train epoch 12/100 batch 26/66 (39%) running_loss=0.8344
2026-09-16 22:37:49,798 INFO train epoch 12/100 batch 39/66 (59%) running_loss=0.8339
2026-09-16 22:37:51,696 INFO train epoch 12/100 batch 52/66 (79%) running_loss=0.8348
2026-09-16 22:37:53,570 INFO train epoch 12/100 batch 65/66 (98%) running_loss=0.8325
2026-09-16 22:37:53,718 INFO train epoch 12/100 batch 66/66 (100%) running_loss=0.8326
2026-09-16 22:37:56,157 INFO epoch 12/100 done: train_loss=0.8326 val_loss=0.7047 val_accuracy=0.7480 val_macro_f1=0.5659 val_macro_auc=0.8404 (checkpoint_metric=macro_auc) [new best]
2026-09-16 22:37:58,571 INFO train epoch 13/100 batch 13/66 (20%) running_loss=0.8002
2026-09-16 22:38:00,446 INFO train epoch 13/100 batch 26/66 (39%) running_loss=0.8022
2026-09-16 22:38:02,394 INFO train epoch 13/100 batch 39/66 (59%) running_loss=0.8032
2026-09-16 22:38:04,301 INFO train epoch 13/100 batch 52/66 (79%) running_loss=0.8028
2026-09-16 22:38:06,187 INFO train epoch 13/100 batch 65/66 (98%) running_loss=0.8026
2026-09-16 22:38:06,335 INFO train epoch 13/100 batch 66/66 (100%) running_loss=0.8021
2026-09-16 22:38:08,672 INFO epoch 13/100 done: train_loss=0.8021 val_loss=0.6337 val_accuracy=0.7766 val_macro_f1=0.5908 val_macro_auc=0.8772 (checkpoint_metric=macro_auc) [new best]
2026-09-16 22:38:11,083 INFO train epoch 14/100 batch 13/66 (20%) running_loss=0.7714
2026-09-16 22:38:12,978 INFO train epoch 14/100 batch 26/66 (39%) running_loss=0.7797
2026-09-16 22:38:14,894 INFO train epoch 14/100 batch 39/66 (59%) running_loss=0.7891
2026-09-16 22:38:16,783 INFO train epoch 14/100 batch 52/66 (79%) running_loss=0.7801
2026-09-16 22:38:18,656 INFO train epoch 14/100 batch 65/66 (98%) running_loss=0.7732
2026-09-16 22:38:18,805 INFO train epoch 14/100 batch 66/66 (100%) running_loss=0.7734
2026-09-16 22:38:21,596 INFO epoch 14/100 done: train_loss=0.7734 val_loss=0.5792 val_accuracy=0.7910 val_macro_f1=0.6073 val_macro_auc=0.9009 (checkpoint_metric=macro_auc) [new best]
2026-09-16 22:38:23,994 INFO train epoch 15/100 batch 13/66 (20%) running_loss=0.7335
2026-09-16 22:38:25,911 INFO train epoch 15/100 batch 26/66 (39%) running_loss=0.7362
2026-09-16 22:38:27,835 INFO train epoch 15/100 batch 39/66 (59%) running_loss=0.7252
2026-09-16 22:38:29,828 INFO train epoch 15/100 batch 52/66 (79%) running_loss=0.7209
2026-09-16 22:38:31,717 INFO train epoch 15/100 batch 65/66 (98%) running_loss=0.7212
2026-09-16 22:38:31,864 INFO train epoch 15/100 batch 66/66 (100%) running_loss=0.7208
2026-09-16 22:38:34,246 INFO epoch 15/100 done: train_loss=0.7208 val_loss=0.5396 val_accuracy=0.8176 val_macro_f1=0.6916 val_macro_auc=0.9160 (checkpoint_metric=macro_auc) [new best]
2026-09-16 22:38:36,662 INFO train epoch 16/100 batch 13/66 (20%) running_loss=0.6968
2026-09-16 22:38:38,595 INFO train epoch 16/100 batch 26/66 (39%) running_loss=0.7251
2026-09-16 22:38:40,510 INFO train epoch 16/100 batch 39/66 (59%) running_loss=0.7130
2026-09-16 22:38:42,405 INFO train epoch 16/100 batch 52/66 (79%) running_loss=0.7089
2026-09-16 22:38:44,289 INFO train epoch 16/100 batch 65/66 (98%) running_loss=0.7011
2026-09-16 22:38:44,437 INFO train epoch 16/100 batch 66/66 (100%) running_loss=0.7012
2026-09-16 22:38:47,160 INFO epoch 16/100 done: train_loss=0.7012 val_loss=0.5257 val_accuracy=0.8279 val_macro_f1=0.7223 val_macro_auc=0.9219 (checkpoint_metric=macro_auc) [new best]
2026-09-16 22:38:49,709 INFO train epoch 17/100 batch 13/66 (20%) running_loss=0.6582
2026-09-16 22:38:51,605 INFO train epoch 17/100 batch 26/66 (39%) running_loss=0.6826
2026-09-16 22:38:53,547 INFO train epoch 17/100 batch 39/66 (59%) running_loss=0.6817
2026-09-16 22:38:55,440 INFO train epoch 17/100 batch 52/66 (79%) running_loss=0.6799
2026-09-16 22:38:57,316 INFO train epoch 17/100 batch 65/66 (98%) running_loss=0.6797
2026-09-16 22:38:57,463 INFO train epoch 17/100 batch 66/66 (100%) running_loss=0.6789
2026-09-16 22:38:59,885 INFO epoch 17/100 done: train_loss=0.6789 val_loss=0.4485 val_accuracy=0.8586 val_macro_f1=0.7689 val_macro_auc=0.9461 (checkpoint_metric=macro_auc) [new best]
2026-09-16 22:39:02,254 INFO train epoch 18/100 batch 13/66 (20%) running_loss=0.6431
2026-09-16 22:39:04,171 INFO train epoch 18/100 batch 26/66 (39%) running_loss=0.6616
2026-09-16 22:39:06,096 INFO train epoch 18/100 batch 39/66 (59%) running_loss=0.6504
2026-09-16 22:39:08,017 INFO train epoch 18/100 batch 52/66 (79%) running_loss=0.6439
2026-09-16 22:39:09,900 INFO train epoch 18/100 batch 65/66 (98%) running_loss=0.6450
2026-09-16 22:39:10,063 INFO train epoch 18/100 batch 66/66 (100%) running_loss=0.6450
2026-09-16 22:39:12,675 INFO epoch 18/100 done: train_loss=0.6450 val_loss=0.4400 val_accuracy=0.8668 val_macro_f1=0.8143 val_macro_auc=0.9471 (checkpoint_metric=macro_auc) [new best]
2026-09-16 22:39:15,077 INFO train epoch 19/100 batch 13/66 (20%) running_loss=0.6623
2026-09-16 22:39:16,962 INFO train epoch 19/100 batch 26/66 (39%) running_loss=0.6405
2026-09-16 22:39:18,844 INFO train epoch 19/100 batch 39/66 (59%) running_loss=0.6386
2026-09-16 22:39:20,718 INFO train epoch 19/100 batch 52/66 (79%) running_loss=0.6236
2026-09-16 22:39:22,588 INFO train epoch 19/100 batch 65/66 (98%) running_loss=0.6188
2026-09-16 22:39:22,738 INFO train epoch 19/100 batch 66/66 (100%) running_loss=0.6186
2026-09-16 22:39:25,497 INFO epoch 19/100 done: train_loss=0.6186 val_loss=0.3737 val_accuracy=0.8914 val_macro_f1=0.8460 val_macro_auc=0.9625 (checkpoint_metric=macro_auc) [new best]
2026-09-16 22:39:27,868 INFO train epoch 20/100 batch 13/66 (20%) running_loss=0.6021
2026-09-16 22:39:29,740 INFO train epoch 20/100 batch 26/66 (39%) running_loss=0.6136
2026-09-16 22:39:31,610 INFO train epoch 20/100 batch 39/66 (59%) running_loss=0.6082
2026-09-16 22:39:33,480 INFO train epoch 20/100 batch 52/66 (79%) running_loss=0.6004
2026-09-16 22:39:35,338 INFO train epoch 20/100 batch 65/66 (98%) running_loss=0.5963
2026-09-16 22:39:35,486 INFO train epoch 20/100 batch 66/66 (100%) running_loss=0.5960
2026-09-16 22:39:37,846 INFO epoch 20/100 done: train_loss=0.5960 val_loss=0.3577 val_accuracy=0.8914 val_macro_f1=0.8412 val_macro_auc=0.9631 (checkpoint_metric=macro_auc) [new best]
2026-09-16 22:39:40,240 INFO train epoch 21/100 batch 13/66 (20%) running_loss=0.5801
2026-09-16 22:39:42,101 INFO train epoch 21/100 batch 26/66 (39%) running_loss=0.5674
2026-09-16 22:39:43,985 INFO train epoch 21/100 batch 39/66 (59%) running_loss=0.5620
2026-09-16 22:39:45,856 INFO train epoch 21/100 batch 52/66 (79%) running_loss=0.5599
2026-09-16 22:39:47,728 INFO train epoch 21/100 batch 65/66 (98%) running_loss=0.5560
2026-09-16 22:39:47,877 INFO train epoch 21/100 batch 66/66 (100%) running_loss=0.5568
2026-09-16 22:39:50,276 INFO epoch 21/100 done: train_loss=0.5568 val_loss=0.3453 val_accuracy=0.8893 val_macro_f1=0.8514 val_macro_auc=0.9684 (checkpoint_metric=macro_auc) [new best]
2026-09-16 22:39:52,685 INFO train epoch 22/100 batch 13/66 (20%) running_loss=0.5631
2026-09-16 22:39:54,585 INFO train epoch 22/100 batch 26/66 (39%) running_loss=0.5458
2026-09-16 22:39:56,467 INFO train epoch 22/100 batch 39/66 (59%) running_loss=0.5365
2026-09-16 22:39:58,366 INFO train epoch 22/100 batch 52/66 (79%) running_loss=0.5257
2026-09-16 22:40:00,243 INFO train epoch 22/100 batch 65/66 (98%) running_loss=0.5167
2026-09-16 22:40:00,390 INFO train epoch 22/100 batch 66/66 (100%) running_loss=0.5181
2026-09-16 22:40:02,743 INFO epoch 22/100 done: train_loss=0.5181 val_loss=0.2928 val_accuracy=0.9078 val_macro_f1=0.8745 val_macro_auc=0.9771 (checkpoint_metric=macro_auc) [new best]
2026-09-16 22:40:05,182 INFO train epoch 23/100 batch 13/66 (20%) running_loss=0.5120
2026-09-16 22:40:07,079 INFO train epoch 23/100 batch 26/66 (39%) running_loss=0.5069
2026-09-16 22:40:08,979 INFO train epoch 23/100 batch 39/66 (59%) running_loss=0.5052
2026-09-16 22:40:10,859 INFO train epoch 23/100 batch 52/66 (79%) running_loss=0.5060
2026-09-16 22:40:12,760 INFO train epoch 23/100 batch 65/66 (98%) running_loss=0.5057
2026-09-16 22:40:12,909 INFO train epoch 23/100 batch 66/66 (100%) running_loss=0.5057
2026-09-16 22:40:15,308 INFO epoch 23/100 done: train_loss=0.5057 val_loss=0.2731 val_accuracy=0.9057 val_macro_f1=0.8733 val_macro_auc=0.9830 (checkpoint_metric=macro_auc) [new best]
2026-09-16 22:40:17,708 INFO train epoch 24/100 batch 13/66 (20%) running_loss=0.4854
2026-09-16 22:40:19,589 INFO train epoch 24/100 batch 26/66 (39%) running_loss=0.4747
2026-09-16 22:40:21,486 INFO train epoch 24/100 batch 39/66 (59%) running_loss=0.4686
2026-09-16 22:40:23,385 INFO train epoch 24/100 batch 52/66 (79%) running_loss=0.4721
2026-09-16 22:40:25,266 INFO train epoch 24/100 batch 65/66 (98%) running_loss=0.4756
2026-09-16 22:40:25,413 INFO train epoch 24/100 batch 66/66 (100%) running_loss=0.4760
2026-09-16 22:40:27,829 INFO epoch 24/100 done: train_loss=0.4760 val_loss=0.2653 val_accuracy=0.9221 val_macro_f1=0.8963 val_macro_auc=0.9870 (checkpoint_metric=macro_auc) [new best]
2026-09-16 22:40:30,249 INFO train epoch 25/100 batch 13/66 (20%) running_loss=0.4591
2026-09-16 22:40:32,148 INFO train epoch 25/100 batch 26/66 (39%) running_loss=0.4731
2026-09-16 22:40:34,033 INFO train epoch 25/100 batch 39/66 (59%) running_loss=0.4683
2026-09-16 22:40:35,910 INFO train epoch 25/100 batch 52/66 (79%) running_loss=0.4615
2026-09-16 22:40:37,760 INFO train epoch 25/100 batch 65/66 (98%) running_loss=0.4603
2026-09-16 22:40:37,907 INFO train epoch 25/100 batch 66/66 (100%) running_loss=0.4602
2026-09-16 22:40:40,253 INFO epoch 25/100 done: train_loss=0.4602 val_loss=0.2367 val_accuracy=0.9324 val_macro_f1=0.9093 val_macro_auc=0.9888 (checkpoint_metric=macro_auc) [new best]
2026-09-16 22:40:42,587 INFO train epoch 26/100 batch 13/66 (20%) running_loss=0.4334
2026-09-16 22:40:44,665 INFO train epoch 26/100 batch 26/66 (39%) running_loss=0.4454
2026-09-16 22:40:46,556 INFO train epoch 26/100 batch 39/66 (59%) running_loss=0.4452
2026-09-16 22:40:48,433 INFO train epoch 26/100 batch 52/66 (79%) running_loss=0.4324
2026-09-16 22:40:50,305 INFO train epoch 26/100 batch 65/66 (98%) running_loss=0.4345
2026-09-16 22:40:50,451 INFO train epoch 26/100 batch 66/66 (100%) running_loss=0.4340
2026-09-16 22:40:52,861 INFO epoch 26/100 done: train_loss=0.4340 val_loss=0.2559 val_accuracy=0.9057 val_macro_f1=0.8763 val_macro_auc=0.9864 (checkpoint_metric=macro_auc) [new best]
2026-09-16 22:40:55,243 INFO train epoch 27/100 batch 13/66 (20%) running_loss=0.4606
2026-09-16 22:40:57,134 INFO train epoch 27/100 batch 26/66 (39%) running_loss=0.4454
2026-09-16 22:40:59,032 INFO train epoch 27/100 batch 39/66 (59%) running_loss=0.4273
2026-09-16 22:41:00,920 INFO train epoch 27/100 batch 52/66 (79%) running_loss=0.4236
2026-09-16 22:41:02,779 INFO train epoch 27/100 batch 65/66 (98%) running_loss=0.4268
2026-09-16 22:41:02,923 INFO train epoch 27/100 batch 66/66 (100%) running_loss=0.4283
2026-09-16 22:41:05,279 INFO epoch 27/100 done: train_loss=0.4283 val_loss=0.2498 val_accuracy=0.9324 val_macro_f1=0.9113 val_macro_auc=0.9874 (checkpoint_metric=macro_auc) [new best]
2026-09-16 22:41:07,759 INFO train epoch 28/100 batch 13/66 (20%) running_loss=0.4008
2026-09-16 22:41:09,664 INFO train epoch 28/100 batch 26/66 (39%) running_loss=0.3985
2026-09-16 22:41:11,537 INFO train epoch 28/100 batch 39/66 (59%) running_loss=0.3976
2026-09-16 22:41:13,429 INFO train epoch 28/100 batch 52/66 (79%) running_loss=0.4020
2026-09-16 22:41:15,287 INFO train epoch 28/100 batch 65/66 (98%) running_loss=0.4080
2026-09-16 22:41:15,432 INFO train epoch 28/100 batch 66/66 (100%) running_loss=0.4084
2026-09-16 22:41:16,669 INFO epoch 28/100 done: train_loss=0.4084 val_loss=0.2252 val_accuracy=0.9303 val_macro_f1=0.9035 val_macro_auc=0.9873 (checkpoint_metric=macro_auc)
2026-09-16 22:41:19,092 INFO train epoch 29/100 batch 13/66 (20%) running_loss=0.3871
2026-09-16 22:41:20,994 INFO train epoch 29/100 batch 26/66 (39%) running_loss=0.3971
2026-09-16 22:41:22,865 INFO train epoch 29/100 batch 39/66 (59%) running_loss=0.3919
2026-09-16 22:41:24,772 INFO train epoch 29/100 batch 52/66 (79%) running_loss=0.3981
2026-09-16 22:41:26,638 INFO train epoch 29/100 batch 65/66 (98%) running_loss=0.3988
2026-09-16 22:41:26,784 INFO train epoch 29/100 batch 66/66 (100%) running_loss=0.3992
2026-09-16 22:41:29,169 INFO epoch 29/100 done: train_loss=0.3992 val_loss=0.2454 val_accuracy=0.9324 val_macro_f1=0.9113 val_macro_auc=0.9897 (checkpoint_metric=macro_auc) [new best]
2026-09-16 22:41:31,539 INFO train epoch 30/100 batch 13/66 (20%) running_loss=0.4126
2026-09-16 22:41:33,476 INFO train epoch 30/100 batch 26/66 (39%) running_loss=0.3960
2026-09-16 22:41:35,367 INFO train epoch 30/100 batch 39/66 (59%) running_loss=0.4001
2026-09-16 22:41:37,279 INFO train epoch 30/100 batch 52/66 (79%) running_loss=0.3966
2026-09-16 22:41:39,136 INFO train epoch 30/100 batch 65/66 (98%) running_loss=0.3956
2026-09-16 22:41:39,286 INFO train epoch 30/100 batch 66/66 (100%) running_loss=0.3955
2026-09-16 22:41:41,677 INFO epoch 30/100 done: train_loss=0.3955 val_loss=0.2318 val_accuracy=0.9406 val_macro_f1=0.9199 val_macro_auc=0.9893 (checkpoint_metric=macro_auc) [new best]
2026-09-16 22:41:44,111 INFO train epoch 31/100 batch 13/66 (20%) running_loss=0.3830
2026-09-16 22:41:46,008 INFO train epoch 31/100 batch 26/66 (39%) running_loss=0.3933
2026-09-16 22:41:47,988 INFO train epoch 31/100 batch 39/66 (59%) running_loss=0.3864
2026-09-16 22:41:50,031 INFO train epoch 31/100 batch 52/66 (79%) running_loss=0.3795
2026-09-16 22:41:51,979 INFO train epoch 31/100 batch 65/66 (98%) running_loss=0.3800
2026-09-16 22:41:52,130 INFO train epoch 31/100 batch 66/66 (100%) running_loss=0.3801
2026-09-16 22:41:53,414 INFO epoch 31/100 done: train_loss=0.3801 val_loss=0.2388 val_accuracy=0.9344 val_macro_f1=0.9099 val_macro_auc=0.9871 (checkpoint_metric=macro_auc)
2026-09-16 22:41:55,811 INFO train epoch 32/100 batch 13/66 (20%) running_loss=0.3677
2026-09-16 22:41:57,725 INFO train epoch 32/100 batch 26/66 (39%) running_loss=0.3673
2026-09-16 22:41:59,754 INFO train epoch 32/100 batch 39/66 (59%) running_loss=0.3706
2026-09-16 22:42:01,801 INFO train epoch 32/100 batch 52/66 (79%) running_loss=0.3720
2026-09-16 22:42:03,731 INFO train epoch 32/100 batch 65/66 (98%) running_loss=0.3708
2026-09-16 22:42:03,880 INFO train epoch 32/100 batch 66/66 (100%) running_loss=0.3702
2026-09-16 22:42:05,098 INFO epoch 32/100 done: train_loss=0.3702 val_loss=0.2402 val_accuracy=0.9221 val_macro_f1=0.8960 val_macro_auc=0.9878 (checkpoint_metric=macro_auc)
2026-09-16 22:42:07,512 INFO train epoch 33/100 batch 13/66 (20%) running_loss=0.3693
2026-09-16 22:42:09,426 INFO train epoch 33/100 batch 26/66 (39%) running_loss=0.3774
2026-09-16 22:42:11,365 INFO train epoch 33/100 batch 39/66 (59%) running_loss=0.3710
2026-09-16 22:42:13,321 INFO train epoch 33/100 batch 52/66 (79%) running_loss=0.3671
2026-09-16 22:42:15,254 INFO train epoch 33/100 batch 65/66 (98%) running_loss=0.3683
2026-09-16 22:42:15,400 INFO train epoch 33/100 batch 66/66 (100%) running_loss=0.3679
2026-09-16 22:42:16,607 INFO epoch 33/100 done: train_loss=0.3679 val_loss=0.2466 val_accuracy=0.9283 val_macro_f1=0.9033 val_macro_auc=0.9859 (checkpoint_metric=macro_auc)
2026-09-16 22:42:18,989 INFO train epoch 34/100 batch 13/66 (20%) running_loss=0.3621
2026-09-16 22:42:20,853 INFO train epoch 34/100 batch 26/66 (39%) running_loss=0.3633
2026-09-16 22:42:22,723 INFO train epoch 34/100 batch 39/66 (59%) running_loss=0.3670
2026-09-16 22:42:24,607 INFO train epoch 34/100 batch 52/66 (79%) running_loss=0.3668
2026-09-16 22:42:26,473 INFO train epoch 34/100 batch 65/66 (98%) running_loss=0.3676
2026-09-16 22:42:26,623 INFO train epoch 34/100 batch 66/66 (100%) running_loss=0.3677
2026-09-16 22:42:27,890 INFO epoch 34/100 done: train_loss=0.3677 val_loss=0.2148 val_accuracy=0.9303 val_macro_f1=0.9072 val_macro_auc=0.9901 (checkpoint_metric=macro_auc)
2026-09-16 22:42:30,241 INFO train epoch 35/100 batch 13/66 (20%) running_loss=0.3541
2026-09-16 22:42:32,094 INFO train epoch 35/100 batch 26/66 (39%) running_loss=0.3490
2026-09-16 22:42:33,929 INFO train epoch 35/100 batch 39/66 (59%) running_loss=0.3552
2026-09-16 22:42:35,770 INFO train epoch 35/100 batch 52/66 (79%) running_loss=0.3539
2026-09-16 22:42:37,622 INFO train epoch 35/100 batch 65/66 (98%) running_loss=0.3567
2026-09-16 22:42:37,772 INFO train epoch 35/100 batch 66/66 (100%) running_loss=0.3564
2026-09-16 22:42:39,035 INFO epoch 35/100 done: train_loss=0.3564 val_loss=0.2227 val_accuracy=0.9324 val_macro_f1=0.9070 val_macro_auc=0.9892 (checkpoint_metric=macro_auc)
2026-09-16 22:42:41,437 INFO train epoch 36/100 batch 13/66 (20%) running_loss=0.3473
2026-09-16 22:42:43,357 INFO train epoch 36/100 batch 26/66 (39%) running_loss=0.3571
2026-09-16 22:42:45,254 INFO train epoch 36/100 batch 39/66 (59%) running_loss=0.3527
2026-09-16 22:42:47,146 INFO train epoch 36/100 batch 52/66 (79%) running_loss=0.3536
2026-09-16 22:42:49,020 INFO train epoch 36/100 batch 65/66 (98%) running_loss=0.3490
2026-09-16 22:42:49,168 INFO train epoch 36/100 batch 66/66 (100%) running_loss=0.3488
2026-09-16 22:42:51,614 INFO epoch 36/100 done: train_loss=0.3488 val_loss=0.2306 val_accuracy=0.9365 val_macro_f1=0.9137 val_macro_auc=0.9889 (checkpoint_metric=macro_auc) [new best]
2026-09-16 22:42:53,981 INFO train epoch 37/100 batch 13/66 (20%) running_loss=0.3384
2026-09-16 22:42:55,855 INFO train epoch 37/100 batch 26/66 (39%) running_loss=0.3439
2026-09-16 22:42:57,727 INFO train epoch 37/100 batch 39/66 (59%) running_loss=0.3444
2026-09-16 22:42:59,610 INFO train epoch 37/100 batch 52/66 (79%) running_loss=0.3431
2026-09-16 22:43:01,480 INFO train epoch 37/100 batch 65/66 (98%) running_loss=0.3447
2026-09-16 22:43:01,627 INFO train epoch 37/100 batch 66/66 (100%) running_loss=0.3444
2026-09-16 22:43:02,888 INFO epoch 37/100 done: train_loss=0.3444 val_loss=0.2115 val_accuracy=0.9324 val_macro_f1=0.9068 val_macro_auc=0.9894 (checkpoint_metric=macro_auc)
2026-09-16 22:43:05,284 INFO train epoch 38/100 batch 13/66 (20%) running_loss=0.3502
2026-09-16 22:43:07,185 INFO train epoch 38/100 batch 26/66 (39%) running_loss=0.3439
2026-09-16 22:43:09,080 INFO train epoch 38/100 batch 39/66 (59%) running_loss=0.3435
2026-09-16 22:43:10,994 INFO train epoch 38/100 batch 52/66 (79%) running_loss=0.3417
2026-09-16 22:43:12,876 INFO train epoch 38/100 batch 65/66 (98%) running_loss=0.3407
2026-09-16 22:43:13,026 INFO train epoch 38/100 batch 66/66 (100%) running_loss=0.3407
2026-09-16 22:43:14,249 INFO epoch 38/100 done: train_loss=0.3407 val_loss=0.2103 val_accuracy=0.9385 val_macro_f1=0.9129 val_macro_auc=0.9878 (checkpoint_metric=macro_auc)
2026-09-16 22:43:16,605 INFO train epoch 39/100 batch 13/66 (20%) running_loss=0.3369
2026-09-16 22:43:18,488 INFO train epoch 39/100 batch 26/66 (39%) running_loss=0.3358
2026-09-16 22:43:20,404 INFO train epoch 39/100 batch 39/66 (59%) running_loss=0.3382
2026-09-16 22:43:22,316 INFO train epoch 39/100 batch 52/66 (79%) running_loss=0.3432
2026-09-16 22:43:24,191 INFO train epoch 39/100 batch 65/66 (98%) running_loss=0.3468
2026-09-16 22:43:24,341 INFO train epoch 39/100 batch 66/66 (100%) running_loss=0.3469
2026-09-16 22:43:25,629 INFO epoch 39/100 done: train_loss=0.3469 val_loss=0.2229 val_accuracy=0.9406 val_macro_f1=0.9161 val_macro_auc=0.9872 (checkpoint_metric=macro_auc)
2026-09-16 22:43:28,027 INFO train epoch 40/100 batch 13/66 (20%) running_loss=0.3359
2026-09-16 22:43:29,957 INFO train epoch 40/100 batch 26/66 (39%) running_loss=0.3406
2026-09-16 22:43:31,883 INFO train epoch 40/100 batch 39/66 (59%) running_loss=0.3415
2026-09-16 22:43:33,785 INFO train epoch 40/100 batch 52/66 (79%) running_loss=0.3432
2026-09-16 22:43:35,657 INFO train epoch 40/100 batch 65/66 (98%) running_loss=0.3405
2026-09-16 22:43:35,808 INFO train epoch 40/100 batch 66/66 (100%) running_loss=0.3406
2026-09-16 22:43:37,042 INFO epoch 40/100 done: train_loss=0.3406 val_loss=0.2214 val_accuracy=0.9406 val_macro_f1=0.9175 val_macro_auc=0.9870 (checkpoint_metric=macro_auc)
2026-09-16 22:43:39,635 INFO train epoch 41/100 batch 13/66 (20%) running_loss=0.3388
2026-09-16 22:43:41,555 INFO train epoch 41/100 batch 26/66 (39%) running_loss=0.3314
2026-09-16 22:43:43,471 INFO train epoch 41/100 batch 39/66 (59%) running_loss=0.3345
2026-09-16 22:43:45,383 INFO train epoch 41/100 batch 52/66 (79%) running_loss=0.3345
2026-09-16 22:43:47,256 INFO train epoch 41/100 batch 65/66 (98%) running_loss=0.3349
2026-09-16 22:43:47,405 INFO train epoch 41/100 batch 66/66 (100%) running_loss=0.3355
2026-09-16 22:43:48,671 INFO epoch 41/100 done: train_loss=0.3355 val_loss=0.2075 val_accuracy=0.9385 val_macro_f1=0.9137 val_macro_auc=0.9888 (checkpoint_metric=macro_auc)
2026-09-16 22:43:51,044 INFO train epoch 42/100 batch 13/66 (20%) running_loss=0.3296
2026-09-16 22:43:52,939 INFO train epoch 42/100 batch 26/66 (39%) running_loss=0.3300
2026-09-16 22:43:54,815 INFO train epoch 42/100 batch 39/66 (59%) running_loss=0.3328
2026-09-16 22:43:56,687 INFO train epoch 42/100 batch 52/66 (79%) running_loss=0.3360
2026-09-16 22:43:58,572 INFO train epoch 42/100 batch 65/66 (98%) running_loss=0.3405
2026-09-16 22:43:58,723 INFO train epoch 42/100 batch 66/66 (100%) running_loss=0.3408
2026-09-16 22:43:59,947 INFO epoch 42/100 done: train_loss=0.3408 val_loss=0.2105 val_accuracy=0.9365 val_macro_f1=0.9113 val_macro_auc=0.9885 (checkpoint_metric=macro_auc)
2026-09-16 22:44:02,311 INFO train epoch 43/100 batch 13/66 (20%) running_loss=0.3286
2026-09-16 22:44:04,182 INFO train epoch 43/100 batch 26/66 (39%) running_loss=0.3275
2026-09-16 22:44:06,048 INFO train epoch 43/100 batch 39/66 (59%) running_loss=0.3264
2026-09-16 22:44:07,971 INFO train epoch 43/100 batch 52/66 (79%) running_loss=0.3301
2026-09-16 22:44:09,852 INFO train epoch 43/100 batch 65/66 (98%) running_loss=0.3290
2026-09-16 22:44:10,000 INFO train epoch 43/100 batch 66/66 (100%) running_loss=0.3316
2026-09-16 22:44:11,261 INFO epoch 43/100 done: train_loss=0.3316 val_loss=0.2121 val_accuracy=0.9344 val_macro_f1=0.9103 val_macro_auc=0.9885 (checkpoint_metric=macro_auc)
2026-09-16 22:44:13,687 INFO train epoch 44/100 batch 13/66 (20%) running_loss=0.3261
2026-09-16 22:44:15,585 INFO train epoch 44/100 batch 26/66 (39%) running_loss=0.3280
2026-09-16 22:44:17,514 INFO train epoch 44/100 batch 39/66 (59%) running_loss=0.3290
2026-09-16 22:44:19,482 INFO train epoch 44/100 batch 52/66 (79%) running_loss=0.3297
2026-09-16 22:44:21,361 INFO train epoch 44/100 batch 65/66 (98%) running_loss=0.3329
2026-09-16 22:44:21,511 INFO train epoch 44/100 batch 66/66 (100%) running_loss=0.3329
2026-09-16 22:44:22,774 INFO epoch 44/100 done: train_loss=0.3329 val_loss=0.2132 val_accuracy=0.9406 val_macro_f1=0.9181 val_macro_auc=0.9890 (checkpoint_metric=macro_auc)
2026-09-16 22:44:25,191 INFO train epoch 45/100 batch 13/66 (20%) running_loss=0.3379
2026-09-16 22:44:27,081 INFO train epoch 45/100 batch 26/66 (39%) running_loss=0.3411
2026-09-16 22:44:29,018 INFO train epoch 45/100 batch 39/66 (59%) running_loss=0.3365
2026-09-16 22:44:31,008 INFO train epoch 45/100 batch 52/66 (79%) running_loss=0.3356
2026-09-16 22:44:32,908 INFO train epoch 45/100 batch 65/66 (98%) running_loss=0.3314
2026-09-16 22:44:33,062 INFO train epoch 45/100 batch 66/66 (100%) running_loss=0.3319
2026-09-16 22:44:34,338 INFO epoch 45/100 done: train_loss=0.3319 val_loss=0.2202 val_accuracy=0.9406 val_macro_f1=0.9175 val_macro_auc=0.9873 (checkpoint_metric=macro_auc)
2026-09-16 22:44:36,695 INFO train epoch 46/100 batch 13/66 (20%) running_loss=0.3320
2026-09-16 22:44:38,640 INFO train epoch 46/100 batch 26/66 (39%) running_loss=0.3366
2026-09-16 22:44:40,586 INFO train epoch 46/100 batch 39/66 (59%) running_loss=0.3310
2026-09-16 22:44:42,508 INFO train epoch 46/100 batch 52/66 (79%) running_loss=0.3287
2026-09-16 22:44:44,397 INFO train epoch 46/100 batch 65/66 (98%) running_loss=0.3273
2026-09-16 22:44:44,546 INFO train epoch 46/100 batch 66/66 (100%) running_loss=0.3273
2026-09-16 22:44:45,812 INFO epoch 46/100 done: train_loss=0.3273 val_loss=0.2246 val_accuracy=0.9385 val_macro_f1=0.9164 val_macro_auc=0.9874 (checkpoint_metric=macro_auc)
2026-09-16 22:44:48,229 INFO train epoch 47/100 batch 13/66 (20%) running_loss=0.3292
2026-09-16 22:44:50,220 INFO train epoch 47/100 batch 26/66 (39%) running_loss=0.3292
2026-09-16 22:44:52,118 INFO train epoch 47/100 batch 39/66 (59%) running_loss=0.3285
2026-09-16 22:44:54,013 INFO train epoch 47/100 batch 52/66 (79%) running_loss=0.3284
2026-09-16 22:44:55,890 INFO train epoch 47/100 batch 65/66 (98%) running_loss=0.3274
2026-09-16 22:44:56,039 INFO train epoch 47/100 batch 66/66 (100%) running_loss=0.3274
2026-09-16 22:44:57,303 INFO epoch 47/100 done: train_loss=0.3274 val_loss=0.2224 val_accuracy=0.9406 val_macro_f1=0.9175 val_macro_auc=0.9864 (checkpoint_metric=macro_auc)
2026-09-16 22:44:59,734 INFO train epoch 48/100 batch 13/66 (20%) running_loss=0.3291
2026-09-16 22:45:01,641 INFO train epoch 48/100 batch 26/66 (39%) running_loss=0.3279
2026-09-16 22:45:03,556 INFO train epoch 48/100 batch 39/66 (59%) running_loss=0.3342
2026-09-16 22:45:05,464 INFO train epoch 48/100 batch 52/66 (79%) running_loss=0.3324
2026-09-16 22:45:07,336 INFO train epoch 48/100 batch 65/66 (98%) running_loss=0.3295
2026-09-16 22:45:07,484 INFO train epoch 48/100 batch 66/66 (100%) running_loss=0.3292
2026-09-16 22:45:08,716 INFO epoch 48/100 done: train_loss=0.3292 val_loss=0.2172 val_accuracy=0.9344 val_macro_f1=0.9096 val_macro_auc=0.9881 (checkpoint_metric=macro_auc)
2026-09-16 22:45:11,135 INFO train epoch 49/100 batch 13/66 (20%) running_loss=0.3260
2026-09-16 22:45:13,032 INFO train epoch 49/100 batch 26/66 (39%) running_loss=0.3251
2026-09-16 22:45:14,930 INFO train epoch 49/100 batch 39/66 (59%) running_loss=0.3225
2026-09-16 22:45:16,828 INFO train epoch 49/100 batch 52/66 (79%) running_loss=0.3257
2026-09-16 22:45:18,737 INFO train epoch 49/100 batch 65/66 (98%) running_loss=0.3271
2026-09-16 22:45:18,884 INFO train epoch 49/100 batch 66/66 (100%) running_loss=0.3273
2026-09-16 22:45:20,103 INFO epoch 49/100 done: train_loss=0.3273 val_loss=0.2259 val_accuracy=0.9303 val_macro_f1=0.9064 val_macro_auc=0.9875 (checkpoint_metric=macro_auc)
2026-09-16 22:45:22,438 INFO train epoch 50/100 batch 13/66 (20%) running_loss=0.3178
2026-09-16 22:45:24,393 INFO train epoch 50/100 batch 26/66 (39%) running_loss=0.3191
2026-09-16 22:45:26,292 INFO train epoch 50/100 batch 39/66 (59%) running_loss=0.3215
2026-09-16 22:45:28,185 INFO train epoch 50/100 batch 52/66 (79%) running_loss=0.3259
2026-09-16 22:45:30,051 INFO train epoch 50/100 batch 65/66 (98%) running_loss=0.3254
2026-09-16 22:45:30,201 INFO train epoch 50/100 batch 66/66 (100%) running_loss=0.3252
2026-09-16 22:45:31,460 INFO epoch 50/100 done: train_loss=0.3252 val_loss=0.2268 val_accuracy=0.9324 val_macro_f1=0.9101 val_macro_auc=0.9881 (checkpoint_metric=macro_auc)
2026-09-16 22:45:33,897 INFO train epoch 51/100 batch 13/66 (20%) running_loss=0.3185
2026-09-16 22:45:35,787 INFO train epoch 51/100 batch 26/66 (39%) running_loss=0.3188
2026-09-16 22:45:37,667 INFO train epoch 51/100 batch 39/66 (59%) running_loss=0.3190
2026-09-16 22:45:39,577 INFO train epoch 51/100 batch 52/66 (79%) running_loss=0.3192
2026-09-16 22:45:41,442 INFO train epoch 51/100 batch 65/66 (98%) running_loss=0.3213
2026-09-16 22:45:41,590 INFO train epoch 51/100 batch 66/66 (100%) running_loss=0.3214
2026-09-16 22:45:42,819 INFO epoch 51/100 done: train_loss=0.3214 val_loss=0.2227 val_accuracy=0.9283 val_macro_f1=0.9060 val_macro_auc=0.9884 (checkpoint_metric=macro_auc)
2026-09-16 22:45:45,227 INFO train epoch 52/100 batch 13/66 (20%) running_loss=0.3254
2026-09-16 22:45:47,136 INFO train epoch 52/100 batch 26/66 (39%) running_loss=0.3222
2026-09-16 22:45:49,067 INFO train epoch 52/100 batch 39/66 (59%) running_loss=0.3248
2026-09-16 22:45:51,013 INFO train epoch 52/100 batch 52/66 (79%) running_loss=0.3252
2026-09-16 22:45:52,930 INFO train epoch 52/100 batch 65/66 (98%) running_loss=0.3248
2026-09-16 22:45:53,079 INFO train epoch 52/100 batch 66/66 (100%) running_loss=0.3255
2026-09-16 22:45:54,312 INFO epoch 52/100 done: train_loss=0.3255 val_loss=0.2281 val_accuracy=0.9344 val_macro_f1=0.9123 val_macro_auc=0.9875 (checkpoint_metric=macro_auc)
2026-09-16 22:45:56,691 INFO train epoch 53/100 batch 13/66 (20%) running_loss=0.3181
2026-09-16 22:45:58,635 INFO train epoch 53/100 batch 26/66 (39%) running_loss=0.3209
2026-09-16 22:46:00,587 INFO train epoch 53/100 batch 39/66 (59%) running_loss=0.3194
2026-09-16 22:46:02,500 INFO train epoch 53/100 batch 52/66 (79%) running_loss=0.3206
2026-09-16 22:46:04,417 INFO train epoch 53/100 batch 65/66 (98%) running_loss=0.3193
2026-09-16 22:46:04,567 INFO train epoch 53/100 batch 66/66 (100%) running_loss=0.3192
2026-09-16 22:46:05,849 INFO epoch 53/100 done: train_loss=0.3192 val_loss=0.2373 val_accuracy=0.9303 val_macro_f1=0.9071 val_macro_auc=0.9861 (checkpoint_metric=macro_auc)
2026-09-16 22:46:08,229 INFO train epoch 54/100 batch 13/66 (20%) running_loss=0.3251
2026-09-16 22:46:10,124 INFO train epoch 54/100 batch 26/66 (39%) running_loss=0.3208
2026-09-16 22:46:12,081 INFO train epoch 54/100 batch 39/66 (59%) running_loss=0.3204
2026-09-16 22:46:14,079 INFO train epoch 54/100 batch 52/66 (79%) running_loss=0.3191
2026-09-16 22:46:15,964 INFO train epoch 54/100 batch 65/66 (98%) running_loss=0.3216
2026-09-16 22:46:16,113 INFO train epoch 54/100 batch 66/66 (100%) running_loss=0.3215
2026-09-16 22:46:17,412 INFO epoch 54/100 done: train_loss=0.3215 val_loss=0.2098 val_accuracy=0.9406 val_macro_f1=0.9168 val_macro_auc=0.9872 (checkpoint_metric=macro_auc)
2026-09-16 22:46:19,787 INFO train epoch 55/100 batch 13/66 (20%) running_loss=0.3221
2026-09-16 22:46:21,709 INFO train epoch 55/100 batch 26/66 (39%) running_loss=0.3231
2026-09-16 22:46:23,594 INFO train epoch 55/100 batch 39/66 (59%) running_loss=0.3214
2026-09-16 22:46:25,503 INFO train epoch 55/100 batch 52/66 (79%) running_loss=0.3206
2026-09-16 22:46:27,393 INFO train epoch 55/100 batch 65/66 (98%) running_loss=0.3194
2026-09-16 22:46:27,542 INFO train epoch 55/100 batch 66/66 (100%) running_loss=0.3192
2026-09-16 22:46:28,846 INFO epoch 55/100 done: train_loss=0.3192 val_loss=0.2170 val_accuracy=0.9324 val_macro_f1=0.9080 val_macro_auc=0.9879 (checkpoint_metric=macro_auc)
2026-09-16 22:46:31,250 INFO train epoch 56/100 batch 13/66 (20%) running_loss=0.3159
2026-09-16 22:46:33,163 INFO train epoch 56/100 batch 26/66 (39%) running_loss=0.3247
2026-09-16 22:46:35,090 INFO train epoch 56/100 batch 39/66 (59%) running_loss=0.3241
2026-09-16 22:46:36,996 INFO train epoch 56/100 batch 52/66 (79%) running_loss=0.3219
2026-09-16 22:46:38,886 INFO train epoch 56/100 batch 65/66 (98%) running_loss=0.3212
2026-09-16 22:46:39,035 INFO train epoch 56/100 batch 66/66 (100%) running_loss=0.3210
2026-09-16 22:46:40,292 INFO epoch 56/100 done: train_loss=0.3210 val_loss=0.2357 val_accuracy=0.9344 val_macro_f1=0.9096 val_macro_auc=0.9853 (checkpoint_metric=macro_auc)
2026-09-16 22:46:42,650 INFO train epoch 57/100 batch 13/66 (20%) running_loss=0.3146
2026-09-16 22:46:44,560 INFO train epoch 57/100 batch 26/66 (39%) running_loss=0.3158
2026-09-16 22:46:46,469 INFO train epoch 57/100 batch 39/66 (59%) running_loss=0.3179
2026-09-16 22:46:48,389 INFO train epoch 57/100 batch 52/66 (79%) running_loss=0.3235
2026-09-16 22:46:50,303 INFO train epoch 57/100 batch 65/66 (98%) running_loss=0.3228
2026-09-16 22:46:50,452 INFO train epoch 57/100 batch 66/66 (100%) running_loss=0.3227
2026-09-16 22:46:51,740 INFO epoch 57/100 done: train_loss=0.3227 val_loss=0.2167 val_accuracy=0.9344 val_macro_f1=0.9096 val_macro_auc=0.9877 (checkpoint_metric=macro_auc)
2026-09-16 22:46:54,141 INFO train epoch 58/100 batch 13/66 (20%) running_loss=0.3180
2026-09-16 22:46:56,039 INFO train epoch 58/100 batch 26/66 (39%) running_loss=0.3166
2026-09-16 22:46:57,948 INFO train epoch 58/100 batch 39/66 (59%) running_loss=0.3163
2026-09-16 22:46:59,886 INFO train epoch 58/100 batch 52/66 (79%) running_loss=0.3166
2026-09-16 22:47:01,784 INFO train epoch 58/100 batch 65/66 (98%) running_loss=0.3178
2026-09-16 22:47:01,932 INFO train epoch 58/100 batch 66/66 (100%) running_loss=0.3179
2026-09-16 22:47:03,194 INFO epoch 58/100 done: train_loss=0.3179 val_loss=0.2165 val_accuracy=0.9385 val_macro_f1=0.9154 val_macro_auc=0.9875 (checkpoint_metric=macro_auc)
2026-09-16 22:47:05,616 INFO train epoch 59/100 batch 13/66 (20%) running_loss=0.3175
2026-09-16 22:47:07,515 INFO train epoch 59/100 batch 26/66 (39%) running_loss=0.3141
2026-09-16 22:47:09,620 INFO train epoch 59/100 batch 39/66 (59%) running_loss=0.3162
2026-09-16 22:47:11,542 INFO train epoch 59/100 batch 52/66 (79%) running_loss=0.3141
2026-09-16 22:47:13,454 INFO train epoch 59/100 batch 65/66 (98%) running_loss=0.3137
2026-09-16 22:47:13,602 INFO train epoch 59/100 batch 66/66 (100%) running_loss=0.3137
2026-09-16 22:47:14,867 INFO epoch 59/100 done: train_loss=0.3137 val_loss=0.2160 val_accuracy=0.9385 val_macro_f1=0.9147 val_macro_auc=0.9872 (checkpoint_metric=macro_auc)
2026-09-16 22:47:17,253 INFO train epoch 60/100 batch 13/66 (20%) running_loss=0.3119
2026-09-16 22:47:19,165 INFO train epoch 60/100 batch 26/66 (39%) running_loss=0.3116
2026-09-16 22:47:21,075 INFO train epoch 60/100 batch 39/66 (59%) running_loss=0.3122
2026-09-16 22:47:22,984 INFO train epoch 60/100 batch 52/66 (79%) running_loss=0.3125
2026-09-16 22:47:24,873 INFO train epoch 60/100 batch 65/66 (98%) running_loss=0.3124
2026-09-16 22:47:25,021 INFO train epoch 60/100 batch 66/66 (100%) running_loss=0.3126
2026-09-16 22:47:26,233 INFO epoch 60/100 done: train_loss=0.3126 val_loss=0.2266 val_accuracy=0.9344 val_macro_f1=0.9096 val_macro_auc=0.9865 (checkpoint_metric=macro_auc)
2026-09-16 22:47:28,629 INFO train epoch 61/100 batch 13/66 (20%) running_loss=0.3088
2026-09-16 22:47:30,536 INFO train epoch 61/100 batch 26/66 (39%) running_loss=0.3120
2026-09-16 22:47:32,439 INFO train epoch 61/100 batch 39/66 (59%) running_loss=0.3147
2026-09-16 22:47:34,349 INFO train epoch 61/100 batch 52/66 (79%) running_loss=0.3176
2026-09-16 22:47:36,221 INFO train epoch 61/100 batch 65/66 (98%) running_loss=0.3179
2026-09-16 22:47:36,368 INFO train epoch 61/100 batch 66/66 (100%) running_loss=0.3178
2026-09-16 22:47:37,626 INFO epoch 61/100 done: train_loss=0.3178 val_loss=0.2339 val_accuracy=0.9324 val_macro_f1=0.9097 val_macro_auc=0.9868 (checkpoint_metric=macro_auc)
2026-09-16 22:47:40,061 INFO train epoch 62/100 batch 13/66 (20%) running_loss=0.3156
2026-09-16 22:47:42,013 INFO train epoch 62/100 batch 26/66 (39%) running_loss=0.3149
2026-09-16 22:47:43,990 INFO train epoch 62/100 batch 39/66 (59%) running_loss=0.3146
2026-09-16 22:47:45,962 INFO train epoch 62/100 batch 52/66 (79%) running_loss=0.3162
2026-09-16 22:47:47,864 INFO train epoch 62/100 batch 65/66 (98%) running_loss=0.3154
2026-09-16 22:47:48,013 INFO train epoch 62/100 batch 66/66 (100%) running_loss=0.3153
2026-09-16 22:47:49,293 INFO epoch 62/100 done: train_loss=0.3153 val_loss=0.2377 val_accuracy=0.9242 val_macro_f1=0.8996 val_macro_auc=0.9860 (checkpoint_metric=macro_auc)
2026-09-16 22:47:51,711 INFO train epoch 63/100 batch 13/66 (20%) running_loss=0.3214
2026-09-16 22:47:53,600 INFO train epoch 63/100 batch 26/66 (39%) running_loss=0.3163
2026-09-16 22:47:55,492 INFO train epoch 63/100 batch 39/66 (59%) running_loss=0.3155
2026-09-16 22:47:57,375 INFO train epoch 63/100 batch 52/66 (79%) running_loss=0.3138
2026-09-16 22:47:59,278 INFO train epoch 63/100 batch 65/66 (98%) running_loss=0.3148
2026-09-16 22:47:59,427 INFO train epoch 63/100 batch 66/66 (100%) running_loss=0.3147
2026-09-16 22:48:00,637 INFO epoch 63/100 done: train_loss=0.3147 val_loss=0.2390 val_accuracy=0.9283 val_macro_f1=0.9041 val_macro_auc=0.9860 (checkpoint_metric=macro_auc)
2026-09-16 22:48:03,054 INFO train epoch 64/100 batch 13/66 (20%) running_loss=0.3170
2026-09-16 22:48:04,983 INFO train epoch 64/100 batch 26/66 (39%) running_loss=0.3165
2026-09-16 22:48:06,877 INFO train epoch 64/100 batch 39/66 (59%) running_loss=0.3170
2026-09-16 22:48:08,771 INFO train epoch 64/100 batch 52/66 (79%) running_loss=0.3213
2026-09-16 22:48:10,647 INFO train epoch 64/100 batch 65/66 (98%) running_loss=0.3190
2026-09-16 22:48:10,796 INFO train epoch 64/100 batch 66/66 (100%) running_loss=0.3188
2026-09-16 22:48:12,005 INFO epoch 64/100 done: train_loss=0.3188 val_loss=0.2101 val_accuracy=0.9406 val_macro_f1=0.9168 val_macro_auc=0.9871 (checkpoint_metric=macro_auc)
2026-09-16 22:48:14,386 INFO train epoch 65/100 batch 13/66 (20%) running_loss=0.3156
2026-09-16 22:48:16,268 INFO train epoch 65/100 batch 26/66 (39%) running_loss=0.3139
2026-09-16 22:48:18,159 INFO train epoch 65/100 batch 39/66 (59%) running_loss=0.3150
2026-09-16 22:48:20,028 INFO train epoch 65/100 batch 52/66 (79%) running_loss=0.3152
2026-09-16 22:48:21,881 INFO train epoch 65/100 batch 65/66 (98%) running_loss=0.3144
2026-09-16 22:48:22,028 INFO train epoch 65/100 batch 66/66 (100%) running_loss=0.3143
2026-09-16 22:48:23,236 INFO epoch 65/100 done: train_loss=0.3143 val_loss=0.2244 val_accuracy=0.9344 val_macro_f1=0.9107 val_macro_auc=0.9864 (checkpoint_metric=macro_auc)
2026-09-16 22:48:25,676 INFO train epoch 66/100 batch 13/66 (20%) running_loss=0.3096
2026-09-16 22:48:27,607 INFO train epoch 66/100 batch 26/66 (39%) running_loss=0.3108
2026-09-16 22:48:29,488 INFO train epoch 66/100 batch 39/66 (59%) running_loss=0.3101
2026-09-16 22:48:31,375 INFO train epoch 66/100 batch 52/66 (79%) running_loss=0.3103
2026-09-16 22:48:33,221 INFO train epoch 66/100 batch 65/66 (98%) running_loss=0.3137
2026-09-16 22:48:33,368 INFO train epoch 66/100 batch 66/66 (100%) running_loss=0.3138
2026-09-16 22:48:34,636 INFO epoch 66/100 done: train_loss=0.3138 val_loss=0.2008 val_accuracy=0.9447 val_macro_f1=0.9223 val_macro_auc=0.9877 (checkpoint_metric=macro_auc)
2026-09-16 22:48:36,988 INFO train epoch 67/100 batch 13/66 (20%) running_loss=0.3236
2026-09-16 22:48:38,869 INFO train epoch 67/100 batch 26/66 (39%) running_loss=0.3182
2026-09-16 22:48:40,743 INFO train epoch 67/100 batch 39/66 (59%) running_loss=0.3166
2026-09-16 22:48:42,623 INFO train epoch 67/100 batch 52/66 (79%) running_loss=0.3154
2026-09-16 22:48:44,495 INFO train epoch 67/100 batch 65/66 (98%) running_loss=0.3178
2026-09-16 22:48:44,643 INFO train epoch 67/100 batch 66/66 (100%) running_loss=0.3180
2026-09-16 22:48:45,880 INFO epoch 67/100 done: train_loss=0.3180 val_loss=0.2371 val_accuracy=0.9303 val_macro_f1=0.9068 val_macro_auc=0.9857 (checkpoint_metric=macro_auc)
2026-09-16 22:48:48,329 INFO train epoch 68/100 batch 13/66 (20%) running_loss=0.3260
2026-09-16 22:48:50,234 INFO train epoch 68/100 batch 26/66 (39%) running_loss=0.3225
2026-09-16 22:48:52,142 INFO train epoch 68/100 batch 39/66 (59%) running_loss=0.3182
2026-09-16 22:48:54,051 INFO train epoch 68/100 batch 52/66 (79%) running_loss=0.3167
2026-09-16 22:48:55,934 INFO train epoch 68/100 batch 65/66 (98%) running_loss=0.3146
2026-09-16 22:48:56,081 INFO train epoch 68/100 batch 66/66 (100%) running_loss=0.3148
2026-09-16 22:48:57,345 INFO epoch 68/100 done: train_loss=0.3148 val_loss=0.2062 val_accuracy=0.9467 val_macro_f1=0.9260 val_macro_auc=0.9875 (checkpoint_metric=macro_auc)
2026-09-16 22:48:59,751 INFO train epoch 69/100 batch 13/66 (20%) running_loss=0.3178
2026-09-16 22:49:01,661 INFO train epoch 69/100 batch 26/66 (39%) running_loss=0.3147
2026-09-16 22:49:03,570 INFO train epoch 69/100 batch 39/66 (59%) running_loss=0.3164
2026-09-16 22:49:05,479 INFO train epoch 69/100 batch 52/66 (79%) running_loss=0.3167
2026-09-16 22:49:07,354 INFO train epoch 69/100 batch 65/66 (98%) running_loss=0.3158
2026-09-16 22:49:07,502 INFO train epoch 69/100 batch 66/66 (100%) running_loss=0.3159
2026-09-16 22:49:08,725 INFO epoch 69/100 done: train_loss=0.3159 val_loss=0.2316 val_accuracy=0.9303 val_macro_f1=0.9061 val_macro_auc=0.9862 (checkpoint_metric=macro_auc)
2026-09-16 22:49:11,103 INFO train epoch 70/100 batch 13/66 (20%) running_loss=0.3093
2026-09-16 22:49:12,976 INFO train epoch 70/100 batch 26/66 (39%) running_loss=0.3088
2026-09-16 22:49:14,892 INFO train epoch 70/100 batch 39/66 (59%) running_loss=0.3090
2026-09-16 22:49:16,806 INFO train epoch 70/100 batch 52/66 (79%) running_loss=0.3086
2026-09-16 22:49:18,671 INFO train epoch 70/100 batch 65/66 (98%) running_loss=0.3116
2026-09-16 22:49:18,820 INFO train epoch 70/100 batch 66/66 (100%) running_loss=0.3115
2026-09-16 22:49:20,097 INFO epoch 70/100 done: train_loss=0.3115 val_loss=0.2135 val_accuracy=0.9385 val_macro_f1=0.9147 val_macro_auc=0.9874 (checkpoint_metric=macro_auc)
2026-09-16 22:49:22,526 INFO train epoch 71/100 batch 13/66 (20%) running_loss=0.3104
2026-09-16 22:49:24,458 INFO train epoch 71/100 batch 26/66 (39%) running_loss=0.3099
2026-09-16 22:49:26,371 INFO train epoch 71/100 batch 39/66 (59%) running_loss=0.3135
2026-09-16 22:49:28,258 INFO train epoch 71/100 batch 52/66 (79%) running_loss=0.3138
2026-09-16 22:49:30,127 INFO train epoch 71/100 batch 65/66 (98%) running_loss=0.3129
2026-09-16 22:49:30,275 INFO train epoch 71/100 batch 66/66 (100%) running_loss=0.3129
2026-09-16 22:49:31,584 INFO epoch 71/100 done: train_loss=0.3129 val_loss=0.2214 val_accuracy=0.9344 val_macro_f1=0.9117 val_macro_auc=0.9876 (checkpoint_metric=macro_auc)
2026-09-16 22:49:33,958 INFO train epoch 72/100 batch 13/66 (20%) running_loss=0.3119
2026-09-16 22:49:35,855 INFO train epoch 72/100 batch 26/66 (39%) running_loss=0.3136
2026-09-16 22:49:37,753 INFO train epoch 72/100 batch 39/66 (59%) running_loss=0.3129
2026-09-16 22:49:39,661 INFO train epoch 72/100 batch 52/66 (79%) running_loss=0.3149
2026-09-16 22:49:41,535 INFO train epoch 72/100 batch 65/66 (98%) running_loss=0.3160
2026-09-16 22:49:41,681 INFO train epoch 72/100 batch 66/66 (100%) running_loss=0.3165
2026-09-16 22:49:42,952 INFO epoch 72/100 done: train_loss=0.3165 val_loss=0.2506 val_accuracy=0.9180 val_macro_f1=0.8936 val_macro_auc=0.9866 (checkpoint_metric=macro_auc)
2026-09-16 22:49:45,355 INFO train epoch 73/100 batch 13/66 (20%) running_loss=0.3101
2026-09-16 22:49:47,255 INFO train epoch 73/100 batch 26/66 (39%) running_loss=0.3117
2026-09-16 22:49:49,132 INFO train epoch 73/100 batch 39/66 (59%) running_loss=0.3132
2026-09-16 22:49:51,017 INFO train epoch 73/100 batch 52/66 (79%) running_loss=0.3119
2026-09-16 22:49:52,873 INFO train epoch 73/100 batch 65/66 (98%) running_loss=0.3109
2026-09-16 22:49:53,020 INFO train epoch 73/100 batch 66/66 (100%) running_loss=0.3109
2026-09-16 22:49:54,265 INFO epoch 73/100 done: train_loss=0.3109 val_loss=0.2222 val_accuracy=0.9406 val_macro_f1=0.9188 val_macro_auc=0.9868 (checkpoint_metric=macro_auc)
2026-09-16 22:49:56,622 INFO train epoch 74/100 batch 13/66 (20%) running_loss=0.3123
2026-09-16 22:49:58,551 INFO train epoch 74/100 batch 26/66 (39%) running_loss=0.3120
2026-09-16 22:50:00,468 INFO train epoch 74/100 batch 39/66 (59%) running_loss=0.3111
2026-09-16 22:50:02,382 INFO train epoch 74/100 batch 52/66 (79%) running_loss=0.3128
2026-09-16 22:50:04,256 INFO train epoch 74/100 batch 65/66 (98%) running_loss=0.3129
2026-09-16 22:50:04,404 INFO train epoch 74/100 batch 66/66 (100%) running_loss=0.3129
2026-09-16 22:50:05,630 INFO epoch 74/100 done: train_loss=0.3129 val_loss=0.2159 val_accuracy=0.9344 val_macro_f1=0.9100 val_macro_auc=0.9869 (checkpoint_metric=macro_auc)
2026-09-16 22:50:08,012 INFO train epoch 75/100 batch 13/66 (20%) running_loss=0.3097
2026-09-16 22:50:09,902 INFO train epoch 75/100 batch 26/66 (39%) running_loss=0.3207
2026-09-16 22:50:11,777 INFO train epoch 75/100 batch 39/66 (59%) running_loss=0.3197
2026-09-16 22:50:13,661 INFO train epoch 75/100 batch 52/66 (79%) running_loss=0.3207
2026-09-16 22:50:15,569 INFO train epoch 75/100 batch 65/66 (98%) running_loss=0.3186
2026-09-16 22:50:15,717 INFO train epoch 75/100 batch 66/66 (100%) running_loss=0.3186
2026-09-16 22:50:16,937 INFO epoch 75/100 done: train_loss=0.3186 val_loss=0.2176 val_accuracy=0.9324 val_macro_f1=0.9087 val_macro_auc=0.9876 (checkpoint_metric=macro_auc)
2026-09-16 22:50:19,281 INFO train epoch 76/100 batch 13/66 (20%) running_loss=0.3176
2026-09-16 22:50:21,153 INFO train epoch 76/100 batch 26/66 (39%) running_loss=0.3165
2026-09-16 22:50:23,012 INFO train epoch 76/100 batch 39/66 (59%) running_loss=0.3124
2026-09-16 22:50:24,855 INFO train epoch 76/100 batch 52/66 (79%) running_loss=0.3121
2026-09-16 22:50:26,705 INFO train epoch 76/100 batch 65/66 (98%) running_loss=0.3113
2026-09-16 22:50:26,853 INFO train epoch 76/100 batch 66/66 (100%) running_loss=0.3114
2026-09-16 22:50:28,076 INFO epoch 76/100 done: train_loss=0.3114 val_loss=0.2314 val_accuracy=0.9303 val_macro_f1=0.9071 val_macro_auc=0.9869 (checkpoint_metric=macro_auc)
2026-09-16 22:50:30,510 INFO train epoch 77/100 batch 13/66 (20%) running_loss=0.3158
2026-09-16 22:50:32,453 INFO train epoch 77/100 batch 26/66 (39%) running_loss=0.3138
2026-09-16 22:50:34,360 INFO train epoch 77/100 batch 39/66 (59%) running_loss=0.3114
2026-09-16 22:50:36,479 INFO train epoch 77/100 batch 52/66 (79%) running_loss=0.3115
2026-09-16 22:50:38,347 INFO train epoch 77/100 batch 65/66 (98%) running_loss=0.3117
2026-09-16 22:50:38,495 INFO train epoch 77/100 batch 66/66 (100%) running_loss=0.3117
2026-09-16 22:50:39,719 INFO epoch 77/100 done: train_loss=0.3117 val_loss=0.2261 val_accuracy=0.9303 val_macro_f1=0.9054 val_macro_auc=0.9867 (checkpoint_metric=macro_auc)
2026-09-16 22:50:42,080 INFO train epoch 78/100 batch 13/66 (20%) running_loss=0.3096
2026-09-16 22:50:43,968 INFO train epoch 78/100 batch 26/66 (39%) running_loss=0.3099
2026-09-16 22:50:45,842 INFO train epoch 78/100 batch 39/66 (59%) running_loss=0.3079
2026-09-16 22:50:47,735 INFO train epoch 78/100 batch 52/66 (79%) running_loss=0.3102
2026-09-16 22:50:49,599 INFO train epoch 78/100 batch 65/66 (98%) running_loss=0.3139
2026-09-16 22:50:49,750 INFO train epoch 78/100 batch 66/66 (100%) running_loss=0.3139
2026-09-16 22:50:50,993 INFO epoch 78/100 done: train_loss=0.3139 val_loss=0.2165 val_accuracy=0.9324 val_macro_f1=0.9070 val_macro_auc=0.9869 (checkpoint_metric=macro_auc)
2026-09-16 22:50:53,359 INFO train epoch 79/100 batch 13/66 (20%) running_loss=0.3248
2026-09-16 22:50:55,252 INFO train epoch 79/100 batch 26/66 (39%) running_loss=0.3199
2026-09-16 22:50:57,144 INFO train epoch 79/100 batch 39/66 (59%) running_loss=0.3165
2026-09-16 22:50:59,043 INFO train epoch 79/100 batch 52/66 (79%) running_loss=0.3156
2026-09-16 22:51:00,934 INFO train epoch 79/100 batch 65/66 (98%) running_loss=0.3150
2026-09-16 22:51:01,083 INFO train epoch 79/100 batch 66/66 (100%) running_loss=0.3148
2026-09-16 22:51:02,291 INFO epoch 79/100 done: train_loss=0.3148 val_loss=0.2228 val_accuracy=0.9324 val_macro_f1=0.9070 val_macro_auc=0.9854 (checkpoint_metric=macro_auc)
2026-09-16 22:51:04,689 INFO train epoch 80/100 batch 13/66 (20%) running_loss=0.3048
2026-09-16 22:51:06,592 INFO train epoch 80/100 batch 26/66 (39%) running_loss=0.3060
2026-09-16 22:51:08,487 INFO train epoch 80/100 batch 39/66 (59%) running_loss=0.3101
2026-09-16 22:51:10,381 INFO train epoch 80/100 batch 52/66 (79%) running_loss=0.3092
2026-09-16 22:51:12,258 INFO train epoch 80/100 batch 65/66 (98%) running_loss=0.3097
2026-09-16 22:51:12,406 INFO train epoch 80/100 batch 66/66 (100%) running_loss=0.3097
2026-09-16 22:51:13,655 INFO epoch 80/100 done: train_loss=0.3097 val_loss=0.2019 val_accuracy=0.9447 val_macro_f1=0.9226 val_macro_auc=0.9882 (checkpoint_metric=macro_auc)
2026-09-16 22:51:16,108 INFO train epoch 81/100 batch 13/66 (20%) running_loss=0.3166
2026-09-16 22:51:17,994 INFO train epoch 81/100 batch 26/66 (39%) running_loss=0.3127
2026-09-16 22:51:19,901 INFO train epoch 81/100 batch 39/66 (59%) running_loss=0.3118
2026-09-16 22:51:21,843 INFO train epoch 81/100 batch 52/66 (79%) running_loss=0.3143
2026-09-16 22:51:23,714 INFO train epoch 81/100 batch 65/66 (98%) running_loss=0.3127
2026-09-16 22:51:23,865 INFO train epoch 81/100 batch 66/66 (100%) running_loss=0.3133
2026-09-16 22:51:25,117 INFO epoch 81/100 done: train_loss=0.3133 val_loss=0.2168 val_accuracy=0.9344 val_macro_f1=0.9096 val_macro_auc=0.9866 (checkpoint_metric=macro_auc)
2026-09-16 22:51:27,554 INFO train epoch 82/100 batch 13/66 (20%) running_loss=0.3184
2026-09-16 22:51:29,443 INFO train epoch 82/100 batch 26/66 (39%) running_loss=0.3121
2026-09-16 22:51:31,303 INFO train epoch 82/100 batch 39/66 (59%) running_loss=0.3112
2026-09-16 22:51:33,187 INFO train epoch 82/100 batch 52/66 (79%) running_loss=0.3105
2026-09-16 22:51:35,066 INFO train epoch 82/100 batch 65/66 (98%) running_loss=0.3125
2026-09-16 22:51:35,213 INFO train epoch 82/100 batch 66/66 (100%) running_loss=0.3124
2026-09-16 22:51:36,469 INFO epoch 82/100 done: train_loss=0.3124 val_loss=0.2168 val_accuracy=0.9344 val_macro_f1=0.9096 val_macro_auc=0.9872 (checkpoint_metric=macro_auc)
2026-09-16 22:51:38,880 INFO train epoch 83/100 batch 13/66 (20%) running_loss=0.3199
2026-09-16 22:51:40,847 INFO train epoch 83/100 batch 26/66 (39%) running_loss=0.3121
2026-09-16 22:51:42,798 INFO train epoch 83/100 batch 39/66 (59%) running_loss=0.3121
2026-09-16 22:51:44,733 INFO train epoch 83/100 batch 52/66 (79%) running_loss=0.3112
2026-09-16 22:51:46,618 INFO train epoch 83/100 batch 65/66 (98%) running_loss=0.3119
2026-09-16 22:51:46,765 INFO train epoch 83/100 batch 66/66 (100%) running_loss=0.3119
2026-09-16 22:51:48,074 INFO epoch 83/100 done: train_loss=0.3119 val_loss=0.2237 val_accuracy=0.9344 val_macro_f1=0.9104 val_macro_auc=0.9872 (checkpoint_metric=macro_auc)
2026-09-16 22:51:50,536 INFO train epoch 84/100 batch 13/66 (20%) running_loss=0.3085
2026-09-16 22:51:52,445 INFO train epoch 84/100 batch 26/66 (39%) running_loss=0.3131
2026-09-16 22:51:54,354 INFO train epoch 84/100 batch 39/66 (59%) running_loss=0.3130
2026-09-16 22:51:56,264 INFO train epoch 84/100 batch 52/66 (79%) running_loss=0.3115
2026-09-16 22:51:58,141 INFO train epoch 84/100 batch 65/66 (98%) running_loss=0.3122
2026-09-16 22:51:58,297 INFO train epoch 84/100 batch 66/66 (100%) running_loss=0.3129
2026-09-16 22:51:59,577 INFO epoch 84/100 done: train_loss=0.3129 val_loss=0.2163 val_accuracy=0.9385 val_macro_f1=0.9151 val_macro_auc=0.9867 (checkpoint_metric=macro_auc)
2026-09-16 22:52:01,995 INFO train epoch 85/100 batch 13/66 (20%) running_loss=0.3046
2026-09-16 22:52:03,936 INFO train epoch 85/100 batch 26/66 (39%) running_loss=0.3081
2026-09-16 22:52:05,811 INFO train epoch 85/100 batch 39/66 (59%) running_loss=0.3098
2026-09-16 22:52:07,711 INFO train epoch 85/100 batch 52/66 (79%) running_loss=0.3100
2026-09-16 22:52:09,591 INFO train epoch 85/100 batch 65/66 (98%) running_loss=0.3100
2026-09-16 22:52:09,739 INFO train epoch 85/100 batch 66/66 (100%) running_loss=0.3099
2026-09-16 22:52:11,026 INFO epoch 85/100 done: train_loss=0.3099 val_loss=0.2311 val_accuracy=0.9303 val_macro_f1=0.9068 val_macro_auc=0.9866 (checkpoint_metric=macro_auc)
2026-09-16 22:52:13,338 INFO train epoch 86/100 batch 13/66 (20%) running_loss=0.3129
2026-09-16 22:52:15,252 INFO train epoch 86/100 batch 26/66 (39%) running_loss=0.3137
2026-09-16 22:52:17,132 INFO train epoch 86/100 batch 39/66 (59%) running_loss=0.3128
2026-09-16 22:52:19,048 INFO train epoch 86/100 batch 52/66 (79%) running_loss=0.3130
2026-09-16 22:52:20,939 INFO train epoch 86/100 batch 65/66 (98%) running_loss=0.3127
2026-09-16 22:52:21,088 INFO train epoch 86/100 batch 66/66 (100%) running_loss=0.3127
2026-09-16 22:52:22,359 INFO epoch 86/100 done: train_loss=0.3127 val_loss=0.2140 val_accuracy=0.9344 val_macro_f1=0.9107 val_macro_auc=0.9877 (checkpoint_metric=macro_auc)
2026-09-16 22:52:24,686 INFO train epoch 87/100 batch 13/66 (20%) running_loss=0.3064
2026-09-16 22:52:26,598 INFO train epoch 87/100 batch 26/66 (39%) running_loss=0.3089
2026-09-16 22:52:28,493 INFO train epoch 87/100 batch 39/66 (59%) running_loss=0.3082
2026-09-16 22:52:30,401 INFO train epoch 87/100 batch 52/66 (79%) running_loss=0.3092
2026-09-16 22:52:32,260 INFO train epoch 87/100 batch 65/66 (98%) running_loss=0.3091
2026-09-16 22:52:32,406 INFO train epoch 87/100 batch 66/66 (100%) running_loss=0.3092
2026-09-16 22:52:33,627 INFO epoch 87/100 done: train_loss=0.3092 val_loss=0.2147 val_accuracy=0.9406 val_macro_f1=0.9184 val_macro_auc=0.9872 (checkpoint_metric=macro_auc)
2026-09-16 22:52:35,971 INFO train epoch 88/100 batch 13/66 (20%) running_loss=0.3072
2026-09-16 22:52:37,871 INFO train epoch 88/100 batch 26/66 (39%) running_loss=0.3076
2026-09-16 22:52:39,784 INFO train epoch 88/100 batch 39/66 (59%) running_loss=0.3075
2026-09-16 22:52:41,664 INFO train epoch 88/100 batch 52/66 (79%) running_loss=0.3087
2026-09-16 22:52:43,529 INFO train epoch 88/100 batch 65/66 (98%) running_loss=0.3105
2026-09-16 22:52:43,676 INFO train epoch 88/100 batch 66/66 (100%) running_loss=0.3104
2026-09-16 22:52:44,895 INFO epoch 88/100 done: train_loss=0.3104 val_loss=0.2242 val_accuracy=0.9303 val_macro_f1=0.9057 val_macro_auc=0.9862 (checkpoint_metric=macro_auc)
2026-09-16 22:52:47,268 INFO train epoch 89/100 batch 13/66 (20%) running_loss=0.3107
2026-09-16 22:52:49,156 INFO train epoch 89/100 batch 26/66 (39%) running_loss=0.3090
2026-09-16 22:52:51,079 INFO train epoch 89/100 batch 39/66 (59%) running_loss=0.3096
2026-09-16 22:52:53,002 INFO train epoch 89/100 batch 52/66 (79%) running_loss=0.3084
2026-09-16 22:52:54,882 INFO train epoch 89/100 batch 65/66 (98%) running_loss=0.3093
2026-09-16 22:52:55,030 INFO train epoch 89/100 batch 66/66 (100%) running_loss=0.3095
2026-09-16 22:52:56,271 INFO epoch 89/100 done: train_loss=0.3095 val_loss=0.2258 val_accuracy=0.9324 val_macro_f1=0.9087 val_macro_auc=0.9870 (checkpoint_metric=macro_auc)
2026-09-16 22:52:58,678 INFO train epoch 90/100 batch 13/66 (20%) running_loss=0.3188
2026-09-16 22:53:00,554 INFO train epoch 90/100 batch 26/66 (39%) running_loss=0.3158
2026-09-16 22:53:02,483 INFO train epoch 90/100 batch 39/66 (59%) running_loss=0.3165
2026-09-16 22:53:04,420 INFO train epoch 90/100 batch 52/66 (79%) running_loss=0.3147
2026-09-16 22:53:06,317 INFO train epoch 90/100 batch 65/66 (98%) running_loss=0.3139
2026-09-16 22:53:06,463 INFO train epoch 90/100 batch 66/66 (100%) running_loss=0.3139
2026-09-16 22:53:07,734 INFO epoch 90/100 done: train_loss=0.3139 val_loss=0.2228 val_accuracy=0.9344 val_macro_f1=0.9104 val_macro_auc=0.9870 (checkpoint_metric=macro_auc)
2026-09-16 22:53:10,067 INFO train epoch 91/100 batch 13/66 (20%) running_loss=0.3120
2026-09-16 22:53:11,983 INFO train epoch 91/100 batch 26/66 (39%) running_loss=0.3126
2026-09-16 22:53:13,870 INFO train epoch 91/100 batch 39/66 (59%) running_loss=0.3153
2026-09-16 22:53:15,769 INFO train epoch 91/100 batch 52/66 (79%) running_loss=0.3134
2026-09-16 22:53:17,633 INFO train epoch 91/100 batch 65/66 (98%) running_loss=0.3133
2026-09-16 22:53:17,782 INFO train epoch 91/100 batch 66/66 (100%) running_loss=0.3134
2026-09-16 22:53:19,035 INFO epoch 91/100 done: train_loss=0.3134 val_loss=0.2295 val_accuracy=0.9324 val_macro_f1=0.9087 val_macro_auc=0.9864 (checkpoint_metric=macro_auc)
2026-09-16 22:53:21,441 INFO train epoch 92/100 batch 13/66 (20%) running_loss=0.3114
2026-09-16 22:53:23,304 INFO train epoch 92/100 batch 26/66 (39%) running_loss=0.3124
2026-09-16 22:53:25,180 INFO train epoch 92/100 batch 39/66 (59%) running_loss=0.3110
2026-09-16 22:53:27,065 INFO train epoch 92/100 batch 52/66 (79%) running_loss=0.3116
2026-09-16 22:53:28,950 INFO train epoch 92/100 batch 65/66 (98%) running_loss=0.3121
2026-09-16 22:53:29,098 INFO train epoch 92/100 batch 66/66 (100%) running_loss=0.3120
2026-09-16 22:53:30,318 INFO epoch 92/100 done: train_loss=0.3120 val_loss=0.2284 val_accuracy=0.9303 val_macro_f1=0.9054 val_macro_auc=0.9861 (checkpoint_metric=macro_auc)
2026-09-16 22:53:32,687 INFO train epoch 93/100 batch 13/66 (20%) running_loss=0.3146
2026-09-16 22:53:34,575 INFO train epoch 93/100 batch 26/66 (39%) running_loss=0.3095
2026-09-16 22:53:36,482 INFO train epoch 93/100 batch 39/66 (59%) running_loss=0.3090
2026-09-16 22:53:38,387 INFO train epoch 93/100 batch 52/66 (79%) running_loss=0.3079
2026-09-16 22:53:40,269 INFO train epoch 93/100 batch 65/66 (98%) running_loss=0.3071
2026-09-16 22:53:40,417 INFO train epoch 93/100 batch 66/66 (100%) running_loss=0.3070
2026-09-16 22:53:41,614 INFO epoch 93/100 done: train_loss=0.3070 val_loss=0.2120 val_accuracy=0.9344 val_macro_f1=0.9096 val_macro_auc=0.9871 (checkpoint_metric=macro_auc)
2026-09-16 22:53:43,973 INFO train epoch 94/100 batch 13/66 (20%) running_loss=0.3159
2026-09-16 22:53:45,857 INFO train epoch 94/100 batch 26/66 (39%) running_loss=0.3160
2026-09-16 22:53:47,751 INFO train epoch 94/100 batch 39/66 (59%) running_loss=0.3155
2026-09-16 22:53:49,626 INFO train epoch 94/100 batch 52/66 (79%) running_loss=0.3169
2026-09-16 22:53:51,501 INFO train epoch 94/100 batch 65/66 (98%) running_loss=0.3153
2026-09-16 22:53:51,651 INFO train epoch 94/100 batch 66/66 (100%) running_loss=0.3156
2026-09-16 22:53:52,874 INFO epoch 94/100 done: train_loss=0.3156 val_loss=0.2208 val_accuracy=0.9365 val_macro_f1=0.9137 val_macro_auc=0.9866 (checkpoint_metric=macro_auc)
2026-09-16 22:53:55,265 INFO train epoch 95/100 batch 13/66 (20%) running_loss=0.3173
2026-09-16 22:53:57,154 INFO train epoch 95/100 batch 26/66 (39%) running_loss=0.3132
2026-09-16 22:53:59,063 INFO train epoch 95/100 batch 39/66 (59%) running_loss=0.3121
2026-09-16 22:54:00,962 INFO train epoch 95/100 batch 52/66 (79%) running_loss=0.3112
2026-09-16 22:54:02,846 INFO train epoch 95/100 batch 65/66 (98%) running_loss=0.3115
2026-09-16 22:54:03,192 INFO train epoch 95/100 batch 66/66 (100%) running_loss=0.3116
2026-09-16 22:54:04,498 INFO epoch 95/100 done: train_loss=0.3116 val_loss=0.2316 val_accuracy=0.9324 val_macro_f1=0.9084 val_macro_auc=0.9862 (checkpoint_metric=macro_auc)
2026-09-16 22:54:06,912 INFO train epoch 96/100 batch 13/66 (20%) running_loss=0.3072
2026-09-16 22:54:08,833 INFO train epoch 96/100 batch 26/66 (39%) running_loss=0.3073
2026-09-16 22:54:10,733 INFO train epoch 96/100 batch 39/66 (59%) running_loss=0.3094
2026-09-16 22:54:12,630 INFO train epoch 96/100 batch 52/66 (79%) running_loss=0.3088
2026-09-16 22:54:14,513 INFO train epoch 96/100 batch 65/66 (98%) running_loss=0.3096
2026-09-16 22:54:14,661 INFO train epoch 96/100 batch 66/66 (100%) running_loss=0.3097
2026-09-16 22:54:15,954 INFO epoch 96/100 done: train_loss=0.3097 val_loss=0.2130 val_accuracy=0.9385 val_macro_f1=0.9144 val_macro_auc=0.9871 (checkpoint_metric=macro_auc)
2026-09-16 22:54:18,287 INFO train epoch 97/100 batch 13/66 (20%) running_loss=0.3106
2026-09-16 22:54:20,174 INFO train epoch 97/100 batch 26/66 (39%) running_loss=0.3147
2026-09-16 22:54:22,067 INFO train epoch 97/100 batch 39/66 (59%) running_loss=0.3155
2026-09-16 22:54:23,961 INFO train epoch 97/100 batch 52/66 (79%) running_loss=0.3162
2026-09-16 22:54:25,847 INFO train epoch 97/100 batch 65/66 (98%) running_loss=0.3149
2026-09-16 22:54:25,997 INFO train epoch 97/100 batch 66/66 (100%) running_loss=0.3147
2026-09-16 22:54:27,216 INFO epoch 97/100 done: train_loss=0.3147 val_loss=0.2459 val_accuracy=0.9242 val_macro_f1=0.9000 val_macro_auc=0.9853 (checkpoint_metric=macro_auc)
2026-09-16 22:54:29,671 INFO train epoch 98/100 batch 13/66 (20%) running_loss=0.3089
2026-09-16 22:54:31,570 INFO train epoch 98/100 batch 26/66 (39%) running_loss=0.3089
2026-09-16 22:54:33,456 INFO train epoch 98/100 batch 39/66 (59%) running_loss=0.3092
2026-09-16 22:54:35,349 INFO train epoch 98/100 batch 52/66 (79%) running_loss=0.3100
2026-09-16 22:54:37,200 INFO train epoch 98/100 batch 65/66 (98%) running_loss=0.3123
2026-09-16 22:54:37,345 INFO train epoch 98/100 batch 66/66 (100%) running_loss=0.3123
2026-09-16 22:54:38,621 INFO epoch 98/100 done: train_loss=0.3123 val_loss=0.2073 val_accuracy=0.9406 val_macro_f1=0.9188 val_macro_auc=0.9880 (checkpoint_metric=macro_auc)
2026-09-16 22:54:41,021 INFO train epoch 99/100 batch 13/66 (20%) running_loss=0.3213
2026-09-16 22:54:42,972 INFO train epoch 99/100 batch 26/66 (39%) running_loss=0.3212
2026-09-16 22:54:44,892 INFO train epoch 99/100 batch 39/66 (59%) running_loss=0.3170
2026-09-16 22:54:46,801 INFO train epoch 99/100 batch 52/66 (79%) running_loss=0.3142
2026-09-16 22:54:48,680 INFO train epoch 99/100 batch 65/66 (98%) running_loss=0.3132
2026-09-16 22:54:48,827 INFO train epoch 99/100 batch 66/66 (100%) running_loss=0.3132
2026-09-16 22:54:50,087 INFO epoch 99/100 done: train_loss=0.3132 val_loss=0.2167 val_accuracy=0.9406 val_macro_f1=0.9185 val_macro_auc=0.9872 (checkpoint_metric=macro_auc)
2026-09-16 22:54:52,528 INFO train epoch 100/100 batch 13/66 (20%) running_loss=0.3087
2026-09-16 22:54:54,529 INFO train epoch 100/100 batch 26/66 (39%) running_loss=0.3100
2026-09-16 22:54:56,451 INFO train epoch 100/100 batch 39/66 (59%) running_loss=0.3101
2026-09-16 22:54:58,409 INFO train epoch 100/100 batch 52/66 (79%) running_loss=0.3113
2026-09-16 22:55:00,297 INFO train epoch 100/100 batch 65/66 (98%) running_loss=0.3111
2026-09-16 22:55:00,446 INFO train epoch 100/100 batch 66/66 (100%) running_loss=0.3111
2026-09-16 22:55:01,701 INFO epoch 100/100 done: train_loss=0.3111 val_loss=0.2141 val_accuracy=0.9365 val_macro_f1=0.9126 val_macro_auc=0.9875 (checkpoint_metric=macro_auc)
2026-09-16 22:55:01,879 INFO Training finished. Best epoch=36, smoothed macro_auc=0.9894 (window=3)
2026-09-16 22:55:04,783 INFO Test set evaluated once: accuracy=0.8966 macro_f1=0.8878 macro_auc=0.9734
2026-09-16 22:55:05,645 INFO Model size: 52.86M params, 1.008 GFLOPs at 96x96
