2026-09-23 07:00:31,909 INFO Starting baseline training: model=resnet34 device=cuda amp=True image_size=96 epochs=50 lr=0.001 optimizer=sgd
2026-09-23 07:00:32,161 INFO Dataset ready: 3 classes, 2102 train / 488 val samples (split reused from outputs/baseline_resnet34_96_constant_s2/split_indices.json)
2026-09-23 07:00:32,170 INFO Augmentation policy: constant strength (rank-averaged), from outputs/main1/augmentation_run/selected_policy.json; strengths {'rotation': 0.0675, 'affine_translation': 0.2256, 'random_resized_crop': 0.516, 'brightness': 0.4195, 'contrast': 0.123, 'horizontal_flip': 0.5366, 'random_erasing': 0.1828}
2026-09-23 07:00:32,770 INFO Classes: {'glioma_tumor': 0, 'meningioma_tumor': 1, 'pituitary_tumor': 2}
2026-09-23 07:00:32,770 INFO Regularization: weight_decay=7.0e-04 label_smoothing=0.10 grad_clip_norm=5.0
2026-09-23 07:00:34,463 INFO train epoch 1/50 batch 13/66 (20%) running_loss=1.2306
2026-09-23 07:00:35,252 INFO train epoch 1/50 batch 26/66 (39%) running_loss=1.0929
2026-09-23 07:00:36,153 INFO train epoch 1/50 batch 39/66 (59%) running_loss=0.9690
2026-09-23 07:00:36,963 INFO train epoch 1/50 batch 52/66 (79%) running_loss=0.8948
2026-09-23 07:00:37,729 INFO train epoch 1/50 batch 65/66 (98%) running_loss=0.8433
2026-09-23 07:00:37,876 INFO train epoch 1/50 batch 66/66 (100%) running_loss=0.8421
2026-09-23 07:00:39,139 INFO epoch 1/50 done: train_loss=0.8421 val_loss=0.3595 val_accuracy=0.8811 val_macro_f1=0.8322 val_macro_auc=0.9581 (checkpoint_metric=macro_auc) [new best]
2026-09-23 07:00:40,282 INFO train epoch 2/50 batch 13/66 (20%) running_loss=0.5812
2026-09-23 07:00:41,087 INFO train epoch 2/50 batch 26/66 (39%) running_loss=0.5644
2026-09-23 07:00:41,824 INFO train epoch 2/50 batch 39/66 (59%) running_loss=0.5564
2026-09-23 07:00:42,624 INFO train epoch 2/50 batch 52/66 (79%) running_loss=0.5500
2026-09-23 07:00:43,359 INFO train epoch 2/50 batch 65/66 (98%) running_loss=0.5354
2026-09-23 07:00:43,389 INFO train epoch 2/50 batch 66/66 (100%) running_loss=0.5342
2026-09-23 07:00:44,845 INFO epoch 2/50 done: train_loss=0.5342 val_loss=0.2821 val_accuracy=0.9139 val_macro_f1=0.8872 val_macro_auc=0.9854 (checkpoint_metric=macro_auc) [new best]
2026-09-23 07:00:46,005 INFO train epoch 3/50 batch 13/66 (20%) running_loss=0.4433
2026-09-23 07:00:46,758 INFO train epoch 3/50 batch 26/66 (39%) running_loss=0.4384
2026-09-23 07:00:47,515 INFO train epoch 3/50 batch 39/66 (59%) running_loss=0.4371
2026-09-23 07:00:48,285 INFO train epoch 3/50 batch 52/66 (79%) running_loss=0.4378
2026-09-23 07:00:49,129 INFO train epoch 3/50 batch 65/66 (98%) running_loss=0.4416
2026-09-23 07:00:49,158 INFO train epoch 3/50 batch 66/66 (100%) running_loss=0.4411
2026-09-23 07:00:50,576 INFO epoch 3/50 done: train_loss=0.4411 val_loss=0.2062 val_accuracy=0.9406 val_macro_f1=0.9164 val_macro_auc=0.9918 (checkpoint_metric=macro_auc) [new best]
2026-09-23 07:00:51,718 INFO train epoch 4/50 batch 13/66 (20%) running_loss=0.4321
2026-09-23 07:00:52,445 INFO train epoch 4/50 batch 26/66 (39%) running_loss=0.4264
2026-09-23 07:00:53,207 INFO train epoch 4/50 batch 39/66 (59%) running_loss=0.4238
2026-09-23 07:00:54,023 INFO train epoch 4/50 batch 52/66 (79%) running_loss=0.4212
2026-09-23 07:00:54,829 INFO train epoch 4/50 batch 65/66 (98%) running_loss=0.4195
2026-09-23 07:00:54,857 INFO train epoch 4/50 batch 66/66 (100%) running_loss=0.4194
2026-09-23 07:00:56,409 INFO epoch 4/50 done: train_loss=0.4194 val_loss=0.2467 val_accuracy=0.9283 val_macro_f1=0.9059 val_macro_auc=0.9877 (checkpoint_metric=macro_auc) [new best]
2026-09-23 07:00:57,551 INFO train epoch 5/50 batch 13/66 (20%) running_loss=0.3729
2026-09-23 07:00:58,281 INFO train epoch 5/50 batch 26/66 (39%) running_loss=0.3725
2026-09-23 07:00:59,034 INFO train epoch 5/50 batch 39/66 (59%) running_loss=0.3754
2026-09-23 07:00:59,835 INFO train epoch 5/50 batch 52/66 (79%) running_loss=0.3774
2026-09-23 07:01:00,554 INFO train epoch 5/50 batch 65/66 (98%) running_loss=0.3783
2026-09-23 07:01:00,621 INFO train epoch 5/50 batch 66/66 (100%) running_loss=0.3790
2026-09-23 07:01:02,184 INFO epoch 5/50 done: train_loss=0.3790 val_loss=0.2170 val_accuracy=0.9406 val_macro_f1=0.9190 val_macro_auc=0.9886 (checkpoint_metric=macro_auc) [new best]
2026-09-23 07:01:03,304 INFO train epoch 6/50 batch 13/66 (20%) running_loss=0.3565
2026-09-23 07:01:04,029 INFO train epoch 6/50 batch 26/66 (39%) running_loss=0.3640
2026-09-23 07:01:04,783 INFO train epoch 6/50 batch 39/66 (59%) running_loss=0.3706
2026-09-23 07:01:05,689 INFO train epoch 6/50 batch 52/66 (79%) running_loss=0.3664
2026-09-23 07:01:06,469 INFO train epoch 6/50 batch 65/66 (98%) running_loss=0.3682
2026-09-23 07:01:06,498 INFO train epoch 6/50 batch 66/66 (100%) running_loss=0.3682
2026-09-23 07:01:07,538 INFO epoch 6/50 done: train_loss=0.3682 val_loss=0.2062 val_accuracy=0.9508 val_macro_f1=0.9332 val_macro_auc=0.9907 (checkpoint_metric=macro_auc)
2026-09-23 07:01:08,706 INFO train epoch 7/50 batch 13/66 (20%) running_loss=0.3557
2026-09-23 07:01:09,473 INFO train epoch 7/50 batch 26/66 (39%) running_loss=0.3561
2026-09-23 07:01:10,229 INFO train epoch 7/50 batch 39/66 (59%) running_loss=0.3546
2026-09-23 07:01:11,021 INFO train epoch 7/50 batch 52/66 (79%) running_loss=0.3580
2026-09-23 07:01:11,864 INFO train epoch 7/50 batch 65/66 (98%) running_loss=0.3580
2026-09-23 07:01:11,894 INFO train epoch 7/50 batch 66/66 (100%) running_loss=0.3578
2026-09-23 07:01:12,912 INFO epoch 7/50 done: train_loss=0.3578 val_loss=0.2607 val_accuracy=0.9180 val_macro_f1=0.8946 val_macro_auc=0.9872 (checkpoint_metric=macro_auc)
2026-09-23 07:01:14,029 INFO train epoch 8/50 batch 13/66 (20%) running_loss=0.3543
2026-09-23 07:01:14,802 INFO train epoch 8/50 batch 26/66 (39%) running_loss=0.3496
2026-09-23 07:01:15,556 INFO train epoch 8/50 batch 39/66 (59%) running_loss=0.3479
2026-09-23 07:01:16,437 INFO train epoch 8/50 batch 52/66 (79%) running_loss=0.3487
2026-09-23 07:01:17,183 INFO train epoch 8/50 batch 65/66 (98%) running_loss=0.3471
2026-09-23 07:01:17,211 INFO train epoch 8/50 batch 66/66 (100%) running_loss=0.3485
2026-09-23 07:01:18,279 INFO epoch 8/50 done: train_loss=0.3485 val_loss=0.2188 val_accuracy=0.9426 val_macro_f1=0.9207 val_macro_auc=0.9875 (checkpoint_metric=macro_auc)
2026-09-23 07:01:19,368 INFO train epoch 9/50 batch 13/66 (20%) running_loss=0.3260
2026-09-23 07:01:20,143 INFO train epoch 9/50 batch 26/66 (39%) running_loss=0.3294
2026-09-23 07:01:20,967 INFO train epoch 9/50 batch 39/66 (59%) running_loss=0.3308
2026-09-23 07:01:21,758 INFO train epoch 9/50 batch 52/66 (79%) running_loss=0.3366
2026-09-23 07:01:22,532 INFO train epoch 9/50 batch 65/66 (98%) running_loss=0.3373
2026-09-23 07:01:22,561 INFO train epoch 9/50 batch 66/66 (100%) running_loss=0.3379
2026-09-23 07:01:23,614 INFO epoch 9/50 done: train_loss=0.3379 val_loss=0.1942 val_accuracy=0.9529 val_macro_f1=0.9343 val_macro_auc=0.9930 (checkpoint_metric=macro_auc)
2026-09-23 07:01:24,698 INFO train epoch 10/50 batch 13/66 (20%) running_loss=0.3442
2026-09-23 07:01:25,466 INFO train epoch 10/50 batch 26/66 (39%) running_loss=0.3406
2026-09-23 07:01:26,257 INFO train epoch 10/50 batch 39/66 (59%) running_loss=0.3388
2026-09-23 07:01:27,006 INFO train epoch 10/50 batch 52/66 (79%) running_loss=0.3410
2026-09-23 07:01:27,781 INFO train epoch 10/50 batch 65/66 (98%) running_loss=0.3423
2026-09-23 07:01:27,810 INFO train epoch 10/50 batch 66/66 (100%) running_loss=0.3421
2026-09-23 07:01:29,395 INFO epoch 10/50 done: train_loss=0.3421 val_loss=0.2499 val_accuracy=0.9283 val_macro_f1=0.9058 val_macro_auc=0.9889 (checkpoint_metric=macro_auc) [new best]
2026-09-23 07:01:30,491 INFO train epoch 11/50 batch 13/66 (20%) running_loss=0.3465
2026-09-23 07:01:31,355 INFO train epoch 11/50 batch 26/66 (39%) running_loss=0.3404
2026-09-23 07:01:32,154 INFO train epoch 11/50 batch 39/66 (59%) running_loss=0.3400
2026-09-23 07:01:32,925 INFO train epoch 11/50 batch 52/66 (79%) running_loss=0.3363
2026-09-23 07:01:33,680 INFO train epoch 11/50 batch 65/66 (98%) running_loss=0.3357
2026-09-23 07:01:33,757 INFO train epoch 11/50 batch 66/66 (100%) running_loss=0.3370
2026-09-23 07:01:35,322 INFO epoch 11/50 done: train_loss=0.3370 val_loss=0.2342 val_accuracy=0.9344 val_macro_f1=0.9114 val_macro_auc=0.9880 (checkpoint_metric=macro_auc) [new best]
2026-09-23 07:01:36,439 INFO train epoch 12/50 batch 13/66 (20%) running_loss=0.3243
2026-09-23 07:01:37,171 INFO train epoch 12/50 batch 26/66 (39%) running_loss=0.3271
2026-09-23 07:01:38,045 INFO train epoch 12/50 batch 39/66 (59%) running_loss=0.3284
2026-09-23 07:01:38,800 INFO train epoch 12/50 batch 52/66 (79%) running_loss=0.3292
2026-09-23 07:01:39,552 INFO train epoch 12/50 batch 65/66 (98%) running_loss=0.3322
2026-09-23 07:01:39,590 INFO train epoch 12/50 batch 66/66 (100%) running_loss=0.3320
2026-09-23 07:01:40,645 INFO epoch 12/50 done: train_loss=0.3320 val_loss=0.2112 val_accuracy=0.9406 val_macro_f1=0.9181 val_macro_auc=0.9907 (checkpoint_metric=macro_auc)
2026-09-23 07:01:41,736 INFO train epoch 13/50 batch 13/66 (20%) running_loss=0.3335
2026-09-23 07:01:42,500 INFO train epoch 13/50 batch 26/66 (39%) running_loss=0.3283
2026-09-23 07:01:43,279 INFO train epoch 13/50 batch 39/66 (59%) running_loss=0.3337
2026-09-23 07:01:44,041 INFO train epoch 13/50 batch 52/66 (79%) running_loss=0.3331
2026-09-23 07:01:44,775 INFO train epoch 13/50 batch 65/66 (98%) running_loss=0.3366
2026-09-23 07:01:44,843 INFO train epoch 13/50 batch 66/66 (100%) running_loss=0.3364
2026-09-23 07:01:45,887 INFO epoch 13/50 done: train_loss=0.3364 val_loss=0.2152 val_accuracy=0.9324 val_macro_f1=0.9077 val_macro_auc=0.9901 (checkpoint_metric=macro_auc)
2026-09-23 07:01:46,945 INFO train epoch 14/50 batch 13/66 (20%) running_loss=0.3235
2026-09-23 07:01:47,789 INFO train epoch 14/50 batch 26/66 (39%) running_loss=0.3251
2026-09-23 07:01:48,634 INFO train epoch 14/50 batch 39/66 (59%) running_loss=0.3267
2026-09-23 07:01:49,449 INFO train epoch 14/50 batch 52/66 (79%) running_loss=0.3293
2026-09-23 07:01:50,470 INFO train epoch 14/50 batch 65/66 (98%) running_loss=0.3298
2026-09-23 07:01:50,499 INFO train epoch 14/50 batch 66/66 (100%) running_loss=0.3297
2026-09-23 07:01:52,336 INFO epoch 14/50 done: train_loss=0.3297 val_loss=0.2100 val_accuracy=0.9467 val_macro_f1=0.9275 val_macro_auc=0.9907 (checkpoint_metric=macro_auc) [new best]
2026-09-23 07:01:53,555 INFO train epoch 15/50 batch 13/66 (20%) running_loss=0.3354
2026-09-23 07:01:54,358 INFO train epoch 15/50 batch 26/66 (39%) running_loss=0.3328
2026-09-23 07:01:55,158 INFO train epoch 15/50 batch 39/66 (59%) running_loss=0.3271
2026-09-23 07:01:55,914 INFO train epoch 15/50 batch 52/66 (79%) running_loss=0.3269
2026-09-23 07:01:56,704 INFO train epoch 15/50 batch 65/66 (98%) running_loss=0.3279
2026-09-23 07:01:56,733 INFO train epoch 15/50 batch 66/66 (100%) running_loss=0.3278
2026-09-23 07:01:57,795 INFO epoch 15/50 done: train_loss=0.3278 val_loss=0.2374 val_accuracy=0.9303 val_macro_f1=0.9085 val_macro_auc=0.9884 (checkpoint_metric=macro_auc)
2026-09-23 07:01:59,020 INFO train epoch 16/50 batch 13/66 (20%) running_loss=0.3242
2026-09-23 07:01:59,787 INFO train epoch 16/50 batch 26/66 (39%) running_loss=0.3189
2026-09-23 07:02:00,537 INFO train epoch 16/50 batch 39/66 (59%) running_loss=0.3205
2026-09-23 07:02:01,333 INFO train epoch 16/50 batch 52/66 (79%) running_loss=0.3196
2026-09-23 07:02:02,232 INFO train epoch 16/50 batch 65/66 (98%) running_loss=0.3206
2026-09-23 07:02:02,260 INFO train epoch 16/50 batch 66/66 (100%) running_loss=0.3211
2026-09-23 07:02:03,277 INFO epoch 16/50 done: train_loss=0.3211 val_loss=0.2133 val_accuracy=0.9324 val_macro_f1=0.9079 val_macro_auc=0.9893 (checkpoint_metric=macro_auc)
2026-09-23 07:02:04,398 INFO train epoch 17/50 batch 13/66 (20%) running_loss=0.3248
2026-09-23 07:02:05,197 INFO train epoch 17/50 batch 26/66 (39%) running_loss=0.3241
2026-09-23 07:02:05,959 INFO train epoch 17/50 batch 39/66 (59%) running_loss=0.3216
2026-09-23 07:02:06,731 INFO train epoch 17/50 batch 52/66 (79%) running_loss=0.3217
2026-09-23 07:02:07,589 INFO train epoch 17/50 batch 65/66 (98%) running_loss=0.3206
2026-09-23 07:02:07,617 INFO train epoch 17/50 batch 66/66 (100%) running_loss=0.3204
2026-09-23 07:02:08,658 INFO epoch 17/50 done: train_loss=0.3204 val_loss=0.2216 val_accuracy=0.9365 val_macro_f1=0.9147 val_macro_auc=0.9907 (checkpoint_metric=macro_auc)
2026-09-23 07:02:09,813 INFO train epoch 18/50 batch 13/66 (20%) running_loss=0.3152
2026-09-23 07:02:10,573 INFO train epoch 18/50 batch 26/66 (39%) running_loss=0.3213
2026-09-23 07:02:11,361 INFO train epoch 18/50 batch 39/66 (59%) running_loss=0.3234
2026-09-23 07:02:12,171 INFO train epoch 18/50 batch 52/66 (79%) running_loss=0.3225
2026-09-23 07:02:12,967 INFO train epoch 18/50 batch 65/66 (98%) running_loss=0.3242
2026-09-23 07:02:12,996 INFO train epoch 18/50 batch 66/66 (100%) running_loss=0.3243
2026-09-23 07:02:14,586 INFO epoch 18/50 done: train_loss=0.3243 val_loss=0.2108 val_accuracy=0.9324 val_macro_f1=0.9103 val_macro_auc=0.9918 (checkpoint_metric=macro_auc) [new best]
2026-09-23 07:02:15,764 INFO train epoch 19/50 batch 13/66 (20%) running_loss=0.3283
2026-09-23 07:02:16,568 INFO train epoch 19/50 batch 26/66 (39%) running_loss=0.3249
2026-09-23 07:02:17,291 INFO train epoch 19/50 batch 39/66 (59%) running_loss=0.3251
2026-09-23 07:02:18,018 INFO train epoch 19/50 batch 52/66 (79%) running_loss=0.3234
2026-09-23 07:02:18,805 INFO train epoch 19/50 batch 65/66 (98%) running_loss=0.3247
2026-09-23 07:02:18,834 INFO train epoch 19/50 batch 66/66 (100%) running_loss=0.3253
2026-09-23 07:02:19,893 INFO epoch 19/50 done: train_loss=0.3253 val_loss=0.2483 val_accuracy=0.9283 val_macro_f1=0.9062 val_macro_auc=0.9883 (checkpoint_metric=macro_auc)
2026-09-23 07:02:20,986 INFO train epoch 20/50 batch 13/66 (20%) running_loss=0.3158
2026-09-23 07:02:21,842 INFO train epoch 20/50 batch 26/66 (39%) running_loss=0.3124
2026-09-23 07:02:22,642 INFO train epoch 20/50 batch 39/66 (59%) running_loss=0.3136
2026-09-23 07:02:23,370 INFO train epoch 20/50 batch 52/66 (79%) running_loss=0.3138
2026-09-23 07:02:24,094 INFO train epoch 20/50 batch 65/66 (98%) running_loss=0.3140
2026-09-23 07:02:24,141 INFO train epoch 20/50 batch 66/66 (100%) running_loss=0.3143
2026-09-23 07:02:25,171 INFO epoch 20/50 done: train_loss=0.3143 val_loss=0.2205 val_accuracy=0.9344 val_macro_f1=0.9114 val_macro_auc=0.9914 (checkpoint_metric=macro_auc)
2026-09-23 07:02:26,317 INFO train epoch 21/50 batch 13/66 (20%) running_loss=0.3199
2026-09-23 07:02:27,069 INFO train epoch 21/50 batch 26/66 (39%) running_loss=0.3187
2026-09-23 07:02:27,800 INFO train epoch 21/50 batch 39/66 (59%) running_loss=0.3191
2026-09-23 07:02:28,680 INFO train epoch 21/50 batch 52/66 (79%) running_loss=0.3183
2026-09-23 07:02:29,432 INFO train epoch 21/50 batch 65/66 (98%) running_loss=0.3179
2026-09-23 07:02:29,460 INFO train epoch 21/50 batch 66/66 (100%) running_loss=0.3179
2026-09-23 07:02:30,520 INFO epoch 21/50 done: train_loss=0.3179 val_loss=0.2086 val_accuracy=0.9385 val_macro_f1=0.9161 val_macro_auc=0.9919 (checkpoint_metric=macro_auc)
2026-09-23 07:02:31,721 INFO train epoch 22/50 batch 13/66 (20%) running_loss=0.3150
2026-09-23 07:02:32,536 INFO train epoch 22/50 batch 26/66 (39%) running_loss=0.3132
2026-09-23 07:02:33,368 INFO train epoch 22/50 batch 39/66 (59%) running_loss=0.3122
2026-09-23 07:02:34,219 INFO train epoch 22/50 batch 52/66 (79%) running_loss=0.3126
2026-09-23 07:02:35,053 INFO train epoch 22/50 batch 65/66 (98%) running_loss=0.3136
2026-09-23 07:02:35,082 INFO train epoch 22/50 batch 66/66 (100%) running_loss=0.3136
2026-09-23 07:02:36,633 INFO epoch 22/50 done: train_loss=0.3136 val_loss=0.1997 val_accuracy=0.9447 val_macro_f1=0.9239 val_macro_auc=0.9917 (checkpoint_metric=macro_auc) [new best]
2026-09-23 07:02:37,757 INFO train epoch 23/50 batch 13/66 (20%) running_loss=0.3200
2026-09-23 07:02:38,481 INFO train epoch 23/50 batch 26/66 (39%) running_loss=0.3178
2026-09-23 07:02:39,238 INFO train epoch 23/50 batch 39/66 (59%) running_loss=0.3167
2026-09-23 07:02:40,113 INFO train epoch 23/50 batch 52/66 (79%) running_loss=0.3151
2026-09-23 07:02:40,846 INFO train epoch 23/50 batch 65/66 (98%) running_loss=0.3192
2026-09-23 07:02:40,875 INFO train epoch 23/50 batch 66/66 (100%) running_loss=0.3192
2026-09-23 07:02:41,942 INFO epoch 23/50 done: train_loss=0.3192 val_loss=0.2286 val_accuracy=0.9324 val_macro_f1=0.9105 val_macro_auc=0.9906 (checkpoint_metric=macro_auc)
2026-09-23 07:02:43,097 INFO train epoch 24/50 batch 13/66 (20%) running_loss=0.3179
2026-09-23 07:02:43,905 INFO train epoch 24/50 batch 26/66 (39%) running_loss=0.3181
2026-09-23 07:02:44,708 INFO train epoch 24/50 batch 39/66 (59%) running_loss=0.3153
2026-09-23 07:02:45,460 INFO train epoch 24/50 batch 52/66 (79%) running_loss=0.3150
2026-09-23 07:02:46,321 INFO train epoch 24/50 batch 65/66 (98%) running_loss=0.3150
2026-09-23 07:02:46,350 INFO train epoch 24/50 batch 66/66 (100%) running_loss=0.3153
2026-09-23 07:02:47,367 INFO epoch 24/50 done: train_loss=0.3153 val_loss=0.2080 val_accuracy=0.9467 val_macro_f1=0.9276 val_macro_auc=0.9909 (checkpoint_metric=macro_auc)
2026-09-23 07:02:48,449 INFO train epoch 25/50 batch 13/66 (20%) running_loss=0.3205
2026-09-23 07:02:49,250 INFO train epoch 25/50 batch 26/66 (39%) running_loss=0.3212
2026-09-23 07:02:49,982 INFO train epoch 25/50 batch 39/66 (59%) running_loss=0.3216
2026-09-23 07:02:50,766 INFO train epoch 25/50 batch 52/66 (79%) running_loss=0.3193
2026-09-23 07:02:51,563 INFO train epoch 25/50 batch 65/66 (98%) running_loss=0.3178
2026-09-23 07:02:51,591 INFO train epoch 25/50 batch 66/66 (100%) running_loss=0.3178
2026-09-23 07:02:52,640 INFO epoch 25/50 done: train_loss=0.3178 val_loss=0.2218 val_accuracy=0.9385 val_macro_f1=0.9183 val_macro_auc=0.9902 (checkpoint_metric=macro_auc)
2026-09-23 07:02:53,737 INFO train epoch 26/50 batch 13/66 (20%) running_loss=0.3074
2026-09-23 07:02:54,528 INFO train epoch 26/50 batch 26/66 (39%) running_loss=0.3083
2026-09-23 07:02:55,270 INFO train epoch 26/50 batch 39/66 (59%) running_loss=0.3081
2026-09-23 07:02:56,035 INFO train epoch 26/50 batch 52/66 (79%) running_loss=0.3090
2026-09-23 07:02:56,787 INFO train epoch 26/50 batch 65/66 (98%) running_loss=0.3095
2026-09-23 07:02:56,830 INFO train epoch 26/50 batch 66/66 (100%) running_loss=0.3094
2026-09-23 07:02:57,889 INFO epoch 26/50 done: train_loss=0.3094 val_loss=0.2187 val_accuracy=0.9385 val_macro_f1=0.9168 val_macro_auc=0.9914 (checkpoint_metric=macro_auc)
2026-09-23 07:02:59,011 INFO train epoch 27/50 batch 13/66 (20%) running_loss=0.3182
2026-09-23 07:02:59,762 INFO train epoch 27/50 batch 26/66 (39%) running_loss=0.3145
2026-09-23 07:03:00,546 INFO train epoch 27/50 batch 39/66 (59%) running_loss=0.3133
2026-09-23 07:03:01,353 INFO train epoch 27/50 batch 52/66 (79%) running_loss=0.3124
2026-09-23 07:03:02,255 INFO train epoch 27/50 batch 65/66 (98%) running_loss=0.3139
2026-09-23 07:03:02,284 INFO train epoch 27/50 batch 66/66 (100%) running_loss=0.3138
2026-09-23 07:03:03,321 INFO epoch 27/50 done: train_loss=0.3138 val_loss=0.2137 val_accuracy=0.9447 val_macro_f1=0.9244 val_macro_auc=0.9909 (checkpoint_metric=macro_auc)
2026-09-23 07:03:04,400 INFO train epoch 28/50 batch 13/66 (20%) running_loss=0.3149
2026-09-23 07:03:05,195 INFO train epoch 28/50 batch 26/66 (39%) running_loss=0.3127
2026-09-23 07:03:05,960 INFO train epoch 28/50 batch 39/66 (59%) running_loss=0.3141
2026-09-23 07:03:06,794 INFO train epoch 28/50 batch 52/66 (79%) running_loss=0.3161
2026-09-23 07:03:07,580 INFO train epoch 28/50 batch 65/66 (98%) running_loss=0.3148
2026-09-23 07:03:07,609 INFO train epoch 28/50 batch 66/66 (100%) running_loss=0.3173
2026-09-23 07:03:08,671 INFO epoch 28/50 done: train_loss=0.3173 val_loss=0.2101 val_accuracy=0.9426 val_macro_f1=0.9221 val_macro_auc=0.9897 (checkpoint_metric=macro_auc)
2026-09-23 07:03:09,769 INFO train epoch 29/50 batch 13/66 (20%) running_loss=0.3199
2026-09-23 07:03:10,545 INFO train epoch 29/50 batch 26/66 (39%) running_loss=0.3148
2026-09-23 07:03:11,350 INFO train epoch 29/50 batch 39/66 (59%) running_loss=0.3116
2026-09-23 07:03:12,114 INFO train epoch 29/50 batch 52/66 (79%) running_loss=0.3123
2026-09-23 07:03:12,841 INFO train epoch 29/50 batch 65/66 (98%) running_loss=0.3138
2026-09-23 07:03:12,871 INFO train epoch 29/50 batch 66/66 (100%) running_loss=0.3137
2026-09-23 07:03:13,907 INFO epoch 29/50 done: train_loss=0.3137 val_loss=0.2113 val_accuracy=0.9467 val_macro_f1=0.9268 val_macro_auc=0.9912 (checkpoint_metric=macro_auc)
2026-09-23 07:03:15,062 INFO train epoch 30/50 batch 13/66 (20%) running_loss=0.3174
2026-09-23 07:03:15,821 INFO train epoch 30/50 batch 26/66 (39%) running_loss=0.3154
2026-09-23 07:03:16,597 INFO train epoch 30/50 batch 39/66 (59%) running_loss=0.3188
2026-09-23 07:03:17,374 INFO train epoch 30/50 batch 52/66 (79%) running_loss=0.3161
2026-09-23 07:03:18,124 INFO train epoch 30/50 batch 65/66 (98%) running_loss=0.3146
2026-09-23 07:03:18,153 INFO train epoch 30/50 batch 66/66 (100%) running_loss=0.3145
2026-09-23 07:03:19,181 INFO epoch 30/50 done: train_loss=0.3145 val_loss=0.2080 val_accuracy=0.9406 val_macro_f1=0.9191 val_macro_auc=0.9916 (checkpoint_metric=macro_auc)
2026-09-23 07:03:20,298 INFO train epoch 31/50 batch 13/66 (20%) running_loss=0.3062
2026-09-23 07:03:21,052 INFO train epoch 31/50 batch 26/66 (39%) running_loss=0.3095
2026-09-23 07:03:21,823 INFO train epoch 31/50 batch 39/66 (59%) running_loss=0.3106
2026-09-23 07:03:22,617 INFO train epoch 31/50 batch 52/66 (79%) running_loss=0.3122
2026-09-23 07:03:23,379 INFO train epoch 31/50 batch 65/66 (98%) running_loss=0.3124
2026-09-23 07:03:23,451 INFO train epoch 31/50 batch 66/66 (100%) running_loss=0.3123
2026-09-23 07:03:24,504 INFO epoch 31/50 done: train_loss=0.3123 val_loss=0.2012 val_accuracy=0.9467 val_macro_f1=0.9276 val_macro_auc=0.9916 (checkpoint_metric=macro_auc)
2026-09-23 07:03:25,589 INFO train epoch 32/50 batch 13/66 (20%) running_loss=0.3121
2026-09-23 07:03:26,344 INFO train epoch 32/50 batch 26/66 (39%) running_loss=0.3105
2026-09-23 07:03:27,124 INFO train epoch 32/50 batch 39/66 (59%) running_loss=0.3100
2026-09-23 07:03:27,886 INFO train epoch 32/50 batch 52/66 (79%) running_loss=0.3106
2026-09-23 07:03:28,641 INFO train epoch 32/50 batch 65/66 (98%) running_loss=0.3105
2026-09-23 07:03:28,670 INFO train epoch 32/50 batch 66/66 (100%) running_loss=0.3104
2026-09-23 07:03:29,695 INFO epoch 32/50 done: train_loss=0.3104 val_loss=0.2100 val_accuracy=0.9467 val_macro_f1=0.9278 val_macro_auc=0.9905 (checkpoint_metric=macro_auc)
2026-09-23 07:03:30,772 INFO train epoch 33/50 batch 13/66 (20%) running_loss=0.3112
2026-09-23 07:03:31,545 INFO train epoch 33/50 batch 26/66 (39%) running_loss=0.3135
2026-09-23 07:03:32,325 INFO train epoch 33/50 batch 39/66 (59%) running_loss=0.3128
2026-09-23 07:03:33,098 INFO train epoch 33/50 batch 52/66 (79%) running_loss=0.3147
2026-09-23 07:03:33,824 INFO train epoch 33/50 batch 65/66 (98%) running_loss=0.3127
2026-09-23 07:03:33,888 INFO train epoch 33/50 batch 66/66 (100%) running_loss=0.3126
2026-09-23 07:03:34,925 INFO epoch 33/50 done: train_loss=0.3126 val_loss=0.2183 val_accuracy=0.9406 val_macro_f1=0.9197 val_macro_auc=0.9902 (checkpoint_metric=macro_auc)
2026-09-23 07:03:36,057 INFO train epoch 34/50 batch 13/66 (20%) running_loss=0.3119
2026-09-23 07:03:36,825 INFO train epoch 34/50 batch 26/66 (39%) running_loss=0.3107
2026-09-23 07:03:37,546 INFO train epoch 34/50 batch 39/66 (59%) running_loss=0.3097
2026-09-23 07:03:38,326 INFO train epoch 34/50 batch 52/66 (79%) running_loss=0.3091
2026-09-23 07:03:39,107 INFO train epoch 34/50 batch 65/66 (98%) running_loss=0.3091
2026-09-23 07:03:39,185 INFO train epoch 34/50 batch 66/66 (100%) running_loss=0.3091
2026-09-23 07:03:40,229 INFO epoch 34/50 done: train_loss=0.3091 val_loss=0.2026 val_accuracy=0.9447 val_macro_f1=0.9245 val_macro_auc=0.9914 (checkpoint_metric=macro_auc)
2026-09-23 07:03:41,312 INFO train epoch 35/50 batch 13/66 (20%) running_loss=0.3076
2026-09-23 07:03:42,089 INFO train epoch 35/50 batch 26/66 (39%) running_loss=0.3097
2026-09-23 07:03:42,849 INFO train epoch 35/50 batch 39/66 (59%) running_loss=0.3077
2026-09-23 07:03:43,651 INFO train epoch 35/50 batch 52/66 (79%) running_loss=0.3082
2026-09-23 07:03:44,396 INFO train epoch 35/50 batch 65/66 (98%) running_loss=0.3088
2026-09-23 07:03:44,455 INFO train epoch 35/50 batch 66/66 (100%) running_loss=0.3088
2026-09-23 07:03:45,497 INFO epoch 35/50 done: train_loss=0.3088 val_loss=0.2115 val_accuracy=0.9426 val_macro_f1=0.9221 val_macro_auc=0.9908 (checkpoint_metric=macro_auc)
2026-09-23 07:03:46,591 INFO train epoch 36/50 batch 13/66 (20%) running_loss=0.3040
2026-09-23 07:03:47,342 INFO train epoch 36/50 batch 26/66 (39%) running_loss=0.3130
2026-09-23 07:03:48,188 INFO train epoch 36/50 batch 39/66 (59%) running_loss=0.3114
2026-09-23 07:03:48,987 INFO train epoch 36/50 batch 52/66 (79%) running_loss=0.3101
2026-09-23 07:03:49,743 INFO train epoch 36/50 batch 65/66 (98%) running_loss=0.3102
2026-09-23 07:03:49,771 INFO train epoch 36/50 batch 66/66 (100%) running_loss=0.3102
2026-09-23 07:03:50,806 INFO epoch 36/50 done: train_loss=0.3102 val_loss=0.2010 val_accuracy=0.9447 val_macro_f1=0.9244 val_macro_auc=0.9925 (checkpoint_metric=macro_auc)
2026-09-23 07:03:51,947 INFO train epoch 37/50 batch 13/66 (20%) running_loss=0.3078
2026-09-23 07:03:52,718 INFO train epoch 37/50 batch 26/66 (39%) running_loss=0.3080
2026-09-23 07:03:53,531 INFO train epoch 37/50 batch 39/66 (59%) running_loss=0.3113
2026-09-23 07:03:54,325 INFO train epoch 37/50 batch 52/66 (79%) running_loss=0.3111
2026-09-23 07:03:55,118 INFO train epoch 37/50 batch 65/66 (98%) running_loss=0.3105
2026-09-23 07:03:55,195 INFO train epoch 37/50 batch 66/66 (100%) running_loss=0.3104
2026-09-23 07:03:56,807 INFO epoch 37/50 done: train_loss=0.3104 val_loss=0.1921 val_accuracy=0.9467 val_macro_f1=0.9266 val_macro_auc=0.9923 (checkpoint_metric=macro_auc) [new best]
2026-09-23 07:03:57,955 INFO train epoch 38/50 batch 13/66 (20%) running_loss=0.3111
2026-09-23 07:03:58,748 INFO train epoch 38/50 batch 26/66 (39%) running_loss=0.3114
2026-09-23 07:03:59,491 INFO train epoch 38/50 batch 39/66 (59%) running_loss=0.3104
2026-09-23 07:04:00,246 INFO train epoch 38/50 batch 52/66 (79%) running_loss=0.3107
2026-09-23 07:04:00,998 INFO train epoch 38/50 batch 65/66 (98%) running_loss=0.3110
2026-09-23 07:04:01,028 INFO train epoch 38/50 batch 66/66 (100%) running_loss=0.3112
2026-09-23 07:04:02,574 INFO epoch 38/50 done: train_loss=0.3112 val_loss=0.2172 val_accuracy=0.9406 val_macro_f1=0.9197 val_macro_auc=0.9912 (checkpoint_metric=macro_auc) [new best]
2026-09-23 07:04:03,685 INFO train epoch 39/50 batch 13/66 (20%) running_loss=0.3058
2026-09-23 07:04:04,531 INFO train epoch 39/50 batch 26/66 (39%) running_loss=0.3053
2026-09-23 07:04:05,300 INFO train epoch 39/50 batch 39/66 (59%) running_loss=0.3067
2026-09-23 07:04:06,033 INFO train epoch 39/50 batch 52/66 (79%) running_loss=0.3084
2026-09-23 07:04:06,785 INFO train epoch 39/50 batch 65/66 (98%) running_loss=0.3084
2026-09-23 07:04:06,859 INFO train epoch 39/50 batch 66/66 (100%) running_loss=0.3084
2026-09-23 07:04:07,896 INFO epoch 39/50 done: train_loss=0.3084 val_loss=0.2019 val_accuracy=0.9447 val_macro_f1=0.9239 val_macro_auc=0.9917 (checkpoint_metric=macro_auc)
2026-09-23 07:04:08,998 INFO train epoch 40/50 batch 13/66 (20%) running_loss=0.3084
2026-09-23 07:04:09,791 INFO train epoch 40/50 batch 26/66 (39%) running_loss=0.3106
2026-09-23 07:04:10,578 INFO train epoch 40/50 batch 39/66 (59%) running_loss=0.3101
2026-09-23 07:04:11,384 INFO train epoch 40/50 batch 52/66 (79%) running_loss=0.3092
2026-09-23 07:04:12,235 INFO train epoch 40/50 batch 65/66 (98%) running_loss=0.3086
2026-09-23 07:04:12,264 INFO train epoch 40/50 batch 66/66 (100%) running_loss=0.3086
2026-09-23 07:04:13,324 INFO epoch 40/50 done: train_loss=0.3086 val_loss=0.1939 val_accuracy=0.9467 val_macro_f1=0.9266 val_macro_auc=0.9925 (checkpoint_metric=macro_auc)
2026-09-23 07:04:14,421 INFO train epoch 41/50 batch 13/66 (20%) running_loss=0.3084
2026-09-23 07:04:15,159 INFO train epoch 41/50 batch 26/66 (39%) running_loss=0.3069
2026-09-23 07:04:15,964 INFO train epoch 41/50 batch 39/66 (59%) running_loss=0.3104
2026-09-23 07:04:16,764 INFO train epoch 41/50 batch 52/66 (79%) running_loss=0.3110
2026-09-23 07:04:17,535 INFO train epoch 41/50 batch 65/66 (98%) running_loss=0.3112
2026-09-23 07:04:17,564 INFO train epoch 41/50 batch 66/66 (100%) running_loss=0.3111
2026-09-23 07:04:19,113 INFO epoch 41/50 done: train_loss=0.3111 val_loss=0.1917 val_accuracy=0.9467 val_macro_f1=0.9263 val_macro_auc=0.9922 (checkpoint_metric=macro_auc) [new best]
2026-09-23 07:04:20,204 INFO train epoch 42/50 batch 13/66 (20%) running_loss=0.3082
2026-09-23 07:04:20,962 INFO train epoch 42/50 batch 26/66 (39%) running_loss=0.3099
2026-09-23 07:04:21,840 INFO train epoch 42/50 batch 39/66 (59%) running_loss=0.3117
2026-09-23 07:04:22,656 INFO train epoch 42/50 batch 52/66 (79%) running_loss=0.3111
2026-09-23 07:04:23,412 INFO train epoch 42/50 batch 65/66 (98%) running_loss=0.3098
2026-09-23 07:04:23,441 INFO train epoch 42/50 batch 66/66 (100%) running_loss=0.3099
2026-09-23 07:04:24,466 INFO epoch 42/50 done: train_loss=0.3099 val_loss=0.2092 val_accuracy=0.9426 val_macro_f1=0.9221 val_macro_auc=0.9915 (checkpoint_metric=macro_auc)
2026-09-23 07:04:25,641 INFO train epoch 43/50 batch 13/66 (20%) running_loss=0.3203
2026-09-23 07:04:26,444 INFO train epoch 43/50 batch 26/66 (39%) running_loss=0.3171
2026-09-23 07:04:27,187 INFO train epoch 43/50 batch 39/66 (59%) running_loss=0.3138
2026-09-23 07:04:27,908 INFO train epoch 43/50 batch 52/66 (79%) running_loss=0.3133
2026-09-23 07:04:28,773 INFO train epoch 43/50 batch 65/66 (98%) running_loss=0.3122
2026-09-23 07:04:28,802 INFO train epoch 43/50 batch 66/66 (100%) running_loss=0.3121
2026-09-23 07:04:29,830 INFO epoch 43/50 done: train_loss=0.3121 val_loss=0.1975 val_accuracy=0.9467 val_macro_f1=0.9263 val_macro_auc=0.9919 (checkpoint_metric=macro_auc)
2026-09-23 07:04:30,909 INFO train epoch 44/50 batch 13/66 (20%) running_loss=0.3036
2026-09-23 07:04:31,703 INFO train epoch 44/50 batch 26/66 (39%) running_loss=0.3066
2026-09-23 07:04:32,490 INFO train epoch 44/50 batch 39/66 (59%) running_loss=0.3092
2026-09-23 07:04:33,293 INFO train epoch 44/50 batch 52/66 (79%) running_loss=0.3098
2026-09-23 07:04:34,085 INFO train epoch 44/50 batch 65/66 (98%) running_loss=0.3100
2026-09-23 07:04:34,164 INFO train epoch 44/50 batch 66/66 (100%) running_loss=0.3099
2026-09-23 07:04:35,227 INFO epoch 44/50 done: train_loss=0.3099 val_loss=0.2108 val_accuracy=0.9406 val_macro_f1=0.9197 val_macro_auc=0.9908 (checkpoint_metric=macro_auc)
2026-09-23 07:04:36,310 INFO train epoch 45/50 batch 13/66 (20%) running_loss=0.3127
2026-09-23 07:04:37,078 INFO train epoch 45/50 batch 26/66 (39%) running_loss=0.3141
2026-09-23 07:04:37,848 INFO train epoch 45/50 batch 39/66 (59%) running_loss=0.3106
2026-09-23 07:04:38,675 INFO train epoch 45/50 batch 52/66 (79%) running_loss=0.3122
2026-09-23 07:04:39,466 INFO train epoch 45/50 batch 65/66 (98%) running_loss=0.3112
2026-09-23 07:04:39,494 INFO train epoch 45/50 batch 66/66 (100%) running_loss=0.3114
2026-09-23 07:04:40,512 INFO epoch 45/50 done: train_loss=0.3114 val_loss=0.2055 val_accuracy=0.9447 val_macro_f1=0.9244 val_macro_auc=0.9912 (checkpoint_metric=macro_auc)
2026-09-23 07:04:41,622 INFO train epoch 46/50 batch 13/66 (20%) running_loss=0.3126
2026-09-23 07:04:42,370 INFO train epoch 46/50 batch 26/66 (39%) running_loss=0.3089
2026-09-23 07:04:43,171 INFO train epoch 46/50 batch 39/66 (59%) running_loss=0.3119
2026-09-23 07:04:43,972 INFO train epoch 46/50 batch 52/66 (79%) running_loss=0.3105
2026-09-23 07:04:44,727 INFO train epoch 46/50 batch 65/66 (98%) running_loss=0.3097
2026-09-23 07:04:44,809 INFO train epoch 46/50 batch 66/66 (100%) running_loss=0.3096
2026-09-23 07:04:45,859 INFO epoch 46/50 done: train_loss=0.3096 val_loss=0.2092 val_accuracy=0.9426 val_macro_f1=0.9221 val_macro_auc=0.9907 (checkpoint_metric=macro_auc)
2026-09-23 07:04:46,968 INFO train epoch 47/50 batch 13/66 (20%) running_loss=0.3070
2026-09-23 07:04:47,742 INFO train epoch 47/50 batch 26/66 (39%) running_loss=0.3074
2026-09-23 07:04:48,500 INFO train epoch 47/50 batch 39/66 (59%) running_loss=0.3089
2026-09-23 07:04:49,289 INFO train epoch 47/50 batch 52/66 (79%) running_loss=0.3097
2026-09-23 07:04:50,113 INFO train epoch 47/50 batch 65/66 (98%) running_loss=0.3096
2026-09-23 07:04:50,142 INFO train epoch 47/50 batch 66/66 (100%) running_loss=0.3095
2026-09-23 07:04:51,192 INFO epoch 47/50 done: train_loss=0.3095 val_loss=0.2064 val_accuracy=0.9426 val_macro_f1=0.9211 val_macro_auc=0.9910 (checkpoint_metric=macro_auc)
2026-09-23 07:04:52,306 INFO train epoch 48/50 batch 13/66 (20%) running_loss=0.3160
2026-09-23 07:04:53,088 INFO train epoch 48/50 batch 26/66 (39%) running_loss=0.3124
2026-09-23 07:04:53,898 INFO train epoch 48/50 batch 39/66 (59%) running_loss=0.3110
2026-09-23 07:04:54,687 INFO train epoch 48/50 batch 52/66 (79%) running_loss=0.3096
2026-09-23 07:04:55,524 INFO train epoch 48/50 batch 65/66 (98%) running_loss=0.3103
2026-09-23 07:04:55,554 INFO train epoch 48/50 batch 66/66 (100%) running_loss=0.3104
2026-09-23 07:04:56,617 INFO epoch 48/50 done: train_loss=0.3104 val_loss=0.1954 val_accuracy=0.9467 val_macro_f1=0.9260 val_macro_auc=0.9919 (checkpoint_metric=macro_auc)
2026-09-23 07:04:57,705 INFO train epoch 49/50 batch 13/66 (20%) running_loss=0.3106
2026-09-23 07:04:58,610 INFO train epoch 49/50 batch 26/66 (39%) running_loss=0.3094
2026-09-23 07:04:59,356 INFO train epoch 49/50 batch 39/66 (59%) running_loss=0.3101
2026-09-23 07:05:00,118 INFO train epoch 49/50 batch 52/66 (79%) running_loss=0.3090
2026-09-23 07:05:00,850 INFO train epoch 49/50 batch 65/66 (98%) running_loss=0.3082
2026-09-23 07:05:00,931 INFO train epoch 49/50 batch 66/66 (100%) running_loss=0.3083
2026-09-23 07:05:01,976 INFO epoch 49/50 done: train_loss=0.3083 val_loss=0.2082 val_accuracy=0.9426 val_macro_f1=0.9215 val_macro_auc=0.9913 (checkpoint_metric=macro_auc)
2026-09-23 07:05:03,050 INFO train epoch 50/50 batch 13/66 (20%) running_loss=0.3091
2026-09-23 07:05:03,863 INFO train epoch 50/50 batch 26/66 (39%) running_loss=0.3092
2026-09-23 07:05:04,663 INFO train epoch 50/50 batch 39/66 (59%) running_loss=0.3081
2026-09-23 07:05:05,475 INFO train epoch 50/50 batch 52/66 (79%) running_loss=0.3097
2026-09-23 07:05:06,312 INFO train epoch 50/50 batch 65/66 (98%) running_loss=0.3100
2026-09-23 07:05:06,340 INFO train epoch 50/50 batch 66/66 (100%) running_loss=0.3100
2026-09-23 07:05:07,394 INFO epoch 50/50 done: train_loss=0.3100 val_loss=0.2113 val_accuracy=0.9447 val_macro_f1=0.9244 val_macro_auc=0.9910 (checkpoint_metric=macro_auc)
2026-09-23 07:05:07,544 INFO Training finished. Best epoch=41, smoothed macro_auc=0.9921 (window=3)
2026-09-23 07:05:09,178 INFO Test set evaluated once: accuracy=0.8924 macro_f1=0.8815 macro_auc=0.9718
2026-09-23 07:05:09,804 INFO Model size: 21.29M params, 0.676 GFLOPs at 96x96
