2026-09-17 22:14:03,882 INFO Starting baseline training: model=senet device=cuda amp=True image_size=96 epochs=50 lr=0.001 optimizer=sgd
2026-09-17 22:14:04,136 INFO Dataset ready: 3 classes, 2102 train / 488 val samples (split reused from outputs/baseline_senet_96_fixed_s3/split_indices.json)
2026-09-17 22:14:04,137 INFO Augmentation policy: legacy fixed ops ('brightness', 'rotation'), from outputs/fixedda_run/augmentation_run/selected_legacy_policy.json
2026-09-17 22:14:04,861 INFO Classes: {'glioma_tumor': 0, 'meningioma_tumor': 1, 'pituitary_tumor': 2}
2026-09-17 22:14:04,861 INFO Regularization: weight_decay=7.0e-04 label_smoothing=0.10 grad_clip_norm=5.0
2026-09-17 22:14:07,180 INFO train epoch 1/50 batch 13/66 (20%) running_loss=1.0625
2026-09-17 22:14:08,041 INFO train epoch 1/50 batch 26/66 (39%) running_loss=1.0146
2026-09-17 22:14:08,881 INFO train epoch 1/50 batch 39/66 (59%) running_loss=0.9655
2026-09-17 22:14:09,726 INFO train epoch 1/50 batch 52/66 (79%) running_loss=0.9272
2026-09-17 22:14:10,497 INFO train epoch 1/50 batch 65/66 (98%) running_loss=0.8872
2026-09-17 22:14:10,839 INFO train epoch 1/50 batch 66/66 (100%) running_loss=0.8840
2026-09-17 22:14:12,319 INFO epoch 1/50 done: train_loss=0.8840 val_loss=0.5871 val_accuracy=0.8279 val_macro_f1=0.7552 val_macro_auc=0.9389 (checkpoint_metric=macro_auc) [new best]
2026-09-17 22:14:13,595 INFO train epoch 2/50 batch 13/66 (20%) running_loss=0.6763
2026-09-17 22:14:14,464 INFO train epoch 2/50 batch 26/66 (39%) running_loss=0.6480
2026-09-17 22:14:15,172 INFO train epoch 2/50 batch 39/66 (59%) running_loss=0.6305
2026-09-17 22:14:16,070 INFO train epoch 2/50 batch 52/66 (79%) running_loss=0.6166
2026-09-17 22:14:16,843 INFO train epoch 2/50 batch 65/66 (98%) running_loss=0.6083
2026-09-17 22:14:16,897 INFO train epoch 2/50 batch 66/66 (100%) running_loss=0.6077
2026-09-17 22:14:18,598 INFO epoch 2/50 done: train_loss=0.6077 val_loss=0.3675 val_accuracy=0.8955 val_macro_f1=0.8658 val_macro_auc=0.9766 (checkpoint_metric=macro_auc) [new best]
2026-09-17 22:14:19,870 INFO train epoch 3/50 batch 13/66 (20%) running_loss=0.4986
2026-09-17 22:14:20,708 INFO train epoch 3/50 batch 26/66 (39%) running_loss=0.4940
2026-09-17 22:14:21,529 INFO train epoch 3/50 batch 39/66 (59%) running_loss=0.4948
2026-09-17 22:14:22,444 INFO train epoch 3/50 batch 52/66 (79%) running_loss=0.4937
2026-09-17 22:14:23,200 INFO train epoch 3/50 batch 65/66 (98%) running_loss=0.4950
2026-09-17 22:14:23,253 INFO train epoch 3/50 batch 66/66 (100%) running_loss=0.4945
2026-09-17 22:14:24,958 INFO epoch 3/50 done: train_loss=0.4945 val_loss=0.2784 val_accuracy=0.9160 val_macro_f1=0.8867 val_macro_auc=0.9848 (checkpoint_metric=macro_auc) [new best]
2026-09-17 22:14:26,266 INFO train epoch 4/50 batch 13/66 (20%) running_loss=0.4312
2026-09-17 22:14:27,009 INFO train epoch 4/50 batch 26/66 (39%) running_loss=0.4328
2026-09-17 22:14:27,851 INFO train epoch 4/50 batch 39/66 (59%) running_loss=0.4339
2026-09-17 22:14:28,720 INFO train epoch 4/50 batch 52/66 (79%) running_loss=0.4325
2026-09-17 22:14:29,408 INFO train epoch 4/50 batch 65/66 (98%) running_loss=0.4365
2026-09-17 22:14:29,462 INFO train epoch 4/50 batch 66/66 (100%) running_loss=0.4371
2026-09-17 22:14:31,129 INFO epoch 4/50 done: train_loss=0.4371 val_loss=0.2677 val_accuracy=0.9180 val_macro_f1=0.8906 val_macro_auc=0.9835 (checkpoint_metric=macro_auc) [new best]
2026-09-17 22:14:32,408 INFO train epoch 5/50 batch 13/66 (20%) running_loss=0.4298
2026-09-17 22:14:33,270 INFO train epoch 5/50 batch 26/66 (39%) running_loss=0.4288
2026-09-17 22:14:34,102 INFO train epoch 5/50 batch 39/66 (59%) running_loss=0.4200
2026-09-17 22:14:34,943 INFO train epoch 5/50 batch 52/66 (79%) running_loss=0.4205
2026-09-17 22:14:35,705 INFO train epoch 5/50 batch 65/66 (98%) running_loss=0.4170
2026-09-17 22:14:35,758 INFO train epoch 5/50 batch 66/66 (100%) running_loss=0.4168
2026-09-17 22:14:37,493 INFO epoch 5/50 done: train_loss=0.4168 val_loss=0.2588 val_accuracy=0.9160 val_macro_f1=0.8836 val_macro_auc=0.9821 (checkpoint_metric=macro_auc) [new best]
2026-09-17 22:14:38,680 INFO train epoch 6/50 batch 13/66 (20%) running_loss=0.3889
2026-09-17 22:14:39,514 INFO train epoch 6/50 batch 26/66 (39%) running_loss=0.3807
2026-09-17 22:14:40,277 INFO train epoch 6/50 batch 39/66 (59%) running_loss=0.3975
2026-09-17 22:14:41,089 INFO train epoch 6/50 batch 52/66 (79%) running_loss=0.3894
2026-09-17 22:14:41,854 INFO train epoch 6/50 batch 65/66 (98%) running_loss=0.3893
2026-09-17 22:14:41,907 INFO train epoch 6/50 batch 66/66 (100%) running_loss=0.3889
2026-09-17 22:14:43,048 INFO epoch 6/50 done: train_loss=0.3889 val_loss=0.2537 val_accuracy=0.9180 val_macro_f1=0.8899 val_macro_auc=0.9819 (checkpoint_metric=macro_auc)
2026-09-17 22:14:44,327 INFO train epoch 7/50 batch 13/66 (20%) running_loss=0.3578
2026-09-17 22:14:45,200 INFO train epoch 7/50 batch 26/66 (39%) running_loss=0.3654
2026-09-17 22:14:45,968 INFO train epoch 7/50 batch 39/66 (59%) running_loss=0.3667
2026-09-17 22:14:46,788 INFO train epoch 7/50 batch 52/66 (79%) running_loss=0.3664
2026-09-17 22:14:47,546 INFO train epoch 7/50 batch 65/66 (98%) running_loss=0.3708
2026-09-17 22:14:47,599 INFO train epoch 7/50 batch 66/66 (100%) running_loss=0.3704
2026-09-17 22:14:48,729 INFO epoch 7/50 done: train_loss=0.3704 val_loss=0.2940 val_accuracy=0.9078 val_macro_f1=0.8795 val_macro_auc=0.9766 (checkpoint_metric=macro_auc)
2026-09-17 22:14:49,967 INFO train epoch 8/50 batch 13/66 (20%) running_loss=0.3711
2026-09-17 22:14:50,819 INFO train epoch 8/50 batch 26/66 (39%) running_loss=0.3649
2026-09-17 22:14:51,675 INFO train epoch 8/50 batch 39/66 (59%) running_loss=0.3675
2026-09-17 22:14:52,537 INFO train epoch 8/50 batch 52/66 (79%) running_loss=0.3608
2026-09-17 22:14:53,250 INFO train epoch 8/50 batch 65/66 (98%) running_loss=0.3581
2026-09-17 22:14:53,301 INFO train epoch 8/50 batch 66/66 (100%) running_loss=0.3588
2026-09-17 22:14:54,377 INFO epoch 8/50 done: train_loss=0.3588 val_loss=0.2772 val_accuracy=0.9201 val_macro_f1=0.8924 val_macro_auc=0.9763 (checkpoint_metric=macro_auc)
2026-09-17 22:14:55,655 INFO train epoch 9/50 batch 13/66 (20%) running_loss=0.3593
2026-09-17 22:14:56,525 INFO train epoch 9/50 batch 26/66 (39%) running_loss=0.3633
2026-09-17 22:14:57,352 INFO train epoch 9/50 batch 39/66 (59%) running_loss=0.3591
2026-09-17 22:14:58,126 INFO train epoch 9/50 batch 52/66 (79%) running_loss=0.3578
2026-09-17 22:14:58,924 INFO train epoch 9/50 batch 65/66 (98%) running_loss=0.3547
2026-09-17 22:14:58,976 INFO train epoch 9/50 batch 66/66 (100%) running_loss=0.3548
2026-09-17 22:15:00,110 INFO epoch 9/50 done: train_loss=0.3548 val_loss=0.2555 val_accuracy=0.9242 val_macro_f1=0.8992 val_macro_auc=0.9787 (checkpoint_metric=macro_auc)
2026-09-17 22:15:01,366 INFO train epoch 10/50 batch 13/66 (20%) running_loss=0.3285
2026-09-17 22:15:02,218 INFO train epoch 10/50 batch 26/66 (39%) running_loss=0.3334
2026-09-17 22:15:02,915 INFO train epoch 10/50 batch 39/66 (59%) running_loss=0.3356
2026-09-17 22:15:03,831 INFO train epoch 10/50 batch 52/66 (79%) running_loss=0.3360
2026-09-17 22:15:04,594 INFO train epoch 10/50 batch 65/66 (98%) running_loss=0.3354
2026-09-17 22:15:04,647 INFO train epoch 10/50 batch 66/66 (100%) running_loss=0.3355
2026-09-17 22:15:05,729 INFO epoch 10/50 done: train_loss=0.3355 val_loss=0.2478 val_accuracy=0.9324 val_macro_f1=0.9064 val_macro_auc=0.9777 (checkpoint_metric=macro_auc)
2026-09-17 22:15:07,026 INFO train epoch 11/50 batch 13/66 (20%) running_loss=0.3340
2026-09-17 22:15:07,859 INFO train epoch 11/50 batch 26/66 (39%) running_loss=0.3328
2026-09-17 22:15:08,637 INFO train epoch 11/50 batch 39/66 (59%) running_loss=0.3344
2026-09-17 22:15:09,515 INFO train epoch 11/50 batch 52/66 (79%) running_loss=0.3341
2026-09-17 22:15:10,276 INFO train epoch 11/50 batch 65/66 (98%) running_loss=0.3354
2026-09-17 22:15:10,328 INFO train epoch 11/50 batch 66/66 (100%) running_loss=0.3351
2026-09-17 22:15:11,451 INFO epoch 11/50 done: train_loss=0.3351 val_loss=0.2662 val_accuracy=0.9344 val_macro_f1=0.9114 val_macro_auc=0.9742 (checkpoint_metric=macro_auc)
2026-09-17 22:15:12,704 INFO train epoch 12/50 batch 13/66 (20%) running_loss=0.3286
2026-09-17 22:15:13,582 INFO train epoch 12/50 batch 26/66 (39%) running_loss=0.3306
2026-09-17 22:15:14,290 INFO train epoch 12/50 batch 39/66 (59%) running_loss=0.3289
2026-09-17 22:15:15,188 INFO train epoch 12/50 batch 52/66 (79%) running_loss=0.3306
2026-09-17 22:15:15,955 INFO train epoch 12/50 batch 65/66 (98%) running_loss=0.3321
2026-09-17 22:15:16,008 INFO train epoch 12/50 batch 66/66 (100%) running_loss=0.3322
2026-09-17 22:15:17,066 INFO epoch 12/50 done: train_loss=0.3322 val_loss=0.2535 val_accuracy=0.9324 val_macro_f1=0.9083 val_macro_auc=0.9789 (checkpoint_metric=macro_auc)
2026-09-17 22:15:18,316 INFO train epoch 13/50 batch 13/66 (20%) running_loss=0.3241
2026-09-17 22:15:19,179 INFO train epoch 13/50 batch 26/66 (39%) running_loss=0.3322
2026-09-17 22:15:19,957 INFO train epoch 13/50 batch 39/66 (59%) running_loss=0.3298
2026-09-17 22:15:20,722 INFO train epoch 13/50 batch 52/66 (79%) running_loss=0.3337
2026-09-17 22:15:21,551 INFO train epoch 13/50 batch 65/66 (98%) running_loss=0.3348
2026-09-17 22:15:21,603 INFO train epoch 13/50 batch 66/66 (100%) running_loss=0.3344
2026-09-17 22:15:22,738 INFO epoch 13/50 done: train_loss=0.3344 val_loss=0.2635 val_accuracy=0.9221 val_macro_f1=0.8969 val_macro_auc=0.9791 (checkpoint_metric=macro_auc)
2026-09-17 22:15:24,017 INFO train epoch 14/50 batch 13/66 (20%) running_loss=0.3121
2026-09-17 22:15:24,778 INFO train epoch 14/50 batch 26/66 (39%) running_loss=0.3137
2026-09-17 22:15:25,644 INFO train epoch 14/50 batch 39/66 (59%) running_loss=0.3143
2026-09-17 22:15:26,475 INFO train epoch 14/50 batch 52/66 (79%) running_loss=0.3174
2026-09-17 22:15:27,257 INFO train epoch 14/50 batch 65/66 (98%) running_loss=0.3219
2026-09-17 22:15:27,309 INFO train epoch 14/50 batch 66/66 (100%) running_loss=0.3217
2026-09-17 22:15:28,409 INFO epoch 14/50 done: train_loss=0.3217 val_loss=0.2521 val_accuracy=0.9283 val_macro_f1=0.9031 val_macro_auc=0.9795 (checkpoint_metric=macro_auc)
2026-09-17 22:15:29,647 INFO train epoch 15/50 batch 13/66 (20%) running_loss=0.3294
2026-09-17 22:15:30,525 INFO train epoch 15/50 batch 26/66 (39%) running_loss=0.3313
2026-09-17 22:15:31,343 INFO train epoch 15/50 batch 39/66 (59%) running_loss=0.3265
2026-09-17 22:15:32,178 INFO train epoch 15/50 batch 52/66 (79%) running_loss=0.3252
2026-09-17 22:15:32,942 INFO train epoch 15/50 batch 65/66 (98%) running_loss=0.3242
2026-09-17 22:15:32,994 INFO train epoch 15/50 batch 66/66 (100%) running_loss=0.3262
2026-09-17 22:15:34,144 INFO epoch 15/50 done: train_loss=0.3262 val_loss=0.2486 val_accuracy=0.9283 val_macro_f1=0.9044 val_macro_auc=0.9821 (checkpoint_metric=macro_auc)
2026-09-17 22:15:35,432 INFO train epoch 16/50 batch 13/66 (20%) running_loss=0.3290
2026-09-17 22:15:36,233 INFO train epoch 16/50 batch 26/66 (39%) running_loss=0.3252
2026-09-17 22:15:37,086 INFO train epoch 16/50 batch 39/66 (59%) running_loss=0.3256
2026-09-17 22:15:37,910 INFO train epoch 16/50 batch 52/66 (79%) running_loss=0.3264
2026-09-17 22:15:38,626 INFO train epoch 16/50 batch 65/66 (98%) running_loss=0.3245
2026-09-17 22:15:38,679 INFO train epoch 16/50 batch 66/66 (100%) running_loss=0.3242
2026-09-17 22:15:39,757 INFO epoch 16/50 done: train_loss=0.3242 val_loss=0.2483 val_accuracy=0.9324 val_macro_f1=0.9073 val_macro_auc=0.9789 (checkpoint_metric=macro_auc)
2026-09-17 22:15:41,038 INFO train epoch 17/50 batch 13/66 (20%) running_loss=0.3136
2026-09-17 22:15:41,866 INFO train epoch 17/50 batch 26/66 (39%) running_loss=0.3122
2026-09-17 22:15:42,728 INFO train epoch 17/50 batch 39/66 (59%) running_loss=0.3133
2026-09-17 22:15:43,564 INFO train epoch 17/50 batch 52/66 (79%) running_loss=0.3141
2026-09-17 22:15:44,355 INFO train epoch 17/50 batch 65/66 (98%) running_loss=0.3139
2026-09-17 22:15:44,407 INFO train epoch 17/50 batch 66/66 (100%) running_loss=0.3138
2026-09-17 22:15:45,530 INFO epoch 17/50 done: train_loss=0.3138 val_loss=0.2510 val_accuracy=0.9283 val_macro_f1=0.9047 val_macro_auc=0.9812 (checkpoint_metric=macro_auc)
2026-09-17 22:15:46,801 INFO train epoch 18/50 batch 13/66 (20%) running_loss=0.3118
2026-09-17 22:15:47,493 INFO train epoch 18/50 batch 26/66 (39%) running_loss=0.3115
2026-09-17 22:15:48,395 INFO train epoch 18/50 batch 39/66 (59%) running_loss=0.3136
2026-09-17 22:15:49,258 INFO train epoch 18/50 batch 52/66 (79%) running_loss=0.3169
2026-09-17 22:15:50,024 INFO train epoch 18/50 batch 65/66 (98%) running_loss=0.3177
2026-09-17 22:15:50,076 INFO train epoch 18/50 batch 66/66 (100%) running_loss=0.3190
2026-09-17 22:15:51,231 INFO epoch 18/50 done: train_loss=0.3190 val_loss=0.2765 val_accuracy=0.9221 val_macro_f1=0.8970 val_macro_auc=0.9791 (checkpoint_metric=macro_auc)
2026-09-17 22:15:52,498 INFO train epoch 19/50 batch 13/66 (20%) running_loss=0.3255
2026-09-17 22:15:53,360 INFO train epoch 19/50 batch 26/66 (39%) running_loss=0.3185
2026-09-17 22:15:54,190 INFO train epoch 19/50 batch 39/66 (59%) running_loss=0.3212
2026-09-17 22:15:55,014 INFO train epoch 19/50 batch 52/66 (79%) running_loss=0.3212
2026-09-17 22:15:55,793 INFO train epoch 19/50 batch 65/66 (98%) running_loss=0.3187
2026-09-17 22:15:55,845 INFO train epoch 19/50 batch 66/66 (100%) running_loss=0.3186
2026-09-17 22:15:56,913 INFO epoch 19/50 done: train_loss=0.3186 val_loss=0.2433 val_accuracy=0.9242 val_macro_f1=0.8982 val_macro_auc=0.9823 (checkpoint_metric=macro_auc)
2026-09-17 22:15:58,194 INFO train epoch 20/50 batch 13/66 (20%) running_loss=0.3100
2026-09-17 22:15:59,054 INFO train epoch 20/50 batch 26/66 (39%) running_loss=0.3094
2026-09-17 22:15:59,787 INFO train epoch 20/50 batch 39/66 (59%) running_loss=0.3121
2026-09-17 22:16:00,635 INFO train epoch 20/50 batch 52/66 (79%) running_loss=0.3129
2026-09-17 22:16:01,360 INFO train epoch 20/50 batch 65/66 (98%) running_loss=0.3137
2026-09-17 22:16:01,412 INFO train epoch 20/50 batch 66/66 (100%) running_loss=0.3135
2026-09-17 22:16:02,572 INFO epoch 20/50 done: train_loss=0.3135 val_loss=0.2623 val_accuracy=0.9139 val_macro_f1=0.8868 val_macro_auc=0.9800 (checkpoint_metric=macro_auc)
2026-09-17 22:16:03,853 INFO train epoch 21/50 batch 13/66 (20%) running_loss=0.3119
2026-09-17 22:16:04,669 INFO train epoch 21/50 batch 26/66 (39%) running_loss=0.3129
2026-09-17 22:16:05,525 INFO train epoch 21/50 batch 39/66 (59%) running_loss=0.3118
2026-09-17 22:16:06,372 INFO train epoch 21/50 batch 52/66 (79%) running_loss=0.3129
2026-09-17 22:16:07,146 INFO train epoch 21/50 batch 65/66 (98%) running_loss=0.3130
2026-09-17 22:16:07,199 INFO train epoch 21/50 batch 66/66 (100%) running_loss=0.3129
2026-09-17 22:16:08,262 INFO epoch 21/50 done: train_loss=0.3129 val_loss=0.2658 val_accuracy=0.9180 val_macro_f1=0.8936 val_macro_auc=0.9826 (checkpoint_metric=macro_auc)
2026-09-17 22:16:09,533 INFO train epoch 22/50 batch 13/66 (20%) running_loss=0.3047
2026-09-17 22:16:10,391 INFO train epoch 22/50 batch 26/66 (39%) running_loss=0.3072
2026-09-17 22:16:11,215 INFO train epoch 22/50 batch 39/66 (59%) running_loss=0.3098
2026-09-17 22:16:12,078 INFO train epoch 22/50 batch 52/66 (79%) running_loss=0.3088
2026-09-17 22:16:12,820 INFO train epoch 22/50 batch 65/66 (98%) running_loss=0.3092
2026-09-17 22:16:12,872 INFO train epoch 22/50 batch 66/66 (100%) running_loss=0.3092
2026-09-17 22:16:13,975 INFO epoch 22/50 done: train_loss=0.3092 val_loss=0.2496 val_accuracy=0.9180 val_macro_f1=0.8918 val_macro_auc=0.9831 (checkpoint_metric=macro_auc)
2026-09-17 22:16:15,241 INFO train epoch 23/50 batch 13/66 (20%) running_loss=0.3095
2026-09-17 22:16:16,018 INFO train epoch 23/50 batch 26/66 (39%) running_loss=0.3078
2026-09-17 22:16:16,837 INFO train epoch 23/50 batch 39/66 (59%) running_loss=0.3097
2026-09-17 22:16:17,723 INFO train epoch 23/50 batch 52/66 (79%) running_loss=0.3088
2026-09-17 22:16:18,479 INFO train epoch 23/50 batch 65/66 (98%) running_loss=0.3082
2026-09-17 22:16:18,531 INFO train epoch 23/50 batch 66/66 (100%) running_loss=0.3082
2026-09-17 22:16:19,650 INFO epoch 23/50 done: train_loss=0.3082 val_loss=0.2745 val_accuracy=0.9160 val_macro_f1=0.8911 val_macro_auc=0.9802 (checkpoint_metric=macro_auc)
2026-09-17 22:16:20,930 INFO train epoch 24/50 batch 13/66 (20%) running_loss=0.3155
2026-09-17 22:16:21,784 INFO train epoch 24/50 batch 26/66 (39%) running_loss=0.3134
2026-09-17 22:16:22,562 INFO train epoch 24/50 batch 39/66 (59%) running_loss=0.3131
2026-09-17 22:16:23,358 INFO train epoch 24/50 batch 52/66 (79%) running_loss=0.3124
2026-09-17 22:16:24,139 INFO train epoch 24/50 batch 65/66 (98%) running_loss=0.3118
2026-09-17 22:16:24,192 INFO train epoch 24/50 batch 66/66 (100%) running_loss=0.3118
2026-09-17 22:16:25,329 INFO epoch 24/50 done: train_loss=0.3118 val_loss=0.2519 val_accuracy=0.9201 val_macro_f1=0.8953 val_macro_auc=0.9827 (checkpoint_metric=macro_auc)
2026-09-17 22:16:26,596 INFO train epoch 25/50 batch 13/66 (20%) running_loss=0.3030
2026-09-17 22:16:27,468 INFO train epoch 25/50 batch 26/66 (39%) running_loss=0.3089
2026-09-17 22:16:28,321 INFO train epoch 25/50 batch 39/66 (59%) running_loss=0.3078
2026-09-17 22:16:29,162 INFO train epoch 25/50 batch 52/66 (79%) running_loss=0.3078
2026-09-17 22:16:29,828 INFO train epoch 25/50 batch 65/66 (98%) running_loss=0.3070
2026-09-17 22:16:29,881 INFO train epoch 25/50 batch 66/66 (100%) running_loss=0.3070
2026-09-17 22:16:30,983 INFO epoch 25/50 done: train_loss=0.3070 val_loss=0.2358 val_accuracy=0.9344 val_macro_f1=0.9114 val_macro_auc=0.9824 (checkpoint_metric=macro_auc)
2026-09-17 22:16:32,256 INFO train epoch 26/50 batch 13/66 (20%) running_loss=0.3097
2026-09-17 22:16:33,082 INFO train epoch 26/50 batch 26/66 (39%) running_loss=0.3080
2026-09-17 22:16:33,835 INFO train epoch 26/50 batch 39/66 (59%) running_loss=0.3121
2026-09-17 22:16:34,717 INFO train epoch 26/50 batch 52/66 (79%) running_loss=0.3110
2026-09-17 22:16:35,460 INFO train epoch 26/50 batch 65/66 (98%) running_loss=0.3106
2026-09-17 22:16:35,512 INFO train epoch 26/50 batch 66/66 (100%) running_loss=0.3105
2026-09-17 22:16:36,644 INFO epoch 26/50 done: train_loss=0.3105 val_loss=0.2532 val_accuracy=0.9242 val_macro_f1=0.9007 val_macro_auc=0.9822 (checkpoint_metric=macro_auc)
2026-09-17 22:16:37,886 INFO train epoch 27/50 batch 13/66 (20%) running_loss=0.3091
2026-09-17 22:16:38,573 INFO train epoch 27/50 batch 26/66 (39%) running_loss=0.3075
2026-09-17 22:16:39,495 INFO train epoch 27/50 batch 39/66 (59%) running_loss=0.3067
2026-09-17 22:16:40,348 INFO train epoch 27/50 batch 52/66 (79%) running_loss=0.3077
2026-09-17 22:16:41,108 INFO train epoch 27/50 batch 65/66 (98%) running_loss=0.3092
2026-09-17 22:16:41,161 INFO train epoch 27/50 batch 66/66 (100%) running_loss=0.3091
2026-09-17 22:16:42,277 INFO epoch 27/50 done: train_loss=0.3091 val_loss=0.2228 val_accuracy=0.9426 val_macro_f1=0.9202 val_macro_auc=0.9844 (checkpoint_metric=macro_auc)
2026-09-17 22:16:43,510 INFO train epoch 28/50 batch 13/66 (20%) running_loss=0.3057
2026-09-17 22:16:44,390 INFO train epoch 28/50 batch 26/66 (39%) running_loss=0.3056
2026-09-17 22:16:45,241 INFO train epoch 28/50 batch 39/66 (59%) running_loss=0.3053
2026-09-17 22:16:46,106 INFO train epoch 28/50 batch 52/66 (79%) running_loss=0.3049
2026-09-17 22:16:46,857 INFO train epoch 28/50 batch 65/66 (98%) running_loss=0.3055
2026-09-17 22:16:46,909 INFO train epoch 28/50 batch 66/66 (100%) running_loss=0.3055
2026-09-17 22:16:48,042 INFO epoch 28/50 done: train_loss=0.3055 val_loss=0.2411 val_accuracy=0.9283 val_macro_f1=0.9050 val_macro_auc=0.9835 (checkpoint_metric=macro_auc)
2026-09-17 22:16:49,270 INFO train epoch 29/50 batch 13/66 (20%) running_loss=0.3085
2026-09-17 22:16:50,027 INFO train epoch 29/50 batch 26/66 (39%) running_loss=0.3098
2026-09-17 22:16:50,905 INFO train epoch 29/50 batch 39/66 (59%) running_loss=0.3085
2026-09-17 22:16:51,724 INFO train epoch 29/50 batch 52/66 (79%) running_loss=0.3093
2026-09-17 22:16:52,491 INFO train epoch 29/50 batch 65/66 (98%) running_loss=0.3080
2026-09-17 22:16:52,543 INFO train epoch 29/50 batch 66/66 (100%) running_loss=0.3082
2026-09-17 22:16:53,657 INFO epoch 29/50 done: train_loss=0.3082 val_loss=0.2454 val_accuracy=0.9324 val_macro_f1=0.9097 val_macro_auc=0.9811 (checkpoint_metric=macro_auc)
2026-09-17 22:16:54,952 INFO train epoch 30/50 batch 13/66 (20%) running_loss=0.3245
2026-09-17 22:16:55,804 INFO train epoch 30/50 batch 26/66 (39%) running_loss=0.3125
2026-09-17 22:16:56,532 INFO train epoch 30/50 batch 39/66 (59%) running_loss=0.3095
2026-09-17 22:16:57,342 INFO train epoch 30/50 batch 52/66 (79%) running_loss=0.3085
2026-09-17 22:16:58,113 INFO train epoch 30/50 batch 65/66 (98%) running_loss=0.3072
2026-09-17 22:16:58,165 INFO train epoch 30/50 batch 66/66 (100%) running_loss=0.3072
2026-09-17 22:16:59,306 INFO epoch 30/50 done: train_loss=0.3072 val_loss=0.2399 val_accuracy=0.9324 val_macro_f1=0.9090 val_macro_auc=0.9829 (checkpoint_metric=macro_auc)
2026-09-17 22:17:00,559 INFO train epoch 31/50 batch 13/66 (20%) running_loss=0.3073
2026-09-17 22:17:01,323 INFO train epoch 31/50 batch 26/66 (39%) running_loss=0.3067
2026-09-17 22:17:02,148 INFO train epoch 31/50 batch 39/66 (59%) running_loss=0.3064
2026-09-17 22:17:03,031 INFO train epoch 31/50 batch 52/66 (79%) running_loss=0.3054
2026-09-17 22:17:03,704 INFO train epoch 31/50 batch 65/66 (98%) running_loss=0.3050
2026-09-17 22:17:03,756 INFO train epoch 31/50 batch 66/66 (100%) running_loss=0.3050
2026-09-17 22:17:04,860 INFO epoch 31/50 done: train_loss=0.3050 val_loss=0.2419 val_accuracy=0.9303 val_macro_f1=0.9071 val_macro_auc=0.9824 (checkpoint_metric=macro_auc)
2026-09-17 22:17:06,140 INFO train epoch 32/50 batch 13/66 (20%) running_loss=0.3036
2026-09-17 22:17:06,905 INFO train epoch 32/50 batch 26/66 (39%) running_loss=0.3032
2026-09-17 22:17:07,709 INFO train epoch 32/50 batch 39/66 (59%) running_loss=0.3071
2026-09-17 22:17:08,596 INFO train epoch 32/50 batch 52/66 (79%) running_loss=0.3070
2026-09-17 22:17:09,309 INFO train epoch 32/50 batch 65/66 (98%) running_loss=0.3062
2026-09-17 22:17:09,362 INFO train epoch 32/50 batch 66/66 (100%) running_loss=0.3062
2026-09-17 22:17:10,467 INFO epoch 32/50 done: train_loss=0.3062 val_loss=0.2477 val_accuracy=0.9262 val_macro_f1=0.9029 val_macro_auc=0.9833 (checkpoint_metric=macro_auc)
2026-09-17 22:17:11,700 INFO train epoch 33/50 batch 13/66 (20%) running_loss=0.3069
2026-09-17 22:17:12,458 INFO train epoch 33/50 batch 26/66 (39%) running_loss=0.3056
2026-09-17 22:17:13,352 INFO train epoch 33/50 batch 39/66 (59%) running_loss=0.3065
2026-09-17 22:17:14,218 INFO train epoch 33/50 batch 52/66 (79%) running_loss=0.3076
2026-09-17 22:17:14,982 INFO train epoch 33/50 batch 65/66 (98%) running_loss=0.3074
2026-09-17 22:17:15,034 INFO train epoch 33/50 batch 66/66 (100%) running_loss=0.3084
2026-09-17 22:17:16,167 INFO epoch 33/50 done: train_loss=0.3084 val_loss=0.2495 val_accuracy=0.9283 val_macro_f1=0.9058 val_macro_auc=0.9832 (checkpoint_metric=macro_auc)
2026-09-17 22:17:17,438 INFO train epoch 34/50 batch 13/66 (20%) running_loss=0.3006
2026-09-17 22:17:18,311 INFO train epoch 34/50 batch 26/66 (39%) running_loss=0.3074
2026-09-17 22:17:19,036 INFO train epoch 34/50 batch 39/66 (59%) running_loss=0.3076
2026-09-17 22:17:19,911 INFO train epoch 34/50 batch 52/66 (79%) running_loss=0.3082
2026-09-17 22:17:20,675 INFO train epoch 34/50 batch 65/66 (98%) running_loss=0.3073
2026-09-17 22:17:20,728 INFO train epoch 34/50 batch 66/66 (100%) running_loss=0.3072
2026-09-17 22:17:21,870 INFO epoch 34/50 done: train_loss=0.3072 val_loss=0.2638 val_accuracy=0.9160 val_macro_f1=0.8905 val_macro_auc=0.9835 (checkpoint_metric=macro_auc)
2026-09-17 22:17:23,145 INFO train epoch 35/50 batch 13/66 (20%) running_loss=0.3030
2026-09-17 22:17:24,020 INFO train epoch 35/50 batch 26/66 (39%) running_loss=0.3049
2026-09-17 22:17:24,813 INFO train epoch 35/50 batch 39/66 (59%) running_loss=0.3051
2026-09-17 22:17:25,585 INFO train epoch 35/50 batch 52/66 (79%) running_loss=0.3051
2026-09-17 22:17:26,346 INFO train epoch 35/50 batch 65/66 (98%) running_loss=0.3041
2026-09-17 22:17:26,398 INFO train epoch 35/50 batch 66/66 (100%) running_loss=0.3041
2026-09-17 22:17:27,513 INFO epoch 35/50 done: train_loss=0.3041 val_loss=0.2370 val_accuracy=0.9262 val_macro_f1=0.8994 val_macro_auc=0.9838 (checkpoint_metric=macro_auc)
2026-09-17 22:17:28,812 INFO train epoch 36/50 batch 13/66 (20%) running_loss=0.3047
2026-09-17 22:17:29,628 INFO train epoch 36/50 batch 26/66 (39%) running_loss=0.3043
2026-09-17 22:17:30,449 INFO train epoch 36/50 batch 39/66 (59%) running_loss=0.3037
2026-09-17 22:17:31,317 INFO train epoch 36/50 batch 52/66 (79%) running_loss=0.3053
2026-09-17 22:17:32,090 INFO train epoch 36/50 batch 65/66 (98%) running_loss=0.3046
2026-09-17 22:17:32,142 INFO train epoch 36/50 batch 66/66 (100%) running_loss=0.3046
2026-09-17 22:17:33,778 INFO epoch 36/50 done: train_loss=0.3046 val_loss=0.2502 val_accuracy=0.9262 val_macro_f1=0.9026 val_macro_auc=0.9836 (checkpoint_metric=macro_auc) [new best]
2026-09-17 22:17:35,067 INFO train epoch 37/50 batch 13/66 (20%) running_loss=0.3026
2026-09-17 22:17:35,877 INFO train epoch 37/50 batch 26/66 (39%) running_loss=0.3032
2026-09-17 22:17:36,744 INFO train epoch 37/50 batch 39/66 (59%) running_loss=0.3028
2026-09-17 22:17:37,548 INFO train epoch 37/50 batch 52/66 (79%) running_loss=0.3037
2026-09-17 22:17:38,323 INFO train epoch 37/50 batch 65/66 (98%) running_loss=0.3032
2026-09-17 22:17:38,375 INFO train epoch 37/50 batch 66/66 (100%) running_loss=0.3032
2026-09-17 22:17:40,085 INFO epoch 37/50 done: train_loss=0.3032 val_loss=0.2317 val_accuracy=0.9324 val_macro_f1=0.9080 val_macro_auc=0.9844 (checkpoint_metric=macro_auc) [new best]
2026-09-17 22:17:41,388 INFO train epoch 38/50 batch 13/66 (20%) running_loss=0.3071
2026-09-17 22:17:42,216 INFO train epoch 38/50 batch 26/66 (39%) running_loss=0.3064
2026-09-17 22:17:43,082 INFO train epoch 38/50 batch 39/66 (59%) running_loss=0.3056
2026-09-17 22:17:43,959 INFO train epoch 38/50 batch 52/66 (79%) running_loss=0.3047
2026-09-17 22:17:44,727 INFO train epoch 38/50 batch 65/66 (98%) running_loss=0.3049
2026-09-17 22:17:44,779 INFO train epoch 38/50 batch 66/66 (100%) running_loss=0.3048
2026-09-17 22:17:46,532 INFO epoch 38/50 done: train_loss=0.3048 val_loss=0.2345 val_accuracy=0.9303 val_macro_f1=0.9057 val_macro_auc=0.9847 (checkpoint_metric=macro_auc) [new best]
2026-09-17 22:17:47,846 INFO train epoch 39/50 batch 13/66 (20%) running_loss=0.3113
2026-09-17 22:17:48,516 INFO train epoch 39/50 batch 26/66 (39%) running_loss=0.3084
2026-09-17 22:17:49,408 INFO train epoch 39/50 batch 39/66 (59%) running_loss=0.3071
2026-09-17 22:17:50,299 INFO train epoch 39/50 batch 52/66 (79%) running_loss=0.3065
2026-09-17 22:17:51,055 INFO train epoch 39/50 batch 65/66 (98%) running_loss=0.3062
2026-09-17 22:17:51,107 INFO train epoch 39/50 batch 66/66 (100%) running_loss=0.3061
2026-09-17 22:17:52,895 INFO epoch 39/50 done: train_loss=0.3061 val_loss=0.2239 val_accuracy=0.9385 val_macro_f1=0.9154 val_macro_auc=0.9850 (checkpoint_metric=macro_auc) [new best]
2026-09-17 22:17:54,160 INFO train epoch 40/50 batch 13/66 (20%) running_loss=0.3035
2026-09-17 22:17:55,028 INFO train epoch 40/50 batch 26/66 (39%) running_loss=0.3024
2026-09-17 22:17:55,855 INFO train epoch 40/50 batch 39/66 (59%) running_loss=0.3048
2026-09-17 22:17:56,716 INFO train epoch 40/50 batch 52/66 (79%) running_loss=0.3067
2026-09-17 22:17:57,484 INFO train epoch 40/50 batch 65/66 (98%) running_loss=0.3056
2026-09-17 22:17:57,536 INFO train epoch 40/50 batch 66/66 (100%) running_loss=0.3056
2026-09-17 22:17:58,690 INFO epoch 40/50 done: train_loss=0.3056 val_loss=0.2531 val_accuracy=0.9283 val_macro_f1=0.9048 val_macro_auc=0.9834 (checkpoint_metric=macro_auc)
2026-09-17 22:17:59,970 INFO train epoch 41/50 batch 13/66 (20%) running_loss=0.3081
2026-09-17 22:18:00,856 INFO train epoch 41/50 batch 26/66 (39%) running_loss=0.3079
2026-09-17 22:18:01,739 INFO train epoch 41/50 batch 39/66 (59%) running_loss=0.3063
2026-09-17 22:18:02,608 INFO train epoch 41/50 batch 52/66 (79%) running_loss=0.3051
2026-09-17 22:18:03,360 INFO train epoch 41/50 batch 65/66 (98%) running_loss=0.3051
2026-09-17 22:18:03,412 INFO train epoch 41/50 batch 66/66 (100%) running_loss=0.3050
2026-09-17 22:18:04,487 INFO epoch 41/50 done: train_loss=0.3050 val_loss=0.2377 val_accuracy=0.9344 val_macro_f1=0.9121 val_macro_auc=0.9837 (checkpoint_metric=macro_auc)
2026-09-17 22:18:05,777 INFO train epoch 42/50 batch 13/66 (20%) running_loss=0.3013
2026-09-17 22:18:06,507 INFO train epoch 42/50 batch 26/66 (39%) running_loss=0.3002
2026-09-17 22:18:07,287 INFO train epoch 42/50 batch 39/66 (59%) running_loss=0.3007
2026-09-17 22:18:08,065 INFO train epoch 42/50 batch 52/66 (79%) running_loss=0.3018
2026-09-17 22:18:08,874 INFO train epoch 42/50 batch 65/66 (98%) running_loss=0.3017
2026-09-17 22:18:08,925 INFO train epoch 42/50 batch 66/66 (100%) running_loss=0.3020
2026-09-17 22:18:10,061 INFO epoch 42/50 done: train_loss=0.3020 val_loss=0.2427 val_accuracy=0.9324 val_macro_f1=0.9097 val_macro_auc=0.9842 (checkpoint_metric=macro_auc)
2026-09-17 22:18:11,345 INFO train epoch 43/50 batch 13/66 (20%) running_loss=0.3151
2026-09-17 22:18:12,175 INFO train epoch 43/50 batch 26/66 (39%) running_loss=0.3088
2026-09-17 22:18:12,947 INFO train epoch 43/50 batch 39/66 (59%) running_loss=0.3064
2026-09-17 22:18:13,791 INFO train epoch 43/50 batch 52/66 (79%) running_loss=0.3054
2026-09-17 22:18:14,638 INFO train epoch 43/50 batch 65/66 (98%) running_loss=0.3042
2026-09-17 22:18:14,690 INFO train epoch 43/50 batch 66/66 (100%) running_loss=0.3044
2026-09-17 22:18:15,765 INFO epoch 43/50 done: train_loss=0.3044 val_loss=0.2477 val_accuracy=0.9221 val_macro_f1=0.8960 val_macro_auc=0.9844 (checkpoint_metric=macro_auc)
2026-09-17 22:18:16,984 INFO train epoch 44/50 batch 13/66 (20%) running_loss=0.3099
2026-09-17 22:18:17,792 INFO train epoch 44/50 batch 26/66 (39%) running_loss=0.3086
2026-09-17 22:18:18,703 INFO train epoch 44/50 batch 39/66 (59%) running_loss=0.3066
2026-09-17 22:18:19,550 INFO train epoch 44/50 batch 52/66 (79%) running_loss=0.3069
2026-09-17 22:18:20,307 INFO train epoch 44/50 batch 65/66 (98%) running_loss=0.3060
2026-09-17 22:18:20,359 INFO train epoch 44/50 batch 66/66 (100%) running_loss=0.3061
2026-09-17 22:18:21,504 INFO epoch 44/50 done: train_loss=0.3061 val_loss=0.2411 val_accuracy=0.9262 val_macro_f1=0.9002 val_macro_auc=0.9840 (checkpoint_metric=macro_auc)
2026-09-17 22:18:22,789 INFO train epoch 45/50 batch 13/66 (20%) running_loss=0.3005
2026-09-17 22:18:23,633 INFO train epoch 45/50 batch 26/66 (39%) running_loss=0.3016
2026-09-17 22:18:24,414 INFO train epoch 45/50 batch 39/66 (59%) running_loss=0.3018
2026-09-17 22:18:25,216 INFO train epoch 45/50 batch 52/66 (79%) running_loss=0.3028
2026-09-17 22:18:26,000 INFO train epoch 45/50 batch 65/66 (98%) running_loss=0.3028
2026-09-17 22:18:26,054 INFO train epoch 45/50 batch 66/66 (100%) running_loss=0.3033
2026-09-17 22:18:27,133 INFO epoch 45/50 done: train_loss=0.3033 val_loss=0.2279 val_accuracy=0.9385 val_macro_f1=0.9154 val_macro_auc=0.9840 (checkpoint_metric=macro_auc)
2026-09-17 22:18:28,383 INFO train epoch 46/50 batch 13/66 (20%) running_loss=0.3001
2026-09-17 22:18:29,158 INFO train epoch 46/50 batch 26/66 (39%) running_loss=0.3023
2026-09-17 22:18:30,029 INFO train epoch 46/50 batch 39/66 (59%) running_loss=0.3032
2026-09-17 22:18:30,876 INFO train epoch 46/50 batch 52/66 (79%) running_loss=0.3027
2026-09-17 22:18:31,644 INFO train epoch 46/50 batch 65/66 (98%) running_loss=0.3032
2026-09-17 22:18:31,697 INFO train epoch 46/50 batch 66/66 (100%) running_loss=0.3031
2026-09-17 22:18:32,796 INFO epoch 46/50 done: train_loss=0.3031 val_loss=0.2483 val_accuracy=0.9242 val_macro_f1=0.8996 val_macro_auc=0.9840 (checkpoint_metric=macro_auc)
2026-09-17 22:18:34,069 INFO train epoch 47/50 batch 13/66 (20%) running_loss=0.3020
2026-09-17 22:18:34,935 INFO train epoch 47/50 batch 26/66 (39%) running_loss=0.3027
2026-09-17 22:18:35,804 INFO train epoch 47/50 batch 39/66 (59%) running_loss=0.3031
2026-09-17 22:18:36,621 INFO train epoch 47/50 batch 52/66 (79%) running_loss=0.3038
2026-09-17 22:18:37,373 INFO train epoch 47/50 batch 65/66 (98%) running_loss=0.3033
2026-09-17 22:18:37,426 INFO train epoch 47/50 batch 66/66 (100%) running_loss=0.3038
2026-09-17 22:18:38,503 INFO epoch 47/50 done: train_loss=0.3038 val_loss=0.2228 val_accuracy=0.9365 val_macro_f1=0.9113 val_macro_auc=0.9851 (checkpoint_metric=macro_auc)
2026-09-17 22:18:39,799 INFO train epoch 48/50 batch 13/66 (20%) running_loss=0.3123
2026-09-17 22:18:40,547 INFO train epoch 48/50 batch 26/66 (39%) running_loss=0.3072
2026-09-17 22:18:41,368 INFO train epoch 48/50 batch 39/66 (59%) running_loss=0.3073
2026-09-17 22:18:42,203 INFO train epoch 48/50 batch 52/66 (79%) running_loss=0.3074
2026-09-17 22:18:42,962 INFO train epoch 48/50 batch 65/66 (98%) running_loss=0.3064
2026-09-17 22:18:43,014 INFO train epoch 48/50 batch 66/66 (100%) running_loss=0.3065
2026-09-17 22:18:44,157 INFO epoch 48/50 done: train_loss=0.3065 val_loss=0.2356 val_accuracy=0.9365 val_macro_f1=0.9130 val_macro_auc=0.9847 (checkpoint_metric=macro_auc)
2026-09-17 22:18:45,441 INFO train epoch 49/50 batch 13/66 (20%) running_loss=0.3020
2026-09-17 22:18:46,313 INFO train epoch 49/50 batch 26/66 (39%) running_loss=0.3014
2026-09-17 22:18:47,102 INFO train epoch 49/50 batch 39/66 (59%) running_loss=0.3018
2026-09-17 22:18:47,934 INFO train epoch 49/50 batch 52/66 (79%) running_loss=0.3016
2026-09-17 22:18:48,735 INFO train epoch 49/50 batch 65/66 (98%) running_loss=0.3013
2026-09-17 22:18:48,787 INFO train epoch 49/50 batch 66/66 (100%) running_loss=0.3030
2026-09-17 22:18:50,315 INFO epoch 49/50 done: train_loss=0.3030 val_loss=0.2409 val_accuracy=0.9344 val_macro_f1=0.9121 val_macro_auc=0.9845 (checkpoint_metric=macro_auc) [new best]
2026-09-17 22:18:51,597 INFO train epoch 50/50 batch 13/66 (20%) running_loss=0.3069
2026-09-17 22:18:52,433 INFO train epoch 50/50 batch 26/66 (39%) running_loss=0.3055
2026-09-17 22:18:53,300 INFO train epoch 50/50 batch 39/66 (59%) running_loss=0.3040
2026-09-17 22:18:54,115 INFO train epoch 50/50 batch 52/66 (79%) running_loss=0.3046
2026-09-17 22:18:54,911 INFO train epoch 50/50 batch 65/66 (98%) running_loss=0.3036
2026-09-17 22:18:54,965 INFO train epoch 50/50 batch 66/66 (100%) running_loss=0.3036
2026-09-17 22:18:56,088 INFO epoch 50/50 done: train_loss=0.3036 val_loss=0.2321 val_accuracy=0.9365 val_macro_f1=0.9127 val_macro_auc=0.9845 (checkpoint_metric=macro_auc)
2026-09-17 22:18:56,239 INFO Training finished. Best epoch=49, smoothed macro_auc=0.9848 (window=3)
2026-09-17 22:18:58,127 INFO Test set evaluated once: accuracy=0.9030 macro_f1=0.8942 macro_auc=0.9650
2026-09-17 22:18:58,841 INFO Model size: 26.05M params, 0.719 GFLOPs at 96x96
