2026-09-17 21:35:12,794 INFO Starting baseline training: model=densenet121 device=cuda amp=True image_size=96 epochs=50 lr=0.001 optimizer=sgd
2026-09-17 21:35:13,047 INFO Dataset ready: 3 classes, 2102 train / 488 val samples (split reused from outputs/baseline_densenet121_96_fixed_s3/split_indices.json)
2026-09-17 21:35:13,048 INFO Augmentation policy: legacy fixed ops ('brightness', 'rotation'), from outputs/fixedda_run/augmentation_run/selected_legacy_policy.json
2026-09-17 21:35:13,425 INFO Classes: {'glioma_tumor': 0, 'meningioma_tumor': 1, 'pituitary_tumor': 2}
2026-09-17 21:35:13,426 INFO Regularization: weight_decay=7.0e-04 label_smoothing=0.10 grad_clip_norm=5.0
2026-09-17 21:35:16,242 INFO train epoch 1/50 batch 13/66 (20%) running_loss=1.2636
2026-09-17 21:35:17,313 INFO train epoch 1/50 batch 26/66 (39%) running_loss=1.1249
2026-09-17 21:35:18,357 INFO train epoch 1/50 batch 39/66 (59%) running_loss=1.0115
2026-09-17 21:35:19,408 INFO train epoch 1/50 batch 52/66 (79%) running_loss=0.9398
2026-09-17 21:35:20,426 INFO train epoch 1/50 batch 65/66 (98%) running_loss=0.8732
2026-09-17 21:35:21,173 INFO train epoch 1/50 batch 66/66 (100%) running_loss=0.8704
2026-09-17 21:35:22,855 INFO epoch 1/50 done: train_loss=0.8704 val_loss=0.4687 val_accuracy=0.8504 val_macro_f1=0.8164 val_macro_auc=0.9576 (checkpoint_metric=macro_auc) [new best]
2026-09-17 21:35:24,363 INFO train epoch 2/50 batch 13/66 (20%) running_loss=0.5788
2026-09-17 21:35:25,446 INFO train epoch 2/50 batch 26/66 (39%) running_loss=0.5652
2026-09-17 21:35:26,514 INFO train epoch 2/50 batch 39/66 (59%) running_loss=0.5483
2026-09-17 21:35:27,604 INFO train epoch 2/50 batch 52/66 (79%) running_loss=0.5359
2026-09-17 21:35:28,668 INFO train epoch 2/50 batch 65/66 (98%) running_loss=0.5332
2026-09-17 21:35:28,750 INFO train epoch 2/50 batch 66/66 (100%) running_loss=0.5340
2026-09-17 21:35:30,108 INFO epoch 2/50 done: train_loss=0.5340 val_loss=0.2903 val_accuracy=0.9098 val_macro_f1=0.8835 val_macro_auc=0.9874 (checkpoint_metric=macro_auc) [new best]
2026-09-17 21:35:31,693 INFO train epoch 3/50 batch 13/66 (20%) running_loss=0.4533
2026-09-17 21:35:32,758 INFO train epoch 3/50 batch 26/66 (39%) running_loss=0.4553
2026-09-17 21:35:33,779 INFO train epoch 3/50 batch 39/66 (59%) running_loss=0.4507
2026-09-17 21:35:34,832 INFO train epoch 3/50 batch 52/66 (79%) running_loss=0.4537
2026-09-17 21:35:35,866 INFO train epoch 3/50 batch 65/66 (98%) running_loss=0.4497
2026-09-17 21:35:35,951 INFO train epoch 3/50 batch 66/66 (100%) running_loss=0.4496
2026-09-17 21:35:37,274 INFO epoch 3/50 done: train_loss=0.4496 val_loss=0.2368 val_accuracy=0.9201 val_macro_f1=0.8935 val_macro_auc=0.9885 (checkpoint_metric=macro_auc) [new best]
2026-09-17 21:35:38,948 INFO train epoch 4/50 batch 13/66 (20%) running_loss=0.4138
2026-09-17 21:35:40,131 INFO train epoch 4/50 batch 26/66 (39%) running_loss=0.4098
2026-09-17 21:35:41,207 INFO train epoch 4/50 batch 39/66 (59%) running_loss=0.4081
2026-09-17 21:35:42,241 INFO train epoch 4/50 batch 52/66 (79%) running_loss=0.4078
2026-09-17 21:35:43,277 INFO train epoch 4/50 batch 65/66 (98%) running_loss=0.4082
2026-09-17 21:35:43,361 INFO train epoch 4/50 batch 66/66 (100%) running_loss=0.4091
2026-09-17 21:35:44,762 INFO epoch 4/50 done: train_loss=0.4091 val_loss=0.2724 val_accuracy=0.9037 val_macro_f1=0.8749 val_macro_auc=0.9868 (checkpoint_metric=macro_auc) [new best]
2026-09-17 21:35:46,418 INFO train epoch 5/50 batch 13/66 (20%) running_loss=0.3834
2026-09-17 21:35:47,480 INFO train epoch 5/50 batch 26/66 (39%) running_loss=0.3750
2026-09-17 21:35:48,533 INFO train epoch 5/50 batch 39/66 (59%) running_loss=0.3768
2026-09-17 21:35:49,582 INFO train epoch 5/50 batch 52/66 (79%) running_loss=0.3803
2026-09-17 21:35:50,676 INFO train epoch 5/50 batch 65/66 (98%) running_loss=0.3779
2026-09-17 21:35:50,759 INFO train epoch 5/50 batch 66/66 (100%) running_loss=0.3784
2026-09-17 21:35:52,106 INFO epoch 5/50 done: train_loss=0.3784 val_loss=0.2381 val_accuracy=0.9324 val_macro_f1=0.9089 val_macro_auc=0.9890 (checkpoint_metric=macro_auc) [new best]
2026-09-17 21:35:53,671 INFO train epoch 6/50 batch 13/66 (20%) running_loss=0.3620
2026-09-17 21:35:54,722 INFO train epoch 6/50 batch 26/66 (39%) running_loss=0.3572
2026-09-17 21:35:55,777 INFO train epoch 6/50 batch 39/66 (59%) running_loss=0.3673
2026-09-17 21:35:56,864 INFO train epoch 6/50 batch 52/66 (79%) running_loss=0.3657
2026-09-17 21:35:57,910 INFO train epoch 6/50 batch 65/66 (98%) running_loss=0.3652
2026-09-17 21:35:57,992 INFO train epoch 6/50 batch 66/66 (100%) running_loss=0.3651
2026-09-17 21:35:59,290 INFO epoch 6/50 done: train_loss=0.3651 val_loss=0.1981 val_accuracy=0.9365 val_macro_f1=0.9150 val_macro_auc=0.9910 (checkpoint_metric=macro_auc) [new best]
2026-09-17 21:36:00,888 INFO train epoch 7/50 batch 13/66 (20%) running_loss=0.3555
2026-09-17 21:36:01,969 INFO train epoch 7/50 batch 26/66 (39%) running_loss=0.3621
2026-09-17 21:36:03,032 INFO train epoch 7/50 batch 39/66 (59%) running_loss=0.3609
2026-09-17 21:36:04,122 INFO train epoch 7/50 batch 52/66 (79%) running_loss=0.3594
2026-09-17 21:36:05,164 INFO train epoch 7/50 batch 65/66 (98%) running_loss=0.3564
2026-09-17 21:36:05,246 INFO train epoch 7/50 batch 66/66 (100%) running_loss=0.3563
2026-09-17 21:36:06,618 INFO epoch 7/50 done: train_loss=0.3563 val_loss=0.2275 val_accuracy=0.9180 val_macro_f1=0.8933 val_macro_auc=0.9908 (checkpoint_metric=macro_auc) [new best]
2026-09-17 21:36:08,350 INFO train epoch 8/50 batch 13/66 (20%) running_loss=0.3436
2026-09-17 21:36:09,571 INFO train epoch 8/50 batch 26/66 (39%) running_loss=0.3414
2026-09-17 21:36:10,781 INFO train epoch 8/50 batch 39/66 (59%) running_loss=0.3429
2026-09-17 21:36:11,999 INFO train epoch 8/50 batch 52/66 (79%) running_loss=0.3431
2026-09-17 21:36:13,097 INFO train epoch 8/50 batch 65/66 (98%) running_loss=0.3426
2026-09-17 21:36:13,178 INFO train epoch 8/50 batch 66/66 (100%) running_loss=0.3425
2026-09-17 21:36:14,509 INFO epoch 8/50 done: train_loss=0.3425 val_loss=0.2268 val_accuracy=0.9303 val_macro_f1=0.9080 val_macro_auc=0.9895 (checkpoint_metric=macro_auc) [new best]
2026-09-17 21:36:16,002 INFO train epoch 9/50 batch 13/66 (20%) running_loss=0.3243
2026-09-17 21:36:17,041 INFO train epoch 9/50 batch 26/66 (39%) running_loss=0.3279
2026-09-17 21:36:18,086 INFO train epoch 9/50 batch 39/66 (59%) running_loss=0.3322
2026-09-17 21:36:19,165 INFO train epoch 9/50 batch 52/66 (79%) running_loss=0.3369
2026-09-17 21:36:20,257 INFO train epoch 9/50 batch 65/66 (98%) running_loss=0.3361
2026-09-17 21:36:20,339 INFO train epoch 9/50 batch 66/66 (100%) running_loss=0.3361
2026-09-17 21:36:21,460 INFO epoch 9/50 done: train_loss=0.3361 val_loss=0.2388 val_accuracy=0.9242 val_macro_f1=0.9021 val_macro_auc=0.9910 (checkpoint_metric=macro_auc)
2026-09-17 21:36:23,081 INFO train epoch 10/50 batch 13/66 (20%) running_loss=0.3307
2026-09-17 21:36:24,312 INFO train epoch 10/50 batch 26/66 (39%) running_loss=0.3294
2026-09-17 21:36:25,396 INFO train epoch 10/50 batch 39/66 (59%) running_loss=0.3315
2026-09-17 21:36:26,475 INFO train epoch 10/50 batch 52/66 (79%) running_loss=0.3322
2026-09-17 21:36:27,503 INFO train epoch 10/50 batch 65/66 (98%) running_loss=0.3331
2026-09-17 21:36:27,586 INFO train epoch 10/50 batch 66/66 (100%) running_loss=0.3330
2026-09-17 21:36:28,704 INFO epoch 10/50 done: train_loss=0.3330 val_loss=0.2272 val_accuracy=0.9262 val_macro_f1=0.9051 val_macro_auc=0.9896 (checkpoint_metric=macro_auc)
2026-09-17 21:36:30,295 INFO train epoch 11/50 batch 13/66 (20%) running_loss=0.3332
2026-09-17 21:36:31,347 INFO train epoch 11/50 batch 26/66 (39%) running_loss=0.3302
2026-09-17 21:36:32,497 INFO train epoch 11/50 batch 39/66 (59%) running_loss=0.3295
2026-09-17 21:36:33,546 INFO train epoch 11/50 batch 52/66 (79%) running_loss=0.3304
2026-09-17 21:36:34,639 INFO train epoch 11/50 batch 65/66 (98%) running_loss=0.3297
2026-09-17 21:36:34,722 INFO train epoch 11/50 batch 66/66 (100%) running_loss=0.3295
2026-09-17 21:36:35,852 INFO epoch 11/50 done: train_loss=0.3295 val_loss=0.2056 val_accuracy=0.9426 val_macro_f1=0.9225 val_macro_auc=0.9901 (checkpoint_metric=macro_auc)
2026-09-17 21:36:37,484 INFO train epoch 12/50 batch 13/66 (20%) running_loss=0.3325
2026-09-17 21:36:38,686 INFO train epoch 12/50 batch 26/66 (39%) running_loss=0.3354
2026-09-17 21:36:39,902 INFO train epoch 12/50 batch 39/66 (59%) running_loss=0.3320
2026-09-17 21:36:41,117 INFO train epoch 12/50 batch 52/66 (79%) running_loss=0.3292
2026-09-17 21:36:42,256 INFO train epoch 12/50 batch 65/66 (98%) running_loss=0.3299
2026-09-17 21:36:42,337 INFO train epoch 12/50 batch 66/66 (100%) running_loss=0.3300
2026-09-17 21:36:43,457 INFO epoch 12/50 done: train_loss=0.3300 val_loss=0.1785 val_accuracy=0.9488 val_macro_f1=0.9329 val_macro_auc=0.9909 (checkpoint_metric=macro_auc)
2026-09-17 21:36:45,029 INFO train epoch 13/50 batch 13/66 (20%) running_loss=0.3212
2026-09-17 21:36:46,098 INFO train epoch 13/50 batch 26/66 (39%) running_loss=0.3241
2026-09-17 21:36:47,150 INFO train epoch 13/50 batch 39/66 (59%) running_loss=0.3221
2026-09-17 21:36:48,206 INFO train epoch 13/50 batch 52/66 (79%) running_loss=0.3216
2026-09-17 21:36:49,281 INFO train epoch 13/50 batch 65/66 (98%) running_loss=0.3209
2026-09-17 21:36:49,368 INFO train epoch 13/50 batch 66/66 (100%) running_loss=0.3212
2026-09-17 21:36:50,742 INFO epoch 13/50 done: train_loss=0.3212 val_loss=0.1962 val_accuracy=0.9406 val_macro_f1=0.9222 val_macro_auc=0.9925 (checkpoint_metric=macro_auc) [new best]
2026-09-17 21:36:52,269 INFO train epoch 14/50 batch 13/66 (20%) running_loss=0.3265
2026-09-17 21:36:53,339 INFO train epoch 14/50 batch 26/66 (39%) running_loss=0.3253
2026-09-17 21:36:54,467 INFO train epoch 14/50 batch 39/66 (59%) running_loss=0.3228
2026-09-17 21:36:55,620 INFO train epoch 14/50 batch 52/66 (79%) running_loss=0.3246
2026-09-17 21:36:56,735 INFO train epoch 14/50 batch 65/66 (98%) running_loss=0.3242
2026-09-17 21:36:56,817 INFO train epoch 14/50 batch 66/66 (100%) running_loss=0.3243
2026-09-17 21:36:58,163 INFO epoch 14/50 done: train_loss=0.3243 val_loss=0.1758 val_accuracy=0.9549 val_macro_f1=0.9385 val_macro_auc=0.9931 (checkpoint_metric=macro_auc) [new best]
2026-09-17 21:36:59,785 INFO train epoch 15/50 batch 13/66 (20%) running_loss=0.3224
2026-09-17 21:37:00,848 INFO train epoch 15/50 batch 26/66 (39%) running_loss=0.3270
2026-09-17 21:37:01,906 INFO train epoch 15/50 batch 39/66 (59%) running_loss=0.3273
2026-09-17 21:37:02,991 INFO train epoch 15/50 batch 52/66 (79%) running_loss=0.3265
2026-09-17 21:37:04,040 INFO train epoch 15/50 batch 65/66 (98%) running_loss=0.3258
2026-09-17 21:37:04,125 INFO train epoch 15/50 batch 66/66 (100%) running_loss=0.3257
2026-09-17 21:37:05,455 INFO epoch 15/50 done: train_loss=0.3257 val_loss=0.1810 val_accuracy=0.9529 val_macro_f1=0.9360 val_macro_auc=0.9932 (checkpoint_metric=macro_auc) [new best]
2026-09-17 21:37:06,993 INFO train epoch 16/50 batch 13/66 (20%) running_loss=0.3231
2026-09-17 21:37:08,103 INFO train epoch 16/50 batch 26/66 (39%) running_loss=0.3231
2026-09-17 21:37:09,351 INFO train epoch 16/50 batch 39/66 (59%) running_loss=0.3210
2026-09-17 21:37:10,554 INFO train epoch 16/50 batch 52/66 (79%) running_loss=0.3214
2026-09-17 21:37:11,690 INFO train epoch 16/50 batch 65/66 (98%) running_loss=0.3198
2026-09-17 21:37:11,772 INFO train epoch 16/50 batch 66/66 (100%) running_loss=0.3200
2026-09-17 21:37:12,847 INFO epoch 16/50 done: train_loss=0.3200 val_loss=0.2150 val_accuracy=0.9344 val_macro_f1=0.9138 val_macro_auc=0.9923 (checkpoint_metric=macro_auc)
2026-09-17 21:37:14,332 INFO train epoch 17/50 batch 13/66 (20%) running_loss=0.3225
2026-09-17 21:37:15,418 INFO train epoch 17/50 batch 26/66 (39%) running_loss=0.3239
2026-09-17 21:37:16,497 INFO train epoch 17/50 batch 39/66 (59%) running_loss=0.3196
2026-09-17 21:37:17,546 INFO train epoch 17/50 batch 52/66 (79%) running_loss=0.3201
2026-09-17 21:37:18,587 INFO train epoch 17/50 batch 65/66 (98%) running_loss=0.3209
2026-09-17 21:37:18,670 INFO train epoch 17/50 batch 66/66 (100%) running_loss=0.3209
2026-09-17 21:37:19,748 INFO epoch 17/50 done: train_loss=0.3209 val_loss=0.2104 val_accuracy=0.9365 val_macro_f1=0.9159 val_macro_auc=0.9930 (checkpoint_metric=macro_auc)
2026-09-17 21:37:21,283 INFO train epoch 18/50 batch 13/66 (20%) running_loss=0.3188
2026-09-17 21:37:22,325 INFO train epoch 18/50 batch 26/66 (39%) running_loss=0.3172
2026-09-17 21:37:23,383 INFO train epoch 18/50 batch 39/66 (59%) running_loss=0.3159
2026-09-17 21:37:24,422 INFO train epoch 18/50 batch 52/66 (79%) running_loss=0.3181
2026-09-17 21:37:25,446 INFO train epoch 18/50 batch 65/66 (98%) running_loss=0.3170
2026-09-17 21:37:25,530 INFO train epoch 18/50 batch 66/66 (100%) running_loss=0.3171
2026-09-17 21:37:26,817 INFO epoch 18/50 done: train_loss=0.3171 val_loss=0.1949 val_accuracy=0.9467 val_macro_f1=0.9272 val_macro_auc=0.9938 (checkpoint_metric=macro_auc) [new best]
2026-09-17 21:37:28,405 INFO train epoch 19/50 batch 13/66 (20%) running_loss=0.3193
2026-09-17 21:37:29,486 INFO train epoch 19/50 batch 26/66 (39%) running_loss=0.3170
2026-09-17 21:37:30,571 INFO train epoch 19/50 batch 39/66 (59%) running_loss=0.3167
2026-09-17 21:37:31,658 INFO train epoch 19/50 batch 52/66 (79%) running_loss=0.3186
2026-09-17 21:37:32,679 INFO train epoch 19/50 batch 65/66 (98%) running_loss=0.3189
2026-09-17 21:37:32,764 INFO train epoch 19/50 batch 66/66 (100%) running_loss=0.3188
2026-09-17 21:37:34,072 INFO epoch 19/50 done: train_loss=0.3188 val_loss=0.1813 val_accuracy=0.9529 val_macro_f1=0.9357 val_macro_auc=0.9941 (checkpoint_metric=macro_auc) [new best]
2026-09-17 21:37:35,622 INFO train epoch 20/50 batch 13/66 (20%) running_loss=0.3132
2026-09-17 21:37:36,692 INFO train epoch 20/50 batch 26/66 (39%) running_loss=0.3188
2026-09-17 21:37:37,828 INFO train epoch 20/50 batch 39/66 (59%) running_loss=0.3195
2026-09-17 21:37:38,894 INFO train epoch 20/50 batch 52/66 (79%) running_loss=0.3174
2026-09-17 21:37:39,912 INFO train epoch 20/50 batch 65/66 (98%) running_loss=0.3173
2026-09-17 21:37:39,995 INFO train epoch 20/50 batch 66/66 (100%) running_loss=0.3174
2026-09-17 21:37:41,177 INFO epoch 20/50 done: train_loss=0.3174 val_loss=0.1997 val_accuracy=0.9447 val_macro_f1=0.9253 val_macro_auc=0.9926 (checkpoint_metric=macro_auc)
2026-09-17 21:37:42,850 INFO train epoch 21/50 batch 13/66 (20%) running_loss=0.3198
2026-09-17 21:37:44,051 INFO train epoch 21/50 batch 26/66 (39%) running_loss=0.3180
2026-09-17 21:37:45,255 INFO train epoch 21/50 batch 39/66 (59%) running_loss=0.3167
2026-09-17 21:37:46,437 INFO train epoch 21/50 batch 52/66 (79%) running_loss=0.3157
2026-09-17 21:37:47,552 INFO train epoch 21/50 batch 65/66 (98%) running_loss=0.3161
2026-09-17 21:37:47,636 INFO train epoch 21/50 batch 66/66 (100%) running_loss=0.3166
2026-09-17 21:37:48,799 INFO epoch 21/50 done: train_loss=0.3166 val_loss=0.2021 val_accuracy=0.9467 val_macro_f1=0.9275 val_macro_auc=0.9921 (checkpoint_metric=macro_auc)
2026-09-17 21:37:50,385 INFO train epoch 22/50 batch 13/66 (20%) running_loss=0.3129
2026-09-17 21:37:51,532 INFO train epoch 22/50 batch 26/66 (39%) running_loss=0.3135
2026-09-17 21:37:52,609 INFO train epoch 22/50 batch 39/66 (59%) running_loss=0.3134
2026-09-17 21:37:53,699 INFO train epoch 22/50 batch 52/66 (79%) running_loss=0.3134
2026-09-17 21:37:54,760 INFO train epoch 22/50 batch 65/66 (98%) running_loss=0.3152
2026-09-17 21:37:54,847 INFO train epoch 22/50 batch 66/66 (100%) running_loss=0.3152
2026-09-17 21:37:56,006 INFO epoch 22/50 done: train_loss=0.3152 val_loss=0.1964 val_accuracy=0.9529 val_macro_f1=0.9377 val_macro_auc=0.9905 (checkpoint_metric=macro_auc)
2026-09-17 21:37:57,646 INFO train epoch 23/50 batch 13/66 (20%) running_loss=0.3103
2026-09-17 21:37:58,894 INFO train epoch 23/50 batch 26/66 (39%) running_loss=0.3095
2026-09-17 21:38:00,114 INFO train epoch 23/50 batch 39/66 (59%) running_loss=0.3125
2026-09-17 21:38:01,338 INFO train epoch 23/50 batch 52/66 (79%) running_loss=0.3127
2026-09-17 21:38:02,471 INFO train epoch 23/50 batch 65/66 (98%) running_loss=0.3131
2026-09-17 21:38:02,559 INFO train epoch 23/50 batch 66/66 (100%) running_loss=0.3132
2026-09-17 21:38:03,693 INFO epoch 23/50 done: train_loss=0.3132 val_loss=0.2369 val_accuracy=0.9303 val_macro_f1=0.9092 val_macro_auc=0.9894 (checkpoint_metric=macro_auc)
2026-09-17 21:38:05,183 INFO train epoch 24/50 batch 13/66 (20%) running_loss=0.3085
2026-09-17 21:38:06,236 INFO train epoch 24/50 batch 26/66 (39%) running_loss=0.3122
2026-09-17 21:38:07,312 INFO train epoch 24/50 batch 39/66 (59%) running_loss=0.3133
2026-09-17 21:38:08,355 INFO train epoch 24/50 batch 52/66 (79%) running_loss=0.3124
2026-09-17 21:38:09,394 INFO train epoch 24/50 batch 65/66 (98%) running_loss=0.3122
2026-09-17 21:38:09,476 INFO train epoch 24/50 batch 66/66 (100%) running_loss=0.3123
2026-09-17 21:38:10,619 INFO epoch 24/50 done: train_loss=0.3123 val_loss=0.2144 val_accuracy=0.9365 val_macro_f1=0.9164 val_macro_auc=0.9910 (checkpoint_metric=macro_auc)
2026-09-17 21:38:12,244 INFO train epoch 25/50 batch 13/66 (20%) running_loss=0.3121
2026-09-17 21:38:13,301 INFO train epoch 25/50 batch 26/66 (39%) running_loss=0.3145
2026-09-17 21:38:14,556 INFO train epoch 25/50 batch 39/66 (59%) running_loss=0.3153
2026-09-17 21:38:15,607 INFO train epoch 25/50 batch 52/66 (79%) running_loss=0.3137
2026-09-17 21:38:16,657 INFO train epoch 25/50 batch 65/66 (98%) running_loss=0.3145
2026-09-17 21:38:16,742 INFO train epoch 25/50 batch 66/66 (100%) running_loss=0.3149
2026-09-17 21:38:17,839 INFO epoch 25/50 done: train_loss=0.3149 val_loss=0.2095 val_accuracy=0.9344 val_macro_f1=0.9125 val_macro_auc=0.9918 (checkpoint_metric=macro_auc)
2026-09-17 21:38:19,374 INFO train epoch 26/50 batch 13/66 (20%) running_loss=0.3162
2026-09-17 21:38:20,424 INFO train epoch 26/50 batch 26/66 (39%) running_loss=0.3157
2026-09-17 21:38:21,606 INFO train epoch 26/50 batch 39/66 (59%) running_loss=0.3147
2026-09-17 21:38:22,666 INFO train epoch 26/50 batch 52/66 (79%) running_loss=0.3131
2026-09-17 21:38:23,682 INFO train epoch 26/50 batch 65/66 (98%) running_loss=0.3128
2026-09-17 21:38:23,766 INFO train epoch 26/50 batch 66/66 (100%) running_loss=0.3128
2026-09-17 21:38:24,903 INFO epoch 26/50 done: train_loss=0.3128 val_loss=0.2277 val_accuracy=0.9324 val_macro_f1=0.9108 val_macro_auc=0.9913 (checkpoint_metric=macro_auc)
2026-09-17 21:38:26,476 INFO train epoch 27/50 batch 13/66 (20%) running_loss=0.3168
2026-09-17 21:38:27,518 INFO train epoch 27/50 batch 26/66 (39%) running_loss=0.3131
2026-09-17 21:38:28,554 INFO train epoch 27/50 batch 39/66 (59%) running_loss=0.3126
2026-09-17 21:38:29,611 INFO train epoch 27/50 batch 52/66 (79%) running_loss=0.3118
2026-09-17 21:38:30,647 INFO train epoch 27/50 batch 65/66 (98%) running_loss=0.3117
2026-09-17 21:38:30,733 INFO train epoch 27/50 batch 66/66 (100%) running_loss=0.3116
2026-09-17 21:38:31,877 INFO epoch 27/50 done: train_loss=0.3116 val_loss=0.2063 val_accuracy=0.9385 val_macro_f1=0.9178 val_macro_auc=0.9921 (checkpoint_metric=macro_auc)
2026-09-17 21:38:33,502 INFO train epoch 28/50 batch 13/66 (20%) running_loss=0.3068
2026-09-17 21:38:34,760 INFO train epoch 28/50 batch 26/66 (39%) running_loss=0.3113
2026-09-17 21:38:35,991 INFO train epoch 28/50 batch 39/66 (59%) running_loss=0.3093
2026-09-17 21:38:37,190 INFO train epoch 28/50 batch 52/66 (79%) running_loss=0.3100
2026-09-17 21:38:38,328 INFO train epoch 28/50 batch 65/66 (98%) running_loss=0.3091
2026-09-17 21:38:38,415 INFO train epoch 28/50 batch 66/66 (100%) running_loss=0.3090
2026-09-17 21:38:39,578 INFO epoch 28/50 done: train_loss=0.3090 val_loss=0.2067 val_accuracy=0.9385 val_macro_f1=0.9185 val_macro_auc=0.9918 (checkpoint_metric=macro_auc)
2026-09-17 21:38:41,129 INFO train epoch 29/50 batch 13/66 (20%) running_loss=0.3094
2026-09-17 21:38:42,171 INFO train epoch 29/50 batch 26/66 (39%) running_loss=0.3096
2026-09-17 21:38:43,212 INFO train epoch 29/50 batch 39/66 (59%) running_loss=0.3096
2026-09-17 21:38:44,253 INFO train epoch 29/50 batch 52/66 (79%) running_loss=0.3083
2026-09-17 21:38:45,275 INFO train epoch 29/50 batch 65/66 (98%) running_loss=0.3083
2026-09-17 21:38:45,361 INFO train epoch 29/50 batch 66/66 (100%) running_loss=0.3082
2026-09-17 21:38:46,482 INFO epoch 29/50 done: train_loss=0.3082 val_loss=0.2051 val_accuracy=0.9406 val_macro_f1=0.9216 val_macro_auc=0.9919 (checkpoint_metric=macro_auc)
2026-09-17 21:38:48,075 INFO train epoch 30/50 batch 13/66 (20%) running_loss=0.3073
2026-09-17 21:38:49,117 INFO train epoch 30/50 batch 26/66 (39%) running_loss=0.3091
2026-09-17 21:38:50,182 INFO train epoch 30/50 batch 39/66 (59%) running_loss=0.3100
2026-09-17 21:38:51,337 INFO train epoch 30/50 batch 52/66 (79%) running_loss=0.3116
2026-09-17 21:38:52,470 INFO train epoch 30/50 batch 65/66 (98%) running_loss=0.3114
2026-09-17 21:38:52,554 INFO train epoch 30/50 batch 66/66 (100%) running_loss=0.3113
2026-09-17 21:38:53,714 INFO epoch 30/50 done: train_loss=0.3113 val_loss=0.2013 val_accuracy=0.9426 val_macro_f1=0.9229 val_macro_auc=0.9925 (checkpoint_metric=macro_auc)
2026-09-17 21:38:55,265 INFO train epoch 31/50 batch 13/66 (20%) running_loss=0.3047
2026-09-17 21:38:56,366 INFO train epoch 31/50 batch 26/66 (39%) running_loss=0.3059
2026-09-17 21:38:57,419 INFO train epoch 31/50 batch 39/66 (59%) running_loss=0.3064
2026-09-17 21:38:58,538 INFO train epoch 31/50 batch 52/66 (79%) running_loss=0.3072
2026-09-17 21:38:59,577 INFO train epoch 31/50 batch 65/66 (98%) running_loss=0.3074
2026-09-17 21:38:59,662 INFO train epoch 31/50 batch 66/66 (100%) running_loss=0.3073
2026-09-17 21:39:00,850 INFO epoch 31/50 done: train_loss=0.3073 val_loss=0.2000 val_accuracy=0.9447 val_macro_f1=0.9253 val_macro_auc=0.9925 (checkpoint_metric=macro_auc)
2026-09-17 21:39:02,328 INFO train epoch 32/50 batch 13/66 (20%) running_loss=0.3261
2026-09-17 21:39:03,383 INFO train epoch 32/50 batch 26/66 (39%) running_loss=0.3176
2026-09-17 21:39:04,443 INFO train epoch 32/50 batch 39/66 (59%) running_loss=0.3136
2026-09-17 21:39:05,545 INFO train epoch 32/50 batch 52/66 (79%) running_loss=0.3130
2026-09-17 21:39:06,617 INFO train epoch 32/50 batch 65/66 (98%) running_loss=0.3139
2026-09-17 21:39:06,701 INFO train epoch 32/50 batch 66/66 (100%) running_loss=0.3138
2026-09-17 21:39:07,791 INFO epoch 32/50 done: train_loss=0.3138 val_loss=0.2168 val_accuracy=0.9365 val_macro_f1=0.9155 val_macro_auc=0.9919 (checkpoint_metric=macro_auc)
2026-09-17 21:39:09,314 INFO train epoch 33/50 batch 13/66 (20%) running_loss=0.3071
2026-09-17 21:39:10,422 INFO train epoch 33/50 batch 26/66 (39%) running_loss=0.3078
2026-09-17 21:39:11,501 INFO train epoch 33/50 batch 39/66 (59%) running_loss=0.3099
2026-09-17 21:39:12,566 INFO train epoch 33/50 batch 52/66 (79%) running_loss=0.3118
2026-09-17 21:39:13,630 INFO train epoch 33/50 batch 65/66 (98%) running_loss=0.3109
2026-09-17 21:39:13,716 INFO train epoch 33/50 batch 66/66 (100%) running_loss=0.3110
2026-09-17 21:39:14,843 INFO epoch 33/50 done: train_loss=0.3110 val_loss=0.2052 val_accuracy=0.9365 val_macro_f1=0.9155 val_macro_auc=0.9923 (checkpoint_metric=macro_auc)
2026-09-17 21:39:16,396 INFO train epoch 34/50 batch 13/66 (20%) running_loss=0.3068
2026-09-17 21:39:17,447 INFO train epoch 34/50 batch 26/66 (39%) running_loss=0.3072
2026-09-17 21:39:18,490 INFO train epoch 34/50 batch 39/66 (59%) running_loss=0.3091
2026-09-17 21:39:19,542 INFO train epoch 34/50 batch 52/66 (79%) running_loss=0.3087
2026-09-17 21:39:20,565 INFO train epoch 34/50 batch 65/66 (98%) running_loss=0.3082
2026-09-17 21:39:20,651 INFO train epoch 34/50 batch 66/66 (100%) running_loss=0.3081
2026-09-17 21:39:21,765 INFO epoch 34/50 done: train_loss=0.3081 val_loss=0.2072 val_accuracy=0.9365 val_macro_f1=0.9155 val_macro_auc=0.9921 (checkpoint_metric=macro_auc)
2026-09-17 21:39:23,353 INFO train epoch 35/50 batch 13/66 (20%) running_loss=0.3040
2026-09-17 21:39:24,422 INFO train epoch 35/50 batch 26/66 (39%) running_loss=0.3109
2026-09-17 21:39:25,519 INFO train epoch 35/50 batch 39/66 (59%) running_loss=0.3103
2026-09-17 21:39:26,597 INFO train epoch 35/50 batch 52/66 (79%) running_loss=0.3111
2026-09-17 21:39:27,639 INFO train epoch 35/50 batch 65/66 (98%) running_loss=0.3103
2026-09-17 21:39:27,723 INFO train epoch 35/50 batch 66/66 (100%) running_loss=0.3102
2026-09-17 21:39:28,899 INFO epoch 35/50 done: train_loss=0.3102 val_loss=0.2106 val_accuracy=0.9365 val_macro_f1=0.9155 val_macro_auc=0.9918 (checkpoint_metric=macro_auc)
2026-09-17 21:39:30,552 INFO train epoch 36/50 batch 13/66 (20%) running_loss=0.3101
2026-09-17 21:39:31,676 INFO train epoch 36/50 batch 26/66 (39%) running_loss=0.3105
2026-09-17 21:39:32,716 INFO train epoch 36/50 batch 39/66 (59%) running_loss=0.3089
2026-09-17 21:39:33,831 INFO train epoch 36/50 batch 52/66 (79%) running_loss=0.3077
2026-09-17 21:39:34,950 INFO train epoch 36/50 batch 65/66 (98%) running_loss=0.3072
2026-09-17 21:39:35,033 INFO train epoch 36/50 batch 66/66 (100%) running_loss=0.3074
2026-09-17 21:39:36,156 INFO epoch 36/50 done: train_loss=0.3074 val_loss=0.2302 val_accuracy=0.9303 val_macro_f1=0.9098 val_macro_auc=0.9901 (checkpoint_metric=macro_auc)
2026-09-17 21:39:37,587 INFO train epoch 37/50 batch 13/66 (20%) running_loss=0.3069
2026-09-17 21:39:38,642 INFO train epoch 37/50 batch 26/66 (39%) running_loss=0.3065
2026-09-17 21:39:39,787 INFO train epoch 37/50 batch 39/66 (59%) running_loss=0.3091
2026-09-17 21:39:40,831 INFO train epoch 37/50 batch 52/66 (79%) running_loss=0.3086
2026-09-17 21:39:41,863 INFO train epoch 37/50 batch 65/66 (98%) running_loss=0.3085
2026-09-17 21:39:41,949 INFO train epoch 37/50 batch 66/66 (100%) running_loss=0.3085
2026-09-17 21:39:43,100 INFO epoch 37/50 done: train_loss=0.3085 val_loss=0.2151 val_accuracy=0.9365 val_macro_f1=0.9164 val_macro_auc=0.9912 (checkpoint_metric=macro_auc)
2026-09-17 21:39:44,747 INFO train epoch 38/50 batch 13/66 (20%) running_loss=0.3099
2026-09-17 21:39:45,971 INFO train epoch 38/50 batch 26/66 (39%) running_loss=0.3092
2026-09-17 21:39:47,020 INFO train epoch 38/50 batch 39/66 (59%) running_loss=0.3094
2026-09-17 21:39:48,077 INFO train epoch 38/50 batch 52/66 (79%) running_loss=0.3093
2026-09-17 21:39:49,098 INFO train epoch 38/50 batch 65/66 (98%) running_loss=0.3090
2026-09-17 21:39:49,182 INFO train epoch 38/50 batch 66/66 (100%) running_loss=0.3091
2026-09-17 21:39:50,318 INFO epoch 38/50 done: train_loss=0.3091 val_loss=0.1964 val_accuracy=0.9385 val_macro_f1=0.9188 val_macro_auc=0.9926 (checkpoint_metric=macro_auc)
2026-09-17 21:39:51,969 INFO train epoch 39/50 batch 13/66 (20%) running_loss=0.3084
2026-09-17 21:39:52,995 INFO train epoch 39/50 batch 26/66 (39%) running_loss=0.3069
2026-09-17 21:39:54,034 INFO train epoch 39/50 batch 39/66 (59%) running_loss=0.3066
2026-09-17 21:39:55,102 INFO train epoch 39/50 batch 52/66 (79%) running_loss=0.3059
2026-09-17 21:39:56,124 INFO train epoch 39/50 batch 65/66 (98%) running_loss=0.3073
2026-09-17 21:39:56,208 INFO train epoch 39/50 batch 66/66 (100%) running_loss=0.3075
2026-09-17 21:39:57,296 INFO epoch 39/50 done: train_loss=0.3075 val_loss=0.2127 val_accuracy=0.9406 val_macro_f1=0.9205 val_macro_auc=0.9918 (checkpoint_metric=macro_auc)
2026-09-17 21:39:58,824 INFO train epoch 40/50 batch 13/66 (20%) running_loss=0.3095
2026-09-17 21:39:59,895 INFO train epoch 40/50 batch 26/66 (39%) running_loss=0.3102
2026-09-17 21:40:00,971 INFO train epoch 40/50 batch 39/66 (59%) running_loss=0.3111
2026-09-17 21:40:02,056 INFO train epoch 40/50 batch 52/66 (79%) running_loss=0.3096
2026-09-17 21:40:03,134 INFO train epoch 40/50 batch 65/66 (98%) running_loss=0.3088
2026-09-17 21:40:03,219 INFO train epoch 40/50 batch 66/66 (100%) running_loss=0.3089
2026-09-17 21:40:04,359 INFO epoch 40/50 done: train_loss=0.3089 val_loss=0.2134 val_accuracy=0.9385 val_macro_f1=0.9178 val_macro_auc=0.9920 (checkpoint_metric=macro_auc)
2026-09-17 21:40:05,914 INFO train epoch 41/50 batch 13/66 (20%) running_loss=0.3088
2026-09-17 21:40:06,979 INFO train epoch 41/50 batch 26/66 (39%) running_loss=0.3077
2026-09-17 21:40:08,081 INFO train epoch 41/50 batch 39/66 (59%) running_loss=0.3068
2026-09-17 21:40:09,190 INFO train epoch 41/50 batch 52/66 (79%) running_loss=0.3079
2026-09-17 21:40:10,321 INFO train epoch 41/50 batch 65/66 (98%) running_loss=0.3072
2026-09-17 21:40:10,404 INFO train epoch 41/50 batch 66/66 (100%) running_loss=0.3073
2026-09-17 21:40:11,540 INFO epoch 41/50 done: train_loss=0.3073 val_loss=0.2047 val_accuracy=0.9406 val_macro_f1=0.9212 val_macro_auc=0.9923 (checkpoint_metric=macro_auc)
2026-09-17 21:40:13,088 INFO train epoch 42/50 batch 13/66 (20%) running_loss=0.3021
2026-09-17 21:40:14,132 INFO train epoch 42/50 batch 26/66 (39%) running_loss=0.3023
2026-09-17 21:40:15,202 INFO train epoch 42/50 batch 39/66 (59%) running_loss=0.3040
2026-09-17 21:40:16,270 INFO train epoch 42/50 batch 52/66 (79%) running_loss=0.3050
2026-09-17 21:40:17,306 INFO train epoch 42/50 batch 65/66 (98%) running_loss=0.3052
2026-09-17 21:40:17,392 INFO train epoch 42/50 batch 66/66 (100%) running_loss=0.3053
2026-09-17 21:40:18,481 INFO epoch 42/50 done: train_loss=0.3053 val_loss=0.2185 val_accuracy=0.9365 val_macro_f1=0.9155 val_macro_auc=0.9918 (checkpoint_metric=macro_auc)
2026-09-17 21:40:20,351 INFO train epoch 43/50 batch 13/66 (20%) running_loss=0.3124
2026-09-17 21:40:21,552 INFO train epoch 43/50 batch 26/66 (39%) running_loss=0.3085
2026-09-17 21:40:22,732 INFO train epoch 43/50 batch 39/66 (59%) running_loss=0.3072
2026-09-17 21:40:23,902 INFO train epoch 43/50 batch 52/66 (79%) running_loss=0.3067
2026-09-17 21:40:25,022 INFO train epoch 43/50 batch 65/66 (98%) running_loss=0.3069
2026-09-17 21:40:25,108 INFO train epoch 43/50 batch 66/66 (100%) running_loss=0.3070
2026-09-17 21:40:26,261 INFO epoch 43/50 done: train_loss=0.3070 val_loss=0.2080 val_accuracy=0.9385 val_macro_f1=0.9188 val_macro_auc=0.9921 (checkpoint_metric=macro_auc)
2026-09-17 21:40:27,909 INFO train epoch 44/50 batch 13/66 (20%) running_loss=0.3020
2026-09-17 21:40:29,099 INFO train epoch 44/50 batch 26/66 (39%) running_loss=0.3053
2026-09-17 21:40:30,204 INFO train epoch 44/50 batch 39/66 (59%) running_loss=0.3065
2026-09-17 21:40:31,254 INFO train epoch 44/50 batch 52/66 (79%) running_loss=0.3067
2026-09-17 21:40:32,276 INFO train epoch 44/50 batch 65/66 (98%) running_loss=0.3065
2026-09-17 21:40:32,360 INFO train epoch 44/50 batch 66/66 (100%) running_loss=0.3079
2026-09-17 21:40:33,519 INFO epoch 44/50 done: train_loss=0.3079 val_loss=0.2029 val_accuracy=0.9406 val_macro_f1=0.9212 val_macro_auc=0.9922 (checkpoint_metric=macro_auc)
2026-09-17 21:40:35,178 INFO train epoch 45/50 batch 13/66 (20%) running_loss=0.3055
2026-09-17 21:40:36,394 INFO train epoch 45/50 batch 26/66 (39%) running_loss=0.3056
2026-09-17 21:40:37,596 INFO train epoch 45/50 batch 39/66 (59%) running_loss=0.3057
2026-09-17 21:40:38,705 INFO train epoch 45/50 batch 52/66 (79%) running_loss=0.3065
2026-09-17 21:40:39,751 INFO train epoch 45/50 batch 65/66 (98%) running_loss=0.3059
2026-09-17 21:40:39,835 INFO train epoch 45/50 batch 66/66 (100%) running_loss=0.3063
2026-09-17 21:40:40,984 INFO epoch 45/50 done: train_loss=0.3063 val_loss=0.2111 val_accuracy=0.9385 val_macro_f1=0.9178 val_macro_auc=0.9916 (checkpoint_metric=macro_auc)
2026-09-17 21:40:42,544 INFO train epoch 46/50 batch 13/66 (20%) running_loss=0.3157
2026-09-17 21:40:43,594 INFO train epoch 46/50 batch 26/66 (39%) running_loss=0.3122
2026-09-17 21:40:44,660 INFO train epoch 46/50 batch 39/66 (59%) running_loss=0.3107
2026-09-17 21:40:45,717 INFO train epoch 46/50 batch 52/66 (79%) running_loss=0.3099
2026-09-17 21:40:46,739 INFO train epoch 46/50 batch 65/66 (98%) running_loss=0.3096
2026-09-17 21:40:46,822 INFO train epoch 46/50 batch 66/66 (100%) running_loss=0.3095
2026-09-17 21:40:47,951 INFO epoch 46/50 done: train_loss=0.3095 val_loss=0.2165 val_accuracy=0.9344 val_macro_f1=0.9131 val_macro_auc=0.9919 (checkpoint_metric=macro_auc)
2026-09-17 21:40:49,513 INFO train epoch 47/50 batch 13/66 (20%) running_loss=0.3085
2026-09-17 21:40:50,681 INFO train epoch 47/50 batch 26/66 (39%) running_loss=0.3084
2026-09-17 21:40:51,889 INFO train epoch 47/50 batch 39/66 (59%) running_loss=0.3075
2026-09-17 21:40:52,962 INFO train epoch 47/50 batch 52/66 (79%) running_loss=0.3077
2026-09-17 21:40:53,994 INFO train epoch 47/50 batch 65/66 (98%) running_loss=0.3070
2026-09-17 21:40:54,078 INFO train epoch 47/50 batch 66/66 (100%) running_loss=0.3071
2026-09-17 21:40:55,212 INFO epoch 47/50 done: train_loss=0.3071 val_loss=0.2075 val_accuracy=0.9385 val_macro_f1=0.9204 val_macro_auc=0.9916 (checkpoint_metric=macro_auc)
2026-09-17 21:40:56,877 INFO train epoch 48/50 batch 13/66 (20%) running_loss=0.3102
2026-09-17 21:40:58,112 INFO train epoch 48/50 batch 26/66 (39%) running_loss=0.3108
2026-09-17 21:40:59,399 INFO train epoch 48/50 batch 39/66 (59%) running_loss=0.3092
2026-09-17 21:41:00,625 INFO train epoch 48/50 batch 52/66 (79%) running_loss=0.3087
2026-09-17 21:41:01,753 INFO train epoch 48/50 batch 65/66 (98%) running_loss=0.3081
2026-09-17 21:41:01,836 INFO train epoch 48/50 batch 66/66 (100%) running_loss=0.3080
2026-09-17 21:41:02,925 INFO epoch 48/50 done: train_loss=0.3080 val_loss=0.2066 val_accuracy=0.9385 val_macro_f1=0.9188 val_macro_auc=0.9917 (checkpoint_metric=macro_auc)
2026-09-17 21:41:04,475 INFO train epoch 49/50 batch 13/66 (20%) running_loss=0.3042
2026-09-17 21:41:05,538 INFO train epoch 49/50 batch 26/66 (39%) running_loss=0.3097
2026-09-17 21:41:06,627 INFO train epoch 49/50 batch 39/66 (59%) running_loss=0.3095
2026-09-17 21:41:07,686 INFO train epoch 49/50 batch 52/66 (79%) running_loss=0.3078
2026-09-17 21:41:08,765 INFO train epoch 49/50 batch 65/66 (98%) running_loss=0.3080
2026-09-17 21:41:08,847 INFO train epoch 49/50 batch 66/66 (100%) running_loss=0.3079
2026-09-17 21:41:09,937 INFO epoch 49/50 done: train_loss=0.3079 val_loss=0.2121 val_accuracy=0.9344 val_macro_f1=0.9137 val_macro_auc=0.9923 (checkpoint_metric=macro_auc)
2026-09-17 21:41:11,539 INFO train epoch 50/50 batch 13/66 (20%) running_loss=0.3137
2026-09-17 21:41:12,607 INFO train epoch 50/50 batch 26/66 (39%) running_loss=0.3087
2026-09-17 21:41:13,652 INFO train epoch 50/50 batch 39/66 (59%) running_loss=0.3074
2026-09-17 21:41:14,741 INFO train epoch 50/50 batch 52/66 (79%) running_loss=0.3070
2026-09-17 21:41:15,767 INFO train epoch 50/50 batch 65/66 (98%) running_loss=0.3072
2026-09-17 21:41:15,850 INFO train epoch 50/50 batch 66/66 (100%) running_loss=0.3072
2026-09-17 21:41:16,928 INFO epoch 50/50 done: train_loss=0.3072 val_loss=0.2048 val_accuracy=0.9385 val_macro_f1=0.9188 val_macro_auc=0.9919 (checkpoint_metric=macro_auc)
2026-09-17 21:41:17,085 INFO Training finished. Best epoch=19, smoothed macro_auc=0.9936 (window=3)
2026-09-17 21:41:18,771 INFO Test set evaluated once: accuracy=0.9114 macro_f1=0.9019 macro_auc=0.9782
2026-09-17 21:41:19,641 INFO Model size: 6.96M params, 0.532 GFLOPs at 96x96
