2026-09-17 19:38:54,943 INFO Starting baseline training: model=efficientnet_v2_m device=cuda amp=True image_size=96 epochs=100 lr=0.001 optimizer=sgd
2026-09-17 19:38:55,193 INFO Dataset ready: 3 classes, 2102 train / 488 val samples (split reused from outputs/baseline_efficientnet_v2_m_96_fixed_ep100_s2/split_indices.json)
2026-09-17 19:38:55,193 INFO Augmentation policy: legacy fixed ops ('brightness', 'rotation'), from outputs/fixedda_run/augmentation_run/selected_legacy_policy.json
2026-09-17 19:38:56,587 INFO Classes: {'glioma_tumor': 0, 'meningioma_tumor': 1, 'pituitary_tumor': 2}
2026-09-17 19:38:56,587 INFO Regularization: weight_decay=7.0e-04 label_smoothing=0.10 grad_clip_norm=5.0
2026-09-17 19:39:00,158 INFO train epoch 1/100 batch 13/66 (20%) running_loss=1.1487
2026-09-17 19:39:02,036 INFO train epoch 1/100 batch 26/66 (39%) running_loss=1.1344
2026-09-17 19:39:03,890 INFO train epoch 1/100 batch 39/66 (59%) running_loss=1.1262
2026-09-17 19:39:05,749 INFO train epoch 1/100 batch 52/66 (79%) running_loss=1.1190
2026-09-17 19:39:07,600 INFO train epoch 1/100 batch 65/66 (98%) running_loss=1.1154
2026-09-17 19:39:08,147 INFO train epoch 1/100 batch 66/66 (100%) running_loss=1.1153
2026-09-17 19:39:10,160 INFO epoch 1/100 done: train_loss=1.1153 val_loss=1.0888 val_accuracy=0.3607 val_macro_f1=0.3277 val_macro_auc=0.5103 (checkpoint_metric=macro_auc) [new best]
2026-09-17 19:39:12,525 INFO train epoch 2/100 batch 13/66 (20%) running_loss=1.0964
2026-09-17 19:39:14,421 INFO train epoch 2/100 batch 26/66 (39%) running_loss=1.0984
2026-09-17 19:39:16,332 INFO train epoch 2/100 batch 39/66 (59%) running_loss=1.0941
2026-09-17 19:39:18,238 INFO train epoch 2/100 batch 52/66 (79%) running_loss=1.0914
2026-09-17 19:39:20,159 INFO train epoch 2/100 batch 65/66 (98%) running_loss=1.0881
2026-09-17 19:39:20,310 INFO train epoch 2/100 batch 66/66 (100%) running_loss=1.0882
2026-09-17 19:39:22,716 INFO epoch 2/100 done: train_loss=1.0882 val_loss=1.0457 val_accuracy=0.4467 val_macro_f1=0.3846 val_macro_auc=0.5745 (checkpoint_metric=macro_auc) [new best]
2026-09-17 19:39:25,173 INFO train epoch 3/100 batch 13/66 (20%) running_loss=1.0671
2026-09-17 19:39:27,069 INFO train epoch 3/100 batch 26/66 (39%) running_loss=1.0670
2026-09-17 19:39:29,020 INFO train epoch 3/100 batch 39/66 (59%) running_loss=1.0606
2026-09-17 19:39:30,898 INFO train epoch 3/100 batch 52/66 (79%) running_loss=1.0606
2026-09-17 19:39:32,761 INFO train epoch 3/100 batch 65/66 (98%) running_loss=1.0605
2026-09-17 19:39:32,910 INFO train epoch 3/100 batch 66/66 (100%) running_loss=1.0591
2026-09-17 19:39:35,342 INFO epoch 3/100 done: train_loss=1.0591 val_loss=1.0048 val_accuracy=0.5676 val_macro_f1=0.4368 val_macro_auc=0.6269 (checkpoint_metric=macro_auc) [new best]
2026-09-17 19:39:37,737 INFO train epoch 4/100 batch 13/66 (20%) running_loss=1.0450
2026-09-17 19:39:39,664 INFO train epoch 4/100 batch 26/66 (39%) running_loss=1.0409
2026-09-17 19:39:41,577 INFO train epoch 4/100 batch 39/66 (59%) running_loss=1.0399
2026-09-17 19:39:43,493 INFO train epoch 4/100 batch 52/66 (79%) running_loss=1.0363
2026-09-17 19:39:45,371 INFO train epoch 4/100 batch 65/66 (98%) running_loss=1.0312
2026-09-17 19:39:45,519 INFO train epoch 4/100 batch 66/66 (100%) running_loss=1.0323
2026-09-17 19:39:47,918 INFO epoch 4/100 done: train_loss=1.0323 val_loss=0.9641 val_accuracy=0.6004 val_macro_f1=0.4856 val_macro_auc=0.7092 (checkpoint_metric=macro_auc) [new best]
2026-09-17 19:39:50,381 INFO train epoch 5/100 batch 13/66 (20%) running_loss=1.0264
2026-09-17 19:39:52,293 INFO train epoch 5/100 batch 26/66 (39%) running_loss=1.0148
2026-09-17 19:39:54,203 INFO train epoch 5/100 batch 39/66 (59%) running_loss=1.0116
2026-09-17 19:39:56,107 INFO train epoch 5/100 batch 52/66 (79%) running_loss=1.0069
2026-09-17 19:39:58,004 INFO train epoch 5/100 batch 65/66 (98%) running_loss=1.0075
2026-09-17 19:39:58,153 INFO train epoch 5/100 batch 66/66 (100%) running_loss=1.0073
2026-09-17 19:40:00,573 INFO epoch 5/100 done: train_loss=1.0073 val_loss=0.9398 val_accuracy=0.6434 val_macro_f1=0.5321 val_macro_auc=0.7357 (checkpoint_metric=macro_auc) [new best]
2026-09-17 19:40:03,040 INFO train epoch 6/100 batch 13/66 (20%) running_loss=0.9927
2026-09-17 19:40:04,992 INFO train epoch 6/100 batch 26/66 (39%) running_loss=0.9978
2026-09-17 19:40:07,100 INFO train epoch 6/100 batch 39/66 (59%) running_loss=0.9865
2026-09-17 19:40:09,001 INFO train epoch 6/100 batch 52/66 (79%) running_loss=0.9768
2026-09-17 19:40:10,889 INFO train epoch 6/100 batch 65/66 (98%) running_loss=0.9749
2026-09-17 19:40:11,038 INFO train epoch 6/100 batch 66/66 (100%) running_loss=0.9756
2026-09-17 19:40:13,414 INFO epoch 6/100 done: train_loss=0.9756 val_loss=0.8586 val_accuracy=0.6721 val_macro_f1=0.5318 val_macro_auc=0.7922 (checkpoint_metric=macro_auc) [new best]
2026-09-17 19:40:15,866 INFO train epoch 7/100 batch 13/66 (20%) running_loss=0.9274
2026-09-17 19:40:17,793 INFO train epoch 7/100 batch 26/66 (39%) running_loss=0.9324
2026-09-17 19:40:19,715 INFO train epoch 7/100 batch 39/66 (59%) running_loss=0.9342
2026-09-17 19:40:21,630 INFO train epoch 7/100 batch 52/66 (79%) running_loss=0.9346
2026-09-17 19:40:23,515 INFO train epoch 7/100 batch 65/66 (98%) running_loss=0.9317
2026-09-17 19:40:23,661 INFO train epoch 7/100 batch 66/66 (100%) running_loss=0.9330
2026-09-17 19:40:26,109 INFO epoch 7/100 done: train_loss=0.9330 val_loss=0.8083 val_accuracy=0.7090 val_macro_f1=0.5689 val_macro_auc=0.8178 (checkpoint_metric=macro_auc) [new best]
2026-09-17 19:40:28,584 INFO train epoch 8/100 batch 13/66 (20%) running_loss=0.9040
2026-09-17 19:40:30,532 INFO train epoch 8/100 batch 26/66 (39%) running_loss=0.9031
2026-09-17 19:40:32,435 INFO train epoch 8/100 batch 39/66 (59%) running_loss=0.8975
2026-09-17 19:40:34,346 INFO train epoch 8/100 batch 52/66 (79%) running_loss=0.8893
2026-09-17 19:40:36,272 INFO train epoch 8/100 batch 65/66 (98%) running_loss=0.8807
2026-09-17 19:40:36,423 INFO train epoch 8/100 batch 66/66 (100%) running_loss=0.8808
2026-09-17 19:40:39,325 INFO epoch 8/100 done: train_loss=0.8808 val_loss=0.7703 val_accuracy=0.7213 val_macro_f1=0.5616 val_macro_auc=0.8228 (checkpoint_metric=macro_auc) [new best]
2026-09-17 19:40:41,763 INFO train epoch 9/100 batch 13/66 (20%) running_loss=0.8705
2026-09-17 19:40:43,664 INFO train epoch 9/100 batch 26/66 (39%) running_loss=0.8639
2026-09-17 19:40:45,560 INFO train epoch 9/100 batch 39/66 (59%) running_loss=0.8590
2026-09-17 19:40:47,455 INFO train epoch 9/100 batch 52/66 (79%) running_loss=0.8513
2026-09-17 19:40:49,377 INFO train epoch 9/100 batch 65/66 (98%) running_loss=0.8447
2026-09-17 19:40:49,523 INFO train epoch 9/100 batch 66/66 (100%) running_loss=0.8441
2026-09-17 19:40:51,917 INFO epoch 9/100 done: train_loss=0.8441 val_loss=0.6958 val_accuracy=0.7684 val_macro_f1=0.6152 val_macro_auc=0.8726 (checkpoint_metric=macro_auc) [new best]
2026-09-17 19:40:54,332 INFO train epoch 10/100 batch 13/66 (20%) running_loss=0.7810
2026-09-17 19:40:56,229 INFO train epoch 10/100 batch 26/66 (39%) running_loss=0.7913
2026-09-17 19:40:58,153 INFO train epoch 10/100 batch 39/66 (59%) running_loss=0.8009
2026-09-17 19:41:00,089 INFO train epoch 10/100 batch 52/66 (79%) running_loss=0.8099
2026-09-17 19:41:02,022 INFO train epoch 10/100 batch 65/66 (98%) running_loss=0.8141
2026-09-17 19:41:02,176 INFO train epoch 10/100 batch 66/66 (100%) running_loss=0.8141
2026-09-17 19:41:04,637 INFO epoch 10/100 done: train_loss=0.8141 val_loss=0.6547 val_accuracy=0.7807 val_macro_f1=0.6456 val_macro_auc=0.8847 (checkpoint_metric=macro_auc) [new best]
2026-09-17 19:41:07,089 INFO train epoch 11/100 batch 13/66 (20%) running_loss=0.7965
2026-09-17 19:41:09,061 INFO train epoch 11/100 batch 26/66 (39%) running_loss=0.7917
2026-09-17 19:41:10,950 INFO train epoch 11/100 batch 39/66 (59%) running_loss=0.7777
2026-09-17 19:41:12,874 INFO train epoch 11/100 batch 52/66 (79%) running_loss=0.7748
2026-09-17 19:41:14,767 INFO train epoch 11/100 batch 65/66 (98%) running_loss=0.7683
2026-09-17 19:41:14,913 INFO train epoch 11/100 batch 66/66 (100%) running_loss=0.7662
2026-09-17 19:41:17,277 INFO epoch 11/100 done: train_loss=0.7662 val_loss=0.5969 val_accuracy=0.7930 val_macro_f1=0.6737 val_macro_auc=0.9014 (checkpoint_metric=macro_auc) [new best]
2026-09-17 19:41:19,649 INFO train epoch 12/100 batch 13/66 (20%) running_loss=0.7866
2026-09-17 19:41:21,519 INFO train epoch 12/100 batch 26/66 (39%) running_loss=0.7579
2026-09-17 19:41:23,413 INFO train epoch 12/100 batch 39/66 (59%) running_loss=0.7441
2026-09-17 19:41:25,333 INFO train epoch 12/100 batch 52/66 (79%) running_loss=0.7298
2026-09-17 19:41:27,245 INFO train epoch 12/100 batch 65/66 (98%) running_loss=0.7200
2026-09-17 19:41:27,398 INFO train epoch 12/100 batch 66/66 (100%) running_loss=0.7215
2026-09-17 19:41:29,837 INFO epoch 12/100 done: train_loss=0.7215 val_loss=0.5172 val_accuracy=0.8115 val_macro_f1=0.7239 val_macro_auc=0.9227 (checkpoint_metric=macro_auc) [new best]
2026-09-17 19:41:32,299 INFO train epoch 13/100 batch 13/66 (20%) running_loss=0.7119
2026-09-17 19:41:34,237 INFO train epoch 13/100 batch 26/66 (39%) running_loss=0.7169
2026-09-17 19:41:36,141 INFO train epoch 13/100 batch 39/66 (59%) running_loss=0.7089
2026-09-17 19:41:38,057 INFO train epoch 13/100 batch 52/66 (79%) running_loss=0.7165
2026-09-17 19:41:39,953 INFO train epoch 13/100 batch 65/66 (98%) running_loss=0.7176
2026-09-17 19:41:40,102 INFO train epoch 13/100 batch 66/66 (100%) running_loss=0.7175
2026-09-17 19:41:42,549 INFO epoch 13/100 done: train_loss=0.7175 val_loss=0.4877 val_accuracy=0.8422 val_macro_f1=0.7861 val_macro_auc=0.9397 (checkpoint_metric=macro_auc) [new best]
2026-09-17 19:41:45,003 INFO train epoch 14/100 batch 13/66 (20%) running_loss=0.7037
2026-09-17 19:41:46,927 INFO train epoch 14/100 batch 26/66 (39%) running_loss=0.6803
2026-09-17 19:41:48,974 INFO train epoch 14/100 batch 39/66 (59%) running_loss=0.6722
2026-09-17 19:41:50,979 INFO train epoch 14/100 batch 52/66 (79%) running_loss=0.6676
2026-09-17 19:41:52,912 INFO train epoch 14/100 batch 65/66 (98%) running_loss=0.6690
2026-09-17 19:41:53,058 INFO train epoch 14/100 batch 66/66 (100%) running_loss=0.6686
2026-09-17 19:41:55,956 INFO epoch 14/100 done: train_loss=0.6686 val_loss=0.4624 val_accuracy=0.8320 val_macro_f1=0.7799 val_macro_auc=0.9411 (checkpoint_metric=macro_auc) [new best]
2026-09-17 19:41:58,375 INFO train epoch 15/100 batch 13/66 (20%) running_loss=0.6297
2026-09-17 19:42:00,314 INFO train epoch 15/100 batch 26/66 (39%) running_loss=0.6314
2026-09-17 19:42:02,206 INFO train epoch 15/100 batch 39/66 (59%) running_loss=0.6424
2026-09-17 19:42:04,085 INFO train epoch 15/100 batch 52/66 (79%) running_loss=0.6386
2026-09-17 19:42:05,928 INFO train epoch 15/100 batch 65/66 (98%) running_loss=0.6382
2026-09-17 19:42:06,073 INFO train epoch 15/100 batch 66/66 (100%) running_loss=0.6379
2026-09-17 19:42:08,480 INFO epoch 15/100 done: train_loss=0.6379 val_loss=0.4208 val_accuracy=0.8443 val_macro_f1=0.7933 val_macro_auc=0.9487 (checkpoint_metric=macro_auc) [new best]
2026-09-17 19:42:10,890 INFO train epoch 16/100 batch 13/66 (20%) running_loss=0.6524
2026-09-17 19:42:12,782 INFO train epoch 16/100 batch 26/66 (39%) running_loss=0.6235
2026-09-17 19:42:14,651 INFO train epoch 16/100 batch 39/66 (59%) running_loss=0.6356
2026-09-17 19:42:16,575 INFO train epoch 16/100 batch 52/66 (79%) running_loss=0.6229
2026-09-17 19:42:18,443 INFO train epoch 16/100 batch 65/66 (98%) running_loss=0.6219
2026-09-17 19:42:18,591 INFO train epoch 16/100 batch 66/66 (100%) running_loss=0.6208
2026-09-17 19:42:20,998 INFO epoch 16/100 done: train_loss=0.6208 val_loss=0.3794 val_accuracy=0.8770 val_macro_f1=0.8375 val_macro_auc=0.9619 (checkpoint_metric=macro_auc) [new best]
2026-09-17 19:42:23,517 INFO train epoch 17/100 batch 13/66 (20%) running_loss=0.6036
2026-09-17 19:42:25,380 INFO train epoch 17/100 batch 26/66 (39%) running_loss=0.6067
2026-09-17 19:42:27,249 INFO train epoch 17/100 batch 39/66 (59%) running_loss=0.6059
2026-09-17 19:42:29,131 INFO train epoch 17/100 batch 52/66 (79%) running_loss=0.6045
2026-09-17 19:42:31,010 INFO train epoch 17/100 batch 65/66 (98%) running_loss=0.6045
2026-09-17 19:42:31,163 INFO train epoch 17/100 batch 66/66 (100%) running_loss=0.6044
2026-09-17 19:42:33,519 INFO epoch 17/100 done: train_loss=0.6044 val_loss=0.3911 val_accuracy=0.8484 val_macro_f1=0.8017 val_macro_auc=0.9545 (checkpoint_metric=macro_auc) [new best]
2026-09-17 19:42:35,870 INFO train epoch 18/100 batch 13/66 (20%) running_loss=0.5686
2026-09-17 19:42:37,763 INFO train epoch 18/100 batch 26/66 (39%) running_loss=0.5735
2026-09-17 19:42:39,661 INFO train epoch 18/100 batch 39/66 (59%) running_loss=0.5804
2026-09-17 19:42:41,572 INFO train epoch 18/100 batch 52/66 (79%) running_loss=0.5695
2026-09-17 19:42:43,474 INFO train epoch 18/100 batch 65/66 (98%) running_loss=0.5677
2026-09-17 19:42:43,620 INFO train epoch 18/100 batch 66/66 (100%) running_loss=0.5680
2026-09-17 19:42:46,093 INFO epoch 18/100 done: train_loss=0.5680 val_loss=0.3388 val_accuracy=0.8893 val_macro_f1=0.8539 val_macro_auc=0.9680 (checkpoint_metric=macro_auc) [new best]
2026-09-17 19:42:48,527 INFO train epoch 19/100 batch 13/66 (20%) running_loss=0.5606
2026-09-17 19:42:50,458 INFO train epoch 19/100 batch 26/66 (39%) running_loss=0.5467
2026-09-17 19:42:52,326 INFO train epoch 19/100 batch 39/66 (59%) running_loss=0.5384
2026-09-17 19:42:54,202 INFO train epoch 19/100 batch 52/66 (79%) running_loss=0.5432
2026-09-17 19:42:56,077 INFO train epoch 19/100 batch 65/66 (98%) running_loss=0.5412
2026-09-17 19:42:56,223 INFO train epoch 19/100 batch 66/66 (100%) running_loss=0.5401
2026-09-17 19:42:59,004 INFO epoch 19/100 done: train_loss=0.5401 val_loss=0.3581 val_accuracy=0.8730 val_macro_f1=0.8378 val_macro_auc=0.9677 (checkpoint_metric=macro_auc) [new best]
2026-09-17 19:43:01,429 INFO train epoch 20/100 batch 13/66 (20%) running_loss=0.5270
2026-09-17 19:43:03,311 INFO train epoch 20/100 batch 26/66 (39%) running_loss=0.5390
2026-09-17 19:43:05,237 INFO train epoch 20/100 batch 39/66 (59%) running_loss=0.5300
2026-09-17 19:43:07,195 INFO train epoch 20/100 batch 52/66 (79%) running_loss=0.5438
2026-09-17 19:43:09,129 INFO train epoch 20/100 batch 65/66 (98%) running_loss=0.5350
2026-09-17 19:43:09,285 INFO train epoch 20/100 batch 66/66 (100%) running_loss=0.5337
2026-09-17 19:43:11,694 INFO epoch 20/100 done: train_loss=0.5337 val_loss=0.3308 val_accuracy=0.8852 val_macro_f1=0.8521 val_macro_auc=0.9752 (checkpoint_metric=macro_auc) [new best]
2026-09-17 19:43:14,185 INFO train epoch 21/100 batch 13/66 (20%) running_loss=0.4906
2026-09-17 19:43:16,064 INFO train epoch 21/100 batch 26/66 (39%) running_loss=0.4987
2026-09-17 19:43:17,931 INFO train epoch 21/100 batch 39/66 (59%) running_loss=0.5133
2026-09-17 19:43:19,802 INFO train epoch 21/100 batch 52/66 (79%) running_loss=0.5058
2026-09-17 19:43:21,683 INFO train epoch 21/100 batch 65/66 (98%) running_loss=0.5084
2026-09-17 19:43:21,830 INFO train epoch 21/100 batch 66/66 (100%) running_loss=0.5071
2026-09-17 19:43:24,217 INFO epoch 21/100 done: train_loss=0.5071 val_loss=0.3435 val_accuracy=0.8709 val_macro_f1=0.8403 val_macro_auc=0.9785 (checkpoint_metric=macro_auc) [new best]
2026-09-17 19:43:26,517 INFO train epoch 22/100 batch 13/66 (20%) running_loss=0.4789
2026-09-17 19:43:28,425 INFO train epoch 22/100 batch 26/66 (39%) running_loss=0.4956
2026-09-17 19:43:30,355 INFO train epoch 22/100 batch 39/66 (59%) running_loss=0.4842
2026-09-17 19:43:32,287 INFO train epoch 22/100 batch 52/66 (79%) running_loss=0.4755
2026-09-17 19:43:34,197 INFO train epoch 22/100 batch 65/66 (98%) running_loss=0.4880
2026-09-17 19:43:34,351 INFO train epoch 22/100 batch 66/66 (100%) running_loss=0.4865
2026-09-17 19:43:36,798 INFO epoch 22/100 done: train_loss=0.4865 val_loss=0.3198 val_accuracy=0.8914 val_macro_f1=0.8600 val_macro_auc=0.9807 (checkpoint_metric=macro_auc) [new best]
2026-09-17 19:43:39,205 INFO train epoch 23/100 batch 13/66 (20%) running_loss=0.4773
2026-09-17 19:43:41,112 INFO train epoch 23/100 batch 26/66 (39%) running_loss=0.4641
2026-09-17 19:43:42,987 INFO train epoch 23/100 batch 39/66 (59%) running_loss=0.4625
2026-09-17 19:43:44,928 INFO train epoch 23/100 batch 52/66 (79%) running_loss=0.4621
2026-09-17 19:43:46,865 INFO train epoch 23/100 batch 65/66 (98%) running_loss=0.4712
2026-09-17 19:43:47,012 INFO train epoch 23/100 batch 66/66 (100%) running_loss=0.4698
2026-09-17 19:43:49,432 INFO epoch 23/100 done: train_loss=0.4698 val_loss=0.3148 val_accuracy=0.8934 val_macro_f1=0.8621 val_macro_auc=0.9808 (checkpoint_metric=macro_auc) [new best]
2026-09-17 19:43:51,798 INFO train epoch 24/100 batch 13/66 (20%) running_loss=0.4905
2026-09-17 19:43:53,654 INFO train epoch 24/100 batch 26/66 (39%) running_loss=0.4841
2026-09-17 19:43:55,513 INFO train epoch 24/100 batch 39/66 (59%) running_loss=0.4799
2026-09-17 19:43:57,370 INFO train epoch 24/100 batch 52/66 (79%) running_loss=0.4684
2026-09-17 19:43:59,287 INFO train epoch 24/100 batch 65/66 (98%) running_loss=0.4724
2026-09-17 19:43:59,437 INFO train epoch 24/100 batch 66/66 (100%) running_loss=0.4726
2026-09-17 19:44:01,887 INFO epoch 24/100 done: train_loss=0.4726 val_loss=0.2875 val_accuracy=0.9037 val_macro_f1=0.8695 val_macro_auc=0.9827 (checkpoint_metric=macro_auc) [new best]
2026-09-17 19:44:04,309 INFO train epoch 25/100 batch 13/66 (20%) running_loss=0.4346
2026-09-17 19:44:06,214 INFO train epoch 25/100 batch 26/66 (39%) running_loss=0.4273
2026-09-17 19:44:08,150 INFO train epoch 25/100 batch 39/66 (59%) running_loss=0.4306
2026-09-17 19:44:10,075 INFO train epoch 25/100 batch 52/66 (79%) running_loss=0.4290
2026-09-17 19:44:11,974 INFO train epoch 25/100 batch 65/66 (98%) running_loss=0.4301
2026-09-17 19:44:12,121 INFO train epoch 25/100 batch 66/66 (100%) running_loss=0.4299
2026-09-17 19:44:14,551 INFO epoch 25/100 done: train_loss=0.4299 val_loss=0.2739 val_accuracy=0.9139 val_macro_f1=0.8826 val_macro_auc=0.9836 (checkpoint_metric=macro_auc) [new best]
2026-09-17 19:44:16,876 INFO train epoch 26/100 batch 13/66 (20%) running_loss=0.4018
2026-09-17 19:44:18,903 INFO train epoch 26/100 batch 26/66 (39%) running_loss=0.4025
2026-09-17 19:44:20,737 INFO train epoch 26/100 batch 39/66 (59%) running_loss=0.4264
2026-09-17 19:44:22,615 INFO train epoch 26/100 batch 52/66 (79%) running_loss=0.4292
2026-09-17 19:44:24,457 INFO train epoch 26/100 batch 65/66 (98%) running_loss=0.4244
2026-09-17 19:44:24,604 INFO train epoch 26/100 batch 66/66 (100%) running_loss=0.4249
2026-09-17 19:44:27,081 INFO epoch 26/100 done: train_loss=0.4249 val_loss=0.2460 val_accuracy=0.9303 val_macro_f1=0.9034 val_macro_auc=0.9842 (checkpoint_metric=macro_auc) [new best]
2026-09-17 19:44:29,405 INFO train epoch 27/100 batch 13/66 (20%) running_loss=0.4288
2026-09-17 19:44:31,340 INFO train epoch 27/100 batch 26/66 (39%) running_loss=0.4458
2026-09-17 19:44:33,290 INFO train epoch 27/100 batch 39/66 (59%) running_loss=0.4323
2026-09-17 19:44:35,161 INFO train epoch 27/100 batch 52/66 (79%) running_loss=0.4292
2026-09-17 19:44:37,066 INFO train epoch 27/100 batch 65/66 (98%) running_loss=0.4168
2026-09-17 19:44:37,212 INFO train epoch 27/100 batch 66/66 (100%) running_loss=0.4171
2026-09-17 19:44:39,573 INFO epoch 27/100 done: train_loss=0.4171 val_loss=0.2556 val_accuracy=0.9221 val_macro_f1=0.8945 val_macro_auc=0.9833 (checkpoint_metric=macro_auc) [new best]
2026-09-17 19:44:41,963 INFO train epoch 28/100 batch 13/66 (20%) running_loss=0.4197
2026-09-17 19:44:43,882 INFO train epoch 28/100 batch 26/66 (39%) running_loss=0.4118
2026-09-17 19:44:45,790 INFO train epoch 28/100 batch 39/66 (59%) running_loss=0.4087
2026-09-17 19:44:47,735 INFO train epoch 28/100 batch 52/66 (79%) running_loss=0.4065
2026-09-17 19:44:49,652 INFO train epoch 28/100 batch 65/66 (98%) running_loss=0.4000
2026-09-17 19:44:49,814 INFO train epoch 28/100 batch 66/66 (100%) running_loss=0.4013
2026-09-17 19:44:52,256 INFO epoch 28/100 done: train_loss=0.4013 val_loss=0.2483 val_accuracy=0.9262 val_macro_f1=0.8987 val_macro_auc=0.9842 (checkpoint_metric=macro_auc) [new best]
2026-09-17 19:44:54,658 INFO train epoch 29/100 batch 13/66 (20%) running_loss=0.3843
2026-09-17 19:44:56,551 INFO train epoch 29/100 batch 26/66 (39%) running_loss=0.3870
2026-09-17 19:44:58,471 INFO train epoch 29/100 batch 39/66 (59%) running_loss=0.3884
2026-09-17 19:45:00,355 INFO train epoch 29/100 batch 52/66 (79%) running_loss=0.3855
2026-09-17 19:45:02,221 INFO train epoch 29/100 batch 65/66 (98%) running_loss=0.3823
2026-09-17 19:45:02,366 INFO train epoch 29/100 batch 66/66 (100%) running_loss=0.3827
2026-09-17 19:45:03,609 INFO epoch 29/100 done: train_loss=0.3827 val_loss=0.2643 val_accuracy=0.9180 val_macro_f1=0.8907 val_macro_auc=0.9834 (checkpoint_metric=macro_auc)
2026-09-17 19:45:06,021 INFO train epoch 30/100 batch 13/66 (20%) running_loss=0.3847
2026-09-17 19:45:07,921 INFO train epoch 30/100 batch 26/66 (39%) running_loss=0.3859
2026-09-17 19:45:09,826 INFO train epoch 30/100 batch 39/66 (59%) running_loss=0.3886
2026-09-17 19:45:11,721 INFO train epoch 30/100 batch 52/66 (79%) running_loss=0.3887
2026-09-17 19:45:13,628 INFO train epoch 30/100 batch 65/66 (98%) running_loss=0.3889
2026-09-17 19:45:13,775 INFO train epoch 30/100 batch 66/66 (100%) running_loss=0.3885
2026-09-17 19:45:15,000 INFO epoch 30/100 done: train_loss=0.3885 val_loss=0.2843 val_accuracy=0.9098 val_macro_f1=0.8820 val_macro_auc=0.9807 (checkpoint_metric=macro_auc)
2026-09-17 19:45:17,376 INFO train epoch 31/100 batch 13/66 (20%) running_loss=0.3807
2026-09-17 19:45:19,273 INFO train epoch 31/100 batch 26/66 (39%) running_loss=0.3819
2026-09-17 19:45:21,179 INFO train epoch 31/100 batch 39/66 (59%) running_loss=0.3815
2026-09-17 19:45:23,080 INFO train epoch 31/100 batch 52/66 (79%) running_loss=0.3808
2026-09-17 19:45:24,974 INFO train epoch 31/100 batch 65/66 (98%) running_loss=0.3801
2026-09-17 19:45:25,120 INFO train epoch 31/100 batch 66/66 (100%) running_loss=0.3798
2026-09-17 19:45:26,354 INFO epoch 31/100 done: train_loss=0.3798 val_loss=0.2986 val_accuracy=0.8996 val_macro_f1=0.8699 val_macro_auc=0.9784 (checkpoint_metric=macro_auc)
2026-09-17 19:45:28,684 INFO train epoch 32/100 batch 13/66 (20%) running_loss=0.3778
2026-09-17 19:45:30,595 INFO train epoch 32/100 batch 26/66 (39%) running_loss=0.3779
2026-09-17 19:45:32,508 INFO train epoch 32/100 batch 39/66 (59%) running_loss=0.3716
2026-09-17 19:45:34,406 INFO train epoch 32/100 batch 52/66 (79%) running_loss=0.3754
2026-09-17 19:45:36,338 INFO train epoch 32/100 batch 65/66 (98%) running_loss=0.3718
2026-09-17 19:45:36,486 INFO train epoch 32/100 batch 66/66 (100%) running_loss=0.3723
2026-09-17 19:45:37,730 INFO epoch 32/100 done: train_loss=0.3723 val_loss=0.2654 val_accuracy=0.9242 val_macro_f1=0.8956 val_macro_auc=0.9784 (checkpoint_metric=macro_auc)
2026-09-17 19:45:40,158 INFO train epoch 33/100 batch 13/66 (20%) running_loss=0.3811
2026-09-17 19:45:42,051 INFO train epoch 33/100 batch 26/66 (39%) running_loss=0.3664
2026-09-17 19:45:43,940 INFO train epoch 33/100 batch 39/66 (59%) running_loss=0.3645
2026-09-17 19:45:45,825 INFO train epoch 33/100 batch 52/66 (79%) running_loss=0.3689
2026-09-17 19:45:47,714 INFO train epoch 33/100 batch 65/66 (98%) running_loss=0.3668
2026-09-17 19:45:47,867 INFO train epoch 33/100 batch 66/66 (100%) running_loss=0.3676
2026-09-17 19:45:49,158 INFO epoch 33/100 done: train_loss=0.3676 val_loss=0.2824 val_accuracy=0.9160 val_macro_f1=0.8878 val_macro_auc=0.9787 (checkpoint_metric=macro_auc)
2026-09-17 19:45:51,562 INFO train epoch 34/100 batch 13/66 (20%) running_loss=0.3445
2026-09-17 19:45:53,472 INFO train epoch 34/100 batch 26/66 (39%) running_loss=0.3456
2026-09-17 19:45:55,435 INFO train epoch 34/100 batch 39/66 (59%) running_loss=0.3504
2026-09-17 19:45:57,378 INFO train epoch 34/100 batch 52/66 (79%) running_loss=0.3540
2026-09-17 19:45:59,317 INFO train epoch 34/100 batch 65/66 (98%) running_loss=0.3545
2026-09-17 19:45:59,464 INFO train epoch 34/100 batch 66/66 (100%) running_loss=0.3544
2026-09-17 19:46:00,741 INFO epoch 34/100 done: train_loss=0.3544 val_loss=0.2788 val_accuracy=0.9160 val_macro_f1=0.8892 val_macro_auc=0.9808 (checkpoint_metric=macro_auc)
2026-09-17 19:46:03,105 INFO train epoch 35/100 batch 13/66 (20%) running_loss=0.3816
2026-09-17 19:46:05,048 INFO train epoch 35/100 batch 26/66 (39%) running_loss=0.3715
2026-09-17 19:46:06,945 INFO train epoch 35/100 batch 39/66 (59%) running_loss=0.3637
2026-09-17 19:46:08,853 INFO train epoch 35/100 batch 52/66 (79%) running_loss=0.3615
2026-09-17 19:46:10,769 INFO train epoch 35/100 batch 65/66 (98%) running_loss=0.3614
2026-09-17 19:46:10,918 INFO train epoch 35/100 batch 66/66 (100%) running_loss=0.3629
2026-09-17 19:46:12,155 INFO epoch 35/100 done: train_loss=0.3629 val_loss=0.2879 val_accuracy=0.9139 val_macro_f1=0.8876 val_macro_auc=0.9785 (checkpoint_metric=macro_auc)
2026-09-17 19:46:14,583 INFO train epoch 36/100 batch 13/66 (20%) running_loss=0.3563
2026-09-17 19:46:16,464 INFO train epoch 36/100 batch 26/66 (39%) running_loss=0.3520
2026-09-17 19:46:18,323 INFO train epoch 36/100 batch 39/66 (59%) running_loss=0.3494
2026-09-17 19:46:20,193 INFO train epoch 36/100 batch 52/66 (79%) running_loss=0.3513
2026-09-17 19:46:22,050 INFO train epoch 36/100 batch 65/66 (98%) running_loss=0.3524
2026-09-17 19:46:22,197 INFO train epoch 36/100 batch 66/66 (100%) running_loss=0.3523
2026-09-17 19:46:23,461 INFO epoch 36/100 done: train_loss=0.3523 val_loss=0.2910 val_accuracy=0.9078 val_macro_f1=0.8807 val_macro_auc=0.9796 (checkpoint_metric=macro_auc)
2026-09-17 19:46:25,872 INFO train epoch 37/100 batch 13/66 (20%) running_loss=0.3551
2026-09-17 19:46:27,751 INFO train epoch 37/100 batch 26/66 (39%) running_loss=0.3470
2026-09-17 19:46:29,661 INFO train epoch 37/100 batch 39/66 (59%) running_loss=0.3472
2026-09-17 19:46:31,566 INFO train epoch 37/100 batch 52/66 (79%) running_loss=0.3436
2026-09-17 19:46:33,439 INFO train epoch 37/100 batch 65/66 (98%) running_loss=0.3423
2026-09-17 19:46:33,585 INFO train epoch 37/100 batch 66/66 (100%) running_loss=0.3421
2026-09-17 19:46:34,842 INFO epoch 37/100 done: train_loss=0.3421 val_loss=0.2916 val_accuracy=0.9160 val_macro_f1=0.8886 val_macro_auc=0.9768 (checkpoint_metric=macro_auc)
2026-09-17 19:46:37,242 INFO train epoch 38/100 batch 13/66 (20%) running_loss=0.3711
2026-09-17 19:46:39,131 INFO train epoch 38/100 batch 26/66 (39%) running_loss=0.3695
2026-09-17 19:46:41,059 INFO train epoch 38/100 batch 39/66 (59%) running_loss=0.3617
2026-09-17 19:46:42,961 INFO train epoch 38/100 batch 52/66 (79%) running_loss=0.3612
2026-09-17 19:46:44,852 INFO train epoch 38/100 batch 65/66 (98%) running_loss=0.3603
2026-09-17 19:46:45,002 INFO train epoch 38/100 batch 66/66 (100%) running_loss=0.3605
2026-09-17 19:46:46,275 INFO epoch 38/100 done: train_loss=0.3605 val_loss=0.2873 val_accuracy=0.9098 val_macro_f1=0.8820 val_macro_auc=0.9791 (checkpoint_metric=macro_auc)
2026-09-17 19:46:48,634 INFO train epoch 39/100 batch 13/66 (20%) running_loss=0.3421
2026-09-17 19:46:50,491 INFO train epoch 39/100 batch 26/66 (39%) running_loss=0.3447
2026-09-17 19:46:52,411 INFO train epoch 39/100 batch 39/66 (59%) running_loss=0.3452
2026-09-17 19:46:54,316 INFO train epoch 39/100 batch 52/66 (79%) running_loss=0.3496
2026-09-17 19:46:56,185 INFO train epoch 39/100 batch 65/66 (98%) running_loss=0.3482
2026-09-17 19:46:56,331 INFO train epoch 39/100 batch 66/66 (100%) running_loss=0.3478
2026-09-17 19:46:57,618 INFO epoch 39/100 done: train_loss=0.3478 val_loss=0.2508 val_accuracy=0.9283 val_macro_f1=0.9022 val_macro_auc=0.9829 (checkpoint_metric=macro_auc)
2026-09-17 19:47:00,078 INFO train epoch 40/100 batch 13/66 (20%) running_loss=0.3332
2026-09-17 19:47:02,011 INFO train epoch 40/100 batch 26/66 (39%) running_loss=0.3356
2026-09-17 19:47:03,912 INFO train epoch 40/100 batch 39/66 (59%) running_loss=0.3361
2026-09-17 19:47:05,814 INFO train epoch 40/100 batch 52/66 (79%) running_loss=0.3348
2026-09-17 19:47:07,703 INFO train epoch 40/100 batch 65/66 (98%) running_loss=0.3355
2026-09-17 19:47:07,855 INFO train epoch 40/100 batch 66/66 (100%) running_loss=0.3353
2026-09-17 19:47:09,118 INFO epoch 40/100 done: train_loss=0.3353 val_loss=0.2733 val_accuracy=0.9160 val_macro_f1=0.8895 val_macro_auc=0.9799 (checkpoint_metric=macro_auc)
2026-09-17 19:47:11,517 INFO train epoch 41/100 batch 13/66 (20%) running_loss=0.3432
2026-09-17 19:47:13,657 INFO train epoch 41/100 batch 26/66 (39%) running_loss=0.3452
2026-09-17 19:47:15,527 INFO train epoch 41/100 batch 39/66 (59%) running_loss=0.3402
2026-09-17 19:47:17,432 INFO train epoch 41/100 batch 52/66 (79%) running_loss=0.3367
2026-09-17 19:47:19,372 INFO train epoch 41/100 batch 65/66 (98%) running_loss=0.3379
2026-09-17 19:47:19,526 INFO train epoch 41/100 batch 66/66 (100%) running_loss=0.3380
2026-09-17 19:47:20,829 INFO epoch 41/100 done: train_loss=0.3380 val_loss=0.2754 val_accuracy=0.9201 val_macro_f1=0.8951 val_macro_auc=0.9808 (checkpoint_metric=macro_auc)
2026-09-17 19:47:23,235 INFO train epoch 42/100 batch 13/66 (20%) running_loss=0.3321
2026-09-17 19:47:25,157 INFO train epoch 42/100 batch 26/66 (39%) running_loss=0.3373
2026-09-17 19:47:27,050 INFO train epoch 42/100 batch 39/66 (59%) running_loss=0.3346
2026-09-17 19:47:28,980 INFO train epoch 42/100 batch 52/66 (79%) running_loss=0.3333
2026-09-17 19:47:30,897 INFO train epoch 42/100 batch 65/66 (98%) running_loss=0.3320
2026-09-17 19:47:31,046 INFO train epoch 42/100 batch 66/66 (100%) running_loss=0.3318
2026-09-17 19:47:32,330 INFO epoch 42/100 done: train_loss=0.3318 val_loss=0.2747 val_accuracy=0.9221 val_macro_f1=0.8981 val_macro_auc=0.9805 (checkpoint_metric=macro_auc)
2026-09-17 19:47:34,729 INFO train epoch 43/100 batch 13/66 (20%) running_loss=0.3174
2026-09-17 19:47:36,642 INFO train epoch 43/100 batch 26/66 (39%) running_loss=0.3183
2026-09-17 19:47:38,540 INFO train epoch 43/100 batch 39/66 (59%) running_loss=0.3274
2026-09-17 19:47:40,448 INFO train epoch 43/100 batch 52/66 (79%) running_loss=0.3281
2026-09-17 19:47:42,343 INFO train epoch 43/100 batch 65/66 (98%) running_loss=0.3267
2026-09-17 19:47:42,490 INFO train epoch 43/100 batch 66/66 (100%) running_loss=0.3265
2026-09-17 19:47:43,788 INFO epoch 43/100 done: train_loss=0.3265 val_loss=0.2733 val_accuracy=0.9221 val_macro_f1=0.8967 val_macro_auc=0.9806 (checkpoint_metric=macro_auc)
2026-09-17 19:47:46,261 INFO train epoch 44/100 batch 13/66 (20%) running_loss=0.3285
2026-09-17 19:47:48,210 INFO train epoch 44/100 batch 26/66 (39%) running_loss=0.3223
2026-09-17 19:47:50,143 INFO train epoch 44/100 batch 39/66 (59%) running_loss=0.3291
2026-09-17 19:47:52,071 INFO train epoch 44/100 batch 52/66 (79%) running_loss=0.3302
2026-09-17 19:47:53,982 INFO train epoch 44/100 batch 65/66 (98%) running_loss=0.3299
2026-09-17 19:47:54,139 INFO train epoch 44/100 batch 66/66 (100%) running_loss=0.3299
2026-09-17 19:47:55,447 INFO epoch 44/100 done: train_loss=0.3299 val_loss=0.2695 val_accuracy=0.9201 val_macro_f1=0.8948 val_macro_auc=0.9811 (checkpoint_metric=macro_auc)
2026-09-17 19:47:57,861 INFO train epoch 45/100 batch 13/66 (20%) running_loss=0.3269
2026-09-17 19:47:59,752 INFO train epoch 45/100 batch 26/66 (39%) running_loss=0.3339
2026-09-17 19:48:01,684 INFO train epoch 45/100 batch 39/66 (59%) running_loss=0.3317
2026-09-17 19:48:03,591 INFO train epoch 45/100 batch 52/66 (79%) running_loss=0.3348
2026-09-17 19:48:05,502 INFO train epoch 45/100 batch 65/66 (98%) running_loss=0.3341
2026-09-17 19:48:05,654 INFO train epoch 45/100 batch 66/66 (100%) running_loss=0.3339
2026-09-17 19:48:06,918 INFO epoch 45/100 done: train_loss=0.3339 val_loss=0.2466 val_accuracy=0.9303 val_macro_f1=0.9066 val_macro_auc=0.9822 (checkpoint_metric=macro_auc)
2026-09-17 19:48:09,311 INFO train epoch 46/100 batch 13/66 (20%) running_loss=0.3375
2026-09-17 19:48:11,231 INFO train epoch 46/100 batch 26/66 (39%) running_loss=0.3286
2026-09-17 19:48:13,149 INFO train epoch 46/100 batch 39/66 (59%) running_loss=0.3235
2026-09-17 19:48:15,085 INFO train epoch 46/100 batch 52/66 (79%) running_loss=0.3253
2026-09-17 19:48:16,967 INFO train epoch 46/100 batch 65/66 (98%) running_loss=0.3246
2026-09-17 19:48:17,113 INFO train epoch 46/100 batch 66/66 (100%) running_loss=0.3244
2026-09-17 19:48:18,318 INFO epoch 46/100 done: train_loss=0.3244 val_loss=0.2496 val_accuracy=0.9283 val_macro_f1=0.9047 val_macro_auc=0.9825 (checkpoint_metric=macro_auc)
2026-09-17 19:48:20,691 INFO train epoch 47/100 batch 13/66 (20%) running_loss=0.3210
2026-09-17 19:48:22,697 INFO train epoch 47/100 batch 26/66 (39%) running_loss=0.3195
2026-09-17 19:48:24,648 INFO train epoch 47/100 batch 39/66 (59%) running_loss=0.3182
2026-09-17 19:48:26,559 INFO train epoch 47/100 batch 52/66 (79%) running_loss=0.3182
2026-09-17 19:48:28,461 INFO train epoch 47/100 batch 65/66 (98%) running_loss=0.3195
2026-09-17 19:48:28,614 INFO train epoch 47/100 batch 66/66 (100%) running_loss=0.3193
2026-09-17 19:48:29,898 INFO epoch 47/100 done: train_loss=0.3193 val_loss=0.2540 val_accuracy=0.9283 val_macro_f1=0.9028 val_macro_auc=0.9807 (checkpoint_metric=macro_auc)
2026-09-17 19:48:32,325 INFO train epoch 48/100 batch 13/66 (20%) running_loss=0.3287
2026-09-17 19:48:34,187 INFO train epoch 48/100 batch 26/66 (39%) running_loss=0.3289
2026-09-17 19:48:36,094 INFO train epoch 48/100 batch 39/66 (59%) running_loss=0.3262
2026-09-17 19:48:37,986 INFO train epoch 48/100 batch 52/66 (79%) running_loss=0.3234
2026-09-17 19:48:39,864 INFO train epoch 48/100 batch 65/66 (98%) running_loss=0.3258
2026-09-17 19:48:40,010 INFO train epoch 48/100 batch 66/66 (100%) running_loss=0.3259
2026-09-17 19:48:41,221 INFO epoch 48/100 done: train_loss=0.3259 val_loss=0.2565 val_accuracy=0.9201 val_macro_f1=0.8942 val_macro_auc=0.9818 (checkpoint_metric=macro_auc)
2026-09-17 19:48:43,523 INFO train epoch 49/100 batch 13/66 (20%) running_loss=0.3240
2026-09-17 19:48:45,390 INFO train epoch 49/100 batch 26/66 (39%) running_loss=0.3192
2026-09-17 19:48:47,246 INFO train epoch 49/100 batch 39/66 (59%) running_loss=0.3221
2026-09-17 19:48:49,115 INFO train epoch 49/100 batch 52/66 (79%) running_loss=0.3224
2026-09-17 19:48:50,983 INFO train epoch 49/100 batch 65/66 (98%) running_loss=0.3222
2026-09-17 19:48:51,136 INFO train epoch 49/100 batch 66/66 (100%) running_loss=0.3224
2026-09-17 19:48:52,408 INFO epoch 49/100 done: train_loss=0.3224 val_loss=0.2710 val_accuracy=0.9160 val_macro_f1=0.8898 val_macro_auc=0.9818 (checkpoint_metric=macro_auc)
2026-09-17 19:48:54,771 INFO train epoch 50/100 batch 13/66 (20%) running_loss=0.3245
2026-09-17 19:48:56,646 INFO train epoch 50/100 batch 26/66 (39%) running_loss=0.3204
2026-09-17 19:48:58,552 INFO train epoch 50/100 batch 39/66 (59%) running_loss=0.3208
2026-09-17 19:49:00,463 INFO train epoch 50/100 batch 52/66 (79%) running_loss=0.3210
2026-09-17 19:49:02,313 INFO train epoch 50/100 batch 65/66 (98%) running_loss=0.3200
2026-09-17 19:49:02,460 INFO train epoch 50/100 batch 66/66 (100%) running_loss=0.3203
2026-09-17 19:49:03,725 INFO epoch 50/100 done: train_loss=0.3203 val_loss=0.2485 val_accuracy=0.9221 val_macro_f1=0.8968 val_macro_auc=0.9818 (checkpoint_metric=macro_auc)
2026-09-17 19:49:06,107 INFO train epoch 51/100 batch 13/66 (20%) running_loss=0.3142
2026-09-17 19:49:07,961 INFO train epoch 51/100 batch 26/66 (39%) running_loss=0.3147
2026-09-17 19:49:09,865 INFO train epoch 51/100 batch 39/66 (59%) running_loss=0.3197
2026-09-17 19:49:11,726 INFO train epoch 51/100 batch 52/66 (79%) running_loss=0.3192
2026-09-17 19:49:13,583 INFO train epoch 51/100 batch 65/66 (98%) running_loss=0.3221
2026-09-17 19:49:13,729 INFO train epoch 51/100 batch 66/66 (100%) running_loss=0.3219
2026-09-17 19:49:15,016 INFO epoch 51/100 done: train_loss=0.3219 val_loss=0.2580 val_accuracy=0.9262 val_macro_f1=0.9018 val_macro_auc=0.9810 (checkpoint_metric=macro_auc)
2026-09-17 19:49:17,425 INFO train epoch 52/100 batch 13/66 (20%) running_loss=0.3184
2026-09-17 19:49:19,362 INFO train epoch 52/100 batch 26/66 (39%) running_loss=0.3201
2026-09-17 19:49:21,302 INFO train epoch 52/100 batch 39/66 (59%) running_loss=0.3230
2026-09-17 19:49:23,233 INFO train epoch 52/100 batch 52/66 (79%) running_loss=0.3237
2026-09-17 19:49:25,098 INFO train epoch 52/100 batch 65/66 (98%) running_loss=0.3218
2026-09-17 19:49:25,248 INFO train epoch 52/100 batch 66/66 (100%) running_loss=0.3218
2026-09-17 19:49:26,547 INFO epoch 52/100 done: train_loss=0.3218 val_loss=0.2613 val_accuracy=0.9262 val_macro_f1=0.9027 val_macro_auc=0.9824 (checkpoint_metric=macro_auc)
2026-09-17 19:49:28,953 INFO train epoch 53/100 batch 13/66 (20%) running_loss=0.3346
2026-09-17 19:49:30,884 INFO train epoch 53/100 batch 26/66 (39%) running_loss=0.3293
2026-09-17 19:49:32,775 INFO train epoch 53/100 batch 39/66 (59%) running_loss=0.3242
2026-09-17 19:49:34,697 INFO train epoch 53/100 batch 52/66 (79%) running_loss=0.3224
2026-09-17 19:49:36,554 INFO train epoch 53/100 batch 65/66 (98%) running_loss=0.3233
2026-09-17 19:49:36,704 INFO train epoch 53/100 batch 66/66 (100%) running_loss=0.3232
2026-09-17 19:49:37,995 INFO epoch 53/100 done: train_loss=0.3232 val_loss=0.2574 val_accuracy=0.9221 val_macro_f1=0.8979 val_macro_auc=0.9820 (checkpoint_metric=macro_auc)
2026-09-17 19:49:40,342 INFO train epoch 54/100 batch 13/66 (20%) running_loss=0.3090
2026-09-17 19:49:42,248 INFO train epoch 54/100 batch 26/66 (39%) running_loss=0.3109
2026-09-17 19:49:44,151 INFO train epoch 54/100 batch 39/66 (59%) running_loss=0.3141
2026-09-17 19:49:46,064 INFO train epoch 54/100 batch 52/66 (79%) running_loss=0.3146
2026-09-17 19:49:47,950 INFO train epoch 54/100 batch 65/66 (98%) running_loss=0.3161
2026-09-17 19:49:48,098 INFO train epoch 54/100 batch 66/66 (100%) running_loss=0.3160
2026-09-17 19:49:49,381 INFO epoch 54/100 done: train_loss=0.3160 val_loss=0.2686 val_accuracy=0.9180 val_macro_f1=0.8923 val_macro_auc=0.9813 (checkpoint_metric=macro_auc)
2026-09-17 19:49:51,745 INFO train epoch 55/100 batch 13/66 (20%) running_loss=0.3256
2026-09-17 19:49:53,654 INFO train epoch 55/100 batch 26/66 (39%) running_loss=0.3278
2026-09-17 19:49:55,550 INFO train epoch 55/100 batch 39/66 (59%) running_loss=0.3256
2026-09-17 19:49:57,475 INFO train epoch 55/100 batch 52/66 (79%) running_loss=0.3224
2026-09-17 19:49:59,365 INFO train epoch 55/100 batch 65/66 (98%) running_loss=0.3204
2026-09-17 19:49:59,513 INFO train epoch 55/100 batch 66/66 (100%) running_loss=0.3204
2026-09-17 19:50:00,771 INFO epoch 55/100 done: train_loss=0.3204 val_loss=0.2694 val_accuracy=0.9201 val_macro_f1=0.8939 val_macro_auc=0.9812 (checkpoint_metric=macro_auc)
2026-09-17 19:50:03,195 INFO train epoch 56/100 batch 13/66 (20%) running_loss=0.3136
2026-09-17 19:50:05,092 INFO train epoch 56/100 batch 26/66 (39%) running_loss=0.3112
2026-09-17 19:50:07,007 INFO train epoch 56/100 batch 39/66 (59%) running_loss=0.3122
2026-09-17 19:50:08,971 INFO train epoch 56/100 batch 52/66 (79%) running_loss=0.3125
2026-09-17 19:50:10,861 INFO train epoch 56/100 batch 65/66 (98%) running_loss=0.3135
2026-09-17 19:50:11,007 INFO train epoch 56/100 batch 66/66 (100%) running_loss=0.3134
2026-09-17 19:50:12,303 INFO epoch 56/100 done: train_loss=0.3134 val_loss=0.2524 val_accuracy=0.9303 val_macro_f1=0.9080 val_macro_auc=0.9832 (checkpoint_metric=macro_auc)
2026-09-17 19:50:14,645 INFO train epoch 57/100 batch 13/66 (20%) running_loss=0.3076
2026-09-17 19:50:16,567 INFO train epoch 57/100 batch 26/66 (39%) running_loss=0.3107
2026-09-17 19:50:18,461 INFO train epoch 57/100 batch 39/66 (59%) running_loss=0.3137
2026-09-17 19:50:20,335 INFO train epoch 57/100 batch 52/66 (79%) running_loss=0.3156
2026-09-17 19:50:22,182 INFO train epoch 57/100 batch 65/66 (98%) running_loss=0.3145
2026-09-17 19:50:22,328 INFO train epoch 57/100 batch 66/66 (100%) running_loss=0.3146
2026-09-17 19:50:23,562 INFO epoch 57/100 done: train_loss=0.3146 val_loss=0.2598 val_accuracy=0.9242 val_macro_f1=0.9003 val_macro_auc=0.9825 (checkpoint_metric=macro_auc)
2026-09-17 19:50:26,010 INFO train epoch 58/100 batch 13/66 (20%) running_loss=0.3132
2026-09-17 19:50:27,994 INFO train epoch 58/100 batch 26/66 (39%) running_loss=0.3101
2026-09-17 19:50:29,926 INFO train epoch 58/100 batch 39/66 (59%) running_loss=0.3146
2026-09-17 19:50:31,818 INFO train epoch 58/100 batch 52/66 (79%) running_loss=0.3148
2026-09-17 19:50:33,668 INFO train epoch 58/100 batch 65/66 (98%) running_loss=0.3178
2026-09-17 19:50:33,814 INFO train epoch 58/100 batch 66/66 (100%) running_loss=0.3176
2026-09-17 19:50:35,099 INFO epoch 58/100 done: train_loss=0.3176 val_loss=0.2472 val_accuracy=0.9283 val_macro_f1=0.9047 val_macro_auc=0.9824 (checkpoint_metric=macro_auc)
2026-09-17 19:50:37,472 INFO train epoch 59/100 batch 13/66 (20%) running_loss=0.3072
2026-09-17 19:50:39,396 INFO train epoch 59/100 batch 26/66 (39%) running_loss=0.3079
2026-09-17 19:50:41,289 INFO train epoch 59/100 batch 39/66 (59%) running_loss=0.3104
2026-09-17 19:50:43,399 INFO train epoch 59/100 batch 52/66 (79%) running_loss=0.3112
2026-09-17 19:50:45,300 INFO train epoch 59/100 batch 65/66 (98%) running_loss=0.3121
2026-09-17 19:50:45,453 INFO train epoch 59/100 batch 66/66 (100%) running_loss=0.3120
2026-09-17 19:50:46,671 INFO epoch 59/100 done: train_loss=0.3120 val_loss=0.2494 val_accuracy=0.9262 val_macro_f1=0.9030 val_macro_auc=0.9820 (checkpoint_metric=macro_auc)
2026-09-17 19:50:49,111 INFO train epoch 60/100 batch 13/66 (20%) running_loss=0.3235
2026-09-17 19:50:51,087 INFO train epoch 60/100 batch 26/66 (39%) running_loss=0.3182
2026-09-17 19:50:53,051 INFO train epoch 60/100 batch 39/66 (59%) running_loss=0.3163
2026-09-17 19:50:55,032 INFO train epoch 60/100 batch 52/66 (79%) running_loss=0.3170
2026-09-17 19:50:56,866 INFO train epoch 60/100 batch 65/66 (98%) running_loss=0.3170
2026-09-17 19:50:57,010 INFO train epoch 60/100 batch 66/66 (100%) running_loss=0.3170
2026-09-17 19:50:58,289 INFO epoch 60/100 done: train_loss=0.3170 val_loss=0.2401 val_accuracy=0.9324 val_macro_f1=0.9097 val_macro_auc=0.9829 (checkpoint_metric=macro_auc)
2026-09-17 19:51:00,665 INFO train epoch 61/100 batch 13/66 (20%) running_loss=0.3177
2026-09-17 19:51:02,552 INFO train epoch 61/100 batch 26/66 (39%) running_loss=0.3128
2026-09-17 19:51:04,445 INFO train epoch 61/100 batch 39/66 (59%) running_loss=0.3171
2026-09-17 19:51:06,386 INFO train epoch 61/100 batch 52/66 (79%) running_loss=0.3179
2026-09-17 19:51:08,287 INFO train epoch 61/100 batch 65/66 (98%) running_loss=0.3175
2026-09-17 19:51:08,432 INFO train epoch 61/100 batch 66/66 (100%) running_loss=0.3173
2026-09-17 19:51:09,685 INFO epoch 61/100 done: train_loss=0.3173 val_loss=0.2628 val_accuracy=0.9262 val_macro_f1=0.9028 val_macro_auc=0.9814 (checkpoint_metric=macro_auc)
2026-09-17 19:51:12,049 INFO train epoch 62/100 batch 13/66 (20%) running_loss=0.3069
2026-09-17 19:51:13,951 INFO train epoch 62/100 batch 26/66 (39%) running_loss=0.3097
2026-09-17 19:51:15,863 INFO train epoch 62/100 batch 39/66 (59%) running_loss=0.3121
2026-09-17 19:51:17,829 INFO train epoch 62/100 batch 52/66 (79%) running_loss=0.3148
2026-09-17 19:51:19,699 INFO train epoch 62/100 batch 65/66 (98%) running_loss=0.3159
2026-09-17 19:51:19,848 INFO train epoch 62/100 batch 66/66 (100%) running_loss=0.3159
2026-09-17 19:51:21,142 INFO epoch 62/100 done: train_loss=0.3159 val_loss=0.2477 val_accuracy=0.9324 val_macro_f1=0.9103 val_macro_auc=0.9821 (checkpoint_metric=macro_auc)
2026-09-17 19:51:23,539 INFO train epoch 63/100 batch 13/66 (20%) running_loss=0.3189
2026-09-17 19:51:25,454 INFO train epoch 63/100 batch 26/66 (39%) running_loss=0.3151
2026-09-17 19:51:27,382 INFO train epoch 63/100 batch 39/66 (59%) running_loss=0.3171
2026-09-17 19:51:29,258 INFO train epoch 63/100 batch 52/66 (79%) running_loss=0.3172
2026-09-17 19:51:31,110 INFO train epoch 63/100 batch 65/66 (98%) running_loss=0.3169
2026-09-17 19:51:31,255 INFO train epoch 63/100 batch 66/66 (100%) running_loss=0.3170
2026-09-17 19:51:32,527 INFO epoch 63/100 done: train_loss=0.3170 val_loss=0.2465 val_accuracy=0.9262 val_macro_f1=0.9030 val_macro_auc=0.9827 (checkpoint_metric=macro_auc)
2026-09-17 19:51:34,860 INFO train epoch 64/100 batch 13/66 (20%) running_loss=0.3074
2026-09-17 19:51:36,800 INFO train epoch 64/100 batch 26/66 (39%) running_loss=0.3101
2026-09-17 19:51:38,690 INFO train epoch 64/100 batch 39/66 (59%) running_loss=0.3093
2026-09-17 19:51:40,579 INFO train epoch 64/100 batch 52/66 (79%) running_loss=0.3100
2026-09-17 19:51:42,449 INFO train epoch 64/100 batch 65/66 (98%) running_loss=0.3104
2026-09-17 19:51:42,596 INFO train epoch 64/100 batch 66/66 (100%) running_loss=0.3103
2026-09-17 19:51:43,865 INFO epoch 64/100 done: train_loss=0.3103 val_loss=0.2505 val_accuracy=0.9283 val_macro_f1=0.9045 val_macro_auc=0.9821 (checkpoint_metric=macro_auc)
2026-09-17 19:51:46,308 INFO train epoch 65/100 batch 13/66 (20%) running_loss=0.3287
2026-09-17 19:51:48,347 INFO train epoch 65/100 batch 26/66 (39%) running_loss=0.3222
2026-09-17 19:51:50,420 INFO train epoch 65/100 batch 39/66 (59%) running_loss=0.3218
2026-09-17 19:51:52,436 INFO train epoch 65/100 batch 52/66 (79%) running_loss=0.3217
2026-09-17 19:51:54,322 INFO train epoch 65/100 batch 65/66 (98%) running_loss=0.3198
2026-09-17 19:51:54,470 INFO train epoch 65/100 batch 66/66 (100%) running_loss=0.3199
2026-09-17 19:51:55,680 INFO epoch 65/100 done: train_loss=0.3199 val_loss=0.2657 val_accuracy=0.9180 val_macro_f1=0.8932 val_macro_auc=0.9825 (checkpoint_metric=macro_auc)
2026-09-17 19:51:58,040 INFO train epoch 66/100 batch 13/66 (20%) running_loss=0.3222
2026-09-17 19:51:59,933 INFO train epoch 66/100 batch 26/66 (39%) running_loss=0.3233
2026-09-17 19:52:01,858 INFO train epoch 66/100 batch 39/66 (59%) running_loss=0.3215
2026-09-17 19:52:03,832 INFO train epoch 66/100 batch 52/66 (79%) running_loss=0.3179
2026-09-17 19:52:05,724 INFO train epoch 66/100 batch 65/66 (98%) running_loss=0.3162
2026-09-17 19:52:05,872 INFO train epoch 66/100 batch 66/66 (100%) running_loss=0.3164
2026-09-17 19:52:07,199 INFO epoch 66/100 done: train_loss=0.3164 val_loss=0.2602 val_accuracy=0.9221 val_macro_f1=0.8979 val_macro_auc=0.9813 (checkpoint_metric=macro_auc)
2026-09-17 19:52:09,509 INFO train epoch 67/100 batch 13/66 (20%) running_loss=0.3138
2026-09-17 19:52:11,397 INFO train epoch 67/100 batch 26/66 (39%) running_loss=0.3158
2026-09-17 19:52:13,274 INFO train epoch 67/100 batch 39/66 (59%) running_loss=0.3165
2026-09-17 19:52:15,107 INFO train epoch 67/100 batch 52/66 (79%) running_loss=0.3149
2026-09-17 19:52:16,925 INFO train epoch 67/100 batch 65/66 (98%) running_loss=0.3133
2026-09-17 19:52:17,068 INFO train epoch 67/100 batch 66/66 (100%) running_loss=0.3132
2026-09-17 19:52:18,305 INFO epoch 67/100 done: train_loss=0.3132 val_loss=0.2577 val_accuracy=0.9242 val_macro_f1=0.9004 val_macro_auc=0.9820 (checkpoint_metric=macro_auc)
2026-09-17 19:52:20,721 INFO train epoch 68/100 batch 13/66 (20%) running_loss=0.3080
2026-09-17 19:52:22,641 INFO train epoch 68/100 batch 26/66 (39%) running_loss=0.3087
2026-09-17 19:52:24,535 INFO train epoch 68/100 batch 39/66 (59%) running_loss=0.3086
2026-09-17 19:52:26,465 INFO train epoch 68/100 batch 52/66 (79%) running_loss=0.3094
2026-09-17 19:52:28,363 INFO train epoch 68/100 batch 65/66 (98%) running_loss=0.3116
2026-09-17 19:52:28,510 INFO train epoch 68/100 batch 66/66 (100%) running_loss=0.3115
2026-09-17 19:52:29,760 INFO epoch 68/100 done: train_loss=0.3115 val_loss=0.2454 val_accuracy=0.9262 val_macro_f1=0.9024 val_macro_auc=0.9822 (checkpoint_metric=macro_auc)
2026-09-17 19:52:32,180 INFO train epoch 69/100 batch 13/66 (20%) running_loss=0.3142
2026-09-17 19:52:34,077 INFO train epoch 69/100 batch 26/66 (39%) running_loss=0.3110
2026-09-17 19:52:36,008 INFO train epoch 69/100 batch 39/66 (59%) running_loss=0.3150
2026-09-17 19:52:37,891 INFO train epoch 69/100 batch 52/66 (79%) running_loss=0.3150
2026-09-17 19:52:39,799 INFO train epoch 69/100 batch 65/66 (98%) running_loss=0.3163
2026-09-17 19:52:39,953 INFO train epoch 69/100 batch 66/66 (100%) running_loss=0.3168
2026-09-17 19:52:41,266 INFO epoch 69/100 done: train_loss=0.3168 val_loss=0.2396 val_accuracy=0.9283 val_macro_f1=0.9034 val_macro_auc=0.9823 (checkpoint_metric=macro_auc)
2026-09-17 19:52:43,637 INFO train epoch 70/100 batch 13/66 (20%) running_loss=0.3054
2026-09-17 19:52:45,567 INFO train epoch 70/100 batch 26/66 (39%) running_loss=0.3093
2026-09-17 19:52:47,497 INFO train epoch 70/100 batch 39/66 (59%) running_loss=0.3124
2026-09-17 19:52:49,346 INFO train epoch 70/100 batch 52/66 (79%) running_loss=0.3110
2026-09-17 19:52:51,169 INFO train epoch 70/100 batch 65/66 (98%) running_loss=0.3111
2026-09-17 19:52:51,311 INFO train epoch 70/100 batch 66/66 (100%) running_loss=0.3111
2026-09-17 19:52:52,600 INFO epoch 70/100 done: train_loss=0.3111 val_loss=0.2622 val_accuracy=0.9262 val_macro_f1=0.9033 val_macro_auc=0.9826 (checkpoint_metric=macro_auc)
2026-09-17 19:52:54,942 INFO train epoch 71/100 batch 13/66 (20%) running_loss=0.3058
2026-09-17 19:52:56,800 INFO train epoch 71/100 batch 26/66 (39%) running_loss=0.3084
2026-09-17 19:52:58,726 INFO train epoch 71/100 batch 39/66 (59%) running_loss=0.3081
2026-09-17 19:53:00,630 INFO train epoch 71/100 batch 52/66 (79%) running_loss=0.3087
2026-09-17 19:53:02,502 INFO train epoch 71/100 batch 65/66 (98%) running_loss=0.3127
2026-09-17 19:53:02,649 INFO train epoch 71/100 batch 66/66 (100%) running_loss=0.3126
2026-09-17 19:53:03,926 INFO epoch 71/100 done: train_loss=0.3126 val_loss=0.2677 val_accuracy=0.9262 val_macro_f1=0.9030 val_macro_auc=0.9808 (checkpoint_metric=macro_auc)
2026-09-17 19:53:06,305 INFO train epoch 72/100 batch 13/66 (20%) running_loss=0.3150
2026-09-17 19:53:08,167 INFO train epoch 72/100 batch 26/66 (39%) running_loss=0.3102
2026-09-17 19:53:10,044 INFO train epoch 72/100 batch 39/66 (59%) running_loss=0.3111
2026-09-17 19:53:11,997 INFO train epoch 72/100 batch 52/66 (79%) running_loss=0.3108
2026-09-17 19:53:13,875 INFO train epoch 72/100 batch 65/66 (98%) running_loss=0.3104
2026-09-17 19:53:14,023 INFO train epoch 72/100 batch 66/66 (100%) running_loss=0.3103
2026-09-17 19:53:15,262 INFO epoch 72/100 done: train_loss=0.3103 val_loss=0.2433 val_accuracy=0.9324 val_macro_f1=0.9106 val_macro_auc=0.9821 (checkpoint_metric=macro_auc)
2026-09-17 19:53:17,698 INFO train epoch 73/100 batch 13/66 (20%) running_loss=0.3212
2026-09-17 19:53:19,616 INFO train epoch 73/100 batch 26/66 (39%) running_loss=0.3150
2026-09-17 19:53:21,532 INFO train epoch 73/100 batch 39/66 (59%) running_loss=0.3134
2026-09-17 19:53:23,434 INFO train epoch 73/100 batch 52/66 (79%) running_loss=0.3127
2026-09-17 19:53:25,331 INFO train epoch 73/100 batch 65/66 (98%) running_loss=0.3110
2026-09-17 19:53:25,477 INFO train epoch 73/100 batch 66/66 (100%) running_loss=0.3109
2026-09-17 19:53:26,739 INFO epoch 73/100 done: train_loss=0.3109 val_loss=0.2628 val_accuracy=0.9283 val_macro_f1=0.9055 val_macro_auc=0.9824 (checkpoint_metric=macro_auc)
2026-09-17 19:53:29,141 INFO train epoch 74/100 batch 13/66 (20%) running_loss=0.3211
2026-09-17 19:53:31,035 INFO train epoch 74/100 batch 26/66 (39%) running_loss=0.3162
2026-09-17 19:53:32,919 INFO train epoch 74/100 batch 39/66 (59%) running_loss=0.3148
2026-09-17 19:53:34,841 INFO train epoch 74/100 batch 52/66 (79%) running_loss=0.3163
2026-09-17 19:53:36,787 INFO train epoch 74/100 batch 65/66 (98%) running_loss=0.3142
2026-09-17 19:53:36,940 INFO train epoch 74/100 batch 66/66 (100%) running_loss=0.3146
2026-09-17 19:53:38,151 INFO epoch 74/100 done: train_loss=0.3146 val_loss=0.2648 val_accuracy=0.9303 val_macro_f1=0.9081 val_macro_auc=0.9814 (checkpoint_metric=macro_auc)
2026-09-17 19:53:40,569 INFO train epoch 75/100 batch 13/66 (20%) running_loss=0.3109
2026-09-17 19:53:42,486 INFO train epoch 75/100 batch 26/66 (39%) running_loss=0.3080
2026-09-17 19:53:44,422 INFO train epoch 75/100 batch 39/66 (59%) running_loss=0.3081
2026-09-17 19:53:46,386 INFO train epoch 75/100 batch 52/66 (79%) running_loss=0.3088
2026-09-17 19:53:48,277 INFO train epoch 75/100 batch 65/66 (98%) running_loss=0.3092
2026-09-17 19:53:48,426 INFO train epoch 75/100 batch 66/66 (100%) running_loss=0.3091
2026-09-17 19:53:49,649 INFO epoch 75/100 done: train_loss=0.3091 val_loss=0.2566 val_accuracy=0.9303 val_macro_f1=0.9081 val_macro_auc=0.9824 (checkpoint_metric=macro_auc)
2026-09-17 19:53:51,994 INFO train epoch 76/100 batch 13/66 (20%) running_loss=0.3109
2026-09-17 19:53:53,861 INFO train epoch 76/100 batch 26/66 (39%) running_loss=0.3100
2026-09-17 19:53:55,759 INFO train epoch 76/100 batch 39/66 (59%) running_loss=0.3086
2026-09-17 19:53:57,702 INFO train epoch 76/100 batch 52/66 (79%) running_loss=0.3098
2026-09-17 19:53:59,591 INFO train epoch 76/100 batch 65/66 (98%) running_loss=0.3094
2026-09-17 19:53:59,740 INFO train epoch 76/100 batch 66/66 (100%) running_loss=0.3097
2026-09-17 19:54:01,025 INFO epoch 76/100 done: train_loss=0.3097 val_loss=0.2668 val_accuracy=0.9283 val_macro_f1=0.9058 val_macro_auc=0.9818 (checkpoint_metric=macro_auc)
2026-09-17 19:54:03,349 INFO train epoch 77/100 batch 13/66 (20%) running_loss=0.3208
2026-09-17 19:54:05,262 INFO train epoch 77/100 batch 26/66 (39%) running_loss=0.3151
2026-09-17 19:54:07,223 INFO train epoch 77/100 batch 39/66 (59%) running_loss=0.3107
2026-09-17 19:54:09,139 INFO train epoch 77/100 batch 52/66 (79%) running_loss=0.3096
2026-09-17 19:54:11,233 INFO train epoch 77/100 batch 65/66 (98%) running_loss=0.3114
2026-09-17 19:54:11,379 INFO train epoch 77/100 batch 66/66 (100%) running_loss=0.3113
2026-09-17 19:54:12,599 INFO epoch 77/100 done: train_loss=0.3113 val_loss=0.2622 val_accuracy=0.9283 val_macro_f1=0.9055 val_macro_auc=0.9819 (checkpoint_metric=macro_auc)
2026-09-17 19:54:14,965 INFO train epoch 78/100 batch 13/66 (20%) running_loss=0.3090
2026-09-17 19:54:16,834 INFO train epoch 78/100 batch 26/66 (39%) running_loss=0.3075
2026-09-17 19:54:18,694 INFO train epoch 78/100 batch 39/66 (59%) running_loss=0.3083
2026-09-17 19:54:20,552 INFO train epoch 78/100 batch 52/66 (79%) running_loss=0.3071
2026-09-17 19:54:22,439 INFO train epoch 78/100 batch 65/66 (98%) running_loss=0.3087
2026-09-17 19:54:22,586 INFO train epoch 78/100 batch 66/66 (100%) running_loss=0.3086
2026-09-17 19:54:23,820 INFO epoch 78/100 done: train_loss=0.3086 val_loss=0.2627 val_accuracy=0.9283 val_macro_f1=0.9055 val_macro_auc=0.9821 (checkpoint_metric=macro_auc)
2026-09-17 19:54:26,256 INFO train epoch 79/100 batch 13/66 (20%) running_loss=0.3051
2026-09-17 19:54:28,194 INFO train epoch 79/100 batch 26/66 (39%) running_loss=0.3055
2026-09-17 19:54:30,100 INFO train epoch 79/100 batch 39/66 (59%) running_loss=0.3056
2026-09-17 19:54:32,073 INFO train epoch 79/100 batch 52/66 (79%) running_loss=0.3055
2026-09-17 19:54:33,935 INFO train epoch 79/100 batch 65/66 (98%) running_loss=0.3064
2026-09-17 19:54:34,082 INFO train epoch 79/100 batch 66/66 (100%) running_loss=0.3064
2026-09-17 19:54:35,390 INFO epoch 79/100 done: train_loss=0.3064 val_loss=0.2539 val_accuracy=0.9283 val_macro_f1=0.9055 val_macro_auc=0.9820 (checkpoint_metric=macro_auc)
2026-09-17 19:54:37,802 INFO train epoch 80/100 batch 13/66 (20%) running_loss=0.3094
2026-09-17 19:54:39,731 INFO train epoch 80/100 batch 26/66 (39%) running_loss=0.3121
2026-09-17 19:54:41,623 INFO train epoch 80/100 batch 39/66 (59%) running_loss=0.3099
2026-09-17 19:54:43,539 INFO train epoch 80/100 batch 52/66 (79%) running_loss=0.3084
2026-09-17 19:54:45,417 INFO train epoch 80/100 batch 65/66 (98%) running_loss=0.3086
2026-09-17 19:54:45,564 INFO train epoch 80/100 batch 66/66 (100%) running_loss=0.3087
2026-09-17 19:54:46,790 INFO epoch 80/100 done: train_loss=0.3087 val_loss=0.2419 val_accuracy=0.9303 val_macro_f1=0.9071 val_macro_auc=0.9825 (checkpoint_metric=macro_auc)
2026-09-17 19:54:49,171 INFO train epoch 81/100 batch 13/66 (20%) running_loss=0.3105
2026-09-17 19:54:51,097 INFO train epoch 81/100 batch 26/66 (39%) running_loss=0.3103
2026-09-17 19:54:52,968 INFO train epoch 81/100 batch 39/66 (59%) running_loss=0.3094
2026-09-17 19:54:54,866 INFO train epoch 81/100 batch 52/66 (79%) running_loss=0.3099
2026-09-17 19:54:56,726 INFO train epoch 81/100 batch 65/66 (98%) running_loss=0.3116
2026-09-17 19:54:56,878 INFO train epoch 81/100 batch 66/66 (100%) running_loss=0.3116
2026-09-17 19:54:58,090 INFO epoch 81/100 done: train_loss=0.3116 val_loss=0.2623 val_accuracy=0.9283 val_macro_f1=0.9058 val_macro_auc=0.9823 (checkpoint_metric=macro_auc)
2026-09-17 19:55:00,494 INFO train epoch 82/100 batch 13/66 (20%) running_loss=0.3139
2026-09-17 19:55:02,424 INFO train epoch 82/100 batch 26/66 (39%) running_loss=0.3109
2026-09-17 19:55:04,336 INFO train epoch 82/100 batch 39/66 (59%) running_loss=0.3130
2026-09-17 19:55:06,246 INFO train epoch 82/100 batch 52/66 (79%) running_loss=0.3120
2026-09-17 19:55:08,095 INFO train epoch 82/100 batch 65/66 (98%) running_loss=0.3107
2026-09-17 19:55:08,239 INFO train epoch 82/100 batch 66/66 (100%) running_loss=0.3106
2026-09-17 19:55:09,534 INFO epoch 82/100 done: train_loss=0.3106 val_loss=0.2487 val_accuracy=0.9303 val_macro_f1=0.9081 val_macro_auc=0.9826 (checkpoint_metric=macro_auc)
2026-09-17 19:55:11,927 INFO train epoch 83/100 batch 13/66 (20%) running_loss=0.3098
2026-09-17 19:55:13,801 INFO train epoch 83/100 batch 26/66 (39%) running_loss=0.3085
2026-09-17 19:55:15,671 INFO train epoch 83/100 batch 39/66 (59%) running_loss=0.3078
2026-09-17 19:55:17,543 INFO train epoch 83/100 batch 52/66 (79%) running_loss=0.3091
2026-09-17 19:55:19,412 INFO train epoch 83/100 batch 65/66 (98%) running_loss=0.3100
2026-09-17 19:55:19,559 INFO train epoch 83/100 batch 66/66 (100%) running_loss=0.3110
2026-09-17 19:55:20,834 INFO epoch 83/100 done: train_loss=0.3110 val_loss=0.2579 val_accuracy=0.9262 val_macro_f1=0.9030 val_macro_auc=0.9823 (checkpoint_metric=macro_auc)
2026-09-17 19:55:23,268 INFO train epoch 84/100 batch 13/66 (20%) running_loss=0.3058
2026-09-17 19:55:25,197 INFO train epoch 84/100 batch 26/66 (39%) running_loss=0.3096
2026-09-17 19:55:27,096 INFO train epoch 84/100 batch 39/66 (59%) running_loss=0.3080
2026-09-17 19:55:28,996 INFO train epoch 84/100 batch 52/66 (79%) running_loss=0.3082
2026-09-17 19:55:30,903 INFO train epoch 84/100 batch 65/66 (98%) running_loss=0.3076
2026-09-17 19:55:31,053 INFO train epoch 84/100 batch 66/66 (100%) running_loss=0.3077
2026-09-17 19:55:32,316 INFO epoch 84/100 done: train_loss=0.3077 val_loss=0.2708 val_accuracy=0.9221 val_macro_f1=0.8979 val_macro_auc=0.9820 (checkpoint_metric=macro_auc)
2026-09-17 19:55:34,682 INFO train epoch 85/100 batch 13/66 (20%) running_loss=0.3155
2026-09-17 19:55:36,536 INFO train epoch 85/100 batch 26/66 (39%) running_loss=0.3104
2026-09-17 19:55:38,380 INFO train epoch 85/100 batch 39/66 (59%) running_loss=0.3090
2026-09-17 19:55:40,271 INFO train epoch 85/100 batch 52/66 (79%) running_loss=0.3086
2026-09-17 19:55:42,114 INFO train epoch 85/100 batch 65/66 (98%) running_loss=0.3103
2026-09-17 19:55:42,260 INFO train epoch 85/100 batch 66/66 (100%) running_loss=0.3102
2026-09-17 19:55:43,535 INFO epoch 85/100 done: train_loss=0.3102 val_loss=0.2586 val_accuracy=0.9303 val_macro_f1=0.9081 val_macro_auc=0.9827 (checkpoint_metric=macro_auc)
2026-09-17 19:55:45,973 INFO train epoch 86/100 batch 13/66 (20%) running_loss=0.3077
2026-09-17 19:55:47,954 INFO train epoch 86/100 batch 26/66 (39%) running_loss=0.3134
2026-09-17 19:55:49,948 INFO train epoch 86/100 batch 39/66 (59%) running_loss=0.3149
2026-09-17 19:55:51,927 INFO train epoch 86/100 batch 52/66 (79%) running_loss=0.3142
2026-09-17 19:55:53,821 INFO train epoch 86/100 batch 65/66 (98%) running_loss=0.3142
2026-09-17 19:55:53,967 INFO train epoch 86/100 batch 66/66 (100%) running_loss=0.3142
2026-09-17 19:55:55,233 INFO epoch 86/100 done: train_loss=0.3142 val_loss=0.2555 val_accuracy=0.9303 val_macro_f1=0.9078 val_macro_auc=0.9819 (checkpoint_metric=macro_auc)
2026-09-17 19:55:57,657 INFO train epoch 87/100 batch 13/66 (20%) running_loss=0.3128
2026-09-17 19:55:59,576 INFO train epoch 87/100 batch 26/66 (39%) running_loss=0.3125
2026-09-17 19:56:01,460 INFO train epoch 87/100 batch 39/66 (59%) running_loss=0.3140
2026-09-17 19:56:03,344 INFO train epoch 87/100 batch 52/66 (79%) running_loss=0.3132
2026-09-17 19:56:05,212 INFO train epoch 87/100 batch 65/66 (98%) running_loss=0.3118
2026-09-17 19:56:05,358 INFO train epoch 87/100 batch 66/66 (100%) running_loss=0.3119
2026-09-17 19:56:06,603 INFO epoch 87/100 done: train_loss=0.3119 val_loss=0.2343 val_accuracy=0.9344 val_macro_f1=0.9121 val_macro_auc=0.9833 (checkpoint_metric=macro_auc)
2026-09-17 19:56:08,950 INFO train epoch 88/100 batch 13/66 (20%) running_loss=0.3117
2026-09-17 19:56:10,902 INFO train epoch 88/100 batch 26/66 (39%) running_loss=0.3127
2026-09-17 19:56:12,810 INFO train epoch 88/100 batch 39/66 (59%) running_loss=0.3108
2026-09-17 19:56:14,736 INFO train epoch 88/100 batch 52/66 (79%) running_loss=0.3113
2026-09-17 19:56:16,597 INFO train epoch 88/100 batch 65/66 (98%) running_loss=0.3122
2026-09-17 19:56:16,745 INFO train epoch 88/100 batch 66/66 (100%) running_loss=0.3121
2026-09-17 19:56:18,034 INFO epoch 88/100 done: train_loss=0.3121 val_loss=0.2417 val_accuracy=0.9344 val_macro_f1=0.9123 val_macro_auc=0.9829 (checkpoint_metric=macro_auc)
2026-09-17 19:56:20,460 INFO train epoch 89/100 batch 13/66 (20%) running_loss=0.3145
2026-09-17 19:56:22,405 INFO train epoch 89/100 batch 26/66 (39%) running_loss=0.3175
2026-09-17 19:56:24,355 INFO train epoch 89/100 batch 39/66 (59%) running_loss=0.3139
2026-09-17 19:56:26,299 INFO train epoch 89/100 batch 52/66 (79%) running_loss=0.3139
2026-09-17 19:56:28,176 INFO train epoch 89/100 batch 65/66 (98%) running_loss=0.3135
2026-09-17 19:56:28,321 INFO train epoch 89/100 batch 66/66 (100%) running_loss=0.3133
2026-09-17 19:56:29,548 INFO epoch 89/100 done: train_loss=0.3133 val_loss=0.2439 val_accuracy=0.9303 val_macro_f1=0.9064 val_macro_auc=0.9825 (checkpoint_metric=macro_auc)
2026-09-17 19:56:31,828 INFO train epoch 90/100 batch 13/66 (20%) running_loss=0.3093
2026-09-17 19:56:33,709 INFO train epoch 90/100 batch 26/66 (39%) running_loss=0.3118
2026-09-17 19:56:35,591 INFO train epoch 90/100 batch 39/66 (59%) running_loss=0.3099
2026-09-17 19:56:37,454 INFO train epoch 90/100 batch 52/66 (79%) running_loss=0.3083
2026-09-17 19:56:39,314 INFO train epoch 90/100 batch 65/66 (98%) running_loss=0.3090
2026-09-17 19:56:39,464 INFO train epoch 90/100 batch 66/66 (100%) running_loss=0.3091
2026-09-17 19:56:40,736 INFO epoch 90/100 done: train_loss=0.3091 val_loss=0.2653 val_accuracy=0.9283 val_macro_f1=0.9058 val_macro_auc=0.9820 (checkpoint_metric=macro_auc)
2026-09-17 19:56:43,087 INFO train epoch 91/100 batch 13/66 (20%) running_loss=0.3131
2026-09-17 19:56:45,016 INFO train epoch 91/100 batch 26/66 (39%) running_loss=0.3089
2026-09-17 19:56:46,916 INFO train epoch 91/100 batch 39/66 (59%) running_loss=0.3096
2026-09-17 19:56:48,821 INFO train epoch 91/100 batch 52/66 (79%) running_loss=0.3105
2026-09-17 19:56:50,695 INFO train epoch 91/100 batch 65/66 (98%) running_loss=0.3095
2026-09-17 19:56:50,845 INFO train epoch 91/100 batch 66/66 (100%) running_loss=0.3097
2026-09-17 19:56:52,094 INFO epoch 91/100 done: train_loss=0.3097 val_loss=0.2603 val_accuracy=0.9283 val_macro_f1=0.9055 val_macro_auc=0.9823 (checkpoint_metric=macro_auc)
2026-09-17 19:56:54,470 INFO train epoch 92/100 batch 13/66 (20%) running_loss=0.3091
2026-09-17 19:56:56,355 INFO train epoch 92/100 batch 26/66 (39%) running_loss=0.3113
2026-09-17 19:56:58,256 INFO train epoch 92/100 batch 39/66 (59%) running_loss=0.3088
2026-09-17 19:57:00,150 INFO train epoch 92/100 batch 52/66 (79%) running_loss=0.3133
2026-09-17 19:57:02,022 INFO train epoch 92/100 batch 65/66 (98%) running_loss=0.3131
2026-09-17 19:57:02,171 INFO train epoch 92/100 batch 66/66 (100%) running_loss=0.3131
2026-09-17 19:57:03,383 INFO epoch 92/100 done: train_loss=0.3131 val_loss=0.2381 val_accuracy=0.9283 val_macro_f1=0.9034 val_macro_auc=0.9823 (checkpoint_metric=macro_auc)
2026-09-17 19:57:05,816 INFO train epoch 93/100 batch 13/66 (20%) running_loss=0.3140
2026-09-17 19:57:07,701 INFO train epoch 93/100 batch 26/66 (39%) running_loss=0.3105
2026-09-17 19:57:09,626 INFO train epoch 93/100 batch 39/66 (59%) running_loss=0.3098
2026-09-17 19:57:11,536 INFO train epoch 93/100 batch 52/66 (79%) running_loss=0.3099
2026-09-17 19:57:13,439 INFO train epoch 93/100 batch 65/66 (98%) running_loss=0.3093
2026-09-17 19:57:13,588 INFO train epoch 93/100 batch 66/66 (100%) running_loss=0.3093
2026-09-17 19:57:14,834 INFO epoch 93/100 done: train_loss=0.3093 val_loss=0.2577 val_accuracy=0.9242 val_macro_f1=0.9000 val_macro_auc=0.9817 (checkpoint_metric=macro_auc)
2026-09-17 19:57:17,258 INFO train epoch 94/100 batch 13/66 (20%) running_loss=0.3089
2026-09-17 19:57:19,183 INFO train epoch 94/100 batch 26/66 (39%) running_loss=0.3090
2026-09-17 19:57:21,130 INFO train epoch 94/100 batch 39/66 (59%) running_loss=0.3096
2026-09-17 19:57:23,042 INFO train epoch 94/100 batch 52/66 (79%) running_loss=0.3089
2026-09-17 19:57:24,932 INFO train epoch 94/100 batch 65/66 (98%) running_loss=0.3091
2026-09-17 19:57:25,079 INFO train epoch 94/100 batch 66/66 (100%) running_loss=0.3090
2026-09-17 19:57:26,304 INFO epoch 94/100 done: train_loss=0.3090 val_loss=0.2689 val_accuracy=0.9242 val_macro_f1=0.9007 val_macro_auc=0.9820 (checkpoint_metric=macro_auc)
2026-09-17 19:57:28,730 INFO train epoch 95/100 batch 13/66 (20%) running_loss=0.3060
2026-09-17 19:57:30,634 INFO train epoch 95/100 batch 26/66 (39%) running_loss=0.3060
2026-09-17 19:57:32,548 INFO train epoch 95/100 batch 39/66 (59%) running_loss=0.3068
2026-09-17 19:57:34,448 INFO train epoch 95/100 batch 52/66 (79%) running_loss=0.3060
2026-09-17 19:57:36,328 INFO train epoch 95/100 batch 65/66 (98%) running_loss=0.3053
2026-09-17 19:57:36,478 INFO train epoch 95/100 batch 66/66 (100%) running_loss=0.3054
2026-09-17 19:57:37,961 INFO epoch 95/100 done: train_loss=0.3054 val_loss=0.2575 val_accuracy=0.9283 val_macro_f1=0.9055 val_macro_auc=0.9824 (checkpoint_metric=macro_auc)
2026-09-17 19:57:40,724 INFO train epoch 96/100 batch 13/66 (20%) running_loss=0.3089
2026-09-17 19:57:42,647 INFO train epoch 96/100 batch 26/66 (39%) running_loss=0.3072
2026-09-17 19:57:44,573 INFO train epoch 96/100 batch 39/66 (59%) running_loss=0.3066
2026-09-17 19:57:46,493 INFO train epoch 96/100 batch 52/66 (79%) running_loss=0.3092
2026-09-17 19:57:48,358 INFO train epoch 96/100 batch 65/66 (98%) running_loss=0.3082
2026-09-17 19:57:48,506 INFO train epoch 96/100 batch 66/66 (100%) running_loss=0.3085
2026-09-17 19:57:49,799 INFO epoch 96/100 done: train_loss=0.3085 val_loss=0.2626 val_accuracy=0.9283 val_macro_f1=0.9052 val_macro_auc=0.9818 (checkpoint_metric=macro_auc)
2026-09-17 19:57:52,145 INFO train epoch 97/100 batch 13/66 (20%) running_loss=0.3147
2026-09-17 19:57:54,031 INFO train epoch 97/100 batch 26/66 (39%) running_loss=0.3115
2026-09-17 19:57:55,909 INFO train epoch 97/100 batch 39/66 (59%) running_loss=0.3104
2026-09-17 19:57:57,786 INFO train epoch 97/100 batch 52/66 (79%) running_loss=0.3127
2026-09-17 19:57:59,692 INFO train epoch 97/100 batch 65/66 (98%) running_loss=0.3123
2026-09-17 19:57:59,846 INFO train epoch 97/100 batch 66/66 (100%) running_loss=0.3123
2026-09-17 19:58:01,155 INFO epoch 97/100 done: train_loss=0.3123 val_loss=0.2611 val_accuracy=0.9283 val_macro_f1=0.9055 val_macro_auc=0.9814 (checkpoint_metric=macro_auc)
2026-09-17 19:58:03,464 INFO train epoch 98/100 batch 13/66 (20%) running_loss=0.3101
2026-09-17 19:58:05,363 INFO train epoch 98/100 batch 26/66 (39%) running_loss=0.3071
2026-09-17 19:58:07,214 INFO train epoch 98/100 batch 39/66 (59%) running_loss=0.3083
2026-09-17 19:58:09,056 INFO train epoch 98/100 batch 52/66 (79%) running_loss=0.3120
2026-09-17 19:58:10,901 INFO train epoch 98/100 batch 65/66 (98%) running_loss=0.3105
2026-09-17 19:58:11,048 INFO train epoch 98/100 batch 66/66 (100%) running_loss=0.3104
2026-09-17 19:58:12,334 INFO epoch 98/100 done: train_loss=0.3104 val_loss=0.2582 val_accuracy=0.9262 val_macro_f1=0.9030 val_macro_auc=0.9821 (checkpoint_metric=macro_auc)
2026-09-17 19:58:14,762 INFO train epoch 99/100 batch 13/66 (20%) running_loss=0.3250
2026-09-17 19:58:16,676 INFO train epoch 99/100 batch 26/66 (39%) running_loss=0.3190
2026-09-17 19:58:18,533 INFO train epoch 99/100 batch 39/66 (59%) running_loss=0.3189
2026-09-17 19:58:20,401 INFO train epoch 99/100 batch 52/66 (79%) running_loss=0.3156
2026-09-17 19:58:22,267 INFO train epoch 99/100 batch 65/66 (98%) running_loss=0.3153
2026-09-17 19:58:22,420 INFO train epoch 99/100 batch 66/66 (100%) running_loss=0.3153
2026-09-17 19:58:23,641 INFO epoch 99/100 done: train_loss=0.3153 val_loss=0.2606 val_accuracy=0.9262 val_macro_f1=0.9030 val_macro_auc=0.9819 (checkpoint_metric=macro_auc)
2026-09-17 19:58:25,970 INFO train epoch 100/100 batch 13/66 (20%) running_loss=0.3125
2026-09-17 19:58:27,850 INFO train epoch 100/100 batch 26/66 (39%) running_loss=0.3099
2026-09-17 19:58:29,778 INFO train epoch 100/100 batch 39/66 (59%) running_loss=0.3098
2026-09-17 19:58:31,645 INFO train epoch 100/100 batch 52/66 (79%) running_loss=0.3101
2026-09-17 19:58:33,512 INFO train epoch 100/100 batch 65/66 (98%) running_loss=0.3103
2026-09-17 19:58:33,659 INFO train epoch 100/100 batch 66/66 (100%) running_loss=0.3103
2026-09-17 19:58:34,939 INFO epoch 100/100 done: train_loss=0.3103 val_loss=0.2569 val_accuracy=0.9283 val_macro_f1=0.9045 val_macro_auc=0.9819 (checkpoint_metric=macro_auc)
2026-09-17 19:58:35,119 INFO Training finished. Best epoch=28, smoothed macro_auc=0.9839 (window=3)
2026-09-17 19:58:38,017 INFO Test set evaluated once: accuracy=0.8903 macro_f1=0.8819 macro_auc=0.9651
2026-09-17 19:58:38,912 INFO Model size: 52.86M params, 1.008 GFLOPs at 96x96
