2026-09-16 07:53:16,601 INFO Starting baseline training: model=deit_small device=cuda amp=True image_size=96 epochs=50 lr=0.001 optimizer=sgd
2026-09-16 07:53:16,856 INFO Dataset ready: 3 classes, 2102 train / 488 val samples (split reused from outputs/baseline_deit_small_96_fixed/split_indices.json)
2026-09-16 07:53:16,856 INFO Augmentation policy: legacy fixed ops ('brightness', 'rotation'), from outputs/fixedda_run/augmentation_run/selected_legacy_policy.json
2026-09-16 07:53:18,252 INFO Classes: {'glioma_tumor': 0, 'meningioma_tumor': 1, 'pituitary_tumor': 2}
2026-09-16 07:53:18,252 INFO Regularization: weight_decay=7.0e-04 label_smoothing=0.10 grad_clip_norm=5.0
2026-09-16 07:53:19,938 INFO train epoch 1/50 batch 13/66 (20%) running_loss=1.0816
2026-09-16 07:53:20,663 INFO train epoch 1/50 batch 26/66 (39%) running_loss=1.0031
2026-09-16 07:53:21,424 INFO train epoch 1/50 batch 39/66 (59%) running_loss=0.9240
2026-09-16 07:53:22,130 INFO train epoch 1/50 batch 52/66 (79%) running_loss=0.8684
2026-09-16 07:53:22,773 INFO train epoch 1/50 batch 65/66 (98%) running_loss=0.8263
2026-09-16 07:53:22,847 INFO train epoch 1/50 batch 66/66 (100%) running_loss=0.8241
2026-09-16 07:53:24,067 INFO epoch 1/50 done: train_loss=0.8241 val_loss=0.4669 val_accuracy=0.8279 val_macro_f1=0.7335 val_macro_auc=0.9321 (checkpoint_metric=macro_auc) [new best]
2026-09-16 07:53:25,142 INFO train epoch 2/50 batch 13/66 (20%) running_loss=0.6108
2026-09-16 07:53:25,853 INFO train epoch 2/50 batch 26/66 (39%) running_loss=0.6047
2026-09-16 07:53:26,531 INFO train epoch 2/50 batch 39/66 (59%) running_loss=0.5846
2026-09-16 07:53:27,244 INFO train epoch 2/50 batch 52/66 (79%) running_loss=0.5723
2026-09-16 07:53:28,014 INFO train epoch 2/50 batch 65/66 (98%) running_loss=0.5597
2026-09-16 07:53:28,046 INFO train epoch 2/50 batch 66/66 (100%) running_loss=0.5597
2026-09-16 07:53:29,567 INFO epoch 2/50 done: train_loss=0.5597 val_loss=0.3849 val_accuracy=0.8730 val_macro_f1=0.8416 val_macro_auc=0.9742 (checkpoint_metric=macro_auc) [new best]
2026-09-16 07:53:30,612 INFO train epoch 3/50 batch 13/66 (20%) running_loss=0.4831
2026-09-16 07:53:31,363 INFO train epoch 3/50 batch 26/66 (39%) running_loss=0.4958
2026-09-16 07:53:32,109 INFO train epoch 3/50 batch 39/66 (59%) running_loss=0.4896
2026-09-16 07:53:32,909 INFO train epoch 3/50 batch 52/66 (79%) running_loss=0.4903
2026-09-16 07:53:33,606 INFO train epoch 3/50 batch 65/66 (98%) running_loss=0.4777
2026-09-16 07:53:33,639 INFO train epoch 3/50 batch 66/66 (100%) running_loss=0.4769
2026-09-16 07:53:35,118 INFO epoch 3/50 done: train_loss=0.4769 val_loss=0.2590 val_accuracy=0.9303 val_macro_f1=0.9014 val_macro_auc=0.9850 (checkpoint_metric=macro_auc) [new best]
2026-09-16 07:53:36,208 INFO train epoch 4/50 batch 13/66 (20%) running_loss=0.4189
2026-09-16 07:53:36,887 INFO train epoch 4/50 batch 26/66 (39%) running_loss=0.4322
2026-09-16 07:53:37,631 INFO train epoch 4/50 batch 39/66 (59%) running_loss=0.4308
2026-09-16 07:53:38,463 INFO train epoch 4/50 batch 52/66 (79%) running_loss=0.4223
2026-09-16 07:53:39,135 INFO train epoch 4/50 batch 65/66 (98%) running_loss=0.4191
2026-09-16 07:53:39,168 INFO train epoch 4/50 batch 66/66 (100%) running_loss=0.4189
2026-09-16 07:53:40,687 INFO epoch 4/50 done: train_loss=0.4189 val_loss=0.3360 val_accuracy=0.8832 val_macro_f1=0.8463 val_macro_auc=0.9746 (checkpoint_metric=macro_auc) [new best]
2026-09-16 07:53:41,775 INFO train epoch 5/50 batch 13/66 (20%) running_loss=0.3851
2026-09-16 07:53:42,487 INFO train epoch 5/50 batch 26/66 (39%) running_loss=0.3903
2026-09-16 07:53:43,254 INFO train epoch 5/50 batch 39/66 (59%) running_loss=0.3914
2026-09-16 07:53:43,990 INFO train epoch 5/50 batch 52/66 (79%) running_loss=0.3941
2026-09-16 07:53:44,684 INFO train epoch 5/50 batch 65/66 (98%) running_loss=0.4036
2026-09-16 07:53:44,727 INFO train epoch 5/50 batch 66/66 (100%) running_loss=0.4036
2026-09-16 07:53:46,232 INFO epoch 5/50 done: train_loss=0.4036 val_loss=0.4242 val_accuracy=0.8545 val_macro_f1=0.8300 val_macro_auc=0.9811 (checkpoint_metric=macro_auc) [new best]
2026-09-16 07:53:47,311 INFO train epoch 6/50 batch 13/66 (20%) running_loss=0.4012
2026-09-16 07:53:48,063 INFO train epoch 6/50 batch 26/66 (39%) running_loss=0.3789
2026-09-16 07:53:48,798 INFO train epoch 6/50 batch 39/66 (59%) running_loss=0.3746
2026-09-16 07:53:49,514 INFO train epoch 6/50 batch 52/66 (79%) running_loss=0.3720
2026-09-16 07:53:50,220 INFO train epoch 6/50 batch 65/66 (98%) running_loss=0.3675
2026-09-16 07:53:50,261 INFO train epoch 6/50 batch 66/66 (100%) running_loss=0.3687
2026-09-16 07:53:51,808 INFO epoch 6/50 done: train_loss=0.3687 val_loss=0.2610 val_accuracy=0.9221 val_macro_f1=0.8995 val_macro_auc=0.9850 (checkpoint_metric=macro_auc) [new best]
2026-09-16 07:53:52,906 INFO train epoch 7/50 batch 13/66 (20%) running_loss=0.3482
2026-09-16 07:53:53,646 INFO train epoch 7/50 batch 26/66 (39%) running_loss=0.3414
2026-09-16 07:53:54,387 INFO train epoch 7/50 batch 39/66 (59%) running_loss=0.3575
2026-09-16 07:53:55,125 INFO train epoch 7/50 batch 52/66 (79%) running_loss=0.3544
2026-09-16 07:53:55,863 INFO train epoch 7/50 batch 65/66 (98%) running_loss=0.3549
2026-09-16 07:53:55,895 INFO train epoch 7/50 batch 66/66 (100%) running_loss=0.3548
2026-09-16 07:53:57,476 INFO epoch 7/50 done: train_loss=0.3548 val_loss=0.2582 val_accuracy=0.9283 val_macro_f1=0.9008 val_macro_auc=0.9819 (checkpoint_metric=macro_auc) [new best]
2026-09-16 07:53:58,581 INFO train epoch 8/50 batch 13/66 (20%) running_loss=0.3486
2026-09-16 07:53:59,288 INFO train epoch 8/50 batch 26/66 (39%) running_loss=0.3504
2026-09-16 07:54:00,098 INFO train epoch 8/50 batch 39/66 (59%) running_loss=0.3470
2026-09-16 07:54:00,834 INFO train epoch 8/50 batch 52/66 (79%) running_loss=0.3457
2026-09-16 07:54:01,625 INFO train epoch 8/50 batch 65/66 (98%) running_loss=0.3464
2026-09-16 07:54:01,658 INFO train epoch 8/50 batch 66/66 (100%) running_loss=0.3471
2026-09-16 07:54:03,204 INFO epoch 8/50 done: train_loss=0.3471 val_loss=0.2651 val_accuracy=0.9262 val_macro_f1=0.9069 val_macro_auc=0.9830 (checkpoint_metric=macro_auc) [new best]
2026-09-16 07:54:04,301 INFO train epoch 9/50 batch 13/66 (20%) running_loss=0.3757
2026-09-16 07:54:05,066 INFO train epoch 9/50 batch 26/66 (39%) running_loss=0.3548
2026-09-16 07:54:05,767 INFO train epoch 9/50 batch 39/66 (59%) running_loss=0.3533
2026-09-16 07:54:06,546 INFO train epoch 9/50 batch 52/66 (79%) running_loss=0.3541
2026-09-16 07:54:07,272 INFO train epoch 9/50 batch 65/66 (98%) running_loss=0.3486
2026-09-16 07:54:07,304 INFO train epoch 9/50 batch 66/66 (100%) running_loss=0.3487
2026-09-16 07:54:08,319 INFO epoch 9/50 done: train_loss=0.3487 val_loss=0.3794 val_accuracy=0.8791 val_macro_f1=0.8515 val_macro_auc=0.9756 (checkpoint_metric=macro_auc)
2026-09-16 07:54:09,396 INFO train epoch 10/50 batch 13/66 (20%) running_loss=0.3352
2026-09-16 07:54:10,163 INFO train epoch 10/50 batch 26/66 (39%) running_loss=0.3300
2026-09-16 07:54:10,884 INFO train epoch 10/50 batch 39/66 (59%) running_loss=0.3282
2026-09-16 07:54:11,614 INFO train epoch 10/50 batch 52/66 (79%) running_loss=0.3264
2026-09-16 07:54:12,378 INFO train epoch 10/50 batch 65/66 (98%) running_loss=0.3244
2026-09-16 07:54:12,411 INFO train epoch 10/50 batch 66/66 (100%) running_loss=0.3241
2026-09-16 07:54:13,441 INFO epoch 10/50 done: train_loss=0.3241 val_loss=0.2967 val_accuracy=0.9119 val_macro_f1=0.8787 val_macro_auc=0.9750 (checkpoint_metric=macro_auc)
2026-09-16 07:54:14,490 INFO train epoch 11/50 batch 13/66 (20%) running_loss=0.3165
2026-09-16 07:54:15,330 INFO train epoch 11/50 batch 26/66 (39%) running_loss=0.3231
2026-09-16 07:54:16,099 INFO train epoch 11/50 batch 39/66 (59%) running_loss=0.3194
2026-09-16 07:54:16,798 INFO train epoch 11/50 batch 52/66 (79%) running_loss=0.3201
2026-09-16 07:54:17,430 INFO train epoch 11/50 batch 65/66 (98%) running_loss=0.3207
2026-09-16 07:54:17,478 INFO train epoch 11/50 batch 66/66 (100%) running_loss=0.3204
2026-09-16 07:54:18,530 INFO epoch 11/50 done: train_loss=0.3204 val_loss=0.2452 val_accuracy=0.9201 val_macro_f1=0.8924 val_macro_auc=0.9847 (checkpoint_metric=macro_auc)
2026-09-16 07:54:19,576 INFO train epoch 12/50 batch 13/66 (20%) running_loss=0.3211
2026-09-16 07:54:20,310 INFO train epoch 12/50 batch 26/66 (39%) running_loss=0.3174
2026-09-16 07:54:21,075 INFO train epoch 12/50 batch 39/66 (59%) running_loss=0.3183
2026-09-16 07:54:21,764 INFO train epoch 12/50 batch 52/66 (79%) running_loss=0.3160
2026-09-16 07:54:22,506 INFO train epoch 12/50 batch 65/66 (98%) running_loss=0.3140
2026-09-16 07:54:22,538 INFO train epoch 12/50 batch 66/66 (100%) running_loss=0.3143
2026-09-16 07:54:23,555 INFO epoch 12/50 done: train_loss=0.3143 val_loss=0.2849 val_accuracy=0.9139 val_macro_f1=0.8884 val_macro_auc=0.9820 (checkpoint_metric=macro_auc)
2026-09-16 07:54:24,675 INFO train epoch 13/50 batch 13/66 (20%) running_loss=0.3109
2026-09-16 07:54:25,472 INFO train epoch 13/50 batch 26/66 (39%) running_loss=0.3115
2026-09-16 07:54:26,143 INFO train epoch 13/50 batch 39/66 (59%) running_loss=0.3085
2026-09-16 07:54:26,903 INFO train epoch 13/50 batch 52/66 (79%) running_loss=0.3098
2026-09-16 07:54:27,592 INFO train epoch 13/50 batch 65/66 (98%) running_loss=0.3094
2026-09-16 07:54:27,624 INFO train epoch 13/50 batch 66/66 (100%) running_loss=0.3093
2026-09-16 07:54:29,183 INFO epoch 13/50 done: train_loss=0.3093 val_loss=0.2341 val_accuracy=0.9344 val_macro_f1=0.9106 val_macro_auc=0.9843 (checkpoint_metric=macro_auc) [new best]
2026-09-16 07:54:30,212 INFO train epoch 14/50 batch 13/66 (20%) running_loss=0.3020
2026-09-16 07:54:30,927 INFO train epoch 14/50 batch 26/66 (39%) running_loss=0.3074
2026-09-16 07:54:31,665 INFO train epoch 14/50 batch 39/66 (59%) running_loss=0.3078
2026-09-16 07:54:32,399 INFO train epoch 14/50 batch 52/66 (79%) running_loss=0.3077
2026-09-16 07:54:33,111 INFO train epoch 14/50 batch 65/66 (98%) running_loss=0.3088
2026-09-16 07:54:33,144 INFO train epoch 14/50 batch 66/66 (100%) running_loss=0.3087
2026-09-16 07:54:34,652 INFO epoch 14/50 done: train_loss=0.3087 val_loss=0.2374 val_accuracy=0.9303 val_macro_f1=0.9062 val_macro_auc=0.9850 (checkpoint_metric=macro_auc) [new best]
2026-09-16 07:54:35,737 INFO train epoch 15/50 batch 13/66 (20%) running_loss=0.3025
2026-09-16 07:54:36,504 INFO train epoch 15/50 batch 26/66 (39%) running_loss=0.3012
2026-09-16 07:54:37,243 INFO train epoch 15/50 batch 39/66 (59%) running_loss=0.3038
2026-09-16 07:54:37,977 INFO train epoch 15/50 batch 52/66 (79%) running_loss=0.3063
2026-09-16 07:54:38,715 INFO train epoch 15/50 batch 65/66 (98%) running_loss=0.3065
2026-09-16 07:54:38,747 INFO train epoch 15/50 batch 66/66 (100%) running_loss=0.3066
2026-09-16 07:54:40,248 INFO epoch 15/50 done: train_loss=0.3066 val_loss=0.2504 val_accuracy=0.9283 val_macro_f1=0.9049 val_macro_auc=0.9841 (checkpoint_metric=macro_auc) [new best]
2026-09-16 07:54:41,296 INFO train epoch 16/50 batch 13/66 (20%) running_loss=0.3080
2026-09-16 07:54:42,034 INFO train epoch 16/50 batch 26/66 (39%) running_loss=0.3062
2026-09-16 07:54:42,808 INFO train epoch 16/50 batch 39/66 (59%) running_loss=0.3062
2026-09-16 07:54:43,477 INFO train epoch 16/50 batch 52/66 (79%) running_loss=0.3065
2026-09-16 07:54:44,184 INFO train epoch 16/50 batch 65/66 (98%) running_loss=0.3063
2026-09-16 07:54:44,218 INFO train epoch 16/50 batch 66/66 (100%) running_loss=0.3063
2026-09-16 07:54:45,298 INFO epoch 16/50 done: train_loss=0.3063 val_loss=0.2356 val_accuracy=0.9324 val_macro_f1=0.9076 val_macro_auc=0.9837 (checkpoint_metric=macro_auc)
2026-09-16 07:54:46,340 INFO train epoch 17/50 batch 13/66 (20%) running_loss=0.3017
2026-09-16 07:54:47,083 INFO train epoch 17/50 batch 26/66 (39%) running_loss=0.3026
2026-09-16 07:54:47,879 INFO train epoch 17/50 batch 39/66 (59%) running_loss=0.3029
2026-09-16 07:54:48,609 INFO train epoch 17/50 batch 52/66 (79%) running_loss=0.3021
2026-09-16 07:54:49,358 INFO train epoch 17/50 batch 65/66 (98%) running_loss=0.3019
2026-09-16 07:54:49,391 INFO train epoch 17/50 batch 66/66 (100%) running_loss=0.3020
2026-09-16 07:54:50,414 INFO epoch 17/50 done: train_loss=0.3020 val_loss=0.3299 val_accuracy=0.8955 val_macro_f1=0.8674 val_macro_auc=0.9809 (checkpoint_metric=macro_auc)
2026-09-16 07:54:51,491 INFO train epoch 18/50 batch 13/66 (20%) running_loss=0.3053
2026-09-16 07:54:52,241 INFO train epoch 18/50 batch 26/66 (39%) running_loss=0.3026
2026-09-16 07:54:53,042 INFO train epoch 18/50 batch 39/66 (59%) running_loss=0.3039
2026-09-16 07:54:53,802 INFO train epoch 18/50 batch 52/66 (79%) running_loss=0.3037
2026-09-16 07:54:54,555 INFO train epoch 18/50 batch 65/66 (98%) running_loss=0.3031
2026-09-16 07:54:54,587 INFO train epoch 18/50 batch 66/66 (100%) running_loss=0.3030
2026-09-16 07:54:55,591 INFO epoch 18/50 done: train_loss=0.3030 val_loss=0.2677 val_accuracy=0.9242 val_macro_f1=0.9015 val_macro_auc=0.9817 (checkpoint_metric=macro_auc)
2026-09-16 07:54:56,590 INFO train epoch 19/50 batch 13/66 (20%) running_loss=0.3132
2026-09-16 07:54:57,319 INFO train epoch 19/50 batch 26/66 (39%) running_loss=0.3095
2026-09-16 07:54:58,061 INFO train epoch 19/50 batch 39/66 (59%) running_loss=0.3053
2026-09-16 07:54:58,811 INFO train epoch 19/50 batch 52/66 (79%) running_loss=0.3045
2026-09-16 07:54:59,511 INFO train epoch 19/50 batch 65/66 (98%) running_loss=0.3033
2026-09-16 07:54:59,544 INFO train epoch 19/50 batch 66/66 (100%) running_loss=0.3032
2026-09-16 07:55:00,575 INFO epoch 19/50 done: train_loss=0.3032 val_loss=0.2266 val_accuracy=0.9385 val_macro_f1=0.9165 val_macro_auc=0.9833 (checkpoint_metric=macro_auc)
2026-09-16 07:55:01,575 INFO train epoch 20/50 batch 13/66 (20%) running_loss=0.2960
2026-09-16 07:55:02,392 INFO train epoch 20/50 batch 26/66 (39%) running_loss=0.2964
2026-09-16 07:55:03,152 INFO train epoch 20/50 batch 39/66 (59%) running_loss=0.2964
2026-09-16 07:55:03,884 INFO train epoch 20/50 batch 52/66 (79%) running_loss=0.2960
2026-09-16 07:55:04,552 INFO train epoch 20/50 batch 65/66 (98%) running_loss=0.2968
2026-09-16 07:55:04,600 INFO train epoch 20/50 batch 66/66 (100%) running_loss=0.2968
2026-09-16 07:55:05,662 INFO epoch 20/50 done: train_loss=0.2968 val_loss=0.2135 val_accuracy=0.9508 val_macro_f1=0.9330 val_macro_auc=0.9850 (checkpoint_metric=macro_auc)
2026-09-16 07:55:06,678 INFO train epoch 21/50 batch 13/66 (20%) running_loss=0.2973
2026-09-16 07:55:07,396 INFO train epoch 21/50 batch 26/66 (39%) running_loss=0.2966
2026-09-16 07:55:08,213 INFO train epoch 21/50 batch 39/66 (59%) running_loss=0.2962
2026-09-16 07:55:08,978 INFO train epoch 21/50 batch 52/66 (79%) running_loss=0.2978
2026-09-16 07:55:09,685 INFO train epoch 21/50 batch 65/66 (98%) running_loss=0.2984
2026-09-16 07:55:09,717 INFO train epoch 21/50 batch 66/66 (100%) running_loss=0.2984
2026-09-16 07:55:11,295 INFO epoch 21/50 done: train_loss=0.2984 val_loss=0.2115 val_accuracy=0.9447 val_macro_f1=0.9244 val_macro_auc=0.9855 (checkpoint_metric=macro_auc) [new best]
2026-09-16 07:55:12,392 INFO train epoch 22/50 batch 13/66 (20%) running_loss=0.2963
2026-09-16 07:55:13,118 INFO train epoch 22/50 batch 26/66 (39%) running_loss=0.2972
2026-09-16 07:55:13,897 INFO train epoch 22/50 batch 39/66 (59%) running_loss=0.2962
2026-09-16 07:55:14,668 INFO train epoch 22/50 batch 52/66 (79%) running_loss=0.2972
2026-09-16 07:55:15,326 INFO train epoch 22/50 batch 65/66 (98%) running_loss=0.2977
2026-09-16 07:55:15,371 INFO train epoch 22/50 batch 66/66 (100%) running_loss=0.2977
2026-09-16 07:55:16,902 INFO epoch 22/50 done: train_loss=0.2977 val_loss=0.2436 val_accuracy=0.9283 val_macro_f1=0.9060 val_macro_auc=0.9857 (checkpoint_metric=macro_auc) [new best]
2026-09-16 07:55:17,993 INFO train epoch 23/50 batch 13/66 (20%) running_loss=0.2956
2026-09-16 07:55:18,737 INFO train epoch 23/50 batch 26/66 (39%) running_loss=0.2954
2026-09-16 07:55:19,484 INFO train epoch 23/50 batch 39/66 (59%) running_loss=0.2949
2026-09-16 07:55:20,301 INFO train epoch 23/50 batch 52/66 (79%) running_loss=0.2950
2026-09-16 07:55:20,985 INFO train epoch 23/50 batch 65/66 (98%) running_loss=0.2959
2026-09-16 07:55:21,018 INFO train epoch 23/50 batch 66/66 (100%) running_loss=0.2958
2026-09-16 07:55:22,057 INFO epoch 23/50 done: train_loss=0.2958 val_loss=0.2474 val_accuracy=0.9283 val_macro_f1=0.9043 val_macro_auc=0.9833 (checkpoint_metric=macro_auc)
2026-09-16 07:55:23,082 INFO train epoch 24/50 batch 13/66 (20%) running_loss=0.2955
2026-09-16 07:55:23,777 INFO train epoch 24/50 batch 26/66 (39%) running_loss=0.2954
2026-09-16 07:55:24,558 INFO train epoch 24/50 batch 39/66 (59%) running_loss=0.2956
2026-09-16 07:55:25,326 INFO train epoch 24/50 batch 52/66 (79%) running_loss=0.2954
2026-09-16 07:55:25,993 INFO train epoch 24/50 batch 65/66 (98%) running_loss=0.2959
2026-09-16 07:55:26,025 INFO train epoch 24/50 batch 66/66 (100%) running_loss=0.2959
2026-09-16 07:55:27,045 INFO epoch 24/50 done: train_loss=0.2959 val_loss=0.2600 val_accuracy=0.9242 val_macro_f1=0.9001 val_macro_auc=0.9822 (checkpoint_metric=macro_auc)
2026-09-16 07:55:28,147 INFO train epoch 25/50 batch 13/66 (20%) running_loss=0.2939
2026-09-16 07:55:28,927 INFO train epoch 25/50 batch 26/66 (39%) running_loss=0.2949
2026-09-16 07:55:29,633 INFO train epoch 25/50 batch 39/66 (59%) running_loss=0.2947
2026-09-16 07:55:30,320 INFO train epoch 25/50 batch 52/66 (79%) running_loss=0.2947
2026-09-16 07:55:31,034 INFO train epoch 25/50 batch 65/66 (98%) running_loss=0.2947
2026-09-16 07:55:31,066 INFO train epoch 25/50 batch 66/66 (100%) running_loss=0.2947
2026-09-16 07:55:32,108 INFO epoch 25/50 done: train_loss=0.2947 val_loss=0.2057 val_accuracy=0.9426 val_macro_f1=0.9214 val_macro_auc=0.9873 (checkpoint_metric=macro_auc)
2026-09-16 07:55:33,099 INFO train epoch 26/50 batch 13/66 (20%) running_loss=0.2939
2026-09-16 07:55:33,826 INFO train epoch 26/50 batch 26/66 (39%) running_loss=0.2949
2026-09-16 07:55:34,591 INFO train epoch 26/50 batch 39/66 (59%) running_loss=0.2948
2026-09-16 07:55:35,389 INFO train epoch 26/50 batch 52/66 (79%) running_loss=0.2950
2026-09-16 07:55:36,033 INFO train epoch 26/50 batch 65/66 (98%) running_loss=0.2949
2026-09-16 07:55:36,065 INFO train epoch 26/50 batch 66/66 (100%) running_loss=0.2949
2026-09-16 07:55:37,115 INFO epoch 26/50 done: train_loss=0.2949 val_loss=0.2520 val_accuracy=0.9303 val_macro_f1=0.9084 val_macro_auc=0.9834 (checkpoint_metric=macro_auc)
2026-09-16 07:55:38,229 INFO train epoch 27/50 batch 13/66 (20%) running_loss=0.2944
2026-09-16 07:55:39,001 INFO train epoch 27/50 batch 26/66 (39%) running_loss=0.2937
2026-09-16 07:55:39,767 INFO train epoch 27/50 batch 39/66 (59%) running_loss=0.2948
2026-09-16 07:55:40,518 INFO train epoch 27/50 batch 52/66 (79%) running_loss=0.2945
2026-09-16 07:55:41,247 INFO train epoch 27/50 batch 65/66 (98%) running_loss=0.2944
2026-09-16 07:55:41,279 INFO train epoch 27/50 batch 66/66 (100%) running_loss=0.2944
2026-09-16 07:55:42,321 INFO epoch 27/50 done: train_loss=0.2944 val_loss=0.2189 val_accuracy=0.9467 val_macro_f1=0.9272 val_macro_auc=0.9845 (checkpoint_metric=macro_auc)
2026-09-16 07:55:43,335 INFO train epoch 28/50 batch 13/66 (20%) running_loss=0.2990
2026-09-16 07:55:44,050 INFO train epoch 28/50 batch 26/66 (39%) running_loss=0.2964
2026-09-16 07:55:44,829 INFO train epoch 28/50 batch 39/66 (59%) running_loss=0.2956
2026-09-16 07:55:45,643 INFO train epoch 28/50 batch 52/66 (79%) running_loss=0.2953
2026-09-16 07:55:46,336 INFO train epoch 28/50 batch 65/66 (98%) running_loss=0.2948
2026-09-16 07:55:46,368 INFO train epoch 28/50 batch 66/66 (100%) running_loss=0.2948
2026-09-16 07:55:47,389 INFO epoch 28/50 done: train_loss=0.2948 val_loss=0.2114 val_accuracy=0.9447 val_macro_f1=0.9232 val_macro_auc=0.9852 (checkpoint_metric=macro_auc)
2026-09-16 07:55:48,535 INFO train epoch 29/50 batch 13/66 (20%) running_loss=0.2932
2026-09-16 07:55:49,234 INFO train epoch 29/50 batch 26/66 (39%) running_loss=0.2931
2026-09-16 07:55:49,970 INFO train epoch 29/50 batch 39/66 (59%) running_loss=0.2944
2026-09-16 07:55:50,758 INFO train epoch 29/50 batch 52/66 (79%) running_loss=0.2943
2026-09-16 07:55:51,479 INFO train epoch 29/50 batch 65/66 (98%) running_loss=0.2941
2026-09-16 07:55:51,510 INFO train epoch 29/50 batch 66/66 (100%) running_loss=0.2941
2026-09-16 07:55:52,513 INFO epoch 29/50 done: train_loss=0.2941 val_loss=0.2450 val_accuracy=0.9303 val_macro_f1=0.9080 val_macro_auc=0.9840 (checkpoint_metric=macro_auc)
2026-09-16 07:55:53,560 INFO train epoch 30/50 batch 13/66 (20%) running_loss=0.2938
2026-09-16 07:55:54,279 INFO train epoch 30/50 batch 26/66 (39%) running_loss=0.2934
2026-09-16 07:55:55,044 INFO train epoch 30/50 batch 39/66 (59%) running_loss=0.2938
2026-09-16 07:55:55,799 INFO train epoch 30/50 batch 52/66 (79%) running_loss=0.2941
2026-09-16 07:55:56,456 INFO train epoch 30/50 batch 65/66 (98%) running_loss=0.2941
2026-09-16 07:55:56,488 INFO train epoch 30/50 batch 66/66 (100%) running_loss=0.2941
2026-09-16 07:55:57,512 INFO epoch 30/50 done: train_loss=0.2941 val_loss=0.2286 val_accuracy=0.9426 val_macro_f1=0.9197 val_macro_auc=0.9820 (checkpoint_metric=macro_auc)
2026-09-16 07:55:58,558 INFO train epoch 31/50 batch 13/66 (20%) running_loss=0.2940
2026-09-16 07:55:59,374 INFO train epoch 31/50 batch 26/66 (39%) running_loss=0.2942
2026-09-16 07:56:00,131 INFO train epoch 31/50 batch 39/66 (59%) running_loss=0.2938
2026-09-16 07:56:00,898 INFO train epoch 31/50 batch 52/66 (79%) running_loss=0.2937
2026-09-16 07:56:01,559 INFO train epoch 31/50 batch 65/66 (98%) running_loss=0.2936
2026-09-16 07:56:01,607 INFO train epoch 31/50 batch 66/66 (100%) running_loss=0.2936
2026-09-16 07:56:02,636 INFO epoch 31/50 done: train_loss=0.2936 val_loss=0.2425 val_accuracy=0.9324 val_macro_f1=0.9096 val_macro_auc=0.9832 (checkpoint_metric=macro_auc)
2026-09-16 07:56:03,660 INFO train epoch 32/50 batch 13/66 (20%) running_loss=0.2938
2026-09-16 07:56:04,509 INFO train epoch 32/50 batch 26/66 (39%) running_loss=0.2943
2026-09-16 07:56:05,289 INFO train epoch 32/50 batch 39/66 (59%) running_loss=0.2942
2026-09-16 07:56:06,040 INFO train epoch 32/50 batch 52/66 (79%) running_loss=0.2941
2026-09-16 07:56:06,682 INFO train epoch 32/50 batch 65/66 (98%) running_loss=0.2939
2026-09-16 07:56:06,732 INFO train epoch 32/50 batch 66/66 (100%) running_loss=0.2939
2026-09-16 07:56:07,737 INFO epoch 32/50 done: train_loss=0.2939 val_loss=0.2704 val_accuracy=0.9180 val_macro_f1=0.8933 val_macro_auc=0.9849 (checkpoint_metric=macro_auc)
2026-09-16 07:56:08,733 INFO train epoch 33/50 batch 13/66 (20%) running_loss=0.2970
2026-09-16 07:56:09,543 INFO train epoch 33/50 batch 26/66 (39%) running_loss=0.2951
2026-09-16 07:56:10,316 INFO train epoch 33/50 batch 39/66 (59%) running_loss=0.2947
2026-09-16 07:56:11,027 INFO train epoch 33/50 batch 52/66 (79%) running_loss=0.2942
2026-09-16 07:56:11,689 INFO train epoch 33/50 batch 65/66 (98%) running_loss=0.2940
2026-09-16 07:56:11,722 INFO train epoch 33/50 batch 66/66 (100%) running_loss=0.2939
2026-09-16 07:56:12,753 INFO epoch 33/50 done: train_loss=0.2939 val_loss=0.2256 val_accuracy=0.9426 val_macro_f1=0.9217 val_macro_auc=0.9844 (checkpoint_metric=macro_auc)
2026-09-16 07:56:13,747 INFO train epoch 34/50 batch 13/66 (20%) running_loss=0.2928
2026-09-16 07:56:14,531 INFO train epoch 34/50 batch 26/66 (39%) running_loss=0.2928
2026-09-16 07:56:15,286 INFO train epoch 34/50 batch 39/66 (59%) running_loss=0.2928
2026-09-16 07:56:16,006 INFO train epoch 34/50 batch 52/66 (79%) running_loss=0.2928
2026-09-16 07:56:16,647 INFO train epoch 34/50 batch 65/66 (98%) running_loss=0.2930
2026-09-16 07:56:16,679 INFO train epoch 34/50 batch 66/66 (100%) running_loss=0.2930
2026-09-16 07:56:17,714 INFO epoch 34/50 done: train_loss=0.2930 val_loss=0.2444 val_accuracy=0.9324 val_macro_f1=0.9103 val_macro_auc=0.9836 (checkpoint_metric=macro_auc)
2026-09-16 07:56:18,791 INFO train epoch 35/50 batch 13/66 (20%) running_loss=0.2933
2026-09-16 07:56:19,533 INFO train epoch 35/50 batch 26/66 (39%) running_loss=0.2930
2026-09-16 07:56:20,290 INFO train epoch 35/50 batch 39/66 (59%) running_loss=0.2929
2026-09-16 07:56:21,038 INFO train epoch 35/50 batch 52/66 (79%) running_loss=0.2929
2026-09-16 07:56:21,800 INFO train epoch 35/50 batch 65/66 (98%) running_loss=0.2929
2026-09-16 07:56:21,832 INFO train epoch 35/50 batch 66/66 (100%) running_loss=0.2928
2026-09-16 07:56:22,854 INFO epoch 35/50 done: train_loss=0.2928 val_loss=0.2320 val_accuracy=0.9406 val_macro_f1=0.9186 val_macro_auc=0.9835 (checkpoint_metric=macro_auc)
2026-09-16 07:56:23,965 INFO train epoch 36/50 batch 13/66 (20%) running_loss=0.2956
2026-09-16 07:56:24,744 INFO train epoch 36/50 batch 26/66 (39%) running_loss=0.2941
2026-09-16 07:56:25,453 INFO train epoch 36/50 batch 39/66 (59%) running_loss=0.2939
2026-09-16 07:56:26,146 INFO train epoch 36/50 batch 52/66 (79%) running_loss=0.2937
2026-09-16 07:56:26,827 INFO train epoch 36/50 batch 65/66 (98%) running_loss=0.2935
2026-09-16 07:56:26,873 INFO train epoch 36/50 batch 66/66 (100%) running_loss=0.2935
2026-09-16 07:56:27,904 INFO epoch 36/50 done: train_loss=0.2935 val_loss=0.2265 val_accuracy=0.9385 val_macro_f1=0.9168 val_macro_auc=0.9847 (checkpoint_metric=macro_auc)
2026-09-16 07:56:28,914 INFO train epoch 37/50 batch 13/66 (20%) running_loss=0.2926
2026-09-16 07:56:29,684 INFO train epoch 37/50 batch 26/66 (39%) running_loss=0.2927
2026-09-16 07:56:30,427 INFO train epoch 37/50 batch 39/66 (59%) running_loss=0.2928
2026-09-16 07:56:31,201 INFO train epoch 37/50 batch 52/66 (79%) running_loss=0.2928
2026-09-16 07:56:31,881 INFO train epoch 37/50 batch 65/66 (98%) running_loss=0.2928
2026-09-16 07:56:31,914 INFO train epoch 37/50 batch 66/66 (100%) running_loss=0.2928
2026-09-16 07:56:32,976 INFO epoch 37/50 done: train_loss=0.2928 val_loss=0.2250 val_accuracy=0.9406 val_macro_f1=0.9186 val_macro_auc=0.9846 (checkpoint_metric=macro_auc)
2026-09-16 07:56:33,967 INFO train epoch 38/50 batch 13/66 (20%) running_loss=0.2931
2026-09-16 07:56:34,775 INFO train epoch 38/50 batch 26/66 (39%) running_loss=0.2930
2026-09-16 07:56:35,531 INFO train epoch 38/50 batch 39/66 (59%) running_loss=0.2930
2026-09-16 07:56:36,333 INFO train epoch 38/50 batch 52/66 (79%) running_loss=0.2930
2026-09-16 07:56:37,060 INFO train epoch 38/50 batch 65/66 (98%) running_loss=0.2932
2026-09-16 07:56:37,104 INFO train epoch 38/50 batch 66/66 (100%) running_loss=0.2932
2026-09-16 07:56:38,130 INFO epoch 38/50 done: train_loss=0.2932 val_loss=0.2401 val_accuracy=0.9324 val_macro_f1=0.9103 val_macro_auc=0.9841 (checkpoint_metric=macro_auc)
2026-09-16 07:56:39,135 INFO train epoch 39/50 batch 13/66 (20%) running_loss=0.2926
2026-09-16 07:56:39,856 INFO train epoch 39/50 batch 26/66 (39%) running_loss=0.2930
2026-09-16 07:56:40,586 INFO train epoch 39/50 batch 39/66 (59%) running_loss=0.2931
2026-09-16 07:56:41,345 INFO train epoch 39/50 batch 52/66 (79%) running_loss=0.2931
2026-09-16 07:56:42,078 INFO train epoch 39/50 batch 65/66 (98%) running_loss=0.2930
2026-09-16 07:56:42,110 INFO train epoch 39/50 batch 66/66 (100%) running_loss=0.2930
2026-09-16 07:56:43,165 INFO epoch 39/50 done: train_loss=0.2930 val_loss=0.2284 val_accuracy=0.9385 val_macro_f1=0.9168 val_macro_auc=0.9841 (checkpoint_metric=macro_auc)
2026-09-16 07:56:44,274 INFO train epoch 40/50 batch 13/66 (20%) running_loss=0.2931
2026-09-16 07:56:45,053 INFO train epoch 40/50 batch 26/66 (39%) running_loss=0.2929
2026-09-16 07:56:45,743 INFO train epoch 40/50 batch 39/66 (59%) running_loss=0.2927
2026-09-16 07:56:46,422 INFO train epoch 40/50 batch 52/66 (79%) running_loss=0.2928
2026-09-16 07:56:47,145 INFO train epoch 40/50 batch 65/66 (98%) running_loss=0.2927
2026-09-16 07:56:47,177 INFO train epoch 40/50 batch 66/66 (100%) running_loss=0.2927
2026-09-16 07:56:48,216 INFO epoch 40/50 done: train_loss=0.2927 val_loss=0.2228 val_accuracy=0.9385 val_macro_f1=0.9162 val_macro_auc=0.9845 (checkpoint_metric=macro_auc)
2026-09-16 07:56:49,241 INFO train epoch 41/50 batch 13/66 (20%) running_loss=0.2926
2026-09-16 07:56:50,047 INFO train epoch 41/50 batch 26/66 (39%) running_loss=0.2928
2026-09-16 07:56:50,791 INFO train epoch 41/50 batch 39/66 (59%) running_loss=0.2928
2026-09-16 07:56:51,577 INFO train epoch 41/50 batch 52/66 (79%) running_loss=0.2927
2026-09-16 07:56:52,287 INFO train epoch 41/50 batch 65/66 (98%) running_loss=0.2929
2026-09-16 07:56:52,330 INFO train epoch 41/50 batch 66/66 (100%) running_loss=0.2929
2026-09-16 07:56:53,393 INFO epoch 41/50 done: train_loss=0.2929 val_loss=0.2251 val_accuracy=0.9406 val_macro_f1=0.9192 val_macro_auc=0.9843 (checkpoint_metric=macro_auc)
2026-09-16 07:56:54,454 INFO train epoch 42/50 batch 13/66 (20%) running_loss=0.2925
2026-09-16 07:56:55,159 INFO train epoch 42/50 batch 26/66 (39%) running_loss=0.2925
2026-09-16 07:56:55,938 INFO train epoch 42/50 batch 39/66 (59%) running_loss=0.2925
2026-09-16 07:56:56,697 INFO train epoch 42/50 batch 52/66 (79%) running_loss=0.2932
2026-09-16 07:56:57,334 INFO train epoch 42/50 batch 65/66 (98%) running_loss=0.2932
2026-09-16 07:56:57,367 INFO train epoch 42/50 batch 66/66 (100%) running_loss=0.2932
2026-09-16 07:56:58,428 INFO epoch 42/50 done: train_loss=0.2932 val_loss=0.2187 val_accuracy=0.9426 val_macro_f1=0.9211 val_macro_auc=0.9843 (checkpoint_metric=macro_auc)
2026-09-16 07:56:59,507 INFO train epoch 43/50 batch 13/66 (20%) running_loss=0.2927
2026-09-16 07:57:00,254 INFO train epoch 43/50 batch 26/66 (39%) running_loss=0.2928
2026-09-16 07:57:00,996 INFO train epoch 43/50 batch 39/66 (59%) running_loss=0.2928
2026-09-16 07:57:01,786 INFO train epoch 43/50 batch 52/66 (79%) running_loss=0.2929
2026-09-16 07:57:02,493 INFO train epoch 43/50 batch 65/66 (98%) running_loss=0.2930
2026-09-16 07:57:02,526 INFO train epoch 43/50 batch 66/66 (100%) running_loss=0.2930
2026-09-16 07:57:03,528 INFO epoch 43/50 done: train_loss=0.2930 val_loss=0.2140 val_accuracy=0.9406 val_macro_f1=0.9176 val_macro_auc=0.9847 (checkpoint_metric=macro_auc)
2026-09-16 07:57:04,630 INFO train epoch 44/50 batch 13/66 (20%) running_loss=0.2930
2026-09-16 07:57:05,383 INFO train epoch 44/50 batch 26/66 (39%) running_loss=0.2932
2026-09-16 07:57:06,146 INFO train epoch 44/50 batch 39/66 (59%) running_loss=0.2930
2026-09-16 07:57:06,913 INFO train epoch 44/50 batch 52/66 (79%) running_loss=0.2929
2026-09-16 07:57:07,574 INFO train epoch 44/50 batch 65/66 (98%) running_loss=0.2929
2026-09-16 07:57:07,606 INFO train epoch 44/50 batch 66/66 (100%) running_loss=0.2929
2026-09-16 07:57:08,675 INFO epoch 44/50 done: train_loss=0.2929 val_loss=0.2225 val_accuracy=0.9406 val_macro_f1=0.9186 val_macro_auc=0.9842 (checkpoint_metric=macro_auc)
2026-09-16 07:57:09,751 INFO train epoch 45/50 batch 13/66 (20%) running_loss=0.2926
2026-09-16 07:57:10,512 INFO train epoch 45/50 batch 26/66 (39%) running_loss=0.2927
2026-09-16 07:57:11,297 INFO train epoch 45/50 batch 39/66 (59%) running_loss=0.2928
2026-09-16 07:57:12,069 INFO train epoch 45/50 batch 52/66 (79%) running_loss=0.2927
2026-09-16 07:57:12,807 INFO train epoch 45/50 batch 65/66 (98%) running_loss=0.2927
2026-09-16 07:57:12,853 INFO train epoch 45/50 batch 66/66 (100%) running_loss=0.2927
2026-09-16 07:57:13,886 INFO epoch 45/50 done: train_loss=0.2927 val_loss=0.2215 val_accuracy=0.9406 val_macro_f1=0.9186 val_macro_auc=0.9845 (checkpoint_metric=macro_auc)
2026-09-16 07:57:14,904 INFO train epoch 46/50 batch 13/66 (20%) running_loss=0.2929
2026-09-16 07:57:15,596 INFO train epoch 46/50 batch 26/66 (39%) running_loss=0.2929
2026-09-16 07:57:16,367 INFO train epoch 46/50 batch 39/66 (59%) running_loss=0.2930
2026-09-16 07:57:17,198 INFO train epoch 46/50 batch 52/66 (79%) running_loss=0.2928
2026-09-16 07:57:17,893 INFO train epoch 46/50 batch 65/66 (98%) running_loss=0.2928
2026-09-16 07:57:17,925 INFO train epoch 46/50 batch 66/66 (100%) running_loss=0.2928
2026-09-16 07:57:19,001 INFO epoch 46/50 done: train_loss=0.2928 val_loss=0.2244 val_accuracy=0.9385 val_macro_f1=0.9168 val_macro_auc=0.9845 (checkpoint_metric=macro_auc)
2026-09-16 07:57:20,055 INFO train epoch 47/50 batch 13/66 (20%) running_loss=0.2928
2026-09-16 07:57:20,830 INFO train epoch 47/50 batch 26/66 (39%) running_loss=0.2927
2026-09-16 07:57:21,603 INFO train epoch 47/50 batch 39/66 (59%) running_loss=0.2928
2026-09-16 07:57:22,332 INFO train epoch 47/50 batch 52/66 (79%) running_loss=0.2928
2026-09-16 07:57:23,032 INFO train epoch 47/50 batch 65/66 (98%) running_loss=0.2929
2026-09-16 07:57:23,065 INFO train epoch 47/50 batch 66/66 (100%) running_loss=0.2929
2026-09-16 07:57:24,091 INFO epoch 47/50 done: train_loss=0.2929 val_loss=0.2231 val_accuracy=0.9385 val_macro_f1=0.9162 val_macro_auc=0.9845 (checkpoint_metric=macro_auc)
2026-09-16 07:57:25,116 INFO train epoch 48/50 batch 13/66 (20%) running_loss=0.2925
2026-09-16 07:57:25,932 INFO train epoch 48/50 batch 26/66 (39%) running_loss=0.2926
2026-09-16 07:57:26,693 INFO train epoch 48/50 batch 39/66 (59%) running_loss=0.2926
2026-09-16 07:57:27,495 INFO train epoch 48/50 batch 52/66 (79%) running_loss=0.2926
2026-09-16 07:57:28,194 INFO train epoch 48/50 batch 65/66 (98%) running_loss=0.2926
2026-09-16 07:57:28,238 INFO train epoch 48/50 batch 66/66 (100%) running_loss=0.2926
2026-09-16 07:57:29,276 INFO epoch 48/50 done: train_loss=0.2926 val_loss=0.2228 val_accuracy=0.9406 val_macro_f1=0.9186 val_macro_auc=0.9845 (checkpoint_metric=macro_auc)
2026-09-16 07:57:30,293 INFO train epoch 49/50 batch 13/66 (20%) running_loss=0.2967
2026-09-16 07:57:31,001 INFO train epoch 49/50 batch 26/66 (39%) running_loss=0.2946
2026-09-16 07:57:31,781 INFO train epoch 49/50 batch 39/66 (59%) running_loss=0.2940
2026-09-16 07:57:32,536 INFO train epoch 49/50 batch 52/66 (79%) running_loss=0.2940
2026-09-16 07:57:33,247 INFO train epoch 49/50 batch 65/66 (98%) running_loss=0.2937
2026-09-16 07:57:33,279 INFO train epoch 49/50 batch 66/66 (100%) running_loss=0.2937
2026-09-16 07:57:34,316 INFO epoch 49/50 done: train_loss=0.2937 val_loss=0.2227 val_accuracy=0.9406 val_macro_f1=0.9186 val_macro_auc=0.9845 (checkpoint_metric=macro_auc)
2026-09-16 07:57:35,435 INFO train epoch 50/50 batch 13/66 (20%) running_loss=0.2925
2026-09-16 07:57:36,174 INFO train epoch 50/50 batch 26/66 (39%) running_loss=0.2924
2026-09-16 07:57:36,914 INFO train epoch 50/50 batch 39/66 (59%) running_loss=0.2925
2026-09-16 07:57:37,661 INFO train epoch 50/50 batch 52/66 (79%) running_loss=0.2925
2026-09-16 07:57:38,397 INFO train epoch 50/50 batch 65/66 (98%) running_loss=0.2927
2026-09-16 07:57:38,430 INFO train epoch 50/50 batch 66/66 (100%) running_loss=0.2927
2026-09-16 07:57:39,438 INFO epoch 50/50 done: train_loss=0.2927 val_loss=0.2227 val_accuracy=0.9406 val_macro_f1=0.9186 val_macro_auc=0.9845 (checkpoint_metric=macro_auc)
2026-09-16 07:57:39,585 INFO Training finished. Best epoch=22, smoothed macro_auc=0.9854 (window=3)
2026-09-16 07:57:41,175 INFO Test set evaluated once: accuracy=0.8882 macro_f1=0.8811 macro_auc=0.9560
2026-09-16 07:57:41,750 INFO Model size: 21.57M params, 0.796 GFLOPs at 96x96
