2026-09-16 13:49:03,345 INFO Starting baseline training: model=resnet18 device=cuda amp=True image_size=96 epochs=50 lr=0.001 optimizer=sgd
2026-09-16 13:49:03,597 INFO Dataset ready: 3 classes, 2102 train / 488 val samples (split reused from outputs/baseline_resnet18_96_none/split_indices.json)
2026-09-16 13:49:03,598 INFO Augmentation policy: none (identity)
2026-09-16 13:49:03,951 INFO Classes: {'glioma_tumor': 0, 'meningioma_tumor': 1, 'pituitary_tumor': 2}
2026-09-16 13:49:03,951 INFO Regularization: weight_decay=7.0e-04 label_smoothing=0.10 grad_clip_norm=5.0
2026-09-16 13:49:05,352 INFO train epoch 1/50 batch 13/66 (20%) running_loss=1.1385
2026-09-16 13:49:06,133 INFO train epoch 1/50 batch 26/66 (39%) running_loss=1.0007
2026-09-16 13:49:06,780 INFO train epoch 1/50 batch 39/66 (59%) running_loss=0.8925
2026-09-16 13:49:07,423 INFO train epoch 1/50 batch 52/66 (79%) running_loss=0.8159
2026-09-16 13:49:08,044 INFO train epoch 1/50 batch 65/66 (98%) running_loss=0.7667
2026-09-16 13:49:08,248 INFO train epoch 1/50 batch 66/66 (100%) running_loss=0.7656
2026-09-16 13:49:09,334 INFO epoch 1/50 done: train_loss=0.7656 val_loss=0.3372 val_accuracy=0.8934 val_macro_f1=0.8556 val_macro_auc=0.9700 (checkpoint_metric=macro_auc) [new best]
2026-09-16 13:49:10,322 INFO train epoch 2/50 batch 13/66 (20%) running_loss=0.4879
2026-09-16 13:49:10,946 INFO train epoch 2/50 batch 26/66 (39%) running_loss=0.4870
2026-09-16 13:49:11,582 INFO train epoch 2/50 batch 39/66 (59%) running_loss=0.4847
2026-09-16 13:49:12,223 INFO train epoch 2/50 batch 52/66 (79%) running_loss=0.4877
2026-09-16 13:49:12,966 INFO train epoch 2/50 batch 65/66 (98%) running_loss=0.4860
2026-09-16 13:49:12,984 INFO train epoch 2/50 batch 66/66 (100%) running_loss=0.4855
2026-09-16 13:49:14,260 INFO epoch 2/50 done: train_loss=0.4855 val_loss=0.3358 val_accuracy=0.8811 val_macro_f1=0.8452 val_macro_auc=0.9722 (checkpoint_metric=macro_auc) [new best]
2026-09-16 13:49:15,171 INFO train epoch 3/50 batch 13/66 (20%) running_loss=0.3813
2026-09-16 13:49:15,815 INFO train epoch 3/50 batch 26/66 (39%) running_loss=0.3786
2026-09-16 13:49:16,448 INFO train epoch 3/50 batch 39/66 (59%) running_loss=0.3724
2026-09-16 13:49:17,104 INFO train epoch 3/50 batch 52/66 (79%) running_loss=0.3744
2026-09-16 13:49:17,761 INFO train epoch 3/50 batch 65/66 (98%) running_loss=0.3792
2026-09-16 13:49:17,790 INFO train epoch 3/50 batch 66/66 (100%) running_loss=0.3790
2026-09-16 13:49:18,982 INFO epoch 3/50 done: train_loss=0.3790 val_loss=0.2730 val_accuracy=0.9180 val_macro_f1=0.8864 val_macro_auc=0.9827 (checkpoint_metric=macro_auc) [new best]
2026-09-16 13:49:19,934 INFO train epoch 4/50 batch 13/66 (20%) running_loss=0.3369
2026-09-16 13:49:20,575 INFO train epoch 4/50 batch 26/66 (39%) running_loss=0.3368
2026-09-16 13:49:21,259 INFO train epoch 4/50 batch 39/66 (59%) running_loss=0.3370
2026-09-16 13:49:21,922 INFO train epoch 4/50 batch 52/66 (79%) running_loss=0.3372
2026-09-16 13:49:22,598 INFO train epoch 4/50 batch 65/66 (98%) running_loss=0.3377
2026-09-16 13:49:22,616 INFO train epoch 4/50 batch 66/66 (100%) running_loss=0.3378
2026-09-16 13:49:23,843 INFO epoch 4/50 done: train_loss=0.3378 val_loss=0.2643 val_accuracy=0.9201 val_macro_f1=0.8885 val_macro_auc=0.9813 (checkpoint_metric=macro_auc) [new best]
2026-09-16 13:49:24,767 INFO train epoch 5/50 batch 13/66 (20%) running_loss=0.3290
2026-09-16 13:49:25,397 INFO train epoch 5/50 batch 26/66 (39%) running_loss=0.3266
2026-09-16 13:49:26,048 INFO train epoch 5/50 batch 39/66 (59%) running_loss=0.3260
2026-09-16 13:49:26,783 INFO train epoch 5/50 batch 52/66 (79%) running_loss=0.3260
2026-09-16 13:49:27,407 INFO train epoch 5/50 batch 65/66 (98%) running_loss=0.3252
2026-09-16 13:49:27,425 INFO train epoch 5/50 batch 66/66 (100%) running_loss=0.3252
2026-09-16 13:49:28,635 INFO epoch 5/50 done: train_loss=0.3252 val_loss=0.2825 val_accuracy=0.9139 val_macro_f1=0.8856 val_macro_auc=0.9817 (checkpoint_metric=macro_auc) [new best]
2026-09-16 13:49:29,569 INFO train epoch 6/50 batch 13/66 (20%) running_loss=0.3218
2026-09-16 13:49:30,173 INFO train epoch 6/50 batch 26/66 (39%) running_loss=0.3198
2026-09-16 13:49:30,886 INFO train epoch 6/50 batch 39/66 (59%) running_loss=0.3194
2026-09-16 13:49:31,527 INFO train epoch 6/50 batch 52/66 (79%) running_loss=0.3182
2026-09-16 13:49:32,140 INFO train epoch 6/50 batch 65/66 (98%) running_loss=0.3184
2026-09-16 13:49:32,158 INFO train epoch 6/50 batch 66/66 (100%) running_loss=0.3185
2026-09-16 13:49:33,136 INFO epoch 6/50 done: train_loss=0.3185 val_loss=0.2594 val_accuracy=0.9262 val_macro_f1=0.8967 val_macro_auc=0.9816 (checkpoint_metric=macro_auc)
2026-09-16 13:49:34,118 INFO train epoch 7/50 batch 13/66 (20%) running_loss=0.3167
2026-09-16 13:49:34,787 INFO train epoch 7/50 batch 26/66 (39%) running_loss=0.3199
2026-09-16 13:49:35,448 INFO train epoch 7/50 batch 39/66 (59%) running_loss=0.3196
2026-09-16 13:49:36,113 INFO train epoch 7/50 batch 52/66 (79%) running_loss=0.3184
2026-09-16 13:49:36,837 INFO train epoch 7/50 batch 65/66 (98%) running_loss=0.3189
2026-09-16 13:49:36,856 INFO train epoch 7/50 batch 66/66 (100%) running_loss=0.3191
2026-09-16 13:49:37,853 INFO epoch 7/50 done: train_loss=0.3191 val_loss=0.2656 val_accuracy=0.9262 val_macro_f1=0.8952 val_macro_auc=0.9801 (checkpoint_metric=macro_auc)
2026-09-16 13:49:38,817 INFO train epoch 8/50 batch 13/66 (20%) running_loss=0.3115
2026-09-16 13:49:39,457 INFO train epoch 8/50 batch 26/66 (39%) running_loss=0.3120
2026-09-16 13:49:40,091 INFO train epoch 8/50 batch 39/66 (59%) running_loss=0.3135
2026-09-16 13:49:40,736 INFO train epoch 8/50 batch 52/66 (79%) running_loss=0.3133
2026-09-16 13:49:41,473 INFO train epoch 8/50 batch 65/66 (98%) running_loss=0.3139
2026-09-16 13:49:41,491 INFO train epoch 8/50 batch 66/66 (100%) running_loss=0.3140
2026-09-16 13:49:42,486 INFO epoch 8/50 done: train_loss=0.3140 val_loss=0.2945 val_accuracy=0.9139 val_macro_f1=0.8830 val_macro_auc=0.9768 (checkpoint_metric=macro_auc)
2026-09-16 13:49:43,416 INFO train epoch 9/50 batch 13/66 (20%) running_loss=0.3217
2026-09-16 13:49:44,028 INFO train epoch 9/50 batch 26/66 (39%) running_loss=0.3167
2026-09-16 13:49:44,782 INFO train epoch 9/50 batch 39/66 (59%) running_loss=0.3147
2026-09-16 13:49:45,451 INFO train epoch 9/50 batch 52/66 (79%) running_loss=0.3129
2026-09-16 13:49:46,058 INFO train epoch 9/50 batch 65/66 (98%) running_loss=0.3131
2026-09-16 13:49:46,076 INFO train epoch 9/50 batch 66/66 (100%) running_loss=0.3130
2026-09-16 13:49:47,091 INFO epoch 9/50 done: train_loss=0.3130 val_loss=0.2848 val_accuracy=0.9283 val_macro_f1=0.9019 val_macro_auc=0.9782 (checkpoint_metric=macro_auc)
2026-09-16 13:49:48,050 INFO train epoch 10/50 batch 13/66 (20%) running_loss=0.3071
2026-09-16 13:49:48,658 INFO train epoch 10/50 batch 26/66 (39%) running_loss=0.3099
2026-09-16 13:49:49,281 INFO train epoch 10/50 batch 39/66 (59%) running_loss=0.3121
2026-09-16 13:49:49,935 INFO train epoch 10/50 batch 52/66 (79%) running_loss=0.3134
2026-09-16 13:49:50,660 INFO train epoch 10/50 batch 65/66 (98%) running_loss=0.3135
2026-09-16 13:49:50,678 INFO train epoch 10/50 batch 66/66 (100%) running_loss=0.3136
2026-09-16 13:49:51,657 INFO epoch 10/50 done: train_loss=0.3136 val_loss=0.2797 val_accuracy=0.9262 val_macro_f1=0.8988 val_macro_auc=0.9794 (checkpoint_metric=macro_auc)
2026-09-16 13:49:52,617 INFO train epoch 11/50 batch 13/66 (20%) running_loss=0.3073
2026-09-16 13:49:53,228 INFO train epoch 11/50 batch 26/66 (39%) running_loss=0.3090
2026-09-16 13:49:53,849 INFO train epoch 11/50 batch 39/66 (59%) running_loss=0.3097
2026-09-16 13:49:54,564 INFO train epoch 11/50 batch 52/66 (79%) running_loss=0.3093
2026-09-16 13:49:55,189 INFO train epoch 11/50 batch 65/66 (98%) running_loss=0.3094
2026-09-16 13:49:55,207 INFO train epoch 11/50 batch 66/66 (100%) running_loss=0.3093
2026-09-16 13:49:56,191 INFO epoch 11/50 done: train_loss=0.3093 val_loss=0.2661 val_accuracy=0.9385 val_macro_f1=0.9141 val_macro_auc=0.9796 (checkpoint_metric=macro_auc)
2026-09-16 13:49:57,142 INFO train epoch 12/50 batch 13/66 (20%) running_loss=0.3175
2026-09-16 13:49:57,810 INFO train epoch 12/50 batch 26/66 (39%) running_loss=0.3174
2026-09-16 13:49:58,479 INFO train epoch 12/50 batch 39/66 (59%) running_loss=0.3154
2026-09-16 13:49:59,138 INFO train epoch 12/50 batch 52/66 (79%) running_loss=0.3139
2026-09-16 13:49:59,853 INFO train epoch 12/50 batch 65/66 (98%) running_loss=0.3124
2026-09-16 13:49:59,871 INFO train epoch 12/50 batch 66/66 (100%) running_loss=0.3124
2026-09-16 13:50:00,872 INFO epoch 12/50 done: train_loss=0.3124 val_loss=0.2750 val_accuracy=0.9365 val_macro_f1=0.9110 val_macro_auc=0.9804 (checkpoint_metric=macro_auc)
2026-09-16 13:50:01,802 INFO train epoch 13/50 batch 13/66 (20%) running_loss=0.3114
2026-09-16 13:50:02,411 INFO train epoch 13/50 batch 26/66 (39%) running_loss=0.3112
2026-09-16 13:50:03,067 INFO train epoch 13/50 batch 39/66 (59%) running_loss=0.3109
2026-09-16 13:50:03,750 INFO train epoch 13/50 batch 52/66 (79%) running_loss=0.3098
2026-09-16 13:50:04,376 INFO train epoch 13/50 batch 65/66 (98%) running_loss=0.3088
2026-09-16 13:50:04,393 INFO train epoch 13/50 batch 66/66 (100%) running_loss=0.3088
2026-09-16 13:50:05,416 INFO epoch 13/50 done: train_loss=0.3088 val_loss=0.2710 val_accuracy=0.9344 val_macro_f1=0.9089 val_macro_auc=0.9789 (checkpoint_metric=macro_auc)
2026-09-16 13:50:06,346 INFO train epoch 14/50 batch 13/66 (20%) running_loss=0.3033
2026-09-16 13:50:06,957 INFO train epoch 14/50 batch 26/66 (39%) running_loss=0.3066
2026-09-16 13:50:07,583 INFO train epoch 14/50 batch 39/66 (59%) running_loss=0.3078
2026-09-16 13:50:08,298 INFO train epoch 14/50 batch 52/66 (79%) running_loss=0.3094
2026-09-16 13:50:08,933 INFO train epoch 14/50 batch 65/66 (98%) running_loss=0.3115
2026-09-16 13:50:08,952 INFO train epoch 14/50 batch 66/66 (100%) running_loss=0.3116
2026-09-16 13:50:09,953 INFO epoch 14/50 done: train_loss=0.3116 val_loss=0.2748 val_accuracy=0.9344 val_macro_f1=0.9114 val_macro_auc=0.9802 (checkpoint_metric=macro_auc)
2026-09-16 13:50:10,890 INFO train epoch 15/50 batch 13/66 (20%) running_loss=0.3158
2026-09-16 13:50:11,512 INFO train epoch 15/50 batch 26/66 (39%) running_loss=0.3150
2026-09-16 13:50:12,166 INFO train epoch 15/50 batch 39/66 (59%) running_loss=0.3114
2026-09-16 13:50:12,828 INFO train epoch 15/50 batch 52/66 (79%) running_loss=0.3106
2026-09-16 13:50:13,574 INFO train epoch 15/50 batch 65/66 (98%) running_loss=0.3103
2026-09-16 13:50:13,592 INFO train epoch 15/50 batch 66/66 (100%) running_loss=0.3107
2026-09-16 13:50:14,587 INFO epoch 15/50 done: train_loss=0.3107 val_loss=0.2713 val_accuracy=0.9324 val_macro_f1=0.9072 val_macro_auc=0.9808 (checkpoint_metric=macro_auc)
2026-09-16 13:50:15,538 INFO train epoch 16/50 batch 13/66 (20%) running_loss=0.3107
2026-09-16 13:50:16,247 INFO train epoch 16/50 batch 26/66 (39%) running_loss=0.3107
2026-09-16 13:50:16,917 INFO train epoch 16/50 batch 39/66 (59%) running_loss=0.3114
2026-09-16 13:50:17,556 INFO train epoch 16/50 batch 52/66 (79%) running_loss=0.3106
2026-09-16 13:50:18,168 INFO train epoch 16/50 batch 65/66 (98%) running_loss=0.3119
2026-09-16 13:50:18,254 INFO train epoch 16/50 batch 66/66 (100%) running_loss=0.3118
2026-09-16 13:50:19,259 INFO epoch 16/50 done: train_loss=0.3118 val_loss=0.2612 val_accuracy=0.9344 val_macro_f1=0.9092 val_macro_auc=0.9814 (checkpoint_metric=macro_auc)
2026-09-16 13:50:20,195 INFO train epoch 17/50 batch 13/66 (20%) running_loss=0.3109
2026-09-16 13:50:20,830 INFO train epoch 17/50 batch 26/66 (39%) running_loss=0.3079
2026-09-16 13:50:21,456 INFO train epoch 17/50 batch 39/66 (59%) running_loss=0.3066
2026-09-16 13:50:22,079 INFO train epoch 17/50 batch 52/66 (79%) running_loss=0.3061
2026-09-16 13:50:22,791 INFO train epoch 17/50 batch 65/66 (98%) running_loss=0.3071
2026-09-16 13:50:22,809 INFO train epoch 17/50 batch 66/66 (100%) running_loss=0.3070
2026-09-16 13:50:23,792 INFO epoch 17/50 done: train_loss=0.3070 val_loss=0.2660 val_accuracy=0.9365 val_macro_f1=0.9110 val_macro_auc=0.9824 (checkpoint_metric=macro_auc)
2026-09-16 13:50:24,730 INFO train epoch 18/50 batch 13/66 (20%) running_loss=0.3067
2026-09-16 13:50:25,338 INFO train epoch 18/50 batch 26/66 (39%) running_loss=0.3090
2026-09-16 13:50:25,964 INFO train epoch 18/50 batch 39/66 (59%) running_loss=0.3087
2026-09-16 13:50:26,700 INFO train epoch 18/50 batch 52/66 (79%) running_loss=0.3085
2026-09-16 13:50:27,381 INFO train epoch 18/50 batch 65/66 (98%) running_loss=0.3084
2026-09-16 13:50:27,399 INFO train epoch 18/50 batch 66/66 (100%) running_loss=0.3084
2026-09-16 13:50:28,386 INFO epoch 18/50 done: train_loss=0.3084 val_loss=0.2641 val_accuracy=0.9324 val_macro_f1=0.9075 val_macro_auc=0.9819 (checkpoint_metric=macro_auc)
2026-09-16 13:50:29,302 INFO train epoch 19/50 batch 13/66 (20%) running_loss=0.3068
2026-09-16 13:50:29,944 INFO train epoch 19/50 batch 26/66 (39%) running_loss=0.3075
2026-09-16 13:50:30,634 INFO train epoch 19/50 batch 39/66 (59%) running_loss=0.3064
2026-09-16 13:50:31,292 INFO train epoch 19/50 batch 52/66 (79%) running_loss=0.3069
2026-09-16 13:50:31,946 INFO train epoch 19/50 batch 65/66 (98%) running_loss=0.3072
2026-09-16 13:50:31,964 INFO train epoch 19/50 batch 66/66 (100%) running_loss=0.3075
2026-09-16 13:50:32,956 INFO epoch 19/50 done: train_loss=0.3075 val_loss=0.2717 val_accuracy=0.9303 val_macro_f1=0.9048 val_macro_auc=0.9799 (checkpoint_metric=macro_auc)
2026-09-16 13:50:33,930 INFO train epoch 20/50 batch 13/66 (20%) running_loss=0.3057
2026-09-16 13:50:34,547 INFO train epoch 20/50 batch 26/66 (39%) running_loss=0.3076
2026-09-16 13:50:35,197 INFO train epoch 20/50 batch 39/66 (59%) running_loss=0.3089
2026-09-16 13:50:35,835 INFO train epoch 20/50 batch 52/66 (79%) running_loss=0.3099
2026-09-16 13:50:36,507 INFO train epoch 20/50 batch 65/66 (98%) running_loss=0.3085
2026-09-16 13:50:36,543 INFO train epoch 20/50 batch 66/66 (100%) running_loss=0.3088
2026-09-16 13:50:37,551 INFO epoch 20/50 done: train_loss=0.3088 val_loss=0.2637 val_accuracy=0.9324 val_macro_f1=0.9068 val_macro_auc=0.9808 (checkpoint_metric=macro_auc)
2026-09-16 13:50:38,512 INFO train epoch 21/50 batch 13/66 (20%) running_loss=0.3073
2026-09-16 13:50:39,172 INFO train epoch 21/50 batch 26/66 (39%) running_loss=0.3073
2026-09-16 13:50:39,809 INFO train epoch 21/50 batch 39/66 (59%) running_loss=0.3078
2026-09-16 13:50:40,434 INFO train epoch 21/50 batch 52/66 (79%) running_loss=0.3068
2026-09-16 13:50:41,177 INFO train epoch 21/50 batch 65/66 (98%) running_loss=0.3057
2026-09-16 13:50:41,195 INFO train epoch 21/50 batch 66/66 (100%) running_loss=0.3056
2026-09-16 13:50:42,173 INFO epoch 21/50 done: train_loss=0.3056 val_loss=0.2670 val_accuracy=0.9385 val_macro_f1=0.9151 val_macro_auc=0.9804 (checkpoint_metric=macro_auc)
2026-09-16 13:50:43,093 INFO train epoch 22/50 batch 13/66 (20%) running_loss=0.3060
2026-09-16 13:50:43,714 INFO train epoch 22/50 batch 26/66 (39%) running_loss=0.3033
2026-09-16 13:50:44,338 INFO train epoch 22/50 batch 39/66 (59%) running_loss=0.3037
2026-09-16 13:50:45,063 INFO train epoch 22/50 batch 52/66 (79%) running_loss=0.3030
2026-09-16 13:50:45,698 INFO train epoch 22/50 batch 65/66 (98%) running_loss=0.3042
2026-09-16 13:50:45,716 INFO train epoch 22/50 batch 66/66 (100%) running_loss=0.3042
2026-09-16 13:50:46,712 INFO epoch 22/50 done: train_loss=0.3042 val_loss=0.2674 val_accuracy=0.9344 val_macro_f1=0.9082 val_macro_auc=0.9799 (checkpoint_metric=macro_auc)
2026-09-16 13:50:47,670 INFO train epoch 23/50 batch 13/66 (20%) running_loss=0.3070
2026-09-16 13:50:48,276 INFO train epoch 23/50 batch 26/66 (39%) running_loss=0.3091
2026-09-16 13:50:49,003 INFO train epoch 23/50 batch 39/66 (59%) running_loss=0.3079
2026-09-16 13:50:49,671 INFO train epoch 23/50 batch 52/66 (79%) running_loss=0.3058
2026-09-16 13:50:50,306 INFO train epoch 23/50 batch 65/66 (98%) running_loss=0.3061
2026-09-16 13:50:50,323 INFO train epoch 23/50 batch 66/66 (100%) running_loss=0.3062
2026-09-16 13:50:51,316 INFO epoch 23/50 done: train_loss=0.3062 val_loss=0.2756 val_accuracy=0.9324 val_macro_f1=0.9070 val_macro_auc=0.9799 (checkpoint_metric=macro_auc)
2026-09-16 13:50:52,243 INFO train epoch 24/50 batch 13/66 (20%) running_loss=0.3051
2026-09-16 13:50:52,862 INFO train epoch 24/50 batch 26/66 (39%) running_loss=0.3047
2026-09-16 13:50:53,502 INFO train epoch 24/50 batch 39/66 (59%) running_loss=0.3049
2026-09-16 13:50:54,233 INFO train epoch 24/50 batch 52/66 (79%) running_loss=0.3061
2026-09-16 13:50:54,890 INFO train epoch 24/50 batch 65/66 (98%) running_loss=0.3069
2026-09-16 13:50:54,908 INFO train epoch 24/50 batch 66/66 (100%) running_loss=0.3069
2026-09-16 13:50:55,886 INFO epoch 24/50 done: train_loss=0.3069 val_loss=0.2692 val_accuracy=0.9324 val_macro_f1=0.9071 val_macro_auc=0.9800 (checkpoint_metric=macro_auc)
2026-09-16 13:50:56,828 INFO train epoch 25/50 batch 13/66 (20%) running_loss=0.3067
2026-09-16 13:50:57,447 INFO train epoch 25/50 batch 26/66 (39%) running_loss=0.3040
2026-09-16 13:50:58,046 INFO train epoch 25/50 batch 39/66 (59%) running_loss=0.3037
2026-09-16 13:50:58,792 INFO train epoch 25/50 batch 52/66 (79%) running_loss=0.3054
2026-09-16 13:50:59,431 INFO train epoch 25/50 batch 65/66 (98%) running_loss=0.3069
2026-09-16 13:50:59,449 INFO train epoch 25/50 batch 66/66 (100%) running_loss=0.3070
2026-09-16 13:51:00,435 INFO epoch 25/50 done: train_loss=0.3070 val_loss=0.2799 val_accuracy=0.9324 val_macro_f1=0.9062 val_macro_auc=0.9789 (checkpoint_metric=macro_auc)
2026-09-16 13:51:01,326 INFO train epoch 26/50 batch 13/66 (20%) running_loss=0.3104
2026-09-16 13:51:02,003 INFO train epoch 26/50 batch 26/66 (39%) running_loss=0.3075
2026-09-16 13:51:02,666 INFO train epoch 26/50 batch 39/66 (59%) running_loss=0.3078
2026-09-16 13:51:03,280 INFO train epoch 26/50 batch 52/66 (79%) running_loss=0.3061
2026-09-16 13:51:03,916 INFO train epoch 26/50 batch 65/66 (98%) running_loss=0.3057
2026-09-16 13:51:04,002 INFO train epoch 26/50 batch 66/66 (100%) running_loss=0.3057
2026-09-16 13:51:05,012 INFO epoch 26/50 done: train_loss=0.3057 val_loss=0.2671 val_accuracy=0.9344 val_macro_f1=0.9092 val_macro_auc=0.9808 (checkpoint_metric=macro_auc)
2026-09-16 13:51:05,971 INFO train epoch 27/50 batch 13/66 (20%) running_loss=0.3047
2026-09-16 13:51:06,602 INFO train epoch 27/50 batch 26/66 (39%) running_loss=0.3042
2026-09-16 13:51:07,233 INFO train epoch 27/50 batch 39/66 (59%) running_loss=0.3051
2026-09-16 13:51:07,919 INFO train epoch 27/50 batch 52/66 (79%) running_loss=0.3049
2026-09-16 13:51:08,615 INFO train epoch 27/50 batch 65/66 (98%) running_loss=0.3046
2026-09-16 13:51:08,634 INFO train epoch 27/50 batch 66/66 (100%) running_loss=0.3048
2026-09-16 13:51:09,614 INFO epoch 27/50 done: train_loss=0.3048 val_loss=0.2856 val_accuracy=0.9324 val_macro_f1=0.9062 val_macro_auc=0.9787 (checkpoint_metric=macro_auc)
2026-09-16 13:51:10,524 INFO train epoch 28/50 batch 13/66 (20%) running_loss=0.3049
2026-09-16 13:51:11,265 INFO train epoch 28/50 batch 26/66 (39%) running_loss=0.3030
2026-09-16 13:51:11,928 INFO train epoch 28/50 batch 39/66 (59%) running_loss=0.3034
2026-09-16 13:51:12,590 INFO train epoch 28/50 batch 52/66 (79%) running_loss=0.3026
2026-09-16 13:51:13,231 INFO train epoch 28/50 batch 65/66 (98%) running_loss=0.3029
2026-09-16 13:51:13,318 INFO train epoch 28/50 batch 66/66 (100%) running_loss=0.3028
2026-09-16 13:51:14,309 INFO epoch 28/50 done: train_loss=0.3028 val_loss=0.2718 val_accuracy=0.9344 val_macro_f1=0.9092 val_macro_auc=0.9802 (checkpoint_metric=macro_auc)
2026-09-16 13:51:15,230 INFO train epoch 29/50 batch 13/66 (20%) running_loss=0.3041
2026-09-16 13:51:15,850 INFO train epoch 29/50 batch 26/66 (39%) running_loss=0.3078
2026-09-16 13:51:16,485 INFO train epoch 29/50 batch 39/66 (59%) running_loss=0.3079
2026-09-16 13:51:17,192 INFO train epoch 29/50 batch 52/66 (79%) running_loss=0.3067
2026-09-16 13:51:17,820 INFO train epoch 29/50 batch 65/66 (98%) running_loss=0.3058
2026-09-16 13:51:17,838 INFO train epoch 29/50 batch 66/66 (100%) running_loss=0.3057
2026-09-16 13:51:18,839 INFO epoch 29/50 done: train_loss=0.3057 val_loss=0.2618 val_accuracy=0.9344 val_macro_f1=0.9075 val_macro_auc=0.9820 (checkpoint_metric=macro_auc)
2026-09-16 13:51:19,817 INFO train epoch 30/50 batch 13/66 (20%) running_loss=0.3025
2026-09-16 13:51:20,453 INFO train epoch 30/50 batch 26/66 (39%) running_loss=0.3039
2026-09-16 13:51:21,086 INFO train epoch 30/50 batch 39/66 (59%) running_loss=0.3039
2026-09-16 13:51:21,730 INFO train epoch 30/50 batch 52/66 (79%) running_loss=0.3037
2026-09-16 13:51:22,464 INFO train epoch 30/50 batch 65/66 (98%) running_loss=0.3044
2026-09-16 13:51:22,482 INFO train epoch 30/50 batch 66/66 (100%) running_loss=0.3044
2026-09-16 13:51:23,480 INFO epoch 30/50 done: train_loss=0.3044 val_loss=0.2693 val_accuracy=0.9344 val_macro_f1=0.9092 val_macro_auc=0.9814 (checkpoint_metric=macro_auc)
2026-09-16 13:51:24,451 INFO train epoch 31/50 batch 13/66 (20%) running_loss=0.3059
2026-09-16 13:51:25,098 INFO train epoch 31/50 batch 26/66 (39%) running_loss=0.3072
2026-09-16 13:51:25,760 INFO train epoch 31/50 batch 39/66 (59%) running_loss=0.3056
2026-09-16 13:51:26,408 INFO train epoch 31/50 batch 52/66 (79%) running_loss=0.3055
2026-09-16 13:51:27,116 INFO train epoch 31/50 batch 65/66 (98%) running_loss=0.3045
2026-09-16 13:51:27,134 INFO train epoch 31/50 batch 66/66 (100%) running_loss=0.3045
2026-09-16 13:51:28,123 INFO epoch 31/50 done: train_loss=0.3045 val_loss=0.2721 val_accuracy=0.9303 val_macro_f1=0.9052 val_macro_auc=0.9816 (checkpoint_metric=macro_auc)
2026-09-16 13:51:29,046 INFO train epoch 32/50 batch 13/66 (20%) running_loss=0.3020
2026-09-16 13:51:29,668 INFO train epoch 32/50 batch 26/66 (39%) running_loss=0.3027
2026-09-16 13:51:30,348 INFO train epoch 32/50 batch 39/66 (59%) running_loss=0.3031
2026-09-16 13:51:30,995 INFO train epoch 32/50 batch 52/66 (79%) running_loss=0.3035
2026-09-16 13:51:31,666 INFO train epoch 32/50 batch 65/66 (98%) running_loss=0.3041
2026-09-16 13:51:31,684 INFO train epoch 32/50 batch 66/66 (100%) running_loss=0.3041
2026-09-16 13:51:32,690 INFO epoch 32/50 done: train_loss=0.3041 val_loss=0.2821 val_accuracy=0.9324 val_macro_f1=0.9069 val_macro_auc=0.9790 (checkpoint_metric=macro_auc)
2026-09-16 13:51:33,600 INFO train epoch 33/50 batch 13/66 (20%) running_loss=0.3010
2026-09-16 13:51:34,253 INFO train epoch 33/50 batch 26/66 (39%) running_loss=0.3026
2026-09-16 13:51:34,896 INFO train epoch 33/50 batch 39/66 (59%) running_loss=0.3031
2026-09-16 13:51:35,586 INFO train epoch 33/50 batch 52/66 (79%) running_loss=0.3031
2026-09-16 13:51:36,208 INFO train epoch 33/50 batch 65/66 (98%) running_loss=0.3032
2026-09-16 13:51:36,232 INFO train epoch 33/50 batch 66/66 (100%) running_loss=0.3033
2026-09-16 13:51:37,225 INFO epoch 33/50 done: train_loss=0.3033 val_loss=0.2724 val_accuracy=0.9344 val_macro_f1=0.9086 val_macro_auc=0.9806 (checkpoint_metric=macro_auc)
2026-09-16 13:51:38,168 INFO train epoch 34/50 batch 13/66 (20%) running_loss=0.3066
2026-09-16 13:51:38,806 INFO train epoch 34/50 batch 26/66 (39%) running_loss=0.3049
2026-09-16 13:51:39,446 INFO train epoch 34/50 batch 39/66 (59%) running_loss=0.3038
2026-09-16 13:51:40,091 INFO train epoch 34/50 batch 52/66 (79%) running_loss=0.3041
2026-09-16 13:51:40,828 INFO train epoch 34/50 batch 65/66 (98%) running_loss=0.3041
2026-09-16 13:51:40,847 INFO train epoch 34/50 batch 66/66 (100%) running_loss=0.3041
2026-09-16 13:51:41,866 INFO epoch 34/50 done: train_loss=0.3041 val_loss=0.2693 val_accuracy=0.9324 val_macro_f1=0.9069 val_macro_auc=0.9810 (checkpoint_metric=macro_auc)
2026-09-16 13:51:42,840 INFO train epoch 35/50 batch 13/66 (20%) running_loss=0.3006
2026-09-16 13:51:43,455 INFO train epoch 35/50 batch 26/66 (39%) running_loss=0.3016
2026-09-16 13:51:44,118 INFO train epoch 35/50 batch 39/66 (59%) running_loss=0.3020
2026-09-16 13:51:44,758 INFO train epoch 35/50 batch 52/66 (79%) running_loss=0.3026
2026-09-16 13:51:45,391 INFO train epoch 35/50 batch 65/66 (98%) running_loss=0.3028
2026-09-16 13:51:45,408 INFO train epoch 35/50 batch 66/66 (100%) running_loss=0.3028
2026-09-16 13:51:46,384 INFO epoch 35/50 done: train_loss=0.3028 val_loss=0.2799 val_accuracy=0.9365 val_macro_f1=0.9113 val_macro_auc=0.9804 (checkpoint_metric=macro_auc)
2026-09-16 13:51:47,321 INFO train epoch 36/50 batch 13/66 (20%) running_loss=0.3054
2026-09-16 13:51:48,052 INFO train epoch 36/50 batch 26/66 (39%) running_loss=0.3035
2026-09-16 13:51:48,844 INFO train epoch 36/50 batch 39/66 (59%) running_loss=0.3040
2026-09-16 13:51:49,749 INFO train epoch 36/50 batch 52/66 (79%) running_loss=0.3033
2026-09-16 13:51:50,519 INFO train epoch 36/50 batch 65/66 (98%) running_loss=0.3027
2026-09-16 13:51:50,537 INFO train epoch 36/50 batch 66/66 (100%) running_loss=0.3027
2026-09-16 13:51:51,765 INFO epoch 36/50 done: train_loss=0.3027 val_loss=0.2776 val_accuracy=0.9344 val_macro_f1=0.9092 val_macro_auc=0.9805 (checkpoint_metric=macro_auc)
2026-09-16 13:51:52,719 INFO train epoch 37/50 batch 13/66 (20%) running_loss=0.3013
2026-09-16 13:51:53,363 INFO train epoch 37/50 batch 26/66 (39%) running_loss=0.3020
2026-09-16 13:51:53,992 INFO train epoch 37/50 batch 39/66 (59%) running_loss=0.3050
2026-09-16 13:51:54,620 INFO train epoch 37/50 batch 52/66 (79%) running_loss=0.3043
2026-09-16 13:51:55,334 INFO train epoch 37/50 batch 65/66 (98%) running_loss=0.3054
2026-09-16 13:51:55,352 INFO train epoch 37/50 batch 66/66 (100%) running_loss=0.3054
2026-09-16 13:51:56,354 INFO epoch 37/50 done: train_loss=0.3054 val_loss=0.2736 val_accuracy=0.9324 val_macro_f1=0.9069 val_macro_auc=0.9803 (checkpoint_metric=macro_auc)
2026-09-16 13:51:57,288 INFO train epoch 38/50 batch 13/66 (20%) running_loss=0.3028
2026-09-16 13:51:57,927 INFO train epoch 38/50 batch 26/66 (39%) running_loss=0.3040
2026-09-16 13:51:58,611 INFO train epoch 38/50 batch 39/66 (59%) running_loss=0.3027
2026-09-16 13:51:59,286 INFO train epoch 38/50 batch 52/66 (79%) running_loss=0.3042
2026-09-16 13:51:59,962 INFO train epoch 38/50 batch 65/66 (98%) running_loss=0.3036
2026-09-16 13:51:59,980 INFO train epoch 38/50 batch 66/66 (100%) running_loss=0.3040
2026-09-16 13:52:00,963 INFO epoch 38/50 done: train_loss=0.3040 val_loss=0.2601 val_accuracy=0.9385 val_macro_f1=0.9144 val_macro_auc=0.9815 (checkpoint_metric=macro_auc)
2026-09-16 13:52:01,876 INFO train epoch 39/50 batch 13/66 (20%) running_loss=0.3058
2026-09-16 13:52:02,532 INFO train epoch 39/50 batch 26/66 (39%) running_loss=0.3065
2026-09-16 13:52:03,170 INFO train epoch 39/50 batch 39/66 (59%) running_loss=0.3067
2026-09-16 13:52:03,803 INFO train epoch 39/50 batch 52/66 (79%) running_loss=0.3062
2026-09-16 13:52:04,435 INFO train epoch 39/50 batch 65/66 (98%) running_loss=0.3056
2026-09-16 13:52:04,515 INFO train epoch 39/50 batch 66/66 (100%) running_loss=0.3058
2026-09-16 13:52:05,505 INFO epoch 39/50 done: train_loss=0.3058 val_loss=0.2522 val_accuracy=0.9406 val_macro_f1=0.9154 val_macro_auc=0.9822 (checkpoint_metric=macro_auc)
2026-09-16 13:52:06,456 INFO train epoch 40/50 batch 13/66 (20%) running_loss=0.3043
2026-09-16 13:52:07,118 INFO train epoch 40/50 batch 26/66 (39%) running_loss=0.3030
2026-09-16 13:52:07,771 INFO train epoch 40/50 batch 39/66 (59%) running_loss=0.3037
2026-09-16 13:52:08,439 INFO train epoch 40/50 batch 52/66 (79%) running_loss=0.3043
2026-09-16 13:52:09,116 INFO train epoch 40/50 batch 65/66 (98%) running_loss=0.3038
2026-09-16 13:52:09,149 INFO train epoch 40/50 batch 66/66 (100%) running_loss=0.3037
2026-09-16 13:52:10,125 INFO epoch 40/50 done: train_loss=0.3037 val_loss=0.2808 val_accuracy=0.9303 val_macro_f1=0.9045 val_macro_auc=0.9797 (checkpoint_metric=macro_auc)
2026-09-16 13:52:11,084 INFO train epoch 41/50 batch 13/66 (20%) running_loss=0.3044
2026-09-16 13:52:11,735 INFO train epoch 41/50 batch 26/66 (39%) running_loss=0.3067
2026-09-16 13:52:12,350 INFO train epoch 41/50 batch 39/66 (59%) running_loss=0.3045
2026-09-16 13:52:12,985 INFO train epoch 41/50 batch 52/66 (79%) running_loss=0.3067
2026-09-16 13:52:13,741 INFO train epoch 41/50 batch 65/66 (98%) running_loss=0.3055
2026-09-16 13:52:13,759 INFO train epoch 41/50 batch 66/66 (100%) running_loss=0.3054
2026-09-16 13:52:14,741 INFO epoch 41/50 done: train_loss=0.3054 val_loss=0.2665 val_accuracy=0.9303 val_macro_f1=0.9052 val_macro_auc=0.9809 (checkpoint_metric=macro_auc)
2026-09-16 13:52:15,683 INFO train epoch 42/50 batch 13/66 (20%) running_loss=0.3011
2026-09-16 13:52:16,328 INFO train epoch 42/50 batch 26/66 (39%) running_loss=0.3027
2026-09-16 13:52:17,000 INFO train epoch 42/50 batch 39/66 (59%) running_loss=0.3017
2026-09-16 13:52:17,662 INFO train epoch 42/50 batch 52/66 (79%) running_loss=0.3020
2026-09-16 13:52:18,315 INFO train epoch 42/50 batch 65/66 (98%) running_loss=0.3028
2026-09-16 13:52:18,398 INFO train epoch 42/50 batch 66/66 (100%) running_loss=0.3028
2026-09-16 13:52:19,374 INFO epoch 42/50 done: train_loss=0.3028 val_loss=0.2751 val_accuracy=0.9365 val_macro_f1=0.9113 val_macro_auc=0.9811 (checkpoint_metric=macro_auc)
2026-09-16 13:52:20,348 INFO train epoch 43/50 batch 13/66 (20%) running_loss=0.3011
2026-09-16 13:52:20,987 INFO train epoch 43/50 batch 26/66 (39%) running_loss=0.3044
2026-09-16 13:52:21,633 INFO train epoch 43/50 batch 39/66 (59%) running_loss=0.3032
2026-09-16 13:52:22,296 INFO train epoch 43/50 batch 52/66 (79%) running_loss=0.3029
2026-09-16 13:52:22,930 INFO train epoch 43/50 batch 65/66 (98%) running_loss=0.3029
2026-09-16 13:52:22,971 INFO train epoch 43/50 batch 66/66 (100%) running_loss=0.3028
2026-09-16 13:52:23,968 INFO epoch 43/50 done: train_loss=0.3028 val_loss=0.2669 val_accuracy=0.9406 val_macro_f1=0.9168 val_macro_auc=0.9808 (checkpoint_metric=macro_auc)
2026-09-16 13:52:24,919 INFO train epoch 44/50 batch 13/66 (20%) running_loss=0.3061
2026-09-16 13:52:25,537 INFO train epoch 44/50 batch 26/66 (39%) running_loss=0.3058
2026-09-16 13:52:26,158 INFO train epoch 44/50 batch 39/66 (59%) running_loss=0.3043
2026-09-16 13:52:26,821 INFO train epoch 44/50 batch 52/66 (79%) running_loss=0.3034
2026-09-16 13:52:27,491 INFO train epoch 44/50 batch 65/66 (98%) running_loss=0.3033
2026-09-16 13:52:27,509 INFO train epoch 44/50 batch 66/66 (100%) running_loss=0.3034
2026-09-16 13:52:28,487 INFO epoch 44/50 done: train_loss=0.3034 val_loss=0.2766 val_accuracy=0.9283 val_macro_f1=0.9021 val_macro_auc=0.9803 (checkpoint_metric=macro_auc)
2026-09-16 13:52:29,394 INFO train epoch 45/50 batch 13/66 (20%) running_loss=0.2998
2026-09-16 13:52:30,061 INFO train epoch 45/50 batch 26/66 (39%) running_loss=0.3005
2026-09-16 13:52:30,704 INFO train epoch 45/50 batch 39/66 (59%) running_loss=0.3026
2026-09-16 13:52:31,339 INFO train epoch 45/50 batch 52/66 (79%) running_loss=0.3029
2026-09-16 13:52:32,050 INFO train epoch 45/50 batch 65/66 (98%) running_loss=0.3034
2026-09-16 13:52:32,069 INFO train epoch 45/50 batch 66/66 (100%) running_loss=0.3034
2026-09-16 13:52:33,046 INFO epoch 45/50 done: train_loss=0.3034 val_loss=0.2737 val_accuracy=0.9324 val_macro_f1=0.9069 val_macro_auc=0.9805 (checkpoint_metric=macro_auc)
2026-09-16 13:52:33,958 INFO train epoch 46/50 batch 13/66 (20%) running_loss=0.3005
2026-09-16 13:52:34,616 INFO train epoch 46/50 batch 26/66 (39%) running_loss=0.3009
2026-09-16 13:52:35,251 INFO train epoch 46/50 batch 39/66 (59%) running_loss=0.3019
2026-09-16 13:52:35,940 INFO train epoch 46/50 batch 52/66 (79%) running_loss=0.3029
2026-09-16 13:52:36,581 INFO train epoch 46/50 batch 65/66 (98%) running_loss=0.3027
2026-09-16 13:52:36,599 INFO train epoch 46/50 batch 66/66 (100%) running_loss=0.3028
2026-09-16 13:52:37,581 INFO epoch 46/50 done: train_loss=0.3028 val_loss=0.2673 val_accuracy=0.9365 val_macro_f1=0.9116 val_macro_auc=0.9797 (checkpoint_metric=macro_auc)
2026-09-16 13:52:38,516 INFO train epoch 47/50 batch 13/66 (20%) running_loss=0.3009
2026-09-16 13:52:39,209 INFO train epoch 47/50 batch 26/66 (39%) running_loss=0.3013
2026-09-16 13:52:39,879 INFO train epoch 47/50 batch 39/66 (59%) running_loss=0.3012
2026-09-16 13:52:40,520 INFO train epoch 47/50 batch 52/66 (79%) running_loss=0.3015
2026-09-16 13:52:41,168 INFO train epoch 47/50 batch 65/66 (98%) running_loss=0.3017
2026-09-16 13:52:41,213 INFO train epoch 47/50 batch 66/66 (100%) running_loss=0.3017
2026-09-16 13:52:42,218 INFO epoch 47/50 done: train_loss=0.3017 val_loss=0.2859 val_accuracy=0.9283 val_macro_f1=0.9022 val_macro_auc=0.9793 (checkpoint_metric=macro_auc)
2026-09-16 13:52:43,142 INFO train epoch 48/50 batch 13/66 (20%) running_loss=0.2997
2026-09-16 13:52:43,820 INFO train epoch 48/50 batch 26/66 (39%) running_loss=0.3018
2026-09-16 13:52:44,499 INFO train epoch 48/50 batch 39/66 (59%) running_loss=0.3021
2026-09-16 13:52:45,168 INFO train epoch 48/50 batch 52/66 (79%) running_loss=0.3023
2026-09-16 13:52:45,787 INFO train epoch 48/50 batch 65/66 (98%) running_loss=0.3016
2026-09-16 13:52:45,875 INFO train epoch 48/50 batch 66/66 (100%) running_loss=0.3016
2026-09-16 13:52:46,854 INFO epoch 48/50 done: train_loss=0.3016 val_loss=0.2687 val_accuracy=0.9324 val_macro_f1=0.9075 val_macro_auc=0.9802 (checkpoint_metric=macro_auc)
2026-09-16 13:52:47,824 INFO train epoch 49/50 batch 13/66 (20%) running_loss=0.3027
2026-09-16 13:52:48,454 INFO train epoch 49/50 batch 26/66 (39%) running_loss=0.3025
2026-09-16 13:52:49,082 INFO train epoch 49/50 batch 39/66 (59%) running_loss=0.3032
2026-09-16 13:52:49,794 INFO train epoch 49/50 batch 52/66 (79%) running_loss=0.3036
2026-09-16 13:52:50,464 INFO train epoch 49/50 batch 65/66 (98%) running_loss=0.3041
2026-09-16 13:52:50,482 INFO train epoch 49/50 batch 66/66 (100%) running_loss=0.3041
2026-09-16 13:52:51,485 INFO epoch 49/50 done: train_loss=0.3041 val_loss=0.2657 val_accuracy=0.9324 val_macro_f1=0.9069 val_macro_auc=0.9810 (checkpoint_metric=macro_auc)
2026-09-16 13:52:52,493 INFO train epoch 50/50 batch 13/66 (20%) running_loss=0.3029
2026-09-16 13:52:53,126 INFO train epoch 50/50 batch 26/66 (39%) running_loss=0.3025
2026-09-16 13:52:53,779 INFO train epoch 50/50 batch 39/66 (59%) running_loss=0.3025
2026-09-16 13:52:54,413 INFO train epoch 50/50 batch 52/66 (79%) running_loss=0.3038
2026-09-16 13:52:55,159 INFO train epoch 50/50 batch 65/66 (98%) running_loss=0.3045
2026-09-16 13:52:55,177 INFO train epoch 50/50 batch 66/66 (100%) running_loss=0.3049
2026-09-16 13:52:56,151 INFO epoch 50/50 done: train_loss=0.3049 val_loss=0.2587 val_accuracy=0.9365 val_macro_f1=0.9110 val_macro_auc=0.9817 (checkpoint_metric=macro_auc)
2026-09-16 13:52:56,291 INFO Training finished. Best epoch=5, smoothed macro_auc=0.9819 (window=3)
2026-09-16 13:52:57,605 INFO Test set evaluated once: accuracy=0.8523 macro_f1=0.8434 macro_auc=0.9584
2026-09-16 13:52:58,196 INFO Model size: 11.18M params, 0.335 GFLOPs at 96x96
