2026-09-17 19:58:43,737 INFO Starting baseline training: model=efficientnet_v2_m device=cuda amp=True image_size=96 epochs=100 lr=0.001 optimizer=sgd
2026-09-17 19:58:43,988 INFO Dataset ready: 3 classes, 2102 train / 488 val samples (split reused from outputs/baseline_efficientnet_v2_m_96_adaptive_ep100_s2/split_indices.json)
2026-09-17 19:58:43,988 INFO Augmentation policy: sample-adaptive, from outputs/main1/augmentation_run/selected_policy.json
2026-09-17 19:58:45,381 INFO Classes: {'glioma_tumor': 0, 'meningioma_tumor': 1, 'pituitary_tumor': 2}
2026-09-17 19:58:45,382 INFO Regularization: weight_decay=7.0e-04 label_smoothing=0.10 grad_clip_norm=5.0
2026-09-17 19:58:48,897 INFO train epoch 1/100 batch 13/66 (20%) running_loss=1.1352
2026-09-17 19:58:50,754 INFO train epoch 1/100 batch 26/66 (39%) running_loss=1.1274
2026-09-17 19:58:52,606 INFO train epoch 1/100 batch 39/66 (59%) running_loss=1.1217
2026-09-17 19:58:54,452 INFO train epoch 1/100 batch 52/66 (79%) running_loss=1.1214
2026-09-17 19:58:56,289 INFO train epoch 1/100 batch 65/66 (98%) running_loss=1.1201
2026-09-17 19:58:56,831 INFO train epoch 1/100 batch 66/66 (100%) running_loss=1.1197
2026-09-17 19:58:58,811 INFO epoch 1/100 done: train_loss=1.1197 val_loss=1.0651 val_accuracy=0.4016 val_macro_f1=0.3365 val_macro_auc=0.5440 (checkpoint_metric=macro_auc) [new best]
2026-09-17 19:59:01,307 INFO train epoch 2/100 batch 13/66 (20%) running_loss=1.0982
2026-09-17 19:59:03,259 INFO train epoch 2/100 batch 26/66 (39%) running_loss=1.0961
2026-09-17 19:59:05,225 INFO train epoch 2/100 batch 39/66 (59%) running_loss=1.0936
2026-09-17 19:59:07,120 INFO train epoch 2/100 batch 52/66 (79%) running_loss=1.0883
2026-09-17 19:59:09,007 INFO train epoch 2/100 batch 65/66 (98%) running_loss=1.0880
2026-09-17 19:59:09,154 INFO train epoch 2/100 batch 66/66 (100%) running_loss=1.0873
2026-09-17 19:59:11,806 INFO epoch 2/100 done: train_loss=1.0873 val_loss=1.0366 val_accuracy=0.5000 val_macro_f1=0.4359 val_macro_auc=0.6100 (checkpoint_metric=macro_auc) [new best]
2026-09-17 19:59:14,309 INFO train epoch 3/100 batch 13/66 (20%) running_loss=1.0674
2026-09-17 19:59:16,195 INFO train epoch 3/100 batch 26/66 (39%) running_loss=1.0698
2026-09-17 19:59:18,102 INFO train epoch 3/100 batch 39/66 (59%) running_loss=1.0650
2026-09-17 19:59:19,982 INFO train epoch 3/100 batch 52/66 (79%) running_loss=1.0716
2026-09-17 19:59:21,831 INFO train epoch 3/100 batch 65/66 (98%) running_loss=1.0710
2026-09-17 19:59:21,976 INFO train epoch 3/100 batch 66/66 (100%) running_loss=1.0700
2026-09-17 19:59:24,307 INFO epoch 3/100 done: train_loss=1.0700 val_loss=1.0056 val_accuracy=0.5820 val_macro_f1=0.4942 val_macro_auc=0.6527 (checkpoint_metric=macro_auc) [new best]
2026-09-17 19:59:26,732 INFO train epoch 4/100 batch 13/66 (20%) running_loss=1.0459
2026-09-17 19:59:28,607 INFO train epoch 4/100 batch 26/66 (39%) running_loss=1.0466
2026-09-17 19:59:30,491 INFO train epoch 4/100 batch 39/66 (59%) running_loss=1.0492
2026-09-17 19:59:32,402 INFO train epoch 4/100 batch 52/66 (79%) running_loss=1.0444
2026-09-17 19:59:34,283 INFO train epoch 4/100 batch 65/66 (98%) running_loss=1.0412
2026-09-17 19:59:34,436 INFO train epoch 4/100 batch 66/66 (100%) running_loss=1.0417
2026-09-17 19:59:36,868 INFO epoch 4/100 done: train_loss=1.0417 val_loss=0.9757 val_accuracy=0.6209 val_macro_f1=0.5133 val_macro_auc=0.7052 (checkpoint_metric=macro_auc) [new best]
2026-09-17 19:59:39,247 INFO train epoch 5/100 batch 13/66 (20%) running_loss=1.0350
2026-09-17 19:59:41,140 INFO train epoch 5/100 batch 26/66 (39%) running_loss=1.0255
2026-09-17 19:59:43,027 INFO train epoch 5/100 batch 39/66 (59%) running_loss=1.0219
2026-09-17 19:59:44,916 INFO train epoch 5/100 batch 52/66 (79%) running_loss=1.0173
2026-09-17 19:59:46,772 INFO train epoch 5/100 batch 65/66 (98%) running_loss=1.0156
2026-09-17 19:59:46,918 INFO train epoch 5/100 batch 66/66 (100%) running_loss=1.0151
2026-09-17 19:59:49,284 INFO epoch 5/100 done: train_loss=1.0151 val_loss=0.9370 val_accuracy=0.6332 val_macro_f1=0.4957 val_macro_auc=0.7283 (checkpoint_metric=macro_auc) [new best]
2026-09-17 19:59:51,718 INFO train epoch 6/100 batch 13/66 (20%) running_loss=0.9967
2026-09-17 19:59:53,800 INFO train epoch 6/100 batch 26/66 (39%) running_loss=1.0029
2026-09-17 19:59:55,711 INFO train epoch 6/100 batch 39/66 (59%) running_loss=0.9956
2026-09-17 19:59:57,585 INFO train epoch 6/100 batch 52/66 (79%) running_loss=0.9874
2026-09-17 19:59:59,480 INFO train epoch 6/100 batch 65/66 (98%) running_loss=0.9902
2026-09-17 19:59:59,627 INFO train epoch 6/100 batch 66/66 (100%) running_loss=0.9903
2026-09-17 20:00:02,103 INFO epoch 6/100 done: train_loss=0.9903 val_loss=0.8962 val_accuracy=0.6660 val_macro_f1=0.5553 val_macro_auc=0.7671 (checkpoint_metric=macro_auc) [new best]
2026-09-17 20:00:04,573 INFO train epoch 7/100 batch 13/66 (20%) running_loss=0.9712
2026-09-17 20:00:06,473 INFO train epoch 7/100 batch 26/66 (39%) running_loss=0.9679
2026-09-17 20:00:08,366 INFO train epoch 7/100 batch 39/66 (59%) running_loss=0.9652
2026-09-17 20:00:10,235 INFO train epoch 7/100 batch 52/66 (79%) running_loss=0.9593
2026-09-17 20:00:12,126 INFO train epoch 7/100 batch 65/66 (98%) running_loss=0.9563
2026-09-17 20:00:12,269 INFO train epoch 7/100 batch 66/66 (100%) running_loss=0.9556
2026-09-17 20:00:14,693 INFO epoch 7/100 done: train_loss=0.9556 val_loss=0.8270 val_accuracy=0.7131 val_macro_f1=0.5734 val_macro_auc=0.7924 (checkpoint_metric=macro_auc) [new best]
2026-09-17 20:00:17,104 INFO train epoch 8/100 batch 13/66 (20%) running_loss=0.9426
2026-09-17 20:00:18,957 INFO train epoch 8/100 batch 26/66 (39%) running_loss=0.9343
2026-09-17 20:00:20,800 INFO train epoch 8/100 batch 39/66 (59%) running_loss=0.9325
2026-09-17 20:00:22,629 INFO train epoch 8/100 batch 52/66 (79%) running_loss=0.9267
2026-09-17 20:00:24,444 INFO train epoch 8/100 batch 65/66 (98%) running_loss=0.9181
2026-09-17 20:00:24,589 INFO train epoch 8/100 batch 66/66 (100%) running_loss=0.9169
2026-09-17 20:00:27,005 INFO epoch 8/100 done: train_loss=0.9169 val_loss=0.8045 val_accuracy=0.7172 val_macro_f1=0.5736 val_macro_auc=0.8254 (checkpoint_metric=macro_auc) [new best]
2026-09-17 20:00:29,383 INFO train epoch 9/100 batch 13/66 (20%) running_loss=0.9183
2026-09-17 20:00:31,240 INFO train epoch 9/100 batch 26/66 (39%) running_loss=0.8922
2026-09-17 20:00:33,071 INFO train epoch 9/100 batch 39/66 (59%) running_loss=0.8839
2026-09-17 20:00:34,959 INFO train epoch 9/100 batch 52/66 (79%) running_loss=0.8726
2026-09-17 20:00:36,826 INFO train epoch 9/100 batch 65/66 (98%) running_loss=0.8705
2026-09-17 20:00:36,970 INFO train epoch 9/100 batch 66/66 (100%) running_loss=0.8696
2026-09-17 20:00:39,389 INFO epoch 9/100 done: train_loss=0.8696 val_loss=0.7394 val_accuracy=0.7418 val_macro_f1=0.6139 val_macro_auc=0.8555 (checkpoint_metric=macro_auc) [new best]
2026-09-17 20:00:41,886 INFO train epoch 10/100 batch 13/66 (20%) running_loss=0.8089
2026-09-17 20:00:43,766 INFO train epoch 10/100 batch 26/66 (39%) running_loss=0.8074
2026-09-17 20:00:45,679 INFO train epoch 10/100 batch 39/66 (59%) running_loss=0.8109
2026-09-17 20:00:47,593 INFO train epoch 10/100 batch 52/66 (79%) running_loss=0.8181
2026-09-17 20:00:49,454 INFO train epoch 10/100 batch 65/66 (98%) running_loss=0.8225
2026-09-17 20:00:49,600 INFO train epoch 10/100 batch 66/66 (100%) running_loss=0.8214
2026-09-17 20:00:51,974 INFO epoch 10/100 done: train_loss=0.8214 val_loss=0.6490 val_accuracy=0.7684 val_macro_f1=0.6292 val_macro_auc=0.8929 (checkpoint_metric=macro_auc) [new best]
2026-09-17 20:00:54,450 INFO train epoch 11/100 batch 13/66 (20%) running_loss=0.8030
2026-09-17 20:00:56,429 INFO train epoch 11/100 batch 26/66 (39%) running_loss=0.7877
2026-09-17 20:00:58,336 INFO train epoch 11/100 batch 39/66 (59%) running_loss=0.7773
2026-09-17 20:01:00,260 INFO train epoch 11/100 batch 52/66 (79%) running_loss=0.7824
2026-09-17 20:01:02,131 INFO train epoch 11/100 batch 65/66 (98%) running_loss=0.7765
2026-09-17 20:01:02,280 INFO train epoch 11/100 batch 66/66 (100%) running_loss=0.7757
2026-09-17 20:01:04,711 INFO epoch 11/100 done: train_loss=0.7757 val_loss=0.5773 val_accuracy=0.7971 val_macro_f1=0.6717 val_macro_auc=0.9131 (checkpoint_metric=macro_auc) [new best]
2026-09-17 20:01:07,274 INFO train epoch 12/100 batch 13/66 (20%) running_loss=0.7904
2026-09-17 20:01:09,208 INFO train epoch 12/100 batch 26/66 (39%) running_loss=0.7667
2026-09-17 20:01:11,119 INFO train epoch 12/100 batch 39/66 (59%) running_loss=0.7516
2026-09-17 20:01:13,012 INFO train epoch 12/100 batch 52/66 (79%) running_loss=0.7368
2026-09-17 20:01:14,890 INFO train epoch 12/100 batch 65/66 (98%) running_loss=0.7306
2026-09-17 20:01:15,037 INFO train epoch 12/100 batch 66/66 (100%) running_loss=0.7304
2026-09-17 20:01:17,484 INFO epoch 12/100 done: train_loss=0.7304 val_loss=0.5244 val_accuracy=0.8279 val_macro_f1=0.7345 val_macro_auc=0.9336 (checkpoint_metric=macro_auc) [new best]
2026-09-17 20:01:19,995 INFO train epoch 13/100 batch 13/66 (20%) running_loss=0.7187
2026-09-17 20:01:21,899 INFO train epoch 13/100 batch 26/66 (39%) running_loss=0.7172
2026-09-17 20:01:23,742 INFO train epoch 13/100 batch 39/66 (59%) running_loss=0.6949
2026-09-17 20:01:25,628 INFO train epoch 13/100 batch 52/66 (79%) running_loss=0.6977
2026-09-17 20:01:27,527 INFO train epoch 13/100 batch 65/66 (98%) running_loss=0.6978
2026-09-17 20:01:27,673 INFO train epoch 13/100 batch 66/66 (100%) running_loss=0.7002
2026-09-17 20:01:30,094 INFO epoch 13/100 done: train_loss=0.7002 val_loss=0.4704 val_accuracy=0.8484 val_macro_f1=0.7622 val_macro_auc=0.9424 (checkpoint_metric=macro_auc) [new best]
2026-09-17 20:01:32,545 INFO train epoch 14/100 batch 13/66 (20%) running_loss=0.6807
2026-09-17 20:01:34,516 INFO train epoch 14/100 batch 26/66 (39%) running_loss=0.6779
2026-09-17 20:01:36,421 INFO train epoch 14/100 batch 39/66 (59%) running_loss=0.6704
2026-09-17 20:01:38,320 INFO train epoch 14/100 batch 52/66 (79%) running_loss=0.6614
2026-09-17 20:01:40,192 INFO train epoch 14/100 batch 65/66 (98%) running_loss=0.6590
2026-09-17 20:01:40,336 INFO train epoch 14/100 batch 66/66 (100%) running_loss=0.6582
2026-09-17 20:01:43,199 INFO epoch 14/100 done: train_loss=0.6582 val_loss=0.4529 val_accuracy=0.8709 val_macro_f1=0.8198 val_macro_auc=0.9576 (checkpoint_metric=macro_auc) [new best]
2026-09-17 20:01:45,612 INFO train epoch 15/100 batch 13/66 (20%) running_loss=0.6012
2026-09-17 20:01:47,480 INFO train epoch 15/100 batch 26/66 (39%) running_loss=0.6048
2026-09-17 20:01:49,618 INFO train epoch 15/100 batch 39/66 (59%) running_loss=0.5987
2026-09-17 20:01:51,699 INFO train epoch 15/100 batch 52/66 (79%) running_loss=0.6014
2026-09-17 20:01:53,581 INFO train epoch 15/100 batch 65/66 (98%) running_loss=0.6033
2026-09-17 20:01:53,728 INFO train epoch 15/100 batch 66/66 (100%) running_loss=0.6049
2026-09-17 20:01:56,491 INFO epoch 15/100 done: train_loss=0.6049 val_loss=0.3907 val_accuracy=0.8873 val_macro_f1=0.8468 val_macro_auc=0.9665 (checkpoint_metric=macro_auc) [new best]
2026-09-17 20:01:58,942 INFO train epoch 16/100 batch 13/66 (20%) running_loss=0.6270
2026-09-17 20:02:00,786 INFO train epoch 16/100 batch 26/66 (39%) running_loss=0.5910
2026-09-17 20:02:02,652 INFO train epoch 16/100 batch 39/66 (59%) running_loss=0.6016
2026-09-17 20:02:04,489 INFO train epoch 16/100 batch 52/66 (79%) running_loss=0.5959
2026-09-17 20:02:06,308 INFO train epoch 16/100 batch 65/66 (98%) running_loss=0.5897
2026-09-17 20:02:06,452 INFO train epoch 16/100 batch 66/66 (100%) running_loss=0.5885
2026-09-17 20:02:09,013 INFO epoch 16/100 done: train_loss=0.5885 val_loss=0.3229 val_accuracy=0.8996 val_macro_f1=0.8680 val_macro_auc=0.9785 (checkpoint_metric=macro_auc) [new best]
2026-09-17 20:02:11,413 INFO train epoch 17/100 batch 13/66 (20%) running_loss=0.5814
2026-09-17 20:02:13,290 INFO train epoch 17/100 batch 26/66 (39%) running_loss=0.5670
2026-09-17 20:02:15,167 INFO train epoch 17/100 batch 39/66 (59%) running_loss=0.5588
2026-09-17 20:02:17,039 INFO train epoch 17/100 batch 52/66 (79%) running_loss=0.5546
2026-09-17 20:02:18,903 INFO train epoch 17/100 batch 65/66 (98%) running_loss=0.5563
2026-09-17 20:02:19,054 INFO train epoch 17/100 batch 66/66 (100%) running_loss=0.5556
2026-09-17 20:02:21,453 INFO epoch 17/100 done: train_loss=0.5556 val_loss=0.3090 val_accuracy=0.9057 val_macro_f1=0.8716 val_macro_auc=0.9788 (checkpoint_metric=macro_auc) [new best]
2026-09-17 20:02:23,909 INFO train epoch 18/100 batch 13/66 (20%) running_loss=0.5131
2026-09-17 20:02:25,782 INFO train epoch 18/100 batch 26/66 (39%) running_loss=0.5210
2026-09-17 20:02:27,666 INFO train epoch 18/100 batch 39/66 (59%) running_loss=0.5264
2026-09-17 20:02:29,557 INFO train epoch 18/100 batch 52/66 (79%) running_loss=0.5254
2026-09-17 20:02:31,416 INFO train epoch 18/100 batch 65/66 (98%) running_loss=0.5237
2026-09-17 20:02:31,562 INFO train epoch 18/100 batch 66/66 (100%) running_loss=0.5235
2026-09-17 20:02:34,022 INFO epoch 18/100 done: train_loss=0.5235 val_loss=0.2930 val_accuracy=0.9037 val_macro_f1=0.8698 val_macro_auc=0.9795 (checkpoint_metric=macro_auc) [new best]
2026-09-17 20:02:36,493 INFO train epoch 19/100 batch 13/66 (20%) running_loss=0.5232
2026-09-17 20:02:38,430 INFO train epoch 19/100 batch 26/66 (39%) running_loss=0.5129
2026-09-17 20:02:40,375 INFO train epoch 19/100 batch 39/66 (59%) running_loss=0.4983
2026-09-17 20:02:42,238 INFO train epoch 19/100 batch 52/66 (79%) running_loss=0.4971
2026-09-17 20:02:44,101 INFO train epoch 19/100 batch 65/66 (98%) running_loss=0.4956
2026-09-17 20:02:44,249 INFO train epoch 19/100 batch 66/66 (100%) running_loss=0.4953
2026-09-17 20:02:46,667 INFO epoch 19/100 done: train_loss=0.4953 val_loss=0.2931 val_accuracy=0.9016 val_macro_f1=0.8703 val_macro_auc=0.9816 (checkpoint_metric=macro_auc) [new best]
2026-09-17 20:02:49,023 INFO train epoch 20/100 batch 13/66 (20%) running_loss=0.4870
2026-09-17 20:02:50,844 INFO train epoch 20/100 batch 26/66 (39%) running_loss=0.4962
2026-09-17 20:02:52,703 INFO train epoch 20/100 batch 39/66 (59%) running_loss=0.4878
2026-09-17 20:02:54,648 INFO train epoch 20/100 batch 52/66 (79%) running_loss=0.4994
2026-09-17 20:02:56,520 INFO train epoch 20/100 batch 65/66 (98%) running_loss=0.4940
2026-09-17 20:02:56,671 INFO train epoch 20/100 batch 66/66 (100%) running_loss=0.4933
2026-09-17 20:02:59,054 INFO epoch 20/100 done: train_loss=0.4933 val_loss=0.2671 val_accuracy=0.9139 val_macro_f1=0.8804 val_macro_auc=0.9827 (checkpoint_metric=macro_auc) [new best]
2026-09-17 20:03:01,620 INFO train epoch 21/100 batch 13/66 (20%) running_loss=0.4643
2026-09-17 20:03:03,562 INFO train epoch 21/100 batch 26/66 (39%) running_loss=0.4542
2026-09-17 20:03:05,507 INFO train epoch 21/100 batch 39/66 (59%) running_loss=0.4667
2026-09-17 20:03:07,431 INFO train epoch 21/100 batch 52/66 (79%) running_loss=0.4599
2026-09-17 20:03:09,308 INFO train epoch 21/100 batch 65/66 (98%) running_loss=0.4644
2026-09-17 20:03:09,455 INFO train epoch 21/100 batch 66/66 (100%) running_loss=0.4649
2026-09-17 20:03:11,841 INFO epoch 21/100 done: train_loss=0.4649 val_loss=0.3125 val_accuracy=0.9037 val_macro_f1=0.8762 val_macro_auc=0.9827 (checkpoint_metric=macro_auc) [new best]
2026-09-17 20:03:14,199 INFO train epoch 22/100 batch 13/66 (20%) running_loss=0.4605
2026-09-17 20:03:16,067 INFO train epoch 22/100 batch 26/66 (39%) running_loss=0.4694
2026-09-17 20:03:17,933 INFO train epoch 22/100 batch 39/66 (59%) running_loss=0.4590
2026-09-17 20:03:19,836 INFO train epoch 22/100 batch 52/66 (79%) running_loss=0.4538
2026-09-17 20:03:21,720 INFO train epoch 22/100 batch 65/66 (98%) running_loss=0.4606
2026-09-17 20:03:21,866 INFO train epoch 22/100 batch 66/66 (100%) running_loss=0.4591
2026-09-17 20:03:24,325 INFO epoch 22/100 done: train_loss=0.4591 val_loss=0.2867 val_accuracy=0.9078 val_macro_f1=0.8798 val_macro_auc=0.9842 (checkpoint_metric=macro_auc) [new best]
2026-09-17 20:03:26,773 INFO train epoch 23/100 batch 13/66 (20%) running_loss=0.4453
2026-09-17 20:03:28,674 INFO train epoch 23/100 batch 26/66 (39%) running_loss=0.4433
2026-09-17 20:03:30,579 INFO train epoch 23/100 batch 39/66 (59%) running_loss=0.4406
2026-09-17 20:03:32,469 INFO train epoch 23/100 batch 52/66 (79%) running_loss=0.4383
2026-09-17 20:03:34,317 INFO train epoch 23/100 batch 65/66 (98%) running_loss=0.4411
2026-09-17 20:03:34,463 INFO train epoch 23/100 batch 66/66 (100%) running_loss=0.4405
2026-09-17 20:03:36,837 INFO epoch 23/100 done: train_loss=0.4405 val_loss=0.2539 val_accuracy=0.9303 val_macro_f1=0.9060 val_macro_auc=0.9869 (checkpoint_metric=macro_auc) [new best]
2026-09-17 20:03:39,367 INFO train epoch 24/100 batch 13/66 (20%) running_loss=0.4423
2026-09-17 20:03:41,269 INFO train epoch 24/100 batch 26/66 (39%) running_loss=0.4353
2026-09-17 20:03:43,225 INFO train epoch 24/100 batch 39/66 (59%) running_loss=0.4317
2026-09-17 20:03:45,157 INFO train epoch 24/100 batch 52/66 (79%) running_loss=0.4223
2026-09-17 20:03:47,012 INFO train epoch 24/100 batch 65/66 (98%) running_loss=0.4290
2026-09-17 20:03:47,157 INFO train epoch 24/100 batch 66/66 (100%) running_loss=0.4292
2026-09-17 20:03:49,509 INFO epoch 24/100 done: train_loss=0.4292 val_loss=0.2637 val_accuracy=0.9262 val_macro_f1=0.8988 val_macro_auc=0.9835 (checkpoint_metric=macro_auc) [new best]
2026-09-17 20:03:51,863 INFO train epoch 25/100 batch 13/66 (20%) running_loss=0.4058
2026-09-17 20:03:53,720 INFO train epoch 25/100 batch 26/66 (39%) running_loss=0.4003
2026-09-17 20:03:55,596 INFO train epoch 25/100 batch 39/66 (59%) running_loss=0.3981
2026-09-17 20:03:57,485 INFO train epoch 25/100 batch 52/66 (79%) running_loss=0.3991
2026-09-17 20:03:59,334 INFO train epoch 25/100 batch 65/66 (98%) running_loss=0.3965
2026-09-17 20:03:59,478 INFO train epoch 25/100 batch 66/66 (100%) running_loss=0.3963
2026-09-17 20:04:01,902 INFO epoch 25/100 done: train_loss=0.3963 val_loss=0.2422 val_accuracy=0.9324 val_macro_f1=0.9055 val_macro_auc=0.9842 (checkpoint_metric=macro_auc) [new best]
2026-09-17 20:04:04,321 INFO train epoch 26/100 batch 13/66 (20%) running_loss=0.3937
2026-09-17 20:04:06,231 INFO train epoch 26/100 batch 26/66 (39%) running_loss=0.3850
2026-09-17 20:04:08,307 INFO train epoch 26/100 batch 39/66 (59%) running_loss=0.3897
2026-09-17 20:04:10,179 INFO train epoch 26/100 batch 52/66 (79%) running_loss=0.3921
2026-09-17 20:04:12,116 INFO train epoch 26/100 batch 65/66 (98%) running_loss=0.3915
2026-09-17 20:04:12,264 INFO train epoch 26/100 batch 66/66 (100%) running_loss=0.3919
2026-09-17 20:04:13,542 INFO epoch 26/100 done: train_loss=0.3919 val_loss=0.2357 val_accuracy=0.9344 val_macro_f1=0.9100 val_macro_auc=0.9856 (checkpoint_metric=macro_auc)
2026-09-17 20:04:15,994 INFO train epoch 27/100 batch 13/66 (20%) running_loss=0.3823
2026-09-17 20:04:17,873 INFO train epoch 27/100 batch 26/66 (39%) running_loss=0.3918
2026-09-17 20:04:19,741 INFO train epoch 27/100 batch 39/66 (59%) running_loss=0.3869
2026-09-17 20:04:21,636 INFO train epoch 27/100 batch 52/66 (79%) running_loss=0.3905
2026-09-17 20:04:23,492 INFO train epoch 27/100 batch 65/66 (98%) running_loss=0.3825
2026-09-17 20:04:23,643 INFO train epoch 27/100 batch 66/66 (100%) running_loss=0.3821
2026-09-17 20:04:24,931 INFO epoch 27/100 done: train_loss=0.3821 val_loss=0.2402 val_accuracy=0.9303 val_macro_f1=0.9043 val_macro_auc=0.9816 (checkpoint_metric=macro_auc)
2026-09-17 20:04:27,353 INFO train epoch 28/100 batch 13/66 (20%) running_loss=0.3802
2026-09-17 20:04:29,250 INFO train epoch 28/100 batch 26/66 (39%) running_loss=0.3807
2026-09-17 20:04:31,123 INFO train epoch 28/100 batch 39/66 (59%) running_loss=0.3731
2026-09-17 20:04:33,012 INFO train epoch 28/100 batch 52/66 (79%) running_loss=0.3725
2026-09-17 20:04:34,917 INFO train epoch 28/100 batch 65/66 (98%) running_loss=0.3708
2026-09-17 20:04:35,063 INFO train epoch 28/100 batch 66/66 (100%) running_loss=0.3725
2026-09-17 20:04:36,299 INFO epoch 28/100 done: train_loss=0.3725 val_loss=0.2570 val_accuracy=0.9365 val_macro_f1=0.9107 val_macro_auc=0.9780 (checkpoint_metric=macro_auc)
2026-09-17 20:04:38,633 INFO train epoch 29/100 batch 13/66 (20%) running_loss=0.3579
2026-09-17 20:04:40,541 INFO train epoch 29/100 batch 26/66 (39%) running_loss=0.3601
2026-09-17 20:04:42,392 INFO train epoch 29/100 batch 39/66 (59%) running_loss=0.3570
2026-09-17 20:04:44,264 INFO train epoch 29/100 batch 52/66 (79%) running_loss=0.3576
2026-09-17 20:04:46,104 INFO train epoch 29/100 batch 65/66 (98%) running_loss=0.3576
2026-09-17 20:04:46,252 INFO train epoch 29/100 batch 66/66 (100%) running_loss=0.3578
2026-09-17 20:04:47,503 INFO epoch 29/100 done: train_loss=0.3578 val_loss=0.2410 val_accuracy=0.9262 val_macro_f1=0.8995 val_macro_auc=0.9817 (checkpoint_metric=macro_auc)
2026-09-17 20:04:49,892 INFO train epoch 30/100 batch 13/66 (20%) running_loss=0.3691
2026-09-17 20:04:51,757 INFO train epoch 30/100 batch 26/66 (39%) running_loss=0.3621
2026-09-17 20:04:53,653 INFO train epoch 30/100 batch 39/66 (59%) running_loss=0.3612
2026-09-17 20:04:55,546 INFO train epoch 30/100 batch 52/66 (79%) running_loss=0.3632
2026-09-17 20:04:57,394 INFO train epoch 30/100 batch 65/66 (98%) running_loss=0.3602
2026-09-17 20:04:57,538 INFO train epoch 30/100 batch 66/66 (100%) running_loss=0.3599
2026-09-17 20:04:58,812 INFO epoch 30/100 done: train_loss=0.3599 val_loss=0.2265 val_accuracy=0.9344 val_macro_f1=0.9117 val_macro_auc=0.9837 (checkpoint_metric=macro_auc)
2026-09-17 20:05:01,234 INFO train epoch 31/100 batch 13/66 (20%) running_loss=0.3627
2026-09-17 20:05:03,103 INFO train epoch 31/100 batch 26/66 (39%) running_loss=0.3660
2026-09-17 20:05:05,047 INFO train epoch 31/100 batch 39/66 (59%) running_loss=0.3624
2026-09-17 20:05:06,936 INFO train epoch 31/100 batch 52/66 (79%) running_loss=0.3627
2026-09-17 20:05:08,834 INFO train epoch 31/100 batch 65/66 (98%) running_loss=0.3621
2026-09-17 20:05:08,984 INFO train epoch 31/100 batch 66/66 (100%) running_loss=0.3617
2026-09-17 20:05:10,200 INFO epoch 31/100 done: train_loss=0.3617 val_loss=0.2345 val_accuracy=0.9303 val_macro_f1=0.9058 val_macro_auc=0.9835 (checkpoint_metric=macro_auc)
2026-09-17 20:05:12,688 INFO train epoch 32/100 batch 13/66 (20%) running_loss=0.3448
2026-09-17 20:05:14,580 INFO train epoch 32/100 batch 26/66 (39%) running_loss=0.3474
2026-09-17 20:05:16,444 INFO train epoch 32/100 batch 39/66 (59%) running_loss=0.3500
2026-09-17 20:05:18,332 INFO train epoch 32/100 batch 52/66 (79%) running_loss=0.3526
2026-09-17 20:05:20,192 INFO train epoch 32/100 batch 65/66 (98%) running_loss=0.3516
2026-09-17 20:05:20,336 INFO train epoch 32/100 batch 66/66 (100%) running_loss=0.3522
2026-09-17 20:05:21,596 INFO epoch 32/100 done: train_loss=0.3522 val_loss=0.2145 val_accuracy=0.9467 val_macro_f1=0.9260 val_macro_auc=0.9829 (checkpoint_metric=macro_auc)
2026-09-17 20:05:23,993 INFO train epoch 33/100 batch 13/66 (20%) running_loss=0.3599
2026-09-17 20:05:25,890 INFO train epoch 33/100 batch 26/66 (39%) running_loss=0.3567
2026-09-17 20:05:27,785 INFO train epoch 33/100 batch 39/66 (59%) running_loss=0.3528
2026-09-17 20:05:29,692 INFO train epoch 33/100 batch 52/66 (79%) running_loss=0.3565
2026-09-17 20:05:31,576 INFO train epoch 33/100 batch 65/66 (98%) running_loss=0.3543
2026-09-17 20:05:31,720 INFO train epoch 33/100 batch 66/66 (100%) running_loss=0.3562
2026-09-17 20:05:32,950 INFO epoch 33/100 done: train_loss=0.3562 val_loss=0.2231 val_accuracy=0.9385 val_macro_f1=0.9158 val_macro_auc=0.9850 (checkpoint_metric=macro_auc)
2026-09-17 20:05:35,266 INFO train epoch 34/100 batch 13/66 (20%) running_loss=0.3484
2026-09-17 20:05:37,098 INFO train epoch 34/100 batch 26/66 (39%) running_loss=0.3455
2026-09-17 20:05:38,925 INFO train epoch 34/100 batch 39/66 (59%) running_loss=0.3461
2026-09-17 20:05:40,787 INFO train epoch 34/100 batch 52/66 (79%) running_loss=0.3462
2026-09-17 20:05:42,689 INFO train epoch 34/100 batch 65/66 (98%) running_loss=0.3462
2026-09-17 20:05:42,835 INFO train epoch 34/100 batch 66/66 (100%) running_loss=0.3458
2026-09-17 20:05:44,132 INFO epoch 34/100 done: train_loss=0.3458 val_loss=0.2214 val_accuracy=0.9365 val_macro_f1=0.9144 val_macro_auc=0.9860 (checkpoint_metric=macro_auc)
2026-09-17 20:05:46,622 INFO train epoch 35/100 batch 13/66 (20%) running_loss=0.3723
2026-09-17 20:05:48,512 INFO train epoch 35/100 batch 26/66 (39%) running_loss=0.3541
2026-09-17 20:05:50,366 INFO train epoch 35/100 batch 39/66 (59%) running_loss=0.3532
2026-09-17 20:05:52,204 INFO train epoch 35/100 batch 52/66 (79%) running_loss=0.3494
2026-09-17 20:05:54,090 INFO train epoch 35/100 batch 65/66 (98%) running_loss=0.3494
2026-09-17 20:05:54,238 INFO train epoch 35/100 batch 66/66 (100%) running_loss=0.3496
2026-09-17 20:05:55,524 INFO epoch 35/100 done: train_loss=0.3496 val_loss=0.2509 val_accuracy=0.9344 val_macro_f1=0.9114 val_macro_auc=0.9782 (checkpoint_metric=macro_auc)
2026-09-17 20:05:57,884 INFO train epoch 36/100 batch 13/66 (20%) running_loss=0.3417
2026-09-17 20:05:59,754 INFO train epoch 36/100 batch 26/66 (39%) running_loss=0.3453
2026-09-17 20:06:01,614 INFO train epoch 36/100 batch 39/66 (59%) running_loss=0.3418
2026-09-17 20:06:03,491 INFO train epoch 36/100 batch 52/66 (79%) running_loss=0.3430
2026-09-17 20:06:05,390 INFO train epoch 36/100 batch 65/66 (98%) running_loss=0.3440
2026-09-17 20:06:05,539 INFO train epoch 36/100 batch 66/66 (100%) running_loss=0.3436
2026-09-17 20:06:06,883 INFO epoch 36/100 done: train_loss=0.3436 val_loss=0.2340 val_accuracy=0.9324 val_macro_f1=0.9084 val_macro_auc=0.9822 (checkpoint_metric=macro_auc)
2026-09-17 20:06:09,341 INFO train epoch 37/100 batch 13/66 (20%) running_loss=0.3464
2026-09-17 20:06:11,240 INFO train epoch 37/100 batch 26/66 (39%) running_loss=0.3352
2026-09-17 20:06:13,116 INFO train epoch 37/100 batch 39/66 (59%) running_loss=0.3371
2026-09-17 20:06:15,043 INFO train epoch 37/100 batch 52/66 (79%) running_loss=0.3369
2026-09-17 20:06:16,923 INFO train epoch 37/100 batch 65/66 (98%) running_loss=0.3360
2026-09-17 20:06:17,068 INFO train epoch 37/100 batch 66/66 (100%) running_loss=0.3359
2026-09-17 20:06:18,345 INFO epoch 37/100 done: train_loss=0.3359 val_loss=0.2292 val_accuracy=0.9426 val_macro_f1=0.9209 val_macro_auc=0.9810 (checkpoint_metric=macro_auc)
2026-09-17 20:06:20,756 INFO train epoch 38/100 batch 13/66 (20%) running_loss=0.3545
2026-09-17 20:06:22,648 INFO train epoch 38/100 batch 26/66 (39%) running_loss=0.3526
2026-09-17 20:06:24,503 INFO train epoch 38/100 batch 39/66 (59%) running_loss=0.3480
2026-09-17 20:06:26,349 INFO train epoch 38/100 batch 52/66 (79%) running_loss=0.3486
2026-09-17 20:06:28,176 INFO train epoch 38/100 batch 65/66 (98%) running_loss=0.3470
2026-09-17 20:06:28,318 INFO train epoch 38/100 batch 66/66 (100%) running_loss=0.3467
2026-09-17 20:06:29,606 INFO epoch 38/100 done: train_loss=0.3467 val_loss=0.2391 val_accuracy=0.9324 val_macro_f1=0.9097 val_macro_auc=0.9801 (checkpoint_metric=macro_auc)
2026-09-17 20:06:32,114 INFO train epoch 39/100 batch 13/66 (20%) running_loss=0.3423
2026-09-17 20:06:34,040 INFO train epoch 39/100 batch 26/66 (39%) running_loss=0.3406
2026-09-17 20:06:35,933 INFO train epoch 39/100 batch 39/66 (59%) running_loss=0.3423
2026-09-17 20:06:37,828 INFO train epoch 39/100 batch 52/66 (79%) running_loss=0.3437
2026-09-17 20:06:39,704 INFO train epoch 39/100 batch 65/66 (98%) running_loss=0.3429
2026-09-17 20:06:39,849 INFO train epoch 39/100 batch 66/66 (100%) running_loss=0.3425
2026-09-17 20:06:41,106 INFO epoch 39/100 done: train_loss=0.3425 val_loss=0.2097 val_accuracy=0.9447 val_macro_f1=0.9226 val_macro_auc=0.9838 (checkpoint_metric=macro_auc)
2026-09-17 20:06:43,618 INFO train epoch 40/100 batch 13/66 (20%) running_loss=0.3439
2026-09-17 20:06:45,628 INFO train epoch 40/100 batch 26/66 (39%) running_loss=0.3401
2026-09-17 20:06:47,555 INFO train epoch 40/100 batch 39/66 (59%) running_loss=0.3373
2026-09-17 20:06:49,453 INFO train epoch 40/100 batch 52/66 (79%) running_loss=0.3366
2026-09-17 20:06:51,340 INFO train epoch 40/100 batch 65/66 (98%) running_loss=0.3388
2026-09-17 20:06:51,487 INFO train epoch 40/100 batch 66/66 (100%) running_loss=0.3388
2026-09-17 20:06:52,775 INFO epoch 40/100 done: train_loss=0.3388 val_loss=0.2368 val_accuracy=0.9406 val_macro_f1=0.9191 val_macro_auc=0.9803 (checkpoint_metric=macro_auc)
2026-09-17 20:06:55,267 INFO train epoch 41/100 batch 13/66 (20%) running_loss=0.3314
2026-09-17 20:06:57,184 INFO train epoch 41/100 batch 26/66 (39%) running_loss=0.3321
2026-09-17 20:06:59,079 INFO train epoch 41/100 batch 39/66 (59%) running_loss=0.3332
2026-09-17 20:07:00,922 INFO train epoch 41/100 batch 52/66 (79%) running_loss=0.3339
2026-09-17 20:07:02,753 INFO train epoch 41/100 batch 65/66 (98%) running_loss=0.3355
2026-09-17 20:07:02,897 INFO train epoch 41/100 batch 66/66 (100%) running_loss=0.3354
2026-09-17 20:07:04,184 INFO epoch 41/100 done: train_loss=0.3354 val_loss=0.2393 val_accuracy=0.9406 val_macro_f1=0.9178 val_macro_auc=0.9784 (checkpoint_metric=macro_auc)
2026-09-17 20:07:06,631 INFO train epoch 42/100 batch 13/66 (20%) running_loss=0.3202
2026-09-17 20:07:08,610 INFO train epoch 42/100 batch 26/66 (39%) running_loss=0.3321
2026-09-17 20:07:10,527 INFO train epoch 42/100 batch 39/66 (59%) running_loss=0.3355
2026-09-17 20:07:12,421 INFO train epoch 42/100 batch 52/66 (79%) running_loss=0.3339
2026-09-17 20:07:14,317 INFO train epoch 42/100 batch 65/66 (98%) running_loss=0.3327
2026-09-17 20:07:14,463 INFO train epoch 42/100 batch 66/66 (100%) running_loss=0.3325
2026-09-17 20:07:15,736 INFO epoch 42/100 done: train_loss=0.3325 val_loss=0.2287 val_accuracy=0.9447 val_macro_f1=0.9226 val_macro_auc=0.9777 (checkpoint_metric=macro_auc)
2026-09-17 20:07:18,164 INFO train epoch 43/100 batch 13/66 (20%) running_loss=0.3219
2026-09-17 20:07:20,013 INFO train epoch 43/100 batch 26/66 (39%) running_loss=0.3246
2026-09-17 20:07:21,863 INFO train epoch 43/100 batch 39/66 (59%) running_loss=0.3302
2026-09-17 20:07:23,698 INFO train epoch 43/100 batch 52/66 (79%) running_loss=0.3324
2026-09-17 20:07:25,502 INFO train epoch 43/100 batch 65/66 (98%) running_loss=0.3299
2026-09-17 20:07:25,646 INFO train epoch 43/100 batch 66/66 (100%) running_loss=0.3298
2026-09-17 20:07:26,955 INFO epoch 43/100 done: train_loss=0.3298 val_loss=0.2330 val_accuracy=0.9385 val_macro_f1=0.9164 val_macro_auc=0.9767 (checkpoint_metric=macro_auc)
2026-09-17 20:07:29,366 INFO train epoch 44/100 batch 13/66 (20%) running_loss=0.3221
2026-09-17 20:07:31,440 INFO train epoch 44/100 batch 26/66 (39%) running_loss=0.3190
2026-09-17 20:07:33,400 INFO train epoch 44/100 batch 39/66 (59%) running_loss=0.3250
2026-09-17 20:07:35,441 INFO train epoch 44/100 batch 52/66 (79%) running_loss=0.3276
2026-09-17 20:07:37,262 INFO train epoch 44/100 batch 65/66 (98%) running_loss=0.3280
2026-09-17 20:07:37,405 INFO train epoch 44/100 batch 66/66 (100%) running_loss=0.3280
2026-09-17 20:07:38,647 INFO epoch 44/100 done: train_loss=0.3280 val_loss=0.2334 val_accuracy=0.9406 val_macro_f1=0.9181 val_macro_auc=0.9764 (checkpoint_metric=macro_auc)
2026-09-17 20:07:41,098 INFO train epoch 45/100 batch 13/66 (20%) running_loss=0.3359
2026-09-17 20:07:42,980 INFO train epoch 45/100 batch 26/66 (39%) running_loss=0.3389
2026-09-17 20:07:44,878 INFO train epoch 45/100 batch 39/66 (59%) running_loss=0.3397
2026-09-17 20:07:46,768 INFO train epoch 45/100 batch 52/66 (79%) running_loss=0.3428
2026-09-17 20:07:48,639 INFO train epoch 45/100 batch 65/66 (98%) running_loss=0.3374
2026-09-17 20:07:48,784 INFO train epoch 45/100 batch 66/66 (100%) running_loss=0.3372
2026-09-17 20:07:50,084 INFO epoch 45/100 done: train_loss=0.3372 val_loss=0.2270 val_accuracy=0.9406 val_macro_f1=0.9185 val_macro_auc=0.9780 (checkpoint_metric=macro_auc)
2026-09-17 20:07:52,534 INFO train epoch 46/100 batch 13/66 (20%) running_loss=0.3358
2026-09-17 20:07:54,421 INFO train epoch 46/100 batch 26/66 (39%) running_loss=0.3248
2026-09-17 20:07:56,339 INFO train epoch 46/100 batch 39/66 (59%) running_loss=0.3210
2026-09-17 20:07:58,265 INFO train epoch 46/100 batch 52/66 (79%) running_loss=0.3234
2026-09-17 20:08:00,136 INFO train epoch 46/100 batch 65/66 (98%) running_loss=0.3224
2026-09-17 20:08:00,280 INFO train epoch 46/100 batch 66/66 (100%) running_loss=0.3221
2026-09-17 20:08:01,545 INFO epoch 46/100 done: train_loss=0.3221 val_loss=0.2201 val_accuracy=0.9426 val_macro_f1=0.9209 val_macro_auc=0.9781 (checkpoint_metric=macro_auc)
2026-09-17 20:08:03,908 INFO train epoch 47/100 batch 13/66 (20%) running_loss=0.3274
2026-09-17 20:08:05,756 INFO train epoch 47/100 batch 26/66 (39%) running_loss=0.3250
2026-09-17 20:08:07,663 INFO train epoch 47/100 batch 39/66 (59%) running_loss=0.3249
2026-09-17 20:08:09,597 INFO train epoch 47/100 batch 52/66 (79%) running_loss=0.3220
2026-09-17 20:08:11,495 INFO train epoch 47/100 batch 65/66 (98%) running_loss=0.3207
2026-09-17 20:08:11,641 INFO train epoch 47/100 batch 66/66 (100%) running_loss=0.3208
2026-09-17 20:08:12,923 INFO epoch 47/100 done: train_loss=0.3208 val_loss=0.2219 val_accuracy=0.9426 val_macro_f1=0.9209 val_macro_auc=0.9759 (checkpoint_metric=macro_auc)
2026-09-17 20:08:15,344 INFO train epoch 48/100 batch 13/66 (20%) running_loss=0.3256
2026-09-17 20:08:17,232 INFO train epoch 48/100 batch 26/66 (39%) running_loss=0.3309
2026-09-17 20:08:19,087 INFO train epoch 48/100 batch 39/66 (59%) running_loss=0.3278
2026-09-17 20:08:20,983 INFO train epoch 48/100 batch 52/66 (79%) running_loss=0.3281
2026-09-17 20:08:22,877 INFO train epoch 48/100 batch 65/66 (98%) running_loss=0.3313
2026-09-17 20:08:23,030 INFO train epoch 48/100 batch 66/66 (100%) running_loss=0.3313
2026-09-17 20:08:24,332 INFO epoch 48/100 done: train_loss=0.3313 val_loss=0.2265 val_accuracy=0.9406 val_macro_f1=0.9185 val_macro_auc=0.9767 (checkpoint_metric=macro_auc)
2026-09-17 20:08:26,749 INFO train epoch 49/100 batch 13/66 (20%) running_loss=0.3231
2026-09-17 20:08:28,604 INFO train epoch 49/100 batch 26/66 (39%) running_loss=0.3214
2026-09-17 20:08:30,481 INFO train epoch 49/100 batch 39/66 (59%) running_loss=0.3263
2026-09-17 20:08:32,384 INFO train epoch 49/100 batch 52/66 (79%) running_loss=0.3245
2026-09-17 20:08:34,233 INFO train epoch 49/100 batch 65/66 (98%) running_loss=0.3230
2026-09-17 20:08:34,378 INFO train epoch 49/100 batch 66/66 (100%) running_loss=0.3233
2026-09-17 20:08:35,653 INFO epoch 49/100 done: train_loss=0.3233 val_loss=0.2286 val_accuracy=0.9426 val_macro_f1=0.9209 val_macro_auc=0.9767 (checkpoint_metric=macro_auc)
2026-09-17 20:08:38,057 INFO train epoch 50/100 batch 13/66 (20%) running_loss=0.3208
2026-09-17 20:08:39,932 INFO train epoch 50/100 batch 26/66 (39%) running_loss=0.3223
2026-09-17 20:08:41,829 INFO train epoch 50/100 batch 39/66 (59%) running_loss=0.3238
2026-09-17 20:08:43,743 INFO train epoch 50/100 batch 52/66 (79%) running_loss=0.3223
2026-09-17 20:08:45,604 INFO train epoch 50/100 batch 65/66 (98%) running_loss=0.3223
2026-09-17 20:08:45,748 INFO train epoch 50/100 batch 66/66 (100%) running_loss=0.3222
2026-09-17 20:08:46,956 INFO epoch 50/100 done: train_loss=0.3222 val_loss=0.2271 val_accuracy=0.9385 val_macro_f1=0.9148 val_macro_auc=0.9760 (checkpoint_metric=macro_auc)
2026-09-17 20:08:49,369 INFO train epoch 51/100 batch 13/66 (20%) running_loss=0.3296
2026-09-17 20:08:51,232 INFO train epoch 51/100 batch 26/66 (39%) running_loss=0.3224
2026-09-17 20:08:53,087 INFO train epoch 51/100 batch 39/66 (59%) running_loss=0.3208
2026-09-17 20:08:54,949 INFO train epoch 51/100 batch 52/66 (79%) running_loss=0.3212
2026-09-17 20:08:56,773 INFO train epoch 51/100 batch 65/66 (98%) running_loss=0.3237
2026-09-17 20:08:56,916 INFO train epoch 51/100 batch 66/66 (100%) running_loss=0.3234
2026-09-17 20:08:58,241 INFO epoch 51/100 done: train_loss=0.3234 val_loss=0.2282 val_accuracy=0.9406 val_macro_f1=0.9185 val_macro_auc=0.9770 (checkpoint_metric=macro_auc)
2026-09-17 20:09:00,744 INFO train epoch 52/100 batch 13/66 (20%) running_loss=0.3232
2026-09-17 20:09:02,589 INFO train epoch 52/100 batch 26/66 (39%) running_loss=0.3223
2026-09-17 20:09:04,511 INFO train epoch 52/100 batch 39/66 (59%) running_loss=0.3248
2026-09-17 20:09:06,404 INFO train epoch 52/100 batch 52/66 (79%) running_loss=0.3288
2026-09-17 20:09:08,319 INFO train epoch 52/100 batch 65/66 (98%) running_loss=0.3296
2026-09-17 20:09:08,463 INFO train epoch 52/100 batch 66/66 (100%) running_loss=0.3295
2026-09-17 20:09:09,680 INFO epoch 52/100 done: train_loss=0.3295 val_loss=0.2265 val_accuracy=0.9406 val_macro_f1=0.9185 val_macro_auc=0.9762 (checkpoint_metric=macro_auc)
2026-09-17 20:09:12,073 INFO train epoch 53/100 batch 13/66 (20%) running_loss=0.3400
2026-09-17 20:09:13,984 INFO train epoch 53/100 batch 26/66 (39%) running_loss=0.3341
2026-09-17 20:09:15,886 INFO train epoch 53/100 batch 39/66 (59%) running_loss=0.3267
2026-09-17 20:09:17,767 INFO train epoch 53/100 batch 52/66 (79%) running_loss=0.3253
2026-09-17 20:09:19,649 INFO train epoch 53/100 batch 65/66 (98%) running_loss=0.3262
2026-09-17 20:09:19,802 INFO train epoch 53/100 batch 66/66 (100%) running_loss=0.3261
2026-09-17 20:09:21,101 INFO epoch 53/100 done: train_loss=0.3261 val_loss=0.2229 val_accuracy=0.9406 val_macro_f1=0.9185 val_macro_auc=0.9760 (checkpoint_metric=macro_auc)
2026-09-17 20:09:23,523 INFO train epoch 54/100 batch 13/66 (20%) running_loss=0.3160
2026-09-17 20:09:25,374 INFO train epoch 54/100 batch 26/66 (39%) running_loss=0.3200
2026-09-17 20:09:27,216 INFO train epoch 54/100 batch 39/66 (59%) running_loss=0.3209
2026-09-17 20:09:29,093 INFO train epoch 54/100 batch 52/66 (79%) running_loss=0.3224
2026-09-17 20:09:30,993 INFO train epoch 54/100 batch 65/66 (98%) running_loss=0.3238
2026-09-17 20:09:31,139 INFO train epoch 54/100 batch 66/66 (100%) running_loss=0.3242
2026-09-17 20:09:32,381 INFO epoch 54/100 done: train_loss=0.3242 val_loss=0.2266 val_accuracy=0.9406 val_macro_f1=0.9185 val_macro_auc=0.9767 (checkpoint_metric=macro_auc)
2026-09-17 20:09:34,776 INFO train epoch 55/100 batch 13/66 (20%) running_loss=0.3211
2026-09-17 20:09:36,623 INFO train epoch 55/100 batch 26/66 (39%) running_loss=0.3250
2026-09-17 20:09:38,468 INFO train epoch 55/100 batch 39/66 (59%) running_loss=0.3265
2026-09-17 20:09:40,408 INFO train epoch 55/100 batch 52/66 (79%) running_loss=0.3225
2026-09-17 20:09:42,259 INFO train epoch 55/100 batch 65/66 (98%) running_loss=0.3221
2026-09-17 20:09:42,404 INFO train epoch 55/100 batch 66/66 (100%) running_loss=0.3220
2026-09-17 20:09:43,657 INFO epoch 55/100 done: train_loss=0.3220 val_loss=0.2263 val_accuracy=0.9406 val_macro_f1=0.9185 val_macro_auc=0.9782 (checkpoint_metric=macro_auc)
2026-09-17 20:09:46,056 INFO train epoch 56/100 batch 13/66 (20%) running_loss=0.3158
2026-09-17 20:09:47,965 INFO train epoch 56/100 batch 26/66 (39%) running_loss=0.3173
2026-09-17 20:09:49,813 INFO train epoch 56/100 batch 39/66 (59%) running_loss=0.3183
2026-09-17 20:09:51,674 INFO train epoch 56/100 batch 52/66 (79%) running_loss=0.3169
2026-09-17 20:09:53,518 INFO train epoch 56/100 batch 65/66 (98%) running_loss=0.3169
2026-09-17 20:09:53,666 INFO train epoch 56/100 batch 66/66 (100%) running_loss=0.3170
2026-09-17 20:09:54,975 INFO epoch 56/100 done: train_loss=0.3170 val_loss=0.2205 val_accuracy=0.9426 val_macro_f1=0.9209 val_macro_auc=0.9784 (checkpoint_metric=macro_auc)
2026-09-17 20:09:57,289 INFO train epoch 57/100 batch 13/66 (20%) running_loss=0.3167
2026-09-17 20:09:59,143 INFO train epoch 57/100 batch 26/66 (39%) running_loss=0.3161
2026-09-17 20:10:01,014 INFO train epoch 57/100 batch 39/66 (59%) running_loss=0.3172
2026-09-17 20:10:02,882 INFO train epoch 57/100 batch 52/66 (79%) running_loss=0.3219
2026-09-17 20:10:04,736 INFO train epoch 57/100 batch 65/66 (98%) running_loss=0.3214
2026-09-17 20:10:04,881 INFO train epoch 57/100 batch 66/66 (100%) running_loss=0.3214
2026-09-17 20:10:06,180 INFO epoch 57/100 done: train_loss=0.3214 val_loss=0.2259 val_accuracy=0.9426 val_macro_f1=0.9209 val_macro_auc=0.9779 (checkpoint_metric=macro_auc)
2026-09-17 20:10:08,630 INFO train epoch 58/100 batch 13/66 (20%) running_loss=0.3195
2026-09-17 20:10:10,464 INFO train epoch 58/100 batch 26/66 (39%) running_loss=0.3199
2026-09-17 20:10:12,278 INFO train epoch 58/100 batch 39/66 (59%) running_loss=0.3230
2026-09-17 20:10:14,103 INFO train epoch 58/100 batch 52/66 (79%) running_loss=0.3238
2026-09-17 20:10:15,945 INFO train epoch 58/100 batch 65/66 (98%) running_loss=0.3279
2026-09-17 20:10:16,091 INFO train epoch 58/100 batch 66/66 (100%) running_loss=0.3278
2026-09-17 20:10:17,364 INFO epoch 58/100 done: train_loss=0.3278 val_loss=0.2201 val_accuracy=0.9426 val_macro_f1=0.9209 val_macro_auc=0.9789 (checkpoint_metric=macro_auc)
2026-09-17 20:10:19,888 INFO train epoch 59/100 batch 13/66 (20%) running_loss=0.3102
2026-09-17 20:10:21,777 INFO train epoch 59/100 batch 26/66 (39%) running_loss=0.3138
2026-09-17 20:10:23,634 INFO train epoch 59/100 batch 39/66 (59%) running_loss=0.3151
2026-09-17 20:10:25,491 INFO train epoch 59/100 batch 52/66 (79%) running_loss=0.3148
2026-09-17 20:10:27,333 INFO train epoch 59/100 batch 65/66 (98%) running_loss=0.3145
2026-09-17 20:10:27,479 INFO train epoch 59/100 batch 66/66 (100%) running_loss=0.3144
2026-09-17 20:10:28,769 INFO epoch 59/100 done: train_loss=0.3144 val_loss=0.2133 val_accuracy=0.9426 val_macro_f1=0.9209 val_macro_auc=0.9806 (checkpoint_metric=macro_auc)
2026-09-17 20:10:31,205 INFO train epoch 60/100 batch 13/66 (20%) running_loss=0.3245
2026-09-17 20:10:33,055 INFO train epoch 60/100 batch 26/66 (39%) running_loss=0.3222
2026-09-17 20:10:34,927 INFO train epoch 60/100 batch 39/66 (59%) running_loss=0.3191
2026-09-17 20:10:36,838 INFO train epoch 60/100 batch 52/66 (79%) running_loss=0.3210
2026-09-17 20:10:38,734 INFO train epoch 60/100 batch 65/66 (98%) running_loss=0.3202
2026-09-17 20:10:38,879 INFO train epoch 60/100 batch 66/66 (100%) running_loss=0.3201
2026-09-17 20:10:40,100 INFO epoch 60/100 done: train_loss=0.3201 val_loss=0.2178 val_accuracy=0.9406 val_macro_f1=0.9185 val_macro_auc=0.9792 (checkpoint_metric=macro_auc)
2026-09-17 20:10:42,517 INFO train epoch 61/100 batch 13/66 (20%) running_loss=0.3256
2026-09-17 20:10:44,378 INFO train epoch 61/100 batch 26/66 (39%) running_loss=0.3208
2026-09-17 20:10:46,219 INFO train epoch 61/100 batch 39/66 (59%) running_loss=0.3220
2026-09-17 20:10:48,100 INFO train epoch 61/100 batch 52/66 (79%) running_loss=0.3201
2026-09-17 20:10:49,932 INFO train epoch 61/100 batch 65/66 (98%) running_loss=0.3197
2026-09-17 20:10:50,078 INFO train epoch 61/100 batch 66/66 (100%) running_loss=0.3195
2026-09-17 20:10:51,315 INFO epoch 61/100 done: train_loss=0.3195 val_loss=0.2329 val_accuracy=0.9406 val_macro_f1=0.9185 val_macro_auc=0.9774 (checkpoint_metric=macro_auc)
2026-09-17 20:10:53,828 INFO train epoch 62/100 batch 13/66 (20%) running_loss=0.3181
2026-09-17 20:10:55,675 INFO train epoch 62/100 batch 26/66 (39%) running_loss=0.3201
2026-09-17 20:10:57,534 INFO train epoch 62/100 batch 39/66 (59%) running_loss=0.3206
2026-09-17 20:10:59,412 INFO train epoch 62/100 batch 52/66 (79%) running_loss=0.3189
2026-09-17 20:11:01,271 INFO train epoch 62/100 batch 65/66 (98%) running_loss=0.3198
2026-09-17 20:11:01,418 INFO train epoch 62/100 batch 66/66 (100%) running_loss=0.3199
2026-09-17 20:11:02,639 INFO epoch 62/100 done: train_loss=0.3199 val_loss=0.2159 val_accuracy=0.9406 val_macro_f1=0.9171 val_macro_auc=0.9802 (checkpoint_metric=macro_auc)
2026-09-17 20:11:05,028 INFO train epoch 63/100 batch 13/66 (20%) running_loss=0.3213
2026-09-17 20:11:06,877 INFO train epoch 63/100 batch 26/66 (39%) running_loss=0.3185
2026-09-17 20:11:08,755 INFO train epoch 63/100 batch 39/66 (59%) running_loss=0.3187
2026-09-17 20:11:10,662 INFO train epoch 63/100 batch 52/66 (79%) running_loss=0.3177
2026-09-17 20:11:12,546 INFO train epoch 63/100 batch 65/66 (98%) running_loss=0.3170
2026-09-17 20:11:12,698 INFO train epoch 63/100 batch 66/66 (100%) running_loss=0.3171
2026-09-17 20:11:14,000 INFO epoch 63/100 done: train_loss=0.3171 val_loss=0.2223 val_accuracy=0.9406 val_macro_f1=0.9178 val_macro_auc=0.9784 (checkpoint_metric=macro_auc)
2026-09-17 20:11:16,446 INFO train epoch 64/100 batch 13/66 (20%) running_loss=0.3148
2026-09-17 20:11:18,312 INFO train epoch 64/100 batch 26/66 (39%) running_loss=0.3167
2026-09-17 20:11:20,246 INFO train epoch 64/100 batch 39/66 (59%) running_loss=0.3134
2026-09-17 20:11:22,164 INFO train epoch 64/100 batch 52/66 (79%) running_loss=0.3129
2026-09-17 20:11:24,060 INFO train epoch 64/100 batch 65/66 (98%) running_loss=0.3134
2026-09-17 20:11:24,206 INFO train epoch 64/100 batch 66/66 (100%) running_loss=0.3138
2026-09-17 20:11:25,472 INFO epoch 64/100 done: train_loss=0.3138 val_loss=0.2294 val_accuracy=0.9426 val_macro_f1=0.9209 val_macro_auc=0.9779 (checkpoint_metric=macro_auc)
2026-09-17 20:11:27,965 INFO train epoch 65/100 batch 13/66 (20%) running_loss=0.3259
2026-09-17 20:11:29,831 INFO train epoch 65/100 batch 26/66 (39%) running_loss=0.3205
2026-09-17 20:11:31,695 INFO train epoch 65/100 batch 39/66 (59%) running_loss=0.3220
2026-09-17 20:11:33,571 INFO train epoch 65/100 batch 52/66 (79%) running_loss=0.3219
2026-09-17 20:11:35,415 INFO train epoch 65/100 batch 65/66 (98%) running_loss=0.3214
2026-09-17 20:11:35,564 INFO train epoch 65/100 batch 66/66 (100%) running_loss=0.3225
2026-09-17 20:11:36,845 INFO epoch 65/100 done: train_loss=0.3225 val_loss=0.2274 val_accuracy=0.9426 val_macro_f1=0.9209 val_macro_auc=0.9794 (checkpoint_metric=macro_auc)
2026-09-17 20:11:39,241 INFO train epoch 66/100 batch 13/66 (20%) running_loss=0.3331
2026-09-17 20:11:41,096 INFO train epoch 66/100 batch 26/66 (39%) running_loss=0.3291
2026-09-17 20:11:42,962 INFO train epoch 66/100 batch 39/66 (59%) running_loss=0.3271
2026-09-17 20:11:44,863 INFO train epoch 66/100 batch 52/66 (79%) running_loss=0.3234
2026-09-17 20:11:46,763 INFO train epoch 66/100 batch 65/66 (98%) running_loss=0.3203
2026-09-17 20:11:46,912 INFO train epoch 66/100 batch 66/66 (100%) running_loss=0.3203
2026-09-17 20:11:48,300 INFO epoch 66/100 done: train_loss=0.3203 val_loss=0.2260 val_accuracy=0.9426 val_macro_f1=0.9209 val_macro_auc=0.9793 (checkpoint_metric=macro_auc)
2026-09-17 20:11:50,807 INFO train epoch 67/100 batch 13/66 (20%) running_loss=0.3159
2026-09-17 20:11:52,828 INFO train epoch 67/100 batch 26/66 (39%) running_loss=0.3198
2026-09-17 20:11:54,742 INFO train epoch 67/100 batch 39/66 (59%) running_loss=0.3192
2026-09-17 20:11:56,613 INFO train epoch 67/100 batch 52/66 (79%) running_loss=0.3161
2026-09-17 20:11:58,495 INFO train epoch 67/100 batch 65/66 (98%) running_loss=0.3141
2026-09-17 20:11:58,651 INFO train epoch 67/100 batch 66/66 (100%) running_loss=0.3145
2026-09-17 20:11:59,907 INFO epoch 67/100 done: train_loss=0.3145 val_loss=0.2248 val_accuracy=0.9426 val_macro_f1=0.9209 val_macro_auc=0.9783 (checkpoint_metric=macro_auc)
2026-09-17 20:12:02,272 INFO train epoch 68/100 batch 13/66 (20%) running_loss=0.3109
2026-09-17 20:12:04,161 INFO train epoch 68/100 batch 26/66 (39%) running_loss=0.3124
2026-09-17 20:12:06,041 INFO train epoch 68/100 batch 39/66 (59%) running_loss=0.3128
2026-09-17 20:12:07,970 INFO train epoch 68/100 batch 52/66 (79%) running_loss=0.3120
2026-09-17 20:12:09,881 INFO train epoch 68/100 batch 65/66 (98%) running_loss=0.3123
2026-09-17 20:12:10,027 INFO train epoch 68/100 batch 66/66 (100%) running_loss=0.3122
2026-09-17 20:12:11,309 INFO epoch 68/100 done: train_loss=0.3122 val_loss=0.2203 val_accuracy=0.9406 val_macro_f1=0.9178 val_macro_auc=0.9779 (checkpoint_metric=macro_auc)
2026-09-17 20:12:13,650 INFO train epoch 69/100 batch 13/66 (20%) running_loss=0.3212
2026-09-17 20:12:15,528 INFO train epoch 69/100 batch 26/66 (39%) running_loss=0.3154
2026-09-17 20:12:17,401 INFO train epoch 69/100 batch 39/66 (59%) running_loss=0.3203
2026-09-17 20:12:19,321 INFO train epoch 69/100 batch 52/66 (79%) running_loss=0.3205
2026-09-17 20:12:21,182 INFO train epoch 69/100 batch 65/66 (98%) running_loss=0.3227
2026-09-17 20:12:21,325 INFO train epoch 69/100 batch 66/66 (100%) running_loss=0.3232
2026-09-17 20:12:22,589 INFO epoch 69/100 done: train_loss=0.3232 val_loss=0.2060 val_accuracy=0.9447 val_macro_f1=0.9223 val_macro_auc=0.9830 (checkpoint_metric=macro_auc)
2026-09-17 20:12:25,036 INFO train epoch 70/100 batch 13/66 (20%) running_loss=0.3074
2026-09-17 20:12:26,945 INFO train epoch 70/100 batch 26/66 (39%) running_loss=0.3078
2026-09-17 20:12:28,872 INFO train epoch 70/100 batch 39/66 (59%) running_loss=0.3127
2026-09-17 20:12:30,856 INFO train epoch 70/100 batch 52/66 (79%) running_loss=0.3124
2026-09-17 20:12:32,740 INFO train epoch 70/100 batch 65/66 (98%) running_loss=0.3123
2026-09-17 20:12:32,889 INFO train epoch 70/100 batch 66/66 (100%) running_loss=0.3126
2026-09-17 20:12:34,136 INFO epoch 70/100 done: train_loss=0.3126 val_loss=0.2198 val_accuracy=0.9426 val_macro_f1=0.9205 val_macro_auc=0.9790 (checkpoint_metric=macro_auc)
2026-09-17 20:12:36,545 INFO train epoch 71/100 batch 13/66 (20%) running_loss=0.3143
2026-09-17 20:12:38,398 INFO train epoch 71/100 batch 26/66 (39%) running_loss=0.3156
2026-09-17 20:12:40,343 INFO train epoch 71/100 batch 39/66 (59%) running_loss=0.3168
2026-09-17 20:12:42,222 INFO train epoch 71/100 batch 52/66 (79%) running_loss=0.3177
2026-09-17 20:12:44,073 INFO train epoch 71/100 batch 65/66 (98%) running_loss=0.3223
2026-09-17 20:12:44,220 INFO train epoch 71/100 batch 66/66 (100%) running_loss=0.3221
2026-09-17 20:12:45,448 INFO epoch 71/100 done: train_loss=0.3221 val_loss=0.2322 val_accuracy=0.9406 val_macro_f1=0.9185 val_macro_auc=0.9785 (checkpoint_metric=macro_auc)
2026-09-17 20:12:47,918 INFO train epoch 72/100 batch 13/66 (20%) running_loss=0.3195
2026-09-17 20:12:49,842 INFO train epoch 72/100 batch 26/66 (39%) running_loss=0.3148
2026-09-17 20:12:51,754 INFO train epoch 72/100 batch 39/66 (59%) running_loss=0.3170
2026-09-17 20:12:53,667 INFO train epoch 72/100 batch 52/66 (79%) running_loss=0.3180
2026-09-17 20:12:55,534 INFO train epoch 72/100 batch 65/66 (98%) running_loss=0.3170
2026-09-17 20:12:55,680 INFO train epoch 72/100 batch 66/66 (100%) running_loss=0.3168
2026-09-17 20:12:56,904 INFO epoch 72/100 done: train_loss=0.3168 val_loss=0.2124 val_accuracy=0.9426 val_macro_f1=0.9205 val_macro_auc=0.9814 (checkpoint_metric=macro_auc)
2026-09-17 20:12:59,309 INFO train epoch 73/100 batch 13/66 (20%) running_loss=0.3280
2026-09-17 20:13:01,215 INFO train epoch 73/100 batch 26/66 (39%) running_loss=0.3242
2026-09-17 20:13:03,092 INFO train epoch 73/100 batch 39/66 (59%) running_loss=0.3209
2026-09-17 20:13:04,955 INFO train epoch 73/100 batch 52/66 (79%) running_loss=0.3197
2026-09-17 20:13:06,812 INFO train epoch 73/100 batch 65/66 (98%) running_loss=0.3180
2026-09-17 20:13:06,959 INFO train epoch 73/100 batch 66/66 (100%) running_loss=0.3178
2026-09-17 20:13:08,248 INFO epoch 73/100 done: train_loss=0.3178 val_loss=0.2224 val_accuracy=0.9406 val_macro_f1=0.9181 val_macro_auc=0.9789 (checkpoint_metric=macro_auc)
2026-09-17 20:13:10,749 INFO train epoch 74/100 batch 13/66 (20%) running_loss=0.3160
2026-09-17 20:13:12,789 INFO train epoch 74/100 batch 26/66 (39%) running_loss=0.3172
2026-09-17 20:13:14,804 INFO train epoch 74/100 batch 39/66 (59%) running_loss=0.3167
2026-09-17 20:13:16,756 INFO train epoch 74/100 batch 52/66 (79%) running_loss=0.3178
2026-09-17 20:13:18,646 INFO train epoch 74/100 batch 65/66 (98%) running_loss=0.3162
2026-09-17 20:13:18,792 INFO train epoch 74/100 batch 66/66 (100%) running_loss=0.3163
2026-09-17 20:13:20,033 INFO epoch 74/100 done: train_loss=0.3163 val_loss=0.2183 val_accuracy=0.9447 val_macro_f1=0.9236 val_macro_auc=0.9791 (checkpoint_metric=macro_auc)
2026-09-17 20:13:22,351 INFO train epoch 75/100 batch 13/66 (20%) running_loss=0.3184
2026-09-17 20:13:24,196 INFO train epoch 75/100 batch 26/66 (39%) running_loss=0.3143
2026-09-17 20:13:26,048 INFO train epoch 75/100 batch 39/66 (59%) running_loss=0.3147
2026-09-17 20:13:27,936 INFO train epoch 75/100 batch 52/66 (79%) running_loss=0.3169
2026-09-17 20:13:29,835 INFO train epoch 75/100 batch 65/66 (98%) running_loss=0.3172
2026-09-17 20:13:29,984 INFO train epoch 75/100 batch 66/66 (100%) running_loss=0.3171
2026-09-17 20:13:31,231 INFO epoch 75/100 done: train_loss=0.3171 val_loss=0.2202 val_accuracy=0.9426 val_macro_f1=0.9205 val_macro_auc=0.9792 (checkpoint_metric=macro_auc)
2026-09-17 20:13:33,665 INFO train epoch 76/100 batch 13/66 (20%) running_loss=0.3175
2026-09-17 20:13:35,609 INFO train epoch 76/100 batch 26/66 (39%) running_loss=0.3172
2026-09-17 20:13:37,598 INFO train epoch 76/100 batch 39/66 (59%) running_loss=0.3186
2026-09-17 20:13:39,494 INFO train epoch 76/100 batch 52/66 (79%) running_loss=0.3174
2026-09-17 20:13:41,325 INFO train epoch 76/100 batch 65/66 (98%) running_loss=0.3168
2026-09-17 20:13:41,469 INFO train epoch 76/100 batch 66/66 (100%) running_loss=0.3169
2026-09-17 20:13:42,753 INFO epoch 76/100 done: train_loss=0.3169 val_loss=0.2243 val_accuracy=0.9426 val_macro_f1=0.9212 val_macro_auc=0.9798 (checkpoint_metric=macro_auc)
2026-09-17 20:13:45,076 INFO train epoch 77/100 batch 13/66 (20%) running_loss=0.3256
2026-09-17 20:13:46,913 INFO train epoch 77/100 batch 26/66 (39%) running_loss=0.3202
2026-09-17 20:13:48,822 INFO train epoch 77/100 batch 39/66 (59%) running_loss=0.3143
2026-09-17 20:13:50,706 INFO train epoch 77/100 batch 52/66 (79%) running_loss=0.3138
2026-09-17 20:13:52,555 INFO train epoch 77/100 batch 65/66 (98%) running_loss=0.3146
2026-09-17 20:13:52,702 INFO train epoch 77/100 batch 66/66 (100%) running_loss=0.3146
2026-09-17 20:13:53,968 INFO epoch 77/100 done: train_loss=0.3146 val_loss=0.2170 val_accuracy=0.9447 val_macro_f1=0.9236 val_macro_auc=0.9794 (checkpoint_metric=macro_auc)
2026-09-17 20:13:56,409 INFO train epoch 78/100 batch 13/66 (20%) running_loss=0.3199
2026-09-17 20:13:58,296 INFO train epoch 78/100 batch 26/66 (39%) running_loss=0.3174
2026-09-17 20:14:00,240 INFO train epoch 78/100 batch 39/66 (59%) running_loss=0.3144
2026-09-17 20:14:02,115 INFO train epoch 78/100 batch 52/66 (79%) running_loss=0.3124
2026-09-17 20:14:03,973 INFO train epoch 78/100 batch 65/66 (98%) running_loss=0.3129
2026-09-17 20:14:04,118 INFO train epoch 78/100 batch 66/66 (100%) running_loss=0.3136
2026-09-17 20:14:05,411 INFO epoch 78/100 done: train_loss=0.3136 val_loss=0.2175 val_accuracy=0.9447 val_macro_f1=0.9236 val_macro_auc=0.9801 (checkpoint_metric=macro_auc)
2026-09-17 20:14:07,818 INFO train epoch 79/100 batch 13/66 (20%) running_loss=0.3059
2026-09-17 20:14:09,707 INFO train epoch 79/100 batch 26/66 (39%) running_loss=0.3104
2026-09-17 20:14:11,565 INFO train epoch 79/100 batch 39/66 (59%) running_loss=0.3102
2026-09-17 20:14:13,426 INFO train epoch 79/100 batch 52/66 (79%) running_loss=0.3104
2026-09-17 20:14:15,279 INFO train epoch 79/100 batch 65/66 (98%) running_loss=0.3123
2026-09-17 20:14:15,426 INFO train epoch 79/100 batch 66/66 (100%) running_loss=0.3122
2026-09-17 20:14:16,708 INFO epoch 79/100 done: train_loss=0.3122 val_loss=0.2148 val_accuracy=0.9426 val_macro_f1=0.9205 val_macro_auc=0.9797 (checkpoint_metric=macro_auc)
2026-09-17 20:14:19,262 INFO train epoch 80/100 batch 13/66 (20%) running_loss=0.3146
2026-09-17 20:14:21,125 INFO train epoch 80/100 batch 26/66 (39%) running_loss=0.3184
2026-09-17 20:14:23,002 INFO train epoch 80/100 batch 39/66 (59%) running_loss=0.3177
2026-09-17 20:14:24,875 INFO train epoch 80/100 batch 52/66 (79%) running_loss=0.3162
2026-09-17 20:14:26,748 INFO train epoch 80/100 batch 65/66 (98%) running_loss=0.3151
2026-09-17 20:14:26,893 INFO train epoch 80/100 batch 66/66 (100%) running_loss=0.3152
2026-09-17 20:14:28,156 INFO epoch 80/100 done: train_loss=0.3152 val_loss=0.2062 val_accuracy=0.9406 val_macro_f1=0.9178 val_macro_auc=0.9803 (checkpoint_metric=macro_auc)
2026-09-17 20:14:30,610 INFO train epoch 81/100 batch 13/66 (20%) running_loss=0.3172
2026-09-17 20:14:32,474 INFO train epoch 81/100 batch 26/66 (39%) running_loss=0.3139
2026-09-17 20:14:34,340 INFO train epoch 81/100 batch 39/66 (59%) running_loss=0.3121
2026-09-17 20:14:36,186 INFO train epoch 81/100 batch 52/66 (79%) running_loss=0.3131
2026-09-17 20:14:38,025 INFO train epoch 81/100 batch 65/66 (98%) running_loss=0.3155
2026-09-17 20:14:38,172 INFO train epoch 81/100 batch 66/66 (100%) running_loss=0.3154
2026-09-17 20:14:39,437 INFO epoch 81/100 done: train_loss=0.3154 val_loss=0.2310 val_accuracy=0.9426 val_macro_f1=0.9212 val_macro_auc=0.9780 (checkpoint_metric=macro_auc)
2026-09-17 20:14:41,949 INFO train epoch 82/100 batch 13/66 (20%) running_loss=0.3255
2026-09-17 20:14:43,818 INFO train epoch 82/100 batch 26/66 (39%) running_loss=0.3200
2026-09-17 20:14:45,747 INFO train epoch 82/100 batch 39/66 (59%) running_loss=0.3195
2026-09-17 20:14:47,661 INFO train epoch 82/100 batch 52/66 (79%) running_loss=0.3172
2026-09-17 20:14:49,528 INFO train epoch 82/100 batch 65/66 (98%) running_loss=0.3172
2026-09-17 20:14:49,676 INFO train epoch 82/100 batch 66/66 (100%) running_loss=0.3172
2026-09-17 20:14:50,876 INFO epoch 82/100 done: train_loss=0.3172 val_loss=0.2101 val_accuracy=0.9406 val_macro_f1=0.9174 val_macro_auc=0.9802 (checkpoint_metric=macro_auc)
2026-09-17 20:14:53,305 INFO train epoch 83/100 batch 13/66 (20%) running_loss=0.3129
2026-09-17 20:14:55,208 INFO train epoch 83/100 batch 26/66 (39%) running_loss=0.3153
2026-09-17 20:14:57,138 INFO train epoch 83/100 batch 39/66 (59%) running_loss=0.3145
2026-09-17 20:14:59,047 INFO train epoch 83/100 batch 52/66 (79%) running_loss=0.3172
2026-09-17 20:15:00,915 INFO train epoch 83/100 batch 65/66 (98%) running_loss=0.3162
2026-09-17 20:15:01,060 INFO train epoch 83/100 batch 66/66 (100%) running_loss=0.3169
2026-09-17 20:15:02,337 INFO epoch 83/100 done: train_loss=0.3169 val_loss=0.2181 val_accuracy=0.9426 val_macro_f1=0.9209 val_macro_auc=0.9788 (checkpoint_metric=macro_auc)
2026-09-17 20:15:04,818 INFO train epoch 84/100 batch 13/66 (20%) running_loss=0.3099
2026-09-17 20:15:06,755 INFO train epoch 84/100 batch 26/66 (39%) running_loss=0.3136
2026-09-17 20:15:08,620 INFO train epoch 84/100 batch 39/66 (59%) running_loss=0.3134
2026-09-17 20:15:10,495 INFO train epoch 84/100 batch 52/66 (79%) running_loss=0.3120
2026-09-17 20:15:12,332 INFO train epoch 84/100 batch 65/66 (98%) running_loss=0.3125
2026-09-17 20:15:12,476 INFO train epoch 84/100 batch 66/66 (100%) running_loss=0.3124
2026-09-17 20:15:13,695 INFO epoch 84/100 done: train_loss=0.3124 val_loss=0.2255 val_accuracy=0.9385 val_macro_f1=0.9154 val_macro_auc=0.9784 (checkpoint_metric=macro_auc)
2026-09-17 20:15:16,112 INFO train epoch 85/100 batch 13/66 (20%) running_loss=0.3199
2026-09-17 20:15:17,963 INFO train epoch 85/100 batch 26/66 (39%) running_loss=0.3135
2026-09-17 20:15:19,907 INFO train epoch 85/100 batch 39/66 (59%) running_loss=0.3118
2026-09-17 20:15:21,812 INFO train epoch 85/100 batch 52/66 (79%) running_loss=0.3135
2026-09-17 20:15:23,722 INFO train epoch 85/100 batch 65/66 (98%) running_loss=0.3134
2026-09-17 20:15:23,868 INFO train epoch 85/100 batch 66/66 (100%) running_loss=0.3133
2026-09-17 20:15:25,108 INFO epoch 85/100 done: train_loss=0.3133 val_loss=0.2197 val_accuracy=0.9426 val_macro_f1=0.9212 val_macro_auc=0.9799 (checkpoint_metric=macro_auc)
2026-09-17 20:15:27,558 INFO train epoch 86/100 batch 13/66 (20%) running_loss=0.3094
2026-09-17 20:15:29,443 INFO train epoch 86/100 batch 26/66 (39%) running_loss=0.3186
2026-09-17 20:15:31,344 INFO train epoch 86/100 batch 39/66 (59%) running_loss=0.3196
2026-09-17 20:15:33,289 INFO train epoch 86/100 batch 52/66 (79%) running_loss=0.3196
2026-09-17 20:15:35,192 INFO train epoch 86/100 batch 65/66 (98%) running_loss=0.3180
2026-09-17 20:15:35,336 INFO train epoch 86/100 batch 66/66 (100%) running_loss=0.3179
2026-09-17 20:15:36,670 INFO epoch 86/100 done: train_loss=0.3179 val_loss=0.2235 val_accuracy=0.9426 val_macro_f1=0.9209 val_macro_auc=0.9786 (checkpoint_metric=macro_auc)
2026-09-17 20:15:39,096 INFO train epoch 87/100 batch 13/66 (20%) running_loss=0.3163
2026-09-17 20:15:40,978 INFO train epoch 87/100 batch 26/66 (39%) running_loss=0.3200
2026-09-17 20:15:42,882 INFO train epoch 87/100 batch 39/66 (59%) running_loss=0.3195
2026-09-17 20:15:44,775 INFO train epoch 87/100 batch 52/66 (79%) running_loss=0.3173
2026-09-17 20:15:46,600 INFO train epoch 87/100 batch 65/66 (98%) running_loss=0.3166
2026-09-17 20:15:46,744 INFO train epoch 87/100 batch 66/66 (100%) running_loss=0.3168
2026-09-17 20:15:47,946 INFO epoch 87/100 done: train_loss=0.3168 val_loss=0.2082 val_accuracy=0.9406 val_macro_f1=0.9174 val_macro_auc=0.9801 (checkpoint_metric=macro_auc)
2026-09-17 20:15:50,345 INFO train epoch 88/100 batch 13/66 (20%) running_loss=0.3061
2026-09-17 20:15:52,198 INFO train epoch 88/100 batch 26/66 (39%) running_loss=0.3114
2026-09-17 20:15:54,071 INFO train epoch 88/100 batch 39/66 (59%) running_loss=0.3131
2026-09-17 20:15:55,926 INFO train epoch 88/100 batch 52/66 (79%) running_loss=0.3140
2026-09-17 20:15:57,742 INFO train epoch 88/100 batch 65/66 (98%) running_loss=0.3155
2026-09-17 20:15:57,885 INFO train epoch 88/100 batch 66/66 (100%) running_loss=0.3153
2026-09-17 20:15:59,136 INFO epoch 88/100 done: train_loss=0.3153 val_loss=0.2092 val_accuracy=0.9406 val_macro_f1=0.9174 val_macro_auc=0.9800 (checkpoint_metric=macro_auc)
2026-09-17 20:16:01,610 INFO train epoch 89/100 batch 13/66 (20%) running_loss=0.3235
2026-09-17 20:16:03,525 INFO train epoch 89/100 batch 26/66 (39%) running_loss=0.3204
2026-09-17 20:16:05,441 INFO train epoch 89/100 batch 39/66 (59%) running_loss=0.3152
2026-09-17 20:16:07,319 INFO train epoch 89/100 batch 52/66 (79%) running_loss=0.3145
2026-09-17 20:16:09,186 INFO train epoch 89/100 batch 65/66 (98%) running_loss=0.3162
2026-09-17 20:16:09,333 INFO train epoch 89/100 batch 66/66 (100%) running_loss=0.3161
2026-09-17 20:16:10,659 INFO epoch 89/100 done: train_loss=0.3161 val_loss=0.2052 val_accuracy=0.9426 val_macro_f1=0.9199 val_macro_auc=0.9812 (checkpoint_metric=macro_auc)
2026-09-17 20:16:13,114 INFO train epoch 90/100 batch 13/66 (20%) running_loss=0.3102
2026-09-17 20:16:14,979 INFO train epoch 90/100 batch 26/66 (39%) running_loss=0.3125
2026-09-17 20:16:16,892 INFO train epoch 90/100 batch 39/66 (59%) running_loss=0.3106
2026-09-17 20:16:18,737 INFO train epoch 90/100 batch 52/66 (79%) running_loss=0.3093
2026-09-17 20:16:20,585 INFO train epoch 90/100 batch 65/66 (98%) running_loss=0.3127
2026-09-17 20:16:20,731 INFO train epoch 90/100 batch 66/66 (100%) running_loss=0.3135
2026-09-17 20:16:22,045 INFO epoch 90/100 done: train_loss=0.3135 val_loss=0.2220 val_accuracy=0.9426 val_macro_f1=0.9212 val_macro_auc=0.9790 (checkpoint_metric=macro_auc)
2026-09-17 20:16:24,544 INFO train epoch 91/100 batch 13/66 (20%) running_loss=0.3110
2026-09-17 20:16:26,486 INFO train epoch 91/100 batch 26/66 (39%) running_loss=0.3125
2026-09-17 20:16:28,395 INFO train epoch 91/100 batch 39/66 (59%) running_loss=0.3109
2026-09-17 20:16:30,268 INFO train epoch 91/100 batch 52/66 (79%) running_loss=0.3122
2026-09-17 20:16:32,117 INFO train epoch 91/100 batch 65/66 (98%) running_loss=0.3110
2026-09-17 20:16:32,262 INFO train epoch 91/100 batch 66/66 (100%) running_loss=0.3111
2026-09-17 20:16:33,537 INFO epoch 91/100 done: train_loss=0.3111 val_loss=0.2176 val_accuracy=0.9426 val_macro_f1=0.9205 val_macro_auc=0.9801 (checkpoint_metric=macro_auc)
2026-09-17 20:16:35,991 INFO train epoch 92/100 batch 13/66 (20%) running_loss=0.3114
2026-09-17 20:16:37,912 INFO train epoch 92/100 batch 26/66 (39%) running_loss=0.3139
2026-09-17 20:16:39,825 INFO train epoch 92/100 batch 39/66 (59%) running_loss=0.3134
2026-09-17 20:16:41,737 INFO train epoch 92/100 batch 52/66 (79%) running_loss=0.3158
2026-09-17 20:16:43,601 INFO train epoch 92/100 batch 65/66 (98%) running_loss=0.3161
2026-09-17 20:16:43,746 INFO train epoch 92/100 batch 66/66 (100%) running_loss=0.3160
2026-09-17 20:16:44,979 INFO epoch 92/100 done: train_loss=0.3160 val_loss=0.2087 val_accuracy=0.9406 val_macro_f1=0.9174 val_macro_auc=0.9793 (checkpoint_metric=macro_auc)
2026-09-17 20:16:47,300 INFO train epoch 93/100 batch 13/66 (20%) running_loss=0.3174
2026-09-17 20:16:49,172 INFO train epoch 93/100 batch 26/66 (39%) running_loss=0.3138
2026-09-17 20:16:51,033 INFO train epoch 93/100 batch 39/66 (59%) running_loss=0.3137
2026-09-17 20:16:52,888 INFO train epoch 93/100 batch 52/66 (79%) running_loss=0.3133
2026-09-17 20:16:54,718 INFO train epoch 93/100 batch 65/66 (98%) running_loss=0.3141
2026-09-17 20:16:54,863 INFO train epoch 93/100 batch 66/66 (100%) running_loss=0.3142
2026-09-17 20:16:56,157 INFO epoch 93/100 done: train_loss=0.3142 val_loss=0.2142 val_accuracy=0.9406 val_macro_f1=0.9178 val_macro_auc=0.9788 (checkpoint_metric=macro_auc)
2026-09-17 20:16:58,563 INFO train epoch 94/100 batch 13/66 (20%) running_loss=0.3121
2026-09-17 20:17:00,475 INFO train epoch 94/100 batch 26/66 (39%) running_loss=0.3129
2026-09-17 20:17:02,364 INFO train epoch 94/100 batch 39/66 (59%) running_loss=0.3125
2026-09-17 20:17:04,244 INFO train epoch 94/100 batch 52/66 (79%) running_loss=0.3124
2026-09-17 20:17:06,101 INFO train epoch 94/100 batch 65/66 (98%) running_loss=0.3123
2026-09-17 20:17:06,245 INFO train epoch 94/100 batch 66/66 (100%) running_loss=0.3123
2026-09-17 20:17:07,494 INFO epoch 94/100 done: train_loss=0.3123 val_loss=0.2200 val_accuracy=0.9426 val_macro_f1=0.9212 val_macro_auc=0.9787 (checkpoint_metric=macro_auc)
2026-09-17 20:17:09,943 INFO train epoch 95/100 batch 13/66 (20%) running_loss=0.3111
2026-09-17 20:17:11,863 INFO train epoch 95/100 batch 26/66 (39%) running_loss=0.3135
2026-09-17 20:17:13,721 INFO train epoch 95/100 batch 39/66 (59%) running_loss=0.3155
2026-09-17 20:17:15,663 INFO train epoch 95/100 batch 52/66 (79%) running_loss=0.3172
2026-09-17 20:17:17,502 INFO train epoch 95/100 batch 65/66 (98%) running_loss=0.3158
2026-09-17 20:17:17,646 INFO train epoch 95/100 batch 66/66 (100%) running_loss=0.3157
2026-09-17 20:17:18,881 INFO epoch 95/100 done: train_loss=0.3157 val_loss=0.2183 val_accuracy=0.9426 val_macro_f1=0.9205 val_macro_auc=0.9790 (checkpoint_metric=macro_auc)
2026-09-17 20:17:21,294 INFO train epoch 96/100 batch 13/66 (20%) running_loss=0.3093
2026-09-17 20:17:23,180 INFO train epoch 96/100 batch 26/66 (39%) running_loss=0.3091
2026-09-17 20:17:25,074 INFO train epoch 96/100 batch 39/66 (59%) running_loss=0.3103
2026-09-17 20:17:26,967 INFO train epoch 96/100 batch 52/66 (79%) running_loss=0.3122
2026-09-17 20:17:28,798 INFO train epoch 96/100 batch 65/66 (98%) running_loss=0.3122
2026-09-17 20:17:28,942 INFO train epoch 96/100 batch 66/66 (100%) running_loss=0.3125
2026-09-17 20:17:30,221 INFO epoch 96/100 done: train_loss=0.3125 val_loss=0.2258 val_accuracy=0.9406 val_macro_f1=0.9185 val_macro_auc=0.9776 (checkpoint_metric=macro_auc)
2026-09-17 20:17:32,662 INFO train epoch 97/100 batch 13/66 (20%) running_loss=0.3108
2026-09-17 20:17:34,539 INFO train epoch 97/100 batch 26/66 (39%) running_loss=0.3143
2026-09-17 20:17:36,418 INFO train epoch 97/100 batch 39/66 (59%) running_loss=0.3139
2026-09-17 20:17:38,290 INFO train epoch 97/100 batch 52/66 (79%) running_loss=0.3178
2026-09-17 20:17:40,148 INFO train epoch 97/100 batch 65/66 (98%) running_loss=0.3180
2026-09-17 20:17:40,294 INFO train epoch 97/100 batch 66/66 (100%) running_loss=0.3179
2026-09-17 20:17:41,739 INFO epoch 97/100 done: train_loss=0.3179 val_loss=0.2186 val_accuracy=0.9447 val_macro_f1=0.9236 val_macro_auc=0.9797 (checkpoint_metric=macro_auc)
2026-09-17 20:17:44,456 INFO train epoch 98/100 batch 13/66 (20%) running_loss=0.3136
2026-09-17 20:17:46,334 INFO train epoch 98/100 batch 26/66 (39%) running_loss=0.3145
2026-09-17 20:17:48,230 INFO train epoch 98/100 batch 39/66 (59%) running_loss=0.3122
2026-09-17 20:17:50,121 INFO train epoch 98/100 batch 52/66 (79%) running_loss=0.3154
2026-09-17 20:17:52,001 INFO train epoch 98/100 batch 65/66 (98%) running_loss=0.3153
2026-09-17 20:17:52,150 INFO train epoch 98/100 batch 66/66 (100%) running_loss=0.3152
2026-09-17 20:17:53,376 INFO epoch 98/100 done: train_loss=0.3152 val_loss=0.2201 val_accuracy=0.9406 val_macro_f1=0.9185 val_macro_auc=0.9792 (checkpoint_metric=macro_auc)
2026-09-17 20:17:55,791 INFO train epoch 99/100 batch 13/66 (20%) running_loss=0.3308
2026-09-17 20:17:57,638 INFO train epoch 99/100 batch 26/66 (39%) running_loss=0.3273
2026-09-17 20:17:59,530 INFO train epoch 99/100 batch 39/66 (59%) running_loss=0.3247
2026-09-17 20:18:01,477 INFO train epoch 99/100 batch 52/66 (79%) running_loss=0.3209
2026-09-17 20:18:03,320 INFO train epoch 99/100 batch 65/66 (98%) running_loss=0.3202
2026-09-17 20:18:03,466 INFO train epoch 99/100 batch 66/66 (100%) running_loss=0.3200
2026-09-17 20:18:04,788 INFO epoch 99/100 done: train_loss=0.3200 val_loss=0.2198 val_accuracy=0.9406 val_macro_f1=0.9178 val_macro_auc=0.9790 (checkpoint_metric=macro_auc)
2026-09-17 20:18:07,159 INFO train epoch 100/100 batch 13/66 (20%) running_loss=0.3156
2026-09-17 20:18:09,053 INFO train epoch 100/100 batch 26/66 (39%) running_loss=0.3123
2026-09-17 20:18:10,917 INFO train epoch 100/100 batch 39/66 (59%) running_loss=0.3140
2026-09-17 20:18:12,826 INFO train epoch 100/100 batch 52/66 (79%) running_loss=0.3128
2026-09-17 20:18:14,693 INFO train epoch 100/100 batch 65/66 (98%) running_loss=0.3140
2026-09-17 20:18:14,839 INFO train epoch 100/100 batch 66/66 (100%) running_loss=0.3140
2026-09-17 20:18:16,076 INFO epoch 100/100 done: train_loss=0.3140 val_loss=0.2183 val_accuracy=0.9426 val_macro_f1=0.9209 val_macro_auc=0.9788 (checkpoint_metric=macro_auc)
2026-09-17 20:18:16,253 INFO Training finished. Best epoch=25, smoothed macro_auc=0.9849 (window=3)
2026-09-17 20:18:19,062 INFO Test set evaluated once: accuracy=0.8819 macro_f1=0.8708 macro_auc=0.9627
2026-09-17 20:18:19,938 INFO Model size: 52.86M params, 1.008 GFLOPs at 96x96
