2026-09-17 22:24:19,048 INFO Starting baseline training: model=efficientnet_v2_m device=cuda amp=True image_size=96 epochs=100 lr=0.001 optimizer=sgd
2026-09-17 22:24:19,298 INFO Dataset ready: 3 classes, 2102 train / 488 val samples (split reused from outputs/baseline_efficientnet_v2_m_96_none_ep100_s3/split_indices.json)
2026-09-17 22:24:19,299 INFO Augmentation policy: none (identity)
2026-09-17 22:24:20,680 INFO Classes: {'glioma_tumor': 0, 'meningioma_tumor': 1, 'pituitary_tumor': 2}
2026-09-17 22:24:20,680 INFO Regularization: weight_decay=7.0e-04 label_smoothing=0.10 grad_clip_norm=5.0
2026-09-17 22:24:24,251 INFO train epoch 1/100 batch 13/66 (20%) running_loss=1.1435
2026-09-17 22:24:26,148 INFO train epoch 1/100 batch 26/66 (39%) running_loss=1.1420
2026-09-17 22:24:28,011 INFO train epoch 1/100 batch 39/66 (59%) running_loss=1.1417
2026-09-17 22:24:29,879 INFO train epoch 1/100 batch 52/66 (79%) running_loss=1.1384
2026-09-17 22:24:31,722 INFO train epoch 1/100 batch 65/66 (98%) running_loss=1.1300
2026-09-17 22:24:32,263 INFO train epoch 1/100 batch 66/66 (100%) running_loss=1.1301
2026-09-17 22:24:34,168 INFO epoch 1/100 done: train_loss=1.1301 val_loss=1.0985 val_accuracy=0.3627 val_macro_f1=0.3341 val_macro_auc=0.5108 (checkpoint_metric=macro_auc) [new best]
2026-09-17 22:24:36,506 INFO train epoch 2/100 batch 13/66 (20%) running_loss=1.1121
2026-09-17 22:24:38,342 INFO train epoch 2/100 batch 26/66 (39%) running_loss=1.0993
2026-09-17 22:24:40,197 INFO train epoch 2/100 batch 39/66 (59%) running_loss=1.1001
2026-09-17 22:24:42,051 INFO train epoch 2/100 batch 52/66 (79%) running_loss=1.0942
2026-09-17 22:24:43,877 INFO train epoch 2/100 batch 65/66 (98%) running_loss=1.0919
2026-09-17 22:24:44,022 INFO train epoch 2/100 batch 66/66 (100%) running_loss=1.0920
2026-09-17 22:24:46,452 INFO epoch 2/100 done: train_loss=1.0920 val_loss=1.0319 val_accuracy=0.5348 val_macro_f1=0.4749 val_macro_auc=0.6494 (checkpoint_metric=macro_auc) [new best]
2026-09-17 22:24:48,739 INFO train epoch 3/100 batch 13/66 (20%) running_loss=1.0718
2026-09-17 22:24:50,590 INFO train epoch 3/100 batch 26/66 (39%) running_loss=1.0640
2026-09-17 22:24:52,444 INFO train epoch 3/100 batch 39/66 (59%) running_loss=1.0640
2026-09-17 22:24:54,315 INFO train epoch 3/100 batch 52/66 (79%) running_loss=1.0594
2026-09-17 22:24:56,138 INFO train epoch 3/100 batch 65/66 (98%) running_loss=1.0575
2026-09-17 22:24:56,281 INFO train epoch 3/100 batch 66/66 (100%) running_loss=1.0571
2026-09-17 22:24:58,667 INFO epoch 3/100 done: train_loss=1.0571 val_loss=0.9915 val_accuracy=0.5881 val_macro_f1=0.4812 val_macro_auc=0.6902 (checkpoint_metric=macro_auc) [new best]
2026-09-17 22:25:01,023 INFO train epoch 4/100 batch 13/66 (20%) running_loss=1.0280
2026-09-17 22:25:02,858 INFO train epoch 4/100 batch 26/66 (39%) running_loss=1.0204
2026-09-17 22:25:04,762 INFO train epoch 4/100 batch 39/66 (59%) running_loss=1.0178
2026-09-17 22:25:06,624 INFO train epoch 4/100 batch 52/66 (79%) running_loss=1.0137
2026-09-17 22:25:08,439 INFO train epoch 4/100 batch 65/66 (98%) running_loss=1.0113
2026-09-17 22:25:08,583 INFO train epoch 4/100 batch 66/66 (100%) running_loss=1.0110
2026-09-17 22:25:10,930 INFO epoch 4/100 done: train_loss=1.0110 val_loss=0.9384 val_accuracy=0.6557 val_macro_f1=0.5136 val_macro_auc=0.7138 (checkpoint_metric=macro_auc) [new best]
2026-09-17 22:25:13,248 INFO train epoch 5/100 batch 13/66 (20%) running_loss=0.9811
2026-09-17 22:25:15,090 INFO train epoch 5/100 batch 26/66 (39%) running_loss=0.9817
2026-09-17 22:25:16,934 INFO train epoch 5/100 batch 39/66 (59%) running_loss=0.9881
2026-09-17 22:25:18,777 INFO train epoch 5/100 batch 52/66 (79%) running_loss=0.9781
2026-09-17 22:25:20,603 INFO train epoch 5/100 batch 65/66 (98%) running_loss=0.9773
2026-09-17 22:25:20,747 INFO train epoch 5/100 batch 66/66 (100%) running_loss=0.9768
2026-09-17 22:25:23,462 INFO epoch 5/100 done: train_loss=0.9768 val_loss=0.8432 val_accuracy=0.7213 val_macro_f1=0.5720 val_macro_auc=0.8108 (checkpoint_metric=macro_auc) [new best]
2026-09-17 22:25:25,835 INFO train epoch 6/100 batch 13/66 (20%) running_loss=0.9244
2026-09-17 22:25:27,682 INFO train epoch 6/100 batch 26/66 (39%) running_loss=0.9333
2026-09-17 22:25:29,539 INFO train epoch 6/100 batch 39/66 (59%) running_loss=0.9359
2026-09-17 22:25:31,383 INFO train epoch 6/100 batch 52/66 (79%) running_loss=0.9373
2026-09-17 22:25:33,199 INFO train epoch 6/100 batch 65/66 (98%) running_loss=0.9343
2026-09-17 22:25:33,341 INFO train epoch 6/100 batch 66/66 (100%) running_loss=0.9346
2026-09-17 22:25:35,676 INFO epoch 6/100 done: train_loss=0.9346 val_loss=0.7896 val_accuracy=0.7377 val_macro_f1=0.5843 val_macro_auc=0.8340 (checkpoint_metric=macro_auc) [new best]
2026-09-17 22:25:38,015 INFO train epoch 7/100 batch 13/66 (20%) running_loss=0.9042
2026-09-17 22:25:39,860 INFO train epoch 7/100 batch 26/66 (39%) running_loss=0.8968
2026-09-17 22:25:41,701 INFO train epoch 7/100 batch 39/66 (59%) running_loss=0.8958
2026-09-17 22:25:43,553 INFO train epoch 7/100 batch 52/66 (79%) running_loss=0.8890
2026-09-17 22:25:45,400 INFO train epoch 7/100 batch 65/66 (98%) running_loss=0.8814
2026-09-17 22:25:45,546 INFO train epoch 7/100 batch 66/66 (100%) running_loss=0.8816
2026-09-17 22:25:47,937 INFO epoch 7/100 done: train_loss=0.8816 val_loss=0.7075 val_accuracy=0.7623 val_macro_f1=0.6135 val_macro_auc=0.8589 (checkpoint_metric=macro_auc) [new best]
2026-09-17 22:25:50,285 INFO train epoch 8/100 batch 13/66 (20%) running_loss=0.8426
2026-09-17 22:25:52,183 INFO train epoch 8/100 batch 26/66 (39%) running_loss=0.8585
2026-09-17 22:25:54,034 INFO train epoch 8/100 batch 39/66 (59%) running_loss=0.8482
2026-09-17 22:25:55,867 INFO train epoch 8/100 batch 52/66 (79%) running_loss=0.8365
2026-09-17 22:25:57,694 INFO train epoch 8/100 batch 65/66 (98%) running_loss=0.8357
2026-09-17 22:25:57,839 INFO train epoch 8/100 batch 66/66 (100%) running_loss=0.8347
2026-09-17 22:26:00,162 INFO epoch 8/100 done: train_loss=0.8347 val_loss=0.6443 val_accuracy=0.7746 val_macro_f1=0.6395 val_macro_auc=0.8945 (checkpoint_metric=macro_auc) [new best]
2026-09-17 22:26:02,483 INFO train epoch 9/100 batch 13/66 (20%) running_loss=0.7912
2026-09-17 22:26:04,330 INFO train epoch 9/100 batch 26/66 (39%) running_loss=0.7967
2026-09-17 22:26:06,197 INFO train epoch 9/100 batch 39/66 (59%) running_loss=0.7878
2026-09-17 22:26:08,065 INFO train epoch 9/100 batch 52/66 (79%) running_loss=0.7933
2026-09-17 22:26:09,910 INFO train epoch 9/100 batch 65/66 (98%) running_loss=0.7888
2026-09-17 22:26:10,055 INFO train epoch 9/100 batch 66/66 (100%) running_loss=0.7877
2026-09-17 22:26:12,450 INFO epoch 9/100 done: train_loss=0.7877 val_loss=0.6010 val_accuracy=0.7828 val_macro_f1=0.6686 val_macro_auc=0.9053 (checkpoint_metric=macro_auc) [new best]
2026-09-17 22:26:14,761 INFO train epoch 10/100 batch 13/66 (20%) running_loss=0.7713
2026-09-17 22:26:16,579 INFO train epoch 10/100 batch 26/66 (39%) running_loss=0.7669
2026-09-17 22:26:18,434 INFO train epoch 10/100 batch 39/66 (59%) running_loss=0.7659
2026-09-17 22:26:20,287 INFO train epoch 10/100 batch 52/66 (79%) running_loss=0.7533
2026-09-17 22:26:22,113 INFO train epoch 10/100 batch 65/66 (98%) running_loss=0.7468
2026-09-17 22:26:22,257 INFO train epoch 10/100 batch 66/66 (100%) running_loss=0.7476
2026-09-17 22:26:24,646 INFO epoch 10/100 done: train_loss=0.7476 val_loss=0.5286 val_accuracy=0.8176 val_macro_f1=0.7230 val_macro_auc=0.9384 (checkpoint_metric=macro_auc) [new best]
2026-09-17 22:26:27,013 INFO train epoch 11/100 batch 13/66 (20%) running_loss=0.7194
2026-09-17 22:26:28,852 INFO train epoch 11/100 batch 26/66 (39%) running_loss=0.7103
2026-09-17 22:26:30,713 INFO train epoch 11/100 batch 39/66 (59%) running_loss=0.6953
2026-09-17 22:26:32,601 INFO train epoch 11/100 batch 52/66 (79%) running_loss=0.6907
2026-09-17 22:26:34,435 INFO train epoch 11/100 batch 65/66 (98%) running_loss=0.6959
2026-09-17 22:26:34,579 INFO train epoch 11/100 batch 66/66 (100%) running_loss=0.6972
2026-09-17 22:26:37,345 INFO epoch 11/100 done: train_loss=0.6972 val_loss=0.4371 val_accuracy=0.8525 val_macro_f1=0.7679 val_macro_auc=0.9552 (checkpoint_metric=macro_auc) [new best]
2026-09-17 22:26:39,648 INFO train epoch 12/100 batch 13/66 (20%) running_loss=0.6881
2026-09-17 22:26:41,497 INFO train epoch 12/100 batch 26/66 (39%) running_loss=0.6649
2026-09-17 22:26:43,362 INFO train epoch 12/100 batch 39/66 (59%) running_loss=0.6575
2026-09-17 22:26:45,232 INFO train epoch 12/100 batch 52/66 (79%) running_loss=0.6594
2026-09-17 22:26:47,080 INFO train epoch 12/100 batch 65/66 (98%) running_loss=0.6524
2026-09-17 22:26:47,224 INFO train epoch 12/100 batch 66/66 (100%) running_loss=0.6530
2026-09-17 22:26:49,658 INFO epoch 12/100 done: train_loss=0.6530 val_loss=0.4135 val_accuracy=0.8607 val_macro_f1=0.8185 val_macro_auc=0.9609 (checkpoint_metric=macro_auc) [new best]
2026-09-17 22:26:52,006 INFO train epoch 13/100 batch 13/66 (20%) running_loss=0.6258
2026-09-17 22:26:53,862 INFO train epoch 13/100 batch 26/66 (39%) running_loss=0.6144
2026-09-17 22:26:55,764 INFO train epoch 13/100 batch 39/66 (59%) running_loss=0.6107
2026-09-17 22:26:57,635 INFO train epoch 13/100 batch 52/66 (79%) running_loss=0.6082
2026-09-17 22:26:59,483 INFO train epoch 13/100 batch 65/66 (98%) running_loss=0.6188
2026-09-17 22:26:59,628 INFO train epoch 13/100 batch 66/66 (100%) running_loss=0.6192
2026-09-17 22:27:02,025 INFO epoch 13/100 done: train_loss=0.6192 val_loss=0.3508 val_accuracy=0.8914 val_macro_f1=0.8589 val_macro_auc=0.9774 (checkpoint_metric=macro_auc) [new best]
2026-09-17 22:27:04,390 INFO train epoch 14/100 batch 13/66 (20%) running_loss=0.6025
2026-09-17 22:27:06,240 INFO train epoch 14/100 batch 26/66 (39%) running_loss=0.5918
2026-09-17 22:27:08,101 INFO train epoch 14/100 batch 39/66 (59%) running_loss=0.5891
2026-09-17 22:27:09,960 INFO train epoch 14/100 batch 52/66 (79%) running_loss=0.5896
2026-09-17 22:27:11,794 INFO train epoch 14/100 batch 65/66 (98%) running_loss=0.5832
2026-09-17 22:27:11,939 INFO train epoch 14/100 batch 66/66 (100%) running_loss=0.5823
2026-09-17 22:27:14,345 INFO epoch 14/100 done: train_loss=0.5823 val_loss=0.3392 val_accuracy=0.8709 val_macro_f1=0.8332 val_macro_auc=0.9752 (checkpoint_metric=macro_auc) [new best]
2026-09-17 22:27:16,711 INFO train epoch 15/100 batch 13/66 (20%) running_loss=0.5635
2026-09-17 22:27:18,578 INFO train epoch 15/100 batch 26/66 (39%) running_loss=0.5543
2026-09-17 22:27:20,422 INFO train epoch 15/100 batch 39/66 (59%) running_loss=0.5593
2026-09-17 22:27:22,261 INFO train epoch 15/100 batch 52/66 (79%) running_loss=0.5581
2026-09-17 22:27:24,096 INFO train epoch 15/100 batch 65/66 (98%) running_loss=0.5504
2026-09-17 22:27:24,241 INFO train epoch 15/100 batch 66/66 (100%) running_loss=0.5523
2026-09-17 22:27:26,570 INFO epoch 15/100 done: train_loss=0.5523 val_loss=0.3270 val_accuracy=0.8873 val_macro_f1=0.8581 val_macro_auc=0.9805 (checkpoint_metric=macro_auc) [new best]
2026-09-17 22:27:28,926 INFO train epoch 16/100 batch 13/66 (20%) running_loss=0.5142
2026-09-17 22:27:30,796 INFO train epoch 16/100 batch 26/66 (39%) running_loss=0.5181
2026-09-17 22:27:32,637 INFO train epoch 16/100 batch 39/66 (59%) running_loss=0.5091
2026-09-17 22:27:34,483 INFO train epoch 16/100 batch 52/66 (79%) running_loss=0.5149
2026-09-17 22:27:36,312 INFO train epoch 16/100 batch 65/66 (98%) running_loss=0.5131
2026-09-17 22:27:36,456 INFO train epoch 16/100 batch 66/66 (100%) running_loss=0.5123
2026-09-17 22:27:38,941 INFO epoch 16/100 done: train_loss=0.5123 val_loss=0.2533 val_accuracy=0.9160 val_macro_f1=0.8881 val_macro_auc=0.9899 (checkpoint_metric=macro_auc) [new best]
2026-09-17 22:27:41,286 INFO train epoch 17/100 batch 13/66 (20%) running_loss=0.5033
2026-09-17 22:27:43,152 INFO train epoch 17/100 batch 26/66 (39%) running_loss=0.4886
2026-09-17 22:27:44,998 INFO train epoch 17/100 batch 39/66 (59%) running_loss=0.4870
2026-09-17 22:27:46,849 INFO train epoch 17/100 batch 52/66 (79%) running_loss=0.4853
2026-09-17 22:27:48,676 INFO train epoch 17/100 batch 65/66 (98%) running_loss=0.4803
2026-09-17 22:27:48,820 INFO train epoch 17/100 batch 66/66 (100%) running_loss=0.4793
2026-09-17 22:27:51,154 INFO epoch 17/100 done: train_loss=0.4793 val_loss=0.2503 val_accuracy=0.9098 val_macro_f1=0.8835 val_macro_auc=0.9894 (checkpoint_metric=macro_auc) [new best]
2026-09-17 22:27:53,491 INFO train epoch 18/100 batch 13/66 (20%) running_loss=0.4919
2026-09-17 22:27:55,336 INFO train epoch 18/100 batch 26/66 (39%) running_loss=0.4739
2026-09-17 22:27:57,163 INFO train epoch 18/100 batch 39/66 (59%) running_loss=0.4683
2026-09-17 22:27:59,036 INFO train epoch 18/100 batch 52/66 (79%) running_loss=0.4610
2026-09-17 22:28:00,887 INFO train epoch 18/100 batch 65/66 (98%) running_loss=0.4626
2026-09-17 22:28:01,029 INFO train epoch 18/100 batch 66/66 (100%) running_loss=0.4618
2026-09-17 22:28:03,362 INFO epoch 18/100 done: train_loss=0.4618 val_loss=0.2355 val_accuracy=0.9262 val_macro_f1=0.9015 val_macro_auc=0.9891 (checkpoint_metric=macro_auc) [new best]
2026-09-17 22:28:05,743 INFO train epoch 19/100 batch 13/66 (20%) running_loss=0.4297
2026-09-17 22:28:07,628 INFO train epoch 19/100 batch 26/66 (39%) running_loss=0.4319
2026-09-17 22:28:09,470 INFO train epoch 19/100 batch 39/66 (59%) running_loss=0.4441
2026-09-17 22:28:11,302 INFO train epoch 19/100 batch 52/66 (79%) running_loss=0.4450
2026-09-17 22:28:13,128 INFO train epoch 19/100 batch 65/66 (98%) running_loss=0.4444
2026-09-17 22:28:13,274 INFO train epoch 19/100 batch 66/66 (100%) running_loss=0.4443
2026-09-17 22:28:15,594 INFO epoch 19/100 done: train_loss=0.4443 val_loss=0.2064 val_accuracy=0.9406 val_macro_f1=0.9161 val_macro_auc=0.9900 (checkpoint_metric=macro_auc) [new best]
2026-09-17 22:28:17,909 INFO train epoch 20/100 batch 13/66 (20%) running_loss=0.4092
2026-09-17 22:28:19,760 INFO train epoch 20/100 batch 26/66 (39%) running_loss=0.4054
2026-09-17 22:28:21,625 INFO train epoch 20/100 batch 39/66 (59%) running_loss=0.4157
2026-09-17 22:28:23,493 INFO train epoch 20/100 batch 52/66 (79%) running_loss=0.4148
2026-09-17 22:28:25,323 INFO train epoch 20/100 batch 65/66 (98%) running_loss=0.4199
2026-09-17 22:28:25,466 INFO train epoch 20/100 batch 66/66 (100%) running_loss=0.4195
2026-09-17 22:28:26,706 INFO epoch 20/100 done: train_loss=0.4195 val_loss=0.2042 val_accuracy=0.9242 val_macro_f1=0.8935 val_macro_auc=0.9886 (checkpoint_metric=macro_auc)
2026-09-17 22:28:29,086 INFO train epoch 21/100 batch 13/66 (20%) running_loss=0.4175
2026-09-17 22:28:31,016 INFO train epoch 21/100 batch 26/66 (39%) running_loss=0.4113
2026-09-17 22:28:32,955 INFO train epoch 21/100 batch 39/66 (59%) running_loss=0.4134
2026-09-17 22:28:34,854 INFO train epoch 21/100 batch 52/66 (79%) running_loss=0.4142
2026-09-17 22:28:36,677 INFO train epoch 21/100 batch 65/66 (98%) running_loss=0.4117
2026-09-17 22:28:36,821 INFO train epoch 21/100 batch 66/66 (100%) running_loss=0.4110
2026-09-17 22:28:39,138 INFO epoch 21/100 done: train_loss=0.4110 val_loss=0.1866 val_accuracy=0.9467 val_macro_f1=0.9268 val_macro_auc=0.9918 (checkpoint_metric=macro_auc) [new best]
2026-09-17 22:28:41,484 INFO train epoch 22/100 batch 13/66 (20%) running_loss=0.3702
2026-09-17 22:28:43,349 INFO train epoch 22/100 batch 26/66 (39%) running_loss=0.3756
2026-09-17 22:28:45,212 INFO train epoch 22/100 batch 39/66 (59%) running_loss=0.3765
2026-09-17 22:28:47,043 INFO train epoch 22/100 batch 52/66 (79%) running_loss=0.3809
2026-09-17 22:28:48,875 INFO train epoch 22/100 batch 65/66 (98%) running_loss=0.3889
2026-09-17 22:28:49,018 INFO train epoch 22/100 batch 66/66 (100%) running_loss=0.3894
2026-09-17 22:28:50,264 INFO epoch 22/100 done: train_loss=0.3894 val_loss=0.2320 val_accuracy=0.9324 val_macro_f1=0.9103 val_macro_auc=0.9881 (checkpoint_metric=macro_auc)
2026-09-17 22:28:52,590 INFO train epoch 23/100 batch 13/66 (20%) running_loss=0.4043
2026-09-17 22:28:54,430 INFO train epoch 23/100 batch 26/66 (39%) running_loss=0.3808
2026-09-17 22:28:56,273 INFO train epoch 23/100 batch 39/66 (59%) running_loss=0.3801
2026-09-17 22:28:58,110 INFO train epoch 23/100 batch 52/66 (79%) running_loss=0.3799
2026-09-17 22:28:59,953 INFO train epoch 23/100 batch 65/66 (98%) running_loss=0.3795
2026-09-17 22:29:00,100 INFO train epoch 23/100 batch 66/66 (100%) running_loss=0.3795
2026-09-17 22:29:01,384 INFO epoch 23/100 done: train_loss=0.3795 val_loss=0.2264 val_accuracy=0.9344 val_macro_f1=0.9117 val_macro_auc=0.9896 (checkpoint_metric=macro_auc)
2026-09-17 22:29:03,726 INFO train epoch 24/100 batch 13/66 (20%) running_loss=0.3647
2026-09-17 22:29:05,609 INFO train epoch 24/100 batch 26/66 (39%) running_loss=0.3800
2026-09-17 22:29:07,496 INFO train epoch 24/100 batch 39/66 (59%) running_loss=0.3745
2026-09-17 22:29:09,355 INFO train epoch 24/100 batch 52/66 (79%) running_loss=0.3715
2026-09-17 22:29:11,190 INFO train epoch 24/100 batch 65/66 (98%) running_loss=0.3712
2026-09-17 22:29:11,334 INFO train epoch 24/100 batch 66/66 (100%) running_loss=0.3719
2026-09-17 22:29:12,635 INFO epoch 24/100 done: train_loss=0.3719 val_loss=0.2093 val_accuracy=0.9324 val_macro_f1=0.9083 val_macro_auc=0.9885 (checkpoint_metric=macro_auc)
2026-09-17 22:29:14,994 INFO train epoch 25/100 batch 13/66 (20%) running_loss=0.3466
2026-09-17 22:29:16,852 INFO train epoch 25/100 batch 26/66 (39%) running_loss=0.3481
2026-09-17 22:29:18,717 INFO train epoch 25/100 batch 39/66 (59%) running_loss=0.3504
2026-09-17 22:29:20,562 INFO train epoch 25/100 batch 52/66 (79%) running_loss=0.3588
2026-09-17 22:29:22,396 INFO train epoch 25/100 batch 65/66 (98%) running_loss=0.3568
2026-09-17 22:29:22,541 INFO train epoch 25/100 batch 66/66 (100%) running_loss=0.3563
2026-09-17 22:29:23,832 INFO epoch 25/100 done: train_loss=0.3563 val_loss=0.2148 val_accuracy=0.9365 val_macro_f1=0.9131 val_macro_auc=0.9887 (checkpoint_metric=macro_auc)
2026-09-17 22:29:26,183 INFO train epoch 26/100 batch 13/66 (20%) running_loss=0.3491
2026-09-17 22:29:28,024 INFO train epoch 26/100 batch 26/66 (39%) running_loss=0.3522
2026-09-17 22:29:29,925 INFO train epoch 26/100 batch 39/66 (59%) running_loss=0.3535
2026-09-17 22:29:31,805 INFO train epoch 26/100 batch 52/66 (79%) running_loss=0.3548
2026-09-17 22:29:33,633 INFO train epoch 26/100 batch 65/66 (98%) running_loss=0.3524
2026-09-17 22:29:33,778 INFO train epoch 26/100 batch 66/66 (100%) running_loss=0.3526
2026-09-17 22:29:35,063 INFO epoch 26/100 done: train_loss=0.3526 val_loss=0.2235 val_accuracy=0.9303 val_macro_f1=0.9057 val_macro_auc=0.9874 (checkpoint_metric=macro_auc)
2026-09-17 22:29:37,372 INFO train epoch 27/100 batch 13/66 (20%) running_loss=0.3480
2026-09-17 22:29:39,215 INFO train epoch 27/100 batch 26/66 (39%) running_loss=0.3554
2026-09-17 22:29:41,056 INFO train epoch 27/100 batch 39/66 (59%) running_loss=0.3482
2026-09-17 22:29:42,900 INFO train epoch 27/100 batch 52/66 (79%) running_loss=0.3441
2026-09-17 22:29:44,740 INFO train epoch 27/100 batch 65/66 (98%) running_loss=0.3431
2026-09-17 22:29:44,885 INFO train epoch 27/100 batch 66/66 (100%) running_loss=0.3428
2026-09-17 22:29:46,123 INFO epoch 27/100 done: train_loss=0.3428 val_loss=0.2024 val_accuracy=0.9365 val_macro_f1=0.9120 val_macro_auc=0.9894 (checkpoint_metric=macro_auc)
2026-09-17 22:29:48,466 INFO train epoch 28/100 batch 13/66 (20%) running_loss=0.3289
2026-09-17 22:29:50,304 INFO train epoch 28/100 batch 26/66 (39%) running_loss=0.3364
2026-09-17 22:29:52,153 INFO train epoch 28/100 batch 39/66 (59%) running_loss=0.3324
2026-09-17 22:29:53,991 INFO train epoch 28/100 batch 52/66 (79%) running_loss=0.3335
2026-09-17 22:29:55,832 INFO train epoch 28/100 batch 65/66 (98%) running_loss=0.3359
2026-09-17 22:29:55,976 INFO train epoch 28/100 batch 66/66 (100%) running_loss=0.3358
2026-09-17 22:29:57,223 INFO epoch 28/100 done: train_loss=0.3358 val_loss=0.2066 val_accuracy=0.9385 val_macro_f1=0.9161 val_macro_auc=0.9896 (checkpoint_metric=macro_auc)
2026-09-17 22:29:59,541 INFO train epoch 29/100 batch 13/66 (20%) running_loss=0.3317
2026-09-17 22:30:01,389 INFO train epoch 29/100 batch 26/66 (39%) running_loss=0.3289
2026-09-17 22:30:03,238 INFO train epoch 29/100 batch 39/66 (59%) running_loss=0.3286
2026-09-17 22:30:05,081 INFO train epoch 29/100 batch 52/66 (79%) running_loss=0.3288
2026-09-17 22:30:06,928 INFO train epoch 29/100 batch 65/66 (98%) running_loss=0.3280
2026-09-17 22:30:07,074 INFO train epoch 29/100 batch 66/66 (100%) running_loss=0.3291
2026-09-17 22:30:08,358 INFO epoch 29/100 done: train_loss=0.3291 val_loss=0.2219 val_accuracy=0.9365 val_macro_f1=0.9141 val_macro_auc=0.9874 (checkpoint_metric=macro_auc)
2026-09-17 22:30:10,650 INFO train epoch 30/100 batch 13/66 (20%) running_loss=0.3227
2026-09-17 22:30:12,464 INFO train epoch 30/100 batch 26/66 (39%) running_loss=0.3276
2026-09-17 22:30:14,272 INFO train epoch 30/100 batch 39/66 (59%) running_loss=0.3306
2026-09-17 22:30:16,095 INFO train epoch 30/100 batch 52/66 (79%) running_loss=0.3295
2026-09-17 22:30:17,940 INFO train epoch 30/100 batch 65/66 (98%) running_loss=0.3283
2026-09-17 22:30:18,084 INFO train epoch 30/100 batch 66/66 (100%) running_loss=0.3282
2026-09-17 22:30:19,322 INFO epoch 30/100 done: train_loss=0.3282 val_loss=0.2025 val_accuracy=0.9344 val_macro_f1=0.9100 val_macro_auc=0.9898 (checkpoint_metric=macro_auc)
2026-09-17 22:30:21,675 INFO train epoch 31/100 batch 13/66 (20%) running_loss=0.3198
2026-09-17 22:30:23,538 INFO train epoch 31/100 batch 26/66 (39%) running_loss=0.3219
2026-09-17 22:30:25,382 INFO train epoch 31/100 batch 39/66 (59%) running_loss=0.3251
2026-09-17 22:30:27,242 INFO train epoch 31/100 batch 52/66 (79%) running_loss=0.3247
2026-09-17 22:30:29,058 INFO train epoch 31/100 batch 65/66 (98%) running_loss=0.3257
2026-09-17 22:30:29,204 INFO train epoch 31/100 batch 66/66 (100%) running_loss=0.3256
2026-09-17 22:30:30,539 INFO epoch 31/100 done: train_loss=0.3256 val_loss=0.2201 val_accuracy=0.9344 val_macro_f1=0.9111 val_macro_auc=0.9902 (checkpoint_metric=macro_auc)
2026-09-17 22:30:33,045 INFO train epoch 32/100 batch 13/66 (20%) running_loss=0.3203
2026-09-17 22:30:34,883 INFO train epoch 32/100 batch 26/66 (39%) running_loss=0.3225
2026-09-17 22:30:36,741 INFO train epoch 32/100 batch 39/66 (59%) running_loss=0.3240
2026-09-17 22:30:38,575 INFO train epoch 32/100 batch 52/66 (79%) running_loss=0.3244
2026-09-17 22:30:40,408 INFO train epoch 32/100 batch 65/66 (98%) running_loss=0.3249
2026-09-17 22:30:40,552 INFO train epoch 32/100 batch 66/66 (100%) running_loss=0.3249
2026-09-17 22:30:42,942 INFO epoch 32/100 done: train_loss=0.3249 val_loss=0.2040 val_accuracy=0.9385 val_macro_f1=0.9167 val_macro_auc=0.9908 (checkpoint_metric=macro_auc) [new best]
2026-09-17 22:30:45,252 INFO train epoch 33/100 batch 13/66 (20%) running_loss=0.3130
2026-09-17 22:30:47,089 INFO train epoch 33/100 batch 26/66 (39%) running_loss=0.3148
2026-09-17 22:30:48,924 INFO train epoch 33/100 batch 39/66 (59%) running_loss=0.3165
2026-09-17 22:30:50,766 INFO train epoch 33/100 batch 52/66 (79%) running_loss=0.3161
2026-09-17 22:30:52,599 INFO train epoch 33/100 batch 65/66 (98%) running_loss=0.3204
2026-09-17 22:30:52,744 INFO train epoch 33/100 batch 66/66 (100%) running_loss=0.3211
2026-09-17 22:30:55,090 INFO epoch 33/100 done: train_loss=0.3211 val_loss=0.2123 val_accuracy=0.9365 val_macro_f1=0.9138 val_macro_auc=0.9907 (checkpoint_metric=macro_auc) [new best]
2026-09-17 22:30:57,476 INFO train epoch 34/100 batch 13/66 (20%) running_loss=0.3139
2026-09-17 22:30:59,349 INFO train epoch 34/100 batch 26/66 (39%) running_loss=0.3162
2026-09-17 22:31:01,224 INFO train epoch 34/100 batch 39/66 (59%) running_loss=0.3168
2026-09-17 22:31:03,055 INFO train epoch 34/100 batch 52/66 (79%) running_loss=0.3161
2026-09-17 22:31:04,913 INFO train epoch 34/100 batch 65/66 (98%) running_loss=0.3159
2026-09-17 22:31:05,058 INFO train epoch 34/100 batch 66/66 (100%) running_loss=0.3158
2026-09-17 22:31:06,350 INFO epoch 34/100 done: train_loss=0.3158 val_loss=0.2274 val_accuracy=0.9324 val_macro_f1=0.9091 val_macro_auc=0.9901 (checkpoint_metric=macro_auc)
2026-09-17 22:31:08,726 INFO train epoch 35/100 batch 13/66 (20%) running_loss=0.3223
2026-09-17 22:31:10,576 INFO train epoch 35/100 batch 26/66 (39%) running_loss=0.3214
2026-09-17 22:31:12,414 INFO train epoch 35/100 batch 39/66 (59%) running_loss=0.3187
2026-09-17 22:31:14,249 INFO train epoch 35/100 batch 52/66 (79%) running_loss=0.3176
2026-09-17 22:31:16,083 INFO train epoch 35/100 batch 65/66 (98%) running_loss=0.3181
2026-09-17 22:31:16,227 INFO train epoch 35/100 batch 66/66 (100%) running_loss=0.3180
2026-09-17 22:31:17,511 INFO epoch 35/100 done: train_loss=0.3180 val_loss=0.2163 val_accuracy=0.9344 val_macro_f1=0.9111 val_macro_auc=0.9895 (checkpoint_metric=macro_auc)
2026-09-17 22:31:19,857 INFO train epoch 36/100 batch 13/66 (20%) running_loss=0.3208
2026-09-17 22:31:21,702 INFO train epoch 36/100 batch 26/66 (39%) running_loss=0.3168
2026-09-17 22:31:23,545 INFO train epoch 36/100 batch 39/66 (59%) running_loss=0.3161
2026-09-17 22:31:25,400 INFO train epoch 36/100 batch 52/66 (79%) running_loss=0.3157
2026-09-17 22:31:27,253 INFO train epoch 36/100 batch 65/66 (98%) running_loss=0.3153
2026-09-17 22:31:27,396 INFO train epoch 36/100 batch 66/66 (100%) running_loss=0.3157
2026-09-17 22:31:28,623 INFO epoch 36/100 done: train_loss=0.3157 val_loss=0.2092 val_accuracy=0.9344 val_macro_f1=0.9107 val_macro_auc=0.9893 (checkpoint_metric=macro_auc)
2026-09-17 22:31:30,966 INFO train epoch 37/100 batch 13/66 (20%) running_loss=0.3193
2026-09-17 22:31:32,817 INFO train epoch 37/100 batch 26/66 (39%) running_loss=0.3249
2026-09-17 22:31:34,663 INFO train epoch 37/100 batch 39/66 (59%) running_loss=0.3196
2026-09-17 22:31:36,509 INFO train epoch 37/100 batch 52/66 (79%) running_loss=0.3184
2026-09-17 22:31:38,361 INFO train epoch 37/100 batch 65/66 (98%) running_loss=0.3168
2026-09-17 22:31:38,504 INFO train epoch 37/100 batch 66/66 (100%) running_loss=0.3167
2026-09-17 22:31:39,785 INFO epoch 37/100 done: train_loss=0.3167 val_loss=0.2172 val_accuracy=0.9365 val_macro_f1=0.9134 val_macro_auc=0.9885 (checkpoint_metric=macro_auc)
2026-09-17 22:31:42,096 INFO train epoch 38/100 batch 13/66 (20%) running_loss=0.3192
2026-09-17 22:31:43,937 INFO train epoch 38/100 batch 26/66 (39%) running_loss=0.3150
2026-09-17 22:31:45,810 INFO train epoch 38/100 batch 39/66 (59%) running_loss=0.3133
2026-09-17 22:31:47,717 INFO train epoch 38/100 batch 52/66 (79%) running_loss=0.3120
2026-09-17 22:31:49,645 INFO train epoch 38/100 batch 65/66 (98%) running_loss=0.3143
2026-09-17 22:31:49,796 INFO train epoch 38/100 batch 66/66 (100%) running_loss=0.3143
2026-09-17 22:31:51,169 INFO epoch 38/100 done: train_loss=0.3143 val_loss=0.2176 val_accuracy=0.9385 val_macro_f1=0.9161 val_macro_auc=0.9880 (checkpoint_metric=macro_auc)
2026-09-17 22:31:53,652 INFO train epoch 39/100 batch 13/66 (20%) running_loss=0.3280
2026-09-17 22:31:55,513 INFO train epoch 39/100 batch 26/66 (39%) running_loss=0.3232
2026-09-17 22:31:57,366 INFO train epoch 39/100 batch 39/66 (59%) running_loss=0.3247
2026-09-17 22:31:59,259 INFO train epoch 39/100 batch 52/66 (79%) running_loss=0.3220
2026-09-17 22:32:01,112 INFO train epoch 39/100 batch 65/66 (98%) running_loss=0.3241
2026-09-17 22:32:01,257 INFO train epoch 39/100 batch 66/66 (100%) running_loss=0.3240
2026-09-17 22:32:02,492 INFO epoch 39/100 done: train_loss=0.3240 val_loss=0.2164 val_accuracy=0.9365 val_macro_f1=0.9138 val_macro_auc=0.9890 (checkpoint_metric=macro_auc)
2026-09-17 22:32:04,823 INFO train epoch 40/100 batch 13/66 (20%) running_loss=0.3136
2026-09-17 22:32:06,709 INFO train epoch 40/100 batch 26/66 (39%) running_loss=0.3196
2026-09-17 22:32:08,553 INFO train epoch 40/100 batch 39/66 (59%) running_loss=0.3178
2026-09-17 22:32:10,435 INFO train epoch 40/100 batch 52/66 (79%) running_loss=0.3167
2026-09-17 22:32:12,306 INFO train epoch 40/100 batch 65/66 (98%) running_loss=0.3188
2026-09-17 22:32:12,451 INFO train epoch 40/100 batch 66/66 (100%) running_loss=0.3186
2026-09-17 22:32:13,783 INFO epoch 40/100 done: train_loss=0.3186 val_loss=0.2251 val_accuracy=0.9365 val_macro_f1=0.9144 val_macro_auc=0.9888 (checkpoint_metric=macro_auc)
2026-09-17 22:32:16,169 INFO train epoch 41/100 batch 13/66 (20%) running_loss=0.3127
2026-09-17 22:32:18,058 INFO train epoch 41/100 batch 26/66 (39%) running_loss=0.3103
2026-09-17 22:32:19,932 INFO train epoch 41/100 batch 39/66 (59%) running_loss=0.3108
2026-09-17 22:32:21,797 INFO train epoch 41/100 batch 52/66 (79%) running_loss=0.3108
2026-09-17 22:32:23,620 INFO train epoch 41/100 batch 65/66 (98%) running_loss=0.3121
2026-09-17 22:32:23,766 INFO train epoch 41/100 batch 66/66 (100%) running_loss=0.3127
2026-09-17 22:32:24,978 INFO epoch 41/100 done: train_loss=0.3127 val_loss=0.2104 val_accuracy=0.9406 val_macro_f1=0.9185 val_macro_auc=0.9884 (checkpoint_metric=macro_auc)
2026-09-17 22:32:27,338 INFO train epoch 42/100 batch 13/66 (20%) running_loss=0.3110
2026-09-17 22:32:29,204 INFO train epoch 42/100 batch 26/66 (39%) running_loss=0.3142
2026-09-17 22:32:31,086 INFO train epoch 42/100 batch 39/66 (59%) running_loss=0.3145
2026-09-17 22:32:32,947 INFO train epoch 42/100 batch 52/66 (79%) running_loss=0.3136
2026-09-17 22:32:34,795 INFO train epoch 42/100 batch 65/66 (98%) running_loss=0.3130
2026-09-17 22:32:34,941 INFO train epoch 42/100 batch 66/66 (100%) running_loss=0.3138
2026-09-17 22:32:36,240 INFO epoch 42/100 done: train_loss=0.3138 val_loss=0.2140 val_accuracy=0.9467 val_macro_f1=0.9272 val_macro_auc=0.9872 (checkpoint_metric=macro_auc)
2026-09-17 22:32:38,561 INFO train epoch 43/100 batch 13/66 (20%) running_loss=0.3072
2026-09-17 22:32:40,434 INFO train epoch 43/100 batch 26/66 (39%) running_loss=0.3081
2026-09-17 22:32:42,305 INFO train epoch 43/100 batch 39/66 (59%) running_loss=0.3110
2026-09-17 22:32:44,170 INFO train epoch 43/100 batch 52/66 (79%) running_loss=0.3114
2026-09-17 22:32:46,040 INFO train epoch 43/100 batch 65/66 (98%) running_loss=0.3136
2026-09-17 22:32:46,184 INFO train epoch 43/100 batch 66/66 (100%) running_loss=0.3136
2026-09-17 22:32:47,416 INFO epoch 43/100 done: train_loss=0.3136 val_loss=0.2162 val_accuracy=0.9385 val_macro_f1=0.9164 val_macro_auc=0.9869 (checkpoint_metric=macro_auc)
2026-09-17 22:32:49,750 INFO train epoch 44/100 batch 13/66 (20%) running_loss=0.3081
2026-09-17 22:32:51,576 INFO train epoch 44/100 batch 26/66 (39%) running_loss=0.3113
2026-09-17 22:32:53,402 INFO train epoch 44/100 batch 39/66 (59%) running_loss=0.3105
2026-09-17 22:32:55,256 INFO train epoch 44/100 batch 52/66 (79%) running_loss=0.3105
2026-09-17 22:32:57,082 INFO train epoch 44/100 batch 65/66 (98%) running_loss=0.3097
2026-09-17 22:32:57,226 INFO train epoch 44/100 batch 66/66 (100%) running_loss=0.3097
2026-09-17 22:32:58,528 INFO epoch 44/100 done: train_loss=0.3097 val_loss=0.2259 val_accuracy=0.9344 val_macro_f1=0.9118 val_macro_auc=0.9882 (checkpoint_metric=macro_auc)
2026-09-17 22:33:00,882 INFO train epoch 45/100 batch 13/66 (20%) running_loss=0.3112
2026-09-17 22:33:02,760 INFO train epoch 45/100 batch 26/66 (39%) running_loss=0.3078
2026-09-17 22:33:04,621 INFO train epoch 45/100 batch 39/66 (59%) running_loss=0.3081
2026-09-17 22:33:06,465 INFO train epoch 45/100 batch 52/66 (79%) running_loss=0.3098
2026-09-17 22:33:08,297 INFO train epoch 45/100 batch 65/66 (98%) running_loss=0.3111
2026-09-17 22:33:08,440 INFO train epoch 45/100 batch 66/66 (100%) running_loss=0.3110
2026-09-17 22:33:09,688 INFO epoch 45/100 done: train_loss=0.3110 val_loss=0.2170 val_accuracy=0.9385 val_macro_f1=0.9171 val_macro_auc=0.9908 (checkpoint_metric=macro_auc)
2026-09-17 22:33:12,015 INFO train epoch 46/100 batch 13/66 (20%) running_loss=0.3093
2026-09-17 22:33:13,867 INFO train epoch 46/100 batch 26/66 (39%) running_loss=0.3076
2026-09-17 22:33:15,719 INFO train epoch 46/100 batch 39/66 (59%) running_loss=0.3086
2026-09-17 22:33:17,586 INFO train epoch 46/100 batch 52/66 (79%) running_loss=0.3098
2026-09-17 22:33:19,429 INFO train epoch 46/100 batch 65/66 (98%) running_loss=0.3091
2026-09-17 22:33:19,574 INFO train epoch 46/100 batch 66/66 (100%) running_loss=0.3092
2026-09-17 22:33:20,870 INFO epoch 46/100 done: train_loss=0.3092 val_loss=0.2340 val_accuracy=0.9303 val_macro_f1=0.9072 val_macro_auc=0.9884 (checkpoint_metric=macro_auc)
2026-09-17 22:33:23,184 INFO train epoch 47/100 batch 13/66 (20%) running_loss=0.3126
2026-09-17 22:33:25,035 INFO train epoch 47/100 batch 26/66 (39%) running_loss=0.3080
2026-09-17 22:33:26,905 INFO train epoch 47/100 batch 39/66 (59%) running_loss=0.3082
2026-09-17 22:33:28,762 INFO train epoch 47/100 batch 52/66 (79%) running_loss=0.3073
2026-09-17 22:33:30,598 INFO train epoch 47/100 batch 65/66 (98%) running_loss=0.3078
2026-09-17 22:33:30,746 INFO train epoch 47/100 batch 66/66 (100%) running_loss=0.3080
2026-09-17 22:33:32,022 INFO epoch 47/100 done: train_loss=0.3080 val_loss=0.2213 val_accuracy=0.9365 val_macro_f1=0.9141 val_macro_auc=0.9893 (checkpoint_metric=macro_auc)
2026-09-17 22:33:34,379 INFO train epoch 48/100 batch 13/66 (20%) running_loss=0.3114
2026-09-17 22:33:36,208 INFO train epoch 48/100 batch 26/66 (39%) running_loss=0.3141
2026-09-17 22:33:38,046 INFO train epoch 48/100 batch 39/66 (59%) running_loss=0.3137
2026-09-17 22:33:40,070 INFO train epoch 48/100 batch 52/66 (79%) running_loss=0.3125
2026-09-17 22:33:41,894 INFO train epoch 48/100 batch 65/66 (98%) running_loss=0.3111
2026-09-17 22:33:42,040 INFO train epoch 48/100 batch 66/66 (100%) running_loss=0.3110
2026-09-17 22:33:43,252 INFO epoch 48/100 done: train_loss=0.3110 val_loss=0.2167 val_accuracy=0.9406 val_macro_f1=0.9188 val_macro_auc=0.9896 (checkpoint_metric=macro_auc)
2026-09-17 22:33:45,571 INFO train epoch 49/100 batch 13/66 (20%) running_loss=0.3076
2026-09-17 22:33:47,436 INFO train epoch 49/100 batch 26/66 (39%) running_loss=0.3106
2026-09-17 22:33:49,281 INFO train epoch 49/100 batch 39/66 (59%) running_loss=0.3111
2026-09-17 22:33:51,142 INFO train epoch 49/100 batch 52/66 (79%) running_loss=0.3103
2026-09-17 22:33:52,960 INFO train epoch 49/100 batch 65/66 (98%) running_loss=0.3092
2026-09-17 22:33:53,105 INFO train epoch 49/100 batch 66/66 (100%) running_loss=0.3092
2026-09-17 22:33:54,355 INFO epoch 49/100 done: train_loss=0.3092 val_loss=0.2235 val_accuracy=0.9344 val_macro_f1=0.9114 val_macro_auc=0.9902 (checkpoint_metric=macro_auc)
2026-09-17 22:33:56,736 INFO train epoch 50/100 batch 13/66 (20%) running_loss=0.3085
2026-09-17 22:33:58,684 INFO train epoch 50/100 batch 26/66 (39%) running_loss=0.3060
2026-09-17 22:34:00,591 INFO train epoch 50/100 batch 39/66 (59%) running_loss=0.3056
2026-09-17 22:34:02,449 INFO train epoch 50/100 batch 52/66 (79%) running_loss=0.3061
2026-09-17 22:34:04,310 INFO train epoch 50/100 batch 65/66 (98%) running_loss=0.3068
2026-09-17 22:34:04,454 INFO train epoch 50/100 batch 66/66 (100%) running_loss=0.3068
2026-09-17 22:34:05,694 INFO epoch 50/100 done: train_loss=0.3068 val_loss=0.2094 val_accuracy=0.9344 val_macro_f1=0.9104 val_macro_auc=0.9883 (checkpoint_metric=macro_auc)
2026-09-17 22:34:08,019 INFO train epoch 51/100 batch 13/66 (20%) running_loss=0.3072
2026-09-17 22:34:09,850 INFO train epoch 51/100 batch 26/66 (39%) running_loss=0.3047
2026-09-17 22:34:11,699 INFO train epoch 51/100 batch 39/66 (59%) running_loss=0.3046
2026-09-17 22:34:13,561 INFO train epoch 51/100 batch 52/66 (79%) running_loss=0.3040
2026-09-17 22:34:15,401 INFO train epoch 51/100 batch 65/66 (98%) running_loss=0.3046
2026-09-17 22:34:15,546 INFO train epoch 51/100 batch 66/66 (100%) running_loss=0.3046
2026-09-17 22:34:16,858 INFO epoch 51/100 done: train_loss=0.3046 val_loss=0.2272 val_accuracy=0.9365 val_macro_f1=0.9134 val_macro_auc=0.9880 (checkpoint_metric=macro_auc)
2026-09-17 22:34:19,176 INFO train epoch 52/100 batch 13/66 (20%) running_loss=0.3083
2026-09-17 22:34:21,034 INFO train epoch 52/100 batch 26/66 (39%) running_loss=0.3069
2026-09-17 22:34:22,906 INFO train epoch 52/100 batch 39/66 (59%) running_loss=0.3079
2026-09-17 22:34:24,800 INFO train epoch 52/100 batch 52/66 (79%) running_loss=0.3102
2026-09-17 22:34:26,649 INFO train epoch 52/100 batch 65/66 (98%) running_loss=0.3122
2026-09-17 22:34:26,794 INFO train epoch 52/100 batch 66/66 (100%) running_loss=0.3121
2026-09-17 22:34:28,032 INFO epoch 52/100 done: train_loss=0.3121 val_loss=0.2113 val_accuracy=0.9365 val_macro_f1=0.9134 val_macro_auc=0.9903 (checkpoint_metric=macro_auc)
2026-09-17 22:34:30,295 INFO train epoch 53/100 batch 13/66 (20%) running_loss=0.3011
2026-09-17 22:34:32,148 INFO train epoch 53/100 batch 26/66 (39%) running_loss=0.3049
2026-09-17 22:34:34,002 INFO train epoch 53/100 batch 39/66 (59%) running_loss=0.3049
2026-09-17 22:34:35,865 INFO train epoch 53/100 batch 52/66 (79%) running_loss=0.3056
2026-09-17 22:34:37,702 INFO train epoch 53/100 batch 65/66 (98%) running_loss=0.3047
2026-09-17 22:34:37,849 INFO train epoch 53/100 batch 66/66 (100%) running_loss=0.3047
2026-09-17 22:34:39,072 INFO epoch 53/100 done: train_loss=0.3047 val_loss=0.2212 val_accuracy=0.9344 val_macro_f1=0.9104 val_macro_auc=0.9880 (checkpoint_metric=macro_auc)
2026-09-17 22:34:41,409 INFO train epoch 54/100 batch 13/66 (20%) running_loss=0.3054
2026-09-17 22:34:43,262 INFO train epoch 54/100 batch 26/66 (39%) running_loss=0.3040
2026-09-17 22:34:45,120 INFO train epoch 54/100 batch 39/66 (59%) running_loss=0.3049
2026-09-17 22:34:46,960 INFO train epoch 54/100 batch 52/66 (79%) running_loss=0.3054
2026-09-17 22:34:48,793 INFO train epoch 54/100 batch 65/66 (98%) running_loss=0.3058
2026-09-17 22:34:48,941 INFO train epoch 54/100 batch 66/66 (100%) running_loss=0.3059
2026-09-17 22:34:50,223 INFO epoch 54/100 done: train_loss=0.3059 val_loss=0.2057 val_accuracy=0.9344 val_macro_f1=0.9104 val_macro_auc=0.9889 (checkpoint_metric=macro_auc)
2026-09-17 22:34:52,469 INFO train epoch 55/100 batch 13/66 (20%) running_loss=0.3035
2026-09-17 22:34:54,351 INFO train epoch 55/100 batch 26/66 (39%) running_loss=0.3030
2026-09-17 22:34:56,247 INFO train epoch 55/100 batch 39/66 (59%) running_loss=0.3027
2026-09-17 22:34:58,141 INFO train epoch 55/100 batch 52/66 (79%) running_loss=0.3052
2026-09-17 22:34:59,989 INFO train epoch 55/100 batch 65/66 (98%) running_loss=0.3079
2026-09-17 22:35:00,134 INFO train epoch 55/100 batch 66/66 (100%) running_loss=0.3084
2026-09-17 22:35:01,367 INFO epoch 55/100 done: train_loss=0.3084 val_loss=0.2148 val_accuracy=0.9303 val_macro_f1=0.9058 val_macro_auc=0.9895 (checkpoint_metric=macro_auc)
2026-09-17 22:35:03,710 INFO train epoch 56/100 batch 13/66 (20%) running_loss=0.3109
2026-09-17 22:35:05,547 INFO train epoch 56/100 batch 26/66 (39%) running_loss=0.3063
2026-09-17 22:35:07,396 INFO train epoch 56/100 batch 39/66 (59%) running_loss=0.3055
2026-09-17 22:35:09,237 INFO train epoch 56/100 batch 52/66 (79%) running_loss=0.3060
2026-09-17 22:35:11,059 INFO train epoch 56/100 batch 65/66 (98%) running_loss=0.3059
2026-09-17 22:35:11,202 INFO train epoch 56/100 batch 66/66 (100%) running_loss=0.3058
2026-09-17 22:35:12,473 INFO epoch 56/100 done: train_loss=0.3058 val_loss=0.2314 val_accuracy=0.9303 val_macro_f1=0.9072 val_macro_auc=0.9900 (checkpoint_metric=macro_auc)
2026-09-17 22:35:14,841 INFO train epoch 57/100 batch 13/66 (20%) running_loss=0.3041
2026-09-17 22:35:16,697 INFO train epoch 57/100 batch 26/66 (39%) running_loss=0.3024
2026-09-17 22:35:18,526 INFO train epoch 57/100 batch 39/66 (59%) running_loss=0.3034
2026-09-17 22:35:20,389 INFO train epoch 57/100 batch 52/66 (79%) running_loss=0.3033
2026-09-17 22:35:22,228 INFO train epoch 57/100 batch 65/66 (98%) running_loss=0.3045
2026-09-17 22:35:22,371 INFO train epoch 57/100 batch 66/66 (100%) running_loss=0.3044
2026-09-17 22:35:23,596 INFO epoch 57/100 done: train_loss=0.3044 val_loss=0.2320 val_accuracy=0.9344 val_macro_f1=0.9118 val_macro_auc=0.9891 (checkpoint_metric=macro_auc)
2026-09-17 22:35:25,932 INFO train epoch 58/100 batch 13/66 (20%) running_loss=0.3020
2026-09-17 22:35:27,802 INFO train epoch 58/100 batch 26/66 (39%) running_loss=0.3032
2026-09-17 22:35:29,668 INFO train epoch 58/100 batch 39/66 (59%) running_loss=0.3032
2026-09-17 22:35:31,525 INFO train epoch 58/100 batch 52/66 (79%) running_loss=0.3032
2026-09-17 22:35:33,322 INFO train epoch 58/100 batch 65/66 (98%) running_loss=0.3035
2026-09-17 22:35:33,468 INFO train epoch 58/100 batch 66/66 (100%) running_loss=0.3035
2026-09-17 22:35:34,763 INFO epoch 58/100 done: train_loss=0.3035 val_loss=0.2210 val_accuracy=0.9344 val_macro_f1=0.9114 val_macro_auc=0.9894 (checkpoint_metric=macro_auc)
2026-09-17 22:35:37,094 INFO train epoch 59/100 batch 13/66 (20%) running_loss=0.3063
2026-09-17 22:35:38,934 INFO train epoch 59/100 batch 26/66 (39%) running_loss=0.3044
2026-09-17 22:35:40,789 INFO train epoch 59/100 batch 39/66 (59%) running_loss=0.3032
2026-09-17 22:35:42,639 INFO train epoch 59/100 batch 52/66 (79%) running_loss=0.3038
2026-09-17 22:35:44,476 INFO train epoch 59/100 batch 65/66 (98%) running_loss=0.3044
2026-09-17 22:35:44,622 INFO train epoch 59/100 batch 66/66 (100%) running_loss=0.3045
2026-09-17 22:35:45,909 INFO epoch 59/100 done: train_loss=0.3045 val_loss=0.2494 val_accuracy=0.9283 val_macro_f1=0.9049 val_macro_auc=0.9882 (checkpoint_metric=macro_auc)
2026-09-17 22:35:48,245 INFO train epoch 60/100 batch 13/66 (20%) running_loss=0.3063
2026-09-17 22:35:50,086 INFO train epoch 60/100 batch 26/66 (39%) running_loss=0.3042
2026-09-17 22:35:51,958 INFO train epoch 60/100 batch 39/66 (59%) running_loss=0.3046
2026-09-17 22:35:53,812 INFO train epoch 60/100 batch 52/66 (79%) running_loss=0.3053
2026-09-17 22:35:55,650 INFO train epoch 60/100 batch 65/66 (98%) running_loss=0.3053
2026-09-17 22:35:55,797 INFO train epoch 60/100 batch 66/66 (100%) running_loss=0.3059
2026-09-17 22:35:57,082 INFO epoch 60/100 done: train_loss=0.3059 val_loss=0.2219 val_accuracy=0.9365 val_macro_f1=0.9138 val_macro_auc=0.9887 (checkpoint_metric=macro_auc)
2026-09-17 22:35:59,453 INFO train epoch 61/100 batch 13/66 (20%) running_loss=0.3035
2026-09-17 22:36:01,369 INFO train epoch 61/100 batch 26/66 (39%) running_loss=0.3040
2026-09-17 22:36:03,215 INFO train epoch 61/100 batch 39/66 (59%) running_loss=0.3052
2026-09-17 22:36:05,073 INFO train epoch 61/100 batch 52/66 (79%) running_loss=0.3048
2026-09-17 22:36:06,900 INFO train epoch 61/100 batch 65/66 (98%) running_loss=0.3044
2026-09-17 22:36:07,045 INFO train epoch 61/100 batch 66/66 (100%) running_loss=0.3043
2026-09-17 22:36:08,366 INFO epoch 61/100 done: train_loss=0.3043 val_loss=0.2225 val_accuracy=0.9385 val_macro_f1=0.9171 val_macro_auc=0.9889 (checkpoint_metric=macro_auc)
2026-09-17 22:36:10,745 INFO train epoch 62/100 batch 13/66 (20%) running_loss=0.3033
2026-09-17 22:36:12,680 INFO train epoch 62/100 batch 26/66 (39%) running_loss=0.3039
2026-09-17 22:36:14,561 INFO train epoch 62/100 batch 39/66 (59%) running_loss=0.3036
2026-09-17 22:36:16,426 INFO train epoch 62/100 batch 52/66 (79%) running_loss=0.3030
2026-09-17 22:36:18,254 INFO train epoch 62/100 batch 65/66 (98%) running_loss=0.3031
2026-09-17 22:36:18,396 INFO train epoch 62/100 batch 66/66 (100%) running_loss=0.3031
2026-09-17 22:36:19,641 INFO epoch 62/100 done: train_loss=0.3031 val_loss=0.2403 val_accuracy=0.9324 val_macro_f1=0.9095 val_macro_auc=0.9868 (checkpoint_metric=macro_auc)
2026-09-17 22:36:21,876 INFO train epoch 63/100 batch 13/66 (20%) running_loss=0.3013
2026-09-17 22:36:23,725 INFO train epoch 63/100 batch 26/66 (39%) running_loss=0.3031
2026-09-17 22:36:25,553 INFO train epoch 63/100 batch 39/66 (59%) running_loss=0.3030
2026-09-17 22:36:27,375 INFO train epoch 63/100 batch 52/66 (79%) running_loss=0.3035
2026-09-17 22:36:29,183 INFO train epoch 63/100 batch 65/66 (98%) running_loss=0.3031
2026-09-17 22:36:29,328 INFO train epoch 63/100 batch 66/66 (100%) running_loss=0.3030
2026-09-17 22:36:30,566 INFO epoch 63/100 done: train_loss=0.3030 val_loss=0.2364 val_accuracy=0.9324 val_macro_f1=0.9095 val_macro_auc=0.9879 (checkpoint_metric=macro_auc)
2026-09-17 22:36:32,895 INFO train epoch 64/100 batch 13/66 (20%) running_loss=0.3067
2026-09-17 22:36:34,773 INFO train epoch 64/100 batch 26/66 (39%) running_loss=0.3054
2026-09-17 22:36:36,669 INFO train epoch 64/100 batch 39/66 (59%) running_loss=0.3043
2026-09-17 22:36:38,557 INFO train epoch 64/100 batch 52/66 (79%) running_loss=0.3033
2026-09-17 22:36:40,412 INFO train epoch 64/100 batch 65/66 (98%) running_loss=0.3041
2026-09-17 22:36:40,556 INFO train epoch 64/100 batch 66/66 (100%) running_loss=0.3041
2026-09-17 22:36:41,844 INFO epoch 64/100 done: train_loss=0.3041 val_loss=0.2192 val_accuracy=0.9365 val_macro_f1=0.9141 val_macro_auc=0.9893 (checkpoint_metric=macro_auc)
2026-09-17 22:36:44,181 INFO train epoch 65/100 batch 13/66 (20%) running_loss=0.3017
2026-09-17 22:36:46,006 INFO train epoch 65/100 batch 26/66 (39%) running_loss=0.3012
2026-09-17 22:36:47,854 INFO train epoch 65/100 batch 39/66 (59%) running_loss=0.3013
2026-09-17 22:36:49,735 INFO train epoch 65/100 batch 52/66 (79%) running_loss=0.3019
2026-09-17 22:36:51,566 INFO train epoch 65/100 batch 65/66 (98%) running_loss=0.3020
2026-09-17 22:36:51,721 INFO train epoch 65/100 batch 66/66 (100%) running_loss=0.3020
2026-09-17 22:36:53,061 INFO epoch 65/100 done: train_loss=0.3020 val_loss=0.2247 val_accuracy=0.9344 val_macro_f1=0.9117 val_macro_auc=0.9895 (checkpoint_metric=macro_auc)
2026-09-17 22:36:55,407 INFO train epoch 66/100 batch 13/66 (20%) running_loss=0.3158
2026-09-17 22:36:57,294 INFO train epoch 66/100 batch 26/66 (39%) running_loss=0.3173
2026-09-17 22:36:59,184 INFO train epoch 66/100 batch 39/66 (59%) running_loss=0.3122
2026-09-17 22:37:01,042 INFO train epoch 66/100 batch 52/66 (79%) running_loss=0.3094
2026-09-17 22:37:02,877 INFO train epoch 66/100 batch 65/66 (98%) running_loss=0.3093
2026-09-17 22:37:03,020 INFO train epoch 66/100 batch 66/66 (100%) running_loss=0.3096
2026-09-17 22:37:04,240 INFO epoch 66/100 done: train_loss=0.3096 val_loss=0.2348 val_accuracy=0.9324 val_macro_f1=0.9088 val_macro_auc=0.9880 (checkpoint_metric=macro_auc)
2026-09-17 22:37:06,800 INFO train epoch 67/100 batch 13/66 (20%) running_loss=0.2989
2026-09-17 22:37:08,716 INFO train epoch 67/100 batch 26/66 (39%) running_loss=0.2992
2026-09-17 22:37:10,590 INFO train epoch 67/100 batch 39/66 (59%) running_loss=0.3004
2026-09-17 22:37:12,451 INFO train epoch 67/100 batch 52/66 (79%) running_loss=0.3001
2026-09-17 22:37:14,287 INFO train epoch 67/100 batch 65/66 (98%) running_loss=0.3001
2026-09-17 22:37:14,431 INFO train epoch 67/100 batch 66/66 (100%) running_loss=0.3001
2026-09-17 22:37:15,679 INFO epoch 67/100 done: train_loss=0.3001 val_loss=0.2284 val_accuracy=0.9324 val_macro_f1=0.9095 val_macro_auc=0.9880 (checkpoint_metric=macro_auc)
2026-09-17 22:37:17,940 INFO train epoch 68/100 batch 13/66 (20%) running_loss=0.3045
2026-09-17 22:37:19,815 INFO train epoch 68/100 batch 26/66 (39%) running_loss=0.3034
2026-09-17 22:37:21,667 INFO train epoch 68/100 batch 39/66 (59%) running_loss=0.3032
2026-09-17 22:37:23,501 INFO train epoch 68/100 batch 52/66 (79%) running_loss=0.3035
2026-09-17 22:37:25,328 INFO train epoch 68/100 batch 65/66 (98%) running_loss=0.3039
2026-09-17 22:37:25,472 INFO train epoch 68/100 batch 66/66 (100%) running_loss=0.3039
2026-09-17 22:37:26,733 INFO epoch 68/100 done: train_loss=0.3039 val_loss=0.2418 val_accuracy=0.9303 val_macro_f1=0.9072 val_macro_auc=0.9888 (checkpoint_metric=macro_auc)
2026-09-17 22:37:29,035 INFO train epoch 69/100 batch 13/66 (20%) running_loss=0.2998
2026-09-17 22:37:30,860 INFO train epoch 69/100 batch 26/66 (39%) running_loss=0.3005
2026-09-17 22:37:32,690 INFO train epoch 69/100 batch 39/66 (59%) running_loss=0.3012
2026-09-17 22:37:34,581 INFO train epoch 69/100 batch 52/66 (79%) running_loss=0.3016
2026-09-17 22:37:36,404 INFO train epoch 69/100 batch 65/66 (98%) running_loss=0.3016
2026-09-17 22:37:36,550 INFO train epoch 69/100 batch 66/66 (100%) running_loss=0.3017
2026-09-17 22:37:37,779 INFO epoch 69/100 done: train_loss=0.3017 val_loss=0.2265 val_accuracy=0.9324 val_macro_f1=0.9091 val_macro_auc=0.9893 (checkpoint_metric=macro_auc)
2026-09-17 22:37:40,112 INFO train epoch 70/100 batch 13/66 (20%) running_loss=0.3000
2026-09-17 22:37:41,967 INFO train epoch 70/100 batch 26/66 (39%) running_loss=0.3018
2026-09-17 22:37:43,805 INFO train epoch 70/100 batch 39/66 (59%) running_loss=0.3022
2026-09-17 22:37:45,641 INFO train epoch 70/100 batch 52/66 (79%) running_loss=0.3034
2026-09-17 22:37:47,464 INFO train epoch 70/100 batch 65/66 (98%) running_loss=0.3026
2026-09-17 22:37:47,607 INFO train epoch 70/100 batch 66/66 (100%) running_loss=0.3025
2026-09-17 22:37:48,860 INFO epoch 70/100 done: train_loss=0.3025 val_loss=0.2530 val_accuracy=0.9303 val_macro_f1=0.9072 val_macro_auc=0.9863 (checkpoint_metric=macro_auc)
2026-09-17 22:37:51,182 INFO train epoch 71/100 batch 13/66 (20%) running_loss=0.3044
2026-09-17 22:37:53,025 INFO train epoch 71/100 batch 26/66 (39%) running_loss=0.3052
2026-09-17 22:37:54,878 INFO train epoch 71/100 batch 39/66 (59%) running_loss=0.3040
2026-09-17 22:37:56,722 INFO train epoch 71/100 batch 52/66 (79%) running_loss=0.3041
2026-09-17 22:37:58,552 INFO train epoch 71/100 batch 65/66 (98%) running_loss=0.3037
2026-09-17 22:37:58,698 INFO train epoch 71/100 batch 66/66 (100%) running_loss=0.3037
2026-09-17 22:37:59,937 INFO epoch 71/100 done: train_loss=0.3037 val_loss=0.2421 val_accuracy=0.9303 val_macro_f1=0.9072 val_macro_auc=0.9879 (checkpoint_metric=macro_auc)
2026-09-17 22:38:02,287 INFO train epoch 72/100 batch 13/66 (20%) running_loss=0.2976
2026-09-17 22:38:04,127 INFO train epoch 72/100 batch 26/66 (39%) running_loss=0.2984
2026-09-17 22:38:05,993 INFO train epoch 72/100 batch 39/66 (59%) running_loss=0.2997
2026-09-17 22:38:07,849 INFO train epoch 72/100 batch 52/66 (79%) running_loss=0.3001
2026-09-17 22:38:09,675 INFO train epoch 72/100 batch 65/66 (98%) running_loss=0.3002
2026-09-17 22:38:09,820 INFO train epoch 72/100 batch 66/66 (100%) running_loss=0.3010
2026-09-17 22:38:11,102 INFO epoch 72/100 done: train_loss=0.3010 val_loss=0.2372 val_accuracy=0.9324 val_macro_f1=0.9088 val_macro_auc=0.9874 (checkpoint_metric=macro_auc)
2026-09-17 22:38:13,357 INFO train epoch 73/100 batch 13/66 (20%) running_loss=0.3012
2026-09-17 22:38:15,274 INFO train epoch 73/100 batch 26/66 (39%) running_loss=0.3005
2026-09-17 22:38:17,177 INFO train epoch 73/100 batch 39/66 (59%) running_loss=0.3008
2026-09-17 22:38:19,059 INFO train epoch 73/100 batch 52/66 (79%) running_loss=0.3007
2026-09-17 22:38:20,924 INFO train epoch 73/100 batch 65/66 (98%) running_loss=0.3018
2026-09-17 22:38:21,070 INFO train epoch 73/100 batch 66/66 (100%) running_loss=0.3017
2026-09-17 22:38:22,302 INFO epoch 73/100 done: train_loss=0.3017 val_loss=0.2326 val_accuracy=0.9324 val_macro_f1=0.9095 val_macro_auc=0.9895 (checkpoint_metric=macro_auc)
2026-09-17 22:38:24,637 INFO train epoch 74/100 batch 13/66 (20%) running_loss=0.3027
2026-09-17 22:38:26,528 INFO train epoch 74/100 batch 26/66 (39%) running_loss=0.3068
2026-09-17 22:38:28,408 INFO train epoch 74/100 batch 39/66 (59%) running_loss=0.3049
2026-09-17 22:38:30,267 INFO train epoch 74/100 batch 52/66 (79%) running_loss=0.3034
2026-09-17 22:38:32,107 INFO train epoch 74/100 batch 65/66 (98%) running_loss=0.3043
2026-09-17 22:38:32,251 INFO train epoch 74/100 batch 66/66 (100%) running_loss=0.3042
2026-09-17 22:38:33,495 INFO epoch 74/100 done: train_loss=0.3042 val_loss=0.2424 val_accuracy=0.9303 val_macro_f1=0.9072 val_macro_auc=0.9885 (checkpoint_metric=macro_auc)
2026-09-17 22:38:35,844 INFO train epoch 75/100 batch 13/66 (20%) running_loss=0.3043
2026-09-17 22:38:37,700 INFO train epoch 75/100 batch 26/66 (39%) running_loss=0.3019
2026-09-17 22:38:39,573 INFO train epoch 75/100 batch 39/66 (59%) running_loss=0.3017
2026-09-17 22:38:41,416 INFO train epoch 75/100 batch 52/66 (79%) running_loss=0.3015
2026-09-17 22:38:43,235 INFO train epoch 75/100 batch 65/66 (98%) running_loss=0.3037
2026-09-17 22:38:43,380 INFO train epoch 75/100 batch 66/66 (100%) running_loss=0.3037
2026-09-17 22:38:44,600 INFO epoch 75/100 done: train_loss=0.3037 val_loss=0.2370 val_accuracy=0.9303 val_macro_f1=0.9068 val_macro_auc=0.9900 (checkpoint_metric=macro_auc)
2026-09-17 22:38:46,870 INFO train epoch 76/100 batch 13/66 (20%) running_loss=0.3000
2026-09-17 22:38:48,715 INFO train epoch 76/100 batch 26/66 (39%) running_loss=0.3013
2026-09-17 22:38:50,560 INFO train epoch 76/100 batch 39/66 (59%) running_loss=0.3014
2026-09-17 22:38:52,396 INFO train epoch 76/100 batch 52/66 (79%) running_loss=0.3034
2026-09-17 22:38:54,222 INFO train epoch 76/100 batch 65/66 (98%) running_loss=0.3027
2026-09-17 22:38:54,367 INFO train epoch 76/100 batch 66/66 (100%) running_loss=0.3027
2026-09-17 22:38:55,674 INFO epoch 76/100 done: train_loss=0.3027 val_loss=0.2325 val_accuracy=0.9344 val_macro_f1=0.9121 val_macro_auc=0.9898 (checkpoint_metric=macro_auc)
2026-09-17 22:38:58,033 INFO train epoch 77/100 batch 13/66 (20%) running_loss=0.2995
2026-09-17 22:38:59,906 INFO train epoch 77/100 batch 26/66 (39%) running_loss=0.2996
2026-09-17 22:39:01,754 INFO train epoch 77/100 batch 39/66 (59%) running_loss=0.3001
2026-09-17 22:39:03,599 INFO train epoch 77/100 batch 52/66 (79%) running_loss=0.3007
2026-09-17 22:39:05,427 INFO train epoch 77/100 batch 65/66 (98%) running_loss=0.3009
2026-09-17 22:39:05,573 INFO train epoch 77/100 batch 66/66 (100%) running_loss=0.3009
2026-09-17 22:39:06,866 INFO epoch 77/100 done: train_loss=0.3009 val_loss=0.2399 val_accuracy=0.9303 val_macro_f1=0.9075 val_macro_auc=0.9887 (checkpoint_metric=macro_auc)
2026-09-17 22:39:09,225 INFO train epoch 78/100 batch 13/66 (20%) running_loss=0.2997
2026-09-17 22:39:11,088 INFO train epoch 78/100 batch 26/66 (39%) running_loss=0.3020
2026-09-17 22:39:12,953 INFO train epoch 78/100 batch 39/66 (59%) running_loss=0.3021
2026-09-17 22:39:14,809 INFO train epoch 78/100 batch 52/66 (79%) running_loss=0.3016
2026-09-17 22:39:16,628 INFO train epoch 78/100 batch 65/66 (98%) running_loss=0.3016
2026-09-17 22:39:16,773 INFO train epoch 78/100 batch 66/66 (100%) running_loss=0.3015
2026-09-17 22:39:18,079 INFO epoch 78/100 done: train_loss=0.3015 val_loss=0.2318 val_accuracy=0.9344 val_macro_f1=0.9114 val_macro_auc=0.9893 (checkpoint_metric=macro_auc)
2026-09-17 22:39:20,421 INFO train epoch 79/100 batch 13/66 (20%) running_loss=0.3015
2026-09-17 22:39:22,350 INFO train epoch 79/100 batch 26/66 (39%) running_loss=0.3000
2026-09-17 22:39:24,276 INFO train epoch 79/100 batch 39/66 (59%) running_loss=0.3017
2026-09-17 22:39:26,210 INFO train epoch 79/100 batch 52/66 (79%) running_loss=0.3021
2026-09-17 22:39:28,071 INFO train epoch 79/100 batch 65/66 (98%) running_loss=0.3018
2026-09-17 22:39:28,216 INFO train epoch 79/100 batch 66/66 (100%) running_loss=0.3018
2026-09-17 22:39:29,440 INFO epoch 79/100 done: train_loss=0.3018 val_loss=0.2297 val_accuracy=0.9324 val_macro_f1=0.9098 val_macro_auc=0.9890 (checkpoint_metric=macro_auc)
2026-09-17 22:39:31,784 INFO train epoch 80/100 batch 13/66 (20%) running_loss=0.3056
2026-09-17 22:39:33,607 INFO train epoch 80/100 batch 26/66 (39%) running_loss=0.3028
2026-09-17 22:39:35,441 INFO train epoch 80/100 batch 39/66 (59%) running_loss=0.3038
2026-09-17 22:39:37,326 INFO train epoch 80/100 batch 52/66 (79%) running_loss=0.3030
2026-09-17 22:39:39,173 INFO train epoch 80/100 batch 65/66 (98%) running_loss=0.3025
2026-09-17 22:39:39,318 INFO train epoch 80/100 batch 66/66 (100%) running_loss=0.3025
2026-09-17 22:39:40,634 INFO epoch 80/100 done: train_loss=0.3025 val_loss=0.2272 val_accuracy=0.9324 val_macro_f1=0.9088 val_macro_auc=0.9874 (checkpoint_metric=macro_auc)
2026-09-17 22:39:42,958 INFO train epoch 81/100 batch 13/66 (20%) running_loss=0.2998
2026-09-17 22:39:44,840 INFO train epoch 81/100 batch 26/66 (39%) running_loss=0.3027
2026-09-17 22:39:46,716 INFO train epoch 81/100 batch 39/66 (59%) running_loss=0.3028
2026-09-17 22:39:48,581 INFO train epoch 81/100 batch 52/66 (79%) running_loss=0.3027
2026-09-17 22:39:50,403 INFO train epoch 81/100 batch 65/66 (98%) running_loss=0.3026
2026-09-17 22:39:50,548 INFO train epoch 81/100 batch 66/66 (100%) running_loss=0.3026
2026-09-17 22:39:51,889 INFO epoch 81/100 done: train_loss=0.3026 val_loss=0.2166 val_accuracy=0.9344 val_macro_f1=0.9111 val_macro_auc=0.9881 (checkpoint_metric=macro_auc)
2026-09-17 22:39:54,203 INFO train epoch 82/100 batch 13/66 (20%) running_loss=0.3042
2026-09-17 22:39:56,045 INFO train epoch 82/100 batch 26/66 (39%) running_loss=0.3051
2026-09-17 22:39:57,901 INFO train epoch 82/100 batch 39/66 (59%) running_loss=0.3074
2026-09-17 22:39:59,750 INFO train epoch 82/100 batch 52/66 (79%) running_loss=0.3054
2026-09-17 22:40:01,575 INFO train epoch 82/100 batch 65/66 (98%) running_loss=0.3041
2026-09-17 22:40:01,719 INFO train epoch 82/100 batch 66/66 (100%) running_loss=0.3040
2026-09-17 22:40:02,941 INFO epoch 82/100 done: train_loss=0.3040 val_loss=0.2270 val_accuracy=0.9365 val_macro_f1=0.9141 val_macro_auc=0.9875 (checkpoint_metric=macro_auc)
2026-09-17 22:40:05,294 INFO train epoch 83/100 batch 13/66 (20%) running_loss=0.3059
2026-09-17 22:40:07,148 INFO train epoch 83/100 batch 26/66 (39%) running_loss=0.3045
2026-09-17 22:40:09,088 INFO train epoch 83/100 batch 39/66 (59%) running_loss=0.3036
2026-09-17 22:40:10,962 INFO train epoch 83/100 batch 52/66 (79%) running_loss=0.3033
2026-09-17 22:40:12,810 INFO train epoch 83/100 batch 65/66 (98%) running_loss=0.3027
2026-09-17 22:40:12,952 INFO train epoch 83/100 batch 66/66 (100%) running_loss=0.3036
2026-09-17 22:40:14,235 INFO epoch 83/100 done: train_loss=0.3036 val_loss=0.2351 val_accuracy=0.9324 val_macro_f1=0.9088 val_macro_auc=0.9880 (checkpoint_metric=macro_auc)
2026-09-17 22:40:16,535 INFO train epoch 84/100 batch 13/66 (20%) running_loss=0.2997
2026-09-17 22:40:18,386 INFO train epoch 84/100 batch 26/66 (39%) running_loss=0.3024
2026-09-17 22:40:20,239 INFO train epoch 84/100 batch 39/66 (59%) running_loss=0.3013
2026-09-17 22:40:22,091 INFO train epoch 84/100 batch 52/66 (79%) running_loss=0.3011
2026-09-17 22:40:23,913 INFO train epoch 84/100 batch 65/66 (98%) running_loss=0.3014
2026-09-17 22:40:24,058 INFO train epoch 84/100 batch 66/66 (100%) running_loss=0.3013
2026-09-17 22:40:25,329 INFO epoch 84/100 done: train_loss=0.3013 val_loss=0.2181 val_accuracy=0.9365 val_macro_f1=0.9138 val_macro_auc=0.9894 (checkpoint_metric=macro_auc)
2026-09-17 22:40:27,819 INFO train epoch 85/100 batch 13/66 (20%) running_loss=0.3015
2026-09-17 22:40:29,642 INFO train epoch 85/100 batch 26/66 (39%) running_loss=0.3020
2026-09-17 22:40:31,494 INFO train epoch 85/100 batch 39/66 (59%) running_loss=0.3011
2026-09-17 22:40:33,303 INFO train epoch 85/100 batch 52/66 (79%) running_loss=0.3013
2026-09-17 22:40:35,128 INFO train epoch 85/100 batch 65/66 (98%) running_loss=0.3017
2026-09-17 22:40:35,272 INFO train epoch 85/100 batch 66/66 (100%) running_loss=0.3019
2026-09-17 22:40:36,567 INFO epoch 85/100 done: train_loss=0.3019 val_loss=0.2196 val_accuracy=0.9365 val_macro_f1=0.9138 val_macro_auc=0.9893 (checkpoint_metric=macro_auc)
2026-09-17 22:40:38,908 INFO train epoch 86/100 batch 13/66 (20%) running_loss=0.3011
2026-09-17 22:40:40,743 INFO train epoch 86/100 batch 26/66 (39%) running_loss=0.3009
2026-09-17 22:40:42,570 INFO train epoch 86/100 batch 39/66 (59%) running_loss=0.3007
2026-09-17 22:40:44,393 INFO train epoch 86/100 batch 52/66 (79%) running_loss=0.3013
2026-09-17 22:40:46,201 INFO train epoch 86/100 batch 65/66 (98%) running_loss=0.3013
2026-09-17 22:40:46,345 INFO train epoch 86/100 batch 66/66 (100%) running_loss=0.3012
2026-09-17 22:40:47,630 INFO epoch 86/100 done: train_loss=0.3012 val_loss=0.2376 val_accuracy=0.9324 val_macro_f1=0.9098 val_macro_auc=0.9897 (checkpoint_metric=macro_auc)
2026-09-17 22:40:50,039 INFO train epoch 87/100 batch 13/66 (20%) running_loss=0.3045
2026-09-17 22:40:51,898 INFO train epoch 87/100 batch 26/66 (39%) running_loss=0.3030
2026-09-17 22:40:53,741 INFO train epoch 87/100 batch 39/66 (59%) running_loss=0.3020
2026-09-17 22:40:55,586 INFO train epoch 87/100 batch 52/66 (79%) running_loss=0.3019
2026-09-17 22:40:57,435 INFO train epoch 87/100 batch 65/66 (98%) running_loss=0.3017
2026-09-17 22:40:57,584 INFO train epoch 87/100 batch 66/66 (100%) running_loss=0.3017
2026-09-17 22:40:58,896 INFO epoch 87/100 done: train_loss=0.3017 val_loss=0.2311 val_accuracy=0.9344 val_macro_f1=0.9111 val_macro_auc=0.9872 (checkpoint_metric=macro_auc)
2026-09-17 22:41:01,237 INFO train epoch 88/100 batch 13/66 (20%) running_loss=0.3020
2026-09-17 22:41:03,141 INFO train epoch 88/100 batch 26/66 (39%) running_loss=0.3049
2026-09-17 22:41:05,023 INFO train epoch 88/100 batch 39/66 (59%) running_loss=0.3034
2026-09-17 22:41:06,895 INFO train epoch 88/100 batch 52/66 (79%) running_loss=0.3024
2026-09-17 22:41:08,720 INFO train epoch 88/100 batch 65/66 (98%) running_loss=0.3023
2026-09-17 22:41:08,864 INFO train epoch 88/100 batch 66/66 (100%) running_loss=0.3022
2026-09-17 22:41:10,157 INFO epoch 88/100 done: train_loss=0.3022 val_loss=0.2446 val_accuracy=0.9283 val_macro_f1=0.9042 val_macro_auc=0.9887 (checkpoint_metric=macro_auc)
2026-09-17 22:41:12,477 INFO train epoch 89/100 batch 13/66 (20%) running_loss=0.3011
2026-09-17 22:41:14,328 INFO train epoch 89/100 batch 26/66 (39%) running_loss=0.3017
2026-09-17 22:41:16,181 INFO train epoch 89/100 batch 39/66 (59%) running_loss=0.3002
2026-09-17 22:41:18,028 INFO train epoch 89/100 batch 52/66 (79%) running_loss=0.3004
2026-09-17 22:41:19,873 INFO train epoch 89/100 batch 65/66 (98%) running_loss=0.3003
2026-09-17 22:41:20,019 INFO train epoch 89/100 batch 66/66 (100%) running_loss=0.3004
2026-09-17 22:41:21,323 INFO epoch 89/100 done: train_loss=0.3004 val_loss=0.2273 val_accuracy=0.9344 val_macro_f1=0.9111 val_macro_auc=0.9884 (checkpoint_metric=macro_auc)
2026-09-17 22:41:23,686 INFO train epoch 90/100 batch 13/66 (20%) running_loss=0.3065
2026-09-17 22:41:25,546 INFO train epoch 90/100 batch 26/66 (39%) running_loss=0.3026
2026-09-17 22:41:27,409 INFO train epoch 90/100 batch 39/66 (59%) running_loss=0.3019
2026-09-17 22:41:29,276 INFO train epoch 90/100 batch 52/66 (79%) running_loss=0.3018
2026-09-17 22:41:31,131 INFO train epoch 90/100 batch 65/66 (98%) running_loss=0.3012
2026-09-17 22:41:31,274 INFO train epoch 90/100 batch 66/66 (100%) running_loss=0.3011
2026-09-17 22:41:32,519 INFO epoch 90/100 done: train_loss=0.3011 val_loss=0.2310 val_accuracy=0.9303 val_macro_f1=0.9065 val_macro_auc=0.9892 (checkpoint_metric=macro_auc)
2026-09-17 22:41:34,871 INFO train epoch 91/100 batch 13/66 (20%) running_loss=0.2995
2026-09-17 22:41:36,785 INFO train epoch 91/100 batch 26/66 (39%) running_loss=0.3004
2026-09-17 22:41:38,639 INFO train epoch 91/100 batch 39/66 (59%) running_loss=0.3007
2026-09-17 22:41:40,504 INFO train epoch 91/100 batch 52/66 (79%) running_loss=0.3004
2026-09-17 22:41:42,347 INFO train epoch 91/100 batch 65/66 (98%) running_loss=0.3003
2026-09-17 22:41:42,491 INFO train epoch 91/100 batch 66/66 (100%) running_loss=0.3003
2026-09-17 22:41:43,770 INFO epoch 91/100 done: train_loss=0.3003 val_loss=0.2374 val_accuracy=0.9344 val_macro_f1=0.9111 val_macro_auc=0.9871 (checkpoint_metric=macro_auc)
2026-09-17 22:41:46,100 INFO train epoch 92/100 batch 13/66 (20%) running_loss=0.3001
2026-09-17 22:41:48,038 INFO train epoch 92/100 batch 26/66 (39%) running_loss=0.3021
2026-09-17 22:41:50,095 INFO train epoch 92/100 batch 39/66 (59%) running_loss=0.3010
2026-09-17 22:41:52,074 INFO train epoch 92/100 batch 52/66 (79%) running_loss=0.3005
2026-09-17 22:41:53,897 INFO train epoch 92/100 batch 65/66 (98%) running_loss=0.3008
2026-09-17 22:41:54,040 INFO train epoch 92/100 batch 66/66 (100%) running_loss=0.3008
2026-09-17 22:41:55,265 INFO epoch 92/100 done: train_loss=0.3008 val_loss=0.2260 val_accuracy=0.9344 val_macro_f1=0.9111 val_macro_auc=0.9876 (checkpoint_metric=macro_auc)
2026-09-17 22:41:57,583 INFO train epoch 93/100 batch 13/66 (20%) running_loss=0.3007
2026-09-17 22:41:59,515 INFO train epoch 93/100 batch 26/66 (39%) running_loss=0.3018
2026-09-17 22:42:01,408 INFO train epoch 93/100 batch 39/66 (59%) running_loss=0.3007
2026-09-17 22:42:03,285 INFO train epoch 93/100 batch 52/66 (79%) running_loss=0.3007
2026-09-17 22:42:05,127 INFO train epoch 93/100 batch 65/66 (98%) running_loss=0.3003
2026-09-17 22:42:05,271 INFO train epoch 93/100 batch 66/66 (100%) running_loss=0.3004
2026-09-17 22:42:06,495 INFO epoch 93/100 done: train_loss=0.3004 val_loss=0.2325 val_accuracy=0.9344 val_macro_f1=0.9111 val_macro_auc=0.9885 (checkpoint_metric=macro_auc)
2026-09-17 22:42:08,818 INFO train epoch 94/100 batch 13/66 (20%) running_loss=0.3111
2026-09-17 22:42:10,664 INFO train epoch 94/100 batch 26/66 (39%) running_loss=0.3062
2026-09-17 22:42:12,512 INFO train epoch 94/100 batch 39/66 (59%) running_loss=0.3041
2026-09-17 22:42:14,364 INFO train epoch 94/100 batch 52/66 (79%) running_loss=0.3037
2026-09-17 22:42:16,202 INFO train epoch 94/100 batch 65/66 (98%) running_loss=0.3042
2026-09-17 22:42:16,346 INFO train epoch 94/100 batch 66/66 (100%) running_loss=0.3043
2026-09-17 22:42:17,576 INFO epoch 94/100 done: train_loss=0.3043 val_loss=0.2234 val_accuracy=0.9365 val_macro_f1=0.9138 val_macro_auc=0.9892 (checkpoint_metric=macro_auc)
2026-09-17 22:42:19,888 INFO train epoch 95/100 batch 13/66 (20%) running_loss=0.3003
2026-09-17 22:42:21,735 INFO train epoch 95/100 batch 26/66 (39%) running_loss=0.3009
2026-09-17 22:42:23,580 INFO train epoch 95/100 batch 39/66 (59%) running_loss=0.3013
2026-09-17 22:42:25,457 INFO train epoch 95/100 batch 52/66 (79%) running_loss=0.3008
2026-09-17 22:42:27,311 INFO train epoch 95/100 batch 65/66 (98%) running_loss=0.3012
2026-09-17 22:42:27,456 INFO train epoch 95/100 batch 66/66 (100%) running_loss=0.3011
2026-09-17 22:42:28,750 INFO epoch 95/100 done: train_loss=0.3011 val_loss=0.2324 val_accuracy=0.9324 val_macro_f1=0.9095 val_macro_auc=0.9886 (checkpoint_metric=macro_auc)
2026-09-17 22:42:31,081 INFO train epoch 96/100 batch 13/66 (20%) running_loss=0.3024
2026-09-17 22:42:32,926 INFO train epoch 96/100 batch 26/66 (39%) running_loss=0.3020
2026-09-17 22:42:34,798 INFO train epoch 96/100 batch 39/66 (59%) running_loss=0.3024
2026-09-17 22:42:36,697 INFO train epoch 96/100 batch 52/66 (79%) running_loss=0.3020
2026-09-17 22:42:38,545 INFO train epoch 96/100 batch 65/66 (98%) running_loss=0.3015
2026-09-17 22:42:38,692 INFO train epoch 96/100 batch 66/66 (100%) running_loss=0.3015
2026-09-17 22:42:39,984 INFO epoch 96/100 done: train_loss=0.3015 val_loss=0.2313 val_accuracy=0.9324 val_macro_f1=0.9088 val_macro_auc=0.9892 (checkpoint_metric=macro_auc)
2026-09-17 22:42:42,249 INFO train epoch 97/100 batch 13/66 (20%) running_loss=0.3025
2026-09-17 22:42:44,112 INFO train epoch 97/100 batch 26/66 (39%) running_loss=0.3021
2026-09-17 22:42:46,005 INFO train epoch 97/100 batch 39/66 (59%) running_loss=0.3021
2026-09-17 22:42:47,877 INFO train epoch 97/100 batch 52/66 (79%) running_loss=0.3011
2026-09-17 22:42:49,735 INFO train epoch 97/100 batch 65/66 (98%) running_loss=0.3010
2026-09-17 22:42:49,881 INFO train epoch 97/100 batch 66/66 (100%) running_loss=0.3010
2026-09-17 22:42:51,173 INFO epoch 97/100 done: train_loss=0.3010 val_loss=0.2318 val_accuracy=0.9344 val_macro_f1=0.9111 val_macro_auc=0.9876 (checkpoint_metric=macro_auc)
2026-09-17 22:42:53,474 INFO train epoch 98/100 batch 13/66 (20%) running_loss=0.2979
2026-09-17 22:42:55,326 INFO train epoch 98/100 batch 26/66 (39%) running_loss=0.2980
2026-09-17 22:42:57,165 INFO train epoch 98/100 batch 39/66 (59%) running_loss=0.2995
2026-09-17 22:42:59,011 INFO train epoch 98/100 batch 52/66 (79%) running_loss=0.2998
2026-09-17 22:43:00,863 INFO train epoch 98/100 batch 65/66 (98%) running_loss=0.3001
2026-09-17 22:43:01,006 INFO train epoch 98/100 batch 66/66 (100%) running_loss=0.3001
2026-09-17 22:43:02,294 INFO epoch 98/100 done: train_loss=0.3001 val_loss=0.2187 val_accuracy=0.9365 val_macro_f1=0.9138 val_macro_auc=0.9891 (checkpoint_metric=macro_auc)
2026-09-17 22:43:04,612 INFO train epoch 99/100 batch 13/66 (20%) running_loss=0.2994
2026-09-17 22:43:06,464 INFO train epoch 99/100 batch 26/66 (39%) running_loss=0.3013
2026-09-17 22:43:08,327 INFO train epoch 99/100 batch 39/66 (59%) running_loss=0.3015
2026-09-17 22:43:10,181 INFO train epoch 99/100 batch 52/66 (79%) running_loss=0.3030
2026-09-17 22:43:12,007 INFO train epoch 99/100 batch 65/66 (98%) running_loss=0.3027
2026-09-17 22:43:12,151 INFO train epoch 99/100 batch 66/66 (100%) running_loss=0.3027
2026-09-17 22:43:13,370 INFO epoch 99/100 done: train_loss=0.3027 val_loss=0.2297 val_accuracy=0.9365 val_macro_f1=0.9138 val_macro_auc=0.9884 (checkpoint_metric=macro_auc)
2026-09-17 22:43:15,683 INFO train epoch 100/100 batch 13/66 (20%) running_loss=0.2990
2026-09-17 22:43:17,521 INFO train epoch 100/100 batch 26/66 (39%) running_loss=0.3003
2026-09-17 22:43:19,348 INFO train epoch 100/100 batch 39/66 (59%) running_loss=0.3004
2026-09-17 22:43:21,166 INFO train epoch 100/100 batch 52/66 (79%) running_loss=0.3026
2026-09-17 22:43:22,977 INFO train epoch 100/100 batch 65/66 (98%) running_loss=0.3022
2026-09-17 22:43:23,120 INFO train epoch 100/100 batch 66/66 (100%) running_loss=0.3022
2026-09-17 22:43:24,348 INFO epoch 100/100 done: train_loss=0.3022 val_loss=0.2331 val_accuracy=0.9365 val_macro_f1=0.9141 val_macro_auc=0.9878 (checkpoint_metric=macro_auc)
2026-09-17 22:43:24,522 INFO Training finished. Best epoch=33, smoothed macro_auc=0.9905 (window=3)
2026-09-17 22:43:27,329 INFO Test set evaluated once: accuracy=0.8840 macro_f1=0.8739 macro_auc=0.9625
2026-09-17 22:43:28,191 INFO Model size: 52.86M params, 1.008 GFLOPs at 96x96
