2026-09-14 10:33:02,453 INFO Starting baseline training: model=resnet34 device=cuda amp=True image_size=96 epochs=50 lr=0.001 optimizer=sgd
2026-09-14 10:33:02,707 INFO Dataset ready: 3 classes, 2102 train / 488 val samples (split reused from outputs/baseline_resnet34_96_adaptive/split_indices.json)
2026-09-14 10:33:02,707 INFO Augmentation policy: sample-adaptive, from outputs/main1/augmentation_run/selected_policy.json
2026-09-14 10:33:03,928 INFO Classes: {'glioma_tumor': 0, 'meningioma_tumor': 1, 'pituitary_tumor': 2}
2026-09-14 10:33:03,929 INFO Regularization: weight_decay=7.0e-04 label_smoothing=0.10 grad_clip_norm=5.0
2026-09-14 10:33:05,695 INFO train epoch 1/50 batch 13/66 (20%) running_loss=1.2387
2026-09-14 10:33:06,502 INFO train epoch 1/50 batch 26/66 (39%) running_loss=1.0690
2026-09-14 10:33:07,426 INFO train epoch 1/50 batch 39/66 (59%) running_loss=0.9468
2026-09-14 10:33:08,276 INFO train epoch 1/50 batch 52/66 (79%) running_loss=0.8708
2026-09-14 10:33:09,073 INFO train epoch 1/50 batch 65/66 (98%) running_loss=0.8125
2026-09-14 10:33:09,231 INFO train epoch 1/50 batch 66/66 (100%) running_loss=0.8085
2026-09-14 10:33:10,500 INFO epoch 1/50 done: train_loss=0.8085 val_loss=0.3061 val_accuracy=0.8975 val_macro_f1=0.8560 val_macro_auc=0.9776 (checkpoint_metric=macro_auc) [new best]
2026-09-14 10:33:11,676 INFO train epoch 2/50 batch 13/66 (20%) running_loss=0.5780
2026-09-14 10:33:12,456 INFO train epoch 2/50 batch 26/66 (39%) running_loss=0.5633
2026-09-14 10:33:13,266 INFO train epoch 2/50 batch 39/66 (59%) running_loss=0.5545
2026-09-14 10:33:14,048 INFO train epoch 2/50 batch 52/66 (79%) running_loss=0.5346
2026-09-14 10:33:14,881 INFO train epoch 2/50 batch 65/66 (98%) running_loss=0.5299
2026-09-14 10:33:14,912 INFO train epoch 2/50 batch 66/66 (100%) running_loss=0.5299
2026-09-14 10:33:16,441 INFO epoch 2/50 done: train_loss=0.5299 val_loss=0.2912 val_accuracy=0.9098 val_macro_f1=0.8762 val_macro_auc=0.9780 (checkpoint_metric=macro_auc) [new best]
2026-09-14 10:33:17,635 INFO train epoch 3/50 batch 13/66 (20%) running_loss=0.4610
2026-09-14 10:33:18,451 INFO train epoch 3/50 batch 26/66 (39%) running_loss=0.4536
2026-09-14 10:33:19,262 INFO train epoch 3/50 batch 39/66 (59%) running_loss=0.4449
2026-09-14 10:33:20,076 INFO train epoch 3/50 batch 52/66 (79%) running_loss=0.4398
2026-09-14 10:33:20,976 INFO train epoch 3/50 batch 65/66 (98%) running_loss=0.4367
2026-09-14 10:33:21,005 INFO train epoch 3/50 batch 66/66 (100%) running_loss=0.4362
2026-09-14 10:33:22,055 INFO epoch 3/50 done: train_loss=0.4362 val_loss=0.2632 val_accuracy=0.9242 val_macro_f1=0.8897 val_macro_auc=0.9759 (checkpoint_metric=macro_auc)
2026-09-14 10:33:23,202 INFO train epoch 4/50 batch 13/66 (20%) running_loss=0.3834
2026-09-14 10:33:24,007 INFO train epoch 4/50 batch 26/66 (39%) running_loss=0.3795
2026-09-14 10:33:24,770 INFO train epoch 4/50 batch 39/66 (59%) running_loss=0.3821
2026-09-14 10:33:25,616 INFO train epoch 4/50 batch 52/66 (79%) running_loss=0.3867
2026-09-14 10:33:26,444 INFO train epoch 4/50 batch 65/66 (98%) running_loss=0.3868
2026-09-14 10:33:26,528 INFO train epoch 4/50 batch 66/66 (100%) running_loss=0.3866
2026-09-14 10:33:28,051 INFO epoch 4/50 done: train_loss=0.3866 val_loss=0.2194 val_accuracy=0.9385 val_macro_f1=0.9166 val_macro_auc=0.9871 (checkpoint_metric=macro_auc) [new best]
2026-09-14 10:33:29,194 INFO train epoch 5/50 batch 13/66 (20%) running_loss=0.3585
2026-09-14 10:33:30,044 INFO train epoch 5/50 batch 26/66 (39%) running_loss=0.3687
2026-09-14 10:33:30,863 INFO train epoch 5/50 batch 39/66 (59%) running_loss=0.3670
2026-09-14 10:33:31,755 INFO train epoch 5/50 batch 52/66 (79%) running_loss=0.3719
2026-09-14 10:33:32,495 INFO train epoch 5/50 batch 65/66 (98%) running_loss=0.3704
2026-09-14 10:33:32,534 INFO train epoch 5/50 batch 66/66 (100%) running_loss=0.3708
2026-09-14 10:33:34,052 INFO epoch 5/50 done: train_loss=0.3708 val_loss=0.2442 val_accuracy=0.9324 val_macro_f1=0.9075 val_macro_auc=0.9847 (checkpoint_metric=macro_auc) [new best]
2026-09-14 10:33:35,205 INFO train epoch 6/50 batch 13/66 (20%) running_loss=0.3695
2026-09-14 10:33:36,088 INFO train epoch 6/50 batch 26/66 (39%) running_loss=0.3644
2026-09-14 10:33:36,862 INFO train epoch 6/50 batch 39/66 (59%) running_loss=0.3637
2026-09-14 10:33:37,721 INFO train epoch 6/50 batch 52/66 (79%) running_loss=0.3666
2026-09-14 10:33:38,532 INFO train epoch 6/50 batch 65/66 (98%) running_loss=0.3660
2026-09-14 10:33:38,563 INFO train epoch 6/50 batch 66/66 (100%) running_loss=0.3659
2026-09-14 10:33:40,084 INFO epoch 6/50 done: train_loss=0.3659 val_loss=0.2811 val_accuracy=0.9139 val_macro_f1=0.8907 val_macro_auc=0.9835 (checkpoint_metric=macro_auc) [new best]
2026-09-14 10:33:41,264 INFO train epoch 7/50 batch 13/66 (20%) running_loss=0.3585
2026-09-14 10:33:42,069 INFO train epoch 7/50 batch 26/66 (39%) running_loss=0.3551
2026-09-14 10:33:42,863 INFO train epoch 7/50 batch 39/66 (59%) running_loss=0.3570
2026-09-14 10:33:43,680 INFO train epoch 7/50 batch 52/66 (79%) running_loss=0.3568
2026-09-14 10:33:44,485 INFO train epoch 7/50 batch 65/66 (98%) running_loss=0.3535
2026-09-14 10:33:44,516 INFO train epoch 7/50 batch 66/66 (100%) running_loss=0.3532
2026-09-14 10:33:45,546 INFO epoch 7/50 done: train_loss=0.3532 val_loss=0.2351 val_accuracy=0.9324 val_macro_f1=0.9050 val_macro_auc=0.9853 (checkpoint_metric=macro_auc)
2026-09-14 10:33:46,706 INFO train epoch 8/50 batch 13/66 (20%) running_loss=0.3704
2026-09-14 10:33:47,500 INFO train epoch 8/50 batch 26/66 (39%) running_loss=0.3566
2026-09-14 10:33:48,286 INFO train epoch 8/50 batch 39/66 (59%) running_loss=0.3550
2026-09-14 10:33:49,092 INFO train epoch 8/50 batch 52/66 (79%) running_loss=0.3534
2026-09-14 10:33:49,892 INFO train epoch 8/50 batch 65/66 (98%) running_loss=0.3539
2026-09-14 10:33:49,923 INFO train epoch 8/50 batch 66/66 (100%) running_loss=0.3538
2026-09-14 10:33:50,927 INFO epoch 8/50 done: train_loss=0.3538 val_loss=0.2301 val_accuracy=0.9385 val_macro_f1=0.9159 val_macro_auc=0.9857 (checkpoint_metric=macro_auc)
2026-09-14 10:33:52,256 INFO train epoch 9/50 batch 13/66 (20%) running_loss=0.3453
2026-09-14 10:33:53,026 INFO train epoch 9/50 batch 26/66 (39%) running_loss=0.3540
2026-09-14 10:33:53,805 INFO train epoch 9/50 batch 39/66 (59%) running_loss=0.3525
2026-09-14 10:33:54,623 INFO train epoch 9/50 batch 52/66 (79%) running_loss=0.3492
2026-09-14 10:33:55,454 INFO train epoch 9/50 batch 65/66 (98%) running_loss=0.3470
2026-09-14 10:33:55,485 INFO train epoch 9/50 batch 66/66 (100%) running_loss=0.3470
2026-09-14 10:33:56,494 INFO epoch 9/50 done: train_loss=0.3470 val_loss=0.2412 val_accuracy=0.9344 val_macro_f1=0.9085 val_macro_auc=0.9836 (checkpoint_metric=macro_auc)
2026-09-14 10:33:57,702 INFO train epoch 10/50 batch 13/66 (20%) running_loss=0.3449
2026-09-14 10:33:58,519 INFO train epoch 10/50 batch 26/66 (39%) running_loss=0.3477
2026-09-14 10:33:59,284 INFO train epoch 10/50 batch 39/66 (59%) running_loss=0.3445
2026-09-14 10:34:00,087 INFO train epoch 10/50 batch 52/66 (79%) running_loss=0.3454
2026-09-14 10:34:00,932 INFO train epoch 10/50 batch 65/66 (98%) running_loss=0.3434
2026-09-14 10:34:00,962 INFO train epoch 10/50 batch 66/66 (100%) running_loss=0.3436
2026-09-14 10:34:01,984 INFO epoch 10/50 done: train_loss=0.3436 val_loss=0.2493 val_accuracy=0.9201 val_macro_f1=0.8910 val_macro_auc=0.9844 (checkpoint_metric=macro_auc)
2026-09-14 10:34:03,157 INFO train epoch 11/50 batch 13/66 (20%) running_loss=0.3353
2026-09-14 10:34:03,968 INFO train epoch 11/50 batch 26/66 (39%) running_loss=0.3389
2026-09-14 10:34:04,778 INFO train epoch 11/50 batch 39/66 (59%) running_loss=0.3449
2026-09-14 10:34:05,617 INFO train epoch 11/50 batch 52/66 (79%) running_loss=0.3431
2026-09-14 10:34:06,499 INFO train epoch 11/50 batch 65/66 (98%) running_loss=0.3471
2026-09-14 10:34:06,529 INFO train epoch 11/50 batch 66/66 (100%) running_loss=0.3467
2026-09-14 10:34:08,085 INFO epoch 11/50 done: train_loss=0.3467 val_loss=0.2032 val_accuracy=0.9447 val_macro_f1=0.9195 val_macro_auc=0.9879 (checkpoint_metric=macro_auc) [new best]
2026-09-14 10:34:09,294 INFO train epoch 12/50 batch 13/66 (20%) running_loss=0.3410
2026-09-14 10:34:10,104 INFO train epoch 12/50 batch 26/66 (39%) running_loss=0.3452
2026-09-14 10:34:10,872 INFO train epoch 12/50 batch 39/66 (59%) running_loss=0.3415
2026-09-14 10:34:11,831 INFO train epoch 12/50 batch 52/66 (79%) running_loss=0.3407
2026-09-14 10:34:12,647 INFO train epoch 12/50 batch 65/66 (98%) running_loss=0.3422
2026-09-14 10:34:12,676 INFO train epoch 12/50 batch 66/66 (100%) running_loss=0.3418
2026-09-14 10:34:14,229 INFO epoch 12/50 done: train_loss=0.3418 val_loss=0.2138 val_accuracy=0.9406 val_macro_f1=0.9165 val_macro_auc=0.9868 (checkpoint_metric=macro_auc) [new best]
2026-09-14 10:34:15,457 INFO train epoch 13/50 batch 13/66 (20%) running_loss=0.3417
2026-09-14 10:34:16,299 INFO train epoch 13/50 batch 26/66 (39%) running_loss=0.3378
2026-09-14 10:34:17,176 INFO train epoch 13/50 batch 39/66 (59%) running_loss=0.3345
2026-09-14 10:34:17,988 INFO train epoch 13/50 batch 52/66 (79%) running_loss=0.3342
2026-09-14 10:34:18,851 INFO train epoch 13/50 batch 65/66 (98%) running_loss=0.3340
2026-09-14 10:34:18,881 INFO train epoch 13/50 batch 66/66 (100%) running_loss=0.3338
2026-09-14 10:34:20,419 INFO epoch 13/50 done: train_loss=0.3338 val_loss=0.2229 val_accuracy=0.9447 val_macro_f1=0.9231 val_macro_auc=0.9870 (checkpoint_metric=macro_auc) [new best]
2026-09-14 10:34:21,538 INFO train epoch 14/50 batch 13/66 (20%) running_loss=0.3349
2026-09-14 10:34:22,447 INFO train epoch 14/50 batch 26/66 (39%) running_loss=0.3378
2026-09-14 10:34:23,317 INFO train epoch 14/50 batch 39/66 (59%) running_loss=0.3410
2026-09-14 10:34:24,175 INFO train epoch 14/50 batch 52/66 (79%) running_loss=0.3407
2026-09-14 10:34:24,998 INFO train epoch 14/50 batch 65/66 (98%) running_loss=0.3387
2026-09-14 10:34:25,079 INFO train epoch 14/50 batch 66/66 (100%) running_loss=0.3385
2026-09-14 10:34:26,121 INFO epoch 14/50 done: train_loss=0.3385 val_loss=0.2304 val_accuracy=0.9385 val_macro_f1=0.9137 val_macro_auc=0.9867 (checkpoint_metric=macro_auc)
2026-09-14 10:34:27,288 INFO train epoch 15/50 batch 13/66 (20%) running_loss=0.3496
2026-09-14 10:34:28,089 INFO train epoch 15/50 batch 26/66 (39%) running_loss=0.3454
2026-09-14 10:34:28,971 INFO train epoch 15/50 batch 39/66 (59%) running_loss=0.3435
2026-09-14 10:34:29,730 INFO train epoch 15/50 batch 52/66 (79%) running_loss=0.3420
2026-09-14 10:34:30,607 INFO train epoch 15/50 batch 65/66 (98%) running_loss=0.3386
2026-09-14 10:34:30,637 INFO train epoch 15/50 batch 66/66 (100%) running_loss=0.3391
2026-09-14 10:34:32,133 INFO epoch 15/50 done: train_loss=0.3391 val_loss=0.2135 val_accuracy=0.9447 val_macro_f1=0.9214 val_macro_auc=0.9883 (checkpoint_metric=macro_auc) [new best]
2026-09-14 10:34:33,347 INFO train epoch 16/50 batch 13/66 (20%) running_loss=0.3261
2026-09-14 10:34:34,164 INFO train epoch 16/50 batch 26/66 (39%) running_loss=0.3396
2026-09-14 10:34:34,983 INFO train epoch 16/50 batch 39/66 (59%) running_loss=0.3392
2026-09-14 10:34:35,781 INFO train epoch 16/50 batch 52/66 (79%) running_loss=0.3375
2026-09-14 10:34:36,654 INFO train epoch 16/50 batch 65/66 (98%) running_loss=0.3426
2026-09-14 10:34:36,684 INFO train epoch 16/50 batch 66/66 (100%) running_loss=0.3423
2026-09-14 10:34:37,710 INFO epoch 16/50 done: train_loss=0.3423 val_loss=0.2140 val_accuracy=0.9447 val_macro_f1=0.9228 val_macro_auc=0.9859 (checkpoint_metric=macro_auc)
2026-09-14 10:34:38,858 INFO train epoch 17/50 batch 13/66 (20%) running_loss=0.3240
2026-09-14 10:34:39,617 INFO train epoch 17/50 batch 26/66 (39%) running_loss=0.3268
2026-09-14 10:34:40,436 INFO train epoch 17/50 batch 39/66 (59%) running_loss=0.3266
2026-09-14 10:34:41,321 INFO train epoch 17/50 batch 52/66 (79%) running_loss=0.3275
2026-09-14 10:34:42,080 INFO train epoch 17/50 batch 65/66 (98%) running_loss=0.3269
2026-09-14 10:34:42,111 INFO train epoch 17/50 batch 66/66 (100%) running_loss=0.3267
2026-09-14 10:34:43,146 INFO epoch 17/50 done: train_loss=0.3267 val_loss=0.2233 val_accuracy=0.9385 val_macro_f1=0.9151 val_macro_auc=0.9871 (checkpoint_metric=macro_auc)
2026-09-14 10:34:44,287 INFO train epoch 18/50 batch 13/66 (20%) running_loss=0.3204
2026-09-14 10:34:45,152 INFO train epoch 18/50 batch 26/66 (39%) running_loss=0.3239
2026-09-14 10:34:45,963 INFO train epoch 18/50 batch 39/66 (59%) running_loss=0.3259
2026-09-14 10:34:46,769 INFO train epoch 18/50 batch 52/66 (79%) running_loss=0.3257
2026-09-14 10:34:47,579 INFO train epoch 18/50 batch 65/66 (98%) running_loss=0.3249
2026-09-14 10:34:47,619 INFO train epoch 18/50 batch 66/66 (100%) running_loss=0.3248
2026-09-14 10:34:48,650 INFO epoch 18/50 done: train_loss=0.3248 val_loss=0.2182 val_accuracy=0.9426 val_macro_f1=0.9196 val_macro_auc=0.9883 (checkpoint_metric=macro_auc)
2026-09-14 10:34:49,785 INFO train epoch 19/50 batch 13/66 (20%) running_loss=0.3229
2026-09-14 10:34:50,704 INFO train epoch 19/50 batch 26/66 (39%) running_loss=0.3252
2026-09-14 10:34:51,560 INFO train epoch 19/50 batch 39/66 (59%) running_loss=0.3326
2026-09-14 10:34:52,382 INFO train epoch 19/50 batch 52/66 (79%) running_loss=0.3331
2026-09-14 10:34:53,182 INFO train epoch 19/50 batch 65/66 (98%) running_loss=0.3310
2026-09-14 10:34:53,264 INFO train epoch 19/50 batch 66/66 (100%) running_loss=0.3309
2026-09-14 10:34:54,835 INFO epoch 19/50 done: train_loss=0.3309 val_loss=0.2062 val_accuracy=0.9385 val_macro_f1=0.9152 val_macro_auc=0.9898 (checkpoint_metric=macro_auc) [new best]
2026-09-14 10:34:56,024 INFO train epoch 20/50 batch 13/66 (20%) running_loss=0.3205
2026-09-14 10:34:56,930 INFO train epoch 20/50 batch 26/66 (39%) running_loss=0.3231
2026-09-14 10:34:57,781 INFO train epoch 20/50 batch 39/66 (59%) running_loss=0.3260
2026-09-14 10:34:58,653 INFO train epoch 20/50 batch 52/66 (79%) running_loss=0.3253
2026-09-14 10:34:59,473 INFO train epoch 20/50 batch 65/66 (98%) running_loss=0.3266
2026-09-14 10:34:59,552 INFO train epoch 20/50 batch 66/66 (100%) running_loss=0.3267
2026-09-14 10:35:01,094 INFO epoch 20/50 done: train_loss=0.3267 val_loss=0.2090 val_accuracy=0.9365 val_macro_f1=0.9130 val_macro_auc=0.9905 (checkpoint_metric=macro_auc) [new best]
2026-09-14 10:35:02,214 INFO train epoch 21/50 batch 13/66 (20%) running_loss=0.3143
2026-09-14 10:35:03,114 INFO train epoch 21/50 batch 26/66 (39%) running_loss=0.3219
2026-09-14 10:35:03,941 INFO train epoch 21/50 batch 39/66 (59%) running_loss=0.3236
2026-09-14 10:35:04,782 INFO train epoch 21/50 batch 52/66 (79%) running_loss=0.3235
2026-09-14 10:35:05,562 INFO train epoch 21/50 batch 65/66 (98%) running_loss=0.3230
2026-09-14 10:35:05,635 INFO train epoch 21/50 batch 66/66 (100%) running_loss=0.3230
2026-09-14 10:35:07,188 INFO epoch 21/50 done: train_loss=0.3230 val_loss=0.2056 val_accuracy=0.9447 val_macro_f1=0.9218 val_macro_auc=0.9902 (checkpoint_metric=macro_auc) [new best]
2026-09-14 10:35:08,435 INFO train epoch 22/50 batch 13/66 (20%) running_loss=0.3178
2026-09-14 10:35:09,294 INFO train epoch 22/50 batch 26/66 (39%) running_loss=0.3264
2026-09-14 10:35:10,094 INFO train epoch 22/50 batch 39/66 (59%) running_loss=0.3263
2026-09-14 10:35:10,853 INFO train epoch 22/50 batch 52/66 (79%) running_loss=0.3243
2026-09-14 10:35:11,711 INFO train epoch 22/50 batch 65/66 (98%) running_loss=0.3249
2026-09-14 10:35:11,741 INFO train epoch 22/50 batch 66/66 (100%) running_loss=0.3251
2026-09-14 10:35:12,744 INFO epoch 22/50 done: train_loss=0.3251 val_loss=0.2396 val_accuracy=0.9344 val_macro_f1=0.9114 val_macro_auc=0.9872 (checkpoint_metric=macro_auc)
2026-09-14 10:35:13,942 INFO train epoch 23/50 batch 13/66 (20%) running_loss=0.3187
2026-09-14 10:35:14,756 INFO train epoch 23/50 batch 26/66 (39%) running_loss=0.3205
2026-09-14 10:35:15,598 INFO train epoch 23/50 batch 39/66 (59%) running_loss=0.3233
2026-09-14 10:35:16,410 INFO train epoch 23/50 batch 52/66 (79%) running_loss=0.3236
2026-09-14 10:35:17,206 INFO train epoch 23/50 batch 65/66 (98%) running_loss=0.3240
2026-09-14 10:35:17,236 INFO train epoch 23/50 batch 66/66 (100%) running_loss=0.3246
2026-09-14 10:35:18,257 INFO epoch 23/50 done: train_loss=0.3246 val_loss=0.2195 val_accuracy=0.9426 val_macro_f1=0.9206 val_macro_auc=0.9888 (checkpoint_metric=macro_auc)
2026-09-14 10:35:19,439 INFO train epoch 24/50 batch 13/66 (20%) running_loss=0.3328
2026-09-14 10:35:20,248 INFO train epoch 24/50 batch 26/66 (39%) running_loss=0.3228
2026-09-14 10:35:21,112 INFO train epoch 24/50 batch 39/66 (59%) running_loss=0.3240
2026-09-14 10:35:21,957 INFO train epoch 24/50 batch 52/66 (79%) running_loss=0.3232
2026-09-14 10:35:22,671 INFO train epoch 24/50 batch 65/66 (98%) running_loss=0.3240
2026-09-14 10:35:22,700 INFO train epoch 24/50 batch 66/66 (100%) running_loss=0.3238
2026-09-14 10:35:23,739 INFO epoch 24/50 done: train_loss=0.3238 val_loss=0.1961 val_accuracy=0.9529 val_macro_f1=0.9352 val_macro_auc=0.9921 (checkpoint_metric=macro_auc)
2026-09-14 10:35:24,859 INFO train epoch 25/50 batch 13/66 (20%) running_loss=0.3227
2026-09-14 10:35:25,625 INFO train epoch 25/50 batch 26/66 (39%) running_loss=0.3186
2026-09-14 10:35:26,449 INFO train epoch 25/50 batch 39/66 (59%) running_loss=0.3178
2026-09-14 10:35:27,340 INFO train epoch 25/50 batch 52/66 (79%) running_loss=0.3197
2026-09-14 10:35:28,126 INFO train epoch 25/50 batch 65/66 (98%) running_loss=0.3207
2026-09-14 10:35:28,154 INFO train epoch 25/50 batch 66/66 (100%) running_loss=0.3209
2026-09-14 10:35:29,651 INFO epoch 25/50 done: train_loss=0.3209 val_loss=0.2170 val_accuracy=0.9426 val_macro_f1=0.9223 val_macro_auc=0.9907 (checkpoint_metric=macro_auc) [new best]
2026-09-14 10:35:30,807 INFO train epoch 26/50 batch 13/66 (20%) running_loss=0.3113
2026-09-14 10:35:31,616 INFO train epoch 26/50 batch 26/66 (39%) running_loss=0.3132
2026-09-14 10:35:32,427 INFO train epoch 26/50 batch 39/66 (59%) running_loss=0.3148
2026-09-14 10:35:33,226 INFO train epoch 26/50 batch 52/66 (79%) running_loss=0.3164
2026-09-14 10:35:34,180 INFO train epoch 26/50 batch 65/66 (98%) running_loss=0.3175
2026-09-14 10:35:34,210 INFO train epoch 26/50 batch 66/66 (100%) running_loss=0.3174
2026-09-14 10:35:35,853 INFO epoch 26/50 done: train_loss=0.3174 val_loss=0.1862 val_accuracy=0.9426 val_macro_f1=0.9190 val_macro_auc=0.9922 (checkpoint_metric=macro_auc) [new best]
2026-09-14 10:35:37,145 INFO train epoch 27/50 batch 13/66 (20%) running_loss=0.3137
2026-09-14 10:35:38,076 INFO train epoch 27/50 batch 26/66 (39%) running_loss=0.3177
2026-09-14 10:35:38,952 INFO train epoch 27/50 batch 39/66 (59%) running_loss=0.3178
2026-09-14 10:35:40,132 INFO train epoch 27/50 batch 52/66 (79%) running_loss=0.3175
2026-09-14 10:35:40,872 INFO train epoch 27/50 batch 65/66 (98%) running_loss=0.3180
2026-09-14 10:35:40,903 INFO train epoch 27/50 batch 66/66 (100%) running_loss=0.3186
2026-09-14 10:35:41,928 INFO epoch 27/50 done: train_loss=0.3186 val_loss=0.2083 val_accuracy=0.9406 val_macro_f1=0.9185 val_macro_auc=0.9913 (checkpoint_metric=macro_auc)
2026-09-14 10:35:43,151 INFO train epoch 28/50 batch 13/66 (20%) running_loss=0.3305
2026-09-14 10:35:43,939 INFO train epoch 28/50 batch 26/66 (39%) running_loss=0.3278
2026-09-14 10:35:44,733 INFO train epoch 28/50 batch 39/66 (59%) running_loss=0.3283
2026-09-14 10:35:45,589 INFO train epoch 28/50 batch 52/66 (79%) running_loss=0.3265
2026-09-14 10:35:46,359 INFO train epoch 28/50 batch 65/66 (98%) running_loss=0.3251
2026-09-14 10:35:46,392 INFO train epoch 28/50 batch 66/66 (100%) running_loss=0.3256
2026-09-14 10:35:47,427 INFO epoch 28/50 done: train_loss=0.3256 val_loss=0.2098 val_accuracy=0.9406 val_macro_f1=0.9170 val_macro_auc=0.9903 (checkpoint_metric=macro_auc)
2026-09-14 10:35:48,583 INFO train epoch 29/50 batch 13/66 (20%) running_loss=0.3113
2026-09-14 10:35:49,384 INFO train epoch 29/50 batch 26/66 (39%) running_loss=0.3116
2026-09-14 10:35:50,186 INFO train epoch 29/50 batch 39/66 (59%) running_loss=0.3131
2026-09-14 10:35:51,111 INFO train epoch 29/50 batch 52/66 (79%) running_loss=0.3155
2026-09-14 10:35:51,894 INFO train epoch 29/50 batch 65/66 (98%) running_loss=0.3160
2026-09-14 10:35:51,924 INFO train epoch 29/50 batch 66/66 (100%) running_loss=0.3158
2026-09-14 10:35:52,931 INFO epoch 29/50 done: train_loss=0.3158 val_loss=0.2117 val_accuracy=0.9406 val_macro_f1=0.9188 val_macro_auc=0.9899 (checkpoint_metric=macro_auc)
2026-09-14 10:35:54,106 INFO train epoch 30/50 batch 13/66 (20%) running_loss=0.3170
2026-09-14 10:35:54,952 INFO train epoch 30/50 batch 26/66 (39%) running_loss=0.3140
2026-09-14 10:35:55,806 INFO train epoch 30/50 batch 39/66 (59%) running_loss=0.3161
2026-09-14 10:35:56,632 INFO train epoch 30/50 batch 52/66 (79%) running_loss=0.3168
2026-09-14 10:35:57,507 INFO train epoch 30/50 batch 65/66 (98%) running_loss=0.3169
2026-09-14 10:35:57,536 INFO train epoch 30/50 batch 66/66 (100%) running_loss=0.3171
2026-09-14 10:35:58,553 INFO epoch 30/50 done: train_loss=0.3171 val_loss=0.2365 val_accuracy=0.9262 val_macro_f1=0.8998 val_macro_auc=0.9883 (checkpoint_metric=macro_auc)
2026-09-14 10:35:59,680 INFO train epoch 31/50 batch 13/66 (20%) running_loss=0.3184
2026-09-14 10:36:00,575 INFO train epoch 31/50 batch 26/66 (39%) running_loss=0.3270
2026-09-14 10:36:01,364 INFO train epoch 31/50 batch 39/66 (59%) running_loss=0.3237
2026-09-14 10:36:02,121 INFO train epoch 31/50 batch 52/66 (79%) running_loss=0.3211
2026-09-14 10:36:02,862 INFO train epoch 31/50 batch 65/66 (98%) running_loss=0.3199
2026-09-14 10:36:02,920 INFO train epoch 31/50 batch 66/66 (100%) running_loss=0.3197
2026-09-14 10:36:03,976 INFO epoch 31/50 done: train_loss=0.3197 val_loss=0.2170 val_accuracy=0.9365 val_macro_f1=0.9123 val_macro_auc=0.9890 (checkpoint_metric=macro_auc)
2026-09-14 10:36:05,122 INFO train epoch 32/50 batch 13/66 (20%) running_loss=0.3145
2026-09-14 10:36:06,021 INFO train epoch 32/50 batch 26/66 (39%) running_loss=0.3160
2026-09-14 10:36:06,866 INFO train epoch 32/50 batch 39/66 (59%) running_loss=0.3165
2026-09-14 10:36:07,638 INFO train epoch 32/50 batch 52/66 (79%) running_loss=0.3175
2026-09-14 10:36:08,476 INFO train epoch 32/50 batch 65/66 (98%) running_loss=0.3170
2026-09-14 10:36:08,562 INFO train epoch 32/50 batch 66/66 (100%) running_loss=0.3176
2026-09-14 10:36:09,576 INFO epoch 32/50 done: train_loss=0.3176 val_loss=0.2087 val_accuracy=0.9385 val_macro_f1=0.9150 val_macro_auc=0.9916 (checkpoint_metric=macro_auc)
2026-09-14 10:36:10,740 INFO train epoch 33/50 batch 13/66 (20%) running_loss=0.3097
2026-09-14 10:36:11,565 INFO train epoch 33/50 batch 26/66 (39%) running_loss=0.3119
2026-09-14 10:36:12,426 INFO train epoch 33/50 batch 39/66 (59%) running_loss=0.3163
2026-09-14 10:36:13,306 INFO train epoch 33/50 batch 52/66 (79%) running_loss=0.3149
2026-09-14 10:36:14,157 INFO train epoch 33/50 batch 65/66 (98%) running_loss=0.3157
2026-09-14 10:36:14,186 INFO train epoch 33/50 batch 66/66 (100%) running_loss=0.3165
2026-09-14 10:36:15,223 INFO epoch 33/50 done: train_loss=0.3165 val_loss=0.2185 val_accuracy=0.9344 val_macro_f1=0.9102 val_macro_auc=0.9904 (checkpoint_metric=macro_auc)
2026-09-14 10:36:16,417 INFO train epoch 34/50 batch 13/66 (20%) running_loss=0.3186
2026-09-14 10:36:17,259 INFO train epoch 34/50 batch 26/66 (39%) running_loss=0.3164
2026-09-14 10:36:18,065 INFO train epoch 34/50 batch 39/66 (59%) running_loss=0.3160
2026-09-14 10:36:18,872 INFO train epoch 34/50 batch 52/66 (79%) running_loss=0.3173
2026-09-14 10:36:19,763 INFO train epoch 34/50 batch 65/66 (98%) running_loss=0.3172
2026-09-14 10:36:19,791 INFO train epoch 34/50 batch 66/66 (100%) running_loss=0.3171
2026-09-14 10:36:20,812 INFO epoch 34/50 done: train_loss=0.3171 val_loss=0.2110 val_accuracy=0.9406 val_macro_f1=0.9164 val_macro_auc=0.9905 (checkpoint_metric=macro_auc)
2026-09-14 10:36:22,049 INFO train epoch 35/50 batch 13/66 (20%) running_loss=0.3218
2026-09-14 10:36:22,873 INFO train epoch 35/50 batch 26/66 (39%) running_loss=0.3234
2026-09-14 10:36:23,658 INFO train epoch 35/50 batch 39/66 (59%) running_loss=0.3187
2026-09-14 10:36:24,424 INFO train epoch 35/50 batch 52/66 (79%) running_loss=0.3178
2026-09-14 10:36:25,253 INFO train epoch 35/50 batch 65/66 (98%) running_loss=0.3171
2026-09-14 10:36:25,283 INFO train epoch 35/50 batch 66/66 (100%) running_loss=0.3170
2026-09-14 10:36:26,313 INFO epoch 35/50 done: train_loss=0.3170 val_loss=0.2109 val_accuracy=0.9426 val_macro_f1=0.9196 val_macro_auc=0.9904 (checkpoint_metric=macro_auc)
2026-09-14 10:36:27,476 INFO train epoch 36/50 batch 13/66 (20%) running_loss=0.3148
2026-09-14 10:36:28,320 INFO train epoch 36/50 batch 26/66 (39%) running_loss=0.3163
2026-09-14 10:36:29,144 INFO train epoch 36/50 batch 39/66 (59%) running_loss=0.3143
2026-09-14 10:36:29,947 INFO train epoch 36/50 batch 52/66 (79%) running_loss=0.3154
2026-09-14 10:36:30,743 INFO train epoch 36/50 batch 65/66 (98%) running_loss=0.3151
2026-09-14 10:36:30,774 INFO train epoch 36/50 batch 66/66 (100%) running_loss=0.3150
2026-09-14 10:36:31,788 INFO epoch 36/50 done: train_loss=0.3150 val_loss=0.2073 val_accuracy=0.9426 val_macro_f1=0.9196 val_macro_auc=0.9912 (checkpoint_metric=macro_auc)
2026-09-14 10:36:32,962 INFO train epoch 37/50 batch 13/66 (20%) running_loss=0.3139
2026-09-14 10:36:33,717 INFO train epoch 37/50 batch 26/66 (39%) running_loss=0.3178
2026-09-14 10:36:34,512 INFO train epoch 37/50 batch 39/66 (59%) running_loss=0.3190
2026-09-14 10:36:35,462 INFO train epoch 37/50 batch 52/66 (79%) running_loss=0.3204
2026-09-14 10:36:36,274 INFO train epoch 37/50 batch 65/66 (98%) running_loss=0.3181
2026-09-14 10:36:36,303 INFO train epoch 37/50 batch 66/66 (100%) running_loss=0.3186
2026-09-14 10:36:37,356 INFO epoch 37/50 done: train_loss=0.3186 val_loss=0.2316 val_accuracy=0.9283 val_macro_f1=0.9042 val_macro_auc=0.9893 (checkpoint_metric=macro_auc)
2026-09-14 10:36:38,538 INFO train epoch 38/50 batch 13/66 (20%) running_loss=0.3144
2026-09-14 10:36:39,311 INFO train epoch 38/50 batch 26/66 (39%) running_loss=0.3144
2026-09-14 10:36:40,175 INFO train epoch 38/50 batch 39/66 (59%) running_loss=0.3158
2026-09-14 10:36:40,975 INFO train epoch 38/50 batch 52/66 (79%) running_loss=0.3156
2026-09-14 10:36:41,789 INFO train epoch 38/50 batch 65/66 (98%) running_loss=0.3153
2026-09-14 10:36:41,821 INFO train epoch 38/50 batch 66/66 (100%) running_loss=0.3153
2026-09-14 10:36:42,842 INFO epoch 38/50 done: train_loss=0.3153 val_loss=0.2058 val_accuracy=0.9365 val_macro_f1=0.9124 val_macro_auc=0.9917 (checkpoint_metric=macro_auc)
2026-09-14 10:36:43,989 INFO train epoch 39/50 batch 13/66 (20%) running_loss=0.3063
2026-09-14 10:36:44,785 INFO train epoch 39/50 batch 26/66 (39%) running_loss=0.3081
2026-09-14 10:36:45,687 INFO train epoch 39/50 batch 39/66 (59%) running_loss=0.3101
2026-09-14 10:36:46,497 INFO train epoch 39/50 batch 52/66 (79%) running_loss=0.3112
2026-09-14 10:36:47,281 INFO train epoch 39/50 batch 65/66 (98%) running_loss=0.3109
2026-09-14 10:36:47,311 INFO train epoch 39/50 batch 66/66 (100%) running_loss=0.3110
2026-09-14 10:36:48,330 INFO epoch 39/50 done: train_loss=0.3110 val_loss=0.2169 val_accuracy=0.9426 val_macro_f1=0.9212 val_macro_auc=0.9912 (checkpoint_metric=macro_auc)
2026-09-14 10:36:49,519 INFO train epoch 40/50 batch 13/66 (20%) running_loss=0.3323
2026-09-14 10:36:50,299 INFO train epoch 40/50 batch 26/66 (39%) running_loss=0.3224
2026-09-14 10:36:51,122 INFO train epoch 40/50 batch 39/66 (59%) running_loss=0.3196
2026-09-14 10:36:51,958 INFO train epoch 40/50 batch 52/66 (79%) running_loss=0.3191
2026-09-14 10:36:52,790 INFO train epoch 40/50 batch 65/66 (98%) running_loss=0.3176
2026-09-14 10:36:52,876 INFO train epoch 40/50 batch 66/66 (100%) running_loss=0.3174
2026-09-14 10:36:53,915 INFO epoch 40/50 done: train_loss=0.3174 val_loss=0.2058 val_accuracy=0.9467 val_macro_f1=0.9259 val_macro_auc=0.9920 (checkpoint_metric=macro_auc)
2026-09-14 10:36:55,044 INFO train epoch 41/50 batch 13/66 (20%) running_loss=0.3087
2026-09-14 10:36:55,956 INFO train epoch 41/50 batch 26/66 (39%) running_loss=0.3093
2026-09-14 10:36:56,739 INFO train epoch 41/50 batch 39/66 (59%) running_loss=0.3156
2026-09-14 10:36:57,573 INFO train epoch 41/50 batch 52/66 (79%) running_loss=0.3148
2026-09-14 10:36:58,390 INFO train epoch 41/50 batch 65/66 (98%) running_loss=0.3159
2026-09-14 10:36:58,420 INFO train epoch 41/50 batch 66/66 (100%) running_loss=0.3158
2026-09-14 10:36:59,459 INFO epoch 41/50 done: train_loss=0.3158 val_loss=0.2103 val_accuracy=0.9365 val_macro_f1=0.9124 val_macro_auc=0.9915 (checkpoint_metric=macro_auc)
2026-09-14 10:37:00,666 INFO train epoch 42/50 batch 13/66 (20%) running_loss=0.3097
2026-09-14 10:37:01,419 INFO train epoch 42/50 batch 26/66 (39%) running_loss=0.3139
2026-09-14 10:37:02,287 INFO train epoch 42/50 batch 39/66 (59%) running_loss=0.3146
2026-09-14 10:37:03,100 INFO train epoch 42/50 batch 52/66 (79%) running_loss=0.3143
2026-09-14 10:37:03,865 INFO train epoch 42/50 batch 65/66 (98%) running_loss=0.3156
2026-09-14 10:37:03,894 INFO train epoch 42/50 batch 66/66 (100%) running_loss=0.3155
2026-09-14 10:37:04,919 INFO epoch 42/50 done: train_loss=0.3155 val_loss=0.2124 val_accuracy=0.9406 val_macro_f1=0.9175 val_macro_auc=0.9909 (checkpoint_metric=macro_auc)
2026-09-14 10:37:06,025 INFO train epoch 43/50 batch 13/66 (20%) running_loss=0.3123
2026-09-14 10:37:06,829 INFO train epoch 43/50 batch 26/66 (39%) running_loss=0.3144
2026-09-14 10:37:07,693 INFO train epoch 43/50 batch 39/66 (59%) running_loss=0.3175
2026-09-14 10:37:08,505 INFO train epoch 43/50 batch 52/66 (79%) running_loss=0.3176
2026-09-14 10:37:09,399 INFO train epoch 43/50 batch 65/66 (98%) running_loss=0.3163
2026-09-14 10:37:09,427 INFO train epoch 43/50 batch 66/66 (100%) running_loss=0.3162
2026-09-14 10:37:10,473 INFO epoch 43/50 done: train_loss=0.3162 val_loss=0.2030 val_accuracy=0.9447 val_macro_f1=0.9236 val_macro_auc=0.9917 (checkpoint_metric=macro_auc)
2026-09-14 10:37:11,589 INFO train epoch 44/50 batch 13/66 (20%) running_loss=0.3199
2026-09-14 10:37:12,456 INFO train epoch 44/50 batch 26/66 (39%) running_loss=0.3152
2026-09-14 10:37:13,263 INFO train epoch 44/50 batch 39/66 (59%) running_loss=0.3141
2026-09-14 10:37:14,122 INFO train epoch 44/50 batch 52/66 (79%) running_loss=0.3145
2026-09-14 10:37:14,922 INFO train epoch 44/50 batch 65/66 (98%) running_loss=0.3151
2026-09-14 10:37:15,008 INFO train epoch 44/50 batch 66/66 (100%) running_loss=0.3152
2026-09-14 10:37:16,052 INFO epoch 44/50 done: train_loss=0.3152 val_loss=0.2156 val_accuracy=0.9385 val_macro_f1=0.9158 val_macro_auc=0.9909 (checkpoint_metric=macro_auc)
2026-09-14 10:37:17,216 INFO train epoch 45/50 batch 13/66 (20%) running_loss=0.3185
2026-09-14 10:37:18,020 INFO train epoch 45/50 batch 26/66 (39%) running_loss=0.3180
2026-09-14 10:37:18,833 INFO train epoch 45/50 batch 39/66 (59%) running_loss=0.3166
2026-09-14 10:37:19,610 INFO train epoch 45/50 batch 52/66 (79%) running_loss=0.3158
2026-09-14 10:37:20,528 INFO train epoch 45/50 batch 65/66 (98%) running_loss=0.3159
2026-09-14 10:37:20,558 INFO train epoch 45/50 batch 66/66 (100%) running_loss=0.3159
2026-09-14 10:37:21,575 INFO epoch 45/50 done: train_loss=0.3159 val_loss=0.2067 val_accuracy=0.9406 val_macro_f1=0.9158 val_macro_auc=0.9908 (checkpoint_metric=macro_auc)
2026-09-14 10:37:22,687 INFO train epoch 46/50 batch 13/66 (20%) running_loss=0.3078
2026-09-14 10:37:23,502 INFO train epoch 46/50 batch 26/66 (39%) running_loss=0.3103
2026-09-14 10:37:24,346 INFO train epoch 46/50 batch 39/66 (59%) running_loss=0.3144
2026-09-14 10:37:25,332 INFO train epoch 46/50 batch 52/66 (79%) running_loss=0.3139
2026-09-14 10:37:26,088 INFO train epoch 46/50 batch 65/66 (98%) running_loss=0.3126
2026-09-14 10:37:26,117 INFO train epoch 46/50 batch 66/66 (100%) running_loss=0.3135
2026-09-14 10:37:27,163 INFO epoch 46/50 done: train_loss=0.3135 val_loss=0.2131 val_accuracy=0.9447 val_macro_f1=0.9240 val_macro_auc=0.9909 (checkpoint_metric=macro_auc)
2026-09-14 10:37:28,341 INFO train epoch 47/50 batch 13/66 (20%) running_loss=0.3170
2026-09-14 10:37:29,144 INFO train epoch 47/50 batch 26/66 (39%) running_loss=0.3140
2026-09-14 10:37:29,950 INFO train epoch 47/50 batch 39/66 (59%) running_loss=0.3148
2026-09-14 10:37:30,755 INFO train epoch 47/50 batch 52/66 (79%) running_loss=0.3160
2026-09-14 10:37:31,635 INFO train epoch 47/50 batch 65/66 (98%) running_loss=0.3141
2026-09-14 10:37:31,665 INFO train epoch 47/50 batch 66/66 (100%) running_loss=0.3143
2026-09-14 10:37:32,679 INFO epoch 47/50 done: train_loss=0.3143 val_loss=0.2161 val_accuracy=0.9365 val_macro_f1=0.9134 val_macro_auc=0.9909 (checkpoint_metric=macro_auc)
2026-09-14 10:37:33,843 INFO train epoch 48/50 batch 13/66 (20%) running_loss=0.3209
2026-09-14 10:37:34,697 INFO train epoch 48/50 batch 26/66 (39%) running_loss=0.3190
2026-09-14 10:37:35,514 INFO train epoch 48/50 batch 39/66 (59%) running_loss=0.3171
2026-09-14 10:37:36,265 INFO train epoch 48/50 batch 52/66 (79%) running_loss=0.3182
2026-09-14 10:37:37,064 INFO train epoch 48/50 batch 65/66 (98%) running_loss=0.3170
2026-09-14 10:37:37,093 INFO train epoch 48/50 batch 66/66 (100%) running_loss=0.3170
2026-09-14 10:37:38,141 INFO epoch 48/50 done: train_loss=0.3170 val_loss=0.2248 val_accuracy=0.9406 val_macro_f1=0.9191 val_macro_auc=0.9904 (checkpoint_metric=macro_auc)
2026-09-14 10:37:39,253 INFO train epoch 49/50 batch 13/66 (20%) running_loss=0.3169
2026-09-14 10:37:40,102 INFO train epoch 49/50 batch 26/66 (39%) running_loss=0.3203
2026-09-14 10:37:40,979 INFO train epoch 49/50 batch 39/66 (59%) running_loss=0.3196
2026-09-14 10:37:41,817 INFO train epoch 49/50 batch 52/66 (79%) running_loss=0.3177
2026-09-14 10:37:42,601 INFO train epoch 49/50 batch 65/66 (98%) running_loss=0.3174
2026-09-14 10:37:42,632 INFO train epoch 49/50 batch 66/66 (100%) running_loss=0.3172
2026-09-14 10:37:43,645 INFO epoch 49/50 done: train_loss=0.3172 val_loss=0.2197 val_accuracy=0.9324 val_macro_f1=0.9083 val_macro_auc=0.9902 (checkpoint_metric=macro_auc)
2026-09-14 10:37:44,788 INFO train epoch 50/50 batch 13/66 (20%) running_loss=0.3076
2026-09-14 10:37:45,644 INFO train epoch 50/50 batch 26/66 (39%) running_loss=0.3137
2026-09-14 10:37:46,447 INFO train epoch 50/50 batch 39/66 (59%) running_loss=0.3234
2026-09-14 10:37:47,286 INFO train epoch 50/50 batch 52/66 (79%) running_loss=0.3206
2026-09-14 10:37:48,182 INFO train epoch 50/50 batch 65/66 (98%) running_loss=0.3196
2026-09-14 10:37:48,211 INFO train epoch 50/50 batch 66/66 (100%) running_loss=0.3193
2026-09-14 10:37:49,252 INFO epoch 50/50 done: train_loss=0.3193 val_loss=0.2111 val_accuracy=0.9426 val_macro_f1=0.9199 val_macro_auc=0.9912 (checkpoint_metric=macro_auc)
2026-09-14 10:37:49,399 INFO Training finished. Best epoch=26, smoothed macro_auc=0.9916 (window=3)
2026-09-14 10:37:50,985 INFO Test set evaluated once: accuracy=0.8945 macro_f1=0.8845 macro_auc=0.9794
2026-09-14 10:37:51,604 INFO Model size: 21.29M params, 0.676 GFLOPs at 96x96
