2026-09-17 20:58:12,971 INFO Starting baseline training: model=resnet34 device=cuda amp=True image_size=96 epochs=50 lr=0.001 optimizer=sgd
2026-09-17 20:58:13,220 INFO Dataset ready: 3 classes, 2102 train / 488 val samples (split reused from outputs/baseline_resnet34_96_none_s3/split_indices.json)
2026-09-17 20:58:13,220 INFO Augmentation policy: none (identity)
2026-09-17 20:58:13,794 INFO Classes: {'glioma_tumor': 0, 'meningioma_tumor': 1, 'pituitary_tumor': 2}
2026-09-17 20:58:13,794 INFO Regularization: weight_decay=7.0e-04 label_smoothing=0.10 grad_clip_norm=5.0
2026-09-17 20:58:15,424 INFO train epoch 1/50 batch 13/66 (20%) running_loss=1.1338
2026-09-17 20:58:16,124 INFO train epoch 1/50 batch 26/66 (39%) running_loss=1.0136
2026-09-17 20:58:16,809 INFO train epoch 1/50 batch 39/66 (59%) running_loss=0.8957
2026-09-17 20:58:17,462 INFO train epoch 1/50 batch 52/66 (79%) running_loss=0.8209
2026-09-17 20:58:18,123 INFO train epoch 1/50 batch 65/66 (98%) running_loss=0.7747
2026-09-17 20:58:18,270 INFO train epoch 1/50 batch 66/66 (100%) running_loss=0.7719
2026-09-17 20:58:19,585 INFO epoch 1/50 done: train_loss=0.7719 val_loss=0.3185 val_accuracy=0.9098 val_macro_f1=0.8731 val_macro_auc=0.9691 (checkpoint_metric=macro_auc) [new best]
2026-09-17 20:58:20,634 INFO train epoch 2/50 batch 13/66 (20%) running_loss=0.4751
2026-09-17 20:58:21,343 INFO train epoch 2/50 batch 26/66 (39%) running_loss=0.4890
2026-09-17 20:58:22,043 INFO train epoch 2/50 batch 39/66 (59%) running_loss=0.4757
2026-09-17 20:58:22,681 INFO train epoch 2/50 batch 52/66 (79%) running_loss=0.4630
2026-09-17 20:58:23,350 INFO train epoch 2/50 batch 65/66 (98%) running_loss=0.4616
2026-09-17 20:58:23,378 INFO train epoch 2/50 batch 66/66 (100%) running_loss=0.4609
2026-09-17 20:58:24,920 INFO epoch 2/50 done: train_loss=0.4609 val_loss=0.3239 val_accuracy=0.9078 val_macro_f1=0.8841 val_macro_auc=0.9840 (checkpoint_metric=macro_auc) [new best]
2026-09-17 20:58:25,940 INFO train epoch 3/50 batch 13/66 (20%) running_loss=0.3861
2026-09-17 20:58:26,590 INFO train epoch 3/50 batch 26/66 (39%) running_loss=0.3758
2026-09-17 20:58:27,271 INFO train epoch 3/50 batch 39/66 (59%) running_loss=0.3708
2026-09-17 20:58:27,920 INFO train epoch 3/50 batch 52/66 (79%) running_loss=0.3700
2026-09-17 20:58:28,642 INFO train epoch 3/50 batch 65/66 (98%) running_loss=0.3671
2026-09-17 20:58:28,671 INFO train epoch 3/50 batch 66/66 (100%) running_loss=0.3668
2026-09-17 20:58:30,241 INFO epoch 3/50 done: train_loss=0.3668 val_loss=0.2621 val_accuracy=0.9324 val_macro_f1=0.9082 val_macro_auc=0.9835 (checkpoint_metric=macro_auc) [new best]
2026-09-17 20:58:31,215 INFO train epoch 4/50 batch 13/66 (20%) running_loss=0.3271
2026-09-17 20:58:31,947 INFO train epoch 4/50 batch 26/66 (39%) running_loss=0.3260
2026-09-17 20:58:32,648 INFO train epoch 4/50 batch 39/66 (59%) running_loss=0.3320
2026-09-17 20:58:33,404 INFO train epoch 4/50 batch 52/66 (79%) running_loss=0.3343
2026-09-17 20:58:34,020 INFO train epoch 4/50 batch 65/66 (98%) running_loss=0.3349
2026-09-17 20:58:34,077 INFO train epoch 4/50 batch 66/66 (100%) running_loss=0.3351
2026-09-17 20:58:35,642 INFO epoch 4/50 done: train_loss=0.3351 val_loss=0.2667 val_accuracy=0.9283 val_macro_f1=0.9055 val_macro_auc=0.9826 (checkpoint_metric=macro_auc) [new best]
2026-09-17 20:58:36,612 INFO train epoch 5/50 batch 13/66 (20%) running_loss=0.3352
2026-09-17 20:58:37,339 INFO train epoch 5/50 batch 26/66 (39%) running_loss=0.3283
2026-09-17 20:58:37,994 INFO train epoch 5/50 batch 39/66 (59%) running_loss=0.3295
2026-09-17 20:58:38,667 INFO train epoch 5/50 batch 52/66 (79%) running_loss=0.3287
2026-09-17 20:58:39,348 INFO train epoch 5/50 batch 65/66 (98%) running_loss=0.3298
2026-09-17 20:58:39,376 INFO train epoch 5/50 batch 66/66 (100%) running_loss=0.3296
2026-09-17 20:58:40,953 INFO epoch 5/50 done: train_loss=0.3296 val_loss=0.2575 val_accuracy=0.9365 val_macro_f1=0.9140 val_macro_auc=0.9845 (checkpoint_metric=macro_auc) [new best]
2026-09-17 20:58:41,981 INFO train epoch 6/50 batch 13/66 (20%) running_loss=0.3321
2026-09-17 20:58:42,657 INFO train epoch 6/50 batch 26/66 (39%) running_loss=0.3248
2026-09-17 20:58:43,333 INFO train epoch 6/50 batch 39/66 (59%) running_loss=0.3263
2026-09-17 20:58:43,996 INFO train epoch 6/50 batch 52/66 (79%) running_loss=0.3247
2026-09-17 20:58:44,717 INFO train epoch 6/50 batch 65/66 (98%) running_loss=0.3246
2026-09-17 20:58:44,747 INFO train epoch 6/50 batch 66/66 (100%) running_loss=0.3247
2026-09-17 20:58:45,828 INFO epoch 6/50 done: train_loss=0.3247 val_loss=0.2829 val_accuracy=0.9303 val_macro_f1=0.9072 val_macro_auc=0.9784 (checkpoint_metric=macro_auc)
2026-09-17 20:58:46,825 INFO train epoch 7/50 batch 13/66 (20%) running_loss=0.3123
2026-09-17 20:58:47,545 INFO train epoch 7/50 batch 26/66 (39%) running_loss=0.3184
2026-09-17 20:58:48,276 INFO train epoch 7/50 batch 39/66 (59%) running_loss=0.3167
2026-09-17 20:58:48,973 INFO train epoch 7/50 batch 52/66 (79%) running_loss=0.3153
2026-09-17 20:58:49,667 INFO train epoch 7/50 batch 65/66 (98%) running_loss=0.3152
2026-09-17 20:58:49,725 INFO train epoch 7/50 batch 66/66 (100%) running_loss=0.3155
2026-09-17 20:58:50,760 INFO epoch 7/50 done: train_loss=0.3155 val_loss=0.2465 val_accuracy=0.9283 val_macro_f1=0.9000 val_macro_auc=0.9831 (checkpoint_metric=macro_auc)
2026-09-17 20:58:51,713 INFO train epoch 8/50 batch 13/66 (20%) running_loss=0.3200
2026-09-17 20:58:52,454 INFO train epoch 8/50 batch 26/66 (39%) running_loss=0.3184
2026-09-17 20:58:53,116 INFO train epoch 8/50 batch 39/66 (59%) running_loss=0.3169
2026-09-17 20:58:53,824 INFO train epoch 8/50 batch 52/66 (79%) running_loss=0.3150
2026-09-17 20:58:54,479 INFO train epoch 8/50 batch 65/66 (98%) running_loss=0.3142
2026-09-17 20:58:54,533 INFO train epoch 8/50 batch 66/66 (100%) running_loss=0.3141
2026-09-17 20:58:55,564 INFO epoch 8/50 done: train_loss=0.3141 val_loss=0.2456 val_accuracy=0.9406 val_macro_f1=0.9194 val_macro_auc=0.9843 (checkpoint_metric=macro_auc)
2026-09-17 20:58:56,533 INFO train epoch 9/50 batch 13/66 (20%) running_loss=0.3059
2026-09-17 20:58:57,169 INFO train epoch 9/50 batch 26/66 (39%) running_loss=0.3103
2026-09-17 20:58:57,878 INFO train epoch 9/50 batch 39/66 (59%) running_loss=0.3118
2026-09-17 20:58:58,659 INFO train epoch 9/50 batch 52/66 (79%) running_loss=0.3117
2026-09-17 20:58:59,321 INFO train epoch 9/50 batch 65/66 (98%) running_loss=0.3132
2026-09-17 20:58:59,349 INFO train epoch 9/50 batch 66/66 (100%) running_loss=0.3142
2026-09-17 20:59:00,924 INFO epoch 9/50 done: train_loss=0.3142 val_loss=0.2322 val_accuracy=0.9283 val_macro_f1=0.9008 val_macro_auc=0.9834 (checkpoint_metric=macro_auc) [new best]
2026-09-17 20:59:01,917 INFO train epoch 10/50 batch 13/66 (20%) running_loss=0.3114
2026-09-17 20:59:02,561 INFO train epoch 10/50 batch 26/66 (39%) running_loss=0.3089
2026-09-17 20:59:03,240 INFO train epoch 10/50 batch 39/66 (59%) running_loss=0.3126
2026-09-17 20:59:03,978 INFO train epoch 10/50 batch 52/66 (79%) running_loss=0.3135
2026-09-17 20:59:04,588 INFO train epoch 10/50 batch 65/66 (98%) running_loss=0.3132
2026-09-17 20:59:04,617 INFO train epoch 10/50 batch 66/66 (100%) running_loss=0.3139
2026-09-17 20:59:06,209 INFO epoch 10/50 done: train_loss=0.3139 val_loss=0.2422 val_accuracy=0.9344 val_macro_f1=0.9120 val_macro_auc=0.9838 (checkpoint_metric=macro_auc) [new best]
2026-09-17 20:59:07,211 INFO train epoch 11/50 batch 13/66 (20%) running_loss=0.3092
2026-09-17 20:59:07,938 INFO train epoch 11/50 batch 26/66 (39%) running_loss=0.3123
2026-09-17 20:59:08,637 INFO train epoch 11/50 batch 39/66 (59%) running_loss=0.3104
2026-09-17 20:59:09,353 INFO train epoch 11/50 batch 52/66 (79%) running_loss=0.3097
2026-09-17 20:59:10,030 INFO train epoch 11/50 batch 65/66 (98%) running_loss=0.3096
2026-09-17 20:59:10,086 INFO train epoch 11/50 batch 66/66 (100%) running_loss=0.3097
2026-09-17 20:59:11,144 INFO epoch 11/50 done: train_loss=0.3097 val_loss=0.2526 val_accuracy=0.9324 val_macro_f1=0.9088 val_macro_auc=0.9820 (checkpoint_metric=macro_auc)
2026-09-17 20:59:12,143 INFO train epoch 12/50 batch 13/66 (20%) running_loss=0.3113
2026-09-17 20:59:12,807 INFO train epoch 12/50 batch 26/66 (39%) running_loss=0.3083
2026-09-17 20:59:13,470 INFO train epoch 12/50 batch 39/66 (59%) running_loss=0.3078
2026-09-17 20:59:14,235 INFO train epoch 12/50 batch 52/66 (79%) running_loss=0.3097
2026-09-17 20:59:14,914 INFO train epoch 12/50 batch 65/66 (98%) running_loss=0.3090
2026-09-17 20:59:14,943 INFO train epoch 12/50 batch 66/66 (100%) running_loss=0.3091
2026-09-17 20:59:16,514 INFO epoch 12/50 done: train_loss=0.3091 val_loss=0.2404 val_accuracy=0.9365 val_macro_f1=0.9140 val_macro_auc=0.9859 (checkpoint_metric=macro_auc) [new best]
2026-09-17 20:59:17,495 INFO train epoch 13/50 batch 13/66 (20%) running_loss=0.3118
2026-09-17 20:59:18,197 INFO train epoch 13/50 batch 26/66 (39%) running_loss=0.3108
2026-09-17 20:59:18,871 INFO train epoch 13/50 batch 39/66 (59%) running_loss=0.3116
2026-09-17 20:59:19,530 INFO train epoch 13/50 batch 52/66 (79%) running_loss=0.3110
2026-09-17 20:59:20,185 INFO train epoch 13/50 batch 65/66 (98%) running_loss=0.3103
2026-09-17 20:59:20,214 INFO train epoch 13/50 batch 66/66 (100%) running_loss=0.3109
2026-09-17 20:59:21,771 INFO epoch 13/50 done: train_loss=0.3109 val_loss=0.2343 val_accuracy=0.9426 val_macro_f1=0.9216 val_macro_auc=0.9866 (checkpoint_metric=macro_auc) [new best]
2026-09-17 20:59:22,741 INFO train epoch 14/50 batch 13/66 (20%) running_loss=0.3050
2026-09-17 20:59:23,428 INFO train epoch 14/50 batch 26/66 (39%) running_loss=0.3079
2026-09-17 20:59:24,094 INFO train epoch 14/50 batch 39/66 (59%) running_loss=0.3081
2026-09-17 20:59:24,830 INFO train epoch 14/50 batch 52/66 (79%) running_loss=0.3087
2026-09-17 20:59:25,500 INFO train epoch 14/50 batch 65/66 (98%) running_loss=0.3079
2026-09-17 20:59:25,528 INFO train epoch 14/50 batch 66/66 (100%) running_loss=0.3078
2026-09-17 20:59:27,112 INFO epoch 14/50 done: train_loss=0.3078 val_loss=0.2335 val_accuracy=0.9385 val_macro_f1=0.9175 val_macro_auc=0.9863 (checkpoint_metric=macro_auc) [new best]
2026-09-17 20:59:28,089 INFO train epoch 15/50 batch 13/66 (20%) running_loss=0.3020
2026-09-17 20:59:28,745 INFO train epoch 15/50 batch 26/66 (39%) running_loss=0.3036
2026-09-17 20:59:29,417 INFO train epoch 15/50 batch 39/66 (59%) running_loss=0.3056
2026-09-17 20:59:30,131 INFO train epoch 15/50 batch 52/66 (79%) running_loss=0.3072
2026-09-17 20:59:30,786 INFO train epoch 15/50 batch 65/66 (98%) running_loss=0.3076
2026-09-17 20:59:30,817 INFO train epoch 15/50 batch 66/66 (100%) running_loss=0.3076
2026-09-17 20:59:32,379 INFO epoch 15/50 done: train_loss=0.3076 val_loss=0.2290 val_accuracy=0.9406 val_macro_f1=0.9187 val_macro_auc=0.9869 (checkpoint_metric=macro_auc) [new best]
2026-09-17 20:59:33,371 INFO train epoch 16/50 batch 13/66 (20%) running_loss=0.3094
2026-09-17 20:59:34,018 INFO train epoch 16/50 batch 26/66 (39%) running_loss=0.3060
2026-09-17 20:59:34,679 INFO train epoch 16/50 batch 39/66 (59%) running_loss=0.3054
2026-09-17 20:59:35,437 INFO train epoch 16/50 batch 52/66 (79%) running_loss=0.3046
2026-09-17 20:59:36,098 INFO train epoch 16/50 batch 65/66 (98%) running_loss=0.3041
2026-09-17 20:59:36,127 INFO train epoch 16/50 batch 66/66 (100%) running_loss=0.3042
2026-09-17 20:59:37,151 INFO epoch 16/50 done: train_loss=0.3042 val_loss=0.2482 val_accuracy=0.9385 val_macro_f1=0.9175 val_macro_auc=0.9848 (checkpoint_metric=macro_auc)
2026-09-17 20:59:38,170 INFO train epoch 17/50 batch 13/66 (20%) running_loss=0.3057
2026-09-17 20:59:38,801 INFO train epoch 17/50 batch 26/66 (39%) running_loss=0.3057
2026-09-17 20:59:39,457 INFO train epoch 17/50 batch 39/66 (59%) running_loss=0.3092
2026-09-17 20:59:40,125 INFO train epoch 17/50 batch 52/66 (79%) running_loss=0.3102
2026-09-17 20:59:40,858 INFO train epoch 17/50 batch 65/66 (98%) running_loss=0.3088
2026-09-17 20:59:40,887 INFO train epoch 17/50 batch 66/66 (100%) running_loss=0.3090
2026-09-17 20:59:41,907 INFO epoch 17/50 done: train_loss=0.3090 val_loss=0.2368 val_accuracy=0.9385 val_macro_f1=0.9175 val_macro_auc=0.9863 (checkpoint_metric=macro_auc)
2026-09-17 20:59:42,891 INFO train epoch 18/50 batch 13/66 (20%) running_loss=0.3059
2026-09-17 20:59:43,634 INFO train epoch 18/50 batch 26/66 (39%) running_loss=0.3035
2026-09-17 20:59:44,323 INFO train epoch 18/50 batch 39/66 (59%) running_loss=0.3039
2026-09-17 20:59:45,035 INFO train epoch 18/50 batch 52/66 (79%) running_loss=0.3053
2026-09-17 20:59:45,679 INFO train epoch 18/50 batch 65/66 (98%) running_loss=0.3047
2026-09-17 20:59:45,737 INFO train epoch 18/50 batch 66/66 (100%) running_loss=0.3047
2026-09-17 20:59:46,762 INFO epoch 18/50 done: train_loss=0.3047 val_loss=0.2375 val_accuracy=0.9385 val_macro_f1=0.9175 val_macro_auc=0.9872 (checkpoint_metric=macro_auc)
2026-09-17 20:59:47,785 INFO train epoch 19/50 batch 13/66 (20%) running_loss=0.3090
2026-09-17 20:59:48,440 INFO train epoch 19/50 batch 26/66 (39%) running_loss=0.3049
2026-09-17 20:59:49,218 INFO train epoch 19/50 batch 39/66 (59%) running_loss=0.3041
2026-09-17 20:59:49,893 INFO train epoch 19/50 batch 52/66 (79%) running_loss=0.3041
2026-09-17 20:59:50,540 INFO train epoch 19/50 batch 65/66 (98%) running_loss=0.3040
2026-09-17 20:59:50,568 INFO train epoch 19/50 batch 66/66 (100%) running_loss=0.3044
2026-09-17 20:59:51,629 INFO epoch 19/50 done: train_loss=0.3044 val_loss=0.2476 val_accuracy=0.9426 val_macro_f1=0.9229 val_macro_auc=0.9853 (checkpoint_metric=macro_auc)
2026-09-17 20:59:52,597 INFO train epoch 20/50 batch 13/66 (20%) running_loss=0.3056
2026-09-17 20:59:53,281 INFO train epoch 20/50 batch 26/66 (39%) running_loss=0.3030
2026-09-17 20:59:54,001 INFO train epoch 20/50 batch 39/66 (59%) running_loss=0.3050
2026-09-17 20:59:54,652 INFO train epoch 20/50 batch 52/66 (79%) running_loss=0.3055
2026-09-17 20:59:55,276 INFO train epoch 20/50 batch 65/66 (98%) running_loss=0.3066
2026-09-17 20:59:55,330 INFO train epoch 20/50 batch 66/66 (100%) running_loss=0.3066
2026-09-17 20:59:56,380 INFO epoch 20/50 done: train_loss=0.3066 val_loss=0.2244 val_accuracy=0.9426 val_macro_f1=0.9212 val_macro_auc=0.9866 (checkpoint_metric=macro_auc)
2026-09-17 20:59:57,405 INFO train epoch 21/50 batch 13/66 (20%) running_loss=0.3050
2026-09-17 20:59:58,144 INFO train epoch 21/50 batch 26/66 (39%) running_loss=0.3039
2026-09-17 20:59:58,833 INFO train epoch 21/50 batch 39/66 (59%) running_loss=0.3043
2026-09-17 20:59:59,511 INFO train epoch 21/50 batch 52/66 (79%) running_loss=0.3045
2026-09-17 21:00:00,212 INFO train epoch 21/50 batch 65/66 (98%) running_loss=0.3044
2026-09-17 21:00:00,240 INFO train epoch 21/50 batch 66/66 (100%) running_loss=0.3044
2026-09-17 21:00:01,833 INFO epoch 21/50 done: train_loss=0.3044 val_loss=0.2216 val_accuracy=0.9447 val_macro_f1=0.9250 val_macro_auc=0.9886 (checkpoint_metric=macro_auc) [new best]
2026-09-17 21:00:02,826 INFO train epoch 22/50 batch 13/66 (20%) running_loss=0.3049
2026-09-17 21:00:03,464 INFO train epoch 22/50 batch 26/66 (39%) running_loss=0.3036
2026-09-17 21:00:04,165 INFO train epoch 22/50 batch 39/66 (59%) running_loss=0.3035
2026-09-17 21:00:04,847 INFO train epoch 22/50 batch 52/66 (79%) running_loss=0.3041
2026-09-17 21:00:05,471 INFO train epoch 22/50 batch 65/66 (98%) running_loss=0.3042
2026-09-17 21:00:05,501 INFO train epoch 22/50 batch 66/66 (100%) running_loss=0.3045
2026-09-17 21:00:07,068 INFO epoch 22/50 done: train_loss=0.3045 val_loss=0.2474 val_accuracy=0.9365 val_macro_f1=0.9140 val_macro_auc=0.9861 (checkpoint_metric=macro_auc) [new best]
2026-09-17 21:00:08,093 INFO train epoch 23/50 batch 13/66 (20%) running_loss=0.3057
2026-09-17 21:00:08,816 INFO train epoch 23/50 batch 26/66 (39%) running_loss=0.3030
2026-09-17 21:00:09,457 INFO train epoch 23/50 batch 39/66 (59%) running_loss=0.3027
2026-09-17 21:00:10,146 INFO train epoch 23/50 batch 52/66 (79%) running_loss=0.3033
2026-09-17 21:00:10,885 INFO train epoch 23/50 batch 65/66 (98%) running_loss=0.3034
2026-09-17 21:00:10,913 INFO train epoch 23/50 batch 66/66 (100%) running_loss=0.3035
2026-09-17 21:00:11,935 INFO epoch 23/50 done: train_loss=0.3035 val_loss=0.2345 val_accuracy=0.9385 val_macro_f1=0.9169 val_macro_auc=0.9863 (checkpoint_metric=macro_auc)
2026-09-17 21:00:12,898 INFO train epoch 24/50 batch 13/66 (20%) running_loss=0.3077
2026-09-17 21:00:13,535 INFO train epoch 24/50 batch 26/66 (39%) running_loss=0.3086
2026-09-17 21:00:14,328 INFO train epoch 24/50 batch 39/66 (59%) running_loss=0.3080
2026-09-17 21:00:15,040 INFO train epoch 24/50 batch 52/66 (79%) running_loss=0.3077
2026-09-17 21:00:15,696 INFO train epoch 24/50 batch 65/66 (98%) running_loss=0.3075
2026-09-17 21:00:15,725 INFO train epoch 24/50 batch 66/66 (100%) running_loss=0.3076
2026-09-17 21:00:16,764 INFO epoch 24/50 done: train_loss=0.3076 val_loss=0.2259 val_accuracy=0.9385 val_macro_f1=0.9155 val_macro_auc=0.9869 (checkpoint_metric=macro_auc)
2026-09-17 21:00:17,727 INFO train epoch 25/50 batch 13/66 (20%) running_loss=0.3040
2026-09-17 21:00:18,358 INFO train epoch 25/50 batch 26/66 (39%) running_loss=0.3054
2026-09-17 21:00:19,039 INFO train epoch 25/50 batch 39/66 (59%) running_loss=0.3062
2026-09-17 21:00:19,705 INFO train epoch 25/50 batch 52/66 (79%) running_loss=0.3062
2026-09-17 21:00:20,387 INFO train epoch 25/50 batch 65/66 (98%) running_loss=0.3060
2026-09-17 21:00:20,416 INFO train epoch 25/50 batch 66/66 (100%) running_loss=0.3061
2026-09-17 21:00:21,488 INFO epoch 25/50 done: train_loss=0.3061 val_loss=0.2319 val_accuracy=0.9406 val_macro_f1=0.9194 val_macro_auc=0.9858 (checkpoint_metric=macro_auc)
2026-09-17 21:00:22,510 INFO train epoch 26/50 batch 13/66 (20%) running_loss=0.3018
2026-09-17 21:00:23,176 INFO train epoch 26/50 batch 26/66 (39%) running_loss=0.3024
2026-09-17 21:00:23,875 INFO train epoch 26/50 batch 39/66 (59%) running_loss=0.3040
2026-09-17 21:00:24,553 INFO train epoch 26/50 batch 52/66 (79%) running_loss=0.3034
2026-09-17 21:00:25,189 INFO train epoch 26/50 batch 65/66 (98%) running_loss=0.3028
2026-09-17 21:00:25,217 INFO train epoch 26/50 batch 66/66 (100%) running_loss=0.3029
2026-09-17 21:00:26,272 INFO epoch 26/50 done: train_loss=0.3029 val_loss=0.2317 val_accuracy=0.9365 val_macro_f1=0.9152 val_macro_auc=0.9866 (checkpoint_metric=macro_auc)
2026-09-17 21:00:27,295 INFO train epoch 27/50 batch 13/66 (20%) running_loss=0.3015
2026-09-17 21:00:27,971 INFO train epoch 27/50 batch 26/66 (39%) running_loss=0.3049
2026-09-17 21:00:28,608 INFO train epoch 27/50 batch 39/66 (59%) running_loss=0.3040
2026-09-17 21:00:29,273 INFO train epoch 27/50 batch 52/66 (79%) running_loss=0.3046
2026-09-17 21:00:30,031 INFO train epoch 27/50 batch 65/66 (98%) running_loss=0.3045
2026-09-17 21:00:30,060 INFO train epoch 27/50 batch 66/66 (100%) running_loss=0.3047
2026-09-17 21:00:31,125 INFO epoch 27/50 done: train_loss=0.3047 val_loss=0.2228 val_accuracy=0.9406 val_macro_f1=0.9194 val_macro_auc=0.9883 (checkpoint_metric=macro_auc)
2026-09-17 21:00:32,113 INFO train epoch 28/50 batch 13/66 (20%) running_loss=0.3035
2026-09-17 21:00:32,793 INFO train epoch 28/50 batch 26/66 (39%) running_loss=0.3038
2026-09-17 21:00:33,470 INFO train epoch 28/50 batch 39/66 (59%) running_loss=0.3051
2026-09-17 21:00:34,138 INFO train epoch 28/50 batch 52/66 (79%) running_loss=0.3045
2026-09-17 21:00:34,813 INFO train epoch 28/50 batch 65/66 (98%) running_loss=0.3039
2026-09-17 21:00:34,841 INFO train epoch 28/50 batch 66/66 (100%) running_loss=0.3041
2026-09-17 21:00:36,395 INFO epoch 28/50 done: train_loss=0.3041 val_loss=0.2328 val_accuracy=0.9406 val_macro_f1=0.9182 val_macro_auc=0.9878 (checkpoint_metric=macro_auc) [new best]
2026-09-17 21:00:37,456 INFO train epoch 29/50 batch 13/66 (20%) running_loss=0.3098
2026-09-17 21:00:38,125 INFO train epoch 29/50 batch 26/66 (39%) running_loss=0.3068
2026-09-17 21:00:38,797 INFO train epoch 29/50 batch 39/66 (59%) running_loss=0.3060
2026-09-17 21:00:39,502 INFO train epoch 29/50 batch 52/66 (79%) running_loss=0.3058
2026-09-17 21:00:40,222 INFO train epoch 29/50 batch 65/66 (98%) running_loss=0.3048
2026-09-17 21:00:40,251 INFO train epoch 29/50 batch 66/66 (100%) running_loss=0.3048
2026-09-17 21:00:41,841 INFO epoch 29/50 done: train_loss=0.3048 val_loss=0.2312 val_accuracy=0.9447 val_macro_f1=0.9250 val_macro_auc=0.9869 (checkpoint_metric=macro_auc) [new best]
2026-09-17 21:00:42,846 INFO train epoch 30/50 batch 13/66 (20%) running_loss=0.2994
2026-09-17 21:00:43,511 INFO train epoch 30/50 batch 26/66 (39%) running_loss=0.3031
2026-09-17 21:00:44,181 INFO train epoch 30/50 batch 39/66 (59%) running_loss=0.3025
2026-09-17 21:00:44,949 INFO train epoch 30/50 batch 52/66 (79%) running_loss=0.3022
2026-09-17 21:00:45,558 INFO train epoch 30/50 batch 65/66 (98%) running_loss=0.3015
2026-09-17 21:00:45,588 INFO train epoch 30/50 batch 66/66 (100%) running_loss=0.3016
2026-09-17 21:00:46,622 INFO epoch 30/50 done: train_loss=0.3016 val_loss=0.2332 val_accuracy=0.9385 val_macro_f1=0.9169 val_macro_auc=0.9864 (checkpoint_metric=macro_auc)
2026-09-17 21:00:47,684 INFO train epoch 31/50 batch 13/66 (20%) running_loss=0.3023
2026-09-17 21:00:48,381 INFO train epoch 31/50 batch 26/66 (39%) running_loss=0.3015
2026-09-17 21:00:49,013 INFO train epoch 31/50 batch 39/66 (59%) running_loss=0.3017
2026-09-17 21:00:49,649 INFO train epoch 31/50 batch 52/66 (79%) running_loss=0.3015
2026-09-17 21:00:50,315 INFO train epoch 31/50 batch 65/66 (98%) running_loss=0.3010
2026-09-17 21:00:50,359 INFO train epoch 31/50 batch 66/66 (100%) running_loss=0.3010
2026-09-17 21:00:51,376 INFO epoch 31/50 done: train_loss=0.3010 val_loss=0.2433 val_accuracy=0.9406 val_macro_f1=0.9200 val_macro_auc=0.9850 (checkpoint_metric=macro_auc)
2026-09-17 21:00:52,371 INFO train epoch 32/50 batch 13/66 (20%) running_loss=0.3013
2026-09-17 21:00:53,002 INFO train epoch 32/50 batch 26/66 (39%) running_loss=0.3012
2026-09-17 21:00:53,668 INFO train epoch 32/50 batch 39/66 (59%) running_loss=0.3010
2026-09-17 21:00:54,433 INFO train epoch 32/50 batch 52/66 (79%) running_loss=0.3035
2026-09-17 21:00:55,071 INFO train epoch 32/50 batch 65/66 (98%) running_loss=0.3031
2026-09-17 21:00:55,100 INFO train epoch 32/50 batch 66/66 (100%) running_loss=0.3031
2026-09-17 21:00:56,189 INFO epoch 32/50 done: train_loss=0.3031 val_loss=0.2428 val_accuracy=0.9385 val_macro_f1=0.9175 val_macro_auc=0.9855 (checkpoint_metric=macro_auc)
2026-09-17 21:00:57,186 INFO train epoch 33/50 batch 13/66 (20%) running_loss=0.3051
2026-09-17 21:00:57,864 INFO train epoch 33/50 batch 26/66 (39%) running_loss=0.3017
2026-09-17 21:00:58,622 INFO train epoch 33/50 batch 39/66 (59%) running_loss=0.3024
2026-09-17 21:00:59,255 INFO train epoch 33/50 batch 52/66 (79%) running_loss=0.3022
2026-09-17 21:00:59,937 INFO train epoch 33/50 batch 65/66 (98%) running_loss=0.3031
2026-09-17 21:00:59,966 INFO train epoch 33/50 batch 66/66 (100%) running_loss=0.3031
2026-09-17 21:01:01,017 INFO epoch 33/50 done: train_loss=0.3031 val_loss=0.2399 val_accuracy=0.9385 val_macro_f1=0.9171 val_macro_auc=0.9867 (checkpoint_metric=macro_auc)
2026-09-17 21:01:01,987 INFO train epoch 34/50 batch 13/66 (20%) running_loss=0.3034
2026-09-17 21:01:02,659 INFO train epoch 34/50 batch 26/66 (39%) running_loss=0.3024
2026-09-17 21:01:03,387 INFO train epoch 34/50 batch 39/66 (59%) running_loss=0.3029
2026-09-17 21:01:04,072 INFO train epoch 34/50 batch 52/66 (79%) running_loss=0.3027
2026-09-17 21:01:04,747 INFO train epoch 34/50 batch 65/66 (98%) running_loss=0.3024
2026-09-17 21:01:04,776 INFO train epoch 34/50 batch 66/66 (100%) running_loss=0.3027
2026-09-17 21:01:05,834 INFO epoch 34/50 done: train_loss=0.3027 val_loss=0.2326 val_accuracy=0.9406 val_macro_f1=0.9200 val_macro_auc=0.9871 (checkpoint_metric=macro_auc)
2026-09-17 21:01:06,803 INFO train epoch 35/50 batch 13/66 (20%) running_loss=0.3023
2026-09-17 21:01:07,476 INFO train epoch 35/50 batch 26/66 (39%) running_loss=0.3022
2026-09-17 21:01:08,156 INFO train epoch 35/50 batch 39/66 (59%) running_loss=0.3019
2026-09-17 21:01:08,831 INFO train epoch 35/50 batch 52/66 (79%) running_loss=0.3033
2026-09-17 21:01:09,503 INFO train epoch 35/50 batch 65/66 (98%) running_loss=0.3030
2026-09-17 21:01:09,532 INFO train epoch 35/50 batch 66/66 (100%) running_loss=0.3029
2026-09-17 21:01:10,573 INFO epoch 35/50 done: train_loss=0.3029 val_loss=0.2342 val_accuracy=0.9365 val_macro_f1=0.9144 val_macro_auc=0.9866 (checkpoint_metric=macro_auc)
2026-09-17 21:01:11,550 INFO train epoch 36/50 batch 13/66 (20%) running_loss=0.3002
2026-09-17 21:01:12,191 INFO train epoch 36/50 batch 26/66 (39%) running_loss=0.3052
2026-09-17 21:01:12,902 INFO train epoch 36/50 batch 39/66 (59%) running_loss=0.3047
2026-09-17 21:01:13,692 INFO train epoch 36/50 batch 52/66 (79%) running_loss=0.3045
2026-09-17 21:01:14,386 INFO train epoch 36/50 batch 65/66 (98%) running_loss=0.3036
2026-09-17 21:01:14,415 INFO train epoch 36/50 batch 66/66 (100%) running_loss=0.3036
2026-09-17 21:01:15,444 INFO epoch 36/50 done: train_loss=0.3036 val_loss=0.2405 val_accuracy=0.9406 val_macro_f1=0.9206 val_macro_auc=0.9858 (checkpoint_metric=macro_auc)
2026-09-17 21:01:16,496 INFO train epoch 37/50 batch 13/66 (20%) running_loss=0.3021
2026-09-17 21:01:17,207 INFO train epoch 37/50 batch 26/66 (39%) running_loss=0.3017
2026-09-17 21:01:17,862 INFO train epoch 37/50 batch 39/66 (59%) running_loss=0.3015
2026-09-17 21:01:18,516 INFO train epoch 37/50 batch 52/66 (79%) running_loss=0.3019
2026-09-17 21:01:19,220 INFO train epoch 37/50 batch 65/66 (98%) running_loss=0.3018
2026-09-17 21:01:19,248 INFO train epoch 37/50 batch 66/66 (100%) running_loss=0.3019
2026-09-17 21:01:20,318 INFO epoch 37/50 done: train_loss=0.3019 val_loss=0.2273 val_accuracy=0.9426 val_macro_f1=0.9217 val_macro_auc=0.9875 (checkpoint_metric=macro_auc)
2026-09-17 21:01:21,316 INFO train epoch 38/50 batch 13/66 (20%) running_loss=0.2992
2026-09-17 21:01:21,986 INFO train epoch 38/50 batch 26/66 (39%) running_loss=0.3024
2026-09-17 21:01:22,650 INFO train epoch 38/50 batch 39/66 (59%) running_loss=0.3021
2026-09-17 21:01:23,345 INFO train epoch 38/50 batch 52/66 (79%) running_loss=0.3015
2026-09-17 21:01:24,026 INFO train epoch 38/50 batch 65/66 (98%) running_loss=0.3019
2026-09-17 21:01:24,055 INFO train epoch 38/50 batch 66/66 (100%) running_loss=0.3020
2026-09-17 21:01:25,099 INFO epoch 38/50 done: train_loss=0.3020 val_loss=0.2294 val_accuracy=0.9406 val_macro_f1=0.9200 val_macro_auc=0.9875 (checkpoint_metric=macro_auc)
2026-09-17 21:01:26,033 INFO train epoch 39/50 batch 13/66 (20%) running_loss=0.2988
2026-09-17 21:01:26,825 INFO train epoch 39/50 batch 26/66 (39%) running_loss=0.3029
2026-09-17 21:01:27,534 INFO train epoch 39/50 batch 39/66 (59%) running_loss=0.3041
2026-09-17 21:01:28,209 INFO train epoch 39/50 batch 52/66 (79%) running_loss=0.3037
2026-09-17 21:01:28,893 INFO train epoch 39/50 batch 65/66 (98%) running_loss=0.3035
2026-09-17 21:01:28,955 INFO train epoch 39/50 batch 66/66 (100%) running_loss=0.3036
2026-09-17 21:01:30,007 INFO epoch 39/50 done: train_loss=0.3036 val_loss=0.2432 val_accuracy=0.9426 val_macro_f1=0.9219 val_macro_auc=0.9865 (checkpoint_metric=macro_auc)
2026-09-17 21:01:31,021 INFO train epoch 40/50 batch 13/66 (20%) running_loss=0.2999
2026-09-17 21:01:31,688 INFO train epoch 40/50 batch 26/66 (39%) running_loss=0.2998
2026-09-17 21:01:32,385 INFO train epoch 40/50 batch 39/66 (59%) running_loss=0.3005
2026-09-17 21:01:33,096 INFO train epoch 40/50 batch 52/66 (79%) running_loss=0.3007
2026-09-17 21:01:33,756 INFO train epoch 40/50 batch 65/66 (98%) running_loss=0.3006
2026-09-17 21:01:33,785 INFO train epoch 40/50 batch 66/66 (100%) running_loss=0.3007
2026-09-17 21:01:34,835 INFO epoch 40/50 done: train_loss=0.3007 val_loss=0.2401 val_accuracy=0.9447 val_macro_f1=0.9249 val_macro_auc=0.9866 (checkpoint_metric=macro_auc)
2026-09-17 21:01:35,793 INFO train epoch 41/50 batch 13/66 (20%) running_loss=0.3008
2026-09-17 21:01:36,453 INFO train epoch 41/50 batch 26/66 (39%) running_loss=0.3013
2026-09-17 21:01:37,234 INFO train epoch 41/50 batch 39/66 (59%) running_loss=0.3013
2026-09-17 21:01:37,926 INFO train epoch 41/50 batch 52/66 (79%) running_loss=0.3030
2026-09-17 21:01:38,599 INFO train epoch 41/50 batch 65/66 (98%) running_loss=0.3025
2026-09-17 21:01:38,628 INFO train epoch 41/50 batch 66/66 (100%) running_loss=0.3027
2026-09-17 21:01:39,694 INFO epoch 41/50 done: train_loss=0.3027 val_loss=0.2370 val_accuracy=0.9406 val_macro_f1=0.9182 val_macro_auc=0.9867 (checkpoint_metric=macro_auc)
2026-09-17 21:01:40,725 INFO train epoch 42/50 batch 13/66 (20%) running_loss=0.2990
2026-09-17 21:01:41,412 INFO train epoch 42/50 batch 26/66 (39%) running_loss=0.3016
2026-09-17 21:01:42,124 INFO train epoch 42/50 batch 39/66 (59%) running_loss=0.3012
2026-09-17 21:01:42,827 INFO train epoch 42/50 batch 52/66 (79%) running_loss=0.3011
2026-09-17 21:01:43,592 INFO train epoch 42/50 batch 65/66 (98%) running_loss=0.3011
2026-09-17 21:01:43,620 INFO train epoch 42/50 batch 66/66 (100%) running_loss=0.3013
2026-09-17 21:01:44,655 INFO epoch 42/50 done: train_loss=0.3013 val_loss=0.2437 val_accuracy=0.9385 val_macro_f1=0.9165 val_macro_auc=0.9859 (checkpoint_metric=macro_auc)
2026-09-17 21:01:45,708 INFO train epoch 43/50 batch 13/66 (20%) running_loss=0.3025
2026-09-17 21:01:46,334 INFO train epoch 43/50 batch 26/66 (39%) running_loss=0.3015
2026-09-17 21:01:46,982 INFO train epoch 43/50 batch 39/66 (59%) running_loss=0.3003
2026-09-17 21:01:47,705 INFO train epoch 43/50 batch 52/66 (79%) running_loss=0.3004
2026-09-17 21:01:48,612 INFO train epoch 43/50 batch 65/66 (98%) running_loss=0.3006
2026-09-17 21:01:48,642 INFO train epoch 43/50 batch 66/66 (100%) running_loss=0.3005
2026-09-17 21:01:49,839 INFO epoch 43/50 done: train_loss=0.3005 val_loss=0.2349 val_accuracy=0.9406 val_macro_f1=0.9182 val_macro_auc=0.9871 (checkpoint_metric=macro_auc)
2026-09-17 21:01:50,910 INFO train epoch 44/50 batch 13/66 (20%) running_loss=0.2984
2026-09-17 21:01:51,754 INFO train epoch 44/50 batch 26/66 (39%) running_loss=0.3002
2026-09-17 21:01:52,470 INFO train epoch 44/50 batch 39/66 (59%) running_loss=0.2999
2026-09-17 21:01:53,124 INFO train epoch 44/50 batch 52/66 (79%) running_loss=0.2999
2026-09-17 21:01:53,741 INFO train epoch 44/50 batch 65/66 (98%) running_loss=0.3002
2026-09-17 21:01:53,792 INFO train epoch 44/50 batch 66/66 (100%) running_loss=0.3002
2026-09-17 21:01:54,844 INFO epoch 44/50 done: train_loss=0.3002 val_loss=0.2431 val_accuracy=0.9385 val_macro_f1=0.9171 val_macro_auc=0.9862 (checkpoint_metric=macro_auc)
2026-09-17 21:01:55,815 INFO train epoch 45/50 batch 13/66 (20%) running_loss=0.2995
2026-09-17 21:01:56,471 INFO train epoch 45/50 batch 26/66 (39%) running_loss=0.3009
2026-09-17 21:01:57,281 INFO train epoch 45/50 batch 39/66 (59%) running_loss=0.3020
2026-09-17 21:01:57,953 INFO train epoch 45/50 batch 52/66 (79%) running_loss=0.3021
2026-09-17 21:01:58,606 INFO train epoch 45/50 batch 65/66 (98%) running_loss=0.3022
2026-09-17 21:01:58,635 INFO train epoch 45/50 batch 66/66 (100%) running_loss=0.3025
2026-09-17 21:01:59,689 INFO epoch 45/50 done: train_loss=0.3025 val_loss=0.2438 val_accuracy=0.9385 val_macro_f1=0.9171 val_macro_auc=0.9862 (checkpoint_metric=macro_auc)
2026-09-17 21:02:00,743 INFO train epoch 46/50 batch 13/66 (20%) running_loss=0.3024
2026-09-17 21:02:01,418 INFO train epoch 46/50 batch 26/66 (39%) running_loss=0.3000
2026-09-17 21:02:02,083 INFO train epoch 46/50 batch 39/66 (59%) running_loss=0.3002
2026-09-17 21:02:02,760 INFO train epoch 46/50 batch 52/66 (79%) running_loss=0.3009
2026-09-17 21:02:03,450 INFO train epoch 46/50 batch 65/66 (98%) running_loss=0.3003
2026-09-17 21:02:03,479 INFO train epoch 46/50 batch 66/66 (100%) running_loss=0.3004
2026-09-17 21:02:04,503 INFO epoch 46/50 done: train_loss=0.3004 val_loss=0.2452 val_accuracy=0.9385 val_macro_f1=0.9165 val_macro_auc=0.9865 (checkpoint_metric=macro_auc)
2026-09-17 21:02:05,507 INFO train epoch 47/50 batch 13/66 (20%) running_loss=0.3014
2026-09-17 21:02:06,175 INFO train epoch 47/50 batch 26/66 (39%) running_loss=0.3005
2026-09-17 21:02:06,848 INFO train epoch 47/50 batch 39/66 (59%) running_loss=0.3011
2026-09-17 21:02:07,564 INFO train epoch 47/50 batch 52/66 (79%) running_loss=0.3018
2026-09-17 21:02:08,275 INFO train epoch 47/50 batch 65/66 (98%) running_loss=0.3018
2026-09-17 21:02:08,304 INFO train epoch 47/50 batch 66/66 (100%) running_loss=0.3017
2026-09-17 21:02:09,347 INFO epoch 47/50 done: train_loss=0.3017 val_loss=0.2323 val_accuracy=0.9385 val_macro_f1=0.9175 val_macro_auc=0.9877 (checkpoint_metric=macro_auc)
2026-09-17 21:02:10,327 INFO train epoch 48/50 batch 13/66 (20%) running_loss=0.2991
2026-09-17 21:02:10,998 INFO train epoch 48/50 batch 26/66 (39%) running_loss=0.3004
2026-09-17 21:02:11,667 INFO train epoch 48/50 batch 39/66 (59%) running_loss=0.3010
2026-09-17 21:02:12,407 INFO train epoch 48/50 batch 52/66 (79%) running_loss=0.3013
2026-09-17 21:02:13,084 INFO train epoch 48/50 batch 65/66 (98%) running_loss=0.3017
2026-09-17 21:02:13,112 INFO train epoch 48/50 batch 66/66 (100%) running_loss=0.3016
2026-09-17 21:02:14,156 INFO epoch 48/50 done: train_loss=0.3016 val_loss=0.2391 val_accuracy=0.9406 val_macro_f1=0.9196 val_macro_auc=0.9866 (checkpoint_metric=macro_auc)
2026-09-17 21:02:15,165 INFO train epoch 49/50 batch 13/66 (20%) running_loss=0.3003
2026-09-17 21:02:15,808 INFO train epoch 49/50 batch 26/66 (39%) running_loss=0.3012
2026-09-17 21:02:16,515 INFO train epoch 49/50 batch 39/66 (59%) running_loss=0.2999
2026-09-17 21:02:17,220 INFO train epoch 49/50 batch 52/66 (79%) running_loss=0.3000
2026-09-17 21:02:17,873 INFO train epoch 49/50 batch 65/66 (98%) running_loss=0.3000
2026-09-17 21:02:17,930 INFO train epoch 49/50 batch 66/66 (100%) running_loss=0.3003
2026-09-17 21:02:18,979 INFO epoch 49/50 done: train_loss=0.3003 val_loss=0.2315 val_accuracy=0.9385 val_macro_f1=0.9175 val_macro_auc=0.9873 (checkpoint_metric=macro_auc)
2026-09-17 21:02:19,948 INFO train epoch 50/50 batch 13/66 (20%) running_loss=0.3043
2026-09-17 21:02:20,591 INFO train epoch 50/50 batch 26/66 (39%) running_loss=0.3022
2026-09-17 21:02:21,257 INFO train epoch 50/50 batch 39/66 (59%) running_loss=0.3026
2026-09-17 21:02:22,054 INFO train epoch 50/50 batch 52/66 (79%) running_loss=0.3028
2026-09-17 21:02:22,726 INFO train epoch 50/50 batch 65/66 (98%) running_loss=0.3023
2026-09-17 21:02:22,754 INFO train epoch 50/50 batch 66/66 (100%) running_loss=0.3023
2026-09-17 21:02:23,784 INFO epoch 50/50 done: train_loss=0.3023 val_loss=0.2335 val_accuracy=0.9385 val_macro_f1=0.9157 val_macro_auc=0.9872 (checkpoint_metric=macro_auc)
2026-09-17 21:02:23,931 INFO Training finished. Best epoch=29, smoothed macro_auc=0.9877 (window=3)
2026-09-17 21:02:25,589 INFO Test set evaluated once: accuracy=0.8713 macro_f1=0.8594 macro_auc=0.9603
2026-09-17 21:02:26,212 INFO Model size: 21.29M params, 0.676 GFLOPs at 96x96
