2026-09-23 07:11:00,825 INFO Starting baseline training: model=densenet121 device=cuda amp=True image_size=96 epochs=50 lr=0.001 optimizer=sgd
2026-09-23 07:11:01,085 INFO Dataset ready: 3 classes, 2102 train / 488 val samples (split reused from outputs/baseline_densenet121_96_constant_s2/split_indices.json)
2026-09-23 07:11:01,093 INFO Augmentation policy: constant strength (rank-averaged), from outputs/main1/augmentation_run/selected_policy.json; strengths {'rotation': 0.0675, 'affine_translation': 0.2256, 'random_resized_crop': 0.516, 'brightness': 0.4195, 'contrast': 0.123, 'horizontal_flip': 0.5366, 'random_erasing': 0.1828}
2026-09-23 07:11:01,452 INFO Classes: {'glioma_tumor': 0, 'meningioma_tumor': 1, 'pituitary_tumor': 2}
2026-09-23 07:11:01,452 INFO Regularization: weight_decay=7.0e-04 label_smoothing=0.10 grad_clip_norm=5.0
2026-09-23 07:11:04,510 INFO train epoch 1/50 batch 13/66 (20%) running_loss=1.2155
2026-09-23 07:11:05,752 INFO train epoch 1/50 batch 26/66 (39%) running_loss=1.0927
2026-09-23 07:11:06,801 INFO train epoch 1/50 batch 39/66 (59%) running_loss=1.0043
2026-09-23 07:11:07,850 INFO train epoch 1/50 batch 52/66 (79%) running_loss=0.9166
2026-09-23 07:11:08,881 INFO train epoch 1/50 batch 65/66 (98%) running_loss=0.8609
2026-09-23 07:11:09,628 INFO train epoch 1/50 batch 66/66 (100%) running_loss=0.8608
2026-09-23 07:11:11,254 INFO epoch 1/50 done: train_loss=0.8608 val_loss=0.3281 val_accuracy=0.9221 val_macro_f1=0.8938 val_macro_auc=0.9757 (checkpoint_metric=macro_auc) [new best]
2026-09-23 07:11:12,818 INFO train epoch 2/50 batch 13/66 (20%) running_loss=0.5331
2026-09-23 07:11:13,864 INFO train epoch 2/50 batch 26/66 (39%) running_loss=0.5361
2026-09-23 07:11:14,912 INFO train epoch 2/50 batch 39/66 (59%) running_loss=0.5292
2026-09-23 07:11:16,078 INFO train epoch 2/50 batch 52/66 (79%) running_loss=0.5326
2026-09-23 07:11:17,103 INFO train epoch 2/50 batch 65/66 (98%) running_loss=0.5225
2026-09-23 07:11:17,185 INFO train epoch 2/50 batch 66/66 (100%) running_loss=0.5215
2026-09-23 07:11:18,542 INFO epoch 2/50 done: train_loss=0.5215 val_loss=0.2414 val_accuracy=0.9324 val_macro_f1=0.9042 val_macro_auc=0.9851 (checkpoint_metric=macro_auc) [new best]
2026-09-23 07:11:20,125 INFO train epoch 3/50 batch 13/66 (20%) running_loss=0.4533
2026-09-23 07:11:21,183 INFO train epoch 3/50 batch 26/66 (39%) running_loss=0.4437
2026-09-23 07:11:22,266 INFO train epoch 3/50 batch 39/66 (59%) running_loss=0.4482
2026-09-23 07:11:23,535 INFO train epoch 3/50 batch 52/66 (79%) running_loss=0.4484
2026-09-23 07:11:24,648 INFO train epoch 3/50 batch 65/66 (98%) running_loss=0.4482
2026-09-23 07:11:24,731 INFO train epoch 3/50 batch 66/66 (100%) running_loss=0.4481
2026-09-23 07:11:26,097 INFO epoch 3/50 done: train_loss=0.4481 val_loss=0.2259 val_accuracy=0.9283 val_macro_f1=0.8949 val_macro_auc=0.9847 (checkpoint_metric=macro_auc) [new best]
2026-09-23 07:11:27,680 INFO train epoch 4/50 batch 13/66 (20%) running_loss=0.3849
2026-09-23 07:11:28,810 INFO train epoch 4/50 batch 26/66 (39%) running_loss=0.3938
2026-09-23 07:11:29,869 INFO train epoch 4/50 batch 39/66 (59%) running_loss=0.3960
2026-09-23 07:11:31,033 INFO train epoch 4/50 batch 52/66 (79%) running_loss=0.4045
2026-09-23 07:11:32,138 INFO train epoch 4/50 batch 65/66 (98%) running_loss=0.4022
2026-09-23 07:11:32,222 INFO train epoch 4/50 batch 66/66 (100%) running_loss=0.4016
2026-09-23 07:11:33,537 INFO epoch 4/50 done: train_loss=0.4016 val_loss=0.2279 val_accuracy=0.9283 val_macro_f1=0.9005 val_macro_auc=0.9848 (checkpoint_metric=macro_auc) [new best]
2026-09-23 07:11:35,097 INFO train epoch 5/50 batch 13/66 (20%) running_loss=0.3935
2026-09-23 07:11:36,181 INFO train epoch 5/50 batch 26/66 (39%) running_loss=0.3791
2026-09-23 07:11:37,322 INFO train epoch 5/50 batch 39/66 (59%) running_loss=0.3782
2026-09-23 07:11:38,377 INFO train epoch 5/50 batch 52/66 (79%) running_loss=0.3780
2026-09-23 07:11:39,440 INFO train epoch 5/50 batch 65/66 (98%) running_loss=0.3768
2026-09-23 07:11:39,524 INFO train epoch 5/50 batch 66/66 (100%) running_loss=0.3770
2026-09-23 07:11:40,694 INFO epoch 5/50 done: train_loss=0.3770 val_loss=0.2580 val_accuracy=0.9303 val_macro_f1=0.9044 val_macro_auc=0.9850 (checkpoint_metric=macro_auc)
2026-09-23 07:11:42,294 INFO train epoch 6/50 batch 13/66 (20%) running_loss=0.3556
2026-09-23 07:11:43,462 INFO train epoch 6/50 batch 26/66 (39%) running_loss=0.3615
2026-09-23 07:11:44,661 INFO train epoch 6/50 batch 39/66 (59%) running_loss=0.3634
2026-09-23 07:11:45,736 INFO train epoch 6/50 batch 52/66 (79%) running_loss=0.3666
2026-09-23 07:11:46,772 INFO train epoch 6/50 batch 65/66 (98%) running_loss=0.3668
2026-09-23 07:11:46,854 INFO train epoch 6/50 batch 66/66 (100%) running_loss=0.3665
2026-09-23 07:11:48,273 INFO epoch 6/50 done: train_loss=0.3665 val_loss=0.2161 val_accuracy=0.9365 val_macro_f1=0.9078 val_macro_auc=0.9890 (checkpoint_metric=macro_auc) [new best]
2026-09-23 07:11:50,161 INFO train epoch 7/50 batch 13/66 (20%) running_loss=0.3573
2026-09-23 07:11:51,554 INFO train epoch 7/50 batch 26/66 (39%) running_loss=0.3631
2026-09-23 07:11:52,853 INFO train epoch 7/50 batch 39/66 (59%) running_loss=0.3592
2026-09-23 07:11:53,925 INFO train epoch 7/50 batch 52/66 (79%) running_loss=0.3556
2026-09-23 07:11:54,958 INFO train epoch 7/50 batch 65/66 (98%) running_loss=0.3570
2026-09-23 07:11:55,042 INFO train epoch 7/50 batch 66/66 (100%) running_loss=0.3571
2026-09-23 07:11:56,345 INFO epoch 7/50 done: train_loss=0.3571 val_loss=0.2337 val_accuracy=0.9180 val_macro_f1=0.8887 val_macro_auc=0.9877 (checkpoint_metric=macro_auc) [new best]
2026-09-23 07:11:58,091 INFO train epoch 8/50 batch 13/66 (20%) running_loss=0.3477
2026-09-23 07:11:59,342 INFO train epoch 8/50 batch 26/66 (39%) running_loss=0.3454
2026-09-23 07:12:00,432 INFO train epoch 8/50 batch 39/66 (59%) running_loss=0.3491
2026-09-23 07:12:01,519 INFO train epoch 8/50 batch 52/66 (79%) running_loss=0.3463
2026-09-23 07:12:02,560 INFO train epoch 8/50 batch 65/66 (98%) running_loss=0.3426
2026-09-23 07:12:02,645 INFO train epoch 8/50 batch 66/66 (100%) running_loss=0.3424
2026-09-23 07:12:04,017 INFO epoch 8/50 done: train_loss=0.3424 val_loss=0.2278 val_accuracy=0.9303 val_macro_f1=0.9023 val_macro_auc=0.9869 (checkpoint_metric=macro_auc) [new best]
2026-09-23 07:12:05,708 INFO train epoch 9/50 batch 13/66 (20%) running_loss=0.3487
2026-09-23 07:12:06,902 INFO train epoch 9/50 batch 26/66 (39%) running_loss=0.3455
2026-09-23 07:12:07,949 INFO train epoch 9/50 batch 39/66 (59%) running_loss=0.3414
2026-09-23 07:12:09,072 INFO train epoch 9/50 batch 52/66 (79%) running_loss=0.3390
2026-09-23 07:12:10,104 INFO train epoch 9/50 batch 65/66 (98%) running_loss=0.3391
2026-09-23 07:12:10,188 INFO train epoch 9/50 batch 66/66 (100%) running_loss=0.3391
2026-09-23 07:12:11,345 INFO epoch 9/50 done: train_loss=0.3391 val_loss=0.2248 val_accuracy=0.9324 val_macro_f1=0.9071 val_macro_auc=0.9872 (checkpoint_metric=macro_auc)
2026-09-23 07:12:12,937 INFO train epoch 10/50 batch 13/66 (20%) running_loss=0.3235
2026-09-23 07:12:13,976 INFO train epoch 10/50 batch 26/66 (39%) running_loss=0.3270
2026-09-23 07:12:15,088 INFO train epoch 10/50 batch 39/66 (59%) running_loss=0.3277
2026-09-23 07:12:16,409 INFO train epoch 10/50 batch 52/66 (79%) running_loss=0.3269
2026-09-23 07:12:17,432 INFO train epoch 10/50 batch 65/66 (98%) running_loss=0.3275
2026-09-23 07:12:17,516 INFO train epoch 10/50 batch 66/66 (100%) running_loss=0.3274
2026-09-23 07:12:18,710 INFO epoch 10/50 done: train_loss=0.3274 val_loss=0.2334 val_accuracy=0.9344 val_macro_f1=0.9097 val_macro_auc=0.9876 (checkpoint_metric=macro_auc)
2026-09-23 07:12:20,241 INFO train epoch 11/50 batch 13/66 (20%) running_loss=0.3269
2026-09-23 07:12:21,456 INFO train epoch 11/50 batch 26/66 (39%) running_loss=0.3306
2026-09-23 07:12:22,691 INFO train epoch 11/50 batch 39/66 (59%) running_loss=0.3299
2026-09-23 07:12:23,930 INFO train epoch 11/50 batch 52/66 (79%) running_loss=0.3332
2026-09-23 07:12:25,078 INFO train epoch 11/50 batch 65/66 (98%) running_loss=0.3311
2026-09-23 07:12:25,164 INFO train epoch 11/50 batch 66/66 (100%) running_loss=0.3313
2026-09-23 07:12:26,306 INFO epoch 11/50 done: train_loss=0.3313 val_loss=0.2151 val_accuracy=0.9467 val_macro_f1=0.9247 val_macro_auc=0.9887 (checkpoint_metric=macro_auc)
2026-09-23 07:12:27,909 INFO train epoch 12/50 batch 13/66 (20%) running_loss=0.3350
2026-09-23 07:12:29,142 INFO train epoch 12/50 batch 26/66 (39%) running_loss=0.3322
2026-09-23 07:12:30,202 INFO train epoch 12/50 batch 39/66 (59%) running_loss=0.3292
2026-09-23 07:12:31,291 INFO train epoch 12/50 batch 52/66 (79%) running_loss=0.3335
2026-09-23 07:12:32,322 INFO train epoch 12/50 batch 65/66 (98%) running_loss=0.3335
2026-09-23 07:12:32,407 INFO train epoch 12/50 batch 66/66 (100%) running_loss=0.3333
2026-09-23 07:12:33,779 INFO epoch 12/50 done: train_loss=0.3333 val_loss=0.2118 val_accuracy=0.9467 val_macro_f1=0.9241 val_macro_auc=0.9897 (checkpoint_metric=macro_auc) [new best]
2026-09-23 07:12:35,445 INFO train epoch 13/50 batch 13/66 (20%) running_loss=0.3273
2026-09-23 07:12:36,522 INFO train epoch 13/50 batch 26/66 (39%) running_loss=0.3284
2026-09-23 07:12:37,692 INFO train epoch 13/50 batch 39/66 (59%) running_loss=0.3279
2026-09-23 07:12:38,863 INFO train epoch 13/50 batch 52/66 (79%) running_loss=0.3258
2026-09-23 07:12:39,983 INFO train epoch 13/50 batch 65/66 (98%) running_loss=0.3288
2026-09-23 07:12:40,067 INFO train epoch 13/50 batch 66/66 (100%) running_loss=0.3287
2026-09-23 07:12:41,441 INFO epoch 13/50 done: train_loss=0.3287 val_loss=0.2086 val_accuracy=0.9467 val_macro_f1=0.9257 val_macro_auc=0.9889 (checkpoint_metric=macro_auc) [new best]
2026-09-23 07:12:43,137 INFO train epoch 14/50 batch 13/66 (20%) running_loss=0.3240
2026-09-23 07:12:44,202 INFO train epoch 14/50 batch 26/66 (39%) running_loss=0.3282
2026-09-23 07:12:45,321 INFO train epoch 14/50 batch 39/66 (59%) running_loss=0.3249
2026-09-23 07:12:46,491 INFO train epoch 14/50 batch 52/66 (79%) running_loss=0.3271
2026-09-23 07:12:47,538 INFO train epoch 14/50 batch 65/66 (98%) running_loss=0.3269
2026-09-23 07:12:47,622 INFO train epoch 14/50 batch 66/66 (100%) running_loss=0.3268
2026-09-23 07:12:48,902 INFO epoch 14/50 done: train_loss=0.3268 val_loss=0.2168 val_accuracy=0.9385 val_macro_f1=0.9141 val_macro_auc=0.9891 (checkpoint_metric=macro_auc) [new best]
2026-09-23 07:12:50,466 INFO train epoch 15/50 batch 13/66 (20%) running_loss=0.3209
2026-09-23 07:12:51,495 INFO train epoch 15/50 batch 26/66 (39%) running_loss=0.3206
2026-09-23 07:12:52,705 INFO train epoch 15/50 batch 39/66 (59%) running_loss=0.3205
2026-09-23 07:12:53,882 INFO train epoch 15/50 batch 52/66 (79%) running_loss=0.3203
2026-09-23 07:12:54,921 INFO train epoch 15/50 batch 65/66 (98%) running_loss=0.3198
2026-09-23 07:12:55,005 INFO train epoch 15/50 batch 66/66 (100%) running_loss=0.3200
2026-09-23 07:12:56,130 INFO epoch 15/50 done: train_loss=0.3200 val_loss=0.2320 val_accuracy=0.9365 val_macro_f1=0.9131 val_macro_auc=0.9875 (checkpoint_metric=macro_auc)
2026-09-23 07:12:57,761 INFO train epoch 16/50 batch 13/66 (20%) running_loss=0.3178
2026-09-23 07:12:58,861 INFO train epoch 16/50 batch 26/66 (39%) running_loss=0.3189
2026-09-23 07:12:59,923 INFO train epoch 16/50 batch 39/66 (59%) running_loss=0.3194
2026-09-23 07:13:00,976 INFO train epoch 16/50 batch 52/66 (79%) running_loss=0.3212
2026-09-23 07:13:02,029 INFO train epoch 16/50 batch 65/66 (98%) running_loss=0.3222
2026-09-23 07:13:02,113 INFO train epoch 16/50 batch 66/66 (100%) running_loss=0.3221
2026-09-23 07:13:03,284 INFO epoch 16/50 done: train_loss=0.3221 val_loss=0.2180 val_accuracy=0.9406 val_macro_f1=0.9172 val_macro_auc=0.9879 (checkpoint_metric=macro_auc)
2026-09-23 07:13:04,989 INFO train epoch 17/50 batch 13/66 (20%) running_loss=0.3360
2026-09-23 07:13:06,240 INFO train epoch 17/50 batch 26/66 (39%) running_loss=0.3303
2026-09-23 07:13:07,446 INFO train epoch 17/50 batch 39/66 (59%) running_loss=0.3285
2026-09-23 07:13:08,545 INFO train epoch 17/50 batch 52/66 (79%) running_loss=0.3293
2026-09-23 07:13:09,594 INFO train epoch 17/50 batch 65/66 (98%) running_loss=0.3282
2026-09-23 07:13:09,679 INFO train epoch 17/50 batch 66/66 (100%) running_loss=0.3281
2026-09-23 07:13:10,804 INFO epoch 17/50 done: train_loss=0.3281 val_loss=0.2307 val_accuracy=0.9447 val_macro_f1=0.9232 val_macro_auc=0.9881 (checkpoint_metric=macro_auc)
2026-09-23 07:13:12,557 INFO train epoch 18/50 batch 13/66 (20%) running_loss=0.3227
2026-09-23 07:13:13,668 INFO train epoch 18/50 batch 26/66 (39%) running_loss=0.3224
2026-09-23 07:13:14,721 INFO train epoch 18/50 batch 39/66 (59%) running_loss=0.3216
2026-09-23 07:13:15,850 INFO train epoch 18/50 batch 52/66 (79%) running_loss=0.3219
2026-09-23 07:13:16,909 INFO train epoch 18/50 batch 65/66 (98%) running_loss=0.3220
2026-09-23 07:13:16,991 INFO train epoch 18/50 batch 66/66 (100%) running_loss=0.3220
2026-09-23 07:13:18,143 INFO epoch 18/50 done: train_loss=0.3220 val_loss=0.2036 val_accuracy=0.9447 val_macro_f1=0.9220 val_macro_auc=0.9897 (checkpoint_metric=macro_auc)
2026-09-23 07:13:19,619 INFO train epoch 19/50 batch 13/66 (20%) running_loss=0.3172
2026-09-23 07:13:20,866 INFO train epoch 19/50 batch 26/66 (39%) running_loss=0.3149
2026-09-23 07:13:22,090 INFO train epoch 19/50 batch 39/66 (59%) running_loss=0.3174
2026-09-23 07:13:23,171 INFO train epoch 19/50 batch 52/66 (79%) running_loss=0.3189
2026-09-23 07:13:24,219 INFO train epoch 19/50 batch 65/66 (98%) running_loss=0.3179
2026-09-23 07:13:24,305 INFO train epoch 19/50 batch 66/66 (100%) running_loss=0.3179
2026-09-23 07:13:25,404 INFO epoch 19/50 done: train_loss=0.3179 val_loss=0.2030 val_accuracy=0.9406 val_macro_f1=0.9165 val_macro_auc=0.9899 (checkpoint_metric=macro_auc)
2026-09-23 07:13:27,078 INFO train epoch 20/50 batch 13/66 (20%) running_loss=0.3219
2026-09-23 07:13:28,354 INFO train epoch 20/50 batch 26/66 (39%) running_loss=0.3199
2026-09-23 07:13:29,606 INFO train epoch 20/50 batch 39/66 (59%) running_loss=0.3193
2026-09-23 07:13:30,745 INFO train epoch 20/50 batch 52/66 (79%) running_loss=0.3188
2026-09-23 07:13:31,803 INFO train epoch 20/50 batch 65/66 (98%) running_loss=0.3183
2026-09-23 07:13:31,886 INFO train epoch 20/50 batch 66/66 (100%) running_loss=0.3182
2026-09-23 07:13:33,243 INFO epoch 20/50 done: train_loss=0.3182 val_loss=0.2022 val_accuracy=0.9467 val_macro_f1=0.9247 val_macro_auc=0.9896 (checkpoint_metric=macro_auc) [new best]
2026-09-23 07:13:34,862 INFO train epoch 21/50 batch 13/66 (20%) running_loss=0.3096
2026-09-23 07:13:36,002 INFO train epoch 21/50 batch 26/66 (39%) running_loss=0.3158
2026-09-23 07:13:37,056 INFO train epoch 21/50 batch 39/66 (59%) running_loss=0.3144
2026-09-23 07:13:38,152 INFO train epoch 21/50 batch 52/66 (79%) running_loss=0.3153
2026-09-23 07:13:39,220 INFO train epoch 21/50 batch 65/66 (98%) running_loss=0.3166
2026-09-23 07:13:39,309 INFO train epoch 21/50 batch 66/66 (100%) running_loss=0.3166
2026-09-23 07:13:40,430 INFO epoch 21/50 done: train_loss=0.3166 val_loss=0.2278 val_accuracy=0.9344 val_macro_f1=0.9108 val_macro_auc=0.9880 (checkpoint_metric=macro_auc)
2026-09-23 07:13:42,074 INFO train epoch 22/50 batch 13/66 (20%) running_loss=0.3139
2026-09-23 07:13:43,192 INFO train epoch 22/50 batch 26/66 (39%) running_loss=0.3200
2026-09-23 07:13:44,280 INFO train epoch 22/50 batch 39/66 (59%) running_loss=0.3185
2026-09-23 07:13:45,416 INFO train epoch 22/50 batch 52/66 (79%) running_loss=0.3188
2026-09-23 07:13:46,497 INFO train epoch 22/50 batch 65/66 (98%) running_loss=0.3193
2026-09-23 07:13:46,582 INFO train epoch 22/50 batch 66/66 (100%) running_loss=0.3192
2026-09-23 07:13:47,744 INFO epoch 22/50 done: train_loss=0.3192 val_loss=0.2185 val_accuracy=0.9406 val_macro_f1=0.9178 val_macro_auc=0.9891 (checkpoint_metric=macro_auc)
2026-09-23 07:13:49,477 INFO train epoch 23/50 batch 13/66 (20%) running_loss=0.3169
2026-09-23 07:13:50,555 INFO train epoch 23/50 batch 26/66 (39%) running_loss=0.3202
2026-09-23 07:13:51,637 INFO train epoch 23/50 batch 39/66 (59%) running_loss=0.3191
2026-09-23 07:13:52,697 INFO train epoch 23/50 batch 52/66 (79%) running_loss=0.3200
2026-09-23 07:13:53,747 INFO train epoch 23/50 batch 65/66 (98%) running_loss=0.3189
2026-09-23 07:13:53,830 INFO train epoch 23/50 batch 66/66 (100%) running_loss=0.3188
2026-09-23 07:13:54,956 INFO epoch 23/50 done: train_loss=0.3188 val_loss=0.2206 val_accuracy=0.9406 val_macro_f1=0.9188 val_macro_auc=0.9891 (checkpoint_metric=macro_auc)
2026-09-23 07:13:56,624 INFO train epoch 24/50 batch 13/66 (20%) running_loss=0.3140
2026-09-23 07:13:57,815 INFO train epoch 24/50 batch 26/66 (39%) running_loss=0.3181
2026-09-23 07:13:59,041 INFO train epoch 24/50 batch 39/66 (59%) running_loss=0.3169
2026-09-23 07:14:00,162 INFO train epoch 24/50 batch 52/66 (79%) running_loss=0.3145
2026-09-23 07:14:01,220 INFO train epoch 24/50 batch 65/66 (98%) running_loss=0.3145
2026-09-23 07:14:01,305 INFO train epoch 24/50 batch 66/66 (100%) running_loss=0.3144
2026-09-23 07:14:02,451 INFO epoch 24/50 done: train_loss=0.3144 val_loss=0.1973 val_accuracy=0.9467 val_macro_f1=0.9260 val_macro_auc=0.9902 (checkpoint_metric=macro_auc)
2026-09-23 07:14:04,092 INFO train epoch 25/50 batch 13/66 (20%) running_loss=0.3101
2026-09-23 07:14:05,171 INFO train epoch 25/50 batch 26/66 (39%) running_loss=0.3124
2026-09-23 07:14:06,281 INFO train epoch 25/50 batch 39/66 (59%) running_loss=0.3129
2026-09-23 07:14:07,344 INFO train epoch 25/50 batch 52/66 (79%) running_loss=0.3133
2026-09-23 07:14:08,412 INFO train epoch 25/50 batch 65/66 (98%) running_loss=0.3131
2026-09-23 07:14:08,497 INFO train epoch 25/50 batch 66/66 (100%) running_loss=0.3131
2026-09-23 07:14:09,865 INFO epoch 25/50 done: train_loss=0.3131 val_loss=0.2007 val_accuracy=0.9467 val_macro_f1=0.9253 val_macro_auc=0.9899 (checkpoint_metric=macro_auc) [new best]
2026-09-23 07:14:11,482 INFO train epoch 26/50 batch 13/66 (20%) running_loss=0.3160
2026-09-23 07:14:12,527 INFO train epoch 26/50 batch 26/66 (39%) running_loss=0.3205
2026-09-23 07:14:13,603 INFO train epoch 26/50 batch 39/66 (59%) running_loss=0.3179
2026-09-23 07:14:14,674 INFO train epoch 26/50 batch 52/66 (79%) running_loss=0.3186
2026-09-23 07:14:15,906 INFO train epoch 26/50 batch 65/66 (98%) running_loss=0.3165
2026-09-23 07:14:15,990 INFO train epoch 26/50 batch 66/66 (100%) running_loss=0.3164
2026-09-23 07:14:17,146 INFO epoch 26/50 done: train_loss=0.3164 val_loss=0.2192 val_accuracy=0.9426 val_macro_f1=0.9205 val_macro_auc=0.9884 (checkpoint_metric=macro_auc)
2026-09-23 07:14:18,787 INFO train epoch 27/50 batch 13/66 (20%) running_loss=0.3103
2026-09-23 07:14:19,838 INFO train epoch 27/50 batch 26/66 (39%) running_loss=0.3134
2026-09-23 07:14:20,894 INFO train epoch 27/50 batch 39/66 (59%) running_loss=0.3125
2026-09-23 07:14:21,978 INFO train epoch 27/50 batch 52/66 (79%) running_loss=0.3123
2026-09-23 07:14:23,010 INFO train epoch 27/50 batch 65/66 (98%) running_loss=0.3119
2026-09-23 07:14:23,093 INFO train epoch 27/50 batch 66/66 (100%) running_loss=0.3118
2026-09-23 07:14:24,487 INFO epoch 27/50 done: train_loss=0.3118 val_loss=0.2021 val_accuracy=0.9467 val_macro_f1=0.9257 val_macro_auc=0.9910 (checkpoint_metric=macro_auc) [new best]
2026-09-23 07:14:26,125 INFO train epoch 28/50 batch 13/66 (20%) running_loss=0.3144
2026-09-23 07:14:27,182 INFO train epoch 28/50 batch 26/66 (39%) running_loss=0.3147
2026-09-23 07:14:28,231 INFO train epoch 28/50 batch 39/66 (59%) running_loss=0.3132
2026-09-23 07:14:29,285 INFO train epoch 28/50 batch 52/66 (79%) running_loss=0.3152
2026-09-23 07:14:30,336 INFO train epoch 28/50 batch 65/66 (98%) running_loss=0.3157
2026-09-23 07:14:30,421 INFO train epoch 28/50 batch 66/66 (100%) running_loss=0.3156
2026-09-23 07:14:31,596 INFO epoch 28/50 done: train_loss=0.3156 val_loss=0.2084 val_accuracy=0.9467 val_macro_f1=0.9253 val_macro_auc=0.9897 (checkpoint_metric=macro_auc)
2026-09-23 07:14:33,319 INFO train epoch 29/50 batch 13/66 (20%) running_loss=0.3099
2026-09-23 07:14:34,511 INFO train epoch 29/50 batch 26/66 (39%) running_loss=0.3107
2026-09-23 07:14:35,602 INFO train epoch 29/50 batch 39/66 (59%) running_loss=0.3120
2026-09-23 07:14:36,666 INFO train epoch 29/50 batch 52/66 (79%) running_loss=0.3140
2026-09-23 07:14:37,712 INFO train epoch 29/50 batch 65/66 (98%) running_loss=0.3151
2026-09-23 07:14:37,797 INFO train epoch 29/50 batch 66/66 (100%) running_loss=0.3159
2026-09-23 07:14:39,022 INFO epoch 29/50 done: train_loss=0.3159 val_loss=0.1941 val_accuracy=0.9488 val_macro_f1=0.9276 val_macro_auc=0.9906 (checkpoint_metric=macro_auc) [new best]
2026-09-23 07:14:40,668 INFO train epoch 30/50 batch 13/66 (20%) running_loss=0.3142
2026-09-23 07:14:41,745 INFO train epoch 30/50 batch 26/66 (39%) running_loss=0.3180
2026-09-23 07:14:42,809 INFO train epoch 30/50 batch 39/66 (59%) running_loss=0.3159
2026-09-23 07:14:43,884 INFO train epoch 30/50 batch 52/66 (79%) running_loss=0.3149
2026-09-23 07:14:44,921 INFO train epoch 30/50 batch 65/66 (98%) running_loss=0.3154
2026-09-23 07:14:45,006 INFO train epoch 30/50 batch 66/66 (100%) running_loss=0.3153
2026-09-23 07:14:46,126 INFO epoch 30/50 done: train_loss=0.3153 val_loss=0.1983 val_accuracy=0.9488 val_macro_f1=0.9284 val_macro_auc=0.9909 (checkpoint_metric=macro_auc)
2026-09-23 07:14:47,782 INFO train epoch 31/50 batch 13/66 (20%) running_loss=0.3155
2026-09-23 07:14:48,886 INFO train epoch 31/50 batch 26/66 (39%) running_loss=0.3138
2026-09-23 07:14:50,012 INFO train epoch 31/50 batch 39/66 (59%) running_loss=0.3174
2026-09-23 07:14:51,292 INFO train epoch 31/50 batch 52/66 (79%) running_loss=0.3168
2026-09-23 07:14:52,444 INFO train epoch 31/50 batch 65/66 (98%) running_loss=0.3157
2026-09-23 07:14:52,529 INFO train epoch 31/50 batch 66/66 (100%) running_loss=0.3156
2026-09-23 07:14:53,799 INFO epoch 31/50 done: train_loss=0.3156 val_loss=0.1999 val_accuracy=0.9447 val_macro_f1=0.9236 val_macro_auc=0.9910 (checkpoint_metric=macro_auc) [new best]
2026-09-23 07:14:55,428 INFO train epoch 32/50 batch 13/66 (20%) running_loss=0.3095
2026-09-23 07:14:56,472 INFO train epoch 32/50 batch 26/66 (39%) running_loss=0.3085
2026-09-23 07:14:57,525 INFO train epoch 32/50 batch 39/66 (59%) running_loss=0.3088
2026-09-23 07:14:58,643 INFO train epoch 32/50 batch 52/66 (79%) running_loss=0.3093
2026-09-23 07:14:59,695 INFO train epoch 32/50 batch 65/66 (98%) running_loss=0.3097
2026-09-23 07:14:59,779 INFO train epoch 32/50 batch 66/66 (100%) running_loss=0.3096
2026-09-23 07:15:01,050 INFO epoch 32/50 done: train_loss=0.3096 val_loss=0.1997 val_accuracy=0.9467 val_macro_f1=0.9248 val_macro_auc=0.9908 (checkpoint_metric=macro_auc) [new best]
2026-09-23 07:15:02,783 INFO train epoch 33/50 batch 13/66 (20%) running_loss=0.3077
2026-09-23 07:15:04,016 INFO train epoch 33/50 batch 26/66 (39%) running_loss=0.3082
2026-09-23 07:15:05,138 INFO train epoch 33/50 batch 39/66 (59%) running_loss=0.3086
2026-09-23 07:15:06,262 INFO train epoch 33/50 batch 52/66 (79%) running_loss=0.3099
2026-09-23 07:15:07,332 INFO train epoch 33/50 batch 65/66 (98%) running_loss=0.3120
2026-09-23 07:15:07,417 INFO train epoch 33/50 batch 66/66 (100%) running_loss=0.3121
2026-09-23 07:15:08,691 INFO epoch 33/50 done: train_loss=0.3121 val_loss=0.1962 val_accuracy=0.9467 val_macro_f1=0.9254 val_macro_auc=0.9912 (checkpoint_metric=macro_auc) [new best]
2026-09-23 07:15:10,268 INFO train epoch 34/50 batch 13/66 (20%) running_loss=0.3106
2026-09-23 07:15:11,343 INFO train epoch 34/50 batch 26/66 (39%) running_loss=0.3121
2026-09-23 07:15:12,527 INFO train epoch 34/50 batch 39/66 (59%) running_loss=0.3125
2026-09-23 07:15:13,787 INFO train epoch 34/50 batch 52/66 (79%) running_loss=0.3131
2026-09-23 07:15:14,924 INFO train epoch 34/50 batch 65/66 (98%) running_loss=0.3120
2026-09-23 07:15:15,008 INFO train epoch 34/50 batch 66/66 (100%) running_loss=0.3120
2026-09-23 07:15:16,153 INFO epoch 34/50 done: train_loss=0.3120 val_loss=0.2079 val_accuracy=0.9385 val_macro_f1=0.9151 val_macro_auc=0.9902 (checkpoint_metric=macro_auc)
2026-09-23 07:15:17,893 INFO train epoch 35/50 batch 13/66 (20%) running_loss=0.3089
2026-09-23 07:15:19,156 INFO train epoch 35/50 batch 26/66 (39%) running_loss=0.3076
2026-09-23 07:15:20,373 INFO train epoch 35/50 batch 39/66 (59%) running_loss=0.3085
2026-09-23 07:15:21,650 INFO train epoch 35/50 batch 52/66 (79%) running_loss=0.3091
2026-09-23 07:15:22,823 INFO train epoch 35/50 batch 65/66 (98%) running_loss=0.3113
2026-09-23 07:15:22,906 INFO train epoch 35/50 batch 66/66 (100%) running_loss=0.3112
2026-09-23 07:15:24,058 INFO epoch 35/50 done: train_loss=0.3112 val_loss=0.2069 val_accuracy=0.9447 val_macro_f1=0.9229 val_macro_auc=0.9903 (checkpoint_metric=macro_auc)
2026-09-23 07:15:25,723 INFO train epoch 36/50 batch 13/66 (20%) running_loss=0.3162
2026-09-23 07:15:26,830 INFO train epoch 36/50 batch 26/66 (39%) running_loss=0.3154
2026-09-23 07:15:27,901 INFO train epoch 36/50 batch 39/66 (59%) running_loss=0.3154
2026-09-23 07:15:28,966 INFO train epoch 36/50 batch 52/66 (79%) running_loss=0.3140
2026-09-23 07:15:29,997 INFO train epoch 36/50 batch 65/66 (98%) running_loss=0.3133
2026-09-23 07:15:30,084 INFO train epoch 36/50 batch 66/66 (100%) running_loss=0.3134
2026-09-23 07:15:31,252 INFO epoch 36/50 done: train_loss=0.3134 val_loss=0.2171 val_accuracy=0.9426 val_macro_f1=0.9211 val_macro_auc=0.9899 (checkpoint_metric=macro_auc)
2026-09-23 07:15:32,974 INFO train epoch 37/50 batch 13/66 (20%) running_loss=0.3117
2026-09-23 07:15:34,210 INFO train epoch 37/50 batch 26/66 (39%) running_loss=0.3114
2026-09-23 07:15:35,372 INFO train epoch 37/50 batch 39/66 (59%) running_loss=0.3130
2026-09-23 07:15:36,418 INFO train epoch 37/50 batch 52/66 (79%) running_loss=0.3117
2026-09-23 07:15:37,506 INFO train epoch 37/50 batch 65/66 (98%) running_loss=0.3117
2026-09-23 07:15:37,588 INFO train epoch 37/50 batch 66/66 (100%) running_loss=0.3117
2026-09-23 07:15:38,732 INFO epoch 37/50 done: train_loss=0.3117 val_loss=0.1971 val_accuracy=0.9467 val_macro_f1=0.9247 val_macro_auc=0.9910 (checkpoint_metric=macro_auc)
2026-09-23 07:15:40,441 INFO train epoch 38/50 batch 13/66 (20%) running_loss=0.3057
2026-09-23 07:15:41,475 INFO train epoch 38/50 batch 26/66 (39%) running_loss=0.3098
2026-09-23 07:15:42,563 INFO train epoch 38/50 batch 39/66 (59%) running_loss=0.3110
2026-09-23 07:15:43,633 INFO train epoch 38/50 batch 52/66 (79%) running_loss=0.3102
2026-09-23 07:15:44,649 INFO train epoch 38/50 batch 65/66 (98%) running_loss=0.3112
2026-09-23 07:15:44,731 INFO train epoch 38/50 batch 66/66 (100%) running_loss=0.3120
2026-09-23 07:15:45,915 INFO epoch 38/50 done: train_loss=0.3120 val_loss=0.2023 val_accuracy=0.9467 val_macro_f1=0.9260 val_macro_auc=0.9909 (checkpoint_metric=macro_auc)
2026-09-23 07:15:47,666 INFO train epoch 39/50 batch 13/66 (20%) running_loss=0.3111
2026-09-23 07:15:48,901 INFO train epoch 39/50 batch 26/66 (39%) running_loss=0.3091
2026-09-23 07:15:50,110 INFO train epoch 39/50 batch 39/66 (59%) running_loss=0.3087
2026-09-23 07:15:51,308 INFO train epoch 39/50 batch 52/66 (79%) running_loss=0.3088
2026-09-23 07:15:52,425 INFO train epoch 39/50 batch 65/66 (98%) running_loss=0.3097
2026-09-23 07:15:52,508 INFO train epoch 39/50 batch 66/66 (100%) running_loss=0.3098
2026-09-23 07:15:53,628 INFO epoch 39/50 done: train_loss=0.3098 val_loss=0.2109 val_accuracy=0.9426 val_macro_f1=0.9208 val_macro_auc=0.9901 (checkpoint_metric=macro_auc)
2026-09-23 07:15:55,357 INFO train epoch 40/50 batch 13/66 (20%) running_loss=0.3069
2026-09-23 07:15:56,605 INFO train epoch 40/50 batch 26/66 (39%) running_loss=0.3116
2026-09-23 07:15:57,892 INFO train epoch 40/50 batch 39/66 (59%) running_loss=0.3119
2026-09-23 07:15:59,040 INFO train epoch 40/50 batch 52/66 (79%) running_loss=0.3124
2026-09-23 07:16:00,079 INFO train epoch 40/50 batch 65/66 (98%) running_loss=0.3126
2026-09-23 07:16:00,162 INFO train epoch 40/50 batch 66/66 (100%) running_loss=0.3126
2026-09-23 07:16:01,258 INFO epoch 40/50 done: train_loss=0.3126 val_loss=0.2208 val_accuracy=0.9365 val_macro_f1=0.9124 val_macro_auc=0.9889 (checkpoint_metric=macro_auc)
2026-09-23 07:16:02,893 INFO train epoch 41/50 batch 13/66 (20%) running_loss=0.3170
2026-09-23 07:16:04,014 INFO train epoch 41/50 batch 26/66 (39%) running_loss=0.3123
2026-09-23 07:16:05,088 INFO train epoch 41/50 batch 39/66 (59%) running_loss=0.3135
2026-09-23 07:16:06,157 INFO train epoch 41/50 batch 52/66 (79%) running_loss=0.3116
2026-09-23 07:16:07,403 INFO train epoch 41/50 batch 65/66 (98%) running_loss=0.3132
2026-09-23 07:16:07,487 INFO train epoch 41/50 batch 66/66 (100%) running_loss=0.3134
2026-09-23 07:16:08,645 INFO epoch 41/50 done: train_loss=0.3134 val_loss=0.2093 val_accuracy=0.9406 val_macro_f1=0.9175 val_macro_auc=0.9898 (checkpoint_metric=macro_auc)
2026-09-23 07:16:10,222 INFO train epoch 42/50 batch 13/66 (20%) running_loss=0.3114
2026-09-23 07:16:11,316 INFO train epoch 42/50 batch 26/66 (39%) running_loss=0.3115
2026-09-23 07:16:12,375 INFO train epoch 42/50 batch 39/66 (59%) running_loss=0.3107
2026-09-23 07:16:13,408 INFO train epoch 42/50 batch 52/66 (79%) running_loss=0.3107
2026-09-23 07:16:14,475 INFO train epoch 42/50 batch 65/66 (98%) running_loss=0.3099
2026-09-23 07:16:14,558 INFO train epoch 42/50 batch 66/66 (100%) running_loss=0.3098
2026-09-23 07:16:15,651 INFO epoch 42/50 done: train_loss=0.3098 val_loss=0.2135 val_accuracy=0.9406 val_macro_f1=0.9181 val_macro_auc=0.9894 (checkpoint_metric=macro_auc)
2026-09-23 07:16:17,374 INFO train epoch 43/50 batch 13/66 (20%) running_loss=0.3065
2026-09-23 07:16:18,583 INFO train epoch 43/50 batch 26/66 (39%) running_loss=0.3084
2026-09-23 07:16:19,856 INFO train epoch 43/50 batch 39/66 (59%) running_loss=0.3086
2026-09-23 07:16:20,938 INFO train epoch 43/50 batch 52/66 (79%) running_loss=0.3089
2026-09-23 07:16:21,967 INFO train epoch 43/50 batch 65/66 (98%) running_loss=0.3080
2026-09-23 07:16:22,051 INFO train epoch 43/50 batch 66/66 (100%) running_loss=0.3083
2026-09-23 07:16:23,172 INFO epoch 43/50 done: train_loss=0.3083 val_loss=0.1979 val_accuracy=0.9488 val_macro_f1=0.9278 val_macro_auc=0.9905 (checkpoint_metric=macro_auc)
2026-09-23 07:16:24,860 INFO train epoch 44/50 batch 13/66 (20%) running_loss=0.3167
2026-09-23 07:16:25,898 INFO train epoch 44/50 batch 26/66 (39%) running_loss=0.3112
2026-09-23 07:16:27,004 INFO train epoch 44/50 batch 39/66 (59%) running_loss=0.3113
2026-09-23 07:16:28,115 INFO train epoch 44/50 batch 52/66 (79%) running_loss=0.3139
2026-09-23 07:16:29,133 INFO train epoch 44/50 batch 65/66 (98%) running_loss=0.3135
2026-09-23 07:16:29,215 INFO train epoch 44/50 batch 66/66 (100%) running_loss=0.3135
2026-09-23 07:16:30,321 INFO epoch 44/50 done: train_loss=0.3135 val_loss=0.2084 val_accuracy=0.9426 val_macro_f1=0.9205 val_macro_auc=0.9902 (checkpoint_metric=macro_auc)
2026-09-23 07:16:31,892 INFO train epoch 45/50 batch 13/66 (20%) running_loss=0.3115
2026-09-23 07:16:32,972 INFO train epoch 45/50 batch 26/66 (39%) running_loss=0.3092
2026-09-23 07:16:34,141 INFO train epoch 45/50 batch 39/66 (59%) running_loss=0.3095
2026-09-23 07:16:35,397 INFO train epoch 45/50 batch 52/66 (79%) running_loss=0.3093
2026-09-23 07:16:36,514 INFO train epoch 45/50 batch 65/66 (98%) running_loss=0.3096
2026-09-23 07:16:36,598 INFO train epoch 45/50 batch 66/66 (100%) running_loss=0.3096
2026-09-23 07:16:37,704 INFO epoch 45/50 done: train_loss=0.3096 val_loss=0.2026 val_accuracy=0.9467 val_macro_f1=0.9254 val_macro_auc=0.9913 (checkpoint_metric=macro_auc)
2026-09-23 07:16:39,363 INFO train epoch 46/50 batch 13/66 (20%) running_loss=0.3102
2026-09-23 07:16:40,532 INFO train epoch 46/50 batch 26/66 (39%) running_loss=0.3086
2026-09-23 07:16:41,641 INFO train epoch 46/50 batch 39/66 (59%) running_loss=0.3097
2026-09-23 07:16:42,777 INFO train epoch 46/50 batch 52/66 (79%) running_loss=0.3097
2026-09-23 07:16:43,900 INFO train epoch 46/50 batch 65/66 (98%) running_loss=0.3089
2026-09-23 07:16:43,987 INFO train epoch 46/50 batch 66/66 (100%) running_loss=0.3088
2026-09-23 07:16:45,186 INFO epoch 46/50 done: train_loss=0.3088 val_loss=0.2019 val_accuracy=0.9488 val_macro_f1=0.9278 val_macro_auc=0.9900 (checkpoint_metric=macro_auc)
2026-09-23 07:16:46,794 INFO train epoch 47/50 batch 13/66 (20%) running_loss=0.3106
2026-09-23 07:16:47,863 INFO train epoch 47/50 batch 26/66 (39%) running_loss=0.3095
2026-09-23 07:16:48,900 INFO train epoch 47/50 batch 39/66 (59%) running_loss=0.3102
2026-09-23 07:16:49,973 INFO train epoch 47/50 batch 52/66 (79%) running_loss=0.3115
2026-09-23 07:16:51,040 INFO train epoch 47/50 batch 65/66 (98%) running_loss=0.3118
2026-09-23 07:16:51,127 INFO train epoch 47/50 batch 66/66 (100%) running_loss=0.3116
2026-09-23 07:16:52,281 INFO epoch 47/50 done: train_loss=0.3116 val_loss=0.2199 val_accuracy=0.9385 val_macro_f1=0.9151 val_macro_auc=0.9890 (checkpoint_metric=macro_auc)
2026-09-23 07:16:53,905 INFO train epoch 48/50 batch 13/66 (20%) running_loss=0.3094
2026-09-23 07:16:55,135 INFO train epoch 48/50 batch 26/66 (39%) running_loss=0.3085
2026-09-23 07:16:56,278 INFO train epoch 48/50 batch 39/66 (59%) running_loss=0.3090
2026-09-23 07:16:57,346 INFO train epoch 48/50 batch 52/66 (79%) running_loss=0.3092
2026-09-23 07:16:58,380 INFO train epoch 48/50 batch 65/66 (98%) running_loss=0.3110
2026-09-23 07:16:58,462 INFO train epoch 48/50 batch 66/66 (100%) running_loss=0.3109
2026-09-23 07:16:59,610 INFO epoch 48/50 done: train_loss=0.3109 val_loss=0.2137 val_accuracy=0.9426 val_macro_f1=0.9208 val_macro_auc=0.9895 (checkpoint_metric=macro_auc)
2026-09-23 07:17:01,207 INFO train epoch 49/50 batch 13/66 (20%) running_loss=0.3084
2026-09-23 07:17:02,311 INFO train epoch 49/50 batch 26/66 (39%) running_loss=0.3118
2026-09-23 07:17:03,358 INFO train epoch 49/50 batch 39/66 (59%) running_loss=0.3112
2026-09-23 07:17:04,400 INFO train epoch 49/50 batch 52/66 (79%) running_loss=0.3131
2026-09-23 07:17:05,444 INFO train epoch 49/50 batch 65/66 (98%) running_loss=0.3125
2026-09-23 07:17:05,527 INFO train epoch 49/50 batch 66/66 (100%) running_loss=0.3125
2026-09-23 07:17:06,736 INFO epoch 49/50 done: train_loss=0.3125 val_loss=0.2054 val_accuracy=0.9467 val_macro_f1=0.9247 val_macro_auc=0.9899 (checkpoint_metric=macro_auc)
2026-09-23 07:17:08,454 INFO train epoch 50/50 batch 13/66 (20%) running_loss=0.3071
2026-09-23 07:17:09,678 INFO train epoch 50/50 batch 26/66 (39%) running_loss=0.3071
2026-09-23 07:17:10,964 INFO train epoch 50/50 batch 39/66 (59%) running_loss=0.3076
2026-09-23 07:17:12,208 INFO train epoch 50/50 batch 52/66 (79%) running_loss=0.3066
2026-09-23 07:17:13,368 INFO train epoch 50/50 batch 65/66 (98%) running_loss=0.3066
2026-09-23 07:17:13,454 INFO train epoch 50/50 batch 66/66 (100%) running_loss=0.3066
2026-09-23 07:17:14,644 INFO epoch 50/50 done: train_loss=0.3066 val_loss=0.2047 val_accuracy=0.9508 val_macro_f1=0.9300 val_macro_auc=0.9895 (checkpoint_metric=macro_auc)
2026-09-23 07:17:14,802 INFO Training finished. Best epoch=33, smoothed macro_auc=0.9910 (window=3)
2026-09-23 07:17:16,456 INFO Test set evaluated once: accuracy=0.8945 macro_f1=0.8819 macro_auc=0.9799
2026-09-23 07:17:17,320 INFO Model size: 6.96M params, 0.532 GFLOPs at 96x96
