2026-09-16 07:24:40,984 INFO Starting baseline training: model=densenet121 device=cuda amp=True image_size=96 epochs=50 lr=0.001 optimizer=sgd
2026-09-16 07:24:41,239 INFO Dataset ready: 3 classes, 2102 train / 488 val samples (split reused from outputs/baseline_densenet121_96_fixed/split_indices.json)
2026-09-16 07:24:41,240 INFO Augmentation policy: legacy fixed ops ('brightness', 'rotation'), from outputs/fixedda_run/augmentation_run/selected_legacy_policy.json
2026-09-16 07:24:41,827 INFO Classes: {'glioma_tumor': 0, 'meningioma_tumor': 1, 'pituitary_tumor': 2}
2026-09-16 07:24:41,828 INFO Regularization: weight_decay=7.0e-04 label_smoothing=0.10 grad_clip_norm=5.0
2026-09-16 07:24:45,002 INFO train epoch 1/50 batch 13/66 (20%) running_loss=1.2086
2026-09-16 07:24:46,038 INFO train epoch 1/50 batch 26/66 (39%) running_loss=1.0930
2026-09-16 07:24:47,061 INFO train epoch 1/50 batch 39/66 (59%) running_loss=0.9941
2026-09-16 07:24:48,089 INFO train epoch 1/50 batch 52/66 (79%) running_loss=0.9193
2026-09-16 07:24:49,113 INFO train epoch 1/50 batch 65/66 (98%) running_loss=0.8637
2026-09-16 07:24:49,926 INFO train epoch 1/50 batch 66/66 (100%) running_loss=0.8609
2026-09-16 07:24:51,601 INFO epoch 1/50 done: train_loss=0.8609 val_loss=0.4271 val_accuracy=0.8607 val_macro_f1=0.7975 val_macro_auc=0.9559 (checkpoint_metric=macro_auc) [new best]
2026-09-16 07:24:53,112 INFO train epoch 2/50 batch 13/66 (20%) running_loss=0.5477
2026-09-16 07:24:54,138 INFO train epoch 2/50 batch 26/66 (39%) running_loss=0.5483
2026-09-16 07:24:55,195 INFO train epoch 2/50 batch 39/66 (59%) running_loss=0.5434
2026-09-16 07:24:56,240 INFO train epoch 2/50 batch 52/66 (79%) running_loss=0.5341
2026-09-16 07:24:57,299 INFO train epoch 2/50 batch 65/66 (98%) running_loss=0.5232
2026-09-16 07:24:57,381 INFO train epoch 2/50 batch 66/66 (100%) running_loss=0.5220
2026-09-16 07:24:58,736 INFO epoch 2/50 done: train_loss=0.5220 val_loss=0.2768 val_accuracy=0.9139 val_macro_f1=0.8850 val_macro_auc=0.9854 (checkpoint_metric=macro_auc) [new best]
2026-09-16 07:25:00,255 INFO train epoch 3/50 batch 13/66 (20%) running_loss=0.4438
2026-09-16 07:25:01,336 INFO train epoch 3/50 batch 26/66 (39%) running_loss=0.4439
2026-09-16 07:25:02,378 INFO train epoch 3/50 batch 39/66 (59%) running_loss=0.4543
2026-09-16 07:25:03,430 INFO train epoch 3/50 batch 52/66 (79%) running_loss=0.4498
2026-09-16 07:25:04,463 INFO train epoch 3/50 batch 65/66 (98%) running_loss=0.4476
2026-09-16 07:25:04,546 INFO train epoch 3/50 batch 66/66 (100%) running_loss=0.4475
2026-09-16 07:25:05,831 INFO epoch 3/50 done: train_loss=0.4475 val_loss=0.2579 val_accuracy=0.9303 val_macro_f1=0.9059 val_macro_auc=0.9900 (checkpoint_metric=macro_auc) [new best]
2026-09-16 07:25:07,445 INFO train epoch 4/50 batch 13/66 (20%) running_loss=0.4376
2026-09-16 07:25:08,586 INFO train epoch 4/50 batch 26/66 (39%) running_loss=0.4358
2026-09-16 07:25:09,811 INFO train epoch 4/50 batch 39/66 (59%) running_loss=0.4317
2026-09-16 07:25:10,925 INFO train epoch 4/50 batch 52/66 (79%) running_loss=0.4207
2026-09-16 07:25:11,956 INFO train epoch 4/50 batch 65/66 (98%) running_loss=0.4206
2026-09-16 07:25:12,041 INFO train epoch 4/50 batch 66/66 (100%) running_loss=0.4205
2026-09-16 07:25:13,269 INFO epoch 4/50 done: train_loss=0.4205 val_loss=0.2128 val_accuracy=0.9488 val_macro_f1=0.9267 val_macro_auc=0.9912 (checkpoint_metric=macro_auc) [new best]
2026-09-16 07:25:14,716 INFO train epoch 5/50 batch 13/66 (20%) running_loss=0.3857
2026-09-16 07:25:15,778 INFO train epoch 5/50 batch 26/66 (39%) running_loss=0.3788
2026-09-16 07:25:16,875 INFO train epoch 5/50 batch 39/66 (59%) running_loss=0.3792
2026-09-16 07:25:17,943 INFO train epoch 5/50 batch 52/66 (79%) running_loss=0.3799
2026-09-16 07:25:18,987 INFO train epoch 5/50 batch 65/66 (98%) running_loss=0.3813
2026-09-16 07:25:19,070 INFO train epoch 5/50 batch 66/66 (100%) running_loss=0.3815
2026-09-16 07:25:20,319 INFO epoch 5/50 done: train_loss=0.3815 val_loss=0.2221 val_accuracy=0.9426 val_macro_f1=0.9218 val_macro_auc=0.9928 (checkpoint_metric=macro_auc) [new best]
2026-09-16 07:25:21,964 INFO train epoch 6/50 batch 13/66 (20%) running_loss=0.3609
2026-09-16 07:25:23,144 INFO train epoch 6/50 batch 26/66 (39%) running_loss=0.3733
2026-09-16 07:25:24,329 INFO train epoch 6/50 batch 39/66 (59%) running_loss=0.3666
2026-09-16 07:25:25,500 INFO train epoch 6/50 batch 52/66 (79%) running_loss=0.3691
2026-09-16 07:25:26,605 INFO train epoch 6/50 batch 65/66 (98%) running_loss=0.3728
2026-09-16 07:25:26,690 INFO train epoch 6/50 batch 66/66 (100%) running_loss=0.3730
2026-09-16 07:25:28,036 INFO epoch 6/50 done: train_loss=0.3730 val_loss=0.2068 val_accuracy=0.9549 val_macro_f1=0.9346 val_macro_auc=0.9903 (checkpoint_metric=macro_auc) [new best]
2026-09-16 07:25:29,677 INFO train epoch 7/50 batch 13/66 (20%) running_loss=0.3559
2026-09-16 07:25:30,857 INFO train epoch 7/50 batch 26/66 (39%) running_loss=0.3479
2026-09-16 07:25:31,990 INFO train epoch 7/50 batch 39/66 (59%) running_loss=0.3515
2026-09-16 07:25:33,107 INFO train epoch 7/50 batch 52/66 (79%) running_loss=0.3531
2026-09-16 07:25:34,245 INFO train epoch 7/50 batch 65/66 (98%) running_loss=0.3512
2026-09-16 07:25:34,328 INFO train epoch 7/50 batch 66/66 (100%) running_loss=0.3514
2026-09-16 07:25:35,399 INFO epoch 7/50 done: train_loss=0.3514 val_loss=0.2183 val_accuracy=0.9488 val_macro_f1=0.9285 val_macro_auc=0.9907 (checkpoint_metric=macro_auc)
2026-09-16 07:25:37,049 INFO train epoch 8/50 batch 13/66 (20%) running_loss=0.3646
2026-09-16 07:25:38,182 INFO train epoch 8/50 batch 26/66 (39%) running_loss=0.3525
2026-09-16 07:25:39,260 INFO train epoch 8/50 batch 39/66 (59%) running_loss=0.3491
2026-09-16 07:25:40,309 INFO train epoch 8/50 batch 52/66 (79%) running_loss=0.3514
2026-09-16 07:25:41,342 INFO train epoch 8/50 batch 65/66 (98%) running_loss=0.3517
2026-09-16 07:25:41,426 INFO train epoch 8/50 batch 66/66 (100%) running_loss=0.3514
2026-09-16 07:25:42,574 INFO epoch 8/50 done: train_loss=0.3514 val_loss=0.2030 val_accuracy=0.9570 val_macro_f1=0.9383 val_macro_auc=0.9890 (checkpoint_metric=macro_auc)
2026-09-16 07:25:44,149 INFO train epoch 9/50 batch 13/66 (20%) running_loss=0.3443
2026-09-16 07:25:45,316 INFO train epoch 9/50 batch 26/66 (39%) running_loss=0.3445
2026-09-16 07:25:46,371 INFO train epoch 9/50 batch 39/66 (59%) running_loss=0.3449
2026-09-16 07:25:47,438 INFO train epoch 9/50 batch 52/66 (79%) running_loss=0.3449
2026-09-16 07:25:48,506 INFO train epoch 9/50 batch 65/66 (98%) running_loss=0.3427
2026-09-16 07:25:48,588 INFO train epoch 9/50 batch 66/66 (100%) running_loss=0.3433
2026-09-16 07:25:49,757 INFO epoch 9/50 done: train_loss=0.3433 val_loss=0.2090 val_accuracy=0.9447 val_macro_f1=0.9216 val_macro_auc=0.9917 (checkpoint_metric=macro_auc)
2026-09-16 07:25:51,451 INFO train epoch 10/50 batch 13/66 (20%) running_loss=0.3265
2026-09-16 07:25:52,521 INFO train epoch 10/50 batch 26/66 (39%) running_loss=0.3399
2026-09-16 07:25:53,605 INFO train epoch 10/50 batch 39/66 (59%) running_loss=0.3375
2026-09-16 07:25:54,660 INFO train epoch 10/50 batch 52/66 (79%) running_loss=0.3376
2026-09-16 07:25:55,690 INFO train epoch 10/50 batch 65/66 (98%) running_loss=0.3366
2026-09-16 07:25:55,776 INFO train epoch 10/50 batch 66/66 (100%) running_loss=0.3364
2026-09-16 07:25:56,886 INFO epoch 10/50 done: train_loss=0.3364 val_loss=0.2115 val_accuracy=0.9488 val_macro_f1=0.9296 val_macro_auc=0.9907 (checkpoint_metric=macro_auc)
2026-09-16 07:25:58,563 INFO train epoch 11/50 batch 13/66 (20%) running_loss=0.3213
2026-09-16 07:25:59,835 INFO train epoch 11/50 batch 26/66 (39%) running_loss=0.3309
2026-09-16 07:26:01,038 INFO train epoch 11/50 batch 39/66 (59%) running_loss=0.3321
2026-09-16 07:26:02,268 INFO train epoch 11/50 batch 52/66 (79%) running_loss=0.3304
2026-09-16 07:26:03,368 INFO train epoch 11/50 batch 65/66 (98%) running_loss=0.3326
2026-09-16 07:26:03,451 INFO train epoch 11/50 batch 66/66 (100%) running_loss=0.3326
2026-09-16 07:26:04,560 INFO epoch 11/50 done: train_loss=0.3326 val_loss=0.2222 val_accuracy=0.9549 val_macro_f1=0.9382 val_macro_auc=0.9918 (checkpoint_metric=macro_auc)
2026-09-16 07:26:05,995 INFO train epoch 12/50 batch 13/66 (20%) running_loss=0.3221
2026-09-16 07:26:07,040 INFO train epoch 12/50 batch 26/66 (39%) running_loss=0.3262
2026-09-16 07:26:08,072 INFO train epoch 12/50 batch 39/66 (59%) running_loss=0.3263
2026-09-16 07:26:09,270 INFO train epoch 12/50 batch 52/66 (79%) running_loss=0.3242
2026-09-16 07:26:10,317 INFO train epoch 12/50 batch 65/66 (98%) running_loss=0.3233
2026-09-16 07:26:10,401 INFO train epoch 12/50 batch 66/66 (100%) running_loss=0.3232
2026-09-16 07:26:11,491 INFO epoch 12/50 done: train_loss=0.3232 val_loss=0.1923 val_accuracy=0.9529 val_macro_f1=0.9314 val_macro_auc=0.9905 (checkpoint_metric=macro_auc)
2026-09-16 07:26:13,151 INFO train epoch 13/50 batch 13/66 (20%) running_loss=0.3239
2026-09-16 07:26:14,274 INFO train epoch 13/50 batch 26/66 (39%) running_loss=0.3262
2026-09-16 07:26:15,337 INFO train epoch 13/50 batch 39/66 (59%) running_loss=0.3292
2026-09-16 07:26:16,383 INFO train epoch 13/50 batch 52/66 (79%) running_loss=0.3319
2026-09-16 07:26:17,412 INFO train epoch 13/50 batch 65/66 (98%) running_loss=0.3305
2026-09-16 07:26:17,495 INFO train epoch 13/50 batch 66/66 (100%) running_loss=0.3305
2026-09-16 07:26:18,648 INFO epoch 13/50 done: train_loss=0.3305 val_loss=0.2115 val_accuracy=0.9549 val_macro_f1=0.9360 val_macro_auc=0.9903 (checkpoint_metric=macro_auc)
2026-09-16 07:26:20,166 INFO train epoch 14/50 batch 13/66 (20%) running_loss=0.3159
2026-09-16 07:26:21,202 INFO train epoch 14/50 batch 26/66 (39%) running_loss=0.3173
2026-09-16 07:26:22,235 INFO train epoch 14/50 batch 39/66 (59%) running_loss=0.3176
2026-09-16 07:26:23,265 INFO train epoch 14/50 batch 52/66 (79%) running_loss=0.3190
2026-09-16 07:26:24,296 INFO train epoch 14/50 batch 65/66 (98%) running_loss=0.3190
2026-09-16 07:26:24,380 INFO train epoch 14/50 batch 66/66 (100%) running_loss=0.3191
2026-09-16 07:26:25,523 INFO epoch 14/50 done: train_loss=0.3191 val_loss=0.1899 val_accuracy=0.9570 val_macro_f1=0.9375 val_macro_auc=0.9916 (checkpoint_metric=macro_auc)
2026-09-16 07:26:27,006 INFO train epoch 15/50 batch 13/66 (20%) running_loss=0.3276
2026-09-16 07:26:28,083 INFO train epoch 15/50 batch 26/66 (39%) running_loss=0.3269
2026-09-16 07:26:29,148 INFO train epoch 15/50 batch 39/66 (59%) running_loss=0.3256
2026-09-16 07:26:30,231 INFO train epoch 15/50 batch 52/66 (79%) running_loss=0.3258
2026-09-16 07:26:31,263 INFO train epoch 15/50 batch 65/66 (98%) running_loss=0.3253
2026-09-16 07:26:31,346 INFO train epoch 15/50 batch 66/66 (100%) running_loss=0.3253
2026-09-16 07:26:32,676 INFO epoch 15/50 done: train_loss=0.3253 val_loss=0.1905 val_accuracy=0.9590 val_macro_f1=0.9417 val_macro_auc=0.9931 (checkpoint_metric=macro_auc) [new best]
2026-09-16 07:26:34,192 INFO train epoch 16/50 batch 13/66 (20%) running_loss=0.3249
2026-09-16 07:26:35,221 INFO train epoch 16/50 batch 26/66 (39%) running_loss=0.3199
2026-09-16 07:26:36,242 INFO train epoch 16/50 batch 39/66 (59%) running_loss=0.3191
2026-09-16 07:26:37,270 INFO train epoch 16/50 batch 52/66 (79%) running_loss=0.3189
2026-09-16 07:26:38,324 INFO train epoch 16/50 batch 65/66 (98%) running_loss=0.3176
2026-09-16 07:26:38,406 INFO train epoch 16/50 batch 66/66 (100%) running_loss=0.3176
2026-09-16 07:26:39,741 INFO epoch 16/50 done: train_loss=0.3176 val_loss=0.1905 val_accuracy=0.9611 val_macro_f1=0.9438 val_macro_auc=0.9915 (checkpoint_metric=macro_auc) [new best]
2026-09-16 07:26:41,354 INFO train epoch 17/50 batch 13/66 (20%) running_loss=0.3160
2026-09-16 07:26:42,440 INFO train epoch 17/50 batch 26/66 (39%) running_loss=0.3168
2026-09-16 07:26:43,493 INFO train epoch 17/50 batch 39/66 (59%) running_loss=0.3188
2026-09-16 07:26:44,541 INFO train epoch 17/50 batch 52/66 (79%) running_loss=0.3174
2026-09-16 07:26:45,599 INFO train epoch 17/50 batch 65/66 (98%) running_loss=0.3168
2026-09-16 07:26:45,684 INFO train epoch 17/50 batch 66/66 (100%) running_loss=0.3167
2026-09-16 07:26:46,759 INFO epoch 17/50 done: train_loss=0.3167 val_loss=0.1999 val_accuracy=0.9529 val_macro_f1=0.9332 val_macro_auc=0.9914 (checkpoint_metric=macro_auc)
2026-09-16 07:26:48,418 INFO train epoch 18/50 batch 13/66 (20%) running_loss=0.3237
2026-09-16 07:26:49,604 INFO train epoch 18/50 batch 26/66 (39%) running_loss=0.3234
2026-09-16 07:26:50,862 INFO train epoch 18/50 batch 39/66 (59%) running_loss=0.3203
2026-09-16 07:26:51,951 INFO train epoch 18/50 batch 52/66 (79%) running_loss=0.3188
2026-09-16 07:26:52,970 INFO train epoch 18/50 batch 65/66 (98%) running_loss=0.3182
2026-09-16 07:26:53,054 INFO train epoch 18/50 batch 66/66 (100%) running_loss=0.3192
2026-09-16 07:26:54,182 INFO epoch 18/50 done: train_loss=0.3192 val_loss=0.1754 val_accuracy=0.9570 val_macro_f1=0.9369 val_macro_auc=0.9930 (checkpoint_metric=macro_auc)
2026-09-16 07:26:55,689 INFO train epoch 19/50 batch 13/66 (20%) running_loss=0.3125
2026-09-16 07:26:56,731 INFO train epoch 19/50 batch 26/66 (39%) running_loss=0.3162
2026-09-16 07:26:57,801 INFO train epoch 19/50 batch 39/66 (59%) running_loss=0.3175
2026-09-16 07:26:58,970 INFO train epoch 19/50 batch 52/66 (79%) running_loss=0.3163
2026-09-16 07:27:00,102 INFO train epoch 19/50 batch 65/66 (98%) running_loss=0.3166
2026-09-16 07:27:00,186 INFO train epoch 19/50 batch 66/66 (100%) running_loss=0.3165
2026-09-16 07:27:01,303 INFO epoch 19/50 done: train_loss=0.3165 val_loss=0.1929 val_accuracy=0.9570 val_macro_f1=0.9377 val_macro_auc=0.9909 (checkpoint_metric=macro_auc)
2026-09-16 07:27:02,865 INFO train epoch 20/50 batch 13/66 (20%) running_loss=0.3086
2026-09-16 07:27:03,949 INFO train epoch 20/50 batch 26/66 (39%) running_loss=0.3158
2026-09-16 07:27:05,000 INFO train epoch 20/50 batch 39/66 (59%) running_loss=0.3142
2026-09-16 07:27:06,125 INFO train epoch 20/50 batch 52/66 (79%) running_loss=0.3143
2026-09-16 07:27:07,211 INFO train epoch 20/50 batch 65/66 (98%) running_loss=0.3141
2026-09-16 07:27:07,294 INFO train epoch 20/50 batch 66/66 (100%) running_loss=0.3140
2026-09-16 07:27:08,565 INFO epoch 20/50 done: train_loss=0.3140 val_loss=0.1833 val_accuracy=0.9611 val_macro_f1=0.9434 val_macro_auc=0.9926 (checkpoint_metric=macro_auc) [new best]
2026-09-16 07:27:10,141 INFO train epoch 21/50 batch 13/66 (20%) running_loss=0.3210
2026-09-16 07:27:11,307 INFO train epoch 21/50 batch 26/66 (39%) running_loss=0.3208
2026-09-16 07:27:12,424 INFO train epoch 21/50 batch 39/66 (59%) running_loss=0.3212
2026-09-16 07:27:13,472 INFO train epoch 21/50 batch 52/66 (79%) running_loss=0.3206
2026-09-16 07:27:14,529 INFO train epoch 21/50 batch 65/66 (98%) running_loss=0.3184
2026-09-16 07:27:14,614 INFO train epoch 21/50 batch 66/66 (100%) running_loss=0.3182
2026-09-16 07:27:15,753 INFO epoch 21/50 done: train_loss=0.3182 val_loss=0.1870 val_accuracy=0.9570 val_macro_f1=0.9377 val_macro_auc=0.9920 (checkpoint_metric=macro_auc)
2026-09-16 07:27:17,380 INFO train epoch 22/50 batch 13/66 (20%) running_loss=0.3092
2026-09-16 07:27:18,433 INFO train epoch 22/50 batch 26/66 (39%) running_loss=0.3093
2026-09-16 07:27:19,480 INFO train epoch 22/50 batch 39/66 (59%) running_loss=0.3142
2026-09-16 07:27:20,584 INFO train epoch 22/50 batch 52/66 (79%) running_loss=0.3135
2026-09-16 07:27:21,626 INFO train epoch 22/50 batch 65/66 (98%) running_loss=0.3137
2026-09-16 07:27:21,710 INFO train epoch 22/50 batch 66/66 (100%) running_loss=0.3137
2026-09-16 07:27:23,057 INFO epoch 22/50 done: train_loss=0.3137 val_loss=0.1845 val_accuracy=0.9631 val_macro_f1=0.9470 val_macro_auc=0.9924 (checkpoint_metric=macro_auc) [new best]
2026-09-16 07:27:24,702 INFO train epoch 23/50 batch 13/66 (20%) running_loss=0.3180
2026-09-16 07:27:25,846 INFO train epoch 23/50 batch 26/66 (39%) running_loss=0.3161
2026-09-16 07:27:26,993 INFO train epoch 23/50 batch 39/66 (59%) running_loss=0.3152
2026-09-16 07:27:28,067 INFO train epoch 23/50 batch 52/66 (79%) running_loss=0.3138
2026-09-16 07:27:29,101 INFO train epoch 23/50 batch 65/66 (98%) running_loss=0.3148
2026-09-16 07:27:29,186 INFO train epoch 23/50 batch 66/66 (100%) running_loss=0.3148
2026-09-16 07:27:30,338 INFO epoch 23/50 done: train_loss=0.3148 val_loss=0.1789 val_accuracy=0.9549 val_macro_f1=0.9340 val_macro_auc=0.9925 (checkpoint_metric=macro_auc)
2026-09-16 07:27:31,936 INFO train epoch 24/50 batch 13/66 (20%) running_loss=0.3126
2026-09-16 07:27:33,036 INFO train epoch 24/50 batch 26/66 (39%) running_loss=0.3121
2026-09-16 07:27:34,086 INFO train epoch 24/50 batch 39/66 (59%) running_loss=0.3102
2026-09-16 07:27:35,130 INFO train epoch 24/50 batch 52/66 (79%) running_loss=0.3104
2026-09-16 07:27:36,198 INFO train epoch 24/50 batch 65/66 (98%) running_loss=0.3095
2026-09-16 07:27:36,282 INFO train epoch 24/50 batch 66/66 (100%) running_loss=0.3100
2026-09-16 07:27:37,403 INFO epoch 24/50 done: train_loss=0.3100 val_loss=0.1890 val_accuracy=0.9570 val_macro_f1=0.9383 val_macro_auc=0.9921 (checkpoint_metric=macro_auc)
2026-09-16 07:27:38,979 INFO train epoch 25/50 batch 13/66 (20%) running_loss=0.3100
2026-09-16 07:27:40,022 INFO train epoch 25/50 batch 26/66 (39%) running_loss=0.3099
2026-09-16 07:27:41,054 INFO train epoch 25/50 batch 39/66 (59%) running_loss=0.3107
2026-09-16 07:27:42,092 INFO train epoch 25/50 batch 52/66 (79%) running_loss=0.3106
2026-09-16 07:27:43,126 INFO train epoch 25/50 batch 65/66 (98%) running_loss=0.3113
2026-09-16 07:27:43,212 INFO train epoch 25/50 batch 66/66 (100%) running_loss=0.3113
2026-09-16 07:27:44,501 INFO epoch 25/50 done: train_loss=0.3113 val_loss=0.1901 val_accuracy=0.9631 val_macro_f1=0.9469 val_macro_auc=0.9926 (checkpoint_metric=macro_auc) [new best]
2026-09-16 07:27:46,350 INFO train epoch 26/50 batch 13/66 (20%) running_loss=0.3156
2026-09-16 07:27:47,570 INFO train epoch 26/50 batch 26/66 (39%) running_loss=0.3147
2026-09-16 07:27:48,787 INFO train epoch 26/50 batch 39/66 (59%) running_loss=0.3143
2026-09-16 07:27:49,942 INFO train epoch 26/50 batch 52/66 (79%) running_loss=0.3129
2026-09-16 07:27:50,962 INFO train epoch 26/50 batch 65/66 (98%) running_loss=0.3123
2026-09-16 07:27:51,046 INFO train epoch 26/50 batch 66/66 (100%) running_loss=0.3125
2026-09-16 07:27:52,168 INFO epoch 26/50 done: train_loss=0.3125 val_loss=0.1858 val_accuracy=0.9611 val_macro_f1=0.9434 val_macro_auc=0.9914 (checkpoint_metric=macro_auc)
2026-09-16 07:27:53,773 INFO train epoch 27/50 batch 13/66 (20%) running_loss=0.3116
2026-09-16 07:27:54,875 INFO train epoch 27/50 batch 26/66 (39%) running_loss=0.3117
2026-09-16 07:27:55,938 INFO train epoch 27/50 batch 39/66 (59%) running_loss=0.3114
2026-09-16 07:27:56,975 INFO train epoch 27/50 batch 52/66 (79%) running_loss=0.3104
2026-09-16 07:27:57,993 INFO train epoch 27/50 batch 65/66 (98%) running_loss=0.3098
2026-09-16 07:27:58,077 INFO train epoch 27/50 batch 66/66 (100%) running_loss=0.3100
2026-09-16 07:27:59,169 INFO epoch 27/50 done: train_loss=0.3100 val_loss=0.2036 val_accuracy=0.9570 val_macro_f1=0.9383 val_macro_auc=0.9898 (checkpoint_metric=macro_auc)
2026-09-16 07:28:00,804 INFO train epoch 28/50 batch 13/66 (20%) running_loss=0.3109
2026-09-16 07:28:01,975 INFO train epoch 28/50 batch 26/66 (39%) running_loss=0.3134
2026-09-16 07:28:03,176 INFO train epoch 28/50 batch 39/66 (59%) running_loss=0.3129
2026-09-16 07:28:04,347 INFO train epoch 28/50 batch 52/66 (79%) running_loss=0.3116
2026-09-16 07:28:05,435 INFO train epoch 28/50 batch 65/66 (98%) running_loss=0.3139
2026-09-16 07:28:05,519 INFO train epoch 28/50 batch 66/66 (100%) running_loss=0.3138
2026-09-16 07:28:06,655 INFO epoch 28/50 done: train_loss=0.3138 val_loss=0.1949 val_accuracy=0.9590 val_macro_f1=0.9408 val_macro_auc=0.9910 (checkpoint_metric=macro_auc)
2026-09-16 07:28:08,335 INFO train epoch 29/50 batch 13/66 (20%) running_loss=0.3144
2026-09-16 07:28:09,532 INFO train epoch 29/50 batch 26/66 (39%) running_loss=0.3105
2026-09-16 07:28:10,601 INFO train epoch 29/50 batch 39/66 (59%) running_loss=0.3148
2026-09-16 07:28:11,649 INFO train epoch 29/50 batch 52/66 (79%) running_loss=0.3162
2026-09-16 07:28:12,674 INFO train epoch 29/50 batch 65/66 (98%) running_loss=0.3148
2026-09-16 07:28:12,759 INFO train epoch 29/50 batch 66/66 (100%) running_loss=0.3147
2026-09-16 07:28:13,838 INFO epoch 29/50 done: train_loss=0.3147 val_loss=0.1785 val_accuracy=0.9631 val_macro_f1=0.9462 val_macro_auc=0.9918 (checkpoint_metric=macro_auc)
2026-09-16 07:28:15,458 INFO train epoch 30/50 batch 13/66 (20%) running_loss=0.3066
2026-09-16 07:28:16,508 INFO train epoch 30/50 batch 26/66 (39%) running_loss=0.3087
2026-09-16 07:28:17,678 INFO train epoch 30/50 batch 39/66 (59%) running_loss=0.3080
2026-09-16 07:28:18,859 INFO train epoch 30/50 batch 52/66 (79%) running_loss=0.3091
2026-09-16 07:28:20,010 INFO train epoch 30/50 batch 65/66 (98%) running_loss=0.3089
2026-09-16 07:28:20,093 INFO train epoch 30/50 batch 66/66 (100%) running_loss=0.3091
2026-09-16 07:28:21,183 INFO epoch 30/50 done: train_loss=0.3091 val_loss=0.1824 val_accuracy=0.9631 val_macro_f1=0.9467 val_macro_auc=0.9917 (checkpoint_metric=macro_auc)
2026-09-16 07:28:22,818 INFO train epoch 31/50 batch 13/66 (20%) running_loss=0.3093
2026-09-16 07:28:24,021 INFO train epoch 31/50 batch 26/66 (39%) running_loss=0.3117
2026-09-16 07:28:25,242 INFO train epoch 31/50 batch 39/66 (59%) running_loss=0.3110
2026-09-16 07:28:26,339 INFO train epoch 31/50 batch 52/66 (79%) running_loss=0.3115
2026-09-16 07:28:27,414 INFO train epoch 31/50 batch 65/66 (98%) running_loss=0.3120
2026-09-16 07:28:27,499 INFO train epoch 31/50 batch 66/66 (100%) running_loss=0.3119
2026-09-16 07:28:28,617 INFO epoch 31/50 done: train_loss=0.3119 val_loss=0.1846 val_accuracy=0.9631 val_macro_f1=0.9467 val_macro_auc=0.9919 (checkpoint_metric=macro_auc)
2026-09-16 07:28:30,198 INFO train epoch 32/50 batch 13/66 (20%) running_loss=0.3119
2026-09-16 07:28:31,254 INFO train epoch 32/50 batch 26/66 (39%) running_loss=0.3128
2026-09-16 07:28:32,306 INFO train epoch 32/50 batch 39/66 (59%) running_loss=0.3112
2026-09-16 07:28:33,359 INFO train epoch 32/50 batch 52/66 (79%) running_loss=0.3107
2026-09-16 07:28:34,408 INFO train epoch 32/50 batch 65/66 (98%) running_loss=0.3101
2026-09-16 07:28:34,493 INFO train epoch 32/50 batch 66/66 (100%) running_loss=0.3100
2026-09-16 07:28:35,646 INFO epoch 32/50 done: train_loss=0.3100 val_loss=0.1872 val_accuracy=0.9549 val_macro_f1=0.9346 val_macro_auc=0.9918 (checkpoint_metric=macro_auc)
2026-09-16 07:28:37,181 INFO train epoch 33/50 batch 13/66 (20%) running_loss=0.3131
2026-09-16 07:28:38,358 INFO train epoch 33/50 batch 26/66 (39%) running_loss=0.3122
2026-09-16 07:28:39,552 INFO train epoch 33/50 batch 39/66 (59%) running_loss=0.3106
2026-09-16 07:28:40,604 INFO train epoch 33/50 batch 52/66 (79%) running_loss=0.3114
2026-09-16 07:28:41,632 INFO train epoch 33/50 batch 65/66 (98%) running_loss=0.3122
2026-09-16 07:28:41,717 INFO train epoch 33/50 batch 66/66 (100%) running_loss=0.3120
2026-09-16 07:28:42,828 INFO epoch 33/50 done: train_loss=0.3120 val_loss=0.1855 val_accuracy=0.9590 val_macro_f1=0.9408 val_macro_auc=0.9920 (checkpoint_metric=macro_auc)
2026-09-16 07:28:44,371 INFO train epoch 34/50 batch 13/66 (20%) running_loss=0.3096
2026-09-16 07:28:45,419 INFO train epoch 34/50 batch 26/66 (39%) running_loss=0.3080
2026-09-16 07:28:46,620 INFO train epoch 34/50 batch 39/66 (59%) running_loss=0.3069
2026-09-16 07:28:47,718 INFO train epoch 34/50 batch 52/66 (79%) running_loss=0.3075
2026-09-16 07:28:48,822 INFO train epoch 34/50 batch 65/66 (98%) running_loss=0.3072
2026-09-16 07:28:48,905 INFO train epoch 34/50 batch 66/66 (100%) running_loss=0.3072
2026-09-16 07:28:50,039 INFO epoch 34/50 done: train_loss=0.3072 val_loss=0.1954 val_accuracy=0.9590 val_macro_f1=0.9408 val_macro_auc=0.9911 (checkpoint_metric=macro_auc)
2026-09-16 07:28:51,578 INFO train epoch 35/50 batch 13/66 (20%) running_loss=0.3089
2026-09-16 07:28:52,641 INFO train epoch 35/50 batch 26/66 (39%) running_loss=0.3086
2026-09-16 07:28:53,689 INFO train epoch 35/50 batch 39/66 (59%) running_loss=0.3102
2026-09-16 07:28:54,786 INFO train epoch 35/50 batch 52/66 (79%) running_loss=0.3093
2026-09-16 07:28:55,899 INFO train epoch 35/50 batch 65/66 (98%) running_loss=0.3104
2026-09-16 07:28:55,983 INFO train epoch 35/50 batch 66/66 (100%) running_loss=0.3104
2026-09-16 07:28:57,102 INFO epoch 35/50 done: train_loss=0.3104 val_loss=0.1910 val_accuracy=0.9590 val_macro_f1=0.9412 val_macro_auc=0.9914 (checkpoint_metric=macro_auc)
2026-09-16 07:28:58,757 INFO train epoch 36/50 batch 13/66 (20%) running_loss=0.3082
2026-09-16 07:28:59,933 INFO train epoch 36/50 batch 26/66 (39%) running_loss=0.3062
2026-09-16 07:29:01,128 INFO train epoch 36/50 batch 39/66 (59%) running_loss=0.3062
2026-09-16 07:29:02,324 INFO train epoch 36/50 batch 52/66 (79%) running_loss=0.3070
2026-09-16 07:29:03,389 INFO train epoch 36/50 batch 65/66 (98%) running_loss=0.3077
2026-09-16 07:29:03,473 INFO train epoch 36/50 batch 66/66 (100%) running_loss=0.3077
2026-09-16 07:29:04,642 INFO epoch 36/50 done: train_loss=0.3077 val_loss=0.1973 val_accuracy=0.9590 val_macro_f1=0.9408 val_macro_auc=0.9910 (checkpoint_metric=macro_auc)
2026-09-16 07:29:06,222 INFO train epoch 37/50 batch 13/66 (20%) running_loss=0.3109
2026-09-16 07:29:07,273 INFO train epoch 37/50 batch 26/66 (39%) running_loss=0.3092
2026-09-16 07:29:08,496 INFO train epoch 37/50 batch 39/66 (59%) running_loss=0.3090
2026-09-16 07:29:09,570 INFO train epoch 37/50 batch 52/66 (79%) running_loss=0.3088
2026-09-16 07:29:10,609 INFO train epoch 37/50 batch 65/66 (98%) running_loss=0.3106
2026-09-16 07:29:10,693 INFO train epoch 37/50 batch 66/66 (100%) running_loss=0.3105
2026-09-16 07:29:11,788 INFO epoch 37/50 done: train_loss=0.3105 val_loss=0.1906 val_accuracy=0.9590 val_macro_f1=0.9408 val_macro_auc=0.9915 (checkpoint_metric=macro_auc)
2026-09-16 07:29:13,384 INFO train epoch 38/50 batch 13/66 (20%) running_loss=0.3069
2026-09-16 07:29:14,574 INFO train epoch 38/50 batch 26/66 (39%) running_loss=0.3051
2026-09-16 07:29:15,638 INFO train epoch 38/50 batch 39/66 (59%) running_loss=0.3070
2026-09-16 07:29:16,691 INFO train epoch 38/50 batch 52/66 (79%) running_loss=0.3072
2026-09-16 07:29:17,725 INFO train epoch 38/50 batch 65/66 (98%) running_loss=0.3073
2026-09-16 07:29:17,809 INFO train epoch 38/50 batch 66/66 (100%) running_loss=0.3073
2026-09-16 07:29:18,943 INFO epoch 38/50 done: train_loss=0.3073 val_loss=0.1776 val_accuracy=0.9611 val_macro_f1=0.9430 val_macro_auc=0.9923 (checkpoint_metric=macro_auc)
2026-09-16 07:29:20,662 INFO train epoch 39/50 batch 13/66 (20%) running_loss=0.3061
2026-09-16 07:29:21,867 INFO train epoch 39/50 batch 26/66 (39%) running_loss=0.3041
2026-09-16 07:29:23,023 INFO train epoch 39/50 batch 39/66 (59%) running_loss=0.3064
2026-09-16 07:29:24,071 INFO train epoch 39/50 batch 52/66 (79%) running_loss=0.3086
2026-09-16 07:29:25,107 INFO train epoch 39/50 batch 65/66 (98%) running_loss=0.3086
2026-09-16 07:29:25,190 INFO train epoch 39/50 batch 66/66 (100%) running_loss=0.3086
2026-09-16 07:29:26,252 INFO epoch 39/50 done: train_loss=0.3086 val_loss=0.1849 val_accuracy=0.9570 val_macro_f1=0.9386 val_macro_auc=0.9915 (checkpoint_metric=macro_auc)
2026-09-16 07:29:27,859 INFO train epoch 40/50 batch 13/66 (20%) running_loss=0.3101
2026-09-16 07:29:28,916 INFO train epoch 40/50 batch 26/66 (39%) running_loss=0.3076
2026-09-16 07:29:29,960 INFO train epoch 40/50 batch 39/66 (59%) running_loss=0.3072
2026-09-16 07:29:30,998 INFO train epoch 40/50 batch 52/66 (79%) running_loss=0.3094
2026-09-16 07:29:32,054 INFO train epoch 40/50 batch 65/66 (98%) running_loss=0.3095
2026-09-16 07:29:32,138 INFO train epoch 40/50 batch 66/66 (100%) running_loss=0.3095
2026-09-16 07:29:33,214 INFO epoch 40/50 done: train_loss=0.3095 val_loss=0.1831 val_accuracy=0.9590 val_macro_f1=0.9406 val_macro_auc=0.9911 (checkpoint_metric=macro_auc)
2026-09-16 07:29:34,734 INFO train epoch 41/50 batch 13/66 (20%) running_loss=0.3107
2026-09-16 07:29:35,802 INFO train epoch 41/50 batch 26/66 (39%) running_loss=0.3070
2026-09-16 07:29:36,847 INFO train epoch 41/50 batch 39/66 (59%) running_loss=0.3052
2026-09-16 07:29:37,892 INFO train epoch 41/50 batch 52/66 (79%) running_loss=0.3054
2026-09-16 07:29:38,913 INFO train epoch 41/50 batch 65/66 (98%) running_loss=0.3062
2026-09-16 07:29:38,997 INFO train epoch 41/50 batch 66/66 (100%) running_loss=0.3061
2026-09-16 07:29:40,080 INFO epoch 41/50 done: train_loss=0.3061 val_loss=0.1863 val_accuracy=0.9590 val_macro_f1=0.9408 val_macro_auc=0.9912 (checkpoint_metric=macro_auc)
2026-09-16 07:29:41,599 INFO train epoch 42/50 batch 13/66 (20%) running_loss=0.3107
2026-09-16 07:29:42,662 INFO train epoch 42/50 batch 26/66 (39%) running_loss=0.3111
2026-09-16 07:29:43,784 INFO train epoch 42/50 batch 39/66 (59%) running_loss=0.3133
2026-09-16 07:29:44,859 INFO train epoch 42/50 batch 52/66 (79%) running_loss=0.3121
2026-09-16 07:29:45,924 INFO train epoch 42/50 batch 65/66 (98%) running_loss=0.3121
2026-09-16 07:29:46,010 INFO train epoch 42/50 batch 66/66 (100%) running_loss=0.3122
2026-09-16 07:29:47,137 INFO epoch 42/50 done: train_loss=0.3122 val_loss=0.1834 val_accuracy=0.9570 val_macro_f1=0.9390 val_macro_auc=0.9916 (checkpoint_metric=macro_auc)
2026-09-16 07:29:48,752 INFO train epoch 43/50 batch 13/66 (20%) running_loss=0.3038
2026-09-16 07:29:49,946 INFO train epoch 43/50 batch 26/66 (39%) running_loss=0.3053
2026-09-16 07:29:51,142 INFO train epoch 43/50 batch 39/66 (59%) running_loss=0.3075
2026-09-16 07:29:52,310 INFO train epoch 43/50 batch 52/66 (79%) running_loss=0.3075
2026-09-16 07:29:53,600 INFO train epoch 43/50 batch 65/66 (98%) running_loss=0.3075
2026-09-16 07:29:53,684 INFO train epoch 43/50 batch 66/66 (100%) running_loss=0.3076
2026-09-16 07:29:54,790 INFO epoch 43/50 done: train_loss=0.3076 val_loss=0.1895 val_accuracy=0.9611 val_macro_f1=0.9434 val_macro_auc=0.9911 (checkpoint_metric=macro_auc)
2026-09-16 07:29:56,289 INFO train epoch 44/50 batch 13/66 (20%) running_loss=0.3074
2026-09-16 07:29:57,322 INFO train epoch 44/50 batch 26/66 (39%) running_loss=0.3094
2026-09-16 07:29:58,383 INFO train epoch 44/50 batch 39/66 (59%) running_loss=0.3076
2026-09-16 07:29:59,422 INFO train epoch 44/50 batch 52/66 (79%) running_loss=0.3084
2026-09-16 07:30:00,442 INFO train epoch 44/50 batch 65/66 (98%) running_loss=0.3082
2026-09-16 07:30:00,526 INFO train epoch 44/50 batch 66/66 (100%) running_loss=0.3081
2026-09-16 07:30:01,644 INFO epoch 44/50 done: train_loss=0.3081 val_loss=0.1846 val_accuracy=0.9570 val_macro_f1=0.9377 val_macro_auc=0.9916 (checkpoint_metric=macro_auc)
2026-09-16 07:30:03,322 INFO train epoch 45/50 batch 13/66 (20%) running_loss=0.3060
2026-09-16 07:30:04,463 INFO train epoch 45/50 batch 26/66 (39%) running_loss=0.3100
2026-09-16 07:30:05,507 INFO train epoch 45/50 batch 39/66 (59%) running_loss=0.3095
2026-09-16 07:30:06,704 INFO train epoch 45/50 batch 52/66 (79%) running_loss=0.3082
2026-09-16 07:30:07,824 INFO train epoch 45/50 batch 65/66 (98%) running_loss=0.3085
2026-09-16 07:30:07,908 INFO train epoch 45/50 batch 66/66 (100%) running_loss=0.3085
2026-09-16 07:30:09,052 INFO epoch 45/50 done: train_loss=0.3085 val_loss=0.1895 val_accuracy=0.9590 val_macro_f1=0.9418 val_macro_auc=0.9912 (checkpoint_metric=macro_auc)
2026-09-16 07:30:10,692 INFO train epoch 46/50 batch 13/66 (20%) running_loss=0.3058
2026-09-16 07:30:11,926 INFO train epoch 46/50 batch 26/66 (39%) running_loss=0.3068
2026-09-16 07:30:13,142 INFO train epoch 46/50 batch 39/66 (59%) running_loss=0.3089
2026-09-16 07:30:14,403 INFO train epoch 46/50 batch 52/66 (79%) running_loss=0.3081
2026-09-16 07:30:15,462 INFO train epoch 46/50 batch 65/66 (98%) running_loss=0.3087
2026-09-16 07:30:15,546 INFO train epoch 46/50 batch 66/66 (100%) running_loss=0.3087
2026-09-16 07:30:16,646 INFO epoch 46/50 done: train_loss=0.3087 val_loss=0.2027 val_accuracy=0.9570 val_macro_f1=0.9388 val_macro_auc=0.9902 (checkpoint_metric=macro_auc)
2026-09-16 07:30:18,183 INFO train epoch 47/50 batch 13/66 (20%) running_loss=0.3083
2026-09-16 07:30:19,229 INFO train epoch 47/50 batch 26/66 (39%) running_loss=0.3075
2026-09-16 07:30:20,289 INFO train epoch 47/50 batch 39/66 (59%) running_loss=0.3082
2026-09-16 07:30:21,351 INFO train epoch 47/50 batch 52/66 (79%) running_loss=0.3079
2026-09-16 07:30:22,371 INFO train epoch 47/50 batch 65/66 (98%) running_loss=0.3070
2026-09-16 07:30:22,455 INFO train epoch 47/50 batch 66/66 (100%) running_loss=0.3070
2026-09-16 07:30:23,606 INFO epoch 47/50 done: train_loss=0.3070 val_loss=0.1902 val_accuracy=0.9611 val_macro_f1=0.9438 val_macro_auc=0.9910 (checkpoint_metric=macro_auc)
2026-09-16 07:30:25,153 INFO train epoch 48/50 batch 13/66 (20%) running_loss=0.3067
2026-09-16 07:30:26,275 INFO train epoch 48/50 batch 26/66 (39%) running_loss=0.3065
2026-09-16 07:30:27,409 INFO train epoch 48/50 batch 39/66 (59%) running_loss=0.3059
2026-09-16 07:30:28,437 INFO train epoch 48/50 batch 52/66 (79%) running_loss=0.3057
2026-09-16 07:30:29,462 INFO train epoch 48/50 batch 65/66 (98%) running_loss=0.3061
2026-09-16 07:30:29,546 INFO train epoch 48/50 batch 66/66 (100%) running_loss=0.3061
2026-09-16 07:30:30,694 INFO epoch 48/50 done: train_loss=0.3061 val_loss=0.1840 val_accuracy=0.9631 val_macro_f1=0.9464 val_macro_auc=0.9914 (checkpoint_metric=macro_auc)
2026-09-16 07:30:32,374 INFO train epoch 49/50 batch 13/66 (20%) running_loss=0.3103
2026-09-16 07:30:33,443 INFO train epoch 49/50 batch 26/66 (39%) running_loss=0.3080
2026-09-16 07:30:34,527 INFO train epoch 49/50 batch 39/66 (59%) running_loss=0.3069
2026-09-16 07:30:35,618 INFO train epoch 49/50 batch 52/66 (79%) running_loss=0.3070
2026-09-16 07:30:36,657 INFO train epoch 49/50 batch 65/66 (98%) running_loss=0.3071
2026-09-16 07:30:36,742 INFO train epoch 49/50 batch 66/66 (100%) running_loss=0.3075
2026-09-16 07:30:37,835 INFO epoch 49/50 done: train_loss=0.3075 val_loss=0.1899 val_accuracy=0.9590 val_macro_f1=0.9408 val_macro_auc=0.9908 (checkpoint_metric=macro_auc)
2026-09-16 07:30:39,401 INFO train epoch 50/50 batch 13/66 (20%) running_loss=0.3036
2026-09-16 07:30:40,603 INFO train epoch 50/50 batch 26/66 (39%) running_loss=0.3040
2026-09-16 07:30:41,723 INFO train epoch 50/50 batch 39/66 (59%) running_loss=0.3043
2026-09-16 07:30:42,782 INFO train epoch 50/50 batch 52/66 (79%) running_loss=0.3068
2026-09-16 07:30:43,832 INFO train epoch 50/50 batch 65/66 (98%) running_loss=0.3066
2026-09-16 07:30:43,917 INFO train epoch 50/50 batch 66/66 (100%) running_loss=0.3067
2026-09-16 07:30:45,062 INFO epoch 50/50 done: train_loss=0.3067 val_loss=0.1866 val_accuracy=0.9611 val_macro_f1=0.9434 val_macro_auc=0.9914 (checkpoint_metric=macro_auc)
2026-09-16 07:30:45,221 INFO Training finished. Best epoch=25, smoothed macro_auc=0.9924 (window=3)
2026-09-16 07:30:46,910 INFO Test set evaluated once: accuracy=0.9198 macro_f1=0.9092 macro_auc=0.9793
2026-09-16 07:30:47,787 INFO Model size: 6.96M params, 0.532 GFLOPs at 96x96
