2026-09-14 11:13:23,944 INFO Starting baseline training: model=deit_small device=cuda amp=True image_size=96 epochs=50 lr=0.001 optimizer=sgd
2026-09-14 11:13:24,201 INFO Dataset ready: 3 classes, 2102 train / 488 val samples (split reused from outputs/baseline_deit_small_96_adaptive/split_indices.json)
2026-09-14 11:13:24,201 INFO Augmentation policy: sample-adaptive, from outputs/main1/augmentation_run/selected_policy.json
2026-09-14 11:13:26,402 INFO Classes: {'glioma_tumor': 0, 'meningioma_tumor': 1, 'pituitary_tumor': 2}
2026-09-14 11:13:26,402 INFO Regularization: weight_decay=7.0e-04 label_smoothing=0.10 grad_clip_norm=5.0
2026-09-14 11:13:28,090 INFO train epoch 1/50 batch 13/66 (20%) running_loss=1.0703
2026-09-14 11:13:28,850 INFO train epoch 1/50 batch 26/66 (39%) running_loss=0.9823
2026-09-14 11:13:29,702 INFO train epoch 1/50 batch 39/66 (59%) running_loss=0.9187
2026-09-14 11:13:30,600 INFO train epoch 1/50 batch 52/66 (79%) running_loss=0.8640
2026-09-14 11:13:31,467 INFO train epoch 1/50 batch 65/66 (98%) running_loss=0.8202
2026-09-14 11:13:31,509 INFO train epoch 1/50 batch 66/66 (100%) running_loss=0.8190
2026-09-14 11:13:32,716 INFO epoch 1/50 done: train_loss=0.8190 val_loss=0.4599 val_accuracy=0.8566 val_macro_f1=0.8034 val_macro_auc=0.9545 (checkpoint_metric=macro_auc) [new best]
2026-09-14 11:13:33,947 INFO train epoch 2/50 batch 13/66 (20%) running_loss=0.6153
2026-09-14 11:13:34,850 INFO train epoch 2/50 batch 26/66 (39%) running_loss=0.5959
2026-09-14 11:13:35,729 INFO train epoch 2/50 batch 39/66 (59%) running_loss=0.5814
2026-09-14 11:13:36,590 INFO train epoch 2/50 batch 52/66 (79%) running_loss=0.5587
2026-09-14 11:13:37,394 INFO train epoch 2/50 batch 65/66 (98%) running_loss=0.5414
2026-09-14 11:13:37,458 INFO train epoch 2/50 batch 66/66 (100%) running_loss=0.5430
2026-09-14 11:13:38,993 INFO epoch 2/50 done: train_loss=0.5430 val_loss=0.3687 val_accuracy=0.8402 val_macro_f1=0.8081 val_macro_auc=0.9761 (checkpoint_metric=macro_auc) [new best]
2026-09-14 11:13:40,147 INFO train epoch 3/50 batch 13/66 (20%) running_loss=0.4738
2026-09-14 11:13:41,128 INFO train epoch 3/50 batch 26/66 (39%) running_loss=0.4968
2026-09-14 11:13:42,017 INFO train epoch 3/50 batch 39/66 (59%) running_loss=0.4840
2026-09-14 11:13:42,809 INFO train epoch 3/50 batch 52/66 (79%) running_loss=0.4748
2026-09-14 11:13:43,621 INFO train epoch 3/50 batch 65/66 (98%) running_loss=0.4646
2026-09-14 11:13:43,655 INFO train epoch 3/50 batch 66/66 (100%) running_loss=0.4638
2026-09-14 11:13:45,266 INFO epoch 3/50 done: train_loss=0.4638 val_loss=0.2901 val_accuracy=0.9016 val_macro_f1=0.8719 val_macro_auc=0.9825 (checkpoint_metric=macro_auc) [new best]
2026-09-14 11:13:46,444 INFO train epoch 4/50 batch 13/66 (20%) running_loss=0.3992
2026-09-14 11:13:47,337 INFO train epoch 4/50 batch 26/66 (39%) running_loss=0.4075
2026-09-14 11:13:48,164 INFO train epoch 4/50 batch 39/66 (59%) running_loss=0.3990
2026-09-14 11:13:49,045 INFO train epoch 4/50 batch 52/66 (79%) running_loss=0.3973
2026-09-14 11:13:49,814 INFO train epoch 4/50 batch 65/66 (98%) running_loss=0.3937
2026-09-14 11:13:49,871 INFO train epoch 4/50 batch 66/66 (100%) running_loss=0.3936
2026-09-14 11:13:51,389 INFO epoch 4/50 done: train_loss=0.3936 val_loss=0.2946 val_accuracy=0.9016 val_macro_f1=0.8713 val_macro_auc=0.9780 (checkpoint_metric=macro_auc) [new best]
2026-09-14 11:13:52,624 INFO train epoch 5/50 batch 13/66 (20%) running_loss=0.4017
2026-09-14 11:13:53,456 INFO train epoch 5/50 batch 26/66 (39%) running_loss=0.3995
2026-09-14 11:13:54,306 INFO train epoch 5/50 batch 39/66 (59%) running_loss=0.3900
2026-09-14 11:13:55,173 INFO train epoch 5/50 batch 52/66 (79%) running_loss=0.3839
2026-09-14 11:13:55,971 INFO train epoch 5/50 batch 65/66 (98%) running_loss=0.3777
2026-09-14 11:13:56,004 INFO train epoch 5/50 batch 66/66 (100%) running_loss=0.3771
2026-09-14 11:13:57,427 INFO epoch 5/50 done: train_loss=0.3771 val_loss=0.2700 val_accuracy=0.9119 val_macro_f1=0.8830 val_macro_auc=0.9782 (checkpoint_metric=macro_auc) [new best]
2026-09-14 11:13:58,653 INFO train epoch 6/50 batch 13/66 (20%) running_loss=0.3450
2026-09-14 11:13:59,497 INFO train epoch 6/50 batch 26/66 (39%) running_loss=0.3417
2026-09-14 11:14:00,370 INFO train epoch 6/50 batch 39/66 (59%) running_loss=0.3538
2026-09-14 11:14:01,210 INFO train epoch 6/50 batch 52/66 (79%) running_loss=0.3535
2026-09-14 11:14:02,091 INFO train epoch 6/50 batch 65/66 (98%) running_loss=0.3510
2026-09-14 11:14:02,125 INFO train epoch 6/50 batch 66/66 (100%) running_loss=0.3519
2026-09-14 11:14:03,142 INFO epoch 6/50 done: train_loss=0.3519 val_loss=0.2773 val_accuracy=0.9078 val_macro_f1=0.8789 val_macro_auc=0.9786 (checkpoint_metric=macro_auc)
2026-09-14 11:14:04,316 INFO train epoch 7/50 batch 13/66 (20%) running_loss=0.3664
2026-09-14 11:14:05,099 INFO train epoch 7/50 batch 26/66 (39%) running_loss=0.3542
2026-09-14 11:14:06,001 INFO train epoch 7/50 batch 39/66 (59%) running_loss=0.3507
2026-09-14 11:14:06,845 INFO train epoch 7/50 batch 52/66 (79%) running_loss=0.3570
2026-09-14 11:14:07,652 INFO train epoch 7/50 batch 65/66 (98%) running_loss=0.3618
2026-09-14 11:14:07,686 INFO train epoch 7/50 batch 66/66 (100%) running_loss=0.3612
2026-09-14 11:14:09,218 INFO epoch 7/50 done: train_loss=0.3612 val_loss=0.2865 val_accuracy=0.9098 val_macro_f1=0.8804 val_macro_auc=0.9851 (checkpoint_metric=macro_auc) [new best]
2026-09-14 11:14:10,364 INFO train epoch 8/50 batch 13/66 (20%) running_loss=0.3478
2026-09-14 11:14:11,221 INFO train epoch 8/50 batch 26/66 (39%) running_loss=0.3360
2026-09-14 11:14:11,995 INFO train epoch 8/50 batch 39/66 (59%) running_loss=0.3413
2026-09-14 11:14:12,897 INFO train epoch 8/50 batch 52/66 (79%) running_loss=0.3431
2026-09-14 11:14:13,763 INFO train epoch 8/50 batch 65/66 (98%) running_loss=0.3425
2026-09-14 11:14:13,797 INFO train epoch 8/50 batch 66/66 (100%) running_loss=0.3423
2026-09-14 11:14:15,329 INFO epoch 8/50 done: train_loss=0.3423 val_loss=0.2696 val_accuracy=0.9139 val_macro_f1=0.8855 val_macro_auc=0.9831 (checkpoint_metric=macro_auc) [new best]
2026-09-14 11:14:16,511 INFO train epoch 9/50 batch 13/66 (20%) running_loss=0.3130
2026-09-14 11:14:17,286 INFO train epoch 9/50 batch 26/66 (39%) running_loss=0.3365
2026-09-14 11:14:18,107 INFO train epoch 9/50 batch 39/66 (59%) running_loss=0.3408
2026-09-14 11:14:19,070 INFO train epoch 9/50 batch 52/66 (79%) running_loss=0.3402
2026-09-14 11:14:19,881 INFO train epoch 9/50 batch 65/66 (98%) running_loss=0.3392
2026-09-14 11:14:19,914 INFO train epoch 9/50 batch 66/66 (100%) running_loss=0.3408
2026-09-14 11:14:20,999 INFO epoch 9/50 done: train_loss=0.3408 val_loss=0.3541 val_accuracy=0.8873 val_macro_f1=0.8449 val_macro_auc=0.9634 (checkpoint_metric=macro_auc)
2026-09-14 11:14:22,178 INFO train epoch 10/50 batch 13/66 (20%) running_loss=0.3815
2026-09-14 11:14:22,952 INFO train epoch 10/50 batch 26/66 (39%) running_loss=0.3755
2026-09-14 11:14:23,910 INFO train epoch 10/50 batch 39/66 (59%) running_loss=0.3599
2026-09-14 11:14:24,789 INFO train epoch 10/50 batch 52/66 (79%) running_loss=0.3533
2026-09-14 11:14:25,546 INFO train epoch 10/50 batch 65/66 (98%) running_loss=0.3471
2026-09-14 11:14:25,580 INFO train epoch 10/50 batch 66/66 (100%) running_loss=0.3466
2026-09-14 11:14:26,638 INFO epoch 10/50 done: train_loss=0.3466 val_loss=0.2649 val_accuracy=0.9201 val_macro_f1=0.8917 val_macro_auc=0.9790 (checkpoint_metric=macro_auc)
2026-09-14 11:14:27,809 INFO train epoch 11/50 batch 13/66 (20%) running_loss=0.3228
2026-09-14 11:14:28,655 INFO train epoch 11/50 batch 26/66 (39%) running_loss=0.3332
2026-09-14 11:14:29,491 INFO train epoch 11/50 batch 39/66 (59%) running_loss=0.3290
2026-09-14 11:14:30,304 INFO train epoch 11/50 batch 52/66 (79%) running_loss=0.3288
2026-09-14 11:14:31,138 INFO train epoch 11/50 batch 65/66 (98%) running_loss=0.3325
2026-09-14 11:14:31,173 INFO train epoch 11/50 batch 66/66 (100%) running_loss=0.3322
2026-09-14 11:14:32,226 INFO epoch 11/50 done: train_loss=0.3322 val_loss=0.2706 val_accuracy=0.9119 val_macro_f1=0.8768 val_macro_auc=0.9783 (checkpoint_metric=macro_auc)
2026-09-14 11:14:33,488 INFO train epoch 12/50 batch 13/66 (20%) running_loss=0.3588
2026-09-14 11:14:34,358 INFO train epoch 12/50 batch 26/66 (39%) running_loss=0.3435
2026-09-14 11:14:35,170 INFO train epoch 12/50 batch 39/66 (59%) running_loss=0.3393
2026-09-14 11:14:36,031 INFO train epoch 12/50 batch 52/66 (79%) running_loss=0.3401
2026-09-14 11:14:36,862 INFO train epoch 12/50 batch 65/66 (98%) running_loss=0.3429
2026-09-14 11:14:36,899 INFO train epoch 12/50 batch 66/66 (100%) running_loss=0.3425
2026-09-14 11:14:37,937 INFO epoch 12/50 done: train_loss=0.3425 val_loss=0.2811 val_accuracy=0.9037 val_macro_f1=0.8595 val_macro_auc=0.9681 (checkpoint_metric=macro_auc)
2026-09-14 11:14:39,117 INFO train epoch 13/50 batch 13/66 (20%) running_loss=0.3402
2026-09-14 11:14:39,916 INFO train epoch 13/50 batch 26/66 (39%) running_loss=0.3292
2026-09-14 11:14:40,803 INFO train epoch 13/50 batch 39/66 (59%) running_loss=0.3271
2026-09-14 11:14:41,679 INFO train epoch 13/50 batch 52/66 (79%) running_loss=0.3318
2026-09-14 11:14:42,487 INFO train epoch 13/50 batch 65/66 (98%) running_loss=0.3298
2026-09-14 11:14:42,522 INFO train epoch 13/50 batch 66/66 (100%) running_loss=0.3300
2026-09-14 11:14:43,578 INFO epoch 13/50 done: train_loss=0.3300 val_loss=0.2709 val_accuracy=0.9037 val_macro_f1=0.8742 val_macro_auc=0.9864 (checkpoint_metric=macro_auc)
2026-09-14 11:14:44,783 INFO train epoch 14/50 batch 13/66 (20%) running_loss=0.3244
2026-09-14 11:14:45,616 INFO train epoch 14/50 batch 26/66 (39%) running_loss=0.3371
2026-09-14 11:14:46,454 INFO train epoch 14/50 batch 39/66 (59%) running_loss=0.3305
2026-09-14 11:14:47,356 INFO train epoch 14/50 batch 52/66 (79%) running_loss=0.3259
2026-09-14 11:14:48,182 INFO train epoch 14/50 batch 65/66 (98%) running_loss=0.3291
2026-09-14 11:14:48,217 INFO train epoch 14/50 batch 66/66 (100%) running_loss=0.3300
2026-09-14 11:14:49,282 INFO epoch 14/50 done: train_loss=0.3300 val_loss=0.2403 val_accuracy=0.9242 val_macro_f1=0.8970 val_macro_auc=0.9810 (checkpoint_metric=macro_auc)
2026-09-14 11:14:50,525 INFO train epoch 15/50 batch 13/66 (20%) running_loss=0.3264
2026-09-14 11:14:51,337 INFO train epoch 15/50 batch 26/66 (39%) running_loss=0.3252
2026-09-14 11:14:52,103 INFO train epoch 15/50 batch 39/66 (59%) running_loss=0.3294
2026-09-14 11:14:52,904 INFO train epoch 15/50 batch 52/66 (79%) running_loss=0.3318
2026-09-14 11:14:53,735 INFO train epoch 15/50 batch 65/66 (98%) running_loss=0.3310
2026-09-14 11:14:53,768 INFO train epoch 15/50 batch 66/66 (100%) running_loss=0.3317
2026-09-14 11:14:54,818 INFO epoch 15/50 done: train_loss=0.3317 val_loss=0.2863 val_accuracy=0.9098 val_macro_f1=0.8831 val_macro_auc=0.9793 (checkpoint_metric=macro_auc)
2026-09-14 11:14:55,981 INFO train epoch 16/50 batch 13/66 (20%) running_loss=0.3428
2026-09-14 11:14:56,778 INFO train epoch 16/50 batch 26/66 (39%) running_loss=0.3349
2026-09-14 11:14:57,636 INFO train epoch 16/50 batch 39/66 (59%) running_loss=0.3371
2026-09-14 11:14:58,471 INFO train epoch 16/50 batch 52/66 (79%) running_loss=0.3342
2026-09-14 11:14:59,269 INFO train epoch 16/50 batch 65/66 (98%) running_loss=0.3285
2026-09-14 11:14:59,303 INFO train epoch 16/50 batch 66/66 (100%) running_loss=0.3283
2026-09-14 11:15:00,374 INFO epoch 16/50 done: train_loss=0.3283 val_loss=0.2665 val_accuracy=0.9180 val_macro_f1=0.8855 val_macro_auc=0.9750 (checkpoint_metric=macro_auc)
2026-09-14 11:15:01,582 INFO train epoch 17/50 batch 13/66 (20%) running_loss=0.3171
2026-09-14 11:15:02,452 INFO train epoch 17/50 batch 26/66 (39%) running_loss=0.3294
2026-09-14 11:15:03,245 INFO train epoch 17/50 batch 39/66 (59%) running_loss=0.3290
2026-09-14 11:15:04,120 INFO train epoch 17/50 batch 52/66 (79%) running_loss=0.3277
2026-09-14 11:15:04,934 INFO train epoch 17/50 batch 65/66 (98%) running_loss=0.3322
2026-09-14 11:15:04,969 INFO train epoch 17/50 batch 66/66 (100%) running_loss=0.3335
2026-09-14 11:15:06,026 INFO epoch 17/50 done: train_loss=0.3335 val_loss=0.2178 val_accuracy=0.9385 val_macro_f1=0.9148 val_macro_auc=0.9861 (checkpoint_metric=macro_auc)
2026-09-14 11:15:07,291 INFO train epoch 18/50 batch 13/66 (20%) running_loss=0.3201
2026-09-14 11:15:08,158 INFO train epoch 18/50 batch 26/66 (39%) running_loss=0.3219
2026-09-14 11:15:08,959 INFO train epoch 18/50 batch 39/66 (59%) running_loss=0.3255
2026-09-14 11:15:09,734 INFO train epoch 18/50 batch 52/66 (79%) running_loss=0.3248
2026-09-14 11:15:10,567 INFO train epoch 18/50 batch 65/66 (98%) running_loss=0.3206
2026-09-14 11:15:10,602 INFO train epoch 18/50 batch 66/66 (100%) running_loss=0.3214
2026-09-14 11:15:12,148 INFO epoch 18/50 done: train_loss=0.3214 val_loss=0.2398 val_accuracy=0.9283 val_macro_f1=0.9008 val_macro_auc=0.9877 (checkpoint_metric=macro_auc) [new best]
2026-09-14 11:15:13,437 INFO train epoch 19/50 batch 13/66 (20%) running_loss=0.3300
2026-09-14 11:15:14,299 INFO train epoch 19/50 batch 26/66 (39%) running_loss=0.3300
2026-09-14 11:15:15,079 INFO train epoch 19/50 batch 39/66 (59%) running_loss=0.3252
2026-09-14 11:15:15,858 INFO train epoch 19/50 batch 52/66 (79%) running_loss=0.3233
2026-09-14 11:15:16,725 INFO train epoch 19/50 batch 65/66 (98%) running_loss=0.3236
2026-09-14 11:15:16,758 INFO train epoch 19/50 batch 66/66 (100%) running_loss=0.3235
2026-09-14 11:15:18,317 INFO epoch 19/50 done: train_loss=0.3235 val_loss=0.2583 val_accuracy=0.9221 val_macro_f1=0.8910 val_macro_auc=0.9811 (checkpoint_metric=macro_auc) [new best]
2026-09-14 11:15:19,572 INFO train epoch 20/50 batch 13/66 (20%) running_loss=0.3358
2026-09-14 11:15:20,447 INFO train epoch 20/50 batch 26/66 (39%) running_loss=0.3313
2026-09-14 11:15:21,256 INFO train epoch 20/50 batch 39/66 (59%) running_loss=0.3301
2026-09-14 11:15:22,106 INFO train epoch 20/50 batch 52/66 (79%) running_loss=0.3293
2026-09-14 11:15:22,894 INFO train epoch 20/50 batch 65/66 (98%) running_loss=0.3300
2026-09-14 11:15:22,927 INFO train epoch 20/50 batch 66/66 (100%) running_loss=0.3306
2026-09-14 11:15:24,022 INFO epoch 20/50 done: train_loss=0.3306 val_loss=0.2729 val_accuracy=0.9283 val_macro_f1=0.9004 val_macro_auc=0.9787 (checkpoint_metric=macro_auc)
2026-09-14 11:15:25,233 INFO train epoch 21/50 batch 13/66 (20%) running_loss=0.3149
2026-09-14 11:15:26,092 INFO train epoch 21/50 batch 26/66 (39%) running_loss=0.3187
2026-09-14 11:15:26,912 INFO train epoch 21/50 batch 39/66 (59%) running_loss=0.3166
2026-09-14 11:15:27,733 INFO train epoch 21/50 batch 52/66 (79%) running_loss=0.3164
2026-09-14 11:15:28,514 INFO train epoch 21/50 batch 65/66 (98%) running_loss=0.3171
2026-09-14 11:15:28,569 INFO train epoch 21/50 batch 66/66 (100%) running_loss=0.3169
2026-09-14 11:15:29,599 INFO epoch 21/50 done: train_loss=0.3169 val_loss=0.2402 val_accuracy=0.9242 val_macro_f1=0.8953 val_macro_auc=0.9854 (checkpoint_metric=macro_auc)
2026-09-14 11:15:30,775 INFO train epoch 22/50 batch 13/66 (20%) running_loss=0.3252
2026-09-14 11:15:31,601 INFO train epoch 22/50 batch 26/66 (39%) running_loss=0.3184
2026-09-14 11:15:32,445 INFO train epoch 22/50 batch 39/66 (59%) running_loss=0.3218
2026-09-14 11:15:33,307 INFO train epoch 22/50 batch 52/66 (79%) running_loss=0.3188
2026-09-14 11:15:34,118 INFO train epoch 22/50 batch 65/66 (98%) running_loss=0.3215
2026-09-14 11:15:34,152 INFO train epoch 22/50 batch 66/66 (100%) running_loss=0.3213
2026-09-14 11:15:35,299 INFO epoch 22/50 done: train_loss=0.3213 val_loss=0.2412 val_accuracy=0.9262 val_macro_f1=0.8945 val_macro_auc=0.9816 (checkpoint_metric=macro_auc)
2026-09-14 11:15:36,882 INFO train epoch 23/50 batch 13/66 (20%) running_loss=0.3032
2026-09-14 11:15:37,783 INFO train epoch 23/50 batch 26/66 (39%) running_loss=0.3061
2026-09-14 11:15:38,856 INFO train epoch 23/50 batch 39/66 (59%) running_loss=0.3069
2026-09-14 11:15:39,817 INFO train epoch 23/50 batch 52/66 (79%) running_loss=0.3137
2026-09-14 11:15:40,660 INFO train epoch 23/50 batch 65/66 (98%) running_loss=0.3171
2026-09-14 11:15:40,693 INFO train epoch 23/50 batch 66/66 (100%) running_loss=0.3168
2026-09-14 11:15:41,707 INFO epoch 23/50 done: train_loss=0.3168 val_loss=0.2666 val_accuracy=0.9160 val_macro_f1=0.8839 val_macro_auc=0.9838 (checkpoint_metric=macro_auc)
2026-09-14 11:15:43,000 INFO train epoch 24/50 batch 13/66 (20%) running_loss=0.3090
2026-09-14 11:15:43,840 INFO train epoch 24/50 batch 26/66 (39%) running_loss=0.3117
2026-09-14 11:15:44,631 INFO train epoch 24/50 batch 39/66 (59%) running_loss=0.3119
2026-09-14 11:15:45,492 INFO train epoch 24/50 batch 52/66 (79%) running_loss=0.3157
2026-09-14 11:15:46,260 INFO train epoch 24/50 batch 65/66 (98%) running_loss=0.3171
2026-09-14 11:15:46,294 INFO train epoch 24/50 batch 66/66 (100%) running_loss=0.3169
2026-09-14 11:15:47,357 INFO epoch 24/50 done: train_loss=0.3169 val_loss=0.2704 val_accuracy=0.9201 val_macro_f1=0.8919 val_macro_auc=0.9812 (checkpoint_metric=macro_auc)
2026-09-14 11:15:48,528 INFO train epoch 25/50 batch 13/66 (20%) running_loss=0.3162
2026-09-14 11:15:49,302 INFO train epoch 25/50 batch 26/66 (39%) running_loss=0.3200
2026-09-14 11:15:50,177 INFO train epoch 25/50 batch 39/66 (59%) running_loss=0.3257
2026-09-14 11:15:51,128 INFO train epoch 25/50 batch 52/66 (79%) running_loss=0.3278
2026-09-14 11:15:51,871 INFO train epoch 25/50 batch 65/66 (98%) running_loss=0.3290
2026-09-14 11:15:51,904 INFO train epoch 25/50 batch 66/66 (100%) running_loss=0.3286
2026-09-14 11:15:53,421 INFO epoch 25/50 done: train_loss=0.3286 val_loss=0.1901 val_accuracy=0.9529 val_macro_f1=0.9362 val_macro_auc=0.9920 (checkpoint_metric=macro_auc) [new best]
2026-09-14 11:15:54,621 INFO train epoch 26/50 batch 13/66 (20%) running_loss=0.3120
2026-09-14 11:15:55,466 INFO train epoch 26/50 batch 26/66 (39%) running_loss=0.3100
2026-09-14 11:15:56,364 INFO train epoch 26/50 batch 39/66 (59%) running_loss=0.3088
2026-09-14 11:15:57,215 INFO train epoch 26/50 batch 52/66 (79%) running_loss=0.3106
2026-09-14 11:15:58,085 INFO train epoch 26/50 batch 65/66 (98%) running_loss=0.3115
2026-09-14 11:15:58,119 INFO train epoch 26/50 batch 66/66 (100%) running_loss=0.3116
2026-09-14 11:15:59,175 INFO epoch 26/50 done: train_loss=0.3116 val_loss=0.2404 val_accuracy=0.9365 val_macro_f1=0.9153 val_macro_auc=0.9829 (checkpoint_metric=macro_auc)
2026-09-14 11:16:00,337 INFO train epoch 27/50 batch 13/66 (20%) running_loss=0.3130
2026-09-14 11:16:01,111 INFO train epoch 27/50 batch 26/66 (39%) running_loss=0.3144
2026-09-14 11:16:02,021 INFO train epoch 27/50 batch 39/66 (59%) running_loss=0.3200
2026-09-14 11:16:02,865 INFO train epoch 27/50 batch 52/66 (79%) running_loss=0.3178
2026-09-14 11:16:03,697 INFO train epoch 27/50 batch 65/66 (98%) running_loss=0.3204
2026-09-14 11:16:03,731 INFO train epoch 27/50 batch 66/66 (100%) running_loss=0.3202
2026-09-14 11:16:05,085 INFO epoch 27/50 done: train_loss=0.3202 val_loss=0.2387 val_accuracy=0.9365 val_macro_f1=0.9124 val_macro_auc=0.9879 (checkpoint_metric=macro_auc) [new best]
2026-09-14 11:16:06,231 INFO train epoch 28/50 batch 13/66 (20%) running_loss=0.3149
2026-09-14 11:16:07,115 INFO train epoch 28/50 batch 26/66 (39%) running_loss=0.3107
2026-09-14 11:16:07,945 INFO train epoch 28/50 batch 39/66 (59%) running_loss=0.3120
2026-09-14 11:16:08,797 INFO train epoch 28/50 batch 52/66 (79%) running_loss=0.3117
2026-09-14 11:16:09,547 INFO train epoch 28/50 batch 65/66 (98%) running_loss=0.3109
2026-09-14 11:16:09,580 INFO train epoch 28/50 batch 66/66 (100%) running_loss=0.3114
2026-09-14 11:16:10,647 INFO epoch 28/50 done: train_loss=0.3114 val_loss=0.2279 val_accuracy=0.9324 val_macro_f1=0.9083 val_macro_auc=0.9889 (checkpoint_metric=macro_auc)
2026-09-14 11:16:11,791 INFO train epoch 29/50 batch 13/66 (20%) running_loss=0.3238
2026-09-14 11:16:12,658 INFO train epoch 29/50 batch 26/66 (39%) running_loss=0.3200
2026-09-14 11:16:13,501 INFO train epoch 29/50 batch 39/66 (59%) running_loss=0.3185
2026-09-14 11:16:14,349 INFO train epoch 29/50 batch 52/66 (79%) running_loss=0.3169
2026-09-14 11:16:15,122 INFO train epoch 29/50 batch 65/66 (98%) running_loss=0.3145
2026-09-14 11:16:15,179 INFO train epoch 29/50 batch 66/66 (100%) running_loss=0.3144
2026-09-14 11:16:16,714 INFO epoch 29/50 done: train_loss=0.3144 val_loss=0.2013 val_accuracy=0.9365 val_macro_f1=0.9141 val_macro_auc=0.9935 (checkpoint_metric=macro_auc) [new best]
2026-09-14 11:16:17,863 INFO train epoch 30/50 batch 13/66 (20%) running_loss=0.3056
2026-09-14 11:16:18,685 INFO train epoch 30/50 batch 26/66 (39%) running_loss=0.3097
2026-09-14 11:16:19,607 INFO train epoch 30/50 batch 39/66 (59%) running_loss=0.3129
2026-09-14 11:16:20,500 INFO train epoch 30/50 batch 52/66 (79%) running_loss=0.3115
2026-09-14 11:16:21,327 INFO train epoch 30/50 batch 65/66 (98%) running_loss=0.3132
2026-09-14 11:16:21,360 INFO train epoch 30/50 batch 66/66 (100%) running_loss=0.3131
2026-09-14 11:16:22,413 INFO epoch 30/50 done: train_loss=0.3131 val_loss=0.2034 val_accuracy=0.9467 val_macro_f1=0.9234 val_macro_auc=0.9876 (checkpoint_metric=macro_auc)
2026-09-14 11:16:23,545 INFO train epoch 31/50 batch 13/66 (20%) running_loss=0.3046
2026-09-14 11:16:24,408 INFO train epoch 31/50 batch 26/66 (39%) running_loss=0.3053
2026-09-14 11:16:25,264 INFO train epoch 31/50 batch 39/66 (59%) running_loss=0.3086
2026-09-14 11:16:26,111 INFO train epoch 31/50 batch 52/66 (79%) running_loss=0.3146
2026-09-14 11:16:26,937 INFO train epoch 31/50 batch 65/66 (98%) running_loss=0.3142
2026-09-14 11:16:26,972 INFO train epoch 31/50 batch 66/66 (100%) running_loss=0.3140
2026-09-14 11:16:28,505 INFO epoch 31/50 done: train_loss=0.3140 val_loss=0.2256 val_accuracy=0.9283 val_macro_f1=0.9040 val_macro_auc=0.9906 (checkpoint_metric=macro_auc) [new best]
2026-09-14 11:16:29,657 INFO train epoch 32/50 batch 13/66 (20%) running_loss=0.3090
2026-09-14 11:16:30,490 INFO train epoch 32/50 batch 26/66 (39%) running_loss=0.3085
2026-09-14 11:16:31,373 INFO train epoch 32/50 batch 39/66 (59%) running_loss=0.3103
2026-09-14 11:16:32,154 INFO train epoch 32/50 batch 52/66 (79%) running_loss=0.3093
2026-09-14 11:16:33,041 INFO train epoch 32/50 batch 65/66 (98%) running_loss=0.3085
2026-09-14 11:16:33,074 INFO train epoch 32/50 batch 66/66 (100%) running_loss=0.3084
2026-09-14 11:16:34,121 INFO epoch 32/50 done: train_loss=0.3084 val_loss=0.2037 val_accuracy=0.9467 val_macro_f1=0.9257 val_macro_auc=0.9927 (checkpoint_metric=macro_auc)
2026-09-14 11:16:35,331 INFO train epoch 33/50 batch 13/66 (20%) running_loss=0.3080
2026-09-14 11:16:36,188 INFO train epoch 33/50 batch 26/66 (39%) running_loss=0.3050
2026-09-14 11:16:36,947 INFO train epoch 33/50 batch 39/66 (59%) running_loss=0.3079
2026-09-14 11:16:37,878 INFO train epoch 33/50 batch 52/66 (79%) running_loss=0.3100
2026-09-14 11:16:38,640 INFO train epoch 33/50 batch 65/66 (98%) running_loss=0.3102
2026-09-14 11:16:38,674 INFO train epoch 33/50 batch 66/66 (100%) running_loss=0.3101
2026-09-14 11:16:40,141 INFO epoch 33/50 done: train_loss=0.3101 val_loss=0.2227 val_accuracy=0.9385 val_macro_f1=0.9182 val_macro_auc=0.9905 (checkpoint_metric=macro_auc) [new best]
2026-09-14 11:16:41,294 INFO train epoch 34/50 batch 13/66 (20%) running_loss=0.3106
2026-09-14 11:16:42,133 INFO train epoch 34/50 batch 26/66 (39%) running_loss=0.3092
2026-09-14 11:16:42,978 INFO train epoch 34/50 batch 39/66 (59%) running_loss=0.3082
2026-09-14 11:16:43,883 INFO train epoch 34/50 batch 52/66 (79%) running_loss=0.3113
2026-09-14 11:16:44,730 INFO train epoch 34/50 batch 65/66 (98%) running_loss=0.3101
2026-09-14 11:16:44,763 INFO train epoch 34/50 batch 66/66 (100%) running_loss=0.3112
2026-09-14 11:16:46,300 INFO epoch 34/50 done: train_loss=0.3112 val_loss=0.2189 val_accuracy=0.9365 val_macro_f1=0.9144 val_macro_auc=0.9919 (checkpoint_metric=macro_auc) [new best]
2026-09-14 11:16:47,451 INFO train epoch 35/50 batch 13/66 (20%) running_loss=0.3054
2026-09-14 11:16:48,332 INFO train epoch 35/50 batch 26/66 (39%) running_loss=0.3067
2026-09-14 11:16:49,188 INFO train epoch 35/50 batch 39/66 (59%) running_loss=0.3094
2026-09-14 11:16:49,989 INFO train epoch 35/50 batch 52/66 (79%) running_loss=0.3103
2026-09-14 11:16:50,830 INFO train epoch 35/50 batch 65/66 (98%) running_loss=0.3082
2026-09-14 11:16:50,864 INFO train epoch 35/50 batch 66/66 (100%) running_loss=0.3091
2026-09-14 11:16:51,939 INFO epoch 35/50 done: train_loss=0.3091 val_loss=0.2095 val_accuracy=0.9488 val_macro_f1=0.9288 val_macro_auc=0.9920 (checkpoint_metric=macro_auc)
2026-09-14 11:16:53,161 INFO train epoch 36/50 batch 13/66 (20%) running_loss=0.3243
2026-09-14 11:16:54,006 INFO train epoch 36/50 batch 26/66 (39%) running_loss=0.3192
2026-09-14 11:16:54,844 INFO train epoch 36/50 batch 39/66 (59%) running_loss=0.3118
2026-09-14 11:16:55,688 INFO train epoch 36/50 batch 52/66 (79%) running_loss=0.3094
2026-09-14 11:16:56,527 INFO train epoch 36/50 batch 65/66 (98%) running_loss=0.3101
2026-09-14 11:16:56,560 INFO train epoch 36/50 batch 66/66 (100%) running_loss=0.3100
2026-09-14 11:16:57,617 INFO epoch 36/50 done: train_loss=0.3100 val_loss=0.2358 val_accuracy=0.9385 val_macro_f1=0.9144 val_macro_auc=0.9849 (checkpoint_metric=macro_auc)
2026-09-14 11:16:58,842 INFO train epoch 37/50 batch 13/66 (20%) running_loss=0.3016
2026-09-14 11:16:59,619 INFO train epoch 37/50 batch 26/66 (39%) running_loss=0.3059
2026-09-14 11:17:00,503 INFO train epoch 37/50 batch 39/66 (59%) running_loss=0.3072
2026-09-14 11:17:01,337 INFO train epoch 37/50 batch 52/66 (79%) running_loss=0.3072
2026-09-14 11:17:02,144 INFO train epoch 37/50 batch 65/66 (98%) running_loss=0.3070
2026-09-14 11:17:02,200 INFO train epoch 37/50 batch 66/66 (100%) running_loss=0.3082
2026-09-14 11:17:03,217 INFO epoch 37/50 done: train_loss=0.3082 val_loss=0.2165 val_accuracy=0.9426 val_macro_f1=0.9205 val_macro_auc=0.9899 (checkpoint_metric=macro_auc)
2026-09-14 11:17:04,370 INFO train epoch 38/50 batch 13/66 (20%) running_loss=0.3017
2026-09-14 11:17:05,242 INFO train epoch 38/50 batch 26/66 (39%) running_loss=0.3008
2026-09-14 11:17:06,110 INFO train epoch 38/50 batch 39/66 (59%) running_loss=0.3059
2026-09-14 11:17:06,957 INFO train epoch 38/50 batch 52/66 (79%) running_loss=0.3064
2026-09-14 11:17:07,790 INFO train epoch 38/50 batch 65/66 (98%) running_loss=0.3061
2026-09-14 11:17:07,851 INFO train epoch 38/50 batch 66/66 (100%) running_loss=0.3060
2026-09-14 11:17:08,905 INFO epoch 38/50 done: train_loss=0.3060 val_loss=0.2090 val_accuracy=0.9447 val_macro_f1=0.9252 val_macro_auc=0.9894 (checkpoint_metric=macro_auc)
2026-09-14 11:17:10,141 INFO train epoch 39/50 batch 13/66 (20%) running_loss=0.3103
2026-09-14 11:17:10,974 INFO train epoch 39/50 batch 26/66 (39%) running_loss=0.3096
2026-09-14 11:17:11,854 INFO train epoch 39/50 batch 39/66 (59%) running_loss=0.3069
2026-09-14 11:17:12,627 INFO train epoch 39/50 batch 52/66 (79%) running_loss=0.3071
2026-09-14 11:17:13,430 INFO train epoch 39/50 batch 65/66 (98%) running_loss=0.3062
2026-09-14 11:17:13,463 INFO train epoch 39/50 batch 66/66 (100%) running_loss=0.3060
2026-09-14 11:17:14,530 INFO epoch 39/50 done: train_loss=0.3060 val_loss=0.2214 val_accuracy=0.9426 val_macro_f1=0.9210 val_macro_auc=0.9892 (checkpoint_metric=macro_auc)
2026-09-14 11:17:15,750 INFO train epoch 40/50 batch 13/66 (20%) running_loss=0.3129
2026-09-14 11:17:16,593 INFO train epoch 40/50 batch 26/66 (39%) running_loss=0.3106
2026-09-14 11:17:17,427 INFO train epoch 40/50 batch 39/66 (59%) running_loss=0.3093
2026-09-14 11:17:18,198 INFO train epoch 40/50 batch 52/66 (79%) running_loss=0.3095
2026-09-14 11:17:18,991 INFO train epoch 40/50 batch 65/66 (98%) running_loss=0.3068
2026-09-14 11:17:19,051 INFO train epoch 40/50 batch 66/66 (100%) running_loss=0.3067
2026-09-14 11:17:20,137 INFO epoch 40/50 done: train_loss=0.3067 val_loss=0.2102 val_accuracy=0.9467 val_macro_f1=0.9265 val_macro_auc=0.9901 (checkpoint_metric=macro_auc)
2026-09-14 11:17:21,381 INFO train epoch 41/50 batch 13/66 (20%) running_loss=0.3097
2026-09-14 11:17:22,147 INFO train epoch 41/50 batch 26/66 (39%) running_loss=0.3081
2026-09-14 11:17:22,970 INFO train epoch 41/50 batch 39/66 (59%) running_loss=0.3059
2026-09-14 11:17:23,843 INFO train epoch 41/50 batch 52/66 (79%) running_loss=0.3070
2026-09-14 11:17:24,676 INFO train epoch 41/50 batch 65/66 (98%) running_loss=0.3064
2026-09-14 11:17:24,709 INFO train epoch 41/50 batch 66/66 (100%) running_loss=0.3063
2026-09-14 11:17:25,767 INFO epoch 41/50 done: train_loss=0.3063 val_loss=0.2383 val_accuracy=0.9303 val_macro_f1=0.9053 val_macro_auc=0.9871 (checkpoint_metric=macro_auc)
2026-09-14 11:17:26,944 INFO train epoch 42/50 batch 13/66 (20%) running_loss=0.3025
2026-09-14 11:17:27,709 INFO train epoch 42/50 batch 26/66 (39%) running_loss=0.3124
2026-09-14 11:17:28,599 INFO train epoch 42/50 batch 39/66 (59%) running_loss=0.3109
2026-09-14 11:17:29,506 INFO train epoch 42/50 batch 52/66 (79%) running_loss=0.3116
2026-09-14 11:17:30,288 INFO train epoch 42/50 batch 65/66 (98%) running_loss=0.3115
2026-09-14 11:17:30,322 INFO train epoch 42/50 batch 66/66 (100%) running_loss=0.3113
2026-09-14 11:17:31,379 INFO epoch 42/50 done: train_loss=0.3113 val_loss=0.2049 val_accuracy=0.9385 val_macro_f1=0.9158 val_macro_auc=0.9913 (checkpoint_metric=macro_auc)
2026-09-14 11:17:32,639 INFO train epoch 43/50 batch 13/66 (20%) running_loss=0.3090
2026-09-14 11:17:33,480 INFO train epoch 43/50 batch 26/66 (39%) running_loss=0.3089
2026-09-14 11:17:34,321 INFO train epoch 43/50 batch 39/66 (59%) running_loss=0.3099
2026-09-14 11:17:35,158 INFO train epoch 43/50 batch 52/66 (79%) running_loss=0.3084
2026-09-14 11:17:36,006 INFO train epoch 43/50 batch 65/66 (98%) running_loss=0.3080
2026-09-14 11:17:36,039 INFO train epoch 43/50 batch 66/66 (100%) running_loss=0.3079
2026-09-14 11:17:37,091 INFO epoch 43/50 done: train_loss=0.3079 val_loss=0.1994 val_accuracy=0.9508 val_macro_f1=0.9329 val_macro_auc=0.9917 (checkpoint_metric=macro_auc)
2026-09-14 11:17:38,387 INFO train epoch 44/50 batch 13/66 (20%) running_loss=0.3186
2026-09-14 11:17:39,251 INFO train epoch 44/50 batch 26/66 (39%) running_loss=0.3141
2026-09-14 11:17:40,097 INFO train epoch 44/50 batch 39/66 (59%) running_loss=0.3122
2026-09-14 11:17:40,968 INFO train epoch 44/50 batch 52/66 (79%) running_loss=0.3097
2026-09-14 11:17:41,863 INFO train epoch 44/50 batch 65/66 (98%) running_loss=0.3072
2026-09-14 11:17:41,897 INFO train epoch 44/50 batch 66/66 (100%) running_loss=0.3071
2026-09-14 11:17:43,428 INFO epoch 44/50 done: train_loss=0.3071 val_loss=0.1962 val_accuracy=0.9508 val_macro_f1=0.9323 val_macro_auc=0.9926 (checkpoint_metric=macro_auc) [new best]
2026-09-14 11:17:44,685 INFO train epoch 45/50 batch 13/66 (20%) running_loss=0.3023
2026-09-14 11:17:45,526 INFO train epoch 45/50 batch 26/66 (39%) running_loss=0.3019
2026-09-14 11:17:46,361 INFO train epoch 45/50 batch 39/66 (59%) running_loss=0.3026
2026-09-14 11:17:47,205 INFO train epoch 45/50 batch 52/66 (79%) running_loss=0.3026
2026-09-14 11:17:47,985 INFO train epoch 45/50 batch 65/66 (98%) running_loss=0.3031
2026-09-14 11:17:48,019 INFO train epoch 45/50 batch 66/66 (100%) running_loss=0.3036
2026-09-14 11:17:49,591 INFO epoch 45/50 done: train_loss=0.3036 val_loss=0.1928 val_accuracy=0.9508 val_macro_f1=0.9329 val_macro_auc=0.9929 (checkpoint_metric=macro_auc) [new best]
2026-09-14 11:17:50,774 INFO train epoch 46/50 batch 13/66 (20%) running_loss=0.3100
2026-09-14 11:17:51,556 INFO train epoch 46/50 batch 26/66 (39%) running_loss=0.3054
2026-09-14 11:17:52,457 INFO train epoch 46/50 batch 39/66 (59%) running_loss=0.3061
2026-09-14 11:17:53,305 INFO train epoch 46/50 batch 52/66 (79%) running_loss=0.3036
2026-09-14 11:17:54,036 INFO train epoch 46/50 batch 65/66 (98%) running_loss=0.3024
2026-09-14 11:17:54,069 INFO train epoch 46/50 batch 66/66 (100%) running_loss=0.3024
2026-09-14 11:17:55,631 INFO epoch 46/50 done: train_loss=0.3024 val_loss=0.1963 val_accuracy=0.9508 val_macro_f1=0.9332 val_macro_auc=0.9925 (checkpoint_metric=macro_auc) [new best]
2026-09-14 11:17:56,916 INFO train epoch 47/50 batch 13/66 (20%) running_loss=0.2998
2026-09-14 11:17:57,718 INFO train epoch 47/50 batch 26/66 (39%) running_loss=0.3061
2026-09-14 11:17:58,596 INFO train epoch 47/50 batch 39/66 (59%) running_loss=0.3085
2026-09-14 11:17:59,442 INFO train epoch 47/50 batch 52/66 (79%) running_loss=0.3061
2026-09-14 11:18:00,239 INFO train epoch 47/50 batch 65/66 (98%) running_loss=0.3061
2026-09-14 11:18:00,271 INFO train epoch 47/50 batch 66/66 (100%) running_loss=0.3061
2026-09-14 11:18:01,312 INFO epoch 47/50 done: train_loss=0.3061 val_loss=0.2055 val_accuracy=0.9488 val_macro_f1=0.9300 val_macro_auc=0.9913 (checkpoint_metric=macro_auc)
2026-09-14 11:18:02,545 INFO train epoch 48/50 batch 13/66 (20%) running_loss=0.2977
2026-09-14 11:18:03,348 INFO train epoch 48/50 batch 26/66 (39%) running_loss=0.3032
2026-09-14 11:18:04,210 INFO train epoch 48/50 batch 39/66 (59%) running_loss=0.3047
2026-09-14 11:18:05,117 INFO train epoch 48/50 batch 52/66 (79%) running_loss=0.3022
2026-09-14 11:18:05,831 INFO train epoch 48/50 batch 65/66 (98%) running_loss=0.3010
2026-09-14 11:18:05,891 INFO train epoch 48/50 batch 66/66 (100%) running_loss=0.3010
2026-09-14 11:18:06,954 INFO epoch 48/50 done: train_loss=0.3010 val_loss=0.2034 val_accuracy=0.9508 val_macro_f1=0.9325 val_macro_auc=0.9916 (checkpoint_metric=macro_auc)
2026-09-14 11:18:08,114 INFO train epoch 49/50 batch 13/66 (20%) running_loss=0.3049
2026-09-14 11:18:08,947 INFO train epoch 49/50 batch 26/66 (39%) running_loss=0.3036
2026-09-14 11:18:09,976 INFO train epoch 49/50 batch 39/66 (59%) running_loss=0.3057
2026-09-14 11:18:10,870 INFO train epoch 49/50 batch 52/66 (79%) running_loss=0.3066
2026-09-14 11:18:11,599 INFO train epoch 49/50 batch 65/66 (98%) running_loss=0.3047
2026-09-14 11:18:11,632 INFO train epoch 49/50 batch 66/66 (100%) running_loss=0.3048
2026-09-14 11:18:12,695 INFO epoch 49/50 done: train_loss=0.3048 val_loss=0.2050 val_accuracy=0.9488 val_macro_f1=0.9300 val_macro_auc=0.9914 (checkpoint_metric=macro_auc)
2026-09-14 11:18:13,888 INFO train epoch 50/50 batch 13/66 (20%) running_loss=0.3031
2026-09-14 11:18:14,735 INFO train epoch 50/50 batch 26/66 (39%) running_loss=0.3049
2026-09-14 11:18:15,556 INFO train epoch 50/50 batch 39/66 (59%) running_loss=0.3030
2026-09-14 11:18:16,382 INFO train epoch 50/50 batch 52/66 (79%) running_loss=0.3037
2026-09-14 11:18:17,260 INFO train epoch 50/50 batch 65/66 (98%) running_loss=0.3028
2026-09-14 11:18:17,294 INFO train epoch 50/50 batch 66/66 (100%) running_loss=0.3027
2026-09-14 11:18:18,311 INFO epoch 50/50 done: train_loss=0.3027 val_loss=0.2048 val_accuracy=0.9488 val_macro_f1=0.9300 val_macro_auc=0.9914 (checkpoint_metric=macro_auc)
2026-09-14 11:18:18,467 INFO Training finished. Best epoch=46, smoothed macro_auc=0.9927 (window=3)
2026-09-14 11:18:20,128 INFO Test set evaluated once: accuracy=0.8861 macro_f1=0.8788 macro_auc=0.9653
2026-09-14 11:18:20,711 INFO Model size: 21.57M params, 0.796 GFLOPs at 96x96
